topology: 1 L3 domain(s)
  domain  0: 8 cpus [120,121,122,123,124,125,126,127]
tomokv-cpp: 8 unified threads, 16 shard(s), thread-mode=1s, overlap=0 (executor prefetch; ordinary IO), io_uring, alloc=jemalloc, reorder=0, read-local=1
  thread t0: role=unified cpu=120 L3=0 shards=2 send=self
  thread t1: role=unified cpu=121 L3=0 shards=2 send=self
  thread t2: role=unified cpu=122 L3=0 shards=2 send=self
  thread t3: role=unified cpu=123 L3=0 shards=2 send=self
  thread t4: role=unified cpu=124 L3=0 shards=2 send=self
  thread t5: role=unified cpu=125 L3=0 shards=2 send=self
  thread t6: role=unified cpu=126 L3=0 shards=2 send=self
  thread t7: role=unified cpu=127 L3=0 shards=2 send=self
listening on 127.0.0.1:18179
persistence: enabled=0 posted=0 flushed=0 durable=0 refused=0 pending_chunks=0 producers_with_pending=0 drain_gave_up=0 failed=0

thread role          ops      iters   busy_ms   idle_ms    cpu_ms   wake_tx  wake_rx
t0     uni             3        183       0.1     116.0       0.8         1        2
io_tenure t0/0 busy_ns=137030 idle_ns=116026441 entry_ns=2986551941579463 begin_ns=2986551941579483 end_ns=2986552057742954 exit_ns=2986552057743074 role_exit=0 stopped=1
t1     uni             2        173       0.1     116.0       0.6         0        0
io_tenure t1/0 busy_ns=122070 idle_ns=116041441 entry_ns=2986551941581323 begin_ns=2986551941581353 end_ns=2986552057744864 exit_ns=2986552057744894 role_exit=0 stopped=1
t2     uni             2        167       0.1     116.0       0.5         0        0
io_tenure t2/0 busy_ns=126750 idle_ns=116043831 entry_ns=2986551941575363 begin_ns=2986551941575393 end_ns=2986552057745974 exit_ns=2986552057746004 role_exit=0 stopped=1
t3     uni             2        182       0.1     116.0       0.6         0        0
io_tenure t3/0 busy_ns=131780 idle_ns=116044621 entry_ns=2986551941567363 begin_ns=2986551941567393 end_ns=2986552057743794 exit_ns=2986552057743944 role_exit=0 stopped=1
t4     uni             2        189       0.1     116.0       0.5         0        0
io_tenure t4/0 busy_ns=121610 idle_ns=116041561 entry_ns=2986551941577363 begin_ns=2986551941577393 end_ns=2986552057740564 exit_ns=2986552057740694 role_exit=0 stopped=1
t5     uni             2        131       0.1     116.1       0.6         0        0
io_tenure t5/0 busy_ns=127670 idle_ns=116051911 entry_ns=2986551941571323 begin_ns=2986551941571453 end_ns=2986552057751034 exit_ns=2986552057751114 role_exit=0 stopped=1
t6     uni             2        151       0.1     116.0       0.6         0        0
io_tenure t6/0 busy_ns=127980 idle_ns=116046281 entry_ns=2986551941566343 begin_ns=2986551941566373 end_ns=2986552057740634 exit_ns=2986552057740764 role_exit=0 stopped=1
t7     uni          4100       6240      17.4      98.7      24.8         1        2
io_tenure t7/0 busy_ns=17436069 idle_ns=98726672 entry_ns=2986551941573383 begin_ns=2986551941573493 end_ns=2986552057736234 exit_ns=2986552057736364 role_exit=0 stopped=1
wb: retired=2060 direct=2048 sends=2060/2060 short=0 err=0 peer_aborts=0 bytes=76868 zc_sends=0 zc_bytes=0 zc_releases=0 serves=2061 empty=1
tls: accepts=0 handshakes=0/0 failed=0 freed=0 want_read=0 want_write=0 cipher_in=0 plain_in=0 cipher_out=0 plain_out=0 zc_suppressed=0 ktls_active=0 ktls_fallback=0
stuck: live_conns=0 rob_not_quiesced=0 unsent_bytes_pending=0 | slots done=0 issued=0 free=0 flag_set=0
shutdown: unified_work=4115 accepts=1 accept_err=0 rearm=0 sqe_starved=0 notify_drop=0
shutdown_report {"schema":1,"thread_mode":"1s","work":{"kind":"fused","unified":4115},"threads":[{"tid":0,"role":"fused","ops":3,"iterations":183,"busy_ns":137030,"idle_ns":116026441,"cpu_ns":789880,"wake_tx":1,"wake_rx":2,"io_tenures":[{"entry_ns":2986551941579463,"begin_ns":2986551941579483,"end_ns":2986552057742954,"exit_ns":2986552057743074,"busy_ns":137030,"idle_ns":116026441,"role_exit":false,"stopped":true,"did_submit":0,"sweep_submit":0,"park":0}]},{"tid":1,"role":"fused","ops":2,"iterations":173,"busy_ns":122070,"idle_ns":116041441,"cpu_ns":559430,"wake_tx":0,"wake_rx":0,"io_tenures":[{"entry_ns":2986551941581323,"begin_ns":2986551941581353,"end_ns":2986552057744864,"exit_ns":2986552057744894,"busy_ns":122070,"idle_ns":116041441,"role_exit":false,"stopped":true,"did_submit":0,"sweep_submit":0,"park":0}]},{"tid":2,"role":"fused","ops":2,"iterations":167,"busy_ns":126750,"idle_ns":116043831,"cpu_ns":521050,"wake_tx":0,"wake_rx":0,"io_tenures":[{"entry_ns":2986551941575363,"begin_ns":2986551941575393,"end_ns":2986552057745974,"exit_ns":2986552057746004,"busy_ns":126750,"idle_ns":116043831,"role_exit":false,"stopped":true,"did_submit":0,"sweep_submit":0,"park":0}]},{"tid":3,"role":"fused","ops":2,"iterations":182,"busy_ns":131780,"idle_ns":116044621,"cpu_ns":583500,"wake_tx":0,"wake_rx":0,"io_tenures":[{"entry_ns":2986551941567363,"begin_ns":2986551941567393,"end_ns":2986552057743794,"exit_ns":2986552057743944,"busy_ns":131780,"idle_ns":116044621,"role_exit":false,"stopped":true,"did_submit":0,"sweep_submit":0,"park":0}]},{"tid":4,"role":"fused","ops":2,"iterations":189,"busy_ns":121610,"idle_ns":116041561,"cpu_ns":519630,"wake_tx":0,"wake_rx":0,"io_tenures":[{"entry_ns":2986551941577363,"begin_ns":2986551941577393,"end_ns":2986552057740564,"exit_ns":2986552057740694,"busy_ns":121610,"idle_ns":116041561,"role_exit":false,"stopped":true,"did_submit":0,"sweep_submit":0,"park":0}]},{"tid":5,"role":"fused","ops":2,"iterations":131,"busy_ns":127670,"idle_ns":116051911,"cpu_ns":555710,"wake_tx":0,"wake_rx":0,"io_tenures":[{"entry_ns":2986551941571323,"begin_ns":2986551941571453,"end_ns":2986552057751034,"exit_ns":2986552057751114,"busy_ns":127670,"idle_ns":116051911,"role_exit":false,"stopped":true,"did_submit":0,"sweep_submit":0,"park":0}]},{"tid":6,"role":"fused","ops":2,"iterations":151,"busy_ns":127980,"idle_ns":116046281,"cpu_ns":575830,"wake_tx":0,"wake_rx":0,"io_tenures":[{"entry_ns":2986551941566343,"begin_ns":2986551941566373,"end_ns":2986552057740634,"exit_ns":2986552057740764,"busy_ns":127980,"idle_ns":116046281,"role_exit":false,"stopped":true,"did_submit":0,"sweep_submit":0,"park":0}]},{"tid":7,"role":"fused","ops":4100,"iterations":6240,"busy_ns":17436069,"idle_ns":98726672,"cpu_ns":24754920,"wake_tx":1,"wake_rx":2,"io_tenures":[{"entry_ns":2986551941573383,"begin_ns":2986551941573493,"end_ns":2986552057736234,"exit_ns":2986552057736364,"busy_ns":17436069,"idle_ns":98726672,"role_exit":false,"stopped":true,"did_submit":0,"sweep_submit":0,"park":0}]}],"wb":{"retired":2060,"direct":2048,"sends_completed":2060,"sends_submitted":2060,"short_writes":0,"send_errors":0,"peer_aborts":0,"bytes_sent":76868,"zc_sends":0,"zc_bytes":0,"zc_releases":0,"serves":2061,"serves_empty":1},"tls":{"accepts":0,"handshakes_completed":0,"handshakes_started":0,"handshakes_failed":0,"connections_freed":0,"want_read":0,"want_write":0,"ciphertext_input_bytes":0,"plaintext_input_bytes":0,"ciphertext_output_bytes":0,"plaintext_output_bytes":0,"zc_suppressed":0,"ktls_active":0,"ktls_fallback":0},"stuck":{"live_conns":0,"rob_not_quiesced":0,"unsent_bytes_pending":0,"slots_done":0,"slots_issued":0,"slots_free":0,"flag_set":0},"epoll":{"enabled":false,"events":0,"recvs":0},"persistence":{"enabled":false,"recording":false,"failed":false,"drain_gave_up":false,"posted":0,"flushed":0,"durable":0,"refused":0,"pending_chunks":0,"records_written":0,"producers_with_pending":0,"producers_stopped":0,"producers_expected":0,"completions_pending":0},"accept":{"accepts":1,"accept_err":0,"rearm":0,"sqe_starved":0,"notify_drop":0}}
