GATE(iteration): 16 physical cores; 1 correctness slots = min(8/8 server, 8/2 load), 8 server threads at ratio 6:2 and 3 ports per slot; correctness load is modest protocol traffic (at least 2 physical cores per slot), server SMT reserved; isolated ABBA smoke: 8 server + 8 load physical cores, 0 load SMT threads (explicit selection), 0 explicit server SMT threads
  artifacts: /home/user/Projects/cx-ccfix/build/gate-run.2vmPJr
PARTIAL jobs (including prerequisites): release differ-armed-0 differ-armed-1
PARTIAL jobs (including prerequisites): release differ-armed-0 differ-armed-1
  row budget: 900s; median=0s; correctness-plan-fallback; release build (+footprint locks)
  release build (+footprint locks)                     ok
  row budget: 900s; median=462.01s; correctness-plan-fallback; Redis 7.4 differential part (armed fused, atomic 0)
DIFFER suites (44): string list set zset hash hexpire edgetime xshard xmove bitmap hll bitfield cgaps stream script streamgrp zsetops geo doubles scan multi edgeenc edgeproto cmdgap cmdgap2 sort servertail arity storeorder infofix multidb blocking pubsub fanout spubsub notify wiredump climon compatintro aclsel cmdmeta s6fix ccfix psfix
DIFFER geometry: armed-fused (--thread-mode fused --read-local 1)
DIFFER matrix: atomic={0} seeds={7 19 20 23 28 29} legs=264 logs=/home/user/Projects/cx-ccfix/build/gate-run.2vmPJr/jobs/differ-armed-0/differ
  vanilla Redis oracle boot                                  ok (pid=2667965 port=18140)
  oracle identity                                            ok (vanilla redis_version=7.4.10)
  target atomic=0 boot                                       ok (pid=2667990 port=18139)
  differ string (atomic=0 seed=7)                            ok (DIFFER string: 4033 ops, 0 diffs, 166 deadline-bounded TTL checks -> PASS)
  differ list (atomic=0 seed=7)                              ok (DIFFER list: 3521 ops, 0 diffs, 0 deadline-bounded TTL checks -> PASS)
  differ set (atomic=0 seed=7)                               ok (DIFFER set: 3524 ops, 0 diffs, 0 deadline-bounded TTL checks -> PASS)
  differ zset (atomic=0 seed=7)                              ok (DIFFER zset: 3531 ops, 0 diffs, 0 deadline-bounded TTL checks -> PASS)
  differ hash (atomic=0 seed=7)                              ok (DIFFER hash: 3545 ops, 0 diffs, 0 deadline-bounded TTL checks -> PASS)
  differ hexpire (atomic=0 seed=7)                           ok (DIFFER hexpire: 4288 ops, 0 diffs, 299 deadline-bounded TTL checks -> PASS)
  differ edgetime (atomic=0 seed=7)                          ok (DIFFER edgetime: 4427 ops, 0 diffs, 77 deadline-bounded TTL checks -> PASS)
  differ xshard (atomic=0 seed=7)                            ok (DIFFER xshard: 4276 ops, 0 diffs, 0 deadline-bounded TTL checks -> PASS)
  differ xmove (atomic=0 seed=7)                             ok (DIFFER xmove: 4263 ops, 0 diffs, 0 deadline-bounded TTL checks -> PASS)
  differ bitmap (atomic=0 seed=7)                            ok (DIFFER bitmap: 4262 ops, 0 diffs, 0 deadline-bounded TTL checks -> PASS)
  differ hll (atomic=0 seed=7)                               ok (DIFFER hll: 3057 ops, 0 diffs, 0 deadline-bounded TTL checks -> PASS)
  differ bitfield (atomic=0 seed=7)                          ok (DIFFER bitfield: 3226 ops, 0 diffs, 1 deadline-bounded TTL checks -> PASS)
  differ cgaps (atomic=0 seed=7)                             ok (DIFFER cgaps: 3310 ops, 0 diffs, 0 deadline-bounded TTL checks -> PASS)
  differ stream (atomic=0 seed=7)                            ok (DIFFER stream: 4031 ops, 0 diffs, 0 deadline-bounded TTL checks -> PASS)
  differ script (atomic=0 seed=7)                            ok (DIFFER script: 5061 ops, 0 diffs, 0 deadline-bounded TTL checks -> PASS)
  differ streamgrp (atomic=0 seed=7)                         ok (DIFFER streamgrp: 4052 ops, 0 diffs, 0 deadline-bounded TTL checks -> PASS)
  differ zsetops (atomic=0 seed=7)                           ok (DIFFER zsetops: 4200 ops, 0 diffs, 0 deadline-bounded TTL checks -> PASS)
  differ geo (atomic=0 seed=7)                               ok (DIFFER geo: 4951 ops, 0 diffs, 0 deadline-bounded TTL checks -> PASS)
  differ doubles (atomic=0 seed=7)                           ok (DIFFER doubles: 5000 ops, 0 diffs, 0 deadline-bounded TTL checks -> PASS)
  differ scan (atomic=0 seed=7)                              ok (DIFFER scan: 4081 ops, 0 diffs, 0 deadline-bounded TTL checks -> PASS)
  differ multi (atomic=0 seed=7)                             ok (DIFFER multi: 4275 ops, 0 diffs, 0 deadline-bounded TTL checks -> PASS)
  differ edgeenc (atomic=0 seed=7)                           ok (DIFFER edgeenc: 6757 ops, 0 diffs, 0 deadline-bounded TTL checks -> PASS)
  differ edgeproto (atomic=0 seed=7)                         ok (DIFFER edgeproto: 5200 ops, 0 diffs, 0 deadline-bounded TTL checks -> PASS)
  differ cmdgap (atomic=0 seed=7)                            ok (DIFFER cmdgap: 4213 ops, 0 diffs, 0 deadline-bounded TTL checks -> PASS)
  differ cmdgap2 (atomic=0 seed=7)                           ok (DIFFER cmdgap2: 4241 ops, 0 diffs, 0 deadline-bounded TTL checks -> PASS)
  differ sort (atomic=0 seed=7)                              SKIP (suite requires the split 6:2 geometry)
  differ servertail (atomic=0 seed=7)                        ok (DIFFER servertail: 5339 ops, 0 diffs, 0 deadline-bounded TTL checks -> PASS)
  differ arity (atomic=0 seed=7)                             ok (DIFFER arity: 4200 ops, 0 diffs, 0 deadline-bounded TTL checks -> PASS)
  differ storeorder (atomic=0 seed=7)                        ok (DIFFER storeorder: 4600 ops, 0 diffs, 0 deadline-bounded TTL checks -> PASS)
  differ infofix (atomic=0 seed=7)                           ok (DIFFER infofix: 4200 ops, 0 diffs, 0 deadline-bounded TTL checks -> PASS)
  differ multidb (atomic=0 seed=7)                           ok (DIFFER multidb: 5419 ops, 0 diffs, 0 deadline-bounded TTL checks -> PASS)
  differ blocking (atomic=0 seed=7)                          ok (DIFFER blocking: 5327 logical ops, 5388 checks, 0 diffs -> PASS)
  differ pubsub (atomic=0 seed=7)                            ok (DIFFER pubsub: 4198 logical ops, 25486 checks, 0 diffs -> PASS)
  differ fanout (atomic=0 seed=7)                            ok (DIFFER fanout: 14237 checks, 0 diffs -> PASS)
  differ spubsub (atomic=0 seed=7)                           ok (DIFFER spubsub: 801 checks, 0 diffs -> PASS)
  differ notify (atomic=0 seed=7)                            ok (DIFFER notify: 345 ops, 470 events, 0 diffs -> PASS)
  differ wiredump (atomic=0 seed=7)                          ok (DIFFER wiredump: 4200 ops, 0 diffs, 789 deadline-bounded TTL checks -> PASS)
  differ climon (atomic=0 seed=7)                            ok (DIFFER climon: 4318 ops, 0 diffs -> PASS)
  differ compatintro (atomic=0 seed=7)                       ok (DIFFER compatintro: 5630 checks, 0 diffs -> PASS (getkeys=1550, config_multi=631, client_rows=262, acl_mutations=401, notify_events=15, silence_controls=5))
  differ aclsel (atomic=0 seed=7)                            ok (DIFFER aclsel: 12619 checks, 0 diffs -> PASS (rejections=4200, unchanged=4200, grants=1400, command_denials=700, key_denials=1400, channel_denials=700))
  differ cmdmeta (atomic=0 seed=7)                           ok (DIFFER cmdmeta: 4475 ops, 0 diffs -> PASS (info=2125, intent=2075, pipes=96, categories=21, docs_boundary=1, zero_controls=2, absent_info_docs=78, patterns=8, module_filters=3))
  differ s6fix (atomic=0 seed=7)                             ok (DIFFER s6fix: 48456 logical ops, 0 diffs -> PASS)
  differ ccfix (atomic=0 seed=7)                             ok (DIFFER ccfix: 210 exact comparisons -> PASS)
  differ psfix (atomic=0 seed=7)                             ok (DIFFER psfix: 27 exact/property checks, 0 diffs -> PASS)
  differ string (atomic=0 seed=19)                           ok (DIFFER string: 4033 ops, 0 diffs, 199 deadline-bounded TTL checks -> PASS)
  differ list (atomic=0 seed=19)                             ok (DIFFER list: 3521 ops, 0 diffs, 0 deadline-bounded TTL checks -> PASS)
  differ set (atomic=0 seed=19)                              ok (DIFFER set: 3524 ops, 0 diffs, 0 deadline-bounded TTL checks -> PASS)
  differ zset (atomic=0 seed=19)                             ok (DIFFER zset: 3531 ops, 0 diffs, 0 deadline-bounded TTL checks -> PASS)
  differ hash (atomic=0 seed=19)                             ok (DIFFER hash: 3545 ops, 0 diffs, 0 deadline-bounded TTL checks -> PASS)
  differ hexpire (atomic=0 seed=19)                          ok (DIFFER hexpire: 4288 ops, 0 diffs, 291 deadline-bounded TTL checks -> PASS)
  differ edgetime (atomic=0 seed=19)                         ok (DIFFER edgetime: 4427 ops, 0 diffs, 73 deadline-bounded TTL checks -> PASS)
  differ xshard (atomic=0 seed=19)                           ok (DIFFER xshard: 4276 ops, 0 diffs, 0 deadline-bounded TTL checks -> PASS)
  differ xmove (atomic=0 seed=19)                            ok (DIFFER xmove: 4263 ops, 0 diffs, 0 deadline-bounded TTL checks -> PASS)
  differ bitmap (atomic=0 seed=19)                           ok (DIFFER bitmap: 4262 ops, 0 diffs, 0 deadline-bounded TTL checks -> PASS)
  differ hll (atomic=0 seed=19)                              ok (DIFFER hll: 3045 ops, 0 diffs, 0 deadline-bounded TTL checks -> PASS)
  differ bitfield (atomic=0 seed=19)                         ok (DIFFER bitfield: 3226 ops, 0 diffs, 1 deadline-bounded TTL checks -> PASS)
  differ cgaps (atomic=0 seed=19)                            ok (DIFFER cgaps: 3310 ops, 0 diffs, 0 deadline-bounded TTL checks -> PASS)
  differ stream (atomic=0 seed=19)                           ok (DIFFER stream: 4031 ops, 0 diffs, 0 deadline-bounded TTL checks -> PASS)
  differ script (atomic=0 seed=19)                           ok (DIFFER script: 5053 ops, 0 diffs, 0 deadline-bounded TTL checks -> PASS)
  differ streamgrp (atomic=0 seed=19)                        ok (DIFFER streamgrp: 4052 ops, 0 diffs, 0 deadline-bounded TTL checks -> PASS)
  differ zsetops (atomic=0 seed=19)                          ok (DIFFER zsetops: 4200 ops, 0 diffs, 0 deadline-bounded TTL checks -> PASS)
  differ geo (atomic=0 seed=19)                              ok (DIFFER geo: 4951 ops, 0 diffs, 0 deadline-bounded TTL checks -> PASS)
  differ doubles (atomic=0 seed=19)                          ok (DIFFER doubles: 5000 ops, 0 diffs, 0 deadline-bounded TTL checks -> PASS)
  differ scan (atomic=0 seed=19)                             ok (DIFFER scan: 4081 ops, 0 diffs, 0 deadline-bounded TTL checks -> PASS)
  differ multi (atomic=0 seed=19)                            ok (DIFFER multi: 4272 ops, 0 diffs, 0 deadline-bounded TTL checks -> PASS)
  differ edgeenc (atomic=0 seed=19)                          ok (DIFFER edgeenc: 6757 ops, 0 diffs, 0 deadline-bounded TTL checks -> PASS)
  differ edgeproto (atomic=0 seed=19)                        ok (DIFFER edgeproto: 5200 ops, 0 diffs, 0 deadline-bounded TTL checks -> PASS)
  differ cmdgap (atomic=0 seed=19)                           ok (DIFFER cmdgap: 4213 ops, 0 diffs, 0 deadline-bounded TTL checks -> PASS)
  differ cmdgap2 (atomic=0 seed=19)                          ok (DIFFER cmdgap2: 4241 ops, 0 diffs, 0 deadline-bounded TTL checks -> PASS)
  differ sort (atomic=0 seed=19)                             SKIP (suite requires the split 6:2 geometry)
  differ servertail (atomic=0 seed=19)                       ok (DIFFER servertail: 5339 ops, 0 diffs, 0 deadline-bounded TTL checks -> PASS)
  differ arity (atomic=0 seed=19)                            ok (DIFFER arity: 4200 ops, 0 diffs, 0 deadline-bounded TTL checks -> PASS)
  differ storeorder (atomic=0 seed=19)                       ok (DIFFER storeorder: 4600 ops, 0 diffs, 0 deadline-bounded TTL checks -> PASS)
  differ infofix (atomic=0 seed=19)                          ok (DIFFER infofix: 4200 ops, 0 diffs, 0 deadline-bounded TTL checks -> PASS)
  differ multidb (atomic=0 seed=19)                          ok (DIFFER multidb: 5557 ops, 0 diffs, 0 deadline-bounded TTL checks -> PASS)
  differ blocking (atomic=0 seed=19)                         ok (DIFFER blocking: 5297 logical ops, 5358 checks, 0 diffs -> PASS)
  differ pubsub (atomic=0 seed=19)                           ok (DIFFER pubsub: 4198 logical ops, 25265 checks, 0 diffs -> PASS)
  differ fanout (atomic=0 seed=19)                           ok (DIFFER fanout: 7081 checks, 0 diffs -> PASS)
  differ spubsub (atomic=0 seed=19)                          ok (DIFFER spubsub: 809 checks, 0 diffs -> PASS)
  differ notify (atomic=0 seed=19)                           ok (DIFFER notify: 331 ops, 454 events, 0 diffs -> PASS)
  differ wiredump (atomic=0 seed=19)                         ok (DIFFER wiredump: 4200 ops, 0 diffs, 801 deadline-bounded TTL checks -> PASS)
  differ climon (atomic=0 seed=19)                           ok (DIFFER climon: 4318 ops, 0 diffs -> PASS)
  differ compatintro (atomic=0 seed=19)                      ok (DIFFER compatintro: 5633 checks, 0 diffs -> PASS (getkeys=1550, config_multi=637, client_rows=240, acl_mutations=396, notify_events=15, silence_controls=5))
  differ aclsel (atomic=0 seed=19)                           ok (DIFFER aclsel: 12619 checks, 0 diffs -> PASS (rejections=4200, unchanged=4200, grants=1400, command_denials=700, key_denials=1400, channel_denials=700))
  differ cmdmeta (atomic=0 seed=19)                          ok (DIFFER cmdmeta: 4475 ops, 0 diffs -> PASS (info=2078, intent=2122, pipes=96, categories=21, docs_boundary=1, zero_controls=2, absent_info_docs=78, patterns=8, module_filters=3))
  differ s6fix (atomic=0 seed=19)                            ok (DIFFER s6fix: 48456 logical ops, 0 diffs -> PASS)
  differ ccfix (atomic=0 seed=19)                            ok (DIFFER ccfix: 210 exact comparisons -> PASS)
  differ psfix (atomic=0 seed=19)                            ok (DIFFER psfix: 27 exact/property checks, 0 diffs -> PASS)
  differ string (atomic=0 seed=20)                           ok (DIFFER string: 4033 ops, 0 diffs, 197 deadline-bounded TTL checks -> PASS)
  differ list (atomic=0 seed=20)                             ok (DIFFER list: 3521 ops, 0 diffs, 0 deadline-bounded TTL checks -> PASS)
  differ set (atomic=0 seed=20)                              ok (DIFFER set: 3524 ops, 0 diffs, 0 deadline-bounded TTL checks -> PASS)
  differ zset (atomic=0 seed=20)                             ok (DIFFER zset: 3531 ops, 0 diffs, 0 deadline-bounded TTL checks -> PASS)
  differ hash (atomic=0 seed=20)                             ok (DIFFER hash: 3545 ops, 0 diffs, 0 deadline-bounded TTL checks -> PASS)
  differ hexpire (atomic=0 seed=20)                          ok (DIFFER hexpire: 4288 ops, 0 diffs, 280 deadline-bounded TTL checks -> PASS)
  differ edgetime (atomic=0 seed=20)                         ok (DIFFER edgetime: 4427 ops, 0 diffs, 64 deadline-bounded TTL checks -> PASS)
  differ xshard (atomic=0 seed=20)                           ok (DIFFER xshard: 4276 ops, 0 diffs, 0 deadline-bounded TTL checks -> PASS)
  differ xmove (atomic=0 seed=20)                            ok (DIFFER xmove: 4263 ops, 0 diffs, 0 deadline-bounded TTL checks -> PASS)
  differ bitmap (atomic=0 seed=20)                           ok (DIFFER bitmap: 4262 ops, 0 diffs, 0 deadline-bounded TTL checks -> PASS)
  differ hll (atomic=0 seed=20)                              ok (DIFFER hll: 3068 ops, 0 diffs, 0 deadline-bounded TTL checks -> PASS)
  differ bitfield (atomic=0 seed=20)                         ok (DIFFER bitfield: 3226 ops, 0 diffs, 1 deadline-bounded TTL checks -> PASS)
  differ cgaps (atomic=0 seed=20)                            ok (DIFFER cgaps: 3310 ops, 0 diffs, 0 deadline-bounded TTL checks -> PASS)
  differ stream (atomic=0 seed=20)                           ok (DIFFER stream: 4031 ops, 0 diffs, 0 deadline-bounded TTL checks -> PASS)
  differ script (atomic=0 seed=20)                           ok (DIFFER script: 5062 ops, 0 diffs, 0 deadline-bounded TTL checks -> PASS)
  differ streamgrp (atomic=0 seed=20)                        ok (DIFFER streamgrp: 4052 ops, 0 diffs, 0 deadline-bounded TTL checks -> PASS)
  differ zsetops (atomic=0 seed=20)                          ok (DIFFER zsetops: 4200 ops, 0 diffs, 0 deadline-bounded TTL checks -> PASS)
  differ geo (atomic=0 seed=20)                              ok (DIFFER geo: 4951 ops, 0 diffs, 0 deadline-bounded TTL checks -> PASS)
  differ doubles (atomic=0 seed=20)                          ok (DIFFER doubles: 5000 ops, 0 diffs, 0 deadline-bounded TTL checks -> PASS)
  differ scan (atomic=0 seed=20)                             ok (DIFFER scan: 4081 ops, 0 diffs, 0 deadline-bounded TTL checks -> PASS)
  differ multi (atomic=0 seed=20)                            ok (DIFFER multi: 4204 ops, 0 diffs, 0 deadline-bounded TTL checks -> PASS)
  differ edgeenc (atomic=0 seed=20)                          ok (DIFFER edgeenc: 6757 ops, 0 diffs, 0 deadline-bounded TTL checks -> PASS)
  differ edgeproto (atomic=0 seed=20)                        ok (DIFFER edgeproto: 5200 ops, 0 diffs, 0 deadline-bounded TTL checks -> PASS)
  differ cmdgap (atomic=0 seed=20)                           ok (DIFFER cmdgap: 4213 ops, 0 diffs, 0 deadline-bounded TTL checks -> PASS)
  differ cmdgap2 (atomic=0 seed=20)                          ok (DIFFER cmdgap2: 4241 ops, 0 diffs, 0 deadline-bounded TTL checks -> PASS)
  differ sort (atomic=0 seed=20)                             SKIP (suite requires the split 6:2 geometry)
  differ servertail (atomic=0 seed=20)                       ok (DIFFER servertail: 5339 ops, 0 diffs, 0 deadline-bounded TTL checks -> PASS)
  differ arity (atomic=0 seed=20)                            ok (DIFFER arity: 4200 ops, 0 diffs, 0 deadline-bounded TTL checks -> PASS)
  differ storeorder (atomic=0 seed=20)                       ok (DIFFER storeorder: 4600 ops, 0 diffs, 0 deadline-bounded TTL checks -> PASS)
  differ infofix (atomic=0 seed=20)                          ok (DIFFER infofix: 4200 ops, 0 diffs, 0 deadline-bounded TTL checks -> PASS)
  differ multidb (atomic=0 seed=20)                          ok (DIFFER multidb: 5461 ops, 0 diffs, 0 deadline-bounded TTL checks -> PASS)
  differ blocking (atomic=0 seed=20)                         ok (DIFFER blocking: 5259 logical ops, 5320 checks, 0 diffs -> PASS)
  differ pubsub (atomic=0 seed=20)                           ok (DIFFER pubsub: 4198 logical ops, 25960 checks, 0 diffs -> PASS)
  differ fanout (atomic=0 seed=20)                           ok (DIFFER fanout: 10363 checks, 0 diffs -> PASS)
  differ spubsub (atomic=0 seed=20)                          ok (DIFFER spubsub: 786 checks, 0 diffs -> PASS)
  differ notify (atomic=0 seed=20)                           ok (DIFFER notify: 331 ops, 463 events, 0 diffs -> PASS)
  differ wiredump (atomic=0 seed=20)                         ok (DIFFER wiredump: 4200 ops, 0 diffs, 822 deadline-bounded TTL checks -> PASS)
  differ climon (atomic=0 seed=20)                           ok (DIFFER climon: 4318 ops, 0 diffs -> PASS)
  differ compatintro (atomic=0 seed=20)                      ok (DIFFER compatintro: 5586 checks, 0 diffs -> PASS (getkeys=1550, config_multi=604, client_rows=258, acl_mutations=409, notify_events=15, silence_controls=5))
  differ aclsel (atomic=0 seed=20)                           ok (DIFFER aclsel: 12619 checks, 0 diffs -> PASS (rejections=4200, unchanged=4200, grants=1400, command_denials=700, key_denials=1400, channel_denials=700))
  differ cmdmeta (atomic=0 seed=20)                          ok (DIFFER cmdmeta: 4475 ops, 0 diffs -> PASS (info=2057, intent=2143, pipes=96, categories=21, docs_boundary=1, zero_controls=2, absent_info_docs=78, patterns=8, module_filters=3))
  differ s6fix (atomic=0 seed=20)                            ok (DIFFER s6fix: 48456 logical ops, 0 diffs -> PASS)
  differ ccfix (atomic=0 seed=20)                            ok (DIFFER ccfix: 210 exact comparisons -> PASS)
  differ psfix (atomic=0 seed=20)                            ok (DIFFER psfix: 27 exact/property checks, 0 diffs -> PASS)
  differ string (atomic=0 seed=23)                           ok (DIFFER string: 4033 ops, 0 diffs, 195 deadline-bounded TTL checks -> PASS)
  differ list (atomic=0 seed=23)                             ok (DIFFER list: 3521 ops, 0 diffs, 0 deadline-bounded TTL checks -> PASS)
  differ set (atomic=0 seed=23)                              ok (DIFFER set: 3524 ops, 0 diffs, 0 deadline-bounded TTL checks -> PASS)
  differ zset (atomic=0 seed=23)                             ok (DIFFER zset: 3531 ops, 0 diffs, 0 deadline-bounded TTL checks -> PASS)
  differ hash (atomic=0 seed=23)                             ok (DIFFER hash: 3545 ops, 0 diffs, 0 deadline-bounded TTL checks -> PASS)
  differ hexpire (atomic=0 seed=23)                          ok (DIFFER hexpire: 4288 ops, 0 diffs, 327 deadline-bounded TTL checks -> PASS)
  differ edgetime (atomic=0 seed=23)                         ok (DIFFER edgetime: 4427 ops, 0 diffs, 61 deadline-bounded TTL checks -> PASS)
  differ xshard (atomic=0 seed=23)                           ok (DIFFER xshard: 4276 ops, 0 diffs, 0 deadline-bounded TTL checks -> PASS)
  differ xmove (atomic=0 seed=23)                            ok (DIFFER xmove: 4263 ops, 0 diffs, 0 deadline-bounded TTL checks -> PASS)
  differ bitmap (atomic=0 seed=23)                           ok (DIFFER bitmap: 4262 ops, 0 diffs, 0 deadline-bounded TTL checks -> PASS)
  differ hll (atomic=0 seed=23)                              ok (DIFFER hll: 3071 ops, 0 diffs, 0 deadline-bounded TTL checks -> PASS)
  differ bitfield (atomic=0 seed=23)                         ok (DIFFER bitfield: 3226 ops, 0 diffs, 1 deadline-bounded TTL checks -> PASS)
  differ cgaps (atomic=0 seed=23)                            ok (DIFFER cgaps: 3310 ops, 0 diffs, 0 deadline-bounded TTL checks -> PASS)
  differ stream (atomic=0 seed=23)                           ok (DIFFER stream: 4031 ops, 0 diffs, 0 deadline-bounded TTL checks -> PASS)
  differ script (atomic=0 seed=23)                           ok (DIFFER script: 5048 ops, 0 diffs, 0 deadline-bounded TTL checks -> PASS)
  differ streamgrp (atomic=0 seed=23)                        ok (DIFFER streamgrp: 4052 ops, 0 diffs, 0 deadline-bounded TTL checks -> PASS)
  differ zsetops (atomic=0 seed=23)                          ok (DIFFER zsetops: 4200 ops, 0 diffs, 0 deadline-bounded TTL checks -> PASS)
  differ geo (atomic=0 seed=23)                              ok (DIFFER geo: 4951 ops, 0 diffs, 0 deadline-bounded TTL checks -> PASS)
  differ doubles (atomic=0 seed=23)                          ok (DIFFER doubles: 5000 ops, 0 diffs, 0 deadline-bounded TTL checks -> PASS)
  differ scan (atomic=0 seed=23)                             ok (DIFFER scan: 4081 ops, 0 diffs, 0 deadline-bounded TTL checks -> PASS)
  differ multi (atomic=0 seed=23)                            ok (DIFFER multi: 4227 ops, 0 diffs, 0 deadline-bounded TTL checks -> PASS)
  differ edgeenc (atomic=0 seed=23)                          ok (DIFFER edgeenc: 6757 ops, 0 diffs, 0 deadline-bounded TTL checks -> PASS)
  differ edgeproto (atomic=0 seed=23)                        ok (DIFFER edgeproto: 5200 ops, 0 diffs, 0 deadline-bounded TTL checks -> PASS)
  differ cmdgap (atomic=0 seed=23)                           ok (DIFFER cmdgap: 4213 ops, 0 diffs, 0 deadline-bounded TTL checks -> PASS)
  differ cmdgap2 (atomic=0 seed=23)                          ok (DIFFER cmdgap2: 4241 ops, 0 diffs, 0 deadline-bounded TTL checks -> PASS)
  differ sort (atomic=0 seed=23)                             SKIP (suite requires the split 6:2 geometry)
  differ servertail (atomic=0 seed=23)                       ok (DIFFER servertail: 5339 ops, 0 diffs, 0 deadline-bounded TTL checks -> PASS)
  differ arity (atomic=0 seed=23)                            ok (DIFFER arity: 4200 ops, 0 diffs, 0 deadline-bounded TTL checks -> PASS)
  differ storeorder (atomic=0 seed=23)                       ok (DIFFER storeorder: 4600 ops, 0 diffs, 0 deadline-bounded TTL checks -> PASS)
  differ infofix (atomic=0 seed=23)                          ok (DIFFER infofix: 4200 ops, 0 diffs, 0 deadline-bounded TTL checks -> PASS)
  differ multidb (atomic=0 seed=23)                          ok (DIFFER multidb: 5317 ops, 0 diffs, 0 deadline-bounded TTL checks -> PASS)
  differ blocking (atomic=0 seed=23)                         ok (DIFFER blocking: 5294 logical ops, 5355 checks, 0 diffs -> PASS)
  differ pubsub (atomic=0 seed=23)                           ok (DIFFER pubsub: 4198 logical ops, 26605 checks, 0 diffs -> PASS)
  differ fanout (atomic=0 seed=23)                           ok (DIFFER fanout: 10420 checks, 0 diffs -> PASS)
  differ spubsub (atomic=0 seed=23)                          ok (DIFFER spubsub: 822 checks, 0 diffs -> PASS)
  differ notify (atomic=0 seed=23)                           ok (DIFFER notify: 327 ops, 451 events, 0 diffs -> PASS)
  differ wiredump (atomic=0 seed=23)                         ok (DIFFER wiredump: 4200 ops, 0 diffs, 824 deadline-bounded TTL checks -> PASS)
  differ climon (atomic=0 seed=23)                           ok (DIFFER climon: 4318 ops, 0 diffs -> PASS)
  differ compatintro (atomic=0 seed=23)                      ok (DIFFER compatintro: 5579 checks, 0 diffs -> PASS (getkeys=1550, config_multi=608, client_rows=224, acl_mutations=407, notify_events=15, silence_controls=5))
  differ aclsel (atomic=0 seed=23)                           ok (DIFFER aclsel: 12619 checks, 0 diffs -> PASS (rejections=4200, unchanged=4200, grants=1400, command_denials=700, key_denials=1400, channel_denials=700))
  differ cmdmeta (atomic=0 seed=23)                          ok (DIFFER cmdmeta: 4475 ops, 0 diffs -> PASS (info=2068, intent=2132, pipes=96, categories=21, docs_boundary=1, zero_controls=2, absent_info_docs=78, patterns=8, module_filters=3))
  differ s6fix (atomic=0 seed=23)                            ok (DIFFER s6fix: 48456 logical ops, 0 diffs -> PASS)
  differ ccfix (atomic=0 seed=23)                            ok (DIFFER ccfix: 210 exact comparisons -> PASS)
  differ psfix (atomic=0 seed=23)                            ok (DIFFER psfix: 27 exact/property checks, 0 diffs -> PASS)
  differ string (atomic=0 seed=28)                           ok (DIFFER string: 4033 ops, 0 diffs, 217 deadline-bounded TTL checks -> PASS)
  differ list (atomic=0 seed=28)                             ok (DIFFER list: 3521 ops, 0 diffs, 0 deadline-bounded TTL checks -> PASS)
  differ set (atomic=0 seed=28)                              ok (DIFFER set: 3524 ops, 0 diffs, 0 deadline-bounded TTL checks -> PASS)
  differ zset (atomic=0 seed=28)                             ok (DIFFER zset: 3531 ops, 0 diffs, 0 deadline-bounded TTL checks -> PASS)
  differ hash (atomic=0 seed=28)                             ok (DIFFER hash: 3545 ops, 0 diffs, 0 deadline-bounded TTL checks -> PASS)
  differ hexpire (atomic=0 seed=28)                          ok (DIFFER hexpire: 4288 ops, 0 diffs, 281 deadline-bounded TTL checks -> PASS)
  differ edgetime (atomic=0 seed=28)                         ok (DIFFER edgetime: 4427 ops, 0 diffs, 75 deadline-bounded TTL checks -> PASS)
  differ xshard (atomic=0 seed=28)                           ok (DIFFER xshard: 4276 ops, 0 diffs, 0 deadline-bounded TTL checks -> PASS)
  differ xmove (atomic=0 seed=28)                            ok (DIFFER xmove: 4263 ops, 0 diffs, 0 deadline-bounded TTL checks -> PASS)
  differ bitmap (atomic=0 seed=28)                           ok (DIFFER bitmap: 4262 ops, 0 diffs, 0 deadline-bounded TTL checks -> PASS)
  differ hll (atomic=0 seed=28)                              ok (DIFFER hll: 3033 ops, 0 diffs, 0 deadline-bounded TTL checks -> PASS)
  differ bitfield (atomic=0 seed=28)                         ok (DIFFER bitfield: 3226 ops, 0 diffs, 1 deadline-bounded TTL checks -> PASS)
  differ cgaps (atomic=0 seed=28)                            ok (DIFFER cgaps: 3310 ops, 0 diffs, 0 deadline-bounded TTL checks -> PASS)
  differ stream (atomic=0 seed=28)                           ok (DIFFER stream: 4031 ops, 0 diffs, 0 deadline-bounded TTL checks -> PASS)
  differ script (atomic=0 seed=28)                           ok (DIFFER script: 5063 ops, 0 diffs, 0 deadline-bounded TTL checks -> PASS)
  differ streamgrp (atomic=0 seed=28)                        ok (DIFFER streamgrp: 4052 ops, 0 diffs, 0 deadline-bounded TTL checks -> PASS)
  differ zsetops (atomic=0 seed=28)                          ok (DIFFER zsetops: 4200 ops, 0 diffs, 0 deadline-bounded TTL checks -> PASS)
  differ geo (atomic=0 seed=28)                              ok (DIFFER geo: 4951 ops, 0 diffs, 0 deadline-bounded TTL checks -> PASS)
  differ doubles (atomic=0 seed=28)                          ok (DIFFER doubles: 5000 ops, 0 diffs, 0 deadline-bounded TTL checks -> PASS)
  differ scan (atomic=0 seed=28)                             ok (DIFFER scan: 4081 ops, 0 diffs, 0 deadline-bounded TTL checks -> PASS)
  differ multi (atomic=0 seed=28)                            ok (DIFFER multi: 4198 ops, 0 diffs, 0 deadline-bounded TTL checks -> PASS)
  differ edgeenc (atomic=0 seed=28)                          ok (DIFFER edgeenc: 6757 ops, 0 diffs, 0 deadline-bounded TTL checks -> PASS)
  differ edgeproto (atomic=0 seed=28)                        ok (DIFFER edgeproto: 5200 ops, 0 diffs, 0 deadline-bounded TTL checks -> PASS)
  differ cmdgap (atomic=0 seed=28)                           ok (DIFFER cmdgap: 4213 ops, 0 diffs, 0 deadline-bounded TTL checks -> PASS)
  differ cmdgap2 (atomic=0 seed=28)                          ok (DIFFER cmdgap2: 4241 ops, 0 diffs, 0 deadline-bounded TTL checks -> PASS)
  differ sort (atomic=0 seed=28)                             SKIP (suite requires the split 6:2 geometry)
  differ servertail (atomic=0 seed=28)                       ok (DIFFER servertail: 5339 ops, 0 diffs, 0 deadline-bounded TTL checks -> PASS)
  differ arity (atomic=0 seed=28)                            ok (DIFFER arity: 4200 ops, 0 diffs, 0 deadline-bounded TTL checks -> PASS)
  differ storeorder (atomic=0 seed=28)                       ok (DIFFER storeorder: 4600 ops, 0 diffs, 0 deadline-bounded TTL checks -> PASS)
  differ infofix (atomic=0 seed=28)                          ok (DIFFER infofix: 4200 ops, 0 diffs, 0 deadline-bounded TTL checks -> PASS)
  differ multidb (atomic=0 seed=28)                          ok (DIFFER multidb: 5509 ops, 0 diffs, 0 deadline-bounded TTL checks -> PASS)
  differ blocking (atomic=0 seed=28)                         ok (DIFFER blocking: 5290 logical ops, 5351 checks, 0 diffs -> PASS)
  differ pubsub (atomic=0 seed=28)                           ok (DIFFER pubsub: 4198 logical ops, 24853 checks, 0 diffs -> PASS)
  differ fanout (atomic=0 seed=28)                           ok (DIFFER fanout: 12333 checks, 0 diffs -> PASS)
  differ spubsub (atomic=0 seed=28)                          ok (DIFFER spubsub: 807 checks, 0 diffs -> PASS)
  differ notify (atomic=0 seed=28)                           ok (DIFFER notify: 333 ops, 462 events, 0 diffs -> PASS)
  differ wiredump (atomic=0 seed=28)                         ok (DIFFER wiredump: 4200 ops, 0 diffs, 773 deadline-bounded TTL checks -> PASS)
  differ climon (atomic=0 seed=28)                           ok (DIFFER climon: 4318 ops, 0 diffs -> PASS)
  differ compatintro (atomic=0 seed=28)                      ok (DIFFER compatintro: 5548 checks, 0 diffs -> PASS (getkeys=1550, config_multi=640, client_rows=222, acl_mutations=388, notify_events=15, silence_controls=5))
  differ aclsel (atomic=0 seed=28)                           ok (DIFFER aclsel: 12619 checks, 0 diffs -> PASS (rejections=4200, unchanged=4200, grants=1400, command_denials=700, key_denials=1400, channel_denials=700))
  differ cmdmeta (atomic=0 seed=28)                          ok (DIFFER cmdmeta: 4475 ops, 0 diffs -> PASS (info=2061, intent=2139, pipes=96, categories=21, docs_boundary=1, zero_controls=2, absent_info_docs=78, patterns=8, module_filters=3))
  differ s6fix (atomic=0 seed=28)                            ok (DIFFER s6fix: 48456 logical ops, 0 diffs -> PASS)
  differ ccfix (atomic=0 seed=28)                            ok (DIFFER ccfix: 210 exact comparisons -> PASS)
  differ psfix (atomic=0 seed=28)                            ok (DIFFER psfix: 27 exact/property checks, 0 diffs -> PASS)
  differ string (atomic=0 seed=29)                           ok (DIFFER string: 4033 ops, 0 diffs, 221 deadline-bounded TTL checks -> PASS)
  differ list (atomic=0 seed=29)                             ok (DIFFER list: 3521 ops, 0 diffs, 0 deadline-bounded TTL checks -> PASS)
  differ set (atomic=0 seed=29)                              ok (DIFFER set: 3524 ops, 0 diffs, 0 deadline-bounded TTL checks -> PASS)
  differ zset (atomic=0 seed=29)                             ok (DIFFER zset: 3531 ops, 0 diffs, 0 deadline-bounded TTL checks -> PASS)
  differ hash (atomic=0 seed=29)                             ok (DIFFER hash: 3545 ops, 0 diffs, 0 deadline-bounded TTL checks -> PASS)
  differ hexpire (atomic=0 seed=29)                          ok (DIFFER hexpire: 4288 ops, 0 diffs, 295 deadline-bounded TTL checks -> PASS)
  differ edgetime (atomic=0 seed=29)                         ok (DIFFER edgetime: 4427 ops, 0 diffs, 49 deadline-bounded TTL checks -> PASS)
  differ xshard (atomic=0 seed=29)                           ok (DIFFER xshard: 4276 ops, 0 diffs, 0 deadline-bounded TTL checks -> PASS)
  differ xmove (atomic=0 seed=29)                            ok (DIFFER xmove: 4263 ops, 0 diffs, 0 deadline-bounded TTL checks -> PASS)
  differ bitmap (atomic=0 seed=29)                           ok (DIFFER bitmap: 4262 ops, 0 diffs, 0 deadline-bounded TTL checks -> PASS)
  differ hll (atomic=0 seed=29)                              ok (DIFFER hll: 3083 ops, 0 diffs, 0 deadline-bounded TTL checks -> PASS)
  differ bitfield (atomic=0 seed=29)                         ok (DIFFER bitfield: 3226 ops, 0 diffs, 1 deadline-bounded TTL checks -> PASS)
  differ cgaps (atomic=0 seed=29)                            ok (DIFFER cgaps: 3310 ops, 0 diffs, 0 deadline-bounded TTL checks -> PASS)
  differ stream (atomic=0 seed=29)                           ok (DIFFER stream: 4031 ops, 0 diffs, 0 deadline-bounded TTL checks -> PASS)
  differ script (atomic=0 seed=29)                           ok (DIFFER script: 5061 ops, 0 diffs, 0 deadline-bounded TTL checks -> PASS)
  differ streamgrp (atomic=0 seed=29)                        ok (DIFFER streamgrp: 4052 ops, 0 diffs, 0 deadline-bounded TTL checks -> PASS)
  differ zsetops (atomic=0 seed=29)                          ok (DIFFER zsetops: 4200 ops, 0 diffs, 0 deadline-bounded TTL checks -> PASS)
  differ geo (atomic=0 seed=29)                              ok (DIFFER geo: 4951 ops, 0 diffs, 0 deadline-bounded TTL checks -> PASS)
  differ doubles (atomic=0 seed=29)                          ok (DIFFER doubles: 5000 ops, 0 diffs, 0 deadline-bounded TTL checks -> PASS)
  differ scan (atomic=0 seed=29)                             ok (DIFFER scan: 4081 ops, 0 diffs, 0 deadline-bounded TTL checks -> PASS)
  differ multi (atomic=0 seed=29)                            ok (DIFFER multi: 4270 ops, 0 diffs, 0 deadline-bounded TTL checks -> PASS)
  differ edgeenc (atomic=0 seed=29)                          ok (DIFFER edgeenc: 6757 ops, 0 diffs, 0 deadline-bounded TTL checks -> PASS)
  differ edgeproto (atomic=0 seed=29)                        ok (DIFFER edgeproto: 5200 ops, 0 diffs, 0 deadline-bounded TTL checks -> PASS)
  differ cmdgap (atomic=0 seed=29)                           ok (DIFFER cmdgap: 4213 ops, 0 diffs, 0 deadline-bounded TTL checks -> PASS)
  differ cmdgap2 (atomic=0 seed=29)                          ok (DIFFER cmdgap2: 4241 ops, 0 diffs, 0 deadline-bounded TTL checks -> PASS)
  differ sort (atomic=0 seed=29)                             SKIP (suite requires the split 6:2 geometry)
  differ servertail (atomic=0 seed=29)                       ok (DIFFER servertail: 5339 ops, 0 diffs, 0 deadline-bounded TTL checks -> PASS)
  differ arity (atomic=0 seed=29)                            ok (DIFFER arity: 4200 ops, 0 diffs, 0 deadline-bounded TTL checks -> PASS)
  differ storeorder (atomic=0 seed=29)                       ok (DIFFER storeorder: 4600 ops, 0 diffs, 0 deadline-bounded TTL checks -> PASS)
  differ infofix (atomic=0 seed=29)                          ok (DIFFER infofix: 4200 ops, 0 diffs, 0 deadline-bounded TTL checks -> PASS)
  differ multidb (atomic=0 seed=29)                          ok (DIFFER multidb: 5539 ops, 0 diffs, 0 deadline-bounded TTL checks -> PASS)
  differ blocking (atomic=0 seed=29)                         ok (DIFFER blocking: 5320 logical ops, 5381 checks, 0 diffs -> PASS)
  differ pubsub (atomic=0 seed=29)                           ok (DIFFER pubsub: 4198 logical ops, 24813 checks, 0 diffs -> PASS)
  differ fanout (atomic=0 seed=29)                           ok (DIFFER fanout: 10981 checks, 0 diffs -> PASS)
  differ spubsub (atomic=0 seed=29)                          ok (DIFFER spubsub: 778 checks, 0 diffs -> PASS)
  differ notify (atomic=0 seed=29)                           ok (DIFFER notify: 320 ops, 448 events, 0 diffs -> PASS)
  differ wiredump (atomic=0 seed=29)                         ok (DIFFER wiredump: 4200 ops, 0 diffs, 846 deadline-bounded TTL checks -> PASS)
  differ climon (atomic=0 seed=29)                           ok (DIFFER climon: 4318 ops, 0 diffs -> PASS)
  differ compatintro (atomic=0 seed=29)                      ok (DIFFER compatintro: 5581 checks, 0 diffs -> PASS (getkeys=1550, config_multi=643, client_rows=244, acl_mutations=390, notify_events=15, silence_controls=5))
  differ aclsel (atomic=0 seed=29)                           ok (DIFFER aclsel: 12619 checks, 0 diffs -> PASS (rejections=4200, unchanged=4200, grants=1400, command_denials=700, key_denials=1400, channel_denials=700))
  differ cmdmeta (atomic=0 seed=29)                          ok (DIFFER cmdmeta: 4475 ops, 0 diffs -> PASS (info=2132, intent=2068, pipes=96, categories=21, docs_boundary=1, zero_controls=2, absent_info_docs=78, patterns=8, module_filters=3))
  differ s6fix (atomic=0 seed=29)                            ok (DIFFER s6fix: 48456 logical ops, 0 diffs -> PASS)
  differ ccfix (atomic=0 seed=29)                            ok (DIFFER ccfix: 210 exact comparisons -> PASS)
  differ psfix (atomic=0 seed=29)                            ok (DIFFER psfix: 27 exact/property checks, 0 diffs -> PASS)
  read-local lane fired (atomic=0)                           ok (hits=981 fallbacks=276 at peak; final_hits=0 final_fallbacks=0)
  target atomic=0 stop                                       ok (port 18139 free)
  oracle stop                                                ok (port 18140 free)
DIFFER COMMAND COVERAGE: diffed 232 of 245 registered commands (1221400 recorded comparison witnesses, 258 legs)
  not observed in compared replies/properties: BGREWRITEAOF, FLIP, HELLO, LOLWUT, MONITOR, QUIT, REPLICAOF, SHUTDOWN, SLAVEOF, TIME, UNWATCH, WATCH, ZREVRANGE
DIFFER GATE: pass=259 fail=0 runtime=9m04s
  Redis 7.4 differential part (armed fused, atomic 0)  ok
  row budget: 900s; median=467.695s; correctness-plan-fallback; Redis 7.4 differential part (armed fused, atomic 1)
DIFFER suites (44): string list set zset hash hexpire edgetime xshard xmove bitmap hll bitfield cgaps stream script streamgrp zsetops geo doubles scan multi edgeenc edgeproto cmdgap cmdgap2 sort servertail arity storeorder infofix multidb blocking pubsub fanout spubsub notify wiredump climon compatintro aclsel cmdmeta s6fix ccfix psfix
DIFFER geometry: armed-fused (--thread-mode fused --read-local 1)
DIFFER matrix: atomic={1} seeds={7 19 20 23 28 29} legs=264 logs=/home/user/Projects/cx-ccfix/build/gate-run.2vmPJr/jobs/differ-armed-1/differ
  vanilla Redis oracle boot                                  ok (pid=2686175 port=18140)
  oracle identity                                            ok (vanilla redis_version=7.4.10)
  target atomic=1 boot                                       ok (pid=2686200 port=18139)
  differ string (atomic=1 seed=7)                            ok (DIFFER string: 4033 ops, 0 diffs, 166 deadline-bounded TTL checks -> PASS)
  differ list (atomic=1 seed=7)                              ok (DIFFER list: 3521 ops, 0 diffs, 0 deadline-bounded TTL checks -> PASS)
  differ set (atomic=1 seed=7)                               ok (DIFFER set: 3524 ops, 0 diffs, 0 deadline-bounded TTL checks -> PASS)
  differ zset (atomic=1 seed=7)                              ok (DIFFER zset: 3531 ops, 0 diffs, 0 deadline-bounded TTL checks -> PASS)
  differ hash (atomic=1 seed=7)                              ok (DIFFER hash: 3545 ops, 0 diffs, 0 deadline-bounded TTL checks -> PASS)
  differ hexpire (atomic=1 seed=7)                           ok (DIFFER hexpire: 4288 ops, 0 diffs, 299 deadline-bounded TTL checks -> PASS)
  differ edgetime (atomic=1 seed=7)                          ok (DIFFER edgetime: 4427 ops, 0 diffs, 77 deadline-bounded TTL checks -> PASS)
  differ xshard (atomic=1 seed=7)                            ok (DIFFER xshard: 4276 ops, 0 diffs, 0 deadline-bounded TTL checks -> PASS)
  differ xmove (atomic=1 seed=7)                             ok (DIFFER xmove: 4263 ops, 0 diffs, 0 deadline-bounded TTL checks -> PASS)
  differ bitmap (atomic=1 seed=7)                            ok (DIFFER bitmap: 4262 ops, 0 diffs, 0 deadline-bounded TTL checks -> PASS)
  differ hll (atomic=1 seed=7)                               ok (DIFFER hll: 3057 ops, 0 diffs, 0 deadline-bounded TTL checks -> PASS)
  differ bitfield (atomic=1 seed=7)                          ok (DIFFER bitfield: 3226 ops, 0 diffs, 1 deadline-bounded TTL checks -> PASS)
  differ cgaps (atomic=1 seed=7)                             ok (DIFFER cgaps: 3310 ops, 0 diffs, 0 deadline-bounded TTL checks -> PASS)
  differ stream (atomic=1 seed=7)                            ok (DIFFER stream: 4031 ops, 0 diffs, 0 deadline-bounded TTL checks -> PASS)
  differ script (atomic=1 seed=7)                            ok (DIFFER script: 5061 ops, 0 diffs, 0 deadline-bounded TTL checks -> PASS)
  differ streamgrp (atomic=1 seed=7)                         ok (DIFFER streamgrp: 4052 ops, 0 diffs, 0 deadline-bounded TTL checks -> PASS)
  differ zsetops (atomic=1 seed=7)                           ok (DIFFER zsetops: 4200 ops, 0 diffs, 0 deadline-bounded TTL checks -> PASS)
  differ geo (atomic=1 seed=7)                               ok (DIFFER geo: 4951 ops, 0 diffs, 0 deadline-bounded TTL checks -> PASS)
  differ doubles (atomic=1 seed=7)                           ok (DIFFER doubles: 5000 ops, 0 diffs, 0 deadline-bounded TTL checks -> PASS)
  differ scan (atomic=1 seed=7)                              ok (DIFFER scan: 4081 ops, 0 diffs, 0 deadline-bounded TTL checks -> PASS)
  differ multi (atomic=1 seed=7)                             ok (DIFFER multi: 4275 ops, 0 diffs, 0 deadline-bounded TTL checks -> PASS)
  differ edgeenc (atomic=1 seed=7)                           ok (DIFFER edgeenc: 6757 ops, 0 diffs, 0 deadline-bounded TTL checks -> PASS)
  differ edgeproto (atomic=1 seed=7)                         ok (DIFFER edgeproto: 5200 ops, 0 diffs, 0 deadline-bounded TTL checks -> PASS)
  differ cmdgap (atomic=1 seed=7)                            ok (DIFFER cmdgap: 4213 ops, 0 diffs, 0 deadline-bounded TTL checks -> PASS)
  differ cmdgap2 (atomic=1 seed=7)                           ok (DIFFER cmdgap2: 4241 ops, 0 diffs, 0 deadline-bounded TTL checks -> PASS)
  differ sort (atomic=1 seed=7)                              SKIP (suite requires the split 6:2 geometry)
  differ servertail (atomic=1 seed=7)                        ok (DIFFER servertail: 5339 ops, 0 diffs, 0 deadline-bounded TTL checks -> PASS)
  differ arity (atomic=1 seed=7)                             ok (DIFFER arity: 4200 ops, 0 diffs, 0 deadline-bounded TTL checks -> PASS)
  differ storeorder (atomic=1 seed=7)                        ok (DIFFER storeorder: 4600 ops, 0 diffs, 0 deadline-bounded TTL checks -> PASS)
  differ infofix (atomic=1 seed=7)                           ok (DIFFER infofix: 4200 ops, 0 diffs, 0 deadline-bounded TTL checks -> PASS)
  differ multidb (atomic=1 seed=7)                           ok (DIFFER multidb: 5419 ops, 0 diffs, 0 deadline-bounded TTL checks -> PASS)
  differ blocking (atomic=1 seed=7)                          ok (DIFFER blocking: 5327 logical ops, 5388 checks, 0 diffs -> PASS)
  differ pubsub (atomic=1 seed=7)                            ok (DIFFER pubsub: 4198 logical ops, 25486 checks, 0 diffs -> PASS)
  differ fanout (atomic=1 seed=7)                            ok (DIFFER fanout: 14237 checks, 0 diffs -> PASS)
  differ spubsub (atomic=1 seed=7)                           ok (DIFFER spubsub: 801 checks, 0 diffs -> PASS)
  differ notify (atomic=1 seed=7)                            ok (DIFFER notify: 345 ops, 470 events, 0 diffs -> PASS)
  differ wiredump (atomic=1 seed=7)                          ok (DIFFER wiredump: 4200 ops, 0 diffs, 789 deadline-bounded TTL checks -> PASS)
  differ climon (atomic=1 seed=7)                            ok (DIFFER climon: 4318 ops, 0 diffs -> PASS)
  differ compatintro (atomic=1 seed=7)                       ok (DIFFER compatintro: 5630 checks, 0 diffs -> PASS (getkeys=1550, config_multi=631, client_rows=262, acl_mutations=401, notify_events=15, silence_controls=5))
  differ aclsel (atomic=1 seed=7)                            ok (DIFFER aclsel: 12619 checks, 0 diffs -> PASS (rejections=4200, unchanged=4200, grants=1400, command_denials=700, key_denials=1400, channel_denials=700))
  differ cmdmeta (atomic=1 seed=7)                           ok (DIFFER cmdmeta: 4475 ops, 0 diffs -> PASS (info=2125, intent=2075, pipes=96, categories=21, docs_boundary=1, zero_controls=2, absent_info_docs=78, patterns=8, module_filters=3))
  differ s6fix (atomic=1 seed=7)                             ok (DIFFER s6fix: 48456 logical ops, 0 diffs -> PASS)
  differ ccfix (atomic=1 seed=7)                             ok (DIFFER ccfix: 222 exact comparisons -> PASS)
  differ psfix (atomic=1 seed=7)                             ok (DIFFER psfix: 27 exact/property checks, 0 diffs -> PASS)
  differ string (atomic=1 seed=19)                           ok (DIFFER string: 4033 ops, 0 diffs, 199 deadline-bounded TTL checks -> PASS)
  differ list (atomic=1 seed=19)                             ok (DIFFER list: 3521 ops, 0 diffs, 0 deadline-bounded TTL checks -> PASS)
  differ set (atomic=1 seed=19)                              ok (DIFFER set: 3524 ops, 0 diffs, 0 deadline-bounded TTL checks -> PASS)
  differ zset (atomic=1 seed=19)                             ok (DIFFER zset: 3531 ops, 0 diffs, 0 deadline-bounded TTL checks -> PASS)
  differ hash (atomic=1 seed=19)                             ok (DIFFER hash: 3545 ops, 0 diffs, 0 deadline-bounded TTL checks -> PASS)
  differ hexpire (atomic=1 seed=19)                          ok (DIFFER hexpire: 4288 ops, 0 diffs, 291 deadline-bounded TTL checks -> PASS)
  differ edgetime (atomic=1 seed=19)                         ok (DIFFER edgetime: 4427 ops, 0 diffs, 73 deadline-bounded TTL checks -> PASS)
  differ xshard (atomic=1 seed=19)                           ok (DIFFER xshard: 4276 ops, 0 diffs, 0 deadline-bounded TTL checks -> PASS)
  differ xmove (atomic=1 seed=19)                            ok (DIFFER xmove: 4263 ops, 0 diffs, 0 deadline-bounded TTL checks -> PASS)
  differ bitmap (atomic=1 seed=19)                           ok (DIFFER bitmap: 4262 ops, 0 diffs, 0 deadline-bounded TTL checks -> PASS)
  differ hll (atomic=1 seed=19)                              ok (DIFFER hll: 3045 ops, 0 diffs, 0 deadline-bounded TTL checks -> PASS)
  differ bitfield (atomic=1 seed=19)                         ok (DIFFER bitfield: 3226 ops, 0 diffs, 1 deadline-bounded TTL checks -> PASS)
  differ cgaps (atomic=1 seed=19)                            ok (DIFFER cgaps: 3310 ops, 0 diffs, 0 deadline-bounded TTL checks -> PASS)
  differ stream (atomic=1 seed=19)                           ok (DIFFER stream: 4031 ops, 0 diffs, 0 deadline-bounded TTL checks -> PASS)
  differ script (atomic=1 seed=19)                           ok (DIFFER script: 5053 ops, 0 diffs, 0 deadline-bounded TTL checks -> PASS)
  differ streamgrp (atomic=1 seed=19)                        ok (DIFFER streamgrp: 4052 ops, 0 diffs, 0 deadline-bounded TTL checks -> PASS)
  differ zsetops (atomic=1 seed=19)                          ok (DIFFER zsetops: 4200 ops, 0 diffs, 0 deadline-bounded TTL checks -> PASS)
  differ geo (atomic=1 seed=19)                              ok (DIFFER geo: 4951 ops, 0 diffs, 0 deadline-bounded TTL checks -> PASS)
  differ doubles (atomic=1 seed=19)                          ok (DIFFER doubles: 5000 ops, 0 diffs, 0 deadline-bounded TTL checks -> PASS)
  differ scan (atomic=1 seed=19)                             ok (DIFFER scan: 4081 ops, 0 diffs, 0 deadline-bounded TTL checks -> PASS)
  differ multi (atomic=1 seed=19)                            ok (DIFFER multi: 4272 ops, 0 diffs, 0 deadline-bounded TTL checks -> PASS)
  differ edgeenc (atomic=1 seed=19)                          ok (DIFFER edgeenc: 6757 ops, 0 diffs, 0 deadline-bounded TTL checks -> PASS)
  differ edgeproto (atomic=1 seed=19)                        ok (DIFFER edgeproto: 5200 ops, 0 diffs, 0 deadline-bounded TTL checks -> PASS)
  differ cmdgap (atomic=1 seed=19)                           ok (DIFFER cmdgap: 4213 ops, 0 diffs, 0 deadline-bounded TTL checks -> PASS)
  differ cmdgap2 (atomic=1 seed=19)                          ok (DIFFER cmdgap2: 4241 ops, 0 diffs, 0 deadline-bounded TTL checks -> PASS)
  differ sort (atomic=1 seed=19)                             SKIP (suite requires the split 6:2 geometry)
  differ servertail (atomic=1 seed=19)                       ok (DIFFER servertail: 5339 ops, 0 diffs, 0 deadline-bounded TTL checks -> PASS)
  differ arity (atomic=1 seed=19)                            ok (DIFFER arity: 4200 ops, 0 diffs, 0 deadline-bounded TTL checks -> PASS)
  differ storeorder (atomic=1 seed=19)                       ok (DIFFER storeorder: 4600 ops, 0 diffs, 0 deadline-bounded TTL checks -> PASS)
  differ infofix (atomic=1 seed=19)                          ok (DIFFER infofix: 4200 ops, 0 diffs, 0 deadline-bounded TTL checks -> PASS)
  differ multidb (atomic=1 seed=19)                          ok (DIFFER multidb: 5557 ops, 0 diffs, 0 deadline-bounded TTL checks -> PASS)
  differ blocking (atomic=1 seed=19)                         ok (DIFFER blocking: 5297 logical ops, 5358 checks, 0 diffs -> PASS)
  differ pubsub (atomic=1 seed=19)                           ok (DIFFER pubsub: 4198 logical ops, 25265 checks, 0 diffs -> PASS)
  differ fanout (atomic=1 seed=19)                           ok (DIFFER fanout: 7081 checks, 0 diffs -> PASS)
  differ spubsub (atomic=1 seed=19)                          ok (DIFFER spubsub: 809 checks, 0 diffs -> PASS)
  differ notify (atomic=1 seed=19)                           ok (DIFFER notify: 331 ops, 454 events, 0 diffs -> PASS)
  differ wiredump (atomic=1 seed=19)                         ok (DIFFER wiredump: 4200 ops, 0 diffs, 801 deadline-bounded TTL checks -> PASS)
  differ climon (atomic=1 seed=19)                           ok (DIFFER climon: 4318 ops, 0 diffs -> PASS)
  differ compatintro (atomic=1 seed=19)                      ok (DIFFER compatintro: 5633 checks, 0 diffs -> PASS (getkeys=1550, config_multi=637, client_rows=240, acl_mutations=396, notify_events=15, silence_controls=5))
  differ aclsel (atomic=1 seed=19)                           ok (DIFFER aclsel: 12619 checks, 0 diffs -> PASS (rejections=4200, unchanged=4200, grants=1400, command_denials=700, key_denials=1400, channel_denials=700))
  differ cmdmeta (atomic=1 seed=19)                          ok (DIFFER cmdmeta: 4475 ops, 0 diffs -> PASS (info=2078, intent=2122, pipes=96, categories=21, docs_boundary=1, zero_controls=2, absent_info_docs=78, patterns=8, module_filters=3))
  differ s6fix (atomic=1 seed=19)                            ok (DIFFER s6fix: 48456 logical ops, 0 diffs -> PASS)
  differ ccfix (atomic=1 seed=19)                            ok (DIFFER ccfix: 222 exact comparisons -> PASS)
  differ psfix (atomic=1 seed=19)                            ok (DIFFER psfix: 27 exact/property checks, 0 diffs -> PASS)
  differ string (atomic=1 seed=20)                           ok (DIFFER string: 4033 ops, 0 diffs, 197 deadline-bounded TTL checks -> PASS)
  differ list (atomic=1 seed=20)                             ok (DIFFER list: 3521 ops, 0 diffs, 0 deadline-bounded TTL checks -> PASS)
  differ set (atomic=1 seed=20)                              ok (DIFFER set: 3524 ops, 0 diffs, 0 deadline-bounded TTL checks -> PASS)
  differ zset (atomic=1 seed=20)                             ok (DIFFER zset: 3531 ops, 0 diffs, 0 deadline-bounded TTL checks -> PASS)
  differ hash (atomic=1 seed=20)                             ok (DIFFER hash: 3545 ops, 0 diffs, 0 deadline-bounded TTL checks -> PASS)
  differ hexpire (atomic=1 seed=20)                          ok (DIFFER hexpire: 4288 ops, 0 diffs, 280 deadline-bounded TTL checks -> PASS)
  differ edgetime (atomic=1 seed=20)                         ok (DIFFER edgetime: 4427 ops, 0 diffs, 64 deadline-bounded TTL checks -> PASS)
  differ xshard (atomic=1 seed=20)                           ok (DIFFER xshard: 4276 ops, 0 diffs, 0 deadline-bounded TTL checks -> PASS)
  differ xmove (atomic=1 seed=20)                            ok (DIFFER xmove: 4263 ops, 0 diffs, 0 deadline-bounded TTL checks -> PASS)
  differ bitmap (atomic=1 seed=20)                           ok (DIFFER bitmap: 4262 ops, 0 diffs, 0 deadline-bounded TTL checks -> PASS)
  differ hll (atomic=1 seed=20)                              ok (DIFFER hll: 3068 ops, 0 diffs, 0 deadline-bounded TTL checks -> PASS)
  differ bitfield (atomic=1 seed=20)                         ok (DIFFER bitfield: 3226 ops, 0 diffs, 1 deadline-bounded TTL checks -> PASS)
  differ cgaps (atomic=1 seed=20)                            ok (DIFFER cgaps: 3310 ops, 0 diffs, 0 deadline-bounded TTL checks -> PASS)
  differ stream (atomic=1 seed=20)                           ok (DIFFER stream: 4031 ops, 0 diffs, 0 deadline-bounded TTL checks -> PASS)
  differ script (atomic=1 seed=20)                           ok (DIFFER script: 5062 ops, 0 diffs, 0 deadline-bounded TTL checks -> PASS)
  differ streamgrp (atomic=1 seed=20)                        ok (DIFFER streamgrp: 4052 ops, 0 diffs, 0 deadline-bounded TTL checks -> PASS)
  differ zsetops (atomic=1 seed=20)                          ok (DIFFER zsetops: 4200 ops, 0 diffs, 0 deadline-bounded TTL checks -> PASS)
  differ geo (atomic=1 seed=20)                              ok (DIFFER geo: 4951 ops, 0 diffs, 0 deadline-bounded TTL checks -> PASS)
  differ doubles (atomic=1 seed=20)                          ok (DIFFER doubles: 5000 ops, 0 diffs, 0 deadline-bounded TTL checks -> PASS)
  differ scan (atomic=1 seed=20)                             ok (DIFFER scan: 4081 ops, 0 diffs, 0 deadline-bounded TTL checks -> PASS)
  differ multi (atomic=1 seed=20)                            ok (DIFFER multi: 4204 ops, 0 diffs, 0 deadline-bounded TTL checks -> PASS)
  differ edgeenc (atomic=1 seed=20)                          ok (DIFFER edgeenc: 6757 ops, 0 diffs, 0 deadline-bounded TTL checks -> PASS)
  differ edgeproto (atomic=1 seed=20)                        ok (DIFFER edgeproto: 5200 ops, 0 diffs, 0 deadline-bounded TTL checks -> PASS)
  differ cmdgap (atomic=1 seed=20)                           ok (DIFFER cmdgap: 4213 ops, 0 diffs, 0 deadline-bounded TTL checks -> PASS)
  differ cmdgap2 (atomic=1 seed=20)                          ok (DIFFER cmdgap2: 4241 ops, 0 diffs, 0 deadline-bounded TTL checks -> PASS)
  differ sort (atomic=1 seed=20)                             SKIP (suite requires the split 6:2 geometry)
  differ servertail (atomic=1 seed=20)                       ok (DIFFER servertail: 5339 ops, 0 diffs, 0 deadline-bounded TTL checks -> PASS)
  differ arity (atomic=1 seed=20)                            ok (DIFFER arity: 4200 ops, 0 diffs, 0 deadline-bounded TTL checks -> PASS)
  differ storeorder (atomic=1 seed=20)                       ok (DIFFER storeorder: 4600 ops, 0 diffs, 0 deadline-bounded TTL checks -> PASS)
  differ infofix (atomic=1 seed=20)                          ok (DIFFER infofix: 4200 ops, 0 diffs, 0 deadline-bounded TTL checks -> PASS)
  differ multidb (atomic=1 seed=20)                          ok (DIFFER multidb: 5461 ops, 0 diffs, 0 deadline-bounded TTL checks -> PASS)
  differ blocking (atomic=1 seed=20)                         ok (DIFFER blocking: 5259 logical ops, 5320 checks, 0 diffs -> PASS)
  differ pubsub (atomic=1 seed=20)                           ok (DIFFER pubsub: 4198 logical ops, 25960 checks, 0 diffs -> PASS)
  differ fanout (atomic=1 seed=20)                           ok (DIFFER fanout: 10363 checks, 0 diffs -> PASS)
  differ spubsub (atomic=1 seed=20)                          ok (DIFFER spubsub: 786 checks, 0 diffs -> PASS)
  differ notify (atomic=1 seed=20)                           ok (DIFFER notify: 331 ops, 463 events, 0 diffs -> PASS)
  differ wiredump (atomic=1 seed=20)                         ok (DIFFER wiredump: 4200 ops, 0 diffs, 822 deadline-bounded TTL checks -> PASS)
  differ climon (atomic=1 seed=20)                           ok (DIFFER climon: 4318 ops, 0 diffs -> PASS)
  differ compatintro (atomic=1 seed=20)                      ok (DIFFER compatintro: 5586 checks, 0 diffs -> PASS (getkeys=1550, config_multi=604, client_rows=258, acl_mutations=409, notify_events=15, silence_controls=5))
  differ aclsel (atomic=1 seed=20)                           ok (DIFFER aclsel: 12619 checks, 0 diffs -> PASS (rejections=4200, unchanged=4200, grants=1400, command_denials=700, key_denials=1400, channel_denials=700))
  differ cmdmeta (atomic=1 seed=20)                          ok (DIFFER cmdmeta: 4475 ops, 0 diffs -> PASS (info=2057, intent=2143, pipes=96, categories=21, docs_boundary=1, zero_controls=2, absent_info_docs=78, patterns=8, module_filters=3))
  differ s6fix (atomic=1 seed=20)                            ok (DIFFER s6fix: 48456 logical ops, 0 diffs -> PASS)
  differ ccfix (atomic=1 seed=20)                            ok (DIFFER ccfix: 222 exact comparisons -> PASS)
  differ psfix (atomic=1 seed=20)                            ok (DIFFER psfix: 27 exact/property checks, 0 diffs -> PASS)
  differ string (atomic=1 seed=23)                           ok (DIFFER string: 4033 ops, 0 diffs, 195 deadline-bounded TTL checks -> PASS)
  differ list (atomic=1 seed=23)                             ok (DIFFER list: 3521 ops, 0 diffs, 0 deadline-bounded TTL checks -> PASS)
  differ set (atomic=1 seed=23)                              ok (DIFFER set: 3524 ops, 0 diffs, 0 deadline-bounded TTL checks -> PASS)
  differ zset (atomic=1 seed=23)                             ok (DIFFER zset: 3531 ops, 0 diffs, 0 deadline-bounded TTL checks -> PASS)
  differ hash (atomic=1 seed=23)                             ok (DIFFER hash: 3545 ops, 0 diffs, 0 deadline-bounded TTL checks -> PASS)
  differ hexpire (atomic=1 seed=23)                          ok (DIFFER hexpire: 4288 ops, 0 diffs, 327 deadline-bounded TTL checks -> PASS)
  differ edgetime (atomic=1 seed=23)                         ok (DIFFER edgetime: 4427 ops, 0 diffs, 61 deadline-bounded TTL checks -> PASS)
  differ xshard (atomic=1 seed=23)                           ok (DIFFER xshard: 4276 ops, 0 diffs, 0 deadline-bounded TTL checks -> PASS)
  differ xmove (atomic=1 seed=23)                            ok (DIFFER xmove: 4263 ops, 0 diffs, 0 deadline-bounded TTL checks -> PASS)
  differ bitmap (atomic=1 seed=23)                           ok (DIFFER bitmap: 4262 ops, 0 diffs, 0 deadline-bounded TTL checks -> PASS)
  differ hll (atomic=1 seed=23)                              ok (DIFFER hll: 3071 ops, 0 diffs, 0 deadline-bounded TTL checks -> PASS)
  differ bitfield (atomic=1 seed=23)                         ok (DIFFER bitfield: 3226 ops, 0 diffs, 1 deadline-bounded TTL checks -> PASS)
  differ cgaps (atomic=1 seed=23)                            ok (DIFFER cgaps: 3310 ops, 0 diffs, 0 deadline-bounded TTL checks -> PASS)
  differ stream (atomic=1 seed=23)                           ok (DIFFER stream: 4031 ops, 0 diffs, 0 deadline-bounded TTL checks -> PASS)
  differ script (atomic=1 seed=23)                           ok (DIFFER script: 5048 ops, 0 diffs, 0 deadline-bounded TTL checks -> PASS)
  differ streamgrp (atomic=1 seed=23)                        ok (DIFFER streamgrp: 4052 ops, 0 diffs, 0 deadline-bounded TTL checks -> PASS)
  differ zsetops (atomic=1 seed=23)                          ok (DIFFER zsetops: 4200 ops, 0 diffs, 0 deadline-bounded TTL checks -> PASS)
  differ geo (atomic=1 seed=23)                              ok (DIFFER geo: 4951 ops, 0 diffs, 0 deadline-bounded TTL checks -> PASS)
  differ doubles (atomic=1 seed=23)                          ok (DIFFER doubles: 5000 ops, 0 diffs, 0 deadline-bounded TTL checks -> PASS)
  differ scan (atomic=1 seed=23)                             ok (DIFFER scan: 4081 ops, 0 diffs, 0 deadline-bounded TTL checks -> PASS)
  differ multi (atomic=1 seed=23)                            ok (DIFFER multi: 4227 ops, 0 diffs, 0 deadline-bounded TTL checks -> PASS)
  differ edgeenc (atomic=1 seed=23)                          ok (DIFFER edgeenc: 6757 ops, 0 diffs, 0 deadline-bounded TTL checks -> PASS)
  differ edgeproto (atomic=1 seed=23)                        ok (DIFFER edgeproto: 5200 ops, 0 diffs, 0 deadline-bounded TTL checks -> PASS)
  differ cmdgap (atomic=1 seed=23)                           ok (DIFFER cmdgap: 4213 ops, 0 diffs, 0 deadline-bounded TTL checks -> PASS)
  differ cmdgap2 (atomic=1 seed=23)                          ok (DIFFER cmdgap2: 4241 ops, 0 diffs, 0 deadline-bounded TTL checks -> PASS)
  differ sort (atomic=1 seed=23)                             SKIP (suite requires the split 6:2 geometry)
  differ servertail (atomic=1 seed=23)                       ok (DIFFER servertail: 5339 ops, 0 diffs, 0 deadline-bounded TTL checks -> PASS)
  differ arity (atomic=1 seed=23)                            ok (DIFFER arity: 4200 ops, 0 diffs, 0 deadline-bounded TTL checks -> PASS)
  differ storeorder (atomic=1 seed=23)                       ok (DIFFER storeorder: 4600 ops, 0 diffs, 0 deadline-bounded TTL checks -> PASS)
  differ infofix (atomic=1 seed=23)                          ok (DIFFER infofix: 4200 ops, 0 diffs, 0 deadline-bounded TTL checks -> PASS)
  differ multidb (atomic=1 seed=23)                          ok (DIFFER multidb: 5317 ops, 0 diffs, 0 deadline-bounded TTL checks -> PASS)
  differ blocking (atomic=1 seed=23)                         ok (DIFFER blocking: 5294 logical ops, 5355 checks, 0 diffs -> PASS)
  differ pubsub (atomic=1 seed=23)                           ok (DIFFER pubsub: 4198 logical ops, 26605 checks, 0 diffs -> PASS)
  differ fanout (atomic=1 seed=23)                           ok (DIFFER fanout: 10420 checks, 0 diffs -> PASS)
  differ spubsub (atomic=1 seed=23)                          ok (DIFFER spubsub: 822 checks, 0 diffs -> PASS)
  differ notify (atomic=1 seed=23)                           ok (DIFFER notify: 327 ops, 451 events, 0 diffs -> PASS)
  differ wiredump (atomic=1 seed=23)                         ok (DIFFER wiredump: 4200 ops, 0 diffs, 824 deadline-bounded TTL checks -> PASS)
  differ climon (atomic=1 seed=23)                           ok (DIFFER climon: 4318 ops, 0 diffs -> PASS)
  differ compatintro (atomic=1 seed=23)                      ok (DIFFER compatintro: 5579 checks, 0 diffs -> PASS (getkeys=1550, config_multi=608, client_rows=224, acl_mutations=407, notify_events=15, silence_controls=5))
  differ aclsel (atomic=1 seed=23)                           ok (DIFFER aclsel: 12619 checks, 0 diffs -> PASS (rejections=4200, unchanged=4200, grants=1400, command_denials=700, key_denials=1400, channel_denials=700))
  differ cmdmeta (atomic=1 seed=23)                          ok (DIFFER cmdmeta: 4475 ops, 0 diffs -> PASS (info=2068, intent=2132, pipes=96, categories=21, docs_boundary=1, zero_controls=2, absent_info_docs=78, patterns=8, module_filters=3))
  differ s6fix (atomic=1 seed=23)                            ok (DIFFER s6fix: 48456 logical ops, 0 diffs -> PASS)
  differ ccfix (atomic=1 seed=23)                            ok (DIFFER ccfix: 222 exact comparisons -> PASS)
  differ psfix (atomic=1 seed=23)                            ok (DIFFER psfix: 27 exact/property checks, 0 diffs -> PASS)
  differ string (atomic=1 seed=28)                           ok (DIFFER string: 4033 ops, 0 diffs, 217 deadline-bounded TTL checks -> PASS)
  differ list (atomic=1 seed=28)                             ok (DIFFER list: 3521 ops, 0 diffs, 0 deadline-bounded TTL checks -> PASS)
  differ set (atomic=1 seed=28)                              ok (DIFFER set: 3524 ops, 0 diffs, 0 deadline-bounded TTL checks -> PASS)
  differ zset (atomic=1 seed=28)                             ok (DIFFER zset: 3531 ops, 0 diffs, 0 deadline-bounded TTL checks -> PASS)
  differ hash (atomic=1 seed=28)                             ok (DIFFER hash: 3545 ops, 0 diffs, 0 deadline-bounded TTL checks -> PASS)
  differ hexpire (atomic=1 seed=28)                          ok (DIFFER hexpire: 4288 ops, 0 diffs, 281 deadline-bounded TTL checks -> PASS)
  differ edgetime (atomic=1 seed=28)                         ok (DIFFER edgetime: 4427 ops, 0 diffs, 75 deadline-bounded TTL checks -> PASS)
  differ xshard (atomic=1 seed=28)                           ok (DIFFER xshard: 4276 ops, 0 diffs, 0 deadline-bounded TTL checks -> PASS)
  differ xmove (atomic=1 seed=28)                            ok (DIFFER xmove: 4263 ops, 0 diffs, 0 deadline-bounded TTL checks -> PASS)
  differ bitmap (atomic=1 seed=28)                           ok (DIFFER bitmap: 4262 ops, 0 diffs, 0 deadline-bounded TTL checks -> PASS)
  differ hll (atomic=1 seed=28)                              ok (DIFFER hll: 3033 ops, 0 diffs, 0 deadline-bounded TTL checks -> PASS)
  differ bitfield (atomic=1 seed=28)                         ok (DIFFER bitfield: 3226 ops, 0 diffs, 1 deadline-bounded TTL checks -> PASS)
  differ cgaps (atomic=1 seed=28)                            ok (DIFFER cgaps: 3310 ops, 0 diffs, 0 deadline-bounded TTL checks -> PASS)
  differ stream (atomic=1 seed=28)                           ok (DIFFER stream: 4031 ops, 0 diffs, 0 deadline-bounded TTL checks -> PASS)
  differ script (atomic=1 seed=28)                           ok (DIFFER script: 5063 ops, 0 diffs, 0 deadline-bounded TTL checks -> PASS)
  differ streamgrp (atomic=1 seed=28)                        ok (DIFFER streamgrp: 4052 ops, 0 diffs, 0 deadline-bounded TTL checks -> PASS)
  differ zsetops (atomic=1 seed=28)                          ok (DIFFER zsetops: 4200 ops, 0 diffs, 0 deadline-bounded TTL checks -> PASS)
  differ geo (atomic=1 seed=28)                              ok (DIFFER geo: 4951 ops, 0 diffs, 0 deadline-bounded TTL checks -> PASS)
  differ doubles (atomic=1 seed=28)                          ok (DIFFER doubles: 5000 ops, 0 diffs, 0 deadline-bounded TTL checks -> PASS)
  differ scan (atomic=1 seed=28)                             ok (DIFFER scan: 4081 ops, 0 diffs, 0 deadline-bounded TTL checks -> PASS)
  differ multi (atomic=1 seed=28)                            ok (DIFFER multi: 4198 ops, 0 diffs, 0 deadline-bounded TTL checks -> PASS)
  differ edgeenc (atomic=1 seed=28)                          ok (DIFFER edgeenc: 6757 ops, 0 diffs, 0 deadline-bounded TTL checks -> PASS)
  differ edgeproto (atomic=1 seed=28)                        ok (DIFFER edgeproto: 5200 ops, 0 diffs, 0 deadline-bounded TTL checks -> PASS)
  differ cmdgap (atomic=1 seed=28)                           ok (DIFFER cmdgap: 4213 ops, 0 diffs, 0 deadline-bounded TTL checks -> PASS)
  differ cmdgap2 (atomic=1 seed=28)                          ok (DIFFER cmdgap2: 4241 ops, 0 diffs, 0 deadline-bounded TTL checks -> PASS)
  differ sort (atomic=1 seed=28)                             SKIP (suite requires the split 6:2 geometry)
  differ servertail (atomic=1 seed=28)                       ok (DIFFER servertail: 5339 ops, 0 diffs, 0 deadline-bounded TTL checks -> PASS)
  differ arity (atomic=1 seed=28)                            ok (DIFFER arity: 4200 ops, 0 diffs, 0 deadline-bounded TTL checks -> PASS)
  differ storeorder (atomic=1 seed=28)                       ok (DIFFER storeorder: 4600 ops, 0 diffs, 0 deadline-bounded TTL checks -> PASS)
  differ infofix (atomic=1 seed=28)                          ok (DIFFER infofix: 4200 ops, 0 diffs, 0 deadline-bounded TTL checks -> PASS)
  differ multidb (atomic=1 seed=28)                          ok (DIFFER multidb: 5509 ops, 0 diffs, 0 deadline-bounded TTL checks -> PASS)
  differ blocking (atomic=1 seed=28)                         ok (DIFFER blocking: 5290 logical ops, 5351 checks, 0 diffs -> PASS)
  differ pubsub (atomic=1 seed=28)                           ok (DIFFER pubsub: 4198 logical ops, 24853 checks, 0 diffs -> PASS)
  differ fanout (atomic=1 seed=28)                           ok (DIFFER fanout: 12333 checks, 0 diffs -> PASS)
  differ spubsub (atomic=1 seed=28)                          ok (DIFFER spubsub: 807 checks, 0 diffs -> PASS)
  differ notify (atomic=1 seed=28)                           ok (DIFFER notify: 333 ops, 462 events, 0 diffs -> PASS)
  differ wiredump (atomic=1 seed=28)                         ok (DIFFER wiredump: 4200 ops, 0 diffs, 773 deadline-bounded TTL checks -> PASS)
  differ climon (atomic=1 seed=28)                           ok (DIFFER climon: 4318 ops, 0 diffs -> PASS)
  differ compatintro (atomic=1 seed=28)                      ok (DIFFER compatintro: 5548 checks, 0 diffs -> PASS (getkeys=1550, config_multi=640, client_rows=222, acl_mutations=388, notify_events=15, silence_controls=5))
  differ aclsel (atomic=1 seed=28)                           ok (DIFFER aclsel: 12619 checks, 0 diffs -> PASS (rejections=4200, unchanged=4200, grants=1400, command_denials=700, key_denials=1400, channel_denials=700))
  differ cmdmeta (atomic=1 seed=28)                          ok (DIFFER cmdmeta: 4475 ops, 0 diffs -> PASS (info=2061, intent=2139, pipes=96, categories=21, docs_boundary=1, zero_controls=2, absent_info_docs=78, patterns=8, module_filters=3))
  differ s6fix (atomic=1 seed=28)                            ok (DIFFER s6fix: 48456 logical ops, 0 diffs -> PASS)
  differ ccfix (atomic=1 seed=28)                            ok (DIFFER ccfix: 222 exact comparisons -> PASS)
  differ psfix (atomic=1 seed=28)                            ok (DIFFER psfix: 27 exact/property checks, 0 diffs -> PASS)
  differ string (atomic=1 seed=29)                           ok (DIFFER string: 4033 ops, 0 diffs, 221 deadline-bounded TTL checks -> PASS)
  differ list (atomic=1 seed=29)                             ok (DIFFER list: 3521 ops, 0 diffs, 0 deadline-bounded TTL checks -> PASS)
  differ set (atomic=1 seed=29)                              ok (DIFFER set: 3524 ops, 0 diffs, 0 deadline-bounded TTL checks -> PASS)
  differ zset (atomic=1 seed=29)                             ok (DIFFER zset: 3531 ops, 0 diffs, 0 deadline-bounded TTL checks -> PASS)
  differ hash (atomic=1 seed=29)                             ok (DIFFER hash: 3545 ops, 0 diffs, 0 deadline-bounded TTL checks -> PASS)
  differ hexpire (atomic=1 seed=29)                          ok (DIFFER hexpire: 4288 ops, 0 diffs, 295 deadline-bounded TTL checks -> PASS)
  differ edgetime (atomic=1 seed=29)                         ok (DIFFER edgetime: 4427 ops, 0 diffs, 49 deadline-bounded TTL checks -> PASS)
  differ xshard (atomic=1 seed=29)                           ok (DIFFER xshard: 4276 ops, 0 diffs, 0 deadline-bounded TTL checks -> PASS)
  differ xmove (atomic=1 seed=29)                            ok (DIFFER xmove: 4263 ops, 0 diffs, 0 deadline-bounded TTL checks -> PASS)
  differ bitmap (atomic=1 seed=29)                           ok (DIFFER bitmap: 4262 ops, 0 diffs, 0 deadline-bounded TTL checks -> PASS)
  differ hll (atomic=1 seed=29)                              ok (DIFFER hll: 3083 ops, 0 diffs, 0 deadline-bounded TTL checks -> PASS)
  differ bitfield (atomic=1 seed=29)                         ok (DIFFER bitfield: 3226 ops, 0 diffs, 1 deadline-bounded TTL checks -> PASS)
  differ cgaps (atomic=1 seed=29)                            ok (DIFFER cgaps: 3310 ops, 0 diffs, 0 deadline-bounded TTL checks -> PASS)
  differ stream (atomic=1 seed=29)                           ok (DIFFER stream: 4031 ops, 0 diffs, 0 deadline-bounded TTL checks -> PASS)
  differ script (atomic=1 seed=29)                           ok (DIFFER script: 5061 ops, 0 diffs, 0 deadline-bounded TTL checks -> PASS)
  differ streamgrp (atomic=1 seed=29)                        ok (DIFFER streamgrp: 4052 ops, 0 diffs, 0 deadline-bounded TTL checks -> PASS)
  differ zsetops (atomic=1 seed=29)                          ok (DIFFER zsetops: 4200 ops, 0 diffs, 0 deadline-bounded TTL checks -> PASS)
  differ geo (atomic=1 seed=29)                              ok (DIFFER geo: 4951 ops, 0 diffs, 0 deadline-bounded TTL checks -> PASS)
  differ doubles (atomic=1 seed=29)                          ok (DIFFER doubles: 5000 ops, 0 diffs, 0 deadline-bounded TTL checks -> PASS)
  differ scan (atomic=1 seed=29)                             ok (DIFFER scan: 4081 ops, 0 diffs, 0 deadline-bounded TTL checks -> PASS)
  differ multi (atomic=1 seed=29)                            ok (DIFFER multi: 4270 ops, 0 diffs, 0 deadline-bounded TTL checks -> PASS)
  differ edgeenc (atomic=1 seed=29)                          ok (DIFFER edgeenc: 6757 ops, 0 diffs, 0 deadline-bounded TTL checks -> PASS)
  differ edgeproto (atomic=1 seed=29)                        ok (DIFFER edgeproto: 5200 ops, 0 diffs, 0 deadline-bounded TTL checks -> PASS)
  differ cmdgap (atomic=1 seed=29)                           ok (DIFFER cmdgap: 4213 ops, 0 diffs, 0 deadline-bounded TTL checks -> PASS)
  differ cmdgap2 (atomic=1 seed=29)                          ok (DIFFER cmdgap2: 4241 ops, 0 diffs, 0 deadline-bounded TTL checks -> PASS)
  differ sort (atomic=1 seed=29)                             SKIP (suite requires the split 6:2 geometry)
  differ servertail (atomic=1 seed=29)                       ok (DIFFER servertail: 5339 ops, 0 diffs, 0 deadline-bounded TTL checks -> PASS)
  differ arity (atomic=1 seed=29)                            ok (DIFFER arity: 4200 ops, 0 diffs, 0 deadline-bounded TTL checks -> PASS)
  differ storeorder (atomic=1 seed=29)                       ok (DIFFER storeorder: 4600 ops, 0 diffs, 0 deadline-bounded TTL checks -> PASS)
  differ infofix (atomic=1 seed=29)                          ok (DIFFER infofix: 4200 ops, 0 diffs, 0 deadline-bounded TTL checks -> PASS)
  differ multidb (atomic=1 seed=29)                          ok (DIFFER multidb: 5539 ops, 0 diffs, 0 deadline-bounded TTL checks -> PASS)
  differ blocking (atomic=1 seed=29)                         ok (DIFFER blocking: 5320 logical ops, 5381 checks, 0 diffs -> PASS)
  differ pubsub (atomic=1 seed=29)                           ok (DIFFER pubsub: 4198 logical ops, 24813 checks, 0 diffs -> PASS)
  differ fanout (atomic=1 seed=29)                           ok (DIFFER fanout: 10981 checks, 0 diffs -> PASS)
  differ spubsub (atomic=1 seed=29)                          ok (DIFFER spubsub: 778 checks, 0 diffs -> PASS)
  differ notify (atomic=1 seed=29)                           ok (DIFFER notify: 320 ops, 448 events, 0 diffs -> PASS)
  differ wiredump (atomic=1 seed=29)                         ok (DIFFER wiredump: 4200 ops, 0 diffs, 846 deadline-bounded TTL checks -> PASS)
  differ climon (atomic=1 seed=29)                           ok (DIFFER climon: 4318 ops, 0 diffs -> PASS)
  differ compatintro (atomic=1 seed=29)                      ok (DIFFER compatintro: 5581 checks, 0 diffs -> PASS (getkeys=1550, config_multi=643, client_rows=244, acl_mutations=390, notify_events=15, silence_controls=5))
  differ aclsel (atomic=1 seed=29)                           ok (DIFFER aclsel: 12619 checks, 0 diffs -> PASS (rejections=4200, unchanged=4200, grants=1400, command_denials=700, key_denials=1400, channel_denials=700))
  differ cmdmeta (atomic=1 seed=29)                          ok (DIFFER cmdmeta: 4475 ops, 0 diffs -> PASS (info=2132, intent=2068, pipes=96, categories=21, docs_boundary=1, zero_controls=2, absent_info_docs=78, patterns=8, module_filters=3))
  differ s6fix (atomic=1 seed=29)                            ok (DIFFER s6fix: 48456 logical ops, 0 diffs -> PASS)
  differ ccfix (atomic=1 seed=29)                            ok (DIFFER ccfix: 222 exact comparisons -> PASS)
  differ psfix (atomic=1 seed=29)                            ok (DIFFER psfix: 27 exact/property checks, 0 diffs -> PASS)
  differ multi (atomic=1 seed=19 rep 1)                      ok (DIFFER multi: 4272 ops, 0 diffs, 0 deadline-bounded TTL checks -> PASS)
  differ multi (atomic=1 seed=19 rep 2)                      ok (DIFFER multi: 4272 ops, 0 diffs, 0 deadline-bounded TTL checks -> PASS)
  differ multi (atomic=1 seed=19 rep 3)                      ok (DIFFER multi: 4272 ops, 0 diffs, 0 deadline-bounded TTL checks -> PASS)
  differ multi (atomic=1 seed=19 rep 4)                      ok (DIFFER multi: 4272 ops, 0 diffs, 0 deadline-bounded TTL checks -> PASS)
  read-local lane fired (atomic=1)                           ok (hits=981 fallbacks=276 at peak; final_hits=21 final_fallbacks=239)
  target atomic=1 stop                                       ok (port 18139 free)
  oracle stop                                                ok (port 18140 free)
DIFFER COMMAND COVERAGE: diffed 232 of 245 registered commands (1238671 recorded comparison witnesses, 262 legs)
  not observed in compared replies/properties: BGREWRITEAOF, FLIP, HELLO, LOLWUT, MONITOR, QUIT, REPLICAOF, SHUTDOWN, SLAVEOF, TIME, UNWATCH, WATCH, ZREVRANGE
DIFFER GATE: pass=263 fail=0 runtime=9m07s
  Redis 7.4 differential part (armed fused, atomic 1)  ok
GATE(PARTIAL): 3 ok, 0 FAIL; no EXPECT tally, ABBA, NIC or receipt; ledger: /home/user/Projects/cx-ccfix/build/gate-run.2vmPJr/ledger.partial
