topology: 1 L3 domain(s)
  domain  0: 8 cpus [112,113,114,115,116,117,118,119]
tomokv-cpp: 8 unified threads, 16 shard(s), thread-mode=1s, overlap=0 (executor prefetch; ordinary IO), io_uring, alloc=jemalloc, reorder=0, read-local=1
  thread t0: role=unified cpu=112 L3=0 shards=2 send=self
  thread t1: role=unified cpu=113 L3=0 shards=2 send=self
  thread t2: role=unified cpu=114 L3=0 shards=2 send=self
  thread t3: role=unified cpu=115 L3=0 shards=2 send=self
  thread t4: role=unified cpu=116 L3=0 shards=2 send=self
  thread t5: role=unified cpu=117 L3=0 shards=2 send=self
  thread t6: role=unified cpu=118 L3=0 shards=2 send=self
  thread t7: role=unified cpu=119 L3=0 shards=2 send=self
listening on 127.0.0.1:18340
persistence: enabled=0 posted=0 flushed=0 durable=0 refused=0 pending_chunks=0 producers_with_pending=0 drain_gave_up=0 failed=0

thread role          ops      iters   busy_ms   idle_ms    cpu_ms   wake_tx  wake_rx
t0     uni             2        111       0.1     285.4       0.8         0        1
io_tenure t0/0 busy_ns=132850 idle_ns=285404002 entry_ns=3160530077347196 begin_ns=3160530077347216 end_ns=3160530362884068 exit_ns=3160530362884198 role_exit=0 stopped=1
t1     uni             2        107       0.1     285.4       0.7         0        1
io_tenure t1/0 busy_ns=138210 idle_ns=285407082 entry_ns=3160530077339086 begin_ns=3160530077339116 end_ns=3160530362884408 exit_ns=3160530362884528 role_exit=0 stopped=1
t2     uni             3        141       0.3     285.2       0.8         2        5
io_tenure t2/0 busy_ns=319170 idle_ns=285226952 entry_ns=3160530077336366 begin_ns=3160530077336396 end_ns=3160530362882518 exit_ns=3160530362882638 role_exit=0 stopped=1
t3     uni             2         97       0.1     285.4       0.7         0        1
io_tenure t3/0 busy_ns=143450 idle_ns=285402762 entry_ns=3160530077336706 begin_ns=3160530077336736 end_ns=3160530362882948 exit_ns=3160530362883078 role_exit=0 stopped=1
t4     uni             2         99       0.1     285.4       0.6         0        1
io_tenure t4/0 busy_ns=121420 idle_ns=285405362 entry_ns=3160530077352646 begin_ns=3160530077352676 end_ns=3160530362879458 exit_ns=3160530362879578 role_exit=0 stopped=1
t5     uni             7        118       0.2     285.3       0.7         5       10
io_tenure t5/0 busy_ns=185079 idle_ns=285349323 entry_ns=3160530077342766 begin_ns=3160530077342796 end_ns=3160530362877198 exit_ns=3160530362877328 role_exit=0 stopped=1
t6     uni             2         85       0.1     285.4       0.7         0        1
io_tenure t6/0 busy_ns=132190 idle_ns=285418072 entry_ns=3160530077331526 begin_ns=3160530077331706 end_ns=3160530362881968 exit_ns=3160530362882088 role_exit=0 stopped=1
t7     uni             6        100       1.0     284.5       1.6         9       12
io_tenure t7/0 busy_ns=1021984 idle_ns=284529958 entry_ns=3160530077340756 begin_ns=3160530077340786 end_ns=3160530362892728 exit_ns=3160530362892758 role_exit=0 stopped=1
wb: retired=10 direct=1 sends=10/10 short=0 err=0 peer_aborts=0 bytes=10900 zc_sends=0 zc_bytes=0 zc_releases=0 serves=13 empty=3
tls: accepts=0 handshakes=0/0 failed=0 freed=0 want_read=0 want_write=0 cipher_in=0 plain_in=0 cipher_out=0 plain_out=0 zc_suppressed=0 ktls_active=0 ktls_fallback=0
stuck: live_conns=0 rob_not_quiesced=0 unsent_bytes_pending=0 | slots done=0 issued=0 free=0 flag_set=0
shutdown: unified_work=26 accepts=3 accept_err=0 rearm=0 sqe_starved=0 notify_drop=0
shutdown_report {"schema":1,"thread_mode":"1s","work":{"kind":"fused","unified":26},"threads":[{"tid":0,"role":"fused","ops":2,"iterations":111,"busy_ns":132850,"idle_ns":285404002,"cpu_ns":805369,"wake_tx":0,"wake_rx":1,"io_tenures":[{"entry_ns":3160530077347196,"begin_ns":3160530077347216,"end_ns":3160530362884068,"exit_ns":3160530362884198,"busy_ns":132850,"idle_ns":285404002,"role_exit":false,"stopped":true,"did_submit":0,"sweep_submit":0,"park":0}]},{"tid":1,"role":"fused","ops":2,"iterations":107,"busy_ns":138210,"idle_ns":285407082,"cpu_ns":700987,"wake_tx":0,"wake_rx":1,"io_tenures":[{"entry_ns":3160530077339086,"begin_ns":3160530077339116,"end_ns":3160530362884408,"exit_ns":3160530362884528,"busy_ns":138210,"idle_ns":285407082,"role_exit":false,"stopped":true,"did_submit":0,"sweep_submit":0,"park":0}]},{"tid":2,"role":"fused","ops":3,"iterations":141,"busy_ns":319170,"idle_ns":285226952,"cpu_ns":829898,"wake_tx":2,"wake_rx":5,"io_tenures":[{"entry_ns":3160530077336366,"begin_ns":3160530077336396,"end_ns":3160530362882518,"exit_ns":3160530362882638,"busy_ns":319170,"idle_ns":285226952,"role_exit":false,"stopped":true,"did_submit":0,"sweep_submit":0,"park":0}]},{"tid":3,"role":"fused","ops":2,"iterations":97,"busy_ns":143450,"idle_ns":285402762,"cpu_ns":698142,"wake_tx":0,"wake_rx":1,"io_tenures":[{"entry_ns":3160530077336706,"begin_ns":3160530077336736,"end_ns":3160530362882948,"exit_ns":3160530362883078,"busy_ns":143450,"idle_ns":285402762,"role_exit":false,"stopped":true,"did_submit":0,"sweep_submit":0,"park":0}]},{"tid":4,"role":"fused","ops":2,"iterations":99,"busy_ns":121420,"idle_ns":285405362,"cpu_ns":642888,"wake_tx":0,"wake_rx":1,"io_tenures":[{"entry_ns":3160530077352646,"begin_ns":3160530077352676,"end_ns":3160530362879458,"exit_ns":3160530362879578,"busy_ns":121420,"idle_ns":285405362,"role_exit":false,"stopped":true,"did_submit":0,"sweep_submit":0,"park":0}]},{"tid":5,"role":"fused","ops":7,"iterations":118,"busy_ns":185079,"idle_ns":285349323,"cpu_ns":731855,"wake_tx":5,"wake_rx":10,"io_tenures":[{"entry_ns":3160530077342766,"begin_ns":3160530077342796,"end_ns":3160530362877198,"exit_ns":3160530362877328,"busy_ns":185079,"idle_ns":285349323,"role_exit":false,"stopped":true,"did_submit":0,"sweep_submit":0,"park":0}]},{"tid":6,"role":"fused","ops":2,"iterations":85,"busy_ns":132190,"idle_ns":285418072,"cpu_ns":727889,"wake_tx":0,"wake_rx":1,"io_tenures":[{"entry_ns":3160530077331526,"begin_ns":3160530077331706,"end_ns":3160530362881968,"exit_ns":3160530362882088,"busy_ns":132190,"idle_ns":285418072,"role_exit":false,"stopped":true,"did_submit":0,"sweep_submit":0,"park":0}]},{"tid":7,"role":"fused","ops":6,"iterations":100,"busy_ns":1021984,"idle_ns":284529958,"cpu_ns":1648262,"wake_tx":9,"wake_rx":12,"io_tenures":[{"entry_ns":3160530077340756,"begin_ns":3160530077340786,"end_ns":3160530362892728,"exit_ns":3160530362892758,"busy_ns":1021984,"idle_ns":284529958,"role_exit":false,"stopped":true,"did_submit":0,"sweep_submit":0,"park":0}]}],"wb":{"retired":10,"direct":1,"sends_completed":10,"sends_submitted":10,"short_writes":0,"send_errors":0,"peer_aborts":0,"bytes_sent":10900,"zc_sends":0,"zc_bytes":0,"zc_releases":0,"serves":13,"serves_empty":3},"tls":{"accepts":0,"handshakes_completed":0,"handshakes_started":0,"handshakes_failed":0,"connections_freed":0,"want_read":0,"want_write":0,"ciphertext_input_bytes":0,"plaintext_input_bytes":0,"ciphertext_output_bytes":0,"plaintext_output_bytes":0,"zc_suppressed":0,"ktls_active":0,"ktls_fallback":0},"stuck":{"live_conns":0,"rob_not_quiesced":0,"unsent_bytes_pending":0,"slots_done":0,"slots_issued":0,"slots_free":0,"flag_set":0},"epoll":{"enabled":false,"events":0,"recvs":0},"persistence":{"enabled":false,"recording":false,"failed":false,"drain_gave_up":false,"posted":0,"flushed":0,"durable":0,"refused":0,"pending_chunks":0,"records_written":0,"producers_with_pending":0,"producers_stopped":0,"producers_expected":0,"completions_pending":0},"accept":{"accepts":3,"accept_err":0,"rearm":0,"sqe_starved":0,"notify_drop":0}}
