Hot bodies: 744; raw byte equal: 603; bytes + resolved relocation targets equal: 616
DIFF cmd/l4prebuild.o 2032 1990 tomo::FlatStore::insert_into_read_local(int, unsigned long, tomo::KvObj*, bool)
DIFF cmd/l4prebuild.o 1191 1207 tomo::FlatStore::erase_in_read_local(int, unsigned long, tomo::Slice, bool*)
DIFF cmd/l4prebuild.o 955 971 tomo::FlatStore::erase_in(int, unsigned long, tomo::Slice, bool*)
DIFF cmd/l4prebuild.o 1416 1448 tomo::FlatStore::insert_into(int, unsigned long, tomo::KvObj*, bool)
DIFF cmd/l4prebuild.o 2542 2042 tomo::FlatStore::erase(unsigned long, tomo::Slice)
DIFF cmd/l4prebuild.o 2095 1897 tomo::FlatStore::insert(unsigned long, tomo::KvObj*)
DIFF cmd/multidb.o 2270 2304 tomo::FlatStore::insert_into_read_local(int, unsigned long, tomo::KvObj*, bool)
DIFF cmd/multidb.o 1282 1314 tomo::FlatStore::erase_in_read_local(int, unsigned long, tomo::Slice, bool*)
DIFF cmd/multidb.o 1862 1910 tomo::FlatStore::insert_into(int, unsigned long, tomo::KvObj*, bool)
DIFF cmd/pfdebug.o 2168 0 tomo::FlatStore::erase_in(int, unsigned long, tomo::Slice, bool*) [clone .isra.0]
DIFF cmd/pfdebug.o 697 2147 tomo::FlatStore::find(unsigned long, tomo::Slice)
DIFF cmd/scripting.o 2032 1990 tomo::FlatStore::insert_into_read_local(int, unsigned long, tomo::KvObj*, bool)
DIFF cmd/scripting.o 1191 1207 tomo::FlatStore::erase_in_read_local(int, unsigned long, tomo::Slice, bool*)
DIFF cmd/scripting.o 1700 1732 tomo::FlatStore::insert_into(int, unsigned long, tomo::KvObj*, bool)
DIFF cmd/scripting.o 2767 2799 tomo::FlatStore::erase(unsigned long, tomo::Slice)
DIFF cmd/serialize.o 855 871 tomo::FlatStore::erase_in_read_local(int, unsigned long, tomo::Slice, bool*)
DIFF cmd/serialize.o 1375 1405 tomo::FlatStore::insert_into_read_local(int, unsigned long, tomo::KvObj*, bool)
DIFF cmd/serialize.o 564 580 tomo::FlatStore::erase_in(int, unsigned long, tomo::Slice, bool*)
DIFF cmd/serialize.o 1213 1243 tomo::FlatStore::insert_into(int, unsigned long, tomo::KvObj*, bool)
DIFF cmd/serialize.o 1383 1320 tomo::FlatStore::erase(unsigned long, tomo::Slice)
DIFF cmd/server_tail.o 1497 1684 tomo::FlatStore::erase_in(int, unsigned long, tomo::Slice, bool*) [clone .isra.0]
DIFF cmd/t_hash.o 855 871 tomo::FlatStore::erase_in_read_local(int, unsigned long, tomo::Slice, bool*)
DIFF cmd/t_hash.o 1105 1135 tomo::FlatStore::insert_into_read_local(int, unsigned long, tomo::KvObj*, bool)
DIFF cmd/t_hash.o 564 580 tomo::FlatStore::erase_in(int, unsigned long, tomo::Slice, bool*)
DIFF cmd/t_hash.o 915 942 tomo::FlatStore::insert_into(int, unsigned long, tomo::KvObj*, bool)
DIFF cmd/t_hash_ttl.o 2079 2095 tomo::FlatStore::erase(unsigned long, tomo::Slice) [clone .isra.0]
DIFF cmd/t_hash_ttl.o 2523 2469 tomo::FlatStore::insert_into_read_local(int, unsigned long, tomo::KvObj*, bool)
DIFF cmd/t_hash_ttl.o 1282 1314 tomo::FlatStore::erase_in_read_local(int, unsigned long, tomo::Slice, bool*)
DIFF cmd/t_hash_ttl.o 1854 1837 tomo::FlatStore::insert_into(int, unsigned long, tomo::KvObj*, bool)
DIFF cmd/t_hash_ttl.o 955 971 tomo::FlatStore::erase_in(int, unsigned long, tomo::Slice, bool*)
DIFF cmd/t_list.o 855 871 tomo::FlatStore::erase_in_read_local(int, unsigned long, tomo::Slice, bool*)
DIFF cmd/t_list.o 1315 1345 tomo::FlatStore::insert_into_read_local(int, unsigned long, tomo::KvObj*, bool)
DIFF cmd/t_list.o 564 580 tomo::FlatStore::erase_in(int, unsigned long, tomo::Slice, bool*)
DIFF cmd/t_list.o 915 942 tomo::FlatStore::insert_into(int, unsigned long, tomo::KvObj*, bool)
DIFF cmd/t_list.o 1304 1320 tomo::FlatStore::erase(unsigned long, tomo::Slice)
DIFF cmd/t_server.o 1008 1311 tomo::FlatStore::erase_in(int, unsigned long, tomo::Slice, bool*) [clone .isra.0]
DIFF cmd/t_set.o 855 871 tomo::FlatStore::erase_in_read_local(int, unsigned long, tomo::Slice, bool*)
DIFF cmd/t_set.o 1105 1135 tomo::FlatStore::insert_into_read_local(int, unsigned long, tomo::KvObj*, bool)
DIFF cmd/t_set.o 564 580 tomo::FlatStore::erase_in(int, unsigned long, tomo::Slice, bool*)
DIFF cmd/t_set.o 915 942 tomo::FlatStore::insert_into(int, unsigned long, tomo::KvObj*, bool)
DIFF cmd/t_stream.o 855 871 tomo::FlatStore::erase_in_read_local(int, unsigned long, tomo::Slice, bool*)
DIFF cmd/t_stream.o 1105 1135 tomo::FlatStore::insert_into_read_local(int, unsigned long, tomo::KvObj*, bool)
DIFF cmd/t_stream.o 564 580 tomo::FlatStore::erase_in(int, unsigned long, tomo::Slice, bool*)
DIFF cmd/t_stream.o 915 942 tomo::FlatStore::insert_into(int, unsigned long, tomo::KvObj*, bool)
DIFF cmd/t_stream_groups.o 1497 0 tomo::FlatStore::erase_in(int, unsigned long, tomo::Slice, bool*) [clone .isra.0]
DIFF cmd/t_stream_groups.o 697 1644 tomo::FlatStore::find(unsigned long, tomo::Slice)
DIFF cmd/t_string.o 855 871 tomo::FlatStore::erase_in_read_local(int, unsigned long, tomo::Slice, bool*)
DIFF cmd/t_string.o 1315 1345 tomo::FlatStore::insert_into_read_local(int, unsigned long, tomo::KvObj*, bool)
DIFF cmd/t_string.o 564 580 tomo::FlatStore::erase_in(int, unsigned long, tomo::Slice, bool*)
DIFF cmd/t_string.o 1135 1165 tomo::FlatStore::insert_into(int, unsigned long, tomo::KvObj*, bool)
DIFF cmd/t_string.o 1304 819 tomo::FlatStore::erase(unsigned long, tomo::Slice)
DIFF cmd/t_string_notify.o 855 871 tomo::FlatStore::erase_in_read_local(int, unsigned long, tomo::Slice, bool*)
DIFF cmd/t_string_notify.o 1315 1345 tomo::FlatStore::insert_into_read_local(int, unsigned long, tomo::KvObj*, bool)
DIFF cmd/t_string_notify.o 564 580 tomo::FlatStore::erase_in(int, unsigned long, tomo::Slice, bool*)
DIFF cmd/t_string_notify.o 1135 1165 tomo::FlatStore::insert_into(int, unsigned long, tomo::KvObj*, bool)
DIFF cmd/t_string_notify.o 1304 1320 tomo::FlatStore::erase(unsigned long, tomo::Slice)
DIFF cmd/t_zset.o 855 871 tomo::FlatStore::erase_in_read_local(int, unsigned long, tomo::Slice, bool*)
DIFF cmd/t_zset.o 1315 1345 tomo::FlatStore::insert_into_read_local(int, unsigned long, tomo::KvObj*, bool)
DIFF cmd/t_zset.o 564 580 tomo::FlatStore::erase_in(int, unsigned long, tomo::Slice, bool*)
DIFF cmd/t_zset.o 915 942 tomo::FlatStore::insert_into(int, unsigned long, tomo::KvObj*, bool)
DIFF cmd/xshard.o 855 871 tomo::FlatStore::erase_in_read_local(int, unsigned long, tomo::Slice, bool*)
DIFF cmd/xshard.o 1102 1132 tomo::FlatStore::insert_into_read_local(int, unsigned long, tomo::KvObj*, bool)
DIFF cmd/xshard.o 987 1014 tomo::FlatStore::insert_into(int, unsigned long, tomo::KvObj*, bool)
DIFF cmd/xshard.o 772 783 tomo::FlatStore::erase_in(int, unsigned long, tomo::Slice, bool*)
DIFF cmd/xshard.o 1093 1109 tomo::FlatStore::erase(unsigned long, tomo::Slice)
DIFF cmd/xshard.o 1558 1590 tomo::FlatStore::insert_read_local(unsigned long, tomo::KvObj*)
DIFF core/genthread.o 9806 9822 tomo::IoLoop::DispatchResult tomo::IoLoop::parse_and_dispatch<true, 0u, false, false>(tomo::Client*) [clone .isra.0]
DIFF core/genthread.o 1423 1464 tomo::FlatStore::insert_into_read_local(int, unsigned long, tomo::KvObj*, bool)
DIFF core/genthread.o 855 871 tomo::FlatStore::erase_in_read_local(int, unsigned long, tomo::Slice, bool*)
DIFF core/genthread.o 991 1018 tomo::FlatStore::insert_into(int, unsigned long, tomo::KvObj*, bool)
DIFF core/genthread.o 772 783 tomo::FlatStore::erase_in(int, unsigned long, tomo::Slice, bool*)
DIFF core/genthread.o 894 910 tomo::FlatStore::erase(unsigned long, tomo::Slice)
DIFF core/genthread.o 18309 18335 tomo::IoLoop::DispatchResult tomo::IoLoop::parse_and_dispatch<false, 32u, false, false>(tomo::Client*)
DIFF core/genthread.o 18271 18292 tomo::IoLoop::DispatchResult tomo::IoLoop::parse_and_dispatch<true, 32u, false, false>(tomo::Client*)
DIFF core/reorder.o 9864 9880 tomo::IoLoop::DispatchResult tomo::IoLoop::parse_and_dispatch<true, 0u, false, false>(tomo::Client*) [clone .isra.0]
DIFF core/reorder.o 1567 1631 tomo::FlatStore::insert_into_read_local(int, unsigned long, tomo::KvObj*, bool)
DIFF core/reorder.o 1150 1166 tomo::FlatStore::erase_in_read_local(int, unsigned long, tomo::Slice, bool*)
DIFF core/reorder.o 1181 1213 tomo::FlatStore::insert_into(int, unsigned long, tomo::KvObj*, bool)
DIFF core/reorder.o 914 885 tomo::FlatStore::erase_in(int, unsigned long, tomo::Slice, bool*)
DIFF core/reorder.o 1128 1144 tomo::FlatStore::erase(unsigned long, tomo::Slice)
DIFF core/reorder.o 18158 18130 tomo::IoLoop::DispatchResult tomo::IoLoop::parse_and_dispatch<false, 32u, false, false>(tomo::Client*)
DIFF core/reorder.o 18129 18143 tomo::IoLoop::DispatchResult tomo::IoLoop::r7_parse_and_dispatch<false, 32u, false, false>(tomo::Client*)
DIFF core/reorder.o 18112 18158 tomo::IoLoop::DispatchResult tomo::IoLoop::parse_and_dispatch<true, 32u, false, false>(tomo::Client*)
DIFF core/reorder.o 18305 18296 tomo::IoLoop::DispatchResult tomo::IoLoop::r7_parse_and_dispatch<true, 32u, false, false>(tomo::Client*)
DIFF core/reorder.o 1338 1536 unsigned int tomo::ExLoopT<true>::r7_sweep<32u, true, false, false>()
DIFF core/rl2s.o 9768 9784 tomo::IoLoop::DispatchResult tomo::IoLoop::parse_and_dispatch<true, 0u, false, false>(tomo::Client*) [clone .isra.0]
DIFF core/rl2s.o 17490 17457 tomo::IoLoop::DispatchResult tomo::IoLoop::parse_and_dispatch<true, 32u, false, false>(tomo::Client*) [clone .isra.0]
DIFF core/rl2s.o 17435 17413 tomo::IoLoop::DispatchResult tomo::IoLoop::parse_and_dispatch<false, 32u, false, false>(tomo::Client*) [clone .isra.0]
DIFF core/rl2s.o 855 871 tomo::FlatStore::erase_in_read_local(int, unsigned long, tomo::Slice, bool*)
DIFF core/rl2s.o 1105 1135 tomo::FlatStore::insert_into_read_local(int, unsigned long, tomo::KvObj*, bool)
DIFF core/rl2s.o 915 942 tomo::FlatStore::insert_into(int, unsigned long, tomo::KvObj*, bool)
DIFF core/rl2s.o 564 580 tomo::FlatStore::erase_in(int, unsigned long, tomo::Slice, bool*)
DIFF core/rl2s.o 894 910 tomo::FlatStore::erase(unsigned long, tomo::Slice)
DIFF core/rl2s.o 772 852 auto tomo::IoLoop::parse_and_dispatch<false, 32u, false, true>(tomo::Client*)::{lambda(auto:1&&)#1}::operator()<tomo::IoLoop::parse_and_dispatch<false, 32u, false, true>(tomo::Client*)::{lambda(unsigned long)#1}::operator()(unsigned long) const::{lambda(tomo::Op const&)#1}>(tomo::IoLoop::parse_and_dispatch<false, 32u, false, true>(tomo::Client*)::{lambda(unsigned long)#1}::operator()(unsigned long) const::{lambda(tomo::Op const&)#1}&&) const
DIFF core/rl2s.o 772 852 auto tomo::IoLoop::parse_and_dispatch<false, 32u, false, true>(tomo::Client*)::{lambda(auto:1&&)#4}::operator()<tomo::IoLoop::parse_and_dispatch<false, 32u, false, true>(tomo::Client*)::{lambda(unsigned long)#5}::operator()(unsigned long) const::{lambda(tomo::Op const&)#1}>(tomo::IoLoop::parse_and_dispatch<false, 32u, false, true>(tomo::Client*)::{lambda(unsigned long)#5}::operator()(unsigned long) const::{lambda(tomo::Op const&)#1}&&) const
DIFF core/rl2s.o 852 772 auto tomo::IoLoop::parse_and_dispatch<true, 0u, true, true>(tomo::Client*)::{lambda(auto:1&&)#1}::operator()<tomo::IoLoop::parse_and_dispatch<true, 0u, true, true>(tomo::Client*)::{lambda(unsigned long)#1}::operator()(unsigned long) const::{lambda(tomo::Op const&)#1}>(tomo::IoLoop::parse_and_dispatch<true, 0u, true, true>(tomo::Client*)::{lambda(unsigned long)#1}::operator()(unsigned long) const::{lambda(tomo::Op const&)#1}&&) const
DIFF core/rl2s.o 852 772 auto tomo::IoLoop::parse_and_dispatch<true, 0u, true, true>(tomo::Client*)::{lambda(auto:1&&)#4}::operator()<tomo::IoLoop::parse_and_dispatch<true, 0u, true, true>(tomo::Client*)::{lambda(unsigned long)#5}::operator()(unsigned long) const::{lambda(tomo::Op const&)#1}>(tomo::IoLoop::parse_and_dispatch<true, 0u, true, true>(tomo::Client*)::{lambda(unsigned long)#5}::operator()(unsigned long) const::{lambda(tomo::Op const&)#1}&&) const
DIFF core/rl2s.o 772 852 auto tomo::IoLoop::parse_and_dispatch<false, 0u, true, true>(tomo::Client*)::{lambda(auto:1&&)#1}::operator()<tomo::IoLoop::parse_and_dispatch<false, 0u, true, true>(tomo::Client*)::{lambda(unsigned long)#1}::operator()(unsigned long) const::{lambda(tomo::Op const&)#1}>(tomo::IoLoop::parse_and_dispatch<false, 0u, true, true>(tomo::Client*)::{lambda(unsigned long)#1}::operator()(unsigned long) const::{lambda(tomo::Op const&)#1}&&) const
DIFF core/rl2s.o 772 852 auto tomo::IoLoop::parse_and_dispatch<false, 0u, true, true>(tomo::Client*)::{lambda(auto:1&&)#4}::operator()<tomo::IoLoop::parse_and_dispatch<false, 0u, true, true>(tomo::Client*)::{lambda(unsigned long)#5}::operator()(unsigned long) const::{lambda(tomo::Op const&)#1}>(tomo::IoLoop::parse_and_dispatch<false, 0u, true, true>(tomo::Client*)::{lambda(unsigned long)#5}::operator()(unsigned long) const::{lambda(tomo::Op const&)#1}&&) const
DIFF core/rl2s.o 852 772 auto tomo::IoLoop::parse_and_dispatch<false, 32u, false, false>(tomo::Client*)::{lambda(auto:1&&)#1}::operator()<tomo::IoLoop::parse_and_dispatch<false, 32u, false, false>(tomo::Client*)::{lambda(unsigned long)#1}::operator()(unsigned long) const::{lambda(tomo::Op const&)#1}>(tomo::IoLoop::parse_and_dispatch<false, 32u, false, false>(tomo::Client*)::{lambda(unsigned long)#1}::operator()(unsigned long) const::{lambda(tomo::Op const&)#1}&&) const
DIFF core/rl2s.o 852 772 auto tomo::IoLoop::parse_and_dispatch<false, 32u, false, false>(tomo::Client*)::{lambda(auto:1&&)#4}::operator()<tomo::IoLoop::parse_and_dispatch<false, 32u, false, false>(tomo::Client*)::{lambda(unsigned long)#5}::operator()(unsigned long) const::{lambda(tomo::Op const&)#1}>(tomo::IoLoop::parse_and_dispatch<false, 32u, false, false>(tomo::Client*)::{lambda(unsigned long)#5}::operator()(unsigned long) const::{lambda(tomo::Op const&)#1}&&) const
DIFF core/rl2s.o 3775 3887 unsigned int tomo::ExLoopT<true>::fused_pass_impl<32u, true, false, false>()
DIFF core/rl2s.o 17453 17442 tomo::IoLoop::DispatchResult tomo::IoLoop::parse_and_dispatch<false, 32u, false, true>(tomo::Client*)
DIFF core/rl2s.o 17559 17535 tomo::IoLoop::DispatchResult tomo::IoLoop::parse_and_dispatch<true, 32u, false, true>(tomo::Client*)
DIFF core/rl2s.o 17129 17129 tomo::IoLoop::DispatchResult tomo::IoLoop::parse_and_dispatch<false, 0u, true, true>(tomo::Client*)
DIFF core/rl2s.o 17149 17149 tomo::IoLoop::DispatchResult tomo::IoLoop::parse_and_dispatch<true, 0u, true, true>(tomo::Client*)
DIFF core/rl2s.o 3866 3866 void tomo::IoLoop::run_loop<false, false, false, true, (unsigned char)1, true>()
DIFF main.o 1572 1572 bool tomo::IoLoop::drive_tls<false, false, (unsigned char)1>(tomo::Client*) [clone .isra.0]
DIFF main.o 1618 1602 bool tomo::IoLoop::drive_tls<true, false, (unsigned char)1>(tomo::Client*) [clone .isra.0]
DIFF main.o 1684 1668 bool tomo::IoLoop::drive_tls<false, false, (unsigned char)0>(tomo::Client*) [clone .isra.0]
DIFF main.o 1423 1464 tomo::FlatStore::insert_into_read_local(int, unsigned long, tomo::KvObj*, bool)
DIFF main.o 1012 1044 tomo::FlatStore::erase_in_read_local(int, unsigned long, tomo::Slice, bool*)
DIFF main.o 991 1018 tomo::FlatStore::insert_into(int, unsigned long, tomo::KvObj*, bool)
DIFF main.o 772 783 tomo::FlatStore::erase_in(int, unsigned long, tomo::Slice, bool*)
DIFF main.o 894 910 tomo::FlatStore::erase(unsigned long, tomo::Slice)
DIFF main.o 9948 9964 tomo::IoLoop::DispatchResult tomo::IoLoop::parse_and_dispatch<false, 0u, false, false>(tomo::Client*)
DIFF main.o 9684 9700 tomo::IoLoop::DispatchResult tomo::IoLoop::parse_and_dispatch<false, 0u, true, false>(tomo::Client*)
DIFF main.o 9629 9645 tomo::IoLoop::DispatchResult tomo::IoLoop::parse_and_dispatch<true, 0u, true, false>(tomo::Client*)
DIFF main.o 9916 9932 tomo::IoLoop::DispatchResult tomo::IoLoop::parse_and_dispatch<true, 0u, false, false>(tomo::Client*)
DIFF persist/aof.o 520 538 tomo::FlatStore::erase_in_read_local(int, unsigned long, tomo::Slice, bool*)
DIFF persist/aof.o 1375 1405 tomo::FlatStore::insert_into_read_local(int, unsigned long, tomo::KvObj*, bool)
DIFF persist/aof.o 564 580 tomo::FlatStore::erase_in(int, unsigned long, tomo::Slice, bool*)
DIFF persist/aof.o 1213 1243 tomo::FlatStore::insert_into(int, unsigned long, tomo::KvObj*, bool)
DIFF persist/aof.o 1304 819 tomo::FlatStore::erase(unsigned long, tomo::Slice)
DIFF snapshot/snapshot.o 855 871 tomo::FlatStore::erase_in_read_local(int, unsigned long, tomo::Slice, bool*)
DIFF snapshot/snapshot.o 1375 1405 tomo::FlatStore::insert_into_read_local(int, unsigned long, tomo::KvObj*, bool)
DIFF snapshot/snapshot.o 564 580 tomo::FlatStore::erase_in(int, unsigned long, tomo::Slice, bool*)
DIFF snapshot/snapshot.o 1213 1243 tomo::FlatStore::insert_into(int, unsigned long, tomo::KvObj*, bool)
