topology: 1 L3 domain(s)
  domain  0: 8 cpus [112,113,114,115,116,117,118,119]
tomokv-cpp: 8 unified threads, 16 shard(s), thread-mode=1s, overlap=0 (executor prefetch; ordinary IO), io_uring, alloc=jemalloc, reorder=0, read-local=1
  thread t0: role=unified cpu=112 L3=0 shards=2 send=self
  thread t1: role=unified cpu=113 L3=0 shards=2 send=self
  thread t2: role=unified cpu=114 L3=0 shards=2 send=self
  thread t3: role=unified cpu=115 L3=0 shards=2 send=self
  thread t4: role=unified cpu=116 L3=0 shards=2 send=self
  thread t5: role=unified cpu=117 L3=0 shards=2 send=self
  thread t6: role=unified cpu=118 L3=0 shards=2 send=self
  thread t7: role=unified cpu=119 L3=0 shards=2 send=self
listening on 127.0.0.1:18179
persistence: enabled=0 posted=0 flushed=0 durable=0 refused=0 pending_chunks=0 producers_with_pending=0 drain_gave_up=0 failed=0

thread role          ops      iters   busy_ms   idle_ms    cpu_ms   wake_tx  wake_rx
t0     uni             2        148       0.1     113.5       0.7         0        0
io_tenure t0/0 busy_ns=108151 idle_ns=113529280 entry_ns=2984456729500523 begin_ns=2984456729500553 end_ns=2984456843137984 exit_ns=2984456843138124 role_exit=0 stopped=1
t1     uni             2        176       0.1     113.5       0.6         0        0
io_tenure t1/0 busy_ns=124441 idle_ns=113528410 entry_ns=2984456729482423 begin_ns=2984456729482443 end_ns=2984456843135294 exit_ns=2984456843135484 role_exit=0 stopped=1
t2     uni             2        157       0.1     113.5       0.5         0        0
io_tenure t2/0 busy_ns=114661 idle_ns=113533810 entry_ns=2984456729490243 begin_ns=2984456729490263 end_ns=2984456843138734 exit_ns=2984456843139194 role_exit=0 stopped=1
t3     uni             2        160       0.1     113.5       0.6         0        0
io_tenure t3/0 busy_ns=123771 idle_ns=113532060 entry_ns=2984456729480583 begin_ns=2984456729480603 end_ns=2984456843136434 exit_ns=2984456843136554 role_exit=0 stopped=1
t4     uni             2        168       0.1     113.5       0.5         0        0
io_tenure t4/0 busy_ns=117460 idle_ns=113529871 entry_ns=2984456729484483 begin_ns=2984456729484513 end_ns=2984456843131844 exit_ns=2984456843132074 role_exit=0 stopped=1
t5     uni          4101       6214      17.3      96.3      24.7         0        0
io_tenure t5/0 busy_ns=17292923 idle_ns=96343178 entry_ns=2984456729496713 begin_ns=2984456729496743 end_ns=2984456843132844 exit_ns=2984456843132984 role_exit=0 stopped=1
t6     uni             2        141       0.1     113.5       0.5         0        0
io_tenure t6/0 busy_ns=99521 idle_ns=113546720 entry_ns=2984456729498693 begin_ns=2984456729498723 end_ns=2984456843144964 exit_ns=2984456843144994 role_exit=0 stopped=1
t7     uni             2        150       0.1     113.5       0.5         0        0
io_tenure t7/0 busy_ns=111600 idle_ns=113536001 entry_ns=2984456729486413 begin_ns=2984456729486443 end_ns=2984456843134044 exit_ns=2984456843134174 role_exit=0 stopped=1
wb: retired=2060 direct=2048 sends=2060/2060 short=0 err=0 peer_aborts=0 bytes=77004 zc_sends=0 zc_bytes=0 zc_releases=0 serves=2189 empty=129
tls: accepts=0 handshakes=0/0 failed=0 freed=0 want_read=0 want_write=0 cipher_in=0 plain_in=0 cipher_out=0 plain_out=0 zc_suppressed=0 ktls_active=0 ktls_fallback=0
stuck: live_conns=0 rob_not_quiesced=0 unsent_bytes_pending=0 | slots done=0 issued=0 free=0 flag_set=0
shutdown: unified_work=4115 accepts=1 accept_err=0 rearm=0 sqe_starved=0 notify_drop=0
shutdown_report {"schema":1,"thread_mode":"1s","work":{"kind":"fused","unified":4115},"threads":[{"tid":0,"role":"fused","ops":2,"iterations":148,"busy_ns":108151,"idle_ns":113529280,"cpu_ns":668850,"wake_tx":0,"wake_rx":0,"io_tenures":[{"entry_ns":2984456729500523,"begin_ns":2984456729500553,"end_ns":2984456843137984,"exit_ns":2984456843138124,"busy_ns":108151,"idle_ns":113529280,"role_exit":false,"stopped":true,"did_submit":0,"sweep_submit":0,"park":0}]},{"tid":1,"role":"fused","ops":2,"iterations":176,"busy_ns":124441,"idle_ns":113528410,"cpu_ns":557200,"wake_tx":0,"wake_rx":0,"io_tenures":[{"entry_ns":2984456729482423,"begin_ns":2984456729482443,"end_ns":2984456843135294,"exit_ns":2984456843135484,"busy_ns":124441,"idle_ns":113528410,"role_exit":false,"stopped":true,"did_submit":0,"sweep_submit":0,"park":0}]},{"tid":2,"role":"fused","ops":2,"iterations":157,"busy_ns":114661,"idle_ns":113533810,"cpu_ns":490230,"wake_tx":0,"wake_rx":0,"io_tenures":[{"entry_ns":2984456729490243,"begin_ns":2984456729490263,"end_ns":2984456843138734,"exit_ns":2984456843139194,"busy_ns":114661,"idle_ns":113533810,"role_exit":false,"stopped":true,"did_submit":0,"sweep_submit":0,"park":0}]},{"tid":3,"role":"fused","ops":2,"iterations":160,"busy_ns":123771,"idle_ns":113532060,"cpu_ns":553140,"wake_tx":0,"wake_rx":0,"io_tenures":[{"entry_ns":2984456729480583,"begin_ns":2984456729480603,"end_ns":2984456843136434,"exit_ns":2984456843136554,"busy_ns":123771,"idle_ns":113532060,"role_exit":false,"stopped":true,"did_submit":0,"sweep_submit":0,"park":0}]},{"tid":4,"role":"fused","ops":2,"iterations":168,"busy_ns":117460,"idle_ns":113529871,"cpu_ns":508330,"wake_tx":0,"wake_rx":0,"io_tenures":[{"entry_ns":2984456729484483,"begin_ns":2984456729484513,"end_ns":2984456843131844,"exit_ns":2984456843132074,"busy_ns":117460,"idle_ns":113529871,"role_exit":false,"stopped":true,"did_submit":0,"sweep_submit":0,"park":0}]},{"tid":5,"role":"fused","ops":4101,"iterations":6214,"busy_ns":17292923,"idle_ns":96343178,"cpu_ns":24671620,"wake_tx":0,"wake_rx":0,"io_tenures":[{"entry_ns":2984456729496713,"begin_ns":2984456729496743,"end_ns":2984456843132844,"exit_ns":2984456843132984,"busy_ns":17292923,"idle_ns":96343178,"role_exit":false,"stopped":true,"did_submit":0,"sweep_submit":0,"park":0}]},{"tid":6,"role":"fused","ops":2,"iterations":141,"busy_ns":99521,"idle_ns":113546720,"cpu_ns":504100,"wake_tx":0,"wake_rx":0,"io_tenures":[{"entry_ns":2984456729498693,"begin_ns":2984456729498723,"end_ns":2984456843144964,"exit_ns":2984456843144994,"busy_ns":99521,"idle_ns":113546720,"role_exit":false,"stopped":true,"did_submit":0,"sweep_submit":0,"park":0}]},{"tid":7,"role":"fused","ops":2,"iterations":150,"busy_ns":111600,"idle_ns":113536001,"cpu_ns":546060,"wake_tx":0,"wake_rx":0,"io_tenures":[{"entry_ns":2984456729486413,"begin_ns":2984456729486443,"end_ns":2984456843134044,"exit_ns":2984456843134174,"busy_ns":111600,"idle_ns":113536001,"role_exit":false,"stopped":true,"did_submit":0,"sweep_submit":0,"park":0}]}],"wb":{"retired":2060,"direct":2048,"sends_completed":2060,"sends_submitted":2060,"short_writes":0,"send_errors":0,"peer_aborts":0,"bytes_sent":77004,"zc_sends":0,"zc_bytes":0,"zc_releases":0,"serves":2189,"serves_empty":129},"tls":{"accepts":0,"handshakes_completed":0,"handshakes_started":0,"handshakes_failed":0,"connections_freed":0,"want_read":0,"want_write":0,"ciphertext_input_bytes":0,"plaintext_input_bytes":0,"ciphertext_output_bytes":0,"plaintext_output_bytes":0,"zc_suppressed":0,"ktls_active":0,"ktls_fallback":0},"stuck":{"live_conns":0,"rob_not_quiesced":0,"unsent_bytes_pending":0,"slots_done":0,"slots_issued":0,"slots_free":0,"flag_set":0},"epoll":{"enabled":false,"events":0,"recvs":0},"persistence":{"enabled":false,"recording":false,"failed":false,"drain_gave_up":false,"posted":0,"flushed":0,"durable":0,"refused":0,"pending_chunks":0,"records_written":0,"producers_with_pending":0,"producers_stopped":0,"producers_expected":0,"completions_pending":0},"accept":{"accepts":1,"accept_err":0,"rearm":0,"sqe_starved":0,"notify_drop":0}}
