topology: 1 L3 domain(s)
  domain  0: 8 cpus [112,113,114,115,116,117,118,119]
tomokv-cpp: 8 unified threads, 16 shard(s), thread-mode=1s, overlap=0 (executor prefetch; ordinary IO), io_uring, alloc=jemalloc, reorder=0, read-local=1
  thread t0: role=unified cpu=112 L3=0 shards=2 send=self
  thread t1: role=unified cpu=113 L3=0 shards=2 send=self
  thread t2: role=unified cpu=114 L3=0 shards=2 send=self
  thread t3: role=unified cpu=115 L3=0 shards=2 send=self
  thread t4: role=unified cpu=116 L3=0 shards=2 send=self
  thread t5: role=unified cpu=117 L3=0 shards=2 send=self
  thread t6: role=unified cpu=118 L3=0 shards=2 send=self
  thread t7: role=unified cpu=119 L3=0 shards=2 send=self
listening on 127.0.0.1:18179
persistence: enabled=0 posted=0 flushed=0 durable=0 refused=0 pending_chunks=0 producers_with_pending=0 drain_gave_up=0 failed=0

thread role          ops      iters   busy_ms   idle_ms    cpu_ms   wake_tx  wake_rx
t0     uni             0          3       0.0     114.0       0.7         0        0
io_tenure t0/0 busy_ns=42460 idle_ns=114049383 entry_ns=2983794750615582 begin_ns=2983794750615612 end_ns=2983794864707455 exit_ns=2983794864707595 role_exit=0 stopped=1
t1     uni             0          3       0.1     114.0       0.7         0        0
io_tenure t1/0 busy_ns=51680 idle_ns=114049863 entry_ns=2983794750606492 begin_ns=2983794750606522 end_ns=2983794864708065 exit_ns=2983794864708195 role_exit=0 stopped=1
t2     uni          4097       6185      17.3      96.8      24.6         1        2
io_tenure t2/0 busy_ns=17260578 idle_ns=96834795 entry_ns=2983794750608932 begin_ns=2983794750608962 end_ns=2983794864704335 exit_ns=2983794864704435 role_exit=0 stopped=1
t3     uni             0          3       0.1     114.1       0.6         0        0
io_tenure t3/0 busy_ns=50590 idle_ns=114053233 entry_ns=2983794750605232 begin_ns=2983794750605262 end_ns=2983794864709085 exit_ns=2983794864709425 role_exit=0 stopped=1
t4     uni             0          3       0.0     114.0       0.6         0        0
io_tenure t4/0 busy_ns=49150 idle_ns=114049323 entry_ns=2983794750606452 begin_ns=2983794750606482 end_ns=2983794864704955 exit_ns=2983794864705105 role_exit=0 stopped=1
t5     uni             1          5       0.1     114.0       0.5         1        2
io_tenure t5/0 busy_ns=76490 idle_ns=114029713 entry_ns=2983794750604842 begin_ns=2983794750604872 end_ns=2983794864711075 exit_ns=2983794864711205 role_exit=0 stopped=1
t6     uni             0          3       0.0     114.0       0.6         0        0
io_tenure t6/0 busy_ns=48280 idle_ns=114048493 entry_ns=2983794750608362 begin_ns=2983794750608382 end_ns=2983794864705155 exit_ns=2983794864705285 role_exit=0 stopped=1
t7     uni             0          3       0.1     114.1       0.6         0        0
io_tenure t7/0 busy_ns=54400 idle_ns=114056623 entry_ns=2983794750605092 begin_ns=2983794750605112 end_ns=2983794864716135 exit_ns=2983794864716185 role_exit=0 stopped=1
wb: retired=2059 direct=2048 sends=2059/2059 short=0 err=0 peer_aborts=0 bytes=76958 zc_sends=0 zc_bytes=0 zc_releases=0 serves=2059 empty=0
tls: accepts=0 handshakes=0/0 failed=0 freed=0 want_read=0 want_write=0 cipher_in=0 plain_in=0 cipher_out=0 plain_out=0 zc_suppressed=0 ktls_active=0 ktls_fallback=0
stuck: live_conns=0 rob_not_quiesced=0 unsent_bytes_pending=0 | slots done=0 issued=0 free=0 flag_set=0
shutdown: unified_work=4098 accepts=1 accept_err=0 rearm=0 sqe_starved=0 notify_drop=0
shutdown_report {"schema":1,"thread_mode":"1s","work":{"kind":"fused","unified":4098},"threads":[{"tid":0,"role":"fused","ops":0,"iterations":3,"busy_ns":42460,"idle_ns":114049383,"cpu_ns":677340,"wake_tx":0,"wake_rx":0,"io_tenures":[{"entry_ns":2983794750615582,"begin_ns":2983794750615612,"end_ns":2983794864707455,"exit_ns":2983794864707595,"busy_ns":42460,"idle_ns":114049383,"role_exit":false,"stopped":true,"did_submit":0,"sweep_submit":0,"park":0}]},{"tid":1,"role":"fused","ops":0,"iterations":3,"busy_ns":51680,"idle_ns":114049863,"cpu_ns":676320,"wake_tx":0,"wake_rx":0,"io_tenures":[{"entry_ns":2983794750606492,"begin_ns":2983794750606522,"end_ns":2983794864708065,"exit_ns":2983794864708195,"busy_ns":51680,"idle_ns":114049863,"role_exit":false,"stopped":true,"did_submit":0,"sweep_submit":0,"park":0}]},{"tid":2,"role":"fused","ops":4097,"iterations":6185,"busy_ns":17260578,"idle_ns":96834795,"cpu_ns":24576000,"wake_tx":1,"wake_rx":2,"io_tenures":[{"entry_ns":2983794750608932,"begin_ns":2983794750608962,"end_ns":2983794864704335,"exit_ns":2983794864704435,"busy_ns":17260578,"idle_ns":96834795,"role_exit":false,"stopped":true,"did_submit":0,"sweep_submit":0,"park":0}]},{"tid":3,"role":"fused","ops":0,"iterations":3,"busy_ns":50590,"idle_ns":114053233,"cpu_ns":555120,"wake_tx":0,"wake_rx":0,"io_tenures":[{"entry_ns":2983794750605232,"begin_ns":2983794750605262,"end_ns":2983794864709085,"exit_ns":2983794864709425,"busy_ns":50590,"idle_ns":114053233,"role_exit":false,"stopped":true,"did_submit":0,"sweep_submit":0,"park":0}]},{"tid":4,"role":"fused","ops":0,"iterations":3,"busy_ns":49150,"idle_ns":114049323,"cpu_ns":578580,"wake_tx":0,"wake_rx":0,"io_tenures":[{"entry_ns":2983794750606452,"begin_ns":2983794750606482,"end_ns":2983794864704955,"exit_ns":2983794864705105,"busy_ns":49150,"idle_ns":114049323,"role_exit":false,"stopped":true,"did_submit":0,"sweep_submit":0,"park":0}]},{"tid":5,"role":"fused","ops":1,"iterations":5,"busy_ns":76490,"idle_ns":114029713,"cpu_ns":540400,"wake_tx":1,"wake_rx":2,"io_tenures":[{"entry_ns":2983794750604842,"begin_ns":2983794750604872,"end_ns":2983794864711075,"exit_ns":2983794864711205,"busy_ns":76490,"idle_ns":114029713,"role_exit":false,"stopped":true,"did_submit":0,"sweep_submit":0,"park":0}]},{"tid":6,"role":"fused","ops":0,"iterations":3,"busy_ns":48280,"idle_ns":114048493,"cpu_ns":574510,"wake_tx":0,"wake_rx":0,"io_tenures":[{"entry_ns":2983794750608362,"begin_ns":2983794750608382,"end_ns":2983794864705155,"exit_ns":2983794864705285,"busy_ns":48280,"idle_ns":114048493,"role_exit":false,"stopped":true,"did_submit":0,"sweep_submit":0,"park":0}]},{"tid":7,"role":"fused","ops":0,"iterations":3,"busy_ns":54400,"idle_ns":114056623,"cpu_ns":600800,"wake_tx":0,"wake_rx":0,"io_tenures":[{"entry_ns":2983794750605092,"begin_ns":2983794750605112,"end_ns":2983794864716135,"exit_ns":2983794864716185,"busy_ns":54400,"idle_ns":114056623,"role_exit":false,"stopped":true,"did_submit":0,"sweep_submit":0,"park":0}]}],"wb":{"retired":2059,"direct":2048,"sends_completed":2059,"sends_submitted":2059,"short_writes":0,"send_errors":0,"peer_aborts":0,"bytes_sent":76958,"zc_sends":0,"zc_bytes":0,"zc_releases":0,"serves":2059,"serves_empty":0},"tls":{"accepts":0,"handshakes_completed":0,"handshakes_started":0,"handshakes_failed":0,"connections_freed":0,"want_read":0,"want_write":0,"ciphertext_input_bytes":0,"plaintext_input_bytes":0,"ciphertext_output_bytes":0,"plaintext_output_bytes":0,"zc_suppressed":0,"ktls_active":0,"ktls_fallback":0},"stuck":{"live_conns":0,"rob_not_quiesced":0,"unsent_bytes_pending":0,"slots_done":0,"slots_issued":0,"slots_free":0,"flag_set":0},"epoll":{"enabled":false,"events":0,"recvs":0},"persistence":{"enabled":false,"recording":false,"failed":false,"drain_gave_up":false,"posted":0,"flushed":0,"durable":0,"refused":0,"pending_chunks":0,"records_written":0,"producers_with_pending":0,"producers_stopped":0,"producers_expected":0,"completions_pending":0},"accept":{"accepts":1,"accept_err":0,"rearm":0,"sqe_starved":0,"notify_drop":0}}
