topology: 1 L3 domain(s)
  domain  0: 8 cpus [112,113,114,115,116,117,118,119]
tomokv-cpp: 8 unified threads, 16 shard(s), thread-mode=1s, overlap=0 (executor prefetch; ordinary IO), io_uring, alloc=jemalloc, reorder=0, read-local=1
  thread t0: role=unified cpu=112 L3=0 shards=2 send=self
  thread t1: role=unified cpu=113 L3=0 shards=2 send=self
  thread t2: role=unified cpu=114 L3=0 shards=2 send=self
  thread t3: role=unified cpu=115 L3=0 shards=2 send=self
  thread t4: role=unified cpu=116 L3=0 shards=2 send=self
  thread t5: role=unified cpu=117 L3=0 shards=2 send=self
  thread t6: role=unified cpu=118 L3=0 shards=2 send=self
  thread t7: role=unified cpu=119 L3=0 shards=2 send=self
listening on 127.0.0.1:18179
persistence: enabled=0 posted=0 flushed=0 durable=0 refused=0 pending_chunks=0 producers_with_pending=0 drain_gave_up=0 failed=0

thread role          ops      iters   busy_ms   idle_ms    cpu_ms   wake_tx  wake_rx
t0     uni          4097       6185      17.1      96.4      24.6         1        2
io_tenure t0/0 busy_ns=17051257 idle_ns=96363744 entry_ns=2983793246183629 begin_ns=2983793246183649 end_ns=2983793359598650 exit_ns=2983793359598870 role_exit=0 stopped=1
t1     uni             0          3       0.1     113.4       0.6         0        0
io_tenure t1/0 busy_ns=53700 idle_ns=113372451 entry_ns=2983793246174379 begin_ns=2983793246174399 end_ns=2983793359600550 exit_ns=2983793359600710 role_exit=0 stopped=1
t2     uni             1          5       0.1     113.4       0.5         1        2
io_tenure t2/0 busy_ns=78111 idle_ns=113357690 entry_ns=2983793246171719 begin_ns=2983793246171749 end_ns=2983793359607550 exit_ns=2983793359607579 role_exit=0 stopped=1
t3     uni             0          3       0.1     113.4       0.6         0        0
io_tenure t3/0 busy_ns=56231 idle_ns=113369180 entry_ns=2983793246170849 begin_ns=2983793246170879 end_ns=2983793359596290 exit_ns=2983793359596419 role_exit=0 stopped=1
t4     uni             0          3       0.1     113.4       0.5         0        0
io_tenure t4/0 busy_ns=60509 idle_ns=113369891 entry_ns=2983793246170809 begin_ns=2983793246170839 end_ns=2983793359601239 exit_ns=2983793359601370 role_exit=0 stopped=1
t5     uni             0          3       0.1     113.4       0.5         0        0
io_tenure t5/0 busy_ns=54961 idle_ns=113371670 entry_ns=2983793246172409 begin_ns=2983793246172439 end_ns=2983793359599070 exit_ns=2983793359599299 role_exit=0 stopped=1
t6     uni             0          3       0.1     113.4       0.5         0        0
io_tenure t6/0 busy_ns=50969 idle_ns=113371791 entry_ns=2983793246176459 begin_ns=2983793246176479 end_ns=2983793359599239 exit_ns=2983793359599379 role_exit=0 stopped=1
t7     uni             0          3       0.1     113.4       0.6         0        0
io_tenure t7/0 busy_ns=50280 idle_ns=113366690 entry_ns=2983793246179289 begin_ns=2983793246179309 end_ns=2983793359596279 exit_ns=2983793359596410 role_exit=0 stopped=1
wb: retired=2059 direct=2048 sends=2059/2059 short=0 err=0 peer_aborts=0 bytes=76958 zc_sends=0 zc_bytes=0 zc_releases=0 serves=2059 empty=0
tls: accepts=0 handshakes=0/0 failed=0 freed=0 want_read=0 want_write=0 cipher_in=0 plain_in=0 cipher_out=0 plain_out=0 zc_suppressed=0 ktls_active=0 ktls_fallback=0
stuck: live_conns=0 rob_not_quiesced=0 unsent_bytes_pending=0 | slots done=0 issued=0 free=0 flag_set=0
shutdown: unified_work=4098 accepts=1 accept_err=0 rearm=0 sqe_starved=0 notify_drop=0
shutdown_report {"schema":1,"thread_mode":"1s","work":{"kind":"fused","unified":4098},"threads":[{"tid":0,"role":"fused","ops":4097,"iterations":6185,"busy_ns":17051257,"idle_ns":96363744,"cpu_ns":24639730,"wake_tx":1,"wake_rx":2,"io_tenures":[{"entry_ns":2983793246183629,"begin_ns":2983793246183649,"end_ns":2983793359598650,"exit_ns":2983793359598870,"busy_ns":17051257,"idle_ns":96363744,"role_exit":false,"stopped":true,"did_submit":0,"sweep_submit":0,"park":0}]},{"tid":1,"role":"fused","ops":0,"iterations":3,"busy_ns":53700,"idle_ns":113372451,"cpu_ns":570930,"wake_tx":0,"wake_rx":0,"io_tenures":[{"entry_ns":2983793246174379,"begin_ns":2983793246174399,"end_ns":2983793359600550,"exit_ns":2983793359600710,"busy_ns":53700,"idle_ns":113372451,"role_exit":false,"stopped":true,"did_submit":0,"sweep_submit":0,"park":0}]},{"tid":2,"role":"fused","ops":1,"iterations":5,"busy_ns":78111,"idle_ns":113357690,"cpu_ns":531120,"wake_tx":1,"wake_rx":2,"io_tenures":[{"entry_ns":2983793246171719,"begin_ns":2983793246171749,"end_ns":2983793359607550,"exit_ns":2983793359607579,"busy_ns":78111,"idle_ns":113357690,"role_exit":false,"stopped":true,"did_submit":0,"sweep_submit":0,"park":0}]},{"tid":3,"role":"fused","ops":0,"iterations":3,"busy_ns":56231,"idle_ns":113369180,"cpu_ns":616790,"wake_tx":0,"wake_rx":0,"io_tenures":[{"entry_ns":2983793246170849,"begin_ns":2983793246170879,"end_ns":2983793359596290,"exit_ns":2983793359596419,"busy_ns":56231,"idle_ns":113369180,"role_exit":false,"stopped":true,"did_submit":0,"sweep_submit":0,"park":0}]},{"tid":4,"role":"fused","ops":0,"iterations":3,"busy_ns":60509,"idle_ns":113369891,"cpu_ns":493140,"wake_tx":0,"wake_rx":0,"io_tenures":[{"entry_ns":2983793246170809,"begin_ns":2983793246170839,"end_ns":2983793359601239,"exit_ns":2983793359601370,"busy_ns":60509,"idle_ns":113369891,"role_exit":false,"stopped":true,"did_submit":0,"sweep_submit":0,"park":0}]},{"tid":5,"role":"fused","ops":0,"iterations":3,"busy_ns":54961,"idle_ns":113371670,"cpu_ns":527500,"wake_tx":0,"wake_rx":0,"io_tenures":[{"entry_ns":2983793246172409,"begin_ns":2983793246172439,"end_ns":2983793359599070,"exit_ns":2983793359599299,"busy_ns":54961,"idle_ns":113371670,"role_exit":false,"stopped":true,"did_submit":0,"sweep_submit":0,"park":0}]},{"tid":6,"role":"fused","ops":0,"iterations":3,"busy_ns":50969,"idle_ns":113371791,"cpu_ns":506070,"wake_tx":0,"wake_rx":0,"io_tenures":[{"entry_ns":2983793246176459,"begin_ns":2983793246176479,"end_ns":2983793359599239,"exit_ns":2983793359599379,"busy_ns":50969,"idle_ns":113371791,"role_exit":false,"stopped":true,"did_submit":0,"sweep_submit":0,"park":0}]},{"tid":7,"role":"fused","ops":0,"iterations":3,"busy_ns":50280,"idle_ns":113366690,"cpu_ns":571540,"wake_tx":0,"wake_rx":0,"io_tenures":[{"entry_ns":2983793246179289,"begin_ns":2983793246179309,"end_ns":2983793359596279,"exit_ns":2983793359596410,"busy_ns":50280,"idle_ns":113366690,"role_exit":false,"stopped":true,"did_submit":0,"sweep_submit":0,"park":0}]}],"wb":{"retired":2059,"direct":2048,"sends_completed":2059,"sends_submitted":2059,"short_writes":0,"send_errors":0,"peer_aborts":0,"bytes_sent":76958,"zc_sends":0,"zc_bytes":0,"zc_releases":0,"serves":2059,"serves_empty":0},"tls":{"accepts":0,"handshakes_completed":0,"handshakes_started":0,"handshakes_failed":0,"connections_freed":0,"want_read":0,"want_write":0,"ciphertext_input_bytes":0,"plaintext_input_bytes":0,"ciphertext_output_bytes":0,"plaintext_output_bytes":0,"zc_suppressed":0,"ktls_active":0,"ktls_fallback":0},"stuck":{"live_conns":0,"rob_not_quiesced":0,"unsent_bytes_pending":0,"slots_done":0,"slots_issued":0,"slots_free":0,"flag_set":0},"epoll":{"enabled":false,"events":0,"recvs":0},"persistence":{"enabled":false,"recording":false,"failed":false,"drain_gave_up":false,"posted":0,"flushed":0,"durable":0,"refused":0,"pending_chunks":0,"records_written":0,"producers_with_pending":0,"producers_stopped":0,"producers_expected":0,"completions_pending":0},"accept":{"accepts":1,"accept_err":0,"rearm":0,"sqe_starved":0,"notify_drop":0}}
