ramp deferred boot; jittery stationary load maneuvered in 8.2s (cap=30s); anchored off-rail at 6:2, rate=6000.501
stable hold: 8s pre-hold window stationary (driver 6002,6001,5999,6000,6000,6005,6000,5999/s, driver anchor 6000.480/s, controller anchor 6000.501/s, band 0.036512); assertion window open for 30s
stable hold PASS: driver stationary for 30 samples: anchor=6000.480/s max deviation=0.033432; controller anchor=6000.501/s max deviation=0.033435 <= band=0.036512 for both anchors; no controller movement
  driver per-second rates: 5998, 5999, 5999, 6000, 6000, 6000, 6001, 6000, 6001, 6001, 6001, 6001, 6001, 6003, 6001, 6000, 5997, 5963, 5999, 5800, 5977, 5998, 6000, 6001, 6003, 6001, 6000, 6001, 6000, 5999
  per-second trace:
    prehold t=  +0.0s anchored       anchored   driver=    6002/s live=6:2 anchor=6:2 triggers=1 last=boot
    prehold t=  +0.0s anchored       anchored   driver=    6001/s live=6:2 anchor=6:2 triggers=1 last=boot
    prehold t=  +0.0s anchored       anchored   driver=    5999/s live=6:2 anchor=6:2 triggers=1 last=boot
    prehold t=  +0.0s anchored       anchored   driver=    6000/s live=6:2 anchor=6:2 triggers=1 last=boot
    prehold t=  +0.0s anchored       anchored   driver=    6000/s live=6:2 anchor=6:2 triggers=1 last=boot
    prehold t=  +0.0s anchored       anchored   driver=    6005/s live=6:2 anchor=6:2 triggers=1 last=boot
    prehold t=  +0.0s anchored       anchored   driver=    6000/s live=6:2 anchor=6:2 triggers=1 last=boot
    prehold t=  +0.0s anchored       anchored   driver=    5999/s live=6:2 anchor=6:2 triggers=1 last=boot
    hold   t=  +1.0s anchored       anchored   driver=    5998/s live=6:2 anchor=6:2 triggers=1 last=boot
    hold   t=  +2.0s anchored       anchored   driver=    5999/s live=6:2 anchor=6:2 triggers=1 last=boot
    hold   t=  +3.0s anchored       anchored   driver=    5999/s live=6:2 anchor=6:2 triggers=1 last=boot
    hold   t=  +4.0s anchored       anchored   driver=    6000/s live=6:2 anchor=6:2 triggers=1 last=boot
    hold   t=  +5.0s anchored       anchored   driver=    6000/s live=6:2 anchor=6:2 triggers=1 last=boot
    hold   t=  +6.0s anchored       anchored   driver=    6000/s live=6:2 anchor=6:2 triggers=1 last=boot
    hold   t=  +7.0s anchored       anchored   driver=    6001/s live=6:2 anchor=6:2 triggers=1 last=boot
    hold   t=  +8.0s anchored       anchored   driver=    6000/s live=6:2 anchor=6:2 triggers=1 last=boot
    hold   t=  +9.0s anchored       anchored   driver=    6001/s live=6:2 anchor=6:2 triggers=1 last=boot
    hold   t= +10.0s anchored       anchored   driver=    6001/s live=6:2 anchor=6:2 triggers=1 last=boot
    hold   t= +11.0s anchored       anchored   driver=    6001/s live=6:2 anchor=6:2 triggers=1 last=boot
    hold   t= +12.0s anchored       anchored   driver=    6001/s live=6:2 anchor=6:2 triggers=1 last=boot
    hold   t= +13.0s anchored       anchored   driver=    6001/s live=6:2 anchor=6:2 triggers=1 last=boot
    hold   t= +14.0s anchored       anchored   driver=    6003/s live=6:2 anchor=6:2 triggers=1 last=boot
    hold   t= +15.0s anchored       anchored   driver=    6001/s live=6:2 anchor=6:2 triggers=1 last=boot
    hold   t= +16.0s anchored       anchored   driver=    6000/s live=6:2 anchor=6:2 triggers=1 last=boot
    hold   t= +17.0s anchored       anchored   driver=    5997/s live=6:2 anchor=6:2 triggers=1 last=boot
    hold   t= +18.0s anchored       anchored   driver=    5963/s live=6:2 anchor=6:2 triggers=1 last=boot
    hold   t= +19.0s anchored       anchored   driver=    5999/s live=6:2 anchor=6:2 triggers=1 last=boot
    hold   t= +20.0s anchored       anchored   driver=    5800/s live=6:2 anchor=6:2 triggers=1 last=boot
    hold   t= +21.0s anchored       anchored   driver=    5977/s live=6:2 anchor=6:2 triggers=1 last=boot
    hold   t= +22.0s anchored       anchored   driver=    5998/s live=6:2 anchor=6:2 triggers=1 last=boot
    hold   t= +23.0s anchored       anchored   driver=    6000/s live=6:2 anchor=6:2 triggers=1 last=boot
    hold   t= +24.0s anchored       anchored   driver=    6001/s live=6:2 anchor=6:2 triggers=1 last=boot
    hold   t= +25.0s anchored       anchored   driver=    6003/s live=6:2 anchor=6:2 triggers=1 last=boot
    hold   t= +26.0s anchored       anchored   driver=    6001/s live=6:2 anchor=6:2 triggers=1 last=boot
    hold   t= +27.0s anchored       anchored   driver=    6000/s live=6:2 anchor=6:2 triggers=1 last=boot
    hold   t= +28.0s anchored       anchored   driver=    6001/s live=6:2 anchor=6:2 triggers=1 last=boot
    hold   t= +29.0s anchored       anchored   driver=    6000/s live=6:2 anchor=6:2 triggers=1 last=boot
    hold   t= +30.0s anchored       anchored   driver=    5999/s live=6:2 anchor=6:2 triggers=1 last=boot
stable hold: 30s on a measured-stationary load, no trigger or split movement (attempt 1 of 3)
load surge: surge trigger fired, settled anchored at 6:2 and held (total triggers=2)
mix change: re-maneuvered, settled anchored at 6:2 and held
ok: flipctl functional acceptance
