topology: 1 L3 domain(s)
  domain  0: 8 cpus [112,113,114,115,116,117,118,119]
tomokv-cpp: 8 unified threads, 16 shard(s), thread-mode=1s, overlap=0 (executor prefetch; ordinary IO), io_uring, alloc=jemalloc, reorder=0, read-local=1
  thread t0: role=unified cpu=112 L3=0 shards=2 send=self
  thread t1: role=unified cpu=113 L3=0 shards=2 send=self
  thread t2: role=unified cpu=114 L3=0 shards=2 send=self
  thread t3: role=unified cpu=115 L3=0 shards=2 send=self
  thread t4: role=unified cpu=116 L3=0 shards=2 send=self
  thread t5: role=unified cpu=117 L3=0 shards=2 send=self
  thread t6: role=unified cpu=118 L3=0 shards=2 send=self
  thread t7: role=unified cpu=119 L3=0 shards=2 send=self
listening on 127.0.0.1:17899
persistence: enabled=0 posted=0 flushed=0 durable=0 refused=0 pending_chunks=0 producers_with_pending=0 drain_gave_up=0 failed=0

thread role          ops      iters   busy_ms   idle_ms    cpu_ms   wake_tx  wake_rx
t0     uni          4584       6049      24.6    2859.4      31.3       224     1435
io_tenure t0/0 busy_ns=24612908 idle_ns=2859355421 entry_ns=2927666001010093 begin_ns=2927666001010233 end_ns=2927668884978562 exit_ns=2927668884978593 role_exit=0 stopped=1
t1     uni          3213       6224      22.0    2862.9      28.0       299     1526
io_tenure t1/0 busy_ns=22045484 idle_ns=2862856829 entry_ns=2927666000014429 begin_ns=2927666000014489 end_ns=2927668884916802 exit_ns=2927668884916832 role_exit=0 stopped=1
t2     uni          2340       5542      21.2    2864.7      26.8       123      986
io_tenure t2/0 busy_ns=21246665 idle_ns=2864708972 entry_ns=2927665999023406 begin_ns=2927665999023436 end_ns=2927668884979073 exit_ns=2927668884979922 role_exit=0 stopped=1
t3     uni         11064     620745     532.2    2353.6     534.9      4919     5989
io_tenure t3/0 busy_ns=532173160 idle_ns=2353612996 entry_ns=2927665999192297 begin_ns=2927665999192326 end_ns=2927668884978482 exit_ns=2927668884978613 role_exit=0 stopped=1
t4     uni          6309     241188     213.2    2672.7     218.2      2526     3389
io_tenure t4/0 busy_ns=213207524 idle_ns=2672690152 entry_ns=2927665999025926 begin_ns=2927665999026126 end_ns=2927668884923802 exit_ns=2927668884923862 role_exit=0 stopped=1
t5     uni          3429       6385      25.9    2859.1      33.0       290     1549
io_tenure t5/0 busy_ns=25859247 idle_ns=2859102786 entry_ns=2927666000015780 begin_ns=2927666000015820 end_ns=2927668884977853 exit_ns=2927668884977882 role_exit=0 stopped=1
t6     uni          3435       6116      23.0    2862.8      29.6       286     1544
io_tenure t6/0 busy_ns=23026704 idle_ns=2862844552 entry_ns=2927665999044096 begin_ns=2927665999044206 end_ns=2927668884915462 exit_ns=2927668884915492 role_exit=0 stopped=1
t7     uni          3003       5886      24.5    2861.3      31.9       226     1368
io_tenure t7/0 busy_ns=24530614 idle_ns=2861326812 entry_ns=2927665999071776 begin_ns=2927665999071796 end_ns=2927668884929222 exit_ns=2927668884929253 role_exit=0 stopped=1
wb: retired=13281 direct=325 sends=2850/2850 short=0 err=0 peer_aborts=0 bytes=407547 zc_sends=0 zc_bytes=0 zc_releases=0 serves=3874 empty=1024
tls: accepts=0 handshakes=0/0 failed=0 freed=0 want_read=0 want_write=0 cipher_in=0 plain_in=0 cipher_out=0 plain_out=0 zc_suppressed=0 ktls_active=0 ktls_fallback=0
stuck: live_conns=0 rob_not_quiesced=0 unsent_bytes_pending=0 | slots done=0 issued=0 free=0 flag_set=0
shutdown: unified_work=37377 accepts=4 accept_err=0 rearm=0 sqe_starved=0 notify_drop=0
shutdown_report {"schema":1,"thread_mode":"1s","work":{"kind":"fused","unified":37377},"threads":[{"tid":0,"role":"fused","ops":4584,"iterations":6049,"busy_ns":24612908,"idle_ns":2859355421,"cpu_ns":31337850,"wake_tx":224,"wake_rx":1435,"io_tenures":[{"entry_ns":2927666001010093,"begin_ns":2927666001010233,"end_ns":2927668884978562,"exit_ns":2927668884978593,"busy_ns":24612908,"idle_ns":2859355421,"role_exit":false,"stopped":true,"did_submit":0,"sweep_submit":0,"park":0}]},{"tid":1,"role":"fused","ops":3213,"iterations":6224,"busy_ns":22045484,"idle_ns":2862856829,"cpu_ns":28004779,"wake_tx":299,"wake_rx":1526,"io_tenures":[{"entry_ns":2927666000014429,"begin_ns":2927666000014489,"end_ns":2927668884916802,"exit_ns":2927668884916832,"busy_ns":22045484,"idle_ns":2862856829,"role_exit":false,"stopped":true,"did_submit":0,"sweep_submit":0,"park":0}]},{"tid":2,"role":"fused","ops":2340,"iterations":5542,"busy_ns":21246665,"idle_ns":2864708972,"cpu_ns":26759388,"wake_tx":123,"wake_rx":986,"io_tenures":[{"entry_ns":2927665999023406,"begin_ns":2927665999023436,"end_ns":2927668884979073,"exit_ns":2927668884979922,"busy_ns":21246665,"idle_ns":2864708972,"role_exit":false,"stopped":true,"did_submit":0,"sweep_submit":0,"park":0}]},{"tid":3,"role":"fused","ops":11064,"iterations":620745,"busy_ns":532173160,"idle_ns":2353612996,"cpu_ns":534871229,"wake_tx":4919,"wake_rx":5989,"io_tenures":[{"entry_ns":2927665999192297,"begin_ns":2927665999192326,"end_ns":2927668884978482,"exit_ns":2927668884978613,"busy_ns":532173160,"idle_ns":2353612996,"role_exit":false,"stopped":true,"did_submit":0,"sweep_submit":0,"park":0}]},{"tid":4,"role":"fused","ops":6309,"iterations":241188,"busy_ns":213207524,"idle_ns":2672690152,"cpu_ns":218195419,"wake_tx":2526,"wake_rx":3389,"io_tenures":[{"entry_ns":2927665999025926,"begin_ns":2927665999026126,"end_ns":2927668884923802,"exit_ns":2927668884923862,"busy_ns":213207524,"idle_ns":2672690152,"role_exit":false,"stopped":true,"did_submit":0,"sweep_submit":0,"park":0}]},{"tid":5,"role":"fused","ops":3429,"iterations":6385,"busy_ns":25859247,"idle_ns":2859102786,"cpu_ns":33016368,"wake_tx":290,"wake_rx":1549,"io_tenures":[{"entry_ns":2927666000015780,"begin_ns":2927666000015820,"end_ns":2927668884977853,"exit_ns":2927668884977882,"busy_ns":25859247,"idle_ns":2859102786,"role_exit":false,"stopped":true,"did_submit":0,"sweep_submit":0,"park":0}]},{"tid":6,"role":"fused","ops":3435,"iterations":6116,"busy_ns":23026704,"idle_ns":2862844552,"cpu_ns":29615809,"wake_tx":286,"wake_rx":1544,"io_tenures":[{"entry_ns":2927665999044096,"begin_ns":2927665999044206,"end_ns":2927668884915462,"exit_ns":2927668884915492,"busy_ns":23026704,"idle_ns":2862844552,"role_exit":false,"stopped":true,"did_submit":0,"sweep_submit":0,"park":0}]},{"tid":7,"role":"fused","ops":3003,"iterations":5886,"busy_ns":24530614,"idle_ns":2861326812,"cpu_ns":31868382,"wake_tx":226,"wake_rx":1368,"io_tenures":[{"entry_ns":2927665999071776,"begin_ns":2927665999071796,"end_ns":2927668884929222,"exit_ns":2927668884929253,"busy_ns":24530614,"idle_ns":2861326812,"role_exit":false,"stopped":true,"did_submit":0,"sweep_submit":0,"park":0}]}],"wb":{"retired":13281,"direct":325,"sends_completed":2850,"sends_submitted":2850,"short_writes":0,"send_errors":0,"peer_aborts":0,"bytes_sent":407547,"zc_sends":0,"zc_bytes":0,"zc_releases":0,"serves":3874,"serves_empty":1024},"tls":{"accepts":0,"handshakes_completed":0,"handshakes_started":0,"handshakes_failed":0,"connections_freed":0,"want_read":0,"want_write":0,"ciphertext_input_bytes":0,"plaintext_input_bytes":0,"ciphertext_output_bytes":0,"plaintext_output_bytes":0,"zc_suppressed":0,"ktls_active":0,"ktls_fallback":0},"stuck":{"live_conns":0,"rob_not_quiesced":0,"unsent_bytes_pending":0,"slots_done":0,"slots_issued":0,"slots_free":0,"flag_set":0},"epoll":{"enabled":false,"events":0,"recvs":0},"persistence":{"enabled":false,"recording":false,"failed":false,"drain_gave_up":false,"posted":0,"flushed":0,"durable":0,"refused":0,"pending_chunks":0,"records_written":0,"producers_with_pending":0,"producers_stopped":0,"producers_expected":0,"completions_pending":0},"accept":{"accepts":4,"accept_err":0,"rearm":0,"sqe_starved":0,"notify_drop":0}}
