  row budget: 900s; median=0.26s; correctness-plan-fallback; fused+armed boot line (atomic 0)
  fused+armed boot line (atomic 0)                     ok
  row budget: 900s; median=1.13s; correctness-plan-fallback; fused+armed s6 battery (atomic 0)
  fused+armed s6 battery (atomic 0)                    ok
  row budget: 900s; median=2.075s; correctness-plan-fallback; fused+armed multi_exec battery (atomic 0)
  fused+armed multi_exec battery (atomic 0)            ok
  row budget: 900s; median=1.425s; correctness-plan-fallback; fused+armed blocking battery (atomic 0)
  fused+armed blocking battery (atomic 0)              ok
  row budget: 900s; median=0.48s; correctness-plan-fallback; fused+armed blockmulti battery (atomic 0)
  fused+armed blockmulti battery (atomic 0)            ok
  row budget: 900s; median=0.5s; correctness-plan-fallback; fused+armed stream battery (atomic 0)
  fused+armed stream battery (atomic 0)                ok
  row budget: 900s; median=0.03s; correctness-plan-fallback; fused+armed streamgroups battery (atomic 0)
  fused+armed streamgroups battery (atomic 0)          ok
  row budget: 900s; median=0.89s; correctness-plan-fallback; fused+armed pubsub battery (atomic 0)
  fused+armed pubsub battery (atomic 0)                ok
  row budget: 900s; median=0.03s; correctness-plan-fallback; fused+armed lua_scripting battery (atomic 0)
  fused+armed lua_scripting battery (atomic 0)         ok
  row budget: 900s; median=0.04s; correctness-plan-fallback; fused+armed scriptsurf battery (atomic 0)
  fused+armed scriptsurf battery (atomic 0)            ok
  row budget: 900s; median=15.175s; correctness-plan-fallback; fused+armed limits battery (atomic 0)
  fused+armed limits battery (atomic 0)                ok
  row budget: 900s; median=0.03s; correctness-plan-fallback; fused+armed resp3 battery (atomic 0)
  fused+armed resp3 battery (atomic 0)                 ok
  row budget: 900s; median=0.03s; correctness-plan-fallback; fused+armed bitfield battery (atomic 0)
  fused+armed bitfield battery (atomic 0)              ok
  row budget: 900s; median=0.06s; correctness-plan-fallback; fused+armed dumprestore battery (atomic 0)
  fused+armed dumprestore battery (atomic 0)           ok
  row budget: 900s; median=0.05s; correctness-plan-fallback; fused+armed zsetops battery (atomic 0)
  fused+armed zsetops battery (atomic 0)               ok
  row budget: 900s; median=0.03s; correctness-plan-fallback; fused+armed geo battery (atomic 0)
  fused+armed geo battery (atomic 0)                   ok
  row budget: 900s; median=1.125s; correctness-plan-fallback; fused+armed climon battery (atomic 0)
  fused+armed climon battery (atomic 0)                ok
  row budget: 900s; median=3.345s; correctness-plan-fallback; fused+armed climon2 battery (atomic 0)
  fused+armed climon2 battery (atomic 0)               ok
  row budget: 900s; median=13.71s; correctness-plan-fallback; fused+armed tracking battery (atomic 0)
  fused+armed tracking battery (atomic 0)              ok
  row budget: 900s; median=3.45s; correctness-plan-fallback; fused+armed hexpire battery (atomic 0)
  fused+armed hexpire battery (atomic 0)               ok
  row budget: 900s; median=2.55s; correctness-plan-fallback; fused+armed servertail battery (atomic 0)
  fused+armed servertail battery (atomic 0)            ok
  row budget: 900s; median=0.16s; correctness-plan-fallback; fused+armed lcs battery (atomic 0)
  fused+armed lcs battery (atomic 0)                   ok
  row budget: 900s; median=1.775s; correctness-plan-fallback; fused+armed concur battery (atomic 0)
  fused+armed concur battery (atomic 0)                ok
  row budget: 900s; median=0.74s; correctness-plan-fallback; fused+armed edgeproto battery (atomic 0)
  fused+armed edgeproto battery (atomic 0)             ok
  row budget: 900s; median=0.365s; correctness-plan-fallback; fused+armed edgeenc battery (atomic 0)
  fused+armed edgeenc battery (atomic 0)               ok
  row budget: 900s; median=4.075s; correctness-plan-fallback; fused+armed edgetime battery (atomic 0)
  fused+armed edgetime battery (atomic 0)              ok
  row budget: 900s; median=0.02s; correctness-plan-fallback; fused+armed arity battery (atomic 0)
  fused+armed arity battery (atomic 0)                 ok
  row budget: 900s; median=0.025s; correctness-plan-fallback; fused+armed contarity battery (atomic 0)
  fused+armed contarity battery (atomic 0)             ok
  row budget: 900s; median=0.025s; correctness-plan-fallback; fused+armed cmdgap battery (atomic 0)
  fused+armed cmdgap battery (atomic 0)                ok
  row budget: 900s; median=0.03s; correctness-plan-fallback; fused+armed aclsel battery (atomic 0)
  fused+armed aclsel battery (atomic 0)                ok
  row budget: 900s; median=49.615s; correctness-plan-fallback; fused+armed expwide battery (atomic 0)
  fused+armed expwide battery (atomic 0)               ok
  row budget: 900s; median=0.15s; correctness-plan-fallback; fused+armed infofix battery (atomic 0)
  fused+armed infofix battery (atomic 0)               ok
  row budget: 900s; median=2.925s; correctness-plan-fallback; fused+armed pushtear battery (atomic 0)
  fused+armed pushtear battery (atomic 0)              ok
  row budget: 900s; median=0.03s; correctness-plan-fallback; fused+armed netcmd battery (atomic 0)
  fused+armed netcmd battery (atomic 0)                ok
  row budget: 900s; median=1.16s; correctness-plan-fallback; fused+armed shutdown report + lane fired (hits=N, atomic 0)
  fused+armed shutdown report + lane fired (hits=557, atomic 0) ok
