topology: 1 L3 domain(s)
  domain  0: 8 cpus [112,113,114,115,116,117,118,119]
tomokv-cpp: 8 unified threads, 16 shard(s), thread-mode=1s, overlap=0 (executor prefetch; ordinary IO), io_uring, alloc=jemalloc, reorder=0, read-local=1
  thread t0: role=unified cpu=112 L3=0 shards=2 send=self
  thread t1: role=unified cpu=113 L3=0 shards=2 send=self
  thread t2: role=unified cpu=114 L3=0 shards=2 send=self
  thread t3: role=unified cpu=115 L3=0 shards=2 send=self
  thread t4: role=unified cpu=116 L3=0 shards=2 send=self
  thread t5: role=unified cpu=117 L3=0 shards=2 send=self
  thread t6: role=unified cpu=118 L3=0 shards=2 send=self
  thread t7: role=unified cpu=119 L3=0 shards=2 send=self
listening on 127.0.0.1:18179
persistence: enabled=0 posted=0 flushed=0 durable=0 refused=0 pending_chunks=0 producers_with_pending=0 drain_gave_up=0 failed=0

thread role          ops      iters   busy_ms   idle_ms    cpu_ms   wake_tx  wake_rx
t0     uni            82      24825      15.7     806.7      16.5        17       60
io_tenure t0/0 busy_ns=15748008 idle_ns=806664894 entry_ns=2983797842488166 begin_ns=2983797842488197 end_ns=2983798664901099 exit_ns=2983798664901239 role_exit=0 stopped=1
t1     uni          4193      54396      70.0     752.4      78.6       201      234
io_tenure t1/0 busy_ns=69977850 idle_ns=752434853 entry_ns=2983797842488086 begin_ns=2983797842488106 end_ns=2983798664900809 exit_ns=2983798664900939 role_exit=0 stopped=1
t2     uni            78       5455       5.1     817.3       5.8        25       67
io_tenure t2/0 busy_ns=5072834 idle_ns=817341078 entry_ns=2983797842486806 begin_ns=2983797842486837 end_ns=2983798664900749 exit_ns=2983798664900879 role_exit=0 stopped=1
t3     uni            71       2101       2.6     819.8       3.3        11       52
io_tenure t3/0 busy_ns=2646177 idle_ns=819762196 entry_ns=2983797842488637 begin_ns=2983797842488666 end_ns=2983798664897039 exit_ns=2983798664897159 role_exit=0 stopped=1
t4     uni            67      16457      10.7     811.7      11.3        15       52
io_tenure t4/0 busy_ns=10719817 idle_ns=811692686 entry_ns=2983797842488117 begin_ns=2983797842488146 end_ns=2983798664900649 exit_ns=2983798664900799 role_exit=0 stopped=1
t5     uni            75      44049      27.0     795.4      27.6        19       57
io_tenure t5/0 busy_ns=27000311 idle_ns=795405831 entry_ns=2983797842503157 begin_ns=2983797842503177 end_ns=2983798664909319 exit_ns=2983798664909379 role_exit=0 stopped=1
t6     uni            79        507       2.2     820.2       3.0        20       67
io_tenure t6/0 busy_ns=2194931 idle_ns=820214901 entry_ns=2983797842488146 begin_ns=2983797842488177 end_ns=2983798664898009 exit_ns=2983798664898139 role_exit=0 stopped=1
t7     uni            73       8398       6.3     816.1       6.9        11       49
io_tenure t7/0 busy_ns=6265422 idle_ns=816146710 entry_ns=2983797842487786 begin_ns=2983797842487817 end_ns=2983798664899949 exit_ns=2983798664900119 role_exit=0 stopped=1
wb: retired=2434 direct=2048 sends=2434/2434 short=0 err=0 peer_aborts=0 bytes=1240878 zc_sends=0 zc_bytes=0 zc_releases=0 serves=2798 empty=364
tls: accepts=0 handshakes=0/0 failed=0 freed=0 want_read=0 want_write=0 cipher_in=0 plain_in=0 cipher_out=0 plain_out=0 zc_suppressed=0 ktls_active=0 ktls_fallback=0
stuck: live_conns=0 rob_not_quiesced=0 unsent_bytes_pending=0 | slots done=0 issued=0 free=0 flag_set=0
shutdown: unified_work=4718 accepts=50 accept_err=0 rearm=0 sqe_starved=0 notify_drop=0
shutdown_report {"schema":1,"thread_mode":"1s","work":{"kind":"fused","unified":4718},"threads":[{"tid":0,"role":"fused","ops":82,"iterations":24825,"busy_ns":15748008,"idle_ns":806664894,"cpu_ns":16462220,"wake_tx":17,"wake_rx":60,"io_tenures":[{"entry_ns":2983797842488166,"begin_ns":2983797842488197,"end_ns":2983798664901099,"exit_ns":2983798664901239,"busy_ns":15748008,"idle_ns":806664894,"role_exit":false,"stopped":true,"did_submit":0,"sweep_submit":0,"park":0}]},{"tid":1,"role":"fused","ops":4193,"iterations":54396,"busy_ns":69977850,"idle_ns":752434853,"cpu_ns":78608280,"wake_tx":201,"wake_rx":234,"io_tenures":[{"entry_ns":2983797842488086,"begin_ns":2983797842488106,"end_ns":2983798664900809,"exit_ns":2983798664900939,"busy_ns":69977850,"idle_ns":752434853,"role_exit":false,"stopped":true,"did_submit":0,"sweep_submit":0,"park":0}]},{"tid":2,"role":"fused","ops":78,"iterations":5455,"busy_ns":5072834,"idle_ns":817341078,"cpu_ns":5827840,"wake_tx":25,"wake_rx":67,"io_tenures":[{"entry_ns":2983797842486806,"begin_ns":2983797842486837,"end_ns":2983798664900749,"exit_ns":2983798664900879,"busy_ns":5072834,"idle_ns":817341078,"role_exit":false,"stopped":true,"did_submit":0,"sweep_submit":0,"park":0}]},{"tid":3,"role":"fused","ops":71,"iterations":2101,"busy_ns":2646177,"idle_ns":819762196,"cpu_ns":3337520,"wake_tx":11,"wake_rx":52,"io_tenures":[{"entry_ns":2983797842488637,"begin_ns":2983797842488666,"end_ns":2983798664897039,"exit_ns":2983798664897159,"busy_ns":2646177,"idle_ns":819762196,"role_exit":false,"stopped":true,"did_submit":0,"sweep_submit":0,"park":0}]},{"tid":4,"role":"fused","ops":67,"iterations":16457,"busy_ns":10719817,"idle_ns":811692686,"cpu_ns":11321550,"wake_tx":15,"wake_rx":52,"io_tenures":[{"entry_ns":2983797842488117,"begin_ns":2983797842488146,"end_ns":2983798664900649,"exit_ns":2983798664900799,"busy_ns":10719817,"idle_ns":811692686,"role_exit":false,"stopped":true,"did_submit":0,"sweep_submit":0,"park":0}]},{"tid":5,"role":"fused","ops":75,"iterations":44049,"busy_ns":27000311,"idle_ns":795405831,"cpu_ns":27645730,"wake_tx":19,"wake_rx":57,"io_tenures":[{"entry_ns":2983797842503157,"begin_ns":2983797842503177,"end_ns":2983798664909319,"exit_ns":2983798664909379,"busy_ns":27000311,"idle_ns":795405831,"role_exit":false,"stopped":true,"did_submit":0,"sweep_submit":0,"park":0}]},{"tid":6,"role":"fused","ops":79,"iterations":507,"busy_ns":2194931,"idle_ns":820214901,"cpu_ns":3007920,"wake_tx":20,"wake_rx":67,"io_tenures":[{"entry_ns":2983797842488146,"begin_ns":2983797842488177,"end_ns":2983798664898009,"exit_ns":2983798664898139,"busy_ns":2194931,"idle_ns":820214901,"role_exit":false,"stopped":true,"did_submit":0,"sweep_submit":0,"park":0}]},{"tid":7,"role":"fused","ops":73,"iterations":8398,"busy_ns":6265422,"idle_ns":816146710,"cpu_ns":6942300,"wake_tx":11,"wake_rx":49,"io_tenures":[{"entry_ns":2983797842487786,"begin_ns":2983797842487817,"end_ns":2983798664899949,"exit_ns":2983798664900119,"busy_ns":6265422,"idle_ns":816146710,"role_exit":false,"stopped":true,"did_submit":0,"sweep_submit":0,"park":0}]}],"wb":{"retired":2434,"direct":2048,"sends_completed":2434,"sends_submitted":2434,"short_writes":0,"send_errors":0,"peer_aborts":0,"bytes_sent":1240878,"zc_sends":0,"zc_bytes":0,"zc_releases":0,"serves":2798,"serves_empty":364},"tls":{"accepts":0,"handshakes_completed":0,"handshakes_started":0,"handshakes_failed":0,"connections_freed":0,"want_read":0,"want_write":0,"ciphertext_input_bytes":0,"plaintext_input_bytes":0,"ciphertext_output_bytes":0,"plaintext_output_bytes":0,"zc_suppressed":0,"ktls_active":0,"ktls_fallback":0},"stuck":{"live_conns":0,"rob_not_quiesced":0,"unsent_bytes_pending":0,"slots_done":0,"slots_issued":0,"slots_free":0,"flag_set":0},"epoll":{"enabled":false,"events":0,"recvs":0},"persistence":{"enabled":false,"recording":false,"failed":false,"drain_gave_up":false,"posted":0,"flushed":0,"durable":0,"refused":0,"pending_chunks":0,"records_written":0,"producers_with_pending":0,"producers_stopped":0,"producers_expected":0,"completions_pending":0},"accept":{"accepts":50,"accept_err":0,"rearm":0,"sqe_starved":0,"notify_drop":0}}
