test_actual_atomic_lifetimes_keep_every_seed_suite_and_same_target_repeat (differ_fanout_test.DifferentialFanout.test_actual_atomic_lifetimes_keep_every_seed_suite_and_same_target_repeat) ... ok
test_actual_equivalence_loop_runs_every_frozen_failure_stream (differ_fanout_test.DifferentialFanout.test_actual_equivalence_loop_runs_every_frozen_failure_stream) ... ok
test_actual_failed_leg_stays_red_and_later_legs_still_run (differ_fanout_test.DifferentialFanout.test_actual_failed_leg_stays_red_and_later_legs_still_run) ... ok
test_deleted_repeated_reordered_unreached_and_unwitnessed_legs_fail (differ_fanout_test.DifferentialFanout.test_deleted_repeated_reordered_unreached_and_unwitnessed_legs_fail) ... ok
test_outer_fold_requires_every_successful_clean_child_and_uses_wall_span (differ_fanout_test.DifferentialFanout.test_outer_fold_requires_every_successful_clean_child_and_uses_wall_span) ... ok
test_buffered_reader_mutation_hides_push_and_is_rejected (differ_fanout_test.DifferentialTrackingReader.test_buffered_reader_mutation_hides_push_and_is_rejected) ... ok
test_push_after_reply_stays_visible_to_round_collector (differ_fanout_test.DifferentialTrackingReader.test_push_after_reply_stays_visible_to_round_collector) ... ok
test_real_climon_suite_requires_reader_control_before_server_commands (differ_fanout_test.DifferentialTrackingReader.test_real_climon_suite_requires_reader_control_before_server_commands) ... ok
test_unbuffered_short_bulk_reads_are_assembled_and_truncation_fails (differ_fanout_test.DifferentialTrackingReader.test_unbuffered_short_bulk_reads_are_assembled_and_truncation_fails) ... ok
test_another_run_cannot_donate_timing_or_history (differ_fanout_test.FailedFoldTiming.test_another_run_cannot_donate_timing_or_history) ... ok
test_cancelled_child_is_timeout_inside_matrix_budget (differ_fanout_test.FailedFoldTiming.test_cancelled_child_is_timeout_inside_matrix_budget) ... ok
test_completed_failure_keeps_each_public_duration_and_history (differ_fanout_test.FailedFoldTiming.test_completed_failure_keeps_each_public_duration_and_history) ... ok
test_inventory_failure_retains_original_run_timing_without_authorizing_success (differ_fanout_test.FailedFoldTiming.test_inventory_failure_retains_original_run_timing_without_authorizing_success) ... ok
test_missing_or_malformed_completion_timing_cannot_manufacture_a_row (differ_fanout_test.FailedFoldTiming.test_missing_or_malformed_completion_timing_cannot_manufacture_a_row) ... ok
test_real_collector_accepts_only_exact_failed_rows_after_helper_error (differ_fanout_test.FailedFoldTiming.test_real_collector_accepts_only_exact_failed_rows_after_helper_error) ... ok
test_real_failure_is_not_relabelled_when_span_exceeds_matrix_budget (differ_fanout_test.FailedFoldTiming.test_real_failure_is_not_relabelled_when_span_exceeds_matrix_budget) ... ok
test_slow_success_ignores_history_but_honors_explicit_matrix_budget (differ_fanout_test.FailedFoldTiming.test_slow_success_ignores_history_but_honors_explicit_matrix_budget) ... ok
test_success_and_timeout_history_match_emitted_six_decimal_duration (differ_fanout_test.FailedFoldTiming.test_success_and_timeout_history_match_emitted_six_decimal_duration) ... ok

----------------------------------------------------------------------
Ran 18 tests in 51.372s

OK
