topology: 1 L3 domain(s)
  domain  0: 8 cpus [112,113,114,115,116,117,118,119]
tomokv-cpp: 8 unified threads, 16 shard(s), thread-mode=1s, overlap=0 (executor prefetch; ordinary IO), io_uring, alloc=jemalloc, reorder=0, read-local=1
  thread t0: role=unified cpu=112 L3=0 shards=2 send=self
  thread t1: role=unified cpu=113 L3=0 shards=2 send=self
  thread t2: role=unified cpu=114 L3=0 shards=2 send=self
  thread t3: role=unified cpu=115 L3=0 shards=2 send=self
  thread t4: role=unified cpu=116 L3=0 shards=2 send=self
  thread t5: role=unified cpu=117 L3=0 shards=2 send=self
  thread t6: role=unified cpu=118 L3=0 shards=2 send=self
  thread t7: role=unified cpu=119 L3=0 shards=2 send=self
listening on 127.0.0.1:18340
persistence: enabled=0 posted=0 flushed=0 durable=0 refused=0 pending_chunks=0 producers_with_pending=0 drain_gave_up=0 failed=0

thread role          ops      iters   busy_ms   idle_ms    cpu_ms   wake_tx  wake_rx
t0     uni             2        139       0.2     293.7       1.1         1        2
io_tenure t0/0 busy_ns=186650 idle_ns=293691752 entry_ns=3160532209132670 begin_ns=3160532209132710 end_ns=3160532503011112 exit_ns=3160532503011243 role_exit=0 stopped=1
t1     uni             7        102       0.9     292.9       1.8        11       16
io_tenure t1/0 busy_ns=945994 idle_ns=292926489 entry_ns=3160532209134270 begin_ns=3160532209134300 end_ns=3160532503006783 exit_ns=3160532503006912 role_exit=0 stopped=1
t2     uni             2        160       0.2     293.7       1.0         0        1
io_tenure t2/0 busy_ns=158812 idle_ns=293685981 entry_ns=3160532209165600 begin_ns=3160532209165630 end_ns=3160532503010423 exit_ns=3160532503010552 role_exit=0 stopped=1
t3     uni             2        151       0.2     293.7       1.0         0        1
io_tenure t3/0 busy_ns=185871 idle_ns=293691801 entry_ns=3160532209133290 begin_ns=3160532209133320 end_ns=3160532503010992 exit_ns=3160532503011112 role_exit=0 stopped=1
t4     uni             7        159       0.2     293.6       1.0         4        9
io_tenure t4/0 busy_ns=233531 idle_ns=293640321 entry_ns=3160532209133010 begin_ns=3160532209133040 end_ns=3160532503006892 exit_ns=3160532503007072 role_exit=0 stopped=1
t5     uni             2        138       0.2     293.7       0.8         0        1
io_tenure t5/0 busy_ns=177470 idle_ns=293695272 entry_ns=3160532209133950 begin_ns=3160532209134110 end_ns=3160532503006852 exit_ns=3160532503006983 role_exit=0 stopped=1
t6     uni             2        121       0.2     293.7       0.8         0        1
io_tenure t6/0 busy_ns=174763 idle_ns=293698520 entry_ns=3160532209133530 begin_ns=3160532209133560 end_ns=3160532503006843 exit_ns=3160532503006972 role_exit=0 stopped=1
t7     uni             2        141       0.4     293.4       1.1         0        1
io_tenure t7/0 busy_ns=449601 idle_ns=293442061 entry_ns=3160532209132900 begin_ns=3160532209132930 end_ns=3160532503024592 exit_ns=3160532503024623 role_exit=0 stopped=1
wb: retired=10 direct=1 sends=10/10 short=0 err=0 peer_aborts=0 bytes=10900 zc_sends=0 zc_bytes=0 zc_releases=0 serves=11 empty=1
tls: accepts=0 handshakes=0/0 failed=0 freed=0 want_read=0 want_write=0 cipher_in=0 plain_in=0 cipher_out=0 plain_out=0 zc_suppressed=0 ktls_active=0 ktls_fallback=0
stuck: live_conns=0 rob_not_quiesced=0 unsent_bytes_pending=0 | slots done=0 issued=0 free=0 flag_set=0
shutdown: unified_work=26 accepts=3 accept_err=0 rearm=0 sqe_starved=0 notify_drop=0
shutdown_report {"schema":1,"thread_mode":"1s","work":{"kind":"fused","unified":26},"threads":[{"tid":0,"role":"fused","ops":2,"iterations":139,"busy_ns":186650,"idle_ns":293691752,"cpu_ns":1084280,"wake_tx":1,"wake_rx":2,"io_tenures":[{"entry_ns":3160532209132670,"begin_ns":3160532209132710,"end_ns":3160532503011112,"exit_ns":3160532503011243,"busy_ns":186650,"idle_ns":293691752,"role_exit":false,"stopped":true,"did_submit":0,"sweep_submit":0,"park":0}]},{"tid":1,"role":"fused","ops":7,"iterations":102,"busy_ns":945994,"idle_ns":292926489,"cpu_ns":1794710,"wake_tx":11,"wake_rx":16,"io_tenures":[{"entry_ns":3160532209134270,"begin_ns":3160532209134300,"end_ns":3160532503006783,"exit_ns":3160532503006912,"busy_ns":945994,"idle_ns":292926489,"role_exit":false,"stopped":true,"did_submit":0,"sweep_submit":0,"park":0}]},{"tid":2,"role":"fused","ops":2,"iterations":160,"busy_ns":158812,"idle_ns":293685981,"cpu_ns":955010,"wake_tx":0,"wake_rx":1,"io_tenures":[{"entry_ns":3160532209165600,"begin_ns":3160532209165630,"end_ns":3160532503010423,"exit_ns":3160532503010552,"busy_ns":158812,"idle_ns":293685981,"role_exit":false,"stopped":true,"did_submit":0,"sweep_submit":0,"park":0}]},{"tid":3,"role":"fused","ops":2,"iterations":151,"busy_ns":185871,"idle_ns":293691801,"cpu_ns":1003380,"wake_tx":0,"wake_rx":1,"io_tenures":[{"entry_ns":3160532209133290,"begin_ns":3160532209133320,"end_ns":3160532503010992,"exit_ns":3160532503011112,"busy_ns":185871,"idle_ns":293691801,"role_exit":false,"stopped":true,"did_submit":0,"sweep_submit":0,"park":0}]},{"tid":4,"role":"fused","ops":7,"iterations":159,"busy_ns":233531,"idle_ns":293640321,"cpu_ns":988230,"wake_tx":4,"wake_rx":9,"io_tenures":[{"entry_ns":3160532209133010,"begin_ns":3160532209133040,"end_ns":3160532503006892,"exit_ns":3160532503007072,"busy_ns":233531,"idle_ns":293640321,"role_exit":false,"stopped":true,"did_submit":0,"sweep_submit":0,"park":0}]},{"tid":5,"role":"fused","ops":2,"iterations":138,"busy_ns":177470,"idle_ns":293695272,"cpu_ns":835580,"wake_tx":0,"wake_rx":1,"io_tenures":[{"entry_ns":3160532209133950,"begin_ns":3160532209134110,"end_ns":3160532503006852,"exit_ns":3160532503006983,"busy_ns":177470,"idle_ns":293695272,"role_exit":false,"stopped":true,"did_submit":0,"sweep_submit":0,"park":0}]},{"tid":6,"role":"fused","ops":2,"iterations":121,"busy_ns":174763,"idle_ns":293698520,"cpu_ns":842230,"wake_tx":0,"wake_rx":1,"io_tenures":[{"entry_ns":3160532209133530,"begin_ns":3160532209133560,"end_ns":3160532503006843,"exit_ns":3160532503006972,"busy_ns":174763,"idle_ns":293698520,"role_exit":false,"stopped":true,"did_submit":0,"sweep_submit":0,"park":0}]},{"tid":7,"role":"fused","ops":2,"iterations":141,"busy_ns":449601,"idle_ns":293442061,"cpu_ns":1093460,"wake_tx":0,"wake_rx":1,"io_tenures":[{"entry_ns":3160532209132900,"begin_ns":3160532209132930,"end_ns":3160532503024592,"exit_ns":3160532503024623,"busy_ns":449601,"idle_ns":293442061,"role_exit":false,"stopped":true,"did_submit":0,"sweep_submit":0,"park":0}]}],"wb":{"retired":10,"direct":1,"sends_completed":10,"sends_submitted":10,"short_writes":0,"send_errors":0,"peer_aborts":0,"bytes_sent":10900,"zc_sends":0,"zc_bytes":0,"zc_releases":0,"serves":11,"serves_empty":1},"tls":{"accepts":0,"handshakes_completed":0,"handshakes_started":0,"handshakes_failed":0,"connections_freed":0,"want_read":0,"want_write":0,"ciphertext_input_bytes":0,"plaintext_input_bytes":0,"ciphertext_output_bytes":0,"plaintext_output_bytes":0,"zc_suppressed":0,"ktls_active":0,"ktls_fallback":0},"stuck":{"live_conns":0,"rob_not_quiesced":0,"unsent_bytes_pending":0,"slots_done":0,"slots_issued":0,"slots_free":0,"flag_set":0},"epoll":{"enabled":false,"events":0,"recvs":0},"persistence":{"enabled":false,"recording":false,"failed":false,"drain_gave_up":false,"posted":0,"flushed":0,"durable":0,"refused":0,"pending_chunks":0,"records_written":0,"producers_with_pending":0,"producers_stopped":0,"producers_expected":0,"completions_pending":0},"accept":{"accepts":3,"accept_err":0,"rearm":0,"sqe_starved":0,"notify_drop":0}}
