topology: 1 L3 domain(s)
  domain  0: 8 cpus [112,113,114,115,116,117,118,119]
tomokv-cpp: 8 unified threads, 16 shard(s), thread-mode=1s, overlap=0 (executor prefetch; ordinary IO), io_uring, alloc=jemalloc, reorder=0, read-local=1
  thread t0: role=unified cpu=112 L3=0 shards=2 send=self
  thread t1: role=unified cpu=113 L3=0 shards=2 send=self
  thread t2: role=unified cpu=114 L3=0 shards=2 send=self
  thread t3: role=unified cpu=115 L3=0 shards=2 send=self
  thread t4: role=unified cpu=116 L3=0 shards=2 send=self
  thread t5: role=unified cpu=117 L3=0 shards=2 send=self
  thread t6: role=unified cpu=118 L3=0 shards=2 send=self
  thread t7: role=unified cpu=119 L3=0 shards=2 send=self
listening on 127.0.0.1:17899
persistence: enabled=0 posted=0 flushed=0 durable=0 refused=0 pending_chunks=0 producers_with_pending=0 drain_gave_up=0 failed=0

thread role          ops      iters   busy_ms   idle_ms    cpu_ms   wake_tx  wake_rx
t0     uni          3624       4393      10.8    2595.5      14.6        97      814
io_tenure t0/0 busy_ns=10812317 idle_ns=2595501823 entry_ns=2930673189729219 begin_ns=2930673189729249 end_ns=2930675796043389 exit_ns=2930675796043419 role_exit=0 stopped=1
t1     uni          3259       3956       9.8    2597.4      13.6        55      697
io_tenure t1/0 busy_ns=9844328 idle_ns=2597445025 entry_ns=2930673189724209 begin_ns=2930673189724239 end_ns=2930675797013592 exit_ns=2930675797013722 role_exit=0 stopped=1
t2     uni          8992      27173      20.2    2587.1      23.8       752     1254
io_tenure t2/0 busy_ns=20213998 idle_ns=2587074335 entry_ns=2930673189722989 begin_ns=2930673189723019 end_ns=2930675797011352 exit_ns=2930675797011382 role_exit=0 stopped=1
t3     uni          5184       6013      12.6    2594.7      16.5       113      922
io_tenure t3/0 busy_ns=12626213 idle_ns=2594673160 entry_ns=2930673189724629 begin_ns=2930673189724659 end_ns=2930675797024032 exit_ns=2930675797024062 role_exit=0 stopped=1
t4     uni          7682       6624      12.8    2594.5      16.6       392     1015
io_tenure t4/0 busy_ns=12760353 idle_ns=2594526870 entry_ns=2930673189723929 begin_ns=2930673189723959 end_ns=2930675797011182 exit_ns=2930675797011222 role_exit=0 stopped=1
t5     uni          8985      18777      18.5    2588.8      22.6       345      987
io_tenure t5/0 busy_ns=18506974 idle_ns=2588793299 entry_ns=2930673189723489 begin_ns=2930673189723519 end_ns=2930675797023792 exit_ns=2930675797023822 role_exit=0 stopped=1
t6     uni          9192     108181      44.2    2562.1      47.8       519     1154
io_tenure t6/0 busy_ns=44190183 idle_ns=2562118577 entry_ns=2930673189722959 begin_ns=2930673189723179 end_ns=2930675796031939 exit_ns=2930675796031969 role_exit=0 stopped=1
t7     uni         10598     104595      76.9    2530.4      81.1      2861     3425
io_tenure t7/0 busy_ns=76943810 idle_ns=2530358413 entry_ns=2930673189722429 begin_ns=2930673189722459 end_ns=2930675797024682 exit_ns=2930675797024712 role_exit=0 stopped=1
wb: retired=26875 direct=241 sends=1553/1553 short=0 err=0 peer_aborts=0 bytes=458630 zc_sends=0 zc_bytes=0 zc_releases=0 serves=1854 empty=301
tls: accepts=0 handshakes=0/0 failed=0 freed=0 want_read=0 want_write=0 cipher_in=0 plain_in=0 cipher_out=0 plain_out=0 zc_suppressed=0 ktls_active=0 ktls_fallback=0
stuck: live_conns=0 rob_not_quiesced=0 unsent_bytes_pending=0 | slots done=0 issued=0 free=0 flag_set=0
shutdown: unified_work=57516 accepts=8 accept_err=0 rearm=0 sqe_starved=0 notify_drop=0
shutdown_report {"schema":1,"thread_mode":"1s","work":{"kind":"fused","unified":57516},"threads":[{"tid":0,"role":"fused","ops":3624,"iterations":4393,"busy_ns":10812317,"idle_ns":2595501823,"cpu_ns":14550720,"wake_tx":97,"wake_rx":814,"io_tenures":[{"entry_ns":2930673189729219,"begin_ns":2930673189729249,"end_ns":2930675796043389,"exit_ns":2930675796043419,"busy_ns":10812317,"idle_ns":2595501823,"role_exit":false,"stopped":true,"did_submit":0,"sweep_submit":0,"park":0}]},{"tid":1,"role":"fused","ops":3259,"iterations":3956,"busy_ns":9844328,"idle_ns":2597445025,"cpu_ns":13573830,"wake_tx":55,"wake_rx":697,"io_tenures":[{"entry_ns":2930673189724209,"begin_ns":2930673189724239,"end_ns":2930675797013592,"exit_ns":2930675797013722,"busy_ns":9844328,"idle_ns":2597445025,"role_exit":false,"stopped":true,"did_submit":0,"sweep_submit":0,"park":0}]},{"tid":2,"role":"fused","ops":8992,"iterations":27173,"busy_ns":20213998,"idle_ns":2587074335,"cpu_ns":23788430,"wake_tx":752,"wake_rx":1254,"io_tenures":[{"entry_ns":2930673189722989,"begin_ns":2930673189723019,"end_ns":2930675797011352,"exit_ns":2930675797011382,"busy_ns":20213998,"idle_ns":2587074335,"role_exit":false,"stopped":true,"did_submit":0,"sweep_submit":0,"park":0}]},{"tid":3,"role":"fused","ops":5184,"iterations":6013,"busy_ns":12626213,"idle_ns":2594673160,"cpu_ns":16548330,"wake_tx":113,"wake_rx":922,"io_tenures":[{"entry_ns":2930673189724629,"begin_ns":2930673189724659,"end_ns":2930675797024032,"exit_ns":2930675797024062,"busy_ns":12626213,"idle_ns":2594673160,"role_exit":false,"stopped":true,"did_submit":0,"sweep_submit":0,"park":0}]},{"tid":4,"role":"fused","ops":7682,"iterations":6624,"busy_ns":12760353,"idle_ns":2594526870,"cpu_ns":16579230,"wake_tx":392,"wake_rx":1015,"io_tenures":[{"entry_ns":2930673189723929,"begin_ns":2930673189723959,"end_ns":2930675797011182,"exit_ns":2930675797011222,"busy_ns":12760353,"idle_ns":2594526870,"role_exit":false,"stopped":true,"did_submit":0,"sweep_submit":0,"park":0}]},{"tid":5,"role":"fused","ops":8985,"iterations":18777,"busy_ns":18506974,"idle_ns":2588793299,"cpu_ns":22594060,"wake_tx":345,"wake_rx":987,"io_tenures":[{"entry_ns":2930673189723489,"begin_ns":2930673189723519,"end_ns":2930675797023792,"exit_ns":2930675797023822,"busy_ns":18506974,"idle_ns":2588793299,"role_exit":false,"stopped":true,"did_submit":0,"sweep_submit":0,"park":0}]},{"tid":6,"role":"fused","ops":9192,"iterations":108181,"busy_ns":44190183,"idle_ns":2562118577,"cpu_ns":47817410,"wake_tx":519,"wake_rx":1154,"io_tenures":[{"entry_ns":2930673189722959,"begin_ns":2930673189723179,"end_ns":2930675796031939,"exit_ns":2930675796031969,"busy_ns":44190183,"idle_ns":2562118577,"role_exit":false,"stopped":true,"did_submit":0,"sweep_submit":0,"park":0}]},{"tid":7,"role":"fused","ops":10598,"iterations":104595,"busy_ns":76943810,"idle_ns":2530358413,"cpu_ns":81056730,"wake_tx":2861,"wake_rx":3425,"io_tenures":[{"entry_ns":2930673189722429,"begin_ns":2930673189722459,"end_ns":2930675797024682,"exit_ns":2930675797024712,"busy_ns":76943810,"idle_ns":2530358413,"role_exit":false,"stopped":true,"did_submit":0,"sweep_submit":0,"park":0}]}],"wb":{"retired":26875,"direct":241,"sends_completed":1553,"sends_submitted":1553,"short_writes":0,"send_errors":0,"peer_aborts":0,"bytes_sent":458630,"zc_sends":0,"zc_bytes":0,"zc_releases":0,"serves":1854,"serves_empty":301},"tls":{"accepts":0,"handshakes_completed":0,"handshakes_started":0,"handshakes_failed":0,"connections_freed":0,"want_read":0,"want_write":0,"ciphertext_input_bytes":0,"plaintext_input_bytes":0,"ciphertext_output_bytes":0,"plaintext_output_bytes":0,"zc_suppressed":0,"ktls_active":0,"ktls_fallback":0},"stuck":{"live_conns":0,"rob_not_quiesced":0,"unsent_bytes_pending":0,"slots_done":0,"slots_issued":0,"slots_free":0,"flag_set":0},"epoll":{"enabled":false,"events":0,"recvs":0},"persistence":{"enabled":false,"recording":false,"failed":false,"drain_gave_up":false,"posted":0,"flushed":0,"durable":0,"refused":0,"pending_chunks":0,"records_written":0,"producers_with_pending":0,"producers_stopped":0,"producers_expected":0,"completions_pending":0},"accept":{"accepts":8,"accept_err":0,"rearm":0,"sqe_starved":0,"notify_drop":0}}
