topology: 1 L3 domain(s)
  domain  0: 8 cpus [112,113,114,115,116,117,118,119]
tomokv-cpp: 8 unified threads, 64 shard(s), thread-mode=1s, overlap=0 (executor prefetch; ordinary IO), io_uring, alloc=jemalloc, reorder=0, read-local=1
  thread t0: role=unified cpu=112 L3=0 shards=8 send=self
  thread t1: role=unified cpu=113 L3=0 shards=8 send=self
  thread t2: role=unified cpu=114 L3=0 shards=8 send=self
  thread t3: role=unified cpu=115 L3=0 shards=8 send=self
  thread t4: role=unified cpu=116 L3=0 shards=8 send=self
  thread t5: role=unified cpu=117 L3=0 shards=8 send=self
  thread t6: role=unified cpu=118 L3=0 shards=8 send=self
  thread t7: role=unified cpu=119 L3=0 shards=8 send=self
listening on 127.0.0.1:18320
persistence: enabled=0 posted=0 flushed=0 durable=0 refused=0 pending_chunks=0 producers_with_pending=0 drain_gave_up=0 failed=0

thread role          ops      iters   busy_ms   idle_ms    cpu_ms   wake_tx  wake_rx
t0     uni       2921499    3447912    3374.9   22197.9    3697.0    163505   237877
io_tenure t0/0 busy_ns=3374941800 idle_ns=22197878359 entry_ns=2886566085021125 begin_ns=2886566085021156 end_ns=2886591657841315 exit_ns=2886591657841345 role_exit=0 stopped=1
t1     uni       2517096    1074050    1927.0   23645.8    2197.0     39663   132247
io_tenure t1/0 busy_ns=1926974534 idle_ns=23645837635 entry_ns=2886566085034185 begin_ns=2886566085034216 end_ns=2886591657846385 exit_ns=2886591657846545 role_exit=0 stopped=1
t2     uni       1761736    1092545    1505.5   24067.4    1810.4     41746   146993
io_tenure t2/0 busy_ns=1505504675 idle_ns=24067388355 entry_ns=2886566085028516 begin_ns=2886566085028545 end_ns=2886591657921575 exit_ns=2886591657921715 role_exit=0 stopped=1
t3     uni       2578612    1912328    2412.6   23159.2    2681.9     88637   166175
io_tenure t3/0 busy_ns=2412597837 idle_ns=23159245491 entry_ns=2886566086005886 begin_ns=2886566086005917 end_ns=2886591657849245 exit_ns=2886591657849385 role_exit=0 stopped=1
t4     uni       2537543    1512252    2288.8   23283.4    2576.6     58343   167555
io_tenure t4/0 busy_ns=2288752050 idle_ns=23283425420 entry_ns=2886566086009226 begin_ns=2886566086009386 end_ns=2886591658186856 exit_ns=2886591658187025 role_exit=0 stopped=1
t5     uni       2037556     622369    1458.9   24114.0    1739.1     21008   122457
io_tenure t5/0 busy_ns=1458859525 idle_ns=24113957525 entry_ns=2886566085031156 begin_ns=2886566085031185 end_ns=2886591657848235 exit_ns=2886591657848265 role_exit=0 stopped=1
t6     uni       2767555    2384568    2887.6   22685.2    3140.9    132904   205436
io_tenure t6/0 busy_ns=2887597616 idle_ns=22685200734 entry_ns=2886566085039136 begin_ns=2886566085039245 end_ns=2886591657837595 exit_ns=2886591657837765 role_exit=0 stopped=1
t7     uni       2569445    3006514    2996.2   22576.6    3300.0    157230   227332
io_tenure t7/0 busy_ns=2996197479 idle_ns=22576602041 entry_ns=2886566085036945 begin_ns=2886566085037045 end_ns=2886591657836565 exit_ns=2886591657836965 role_exit=0 stopped=1
wb: retired=9735648 direct=152624 sends=448609/448609 short=0 err=0 peer_aborts=0 bytes=205257898 zc_sends=0 zc_bytes=0 zc_releases=0 serves=494792 empty=46183
tls: accepts=0 handshakes=0/0 failed=0 freed=0 want_read=0 want_write=0 cipher_in=0 plain_in=0 cipher_out=0 plain_out=0 zc_suppressed=0 ktls_active=0 ktls_fallback=0
stuck: live_conns=0 rob_not_quiesced=0 unsent_bytes_pending=0 | slots done=0 issued=0 free=0 flag_set=0
shutdown: unified_work=19691042 accepts=50 accept_err=0 rearm=0 sqe_starved=0 notify_drop=0
shutdown_report {"schema":1,"thread_mode":"1s","work":{"kind":"fused","unified":19691042},"threads":[{"tid":0,"role":"fused","ops":2921499,"iterations":3447912,"busy_ns":3374941800,"idle_ns":22197878359,"cpu_ns":3696985223,"wake_tx":163505,"wake_rx":237877,"io_tenures":[{"entry_ns":2886566085021125,"begin_ns":2886566085021156,"end_ns":2886591657841315,"exit_ns":2886591657841345,"busy_ns":3374941800,"idle_ns":22197878359,"role_exit":false,"stopped":true,"did_submit":0,"sweep_submit":0,"park":0}]},{"tid":1,"role":"fused","ops":2517096,"iterations":1074050,"busy_ns":1926974534,"idle_ns":23645837635,"cpu_ns":2196996571,"wake_tx":39663,"wake_rx":132247,"io_tenures":[{"entry_ns":2886566085034185,"begin_ns":2886566085034216,"end_ns":2886591657846385,"exit_ns":2886591657846545,"busy_ns":1926974534,"idle_ns":23645837635,"role_exit":false,"stopped":true,"did_submit":0,"sweep_submit":0,"park":0}]},{"tid":2,"role":"fused","ops":1761736,"iterations":1092545,"busy_ns":1505504675,"idle_ns":24067388355,"cpu_ns":1810438034,"wake_tx":41746,"wake_rx":146993,"io_tenures":[{"entry_ns":2886566085028516,"begin_ns":2886566085028545,"end_ns":2886591657921575,"exit_ns":2886591657921715,"busy_ns":1505504675,"idle_ns":24067388355,"role_exit":false,"stopped":true,"did_submit":0,"sweep_submit":0,"park":0}]},{"tid":3,"role":"fused","ops":2578612,"iterations":1912328,"busy_ns":2412597837,"idle_ns":23159245491,"cpu_ns":2681856436,"wake_tx":88637,"wake_rx":166175,"io_tenures":[{"entry_ns":2886566086005886,"begin_ns":2886566086005917,"end_ns":2886591657849245,"exit_ns":2886591657849385,"busy_ns":2412597837,"idle_ns":23159245491,"role_exit":false,"stopped":true,"did_submit":0,"sweep_submit":0,"park":0}]},{"tid":4,"role":"fused","ops":2537543,"iterations":1512252,"busy_ns":2288752050,"idle_ns":23283425420,"cpu_ns":2576575533,"wake_tx":58343,"wake_rx":167555,"io_tenures":[{"entry_ns":2886566086009226,"begin_ns":2886566086009386,"end_ns":2886591658186856,"exit_ns":2886591658187025,"busy_ns":2288752050,"idle_ns":23283425420,"role_exit":false,"stopped":true,"did_submit":0,"sweep_submit":0,"park":0}]},{"tid":5,"role":"fused","ops":2037556,"iterations":622369,"busy_ns":1458859525,"idle_ns":24113957525,"cpu_ns":1739106328,"wake_tx":21008,"wake_rx":122457,"io_tenures":[{"entry_ns":2886566085031156,"begin_ns":2886566085031185,"end_ns":2886591657848235,"exit_ns":2886591657848265,"busy_ns":1458859525,"idle_ns":24113957525,"role_exit":false,"stopped":true,"did_submit":0,"sweep_submit":0,"park":0}]},{"tid":6,"role":"fused","ops":2767555,"iterations":2384568,"busy_ns":2887597616,"idle_ns":22685200734,"cpu_ns":3140859389,"wake_tx":132904,"wake_rx":205436,"io_tenures":[{"entry_ns":2886566085039136,"begin_ns":2886566085039245,"end_ns":2886591657837595,"exit_ns":2886591657837765,"busy_ns":2887597616,"idle_ns":22685200734,"role_exit":false,"stopped":true,"did_submit":0,"sweep_submit":0,"park":0}]},{"tid":7,"role":"fused","ops":2569445,"iterations":3006514,"busy_ns":2996197479,"idle_ns":22576602041,"cpu_ns":3299989387,"wake_tx":157230,"wake_rx":227332,"io_tenures":[{"entry_ns":2886566085036945,"begin_ns":2886566085037045,"end_ns":2886591657836565,"exit_ns":2886591657836965,"busy_ns":2996197479,"idle_ns":22576602041,"role_exit":false,"stopped":true,"did_submit":0,"sweep_submit":0,"park":0}]}],"wb":{"retired":9735648,"direct":152624,"sends_completed":448609,"sends_submitted":448609,"short_writes":0,"send_errors":0,"peer_aborts":0,"bytes_sent":205257898,"zc_sends":0,"zc_bytes":0,"zc_releases":0,"serves":494792,"serves_empty":46183},"tls":{"accepts":0,"handshakes_completed":0,"handshakes_started":0,"handshakes_failed":0,"connections_freed":0,"want_read":0,"want_write":0,"ciphertext_input_bytes":0,"plaintext_input_bytes":0,"ciphertext_output_bytes":0,"plaintext_output_bytes":0,"zc_suppressed":0,"ktls_active":0,"ktls_fallback":0},"stuck":{"live_conns":0,"rob_not_quiesced":0,"unsent_bytes_pending":0,"slots_done":0,"slots_issued":0,"slots_free":0,"flag_set":0},"epoll":{"enabled":false,"events":0,"recvs":0},"persistence":{"enabled":false,"recording":false,"failed":false,"drain_gave_up":false,"posted":0,"flushed":0,"durable":0,"refused":0,"pending_chunks":0,"records_written":0,"producers_with_pending":0,"producers_stopped":0,"producers_expected":0,"completions_pending":0},"accept":{"accepts":50,"accept_err":0,"rearm":0,"sqe_starved":0,"notify_drop":0}}
