{"event": "spawn", "pid": 3720437, "argv": ["taskset", "-c", "112-119", "/home/user/Projects/cx-aoffix2/build/aoffix2/pre/tomokv", "--bind", "127.0.0.1", "--port", "25000", "--save", "", "--appendonly", "no", "--dir", "/home/user/Projects/cx-aoffix2/build/aoffix2/pre-rows/error-2s-epoll/data", "--protected-mode", "no", "--shards", "16", "--thread-mode", "2s", "--net-io", "epoll", "--key-lb", "0", "--client-lb", "0", "--flip-auto", "0", "--read-local", "0", "--reorder", "0", "--enable-debug-command", "yes", "--ratio", "6:2", "--appendonly", "yes", "--appendfsync", "always", "--auto-aof-rewrite-percentage", "0"], "fsize": 131072, "load": {"loadavg": "23.01 61.00 53.57 34/3482 3720437", "cpu_stat": ["cpu112 9896956 357 2672028 313977696 3008786 0 989383 0 0 0", "cpu113 9200206 373 2407958 315028267 3068037 0 843222 0 0 0", "cpu114 9120018 256 2308003 315259497 3059925 0 807987 0 0 0", "cpu115 8988352 86 2271216 315449383 3033212 0 809066 0 0 0", "cpu116 9208406 448 2215550 315321521 3014843 0 787814 0 0 0", "cpu117 8911042 272 2175462 315636969 3045255 0 790695 0 0 0", "cpu118 9716808 356 2464484 315047794 2436648 0 892231 0 0 0", "cpu119 9813125 733 2564391 314739294 2471339 0 941709 0 0 0"], "processes": ["    PID PSR %CPU COMMAND", "3720438 117  400 ps", "3720424 120 62.5 as", "3712659 127 57.7 cc1plus", "3712649 122 56.7 cc1plus", "3720419 126 55.0 cc1plus", "3719942 112 52.6 cc1plus", "3720040 127 52.3 cc1plus", "3716422 124 51.7 cc1plus", "3716814 122 49.8 cc1plus", "3716757 126 49.7 cc1plus", "3719856 119 48.9 cc1plus", "3716150 113 48.8 cc1plus", "3716725 114 48.9 cc1plus", "3716477 119 48.8 cc1plus", "3716796 116 48.7 cc1plus", "3716594 115 48.2 cc1plus", "3717435 114 48.2 cc1plus", "3716252 123 48.0 cc1plus", "3716139 113 47.9 cc1plus", "3716248 124 47.9 cc1plus", "3716772 118 47.4 cc1plus", "3718917 120 47.3 cc1plus", "3719791 116 47.3 cc1plus", "3716811 118 47.0 cc1plus"]}}
{"event": "boot", "ready": true, "exit": null, "log": "/home/user/Projects/cx-aoffix2/build/aoffix2/pre-rows/error-2s-epoll/server-1.log"}
{"event": "stop", "exit": 0, "escalated": false}
{"event": "FAIL", "case": "error", "error": "AssertionError('PS4.4: always write failure left clients waiting forever')"}
Traceback (most recent call last):
  File "/home/user/Projects/cx-aoffix2/tests/aoffix2.py", line 302, in error
    s.p.wait(timeout=2)
  File "/usr/lib/python3.12/subprocess.py", line 1264, in wait
    return self._wait(timeout=timeout)
           ^^^^^^^^^^^^^^^^^^^^^^^^^^^
  File "/usr/lib/python3.12/subprocess.py", line 2045, in _wait
    raise TimeoutExpired(self.args, timeout)
subprocess.TimeoutExpired: Command '['taskset', '-c', '112-119', '/home/user/Projects/cx-aoffix2/build/aoffix2/pre/tomokv', '--bind', '127.0.0.1', '--port', '25000', '--save', '', '--appendonly', 'no', '--dir', '/home/user/Projects/cx-aoffix2/build/aoffix2/pre-rows/error-2s-epoll/data', '--protected-mode', 'no', '--shards', '16', '--thread-mode', '2s', '--net-io', 'epoll', '--key-lb', '0', '--client-lb', '0', '--flip-auto', '0', '--read-local', '0', '--reorder', '0', '--enable-debug-command', 'yes', '--ratio', '6:2', '--appendonly', 'yes', '--appendfsync', 'always', '--auto-aof-rewrite-percentage', '0']' timed out after 2 seconds

During handling of the above exception, another exception occurred:

Traceback (most recent call last):
  File "/home/user/Projects/cx-aoffix2/tests/aoffix2.py", line 554, in <module>
    CASES[ARGS.case]()
  File "/home/user/Projects/cx-aoffix2/tests/aoffix2.py", line 304, in error
    raise AssertionError('PS4.4: always write failure left clients waiting forever')
AssertionError: PS4.4: always write failure left clients waiting forever
