{"event": "spawn", "pid": 3716283, "argv": ["taskset", "-c", "112-119", "/home/user/Projects/cx-aoffix2/build/aoffix2/pre/tomokv", "--bind", "127.0.0.1", "--port", "25000", "--save", "", "--appendonly", "no", "--dir", "/home/user/Projects/cx-aoffix2/build/aoffix2/pre-rows/error-1s-epoll/data", "--protected-mode", "no", "--shards", "16", "--thread-mode", "1s", "--net-io", "epoll", "--key-lb", "0", "--client-lb", "0", "--flip-auto", "0", "--read-local", "0", "--reorder", "0", "--enable-debug-command", "yes", "--appendonly", "yes", "--appendfsync", "always", "--auto-aof-rewrite-percentage", "0"], "fsize": 131072, "load": {"loadavg": "18.09 62.78 53.97 39/3488 3716283", "cpu_stat": ["cpu112 9894976 357 2671932 313977696 3008786 0 989383 0 0 0", "cpu113 9198206 373 2407882 315028267 3068036 0 843222 0 0 0", "cpu114 9118039 256 2307906 315259497 3059925 0 807986 0 0 0", "cpu115 8986410 86 2271084 315449383 3033210 0 809066 0 0 0", "cpu116 9206460 448 2215420 315321521 3014843 0 787814 0 0 0", "cpu117 8909103 272 2175325 315636969 3045255 0 790695 0 0 0", "cpu118 9714852 356 2464364 315047794 2436648 0 892231 0 0 0", "cpu119 9811123 733 2564316 314739294 2471339 0 941709 0 0 0"], "processes": ["    PID PSR %CPU COMMAND", "3716281 122 75.0 cc1plus", "3712704 114 74.8 cc1plus", "3712659 123 71.4 cc1plus", "3712649 120 69.1 cc1plus", "3716231 118 68.3 cc1plus", "3712661 115 66.3 cc1plus", "3715763 112 61.3 cc1plus", "3716252 122 60.7 cc1plus", "3716205 119 59.2 cc1plus", "3715918 127 59.1 cc1plus", "3716236 121 58.9 cc1plus", "3716071 125 58.4 cc1plus", "3716194 116 55.8 cc1plus", "3716074 117 55.7 cc1plus", "3716066 127 55.5 cc1plus", "3716240 112 55.1 cc1plus", "3716190 117 52.1 cc1plus", "3716079 113 52.0 cc1plus", "3716177 115 51.5 cc1plus", "3716242 121 51.0 cc1plus", "3716171 120 50.3 cc1plus", "3716181 113 49.4 cc1plus", "3716183 119 49.4 cc1plus", "3716139 126 49.2 cc1plus"]}}
{"event": "boot", "ready": true, "exit": null, "log": "/home/user/Projects/cx-aoffix2/build/aoffix2/pre-rows/error-1s-epoll/server-1.log"}
{"event": "stop", "exit": 0, "escalated": false}
{"event": "FAIL", "case": "error", "error": "AssertionError('PS4.4: always write failure left clients waiting forever')"}
Traceback (most recent call last):
  File "/home/user/Projects/cx-aoffix2/tests/aoffix2.py", line 302, in error
    s.p.wait(timeout=2)
  File "/usr/lib/python3.12/subprocess.py", line 1264, in wait
    return self._wait(timeout=timeout)
           ^^^^^^^^^^^^^^^^^^^^^^^^^^^
  File "/usr/lib/python3.12/subprocess.py", line 2045, in _wait
    raise TimeoutExpired(self.args, timeout)
subprocess.TimeoutExpired: Command '['taskset', '-c', '112-119', '/home/user/Projects/cx-aoffix2/build/aoffix2/pre/tomokv', '--bind', '127.0.0.1', '--port', '25000', '--save', '', '--appendonly', 'no', '--dir', '/home/user/Projects/cx-aoffix2/build/aoffix2/pre-rows/error-1s-epoll/data', '--protected-mode', 'no', '--shards', '16', '--thread-mode', '1s', '--net-io', 'epoll', '--key-lb', '0', '--client-lb', '0', '--flip-auto', '0', '--read-local', '0', '--reorder', '0', '--enable-debug-command', 'yes', '--appendonly', 'yes', '--appendfsync', 'always', '--auto-aof-rewrite-percentage', '0']' timed out after 2 seconds

During handling of the above exception, another exception occurred:

Traceback (most recent call last):
  File "/home/user/Projects/cx-aoffix2/tests/aoffix2.py", line 554, in <module>
    CASES[ARGS.case]()
  File "/home/user/Projects/cx-aoffix2/tests/aoffix2.py", line 304, in error
    raise AssertionError('PS4.4: always write failure left clients waiting forever')
AssertionError: PS4.4: always write failure left clients waiting forever
