{"event": "spawn", "pid": 3719971, "argv": ["taskset", "-c", "112-119", "/home/user/Projects/cx-aoffix2/build/aoffix2/pre/tomokv", "--bind", "127.0.0.1", "--port", "25000", "--save", "", "--appendonly", "no", "--dir", "/home/user/Projects/cx-aoffix2/build/aoffix2/pre-rows/filename-2s-epoll/filename-0", "--protected-mode", "no", "--shards", "16", "--thread-mode", "2s", "--net-io", "epoll", "--key-lb", "0", "--client-lb", "0", "--flip-auto", "0", "--read-local", "0", "--reorder", "0", "--enable-debug-command", "yes", "--ratio", "6:2", "--appendonly", "yes", "--appendfsync", "always", "--auto-aof-rewrite-percentage", "0", "--appendfilename", "has space.aof"], "fsize": null, "load": {"loadavg": "23.01 61.00 53.57 39/3486 3719974", "cpu_stat": ["cpu112 9896763 357 2672019 313977696 3008786 0 989383 0 0 0", "cpu113 9200011 373 2407950 315028267 3068037 0 843222 0 0 0", "cpu114 9119821 256 2307997 315259497 3059925 0 807987 0 0 0", "cpu115 8988159 86 2271207 315449383 3033212 0 809066 0 0 0", "cpu116 9208212 448 2215542 315321521 3014843 0 787814 0 0 0", "cpu117 8910865 272 2175436 315636969 3045255 0 790695 0 0 0", "cpu118 9716632 356 2464457 315047794 2436648 0 892231 0 0 0", "cpu119 9812929 733 2564384 314739294 2471339 0 941709 0 0 0"], "processes": ["    PID PSR %CPU COMMAND", "3719975 115  500 ps", "3719942 112 75.0 cc1plus", "3712659 127 58.5 cc1plus", "3712649 127 57.5 cc1plus", "3719856 112 54.5 cc1plus", "3716422 124 52.0 cc1plus", "3716577 122 50.1 cc1plus", "3716814 120 49.2 cc1plus", "3716757 126 49.0 cc1plus", "3716725 113 49.0 cc1plus", "3716477 114 48.8 cc1plus", "3716150 119 48.7 cc1plus", "3716252 125 48.5 cc1plus", "3716796 116 48.2 cc1plus", "3716772 119 48.0 cc1plus", "3716248 123 47.8 cc1plus", "3717435 116 47.9 cc1plus", "3716594 117 47.7 cc1plus", "3716139 115 47.5 cc1plus", "3716721 123 47.4 cc1plus", "3716811 117 46.9 cc1plus", "3716532 123 46.6 cc1plus", "3716807 114 46.5 cc1plus", "3716167 121 46.1 cc1plus"]}}
{"event": "boot", "ready": true, "exit": null, "log": "/home/user/Projects/cx-aoffix2/build/aoffix2/pre-rows/filename-2s-epoll/server-1.log"}
{"event": "manifest", "name": "has space.aof", "text": "TOMOAOF-MANIFEST 1\nfile has space.aof.2.base.tomo seq 2 type b epoch 1 commit 0 size 662\nfile has space.aof.2.incr.tomo seq 2 type i start 0,0,0,0,0,0,1,0,0,0,0,0,0,0,0,0\nrewrite-base-size 742\n"}
{"event": "stop", "exit": 0, "escalated": false}
{"event": "spawn", "pid": 3720290, "argv": ["taskset", "-c", "112-119", "/home/user/Projects/cx-aoffix2/build/aoffix2/pre/tomokv", "--bind", "127.0.0.1", "--port", "25000", "--save", "", "--appendonly", "no", "--dir", "/home/user/Projects/cx-aoffix2/build/aoffix2/pre-rows/filename-2s-epoll/filename-0", "--protected-mode", "no", "--shards", "16", "--thread-mode", "2s", "--net-io", "epoll", "--key-lb", "0", "--client-lb", "0", "--flip-auto", "0", "--read-local", "0", "--reorder", "0", "--enable-debug-command", "yes", "--ratio", "6:2", "--appendonly", "yes", "--appendfsync", "always", "--auto-aof-rewrite-percentage", "0", "--appendfilename", "has space.aof"], "fsize": null, "load": {"loadavg": "23.01 61.00 53.57 44/3489 3720299", "cpu_stat": ["cpu112 9896810 357 2672023 313977696 3008786 0 989383 0 0 0", "cpu113 9200060 373 2407952 315028267 3068037 0 843222 0 0 0", "cpu114 9119871 256 2307999 315259497 3059925 0 807987 0 0 0", "cpu115 8988205 86 2271212 315449383 3033212 0 809066 0 0 0", "cpu116 9208262 448 2215543 315321521 3014843 0 787814 0 0 0", "cpu117 8910910 272 2175442 315636969 3045255 0 790695 0 0 0", "cpu118 9716680 356 2464461 315047794 2436648 0 892231 0 0 0", "cpu119 9812978 733 2564387 314739294 2471339 0 941709 0 0 0"], "processes": ["    PID PSR %CPU COMMAND", "3720300 117  200 ps", "3720040 122 61.3 cc1plus", "3720200 127 58.8 cc1plus", "3712659 127 58.2 cc1plus", "3712649 126 57.3 cc1plus", "3716422 124 51.7 cc1plus", "3716577 120 49.8 cc1plus", "3716814 120 49.1 cc1plus", "3716757 123 48.7 cc1plus", "3716477 119 48.7 cc1plus", "3716150 119 48.5 cc1plus", "3716725 114 48.5 cc1plus", "3719942 112 48.3 cc1plus", "3716252 126 48.2 cc1plus", "3716796 116 48.0 cc1plus", "3719856 118 47.9 cc1plus", "3716594 114 47.8 cc1plus", "3716248 124 47.7 cc1plus", "3717435 116 47.6 cc1plus", "3716772 112 47.6 cc1plus", "3716139 115 47.5 cc1plus", "3716811 113 46.5 cc1plus", "3716532 123 46.4 cc1plus", "3716721 125 46.4 cc1plus"]}}
{"event": "boot", "ready": false, "exit": 1, "log": "/home/user/Projects/cx-aoffix2/build/aoffix2/pre-rows/filename-2s-epoll/server-2.log"}
{"event": "stop", "exit": 1, "escalated": false}
{"event": "FAIL", "case": "filename", "error": "AssertionError('--net-io epoll: using syscall persistence (no io_uring ring)\\nAOF load plan failed: invalid AOF manifest file entry\\nTomoKV 1.0-cpp (Redis 7.4.10 compatible)\\n')"}
Traceback (most recent call last):
  File "/home/user/Projects/cx-aoffix2/tests/aoffix2.py", line 554, in <module>
    CASES[ARGS.case]()
  File "/home/user/Projects/cx-aoffix2/tests/aoffix2.py", line 261, in filename
    assert s.client().cmd('GET', 'k') == b'value', 'PS4.2: quoted name did not replay'
           ^^^^^^^^^^
  File "/home/user/Projects/cx-aoffix2/tests/aoffix2.py", line 172, in client
    assert self.ready, self.logpath.read_text(errors='replace')[-2000:]
           ^^^^^^^^^^
AssertionError: --net-io epoll: using syscall persistence (no io_uring ring)
AOF load plan failed: invalid AOF manifest file entry
TomoKV 1.0-cpp (Redis 7.4.10 compatible)
