{"event": "spawn", "pid": 3720956, "argv": ["taskset", "-c", "112-119", "/home/user/Projects/cx-aoffix2/build/aoffix2/pre/tomokv", "--bind", "127.0.0.1", "--port", "25000", "--save", "", "--appendonly", "no", "--dir", "/home/user/Projects/cx-aoffix2/build/aoffix2/pre-rows/rewrite_fail2-2s-epoll/data", "--protected-mode", "no", "--shards", "16", "--thread-mode", "2s", "--net-io", "epoll", "--key-lb", "0", "--client-lb", "0", "--flip-auto", "0", "--read-local", "0", "--reorder", "0", "--enable-debug-command", "yes", "--ratio", "6:2", "--appendonly", "yes", "--appendfsync", "everysec", "--auto-aof-rewrite-percentage", "0"], "fsize": null, "load": {"loadavg": "27.09 60.62 53.53 54/3517 3720956", "cpu_stat": ["cpu112 9898164 357 2672080 313977696 3008786 0 989383 0 0 0", "cpu113 9201414 373 2408009 315028267 3068037 0 843222 0 0 0", "cpu114 9121238 256 2308042 315259497 3059925 0 807987 0 0 0", "cpu115 8989553 86 2271274 315449383 3033212 0 809066 0 0 0", "cpu116 9209624 448 2215592 315321521 3014843 0 787814 0 0 0", "cpu117 8912260 272 2175503 315636969 3045255 0 790695 0 0 0", "cpu118 9718024 356 2464527 315047794 2436648 0 892231 0 0 0", "cpu119 9814305 733 2564469 314739294 2471339 0 941709 0 0 0"], "processes": ["    PID PSR %CPU COMMAND", "3720957 124  500 ps", "3720953 124 53.3 as", "3712659 122 51.4 cc1plus", "3712649 113 50.7 cc1plus", "3716150 115 44.5 cc1plus", "3720952 119 43.7 cc1plus", "3716139 118 43.6 cc1plus", "3716252 114 43.0 cc1plus", "3716248 120 42.5 cc1plus", "3716477 113 42.2 cc1plus", "3716594 114 41.3 cc1plus", "3716725 117 40.6 cc1plus", "3716814 121 40.3 cc1plus", "3716757 121 40.1 cc1plus", "3716796 115 40.1 cc1plus", "3716721 126 39.0 cc1plus", "3719791 112 37.2 cc1plus", "3720946 117 37.0 cc1plus", "3719942 118 36.5 cc1plus", "3719298 126 36.5 cc1plus", "3720852 116 34.8 cc1plus", "3720827 119 34.6 cc1plus", "3720700 117 34.2 cc1plus", "3720596 114 33.6 cc1plus"]}}
{"event": "boot", "ready": true, "exit": null, "log": "/home/user/Projects/cx-aoffix2/build/aoffix2/pre-rows/rewrite_fail2-2s-epoll/server-1.log"}
{"event": "rewrite_failure", "n": 1, "manifest": "TOMOAOF-MANIFEST 1\nfile appendonly.aof.2.base.tomo seq 2 type b epoch 1 commit 0 size 665\nfile appendonly.aof.2.incr.tomo seq 2 type i start 0,0,1,0,0,0,0,0,0,0,0,0,0,0,0,0\nfile appendonly.aof.3.incr.tomo seq 3 type i start 0,0,1,0,0,0,0,1,0,0,0,0,0,0,0,0\nrewrite-base-size 745\n"}
{"event": "rewrite_failure", "n": 2, "manifest": "TOMOAOF-MANIFEST 1\nfile appendonly.aof.2.base.tomo seq 2 type b epoch 2 commit 0 size 665\nfile appendonly.aof.2.incr.tomo seq 2 type i start 0,0,1,0,0,0,0,0,0,0,0,0,0,0,0,0\nfile appendonly.aof.3.incr.tomo seq 3 type i start 0,0,1,0,0,0,0,1,0,0,0,0,0,0,0,0\nfile appendonly.aof.4.incr.tomo seq 4 type i start 0,0,1,1,0,0,0,1,0,0,0,0,0,0,0,0\nrewrite-base-size 745\n"}
{"event": "stop", "exit": 0, "escalated": false}
{"event": "spawn", "pid": 3720980, "argv": ["taskset", "-c", "112-119", "/home/user/Projects/cx-aoffix2/build/aoffix2/pre/tomokv", "--bind", "127.0.0.1", "--port", "25000", "--save", "", "--appendonly", "no", "--dir", "/home/user/Projects/cx-aoffix2/build/aoffix2/pre-rows/rewrite_fail2-2s-epoll/data", "--protected-mode", "no", "--shards", "16", "--thread-mode", "2s", "--net-io", "epoll", "--key-lb", "0", "--client-lb", "0", "--flip-auto", "0", "--read-local", "0", "--reorder", "0", "--enable-debug-command", "yes", "--ratio", "6:2", "--appendonly", "yes", "--appendfsync", "everysec", "--auto-aof-rewrite-percentage", "0"], "fsize": null, "load": {"loadavg": "29.25 60.51 53.53 57/3524 3720980", "cpu_stat": ["cpu112 9898270 357 2672081 313977696 3008786 0 989383 0 0 0", "cpu113 9201520 373 2408009 315028267 3068037 0 843222 0 0 0", "cpu114 9121341 256 2308045 315259497 3059925 0 807987 0 0 0", "cpu115 8989659 86 2271275 315449383 3033212 0 809066 0 0 0", "cpu116 9209728 448 2215594 315321521 3014843 0 787814 0 0 0", "cpu117 8912363 272 2175507 315636969 3045255 0 790695 0 0 0", "cpu118 9718126 356 2464532 315047794 2436648 0 892231 0 0 0", "cpu119 9814400 733 2564481 314739294 2471339 0 941709 0 0 0"], "processes": ["    PID PSR %CPU COMMAND", "3720981 119  400 ps", "3712659 127 51.0 cc1plus", "3712649 114 50.3 cc1plus", "3716150 114 44.1 cc1plus", "3716139 113 43.3 cc1plus", "3716252 116 42.7 cc1plus", "3716248 127 42.2 cc1plus", "3716477 112 41.8 cc1plus", "3716594 113 40.8 cc1plus", "3716725 116 40.3 cc1plus", "3716814 122 39.9 cc1plus", "3716757 126 39.8 cc1plus", "3716796 118 39.7 cc1plus", "3716721 123 38.7 cc1plus", "3719791 117 36.9 cc1plus", "3720953 120 36.4 as", "3719942 117 36.3 cc1plus", "3719298 125 36.2 cc1plus", "3720976 115 34.5 cc1plus", "3720852 117 33.9 cc1plus", "3720449 124 33.5 cc1plus", "3720596 112 33.5 cc1plus", "3720946 114 33.5 cc1plus", "3720616 115 33.4 cc1plus"]}}
{"event": "boot", "ready": false, "exit": 1, "log": "/home/user/Projects/cx-aoffix2/build/aoffix2/pre-rows/rewrite_fail2-2s-epoll/server-2.log"}
{"event": "stop", "exit": 1, "escalated": false}
{"event": "FAIL", "case": "rewrite_fail2", "error": "AssertionError('--net-io epoll: using syscall persistence (no io_uring ring)\\nAOF load plan failed: AOF base metadata does not match the manifest\\nTomoKV 1.0-cpp (Redis 7.4.10 compatible)\\n')"}
Traceback (most recent call last):
  File "/home/user/Projects/cx-aoffix2/tests/aoffix2.py", line 554, in <module>
    CASES[ARGS.case]()
  File "/home/user/Projects/cx-aoffix2/tests/aoffix2.py", line 475, in rewrite_fail2
    c = s.client()
        ^^^^^^^^^^
  File "/home/user/Projects/cx-aoffix2/tests/aoffix2.py", line 172, in client
    assert self.ready, self.logpath.read_text(errors='replace')[-2000:]
           ^^^^^^^^^^
AssertionError: --net-io epoll: using syscall persistence (no io_uring ring)
AOF load plan failed: AOF base metadata does not match the manifest
TomoKV 1.0-cpp (Redis 7.4.10 compatible)
