{"event": "spawn", "pid": 3716706, "argv": ["taskset", "-c", "112-119", "/home/user/Projects/cx-aoffix2/build/aoffix2/pre/tomokv", "--bind", "127.0.0.1", "--port", "25000", "--save", "", "--appendonly", "no", "--dir", "/home/user/Projects/cx-aoffix2/build/aoffix2/pre-rows/rewrite_fail2-1s-epoll/data", "--protected-mode", "no", "--shards", "16", "--thread-mode", "1s", "--net-io", "epoll", "--key-lb", "0", "--client-lb", "0", "--flip-auto", "0", "--read-local", "0", "--reorder", "0", "--enable-debug-command", "yes", "--appendonly", "yes", "--appendfsync", "everysec", "--auto-aof-rewrite-percentage", "0"], "fsize": null, "load": {"loadavg": "20.31 61.79 53.74 34/3490 3716706", "cpu_stat": ["cpu112 9895983 357 2671976 313977696 3008786 0 989383 0 0 0", "cpu113 9199222 373 2407916 315028267 3068037 0 843222 0 0 0", "cpu114 9119059 256 2307938 315259497 3059925 0 807986 0 0 0", "cpu115 8987388 86 2271155 315449383 3033212 0 809066 0 0 0", "cpu116 9207463 448 2215468 315321521 3014843 0 787814 0 0 0", "cpu117 8910105 272 2175373 315636969 3045255 0 790695 0 0 0", "cpu118 9715866 356 2464401 315047794 2436648 0 892231 0 0 0", "cpu119 9812134 733 2564356 314739294 2471339 0 941709 0 0 0"], "processes": ["    PID PSR %CPU COMMAND", "3716707 126  400 ps", "3712659 122 61.7 cc1plus", "3716594 113 60.5 cc1plus", "3712649 126 60.4 cc1plus", "3716701 117 58.0 cc1plus", "3715918 118 56.8 cc1plus", "3716601 116 55.7 cc1plus", "3716066 120 53.6 cc1plus", "3716685 123 53.6 cc1plus", "3716667 119 52.4 cc1plus", "3716597 120 52.2 cc1plus", "3716281 123 52.1 cc1plus", "3716194 118 51.3 cc1plus", "3716242 115 50.7 cc1plus", "3716428 121 50.7 cc1plus", "3716422 124 50.6 cc1plus", "3716389 124 50.6 cc1plus", "3716252 112 50.0 cc1plus", "3716304 119 49.8 cc1plus", "3716363 121 49.6 cc1plus", "3716181 117 49.1 cc1plus", "3716248 125 48.9 cc1plus", "3716477 125 48.8 cc1plus", "3716150 114 47.9 cc1plus"]}}
{"event": "boot", "ready": true, "exit": null, "log": "/home/user/Projects/cx-aoffix2/build/aoffix2/pre-rows/rewrite_fail2-1s-epoll/server-1.log"}
{"event": "rewrite_failure", "n": 1, "manifest": "TOMOAOF-MANIFEST 1\nfile appendonly.aof.2.base.tomo seq 2 type b epoch 1 commit 0 size 665\nfile appendonly.aof.2.incr.tomo seq 2 type i start 0,0,0,0,0,0,0,0,0,0,0,0,0,0,0,1\nfile appendonly.aof.3.incr.tomo seq 3 type i start 0,0,0,0,0,0,0,0,0,1,0,0,0,0,0,1\nrewrite-base-size 745\n"}
{"event": "rewrite_failure", "n": 2, "manifest": "TOMOAOF-MANIFEST 1\nfile appendonly.aof.2.base.tomo seq 2 type b epoch 2 commit 0 size 665\nfile appendonly.aof.2.incr.tomo seq 2 type i start 0,0,0,0,0,0,0,0,0,0,0,0,0,0,0,1\nfile appendonly.aof.3.incr.tomo seq 3 type i start 0,0,0,0,0,0,0,0,0,1,0,0,0,0,0,1\nfile appendonly.aof.4.incr.tomo seq 4 type i start 0,0,0,0,0,0,0,0,0,1,0,1,0,0,0,1\nrewrite-base-size 745\n"}
{"event": "stop", "exit": 0, "escalated": false}
{"event": "spawn", "pid": 3716737, "argv": ["taskset", "-c", "112-119", "/home/user/Projects/cx-aoffix2/build/aoffix2/pre/tomokv", "--bind", "127.0.0.1", "--port", "25000", "--save", "", "--appendonly", "no", "--dir", "/home/user/Projects/cx-aoffix2/build/aoffix2/pre-rows/rewrite_fail2-1s-epoll/data", "--protected-mode", "no", "--shards", "16", "--thread-mode", "1s", "--net-io", "epoll", "--key-lb", "0", "--client-lb", "0", "--flip-auto", "0", "--read-local", "0", "--reorder", "0", "--enable-debug-command", "yes", "--appendonly", "yes", "--appendfsync", "everysec", "--auto-aof-rewrite-percentage", "0"], "fsize": null, "load": {"loadavg": "20.31 61.79 53.74 37/3493 3716738", "cpu_stat": ["cpu112 9896062 357 2671981 313977696 3008786 0 989383 0 0 0", "cpu113 9199301 373 2407922 315028267 3068037 0 843222 0 0 0", "cpu114 9119141 256 2307940 315259497 3059925 0 807987 0 0 0", "cpu115 8987465 86 2271162 315449383 3033212 0 809066 0 0 0", "cpu116 9207539 448 2215476 315321521 3014843 0 787814 0 0 0", "cpu117 8910187 272 2175376 315636969 3045255 0 790695 0 0 0", "cpu118 9715932 356 2464419 315047794 2436648 0 892231 0 0 0", "cpu119 9812216 733 2564358 314739294 2471339 0 941709 0 0 0"], "processes": ["    PID PSR %CPU COMMAND", "3716739 116  400 ps", "3716738 120  300 as", "3712659 126 61.1 cc1plus", "3712649 125 60.5 cc1plus", "3716594 114 58.5 cc1plus", "3716717 115 58.1 as", "3716725 116 55.7 cc1plus", "3716735 125 55.5 as", "3716601 113 55.4 cc1plus", "3716721 120 52.8 cc1plus", "3716281 123 51.9 cc1plus", "3716685 123 51.8 cc1plus", "3716597 120 51.4 cc1plus", "3716428 121 50.5 cc1plus", "3716422 124 50.5 cc1plus", "3716389 124 50.5 cc1plus", "3716242 118 50.5 cc1plus", "3716252 118 49.9 cc1plus", "3716304 119 49.8 cc1plus", "3716363 121 49.7 cc1plus", "3716181 117 49.3 cc1plus", "3716532 122 48.3 cc1plus", "3716248 122 48.2 cc1plus", "3716150 112 48.0 cc1plus"]}}
{"event": "boot", "ready": false, "exit": 1, "log": "/home/user/Projects/cx-aoffix2/build/aoffix2/pre-rows/rewrite_fail2-1s-epoll/server-2.log"}
{"event": "stop", "exit": 1, "escalated": false}
{"event": "FAIL", "case": "rewrite_fail2", "error": "AssertionError('--net-io epoll: using syscall persistence (no io_uring ring)\\nAOF load plan failed: AOF base metadata does not match the manifest\\nTomoKV 1.0-cpp (Redis 7.4.10 compatible)\\n')"}
Traceback (most recent call last):
  File "/home/user/Projects/cx-aoffix2/tests/aoffix2.py", line 554, in <module>
    CASES[ARGS.case]()
  File "/home/user/Projects/cx-aoffix2/tests/aoffix2.py", line 475, in rewrite_fail2
    c = s.client()
        ^^^^^^^^^^
  File "/home/user/Projects/cx-aoffix2/tests/aoffix2.py", line 172, in client
    assert self.ready, self.logpath.read_text(errors='replace')[-2000:]
           ^^^^^^^^^^
AssertionError: --net-io epoll: using syscall persistence (no io_uring ring)
AOF load plan failed: AOF base metadata does not match the manifest
TomoKV 1.0-cpp (Redis 7.4.10 compatible)
