topology: 1 L3 domain(s)
  domain  0: 8 cpus [112,113,114,115,116,117,118,119]
tomokv-cpp: 8 unified threads, 16 shard(s), thread-mode=1s, overlap=0 (executor prefetch; ordinary IO), io_uring, alloc=jemalloc, reorder=0, read-local=1
  thread t0: role=unified cpu=112 L3=0 shards=2 send=self
  thread t1: role=unified cpu=113 L3=0 shards=2 send=self
  thread t2: role=unified cpu=114 L3=0 shards=2 send=self
  thread t3: role=unified cpu=115 L3=0 shards=2 send=self
  thread t4: role=unified cpu=116 L3=0 shards=2 send=self
  thread t5: role=unified cpu=117 L3=0 shards=2 send=self
  thread t6: role=unified cpu=118 L3=0 shards=2 send=self
  thread t7: role=unified cpu=119 L3=0 shards=2 send=self
listening on 127.0.0.1:18340
persistence: enabled=0 posted=0 flushed=0 durable=0 refused=0 pending_chunks=0 producers_with_pending=0 drain_gave_up=0 failed=0

thread role          ops      iters   busy_ms   idle_ms    cpu_ms   wake_tx  wake_rx
t0     uni             6        218       0.4    2362.3       1.3         2        7
io_tenure t0/0 busy_ns=447762 idle_ns=2362274896 entry_ns=3160523703736482 begin_ns=3160523703736502 end_ns=3160526066459160 exit_ns=3160526066459190 role_exit=0 stopped=1
t1     uni             7        168       1.2    2361.5       2.1        11       15
io_tenure t1/0 busy_ns=1246182 idle_ns=2361473896 entry_ns=3160523703737882 begin_ns=3160523703737912 end_ns=3160526066457990 exit_ns=3160526066458130 role_exit=0 stopped=1
t2     uni             2        192       0.5    2362.2       1.3         0        1
io_tenure t2/0 busy_ns=541875 idle_ns=2362175613 entry_ns=3160523703735962 begin_ns=3160523703735992 end_ns=3160526066453480 exit_ns=3160526066453610 role_exit=0 stopped=1
t3     uni             2        232       0.7    2362.0       1.5         1        2
io_tenure t3/0 busy_ns=717204 idle_ns=2362003834 entry_ns=3160523703736642 begin_ns=3160523703736672 end_ns=3160526066457710 exit_ns=3160526066457840 role_exit=0 stopped=1
t4     uni             2        180       0.5    2362.2       1.4         0        1
io_tenure t4/0 busy_ns=518279 idle_ns=2362203489 entry_ns=3160523703738582 begin_ns=3160523703738612 end_ns=3160526066460380 exit_ns=3160526066460410 role_exit=0 stopped=1
t5     uni             2        188       0.5    2362.3       1.3         0        1
io_tenure t5/0 busy_ns=463951 idle_ns=2362254077 entry_ns=3160523703736772 begin_ns=3160523703736802 end_ns=3160526066454830 exit_ns=3160526066454970 role_exit=0 stopped=1
t6     uni             2        192       0.4    2362.3       1.3         1        2
io_tenure t6/0 busy_ns=438304 idle_ns=2362277804 entry_ns=3160523703737502 begin_ns=3160523703737522 end_ns=3160526066453630 exit_ns=3160526066453780 role_exit=0 stopped=1
t7     uni             2        167       0.4    2362.3       1.2         0        1
io_tenure t7/0 busy_ns=407330 idle_ns=2362291458 entry_ns=3160523703764062 begin_ns=3160523703764092 end_ns=3160526066462880 exit_ns=3160526066462920 role_exit=0 stopped=1
wb: retired=9 direct=1 sends=8/8 short=0 err=0 peer_aborts=0 bytes=10824 zc_sends=0 zc_bytes=0 zc_releases=0 serves=12 empty=3
tls: accepts=0 handshakes=0/0 failed=0 freed=0 want_read=0 want_write=0 cipher_in=0 plain_in=0 cipher_out=0 plain_out=0 zc_suppressed=0 ktls_active=0 ktls_fallback=0
stuck: live_conns=0 rob_not_quiesced=0 unsent_bytes_pending=0 | slots done=0 issued=0 free=0 flag_set=0
shutdown: unified_work=25 accepts=3 accept_err=0 rearm=0 sqe_starved=0 notify_drop=0
shutdown_report {"schema":1,"thread_mode":"1s","work":{"kind":"fused","unified":25},"threads":[{"tid":0,"role":"fused","ops":6,"iterations":218,"busy_ns":447762,"idle_ns":2362274896,"cpu_ns":1300050,"wake_tx":2,"wake_rx":7,"io_tenures":[{"entry_ns":3160523703736482,"begin_ns":3160523703736502,"end_ns":3160526066459160,"exit_ns":3160526066459190,"busy_ns":447762,"idle_ns":2362274896,"role_exit":false,"stopped":true,"did_submit":0,"sweep_submit":0,"park":0}]},{"tid":1,"role":"fused","ops":7,"iterations":168,"busy_ns":1246182,"idle_ns":2361473896,"cpu_ns":2106860,"wake_tx":11,"wake_rx":15,"io_tenures":[{"entry_ns":3160523703737882,"begin_ns":3160523703737912,"end_ns":3160526066457990,"exit_ns":3160526066458130,"busy_ns":1246182,"idle_ns":2361473896,"role_exit":false,"stopped":true,"did_submit":0,"sweep_submit":0,"park":0}]},{"tid":2,"role":"fused","ops":2,"iterations":192,"busy_ns":541875,"idle_ns":2362175613,"cpu_ns":1343200,"wake_tx":0,"wake_rx":1,"io_tenures":[{"entry_ns":3160523703735962,"begin_ns":3160523703735992,"end_ns":3160526066453480,"exit_ns":3160526066453610,"busy_ns":541875,"idle_ns":2362175613,"role_exit":false,"stopped":true,"did_submit":0,"sweep_submit":0,"park":0}]},{"tid":3,"role":"fused","ops":2,"iterations":232,"busy_ns":717204,"idle_ns":2362003834,"cpu_ns":1499740,"wake_tx":1,"wake_rx":2,"io_tenures":[{"entry_ns":3160523703736642,"begin_ns":3160523703736672,"end_ns":3160526066457710,"exit_ns":3160526066457840,"busy_ns":717204,"idle_ns":2362003834,"role_exit":false,"stopped":true,"did_submit":0,"sweep_submit":0,"park":0}]},{"tid":4,"role":"fused","ops":2,"iterations":180,"busy_ns":518279,"idle_ns":2362203489,"cpu_ns":1378860,"wake_tx":0,"wake_rx":1,"io_tenures":[{"entry_ns":3160523703738582,"begin_ns":3160523703738612,"end_ns":3160526066460380,"exit_ns":3160526066460410,"busy_ns":518279,"idle_ns":2362203489,"role_exit":false,"stopped":true,"did_submit":0,"sweep_submit":0,"park":0}]},{"tid":5,"role":"fused","ops":2,"iterations":188,"busy_ns":463951,"idle_ns":2362254077,"cpu_ns":1298850,"wake_tx":0,"wake_rx":1,"io_tenures":[{"entry_ns":3160523703736772,"begin_ns":3160523703736802,"end_ns":3160526066454830,"exit_ns":3160526066454970,"busy_ns":463951,"idle_ns":2362254077,"role_exit":false,"stopped":true,"did_submit":0,"sweep_submit":0,"park":0}]},{"tid":6,"role":"fused","ops":2,"iterations":192,"busy_ns":438304,"idle_ns":2362277804,"cpu_ns":1262660,"wake_tx":1,"wake_rx":2,"io_tenures":[{"entry_ns":3160523703737502,"begin_ns":3160523703737522,"end_ns":3160526066453630,"exit_ns":3160526066453780,"busy_ns":438304,"idle_ns":2362277804,"role_exit":false,"stopped":true,"did_submit":0,"sweep_submit":0,"park":0}]},{"tid":7,"role":"fused","ops":2,"iterations":167,"busy_ns":407330,"idle_ns":2362291458,"cpu_ns":1238670,"wake_tx":0,"wake_rx":1,"io_tenures":[{"entry_ns":3160523703764062,"begin_ns":3160523703764092,"end_ns":3160526066462880,"exit_ns":3160526066462920,"busy_ns":407330,"idle_ns":2362291458,"role_exit":false,"stopped":true,"did_submit":0,"sweep_submit":0,"park":0}]}],"wb":{"retired":9,"direct":1,"sends_completed":8,"sends_submitted":8,"short_writes":0,"send_errors":0,"peer_aborts":0,"bytes_sent":10824,"zc_sends":0,"zc_bytes":0,"zc_releases":0,"serves":12,"serves_empty":3},"tls":{"accepts":0,"handshakes_completed":0,"handshakes_started":0,"handshakes_failed":0,"connections_freed":0,"want_read":0,"want_write":0,"ciphertext_input_bytes":0,"plaintext_input_bytes":0,"ciphertext_output_bytes":0,"plaintext_output_bytes":0,"zc_suppressed":0,"ktls_active":0,"ktls_fallback":0},"stuck":{"live_conns":0,"rob_not_quiesced":0,"unsent_bytes_pending":0,"slots_done":0,"slots_issued":0,"slots_free":0,"flag_set":0},"epoll":{"enabled":false,"events":0,"recvs":0},"persistence":{"enabled":false,"recording":false,"failed":false,"drain_gave_up":false,"posted":0,"flushed":0,"durable":0,"refused":0,"pending_chunks":0,"records_written":0,"producers_with_pending":0,"producers_stopped":0,"producers_expected":0,"completions_pending":0},"accept":{"accepts":3,"accept_err":0,"rearm":0,"sqe_starved":0,"notify_drop":0}}
