PASS LB busy client mode=1s destination_ack=1 arrivals=1 (first-tail refusal)
PASS LB busy client mode=1s destination_ack=0 arrivals=1 (first-tail refusal)
PASS LB busy client mode=2s destination_ack=1 arrivals=1 (first-tail refusal)
PASS LB busy client mode=2s destination_ack=0 arrivals=1 (first-tail refusal)
signalacct model PRE phase=0: share=0.750000000 target=6 move=0
signalacct model PRE phase=1: share=0.625000000 target=5 move=1
signalacct model POST phase=0: share=0.750000000 target=6 move=0
signalacct model POST phase=1: share=0.625000000 target=5 move=1
signalacct physical PRE pinned=1: occ[1]=0.500000 occ[2]=0.600000 victim=1 excluded=coordinator,AOF,unix
signalacct physical POST pinned=1: occ[1]=0.900000 occ[2]=0.600000 victim=2 excluded=coordinator,AOF,unix
signalacct physical POST pinned=0: occ[1]=0.900000 occ[2]=0.600000 victim=5 excluded=coordinator
TRACE flipsettle seek databases=1 phase=settling samples=0/0 learning=0.000/0/0/0/0 signal=23 disabled=0 window=0 paired=0 preserved=1
TRACE flipsettle waiting databases=1 phase=settling samples=0/0 learning=0.000/0/0/0/0 signal=23 disabled=0 window=0 paired=0 preserved=1
TRACE flipsettle nonsettling databases=1 phase=seeking samples=11/13 learning=0.125/17001/17002/17003/19 signal=23 disabled=0 window=0 paired=0 preserved=1
TRACE flipsettle disarm databases=1 phase=settling samples=0/0 learning=0.000/0/0/0/0 signal=0 disabled=1 window=0 paired=0 preserved=1
TRACE flipsettle seek databases=4 phase=settling samples=0/0 learning=0.000/0/0/0/0 signal=23 disabled=0 window=0 paired=0 preserved=1
TRACE flipsettle waiting databases=4 phase=settling samples=0/0 learning=0.000/0/0/0/0 signal=23 disabled=0 window=0 paired=0 preserved=1
TRACE flipsettle nonsettling databases=4 phase=seeking samples=11/13 learning=0.125/17001/17002/17003/19 signal=23 disabled=0 window=0 paired=0 preserved=1
TRACE flipsettle disarm databases=4 phase=settling samples=0/0 learning=0.000/0/0/0/0 signal=0 disabled=1 window=0 paired=0 preserved=1
PASS lanefull mode=1s db=1 verb=GET full=0/2/0 quota=12 local=192 owner=0
PASS lanefull mode=2s db=1 verb=GET full=0/2/0 quota=12 local=192 owner=0
PASS lanefull mode=1s db=1 verb=MGET full=0/16/0 quota=0 local=144 owner=0
PASS lanefull mode=2s db=1 verb=MGET full=0/16/0 quota=0 local=144 owner=0
PASS lanefull mode=1s db=4 verb=GET full=0/2/0 quota=12 local=192 owner=0
PASS lanefull mode=2s db=4 verb=GET full=0/2/0 quota=12 local=192 owner=0
PASS lanefull mode=1s db=4 verb=MGET full=0/16/0 quota=0 local=144 owner=0
PASS lanefull mode=2s db=4 verb=MGET full=0/16/0 quota=0 local=144 owner=0
PASS lanefull INFO db=1 counters=39 aggregate/reset/increment/saturation
PASS lanefull INFO db=4 counters=39 aggregate/reset/increment/saturation
TRACE flipreport databases=1 now=11000 horizon=10.00 pays=0 decision=sampling-cost
TRACE flipreport databases=1 now=46000 horizon=45.00 pays=1 decision=move issued=1
TRACE flipreport databases=4 now=11000 horizon=10.00 pays=0 decision=sampling-cost
TRACE flipreport databases=4 now=46000 horizon=45.00 pays=1 decision=move issued=1
PASS core concurrency route (state assertions fired)
