topology: 1 L3 domain(s)
  domain  0: 8 cpus [112,113,114,115,116,117,118,119]
tomokv-cpp: 8 unified threads, 16 shard(s), thread-mode=1s, overlap=0 (executor prefetch; ordinary IO), io_uring, alloc=jemalloc, reorder=0, read-local=1
  thread t0: role=unified cpu=112 L3=0 shards=2 send=self
  thread t1: role=unified cpu=113 L3=0 shards=2 send=self
  thread t2: role=unified cpu=114 L3=0 shards=2 send=self
  thread t3: role=unified cpu=115 L3=0 shards=2 send=self
  thread t4: role=unified cpu=116 L3=0 shards=2 send=self
  thread t5: role=unified cpu=117 L3=0 shards=2 send=self
  thread t6: role=unified cpu=118 L3=0 shards=2 send=self
  thread t7: role=unified cpu=119 L3=0 shards=2 send=self
listening on 127.0.0.1:18179
persistence: enabled=0 posted=0 flushed=0 durable=0 refused=0 pending_chunks=0 producers_with_pending=0 drain_gave_up=0 failed=0

thread role          ops      iters   busy_ms   idle_ms    cpu_ms   wake_tx  wake_rx
t0     uni             1          5       0.1     113.9       0.6         1        2
io_tenure t0/0 busy_ns=63871 idle_ns=113907512 entry_ns=2983796112459390 begin_ns=2983796112459410 end_ns=2983796226430793 exit_ns=2983796226430943 role_exit=0 stopped=1
t1     uni          4097       6185      17.2      96.8      24.5         1        2
io_tenure t1/0 busy_ns=17199698 idle_ns=96773365 entry_ns=2983796112454090 begin_ns=2983796112454120 end_ns=2983796226427183 exit_ns=2983796226427313 role_exit=0 stopped=1
t2     uni             0          3       0.0     113.9       0.5         0        0
io_tenure t2/0 busy_ns=45160 idle_ns=113927243 entry_ns=2983796112455390 begin_ns=2983796112455420 end_ns=2983796226427823 exit_ns=2983796226427963 role_exit=0 stopped=1
t3     uni             0          3       0.0     113.9       0.5         0        0
io_tenure t3/0 busy_ns=45350 idle_ns=113924763 entry_ns=2983796112454690 begin_ns=2983796112454720 end_ns=2983796226424833 exit_ns=2983796226424963 role_exit=0 stopped=1
t4     uni             0          3       0.0     113.9       0.5         0        0
io_tenure t4/0 busy_ns=47600 idle_ns=113926623 entry_ns=2983796112452200 begin_ns=2983796112452230 end_ns=2983796226426453 exit_ns=2983796226426623 role_exit=0 stopped=1
t5     uni             0          3       0.1     113.9       0.5         0        0
io_tenure t5/0 busy_ns=51520 idle_ns=113921623 entry_ns=2983796112451600 begin_ns=2983796112451630 end_ns=2983796226424773 exit_ns=2983796226424923 role_exit=0 stopped=1
t6     uni             0          3       0.0     113.9       0.5         0        0
io_tenure t6/0 busy_ns=49440 idle_ns=113923003 entry_ns=2983796112452180 begin_ns=2983796112452210 end_ns=2983796226424653 exit_ns=2983796226424793 role_exit=0 stopped=1
t7     uni             0          3       0.0     113.9       0.5         0        0
io_tenure t7/0 busy_ns=30470 idle_ns=113937563 entry_ns=2983796112467290 begin_ns=2983796112467400 end_ns=2983796226435433 exit_ns=2983796226435473 role_exit=0 stopped=1
wb: retired=2059 direct=2048 sends=2059/2059 short=0 err=0 peer_aborts=0 bytes=76839 zc_sends=0 zc_bytes=0 zc_releases=0 serves=2059 empty=0
tls: accepts=0 handshakes=0/0 failed=0 freed=0 want_read=0 want_write=0 cipher_in=0 plain_in=0 cipher_out=0 plain_out=0 zc_suppressed=0 ktls_active=0 ktls_fallback=0
stuck: live_conns=0 rob_not_quiesced=0 unsent_bytes_pending=0 | slots done=0 issued=0 free=0 flag_set=0
shutdown: unified_work=4098 accepts=1 accept_err=0 rearm=0 sqe_starved=0 notify_drop=0
shutdown_report {"schema":1,"thread_mode":"1s","work":{"kind":"fused","unified":4098},"threads":[{"tid":0,"role":"fused","ops":1,"iterations":5,"busy_ns":63871,"idle_ns":113907512,"cpu_ns":596120,"wake_tx":1,"wake_rx":2,"io_tenures":[{"entry_ns":2983796112459390,"begin_ns":2983796112459410,"end_ns":2983796226430793,"exit_ns":2983796226430943,"busy_ns":63871,"idle_ns":113907512,"role_exit":false,"stopped":true,"did_submit":0,"sweep_submit":0,"park":0}]},{"tid":1,"role":"fused","ops":4097,"iterations":6185,"busy_ns":17199698,"idle_ns":96773365,"cpu_ns":24530240,"wake_tx":1,"wake_rx":2,"io_tenures":[{"entry_ns":2983796112454090,"begin_ns":2983796112454120,"end_ns":2983796226427183,"exit_ns":2983796226427313,"busy_ns":17199698,"idle_ns":96773365,"role_exit":false,"stopped":true,"did_submit":0,"sweep_submit":0,"park":0}]},{"tid":2,"role":"fused","ops":0,"iterations":3,"busy_ns":45160,"idle_ns":113927243,"cpu_ns":486340,"wake_tx":0,"wake_rx":0,"io_tenures":[{"entry_ns":2983796112455390,"begin_ns":2983796112455420,"end_ns":2983796226427823,"exit_ns":2983796226427963,"busy_ns":45160,"idle_ns":113927243,"role_exit":false,"stopped":true,"did_submit":0,"sweep_submit":0,"park":0}]},{"tid":3,"role":"fused","ops":0,"iterations":3,"busy_ns":45350,"idle_ns":113924763,"cpu_ns":548490,"wake_tx":0,"wake_rx":0,"io_tenures":[{"entry_ns":2983796112454690,"begin_ns":2983796112454720,"end_ns":2983796226424833,"exit_ns":2983796226424963,"busy_ns":45350,"idle_ns":113924763,"role_exit":false,"stopped":true,"did_submit":0,"sweep_submit":0,"park":0}]},{"tid":4,"role":"fused","ops":0,"iterations":3,"busy_ns":47600,"idle_ns":113926623,"cpu_ns":477420,"wake_tx":0,"wake_rx":0,"io_tenures":[{"entry_ns":2983796112452200,"begin_ns":2983796112452230,"end_ns":2983796226426453,"exit_ns":2983796226426623,"busy_ns":47600,"idle_ns":113926623,"role_exit":false,"stopped":true,"did_submit":0,"sweep_submit":0,"park":0}]},{"tid":5,"role":"fused","ops":0,"iterations":3,"busy_ns":51520,"idle_ns":113921623,"cpu_ns":538980,"wake_tx":0,"wake_rx":0,"io_tenures":[{"entry_ns":2983796112451600,"begin_ns":2983796112451630,"end_ns":2983796226424773,"exit_ns":2983796226424923,"busy_ns":51520,"idle_ns":113921623,"role_exit":false,"stopped":true,"did_submit":0,"sweep_submit":0,"park":0}]},{"tid":6,"role":"fused","ops":0,"iterations":3,"busy_ns":49440,"idle_ns":113923003,"cpu_ns":512070,"wake_tx":0,"wake_rx":0,"io_tenures":[{"entry_ns":2983796112452180,"begin_ns":2983796112452210,"end_ns":2983796226424653,"exit_ns":2983796226424793,"busy_ns":49440,"idle_ns":113923003,"role_exit":false,"stopped":true,"did_submit":0,"sweep_submit":0,"park":0}]},{"tid":7,"role":"fused","ops":0,"iterations":3,"busy_ns":30470,"idle_ns":113937563,"cpu_ns":505220,"wake_tx":0,"wake_rx":0,"io_tenures":[{"entry_ns":2983796112467290,"begin_ns":2983796112467400,"end_ns":2983796226435433,"exit_ns":2983796226435473,"busy_ns":30470,"idle_ns":113937563,"role_exit":false,"stopped":true,"did_submit":0,"sweep_submit":0,"park":0}]}],"wb":{"retired":2059,"direct":2048,"sends_completed":2059,"sends_submitted":2059,"short_writes":0,"send_errors":0,"peer_aborts":0,"bytes_sent":76839,"zc_sends":0,"zc_bytes":0,"zc_releases":0,"serves":2059,"serves_empty":0},"tls":{"accepts":0,"handshakes_completed":0,"handshakes_started":0,"handshakes_failed":0,"connections_freed":0,"want_read":0,"want_write":0,"ciphertext_input_bytes":0,"plaintext_input_bytes":0,"ciphertext_output_bytes":0,"plaintext_output_bytes":0,"zc_suppressed":0,"ktls_active":0,"ktls_fallback":0},"stuck":{"live_conns":0,"rob_not_quiesced":0,"unsent_bytes_pending":0,"slots_done":0,"slots_issued":0,"slots_free":0,"flag_set":0},"epoll":{"enabled":false,"events":0,"recvs":0},"persistence":{"enabled":false,"recording":false,"failed":false,"drain_gave_up":false,"posted":0,"flushed":0,"durable":0,"refused":0,"pending_chunks":0,"records_written":0,"producers_with_pending":0,"producers_stopped":0,"producers_expected":0,"completions_pending":0},"accept":{"accepts":1,"accept_err":0,"rearm":0,"sqe_starved":0,"notify_drop":0}}
