topology: 1 L3 domain(s)
  domain  0: 8 cpus [112,113,114,115,116,117,118,119]
tomokv-cpp: 8 unified threads, 16 shard(s), thread-mode=1s, overlap=0 (executor prefetch; ordinary IO), io_uring, alloc=jemalloc, reorder=0, read-local=1
  thread t0: role=unified cpu=112 L3=0 shards=2 send=self
  thread t1: role=unified cpu=113 L3=0 shards=2 send=self
  thread t2: role=unified cpu=114 L3=0 shards=2 send=self
  thread t3: role=unified cpu=115 L3=0 shards=2 send=self
  thread t4: role=unified cpu=116 L3=0 shards=2 send=self
  thread t5: role=unified cpu=117 L3=0 shards=2 send=self
  thread t6: role=unified cpu=118 L3=0 shards=2 send=self
  thread t7: role=unified cpu=119 L3=0 shards=2 send=self
listening on 127.0.0.1:17899
persistence: enabled=0 posted=0 flushed=0 durable=0 refused=0 pending_chunks=0 producers_with_pending=0 drain_gave_up=0 failed=0

thread role          ops      iters   busy_ms   idle_ms    cpu_ms   wake_tx  wake_rx
t0     uni          3257       5814      13.2     974.4      16.2       174     1297
io_tenure t0/0 busy_ns=13240089 idle_ns=974378916 entry_ns=2928238017202461 begin_ns=2928238017202491 end_ns=2928239004821496 exit_ns=2928239004821527 role_exit=0 stopped=1
t1     uni          3744       5967      13.4     974.2      16.4       195     1424
io_tenure t1/0 busy_ns=13377781 idle_ns=974246714 entry_ns=2928238017203251 begin_ns=2928238017203281 end_ns=2928239004827776 exit_ns=2928239004827907 role_exit=0 stopped=1
t2     uni          9012       8828      25.1     962.6      28.7      2540     3866
io_tenure t2/0 busy_ns=25059775 idle_ns=962557010 entry_ns=2928238017204121 begin_ns=2928238017204151 end_ns=2928239004820936 exit_ns=2928239004821136 role_exit=0 stopped=1
t3     uni          6769       8072      22.9     964.7      25.8      2606     3585
io_tenure t3/0 busy_ns=22926667 idle_ns=964686058 entry_ns=2928238017207981 begin_ns=2928238017208011 end_ns=2928239004820736 exit_ns=2928239004820856 role_exit=0 stopped=1
t4     uni          2130       5714      13.0     974.6      15.5       169     1121
io_tenure t4/0 busy_ns=13037366 idle_ns=974563229 entry_ns=2928238017215291 begin_ns=2928238017215321 end_ns=2928239004815916 exit_ns=2928239004816056 role_exit=0 stopped=1
t5     uni          3224       6091      13.4     974.2      16.3       281     1521
io_tenure t5/0 busy_ns=13393240 idle_ns=974215825 entry_ns=2928238017207881 begin_ns=2928238017207911 end_ns=2928239004816976 exit_ns=2928239004817107 role_exit=0 stopped=1
t6     uni          2615       5572      13.1     974.5      15.4       114      971
io_tenure t6/0 busy_ns=13091480 idle_ns=974521595 entry_ns=2928238017202561 begin_ns=2928238017202581 end_ns=2928239004815656 exit_ns=2928239004815687 role_exit=0 stopped=1
t7     uni          6607       8164      27.2     960.4      30.6      2639     3651
io_tenure t7/0 busy_ns=27178673 idle_ns=960438383 entry_ns=2928238017200001 begin_ns=2928238017200031 end_ns=2928239004817087 exit_ns=2928239004817216 role_exit=0 stopped=1
wb: retired=13281 direct=337 sends=2606/2606 short=0 err=0 peer_aborts=0 bytes=407565 zc_sends=0 zc_bytes=0 zc_releases=0 serves=2879 empty=273
tls: accepts=0 handshakes=0/0 failed=0 freed=0 want_read=0 want_write=0 cipher_in=0 plain_in=0 cipher_out=0 plain_out=0 zc_suppressed=0 ktls_active=0 ktls_fallback=0
stuck: live_conns=0 rob_not_quiesced=0 unsent_bytes_pending=0 | slots done=0 issued=0 free=0 flag_set=0
shutdown: unified_work=37358 accepts=4 accept_err=0 rearm=0 sqe_starved=0 notify_drop=0
shutdown_report {"schema":1,"thread_mode":"1s","work":{"kind":"fused","unified":37358},"threads":[{"tid":0,"role":"fused","ops":3257,"iterations":5814,"busy_ns":13240089,"idle_ns":974378916,"cpu_ns":16166590,"wake_tx":174,"wake_rx":1297,"io_tenures":[{"entry_ns":2928238017202461,"begin_ns":2928238017202491,"end_ns":2928239004821496,"exit_ns":2928239004821527,"busy_ns":13240089,"idle_ns":974378916,"role_exit":false,"stopped":true,"did_submit":0,"sweep_submit":0,"park":0}]},{"tid":1,"role":"fused","ops":3744,"iterations":5967,"busy_ns":13377781,"idle_ns":974246714,"cpu_ns":16374850,"wake_tx":195,"wake_rx":1424,"io_tenures":[{"entry_ns":2928238017203251,"begin_ns":2928238017203281,"end_ns":2928239004827776,"exit_ns":2928239004827907,"busy_ns":13377781,"idle_ns":974246714,"role_exit":false,"stopped":true,"did_submit":0,"sweep_submit":0,"park":0}]},{"tid":2,"role":"fused","ops":9012,"iterations":8828,"busy_ns":25059775,"idle_ns":962557010,"cpu_ns":28708120,"wake_tx":2540,"wake_rx":3866,"io_tenures":[{"entry_ns":2928238017204121,"begin_ns":2928238017204151,"end_ns":2928239004820936,"exit_ns":2928239004821136,"busy_ns":25059775,"idle_ns":962557010,"role_exit":false,"stopped":true,"did_submit":0,"sweep_submit":0,"park":0}]},{"tid":3,"role":"fused","ops":6769,"iterations":8072,"busy_ns":22926667,"idle_ns":964686058,"cpu_ns":25786920,"wake_tx":2606,"wake_rx":3585,"io_tenures":[{"entry_ns":2928238017207981,"begin_ns":2928238017208011,"end_ns":2928239004820736,"exit_ns":2928239004820856,"busy_ns":22926667,"idle_ns":964686058,"role_exit":false,"stopped":true,"did_submit":0,"sweep_submit":0,"park":0}]},{"tid":4,"role":"fused","ops":2130,"iterations":5714,"busy_ns":13037366,"idle_ns":974563229,"cpu_ns":15481530,"wake_tx":169,"wake_rx":1121,"io_tenures":[{"entry_ns":2928238017215291,"begin_ns":2928238017215321,"end_ns":2928239004815916,"exit_ns":2928239004816056,"busy_ns":13037366,"idle_ns":974563229,"role_exit":false,"stopped":true,"did_submit":0,"sweep_submit":0,"park":0}]},{"tid":5,"role":"fused","ops":3224,"iterations":6091,"busy_ns":13393240,"idle_ns":974215825,"cpu_ns":16311280,"wake_tx":281,"wake_rx":1521,"io_tenures":[{"entry_ns":2928238017207881,"begin_ns":2928238017207911,"end_ns":2928239004816976,"exit_ns":2928239004817107,"busy_ns":13393240,"idle_ns":974215825,"role_exit":false,"stopped":true,"did_submit":0,"sweep_submit":0,"park":0}]},{"tid":6,"role":"fused","ops":2615,"iterations":5572,"busy_ns":13091480,"idle_ns":974521595,"cpu_ns":15351170,"wake_tx":114,"wake_rx":971,"io_tenures":[{"entry_ns":2928238017202561,"begin_ns":2928238017202581,"end_ns":2928239004815656,"exit_ns":2928239004815687,"busy_ns":13091480,"idle_ns":974521595,"role_exit":false,"stopped":true,"did_submit":0,"sweep_submit":0,"park":0}]},{"tid":7,"role":"fused","ops":6607,"iterations":8164,"busy_ns":27178673,"idle_ns":960438383,"cpu_ns":30613410,"wake_tx":2639,"wake_rx":3651,"io_tenures":[{"entry_ns":2928238017200001,"begin_ns":2928238017200031,"end_ns":2928239004817087,"exit_ns":2928239004817216,"busy_ns":27178673,"idle_ns":960438383,"role_exit":false,"stopped":true,"did_submit":0,"sweep_submit":0,"park":0}]}],"wb":{"retired":13281,"direct":337,"sends_completed":2606,"sends_submitted":2606,"short_writes":0,"send_errors":0,"peer_aborts":0,"bytes_sent":407565,"zc_sends":0,"zc_bytes":0,"zc_releases":0,"serves":2879,"serves_empty":273},"tls":{"accepts":0,"handshakes_completed":0,"handshakes_started":0,"handshakes_failed":0,"connections_freed":0,"want_read":0,"want_write":0,"ciphertext_input_bytes":0,"plaintext_input_bytes":0,"ciphertext_output_bytes":0,"plaintext_output_bytes":0,"zc_suppressed":0,"ktls_active":0,"ktls_fallback":0},"stuck":{"live_conns":0,"rob_not_quiesced":0,"unsent_bytes_pending":0,"slots_done":0,"slots_issued":0,"slots_free":0,"flag_set":0},"epoll":{"enabled":false,"events":0,"recvs":0},"persistence":{"enabled":false,"recording":false,"failed":false,"drain_gave_up":false,"posted":0,"flushed":0,"durable":0,"refused":0,"pending_chunks":0,"records_written":0,"producers_with_pending":0,"producers_stopped":0,"producers_expected":0,"completions_pending":0},"accept":{"accepts":4,"accept_err":0,"rearm":0,"sqe_starved":0,"notify_drop":0}}
