topology: 1 L3 domain(s)
  domain  0: 8 cpus [112,113,114,115,116,117,118,119]
tomokv-cpp: 8 unified threads, 16 shard(s), thread-mode=1s, overlap=0 (executor prefetch; ordinary IO), io_uring, alloc=jemalloc, reorder=0, read-local=1
  thread t0: role=unified cpu=112 L3=0 shards=2 send=self
  thread t1: role=unified cpu=113 L3=0 shards=2 send=self
  thread t2: role=unified cpu=114 L3=0 shards=2 send=self
  thread t3: role=unified cpu=115 L3=0 shards=2 send=self
  thread t4: role=unified cpu=116 L3=0 shards=2 send=self
  thread t5: role=unified cpu=117 L3=0 shards=2 send=self
  thread t6: role=unified cpu=118 L3=0 shards=2 send=self
  thread t7: role=unified cpu=119 L3=0 shards=2 send=self
listening on 127.0.0.1:18079
persistence: enabled=0 posted=0 flushed=0 durable=0 refused=0 pending_chunks=0 producers_with_pending=0 drain_gave_up=0 failed=0

thread role          ops      iters   busy_ms   idle_ms    cpu_ms   wake_tx  wake_rx
t0     uni           225      20767      15.2     460.8      16.5       199      576
io_tenure t0/0 busy_ns=15230893 idle_ns=460823930 entry_ns=2964155514031479 begin_ns=2964155514031509 end_ns=2964155990086332 exit_ns=2964155990086462 role_exit=0 stopped=1
t1     uni           326       2915      16.5     459.5      18.6       385      574
io_tenure t1/0 busy_ns=16540531 idle_ns=459511122 entry_ns=2964155514035249 begin_ns=2964155514035279 end_ns=2964155990086932 exit_ns=2964155990087062 role_exit=0 stopped=1
t2     uni           111        772       1.6     474.5       2.1        13       73
io_tenure t2/0 busy_ns=1550928 idle_ns=474506555 entry_ns=2964155514033109 begin_ns=2964155514033139 end_ns=2964155990090622 exit_ns=2964155990090652 role_exit=0 stopped=1
t3     uni           108        848       1.6     474.5       2.0         9       68
io_tenure t3/0 busy_ns=1582848 idle_ns=474477446 entry_ns=2964155514033539 begin_ns=2964155514033559 end_ns=2964155990093853 exit_ns=2964155990093882 role_exit=0 stopped=1
t4     uni           251       1649      17.2     458.9      19.2       383      552
io_tenure t4/0 busy_ns=17181041 idle_ns=458865772 entry_ns=2964155514038389 begin_ns=2964155514038409 end_ns=2964155990085222 exit_ns=2964155990085362 role_exit=0 stopped=1
t5     uni           104        139       1.1     475.0       1.7        10       66
io_tenure t5/0 busy_ns=1099874 idle_ns=474950769 entry_ns=2964155514034819 begin_ns=2964155514034849 end_ns=2964155990085492 exit_ns=2964155990085612 role_exit=0 stopped=1
t6     uni           110      20233      12.3     463.7      12.8        11       69
io_tenure t6/0 busy_ns=12316189 idle_ns=463737354 entry_ns=2964155514031579 begin_ns=2964155514031609 end_ns=2964155990085152 exit_ns=2964155990085272 role_exit=0 stopped=1
t7     uni           107        158       1.3     474.8       1.8        16       74
io_tenure t7/0 busy_ns=1294483 idle_ns=474758680 entry_ns=2964155514032479 begin_ns=2964155514032509 end_ns=2964155990085672 exit_ns=2964155990085702 role_exit=0 stopped=1
wb: retired=748 direct=10 sends=958/958 short=0 err=0 peer_aborts=0 bytes=1300383 zc_sends=0 zc_bytes=0 zc_releases=0 serves=1009 empty=261
tls: accepts=0 handshakes=0/0 failed=0 freed=0 want_read=0 want_write=0 cipher_in=0 plain_in=0 cipher_out=0 plain_out=0 zc_suppressed=0 ktls_active=0 ktls_fallback=0
stuck: live_conns=1 rob_not_quiesced=0 unsent_bytes_pending=0 | slots done=0 issued=0 free=0 flag_set=0
shutdown: unified_work=1342 accepts=22 accept_err=0 rearm=0 sqe_starved=0 notify_drop=0
shutdown_report {"schema":1,"thread_mode":"1s","work":{"kind":"fused","unified":1342},"threads":[{"tid":0,"role":"fused","ops":225,"iterations":20767,"busy_ns":15230893,"idle_ns":460823930,"cpu_ns":16501680,"wake_tx":199,"wake_rx":576,"io_tenures":[{"entry_ns":2964155514031479,"begin_ns":2964155514031509,"end_ns":2964155990086332,"exit_ns":2964155990086462,"busy_ns":15230893,"idle_ns":460823930,"role_exit":false,"stopped":true,"did_submit":0,"sweep_submit":0,"park":0}]},{"tid":1,"role":"fused","ops":326,"iterations":2915,"busy_ns":16540531,"idle_ns":459511122,"cpu_ns":18565672,"wake_tx":385,"wake_rx":574,"io_tenures":[{"entry_ns":2964155514035249,"begin_ns":2964155514035279,"end_ns":2964155990086932,"exit_ns":2964155990087062,"busy_ns":16540531,"idle_ns":459511122,"role_exit":false,"stopped":true,"did_submit":0,"sweep_submit":0,"park":0}]},{"tid":2,"role":"fused","ops":111,"iterations":772,"busy_ns":1550928,"idle_ns":474506555,"cpu_ns":2068347,"wake_tx":13,"wake_rx":73,"io_tenures":[{"entry_ns":2964155514033109,"begin_ns":2964155514033139,"end_ns":2964155990090622,"exit_ns":2964155990090652,"busy_ns":1550928,"idle_ns":474506555,"role_exit":false,"stopped":true,"did_submit":0,"sweep_submit":0,"park":0}]},{"tid":3,"role":"fused","ops":108,"iterations":848,"busy_ns":1582848,"idle_ns":474477446,"cpu_ns":2038759,"wake_tx":9,"wake_rx":68,"io_tenures":[{"entry_ns":2964155514033539,"begin_ns":2964155514033559,"end_ns":2964155990093853,"exit_ns":2964155990093882,"busy_ns":1582848,"idle_ns":474477446,"role_exit":false,"stopped":true,"did_submit":0,"sweep_submit":0,"park":0}]},{"tid":4,"role":"fused","ops":251,"iterations":1649,"busy_ns":17181041,"idle_ns":458865772,"cpu_ns":19194511,"wake_tx":383,"wake_rx":552,"io_tenures":[{"entry_ns":2964155514038389,"begin_ns":2964155514038409,"end_ns":2964155990085222,"exit_ns":2964155990085362,"busy_ns":17181041,"idle_ns":458865772,"role_exit":false,"stopped":true,"did_submit":0,"sweep_submit":0,"park":0}]},{"tid":5,"role":"fused","ops":104,"iterations":139,"busy_ns":1099874,"idle_ns":474950769,"cpu_ns":1663345,"wake_tx":10,"wake_rx":66,"io_tenures":[{"entry_ns":2964155514034819,"begin_ns":2964155514034849,"end_ns":2964155990085492,"exit_ns":2964155990085612,"busy_ns":1099874,"idle_ns":474950769,"role_exit":false,"stopped":true,"did_submit":0,"sweep_submit":0,"park":0}]},{"tid":6,"role":"fused","ops":110,"iterations":20233,"busy_ns":12316189,"idle_ns":463737354,"cpu_ns":12803555,"wake_tx":11,"wake_rx":69,"io_tenures":[{"entry_ns":2964155514031579,"begin_ns":2964155514031609,"end_ns":2964155990085152,"exit_ns":2964155990085272,"busy_ns":12316189,"idle_ns":463737354,"role_exit":false,"stopped":true,"did_submit":0,"sweep_submit":0,"park":0}]},{"tid":7,"role":"fused","ops":107,"iterations":158,"busy_ns":1294483,"idle_ns":474758680,"cpu_ns":1765776,"wake_tx":16,"wake_rx":74,"io_tenures":[{"entry_ns":2964155514032479,"begin_ns":2964155514032509,"end_ns":2964155990085672,"exit_ns":2964155990085702,"busy_ns":1294483,"idle_ns":474758680,"role_exit":false,"stopped":true,"did_submit":0,"sweep_submit":0,"park":0}]}],"wb":{"retired":748,"direct":10,"sends_completed":958,"sends_submitted":958,"short_writes":0,"send_errors":0,"peer_aborts":0,"bytes_sent":1300383,"zc_sends":0,"zc_bytes":0,"zc_releases":0,"serves":1009,"serves_empty":261},"tls":{"accepts":0,"handshakes_completed":0,"handshakes_started":0,"handshakes_failed":0,"connections_freed":0,"want_read":0,"want_write":0,"ciphertext_input_bytes":0,"plaintext_input_bytes":0,"ciphertext_output_bytes":0,"plaintext_output_bytes":0,"zc_suppressed":0,"ktls_active":0,"ktls_fallback":0},"stuck":{"live_conns":1,"rob_not_quiesced":0,"unsent_bytes_pending":0,"slots_done":0,"slots_issued":0,"slots_free":0,"flag_set":0},"epoll":{"enabled":false,"events":0,"recvs":0},"persistence":{"enabled":false,"recording":false,"failed":false,"drain_gave_up":false,"posted":0,"flushed":0,"durable":0,"refused":0,"pending_chunks":0,"records_written":0,"producers_with_pending":0,"producers_stopped":0,"producers_expected":0,"completions_pending":0},"accept":{"accepts":22,"accept_err":0,"rearm":0,"sqe_starved":0,"notify_drop":0}}
