topology: 1 L3 domain(s)
  domain  0: 8 cpus [112,113,114,115,116,117,118,119]
tomokv-cpp: 8 unified threads, 16 shard(s), thread-mode=1s, overlap=0 (executor prefetch; ordinary IO), io_uring, alloc=jemalloc, reorder=0, read-local=1
  thread t0: role=unified cpu=112 L3=0 shards=2 send=self
  thread t1: role=unified cpu=113 L3=0 shards=2 send=self
  thread t2: role=unified cpu=114 L3=0 shards=2 send=self
  thread t3: role=unified cpu=115 L3=0 shards=2 send=self
  thread t4: role=unified cpu=116 L3=0 shards=2 send=self
  thread t5: role=unified cpu=117 L3=0 shards=2 send=self
  thread t6: role=unified cpu=118 L3=0 shards=2 send=self
  thread t7: role=unified cpu=119 L3=0 shards=2 send=self
listening on 127.0.0.1:18079
persistence: enabled=0 posted=0 flushed=0 durable=0 refused=0 pending_chunks=0 producers_with_pending=0 drain_gave_up=0 failed=0

thread role          ops      iters   busy_ms   idle_ms    cpu_ms   wake_tx  wake_rx
t0     uni           341       2268      15.5     335.2      17.6       326      526
io_tenure t0/0 busy_ns=15512746 idle_ns=335161384 entry_ns=2964154944253786 begin_ns=2964154944253806 end_ns=2964155294927936 exit_ns=2964155294928066 role_exit=0 stopped=1
t1     uni           156        982       1.5     349.2       2.1        46      140
io_tenure t1/0 busy_ns=1491052 idle_ns=349185428 entry_ns=2964154944250706 begin_ns=2964154944250726 end_ns=2964155294927206 exit_ns=2964155294927236 role_exit=0 stopped=1
t2     uni           226       1564      15.2     335.4      17.2       357      515
io_tenure t2/0 busy_ns=15239174 idle_ns=335434736 entry_ns=2964154944251856 begin_ns=2964154944251886 end_ns=2964155294925796 exit_ns=2964155294925926 role_exit=0 stopped=1
t3     uni            94        115       0.7     349.9       1.0         6       58
io_tenure t3/0 busy_ns=740260 idle_ns=349923380 entry_ns=2964154944264436 begin_ns=2964154944264466 end_ns=2964155294928106 exit_ns=2964155294928136 role_exit=0 stopped=1
t4     uni           100        702       1.6     349.1       2.4       215      468
io_tenure t4/0 busy_ns=1587097 idle_ns=349084583 entry_ns=2964154944252626 begin_ns=2964154944252656 end_ns=2964155294924336 exit_ns=2964155294924426 role_exit=0 stopped=1
t5     uni            92        115       0.7     349.9       1.2        10       60
io_tenure t5/0 busy_ns=735740 idle_ns=349939870 entry_ns=2964154944250736 begin_ns=2964154944250756 end_ns=2964155294926366 exit_ns=2964155294926526 role_exit=0 stopped=1
t6     uni            92        112       0.7     349.9       1.2         7       57
io_tenure t6/0 busy_ns=724280 idle_ns=349949960 entry_ns=2964154944250066 begin_ns=2964154944250086 end_ns=2964155294924326 exit_ns=2964155294924466 role_exit=0 stopped=1
t7     uni            93        382       1.4     349.3       2.0        18      146
io_tenure t7/0 busy_ns=1372780 idle_ns=349306610 entry_ns=2964154944251126 begin_ns=2964154944251156 end_ns=2964155294930546 exit_ns=2964155294930656 role_exit=0 stopped=1
wb: retired=704 direct=10 sends=898/898 short=0 err=0 peer_aborts=0 bytes=1109067 zc_sends=0 zc_bytes=0 zc_releases=0 serves=926 empty=222
tls: accepts=0 handshakes=0/0 failed=0 freed=0 want_read=0 want_write=0 cipher_in=0 plain_in=0 cipher_out=0 plain_out=0 zc_suppressed=0 ktls_active=0 ktls_fallback=0
stuck: live_conns=1 rob_not_quiesced=0 unsent_bytes_pending=0 | slots done=0 issued=0 free=0 flag_set=0
shutdown: unified_work=1194 accepts=10 accept_err=0 rearm=0 sqe_starved=0 notify_drop=0
shutdown_report {"schema":1,"thread_mode":"1s","work":{"kind":"fused","unified":1194},"threads":[{"tid":0,"role":"fused","ops":341,"iterations":2268,"busy_ns":15512746,"idle_ns":335161384,"cpu_ns":17646695,"wake_tx":326,"wake_rx":526,"io_tenures":[{"entry_ns":2964154944253786,"begin_ns":2964154944253806,"end_ns":2964155294927936,"exit_ns":2964155294928066,"busy_ns":15512746,"idle_ns":335161384,"role_exit":false,"stopped":true,"did_submit":0,"sweep_submit":0,"park":0}]},{"tid":1,"role":"fused","ops":156,"iterations":982,"busy_ns":1491052,"idle_ns":349185428,"cpu_ns":2075089,"wake_tx":46,"wake_rx":140,"io_tenures":[{"entry_ns":2964154944250706,"begin_ns":2964154944250726,"end_ns":2964155294927206,"exit_ns":2964155294927236,"busy_ns":1491052,"idle_ns":349185428,"role_exit":false,"stopped":true,"did_submit":0,"sweep_submit":0,"park":0}]},{"tid":2,"role":"fused","ops":226,"iterations":1564,"busy_ns":15239174,"idle_ns":335434736,"cpu_ns":17187562,"wake_tx":357,"wake_rx":515,"io_tenures":[{"entry_ns":2964154944251856,"begin_ns":2964154944251886,"end_ns":2964155294925796,"exit_ns":2964155294925926,"busy_ns":15239174,"idle_ns":335434736,"role_exit":false,"stopped":true,"did_submit":0,"sweep_submit":0,"park":0}]},{"tid":3,"role":"fused","ops":94,"iterations":115,"busy_ns":740260,"idle_ns":349923380,"cpu_ns":1045990,"wake_tx":6,"wake_rx":58,"io_tenures":[{"entry_ns":2964154944264436,"begin_ns":2964154944264466,"end_ns":2964155294928106,"exit_ns":2964155294928136,"busy_ns":740260,"idle_ns":349923380,"role_exit":false,"stopped":true,"did_submit":0,"sweep_submit":0,"park":0}]},{"tid":4,"role":"fused","ops":100,"iterations":702,"busy_ns":1587097,"idle_ns":349084583,"cpu_ns":2441018,"wake_tx":215,"wake_rx":468,"io_tenures":[{"entry_ns":2964154944252626,"begin_ns":2964154944252656,"end_ns":2964155294924336,"exit_ns":2964155294924426,"busy_ns":1587097,"idle_ns":349084583,"role_exit":false,"stopped":true,"did_submit":0,"sweep_submit":0,"park":0}]},{"tid":5,"role":"fused","ops":92,"iterations":115,"busy_ns":735740,"idle_ns":349939870,"cpu_ns":1175372,"wake_tx":10,"wake_rx":60,"io_tenures":[{"entry_ns":2964154944250736,"begin_ns":2964154944250756,"end_ns":2964155294926366,"exit_ns":2964155294926526,"busy_ns":735740,"idle_ns":349939870,"role_exit":false,"stopped":true,"did_submit":0,"sweep_submit":0,"park":0}]},{"tid":6,"role":"fused","ops":92,"iterations":112,"busy_ns":724280,"idle_ns":349949960,"cpu_ns":1205276,"wake_tx":7,"wake_rx":57,"io_tenures":[{"entry_ns":2964154944250066,"begin_ns":2964154944250086,"end_ns":2964155294924326,"exit_ns":2964155294924466,"busy_ns":724280,"idle_ns":349949960,"role_exit":false,"stopped":true,"did_submit":0,"sweep_submit":0,"park":0}]},{"tid":7,"role":"fused","ops":93,"iterations":382,"busy_ns":1372780,"idle_ns":349306610,"cpu_ns":2023007,"wake_tx":18,"wake_rx":146,"io_tenures":[{"entry_ns":2964154944251126,"begin_ns":2964154944251156,"end_ns":2964155294930546,"exit_ns":2964155294930656,"busy_ns":1372780,"idle_ns":349306610,"role_exit":false,"stopped":true,"did_submit":0,"sweep_submit":0,"park":0}]}],"wb":{"retired":704,"direct":10,"sends_completed":898,"sends_submitted":898,"short_writes":0,"send_errors":0,"peer_aborts":0,"bytes_sent":1109067,"zc_sends":0,"zc_bytes":0,"zc_releases":0,"serves":926,"serves_empty":222},"tls":{"accepts":0,"handshakes_completed":0,"handshakes_started":0,"handshakes_failed":0,"connections_freed":0,"want_read":0,"want_write":0,"ciphertext_input_bytes":0,"plaintext_input_bytes":0,"ciphertext_output_bytes":0,"plaintext_output_bytes":0,"zc_suppressed":0,"ktls_active":0,"ktls_fallback":0},"stuck":{"live_conns":1,"rob_not_quiesced":0,"unsent_bytes_pending":0,"slots_done":0,"slots_issued":0,"slots_free":0,"flag_set":0},"epoll":{"enabled":false,"events":0,"recvs":0},"persistence":{"enabled":false,"recording":false,"failed":false,"drain_gave_up":false,"posted":0,"flushed":0,"durable":0,"refused":0,"pending_chunks":0,"records_written":0,"producers_with_pending":0,"producers_stopped":0,"producers_expected":0,"completions_pending":0},"accept":{"accepts":10,"accept_err":0,"rearm":0,"sqe_starved":0,"notify_drop":0}}
