topology: 1 L3 domain(s)
  domain  0: 8 cpus [112,113,114,115,116,117,118,119]
tomokv-cpp: 8 unified threads, 16 shard(s), thread-mode=1s, overlap=0 (executor prefetch; ordinary IO), io_uring, alloc=jemalloc, reorder=0, read-local=1
  thread t0: role=unified cpu=112 L3=0 shards=2 send=self
  thread t1: role=unified cpu=113 L3=0 shards=2 send=self
  thread t2: role=unified cpu=114 L3=0 shards=2 send=self
  thread t3: role=unified cpu=115 L3=0 shards=2 send=self
  thread t4: role=unified cpu=116 L3=0 shards=2 send=self
  thread t5: role=unified cpu=117 L3=0 shards=2 send=self
  thread t6: role=unified cpu=118 L3=0 shards=2 send=self
  thread t7: role=unified cpu=119 L3=0 shards=2 send=self
listening on 127.0.0.1:17899
persistence: enabled=0 posted=0 flushed=0 durable=0 refused=0 pending_chunks=0 producers_with_pending=0 drain_gave_up=0 failed=0

thread role          ops      iters   busy_ms   idle_ms    cpu_ms   wake_tx  wake_rx
t0     uni         56053      96785     217.9   15101.3     253.5      8152    23588
io_tenure t0/0 busy_ns=217944760 idle_ns=15101336372 entry_ns=2929502174705191 begin_ns=2929502174705220 end_ns=2929517493986352 exit_ns=2929517493986482 role_exit=0 stopped=1
t1     uni         73071      99217     226.2   15093.1     264.3     14613    30828
io_tenure t1/0 busy_ns=226155422 idle_ns=15093108480 entry_ns=2929502174723751 begin_ns=2929502174723780 end_ns=2929517493987682 exit_ns=2929517493987832 role_exit=0 stopped=1
t2     uni         68905     107853     261.5   15057.8     292.9     18805    31082
io_tenure t2/0 busy_ns=261489174 idle_ns=15057778838 entry_ns=2929502174719631 begin_ns=2929502174719660 end_ns=2929517493987672 exit_ns=2929517493987802 role_exit=0 stopped=1
t3     uni         81259     118956     282.3   15037.0     317.4     24674    38019
io_tenure t3/0 busy_ns=282251812 idle_ns=15037026360 entry_ns=2929502174707300 begin_ns=2929502174707320 end_ns=2929517493985492 exit_ns=2929517493985622 role_exit=0 stopped=1
t4     uni         78727     121704     287.7   15031.6     322.4     19011    32993
io_tenure t4/0 busy_ns=287698938 idle_ns=15031582654 entry_ns=2929502174712591 begin_ns=2929502174712620 end_ns=2929517493994212 exit_ns=2929517493994242 role_exit=0 stopped=1
t5     uni         81107     106487     225.9   15093.3     264.8     20162    36418
io_tenure t5/0 busy_ns=225933647 idle_ns=15093331624 entry_ns=2929502174721900 begin_ns=2929502174721931 end_ns=2929517493987202 exit_ns=2929517493987232 role_exit=0 stopped=1
t6     uni         51583      83357     177.7   15141.6     215.5      3420    20414
io_tenure t6/0 busy_ns=177696453 idle_ns=15141586859 entry_ns=2929502174703451 begin_ns=2929502174703480 end_ns=2929517493986792 exit_ns=2929517493986922 role_exit=0 stopped=1
t7     uni         53717     101838     229.8   15089.5     262.8      9667    23666
io_tenure t7/0 busy_ns=229757950 idle_ns=15089518121 entry_ns=2929502174709300 begin_ns=2929502174709451 end_ns=2929517493985522 exit_ns=2929517493985662 role_exit=0 stopped=1
wb: retired=199528 direct=4615 sends=35171/35171 short=0 err=0 peer_aborts=0 bytes=5756741 zc_sends=0 zc_bytes=0 zc_releases=0 serves=39121 empty=3950
tls: accepts=0 handshakes=0/0 failed=0 freed=0 want_read=0 want_write=0 cipher_in=0 plain_in=0 cipher_out=0 plain_out=0 zc_suppressed=0 ktls_active=0 ktls_fallback=0
stuck: live_conns=0 rob_not_quiesced=0 unsent_bytes_pending=0 | slots done=0 issued=0 free=0 flag_set=0
shutdown: unified_work=544422 accepts=47 accept_err=0 rearm=0 sqe_starved=0 notify_drop=0
shutdown_report {"schema":1,"thread_mode":"1s","work":{"kind":"fused","unified":544422},"threads":[{"tid":0,"role":"fused","ops":56053,"iterations":96785,"busy_ns":217944760,"idle_ns":15101336372,"cpu_ns":253490645,"wake_tx":8152,"wake_rx":23588,"io_tenures":[{"entry_ns":2929502174705191,"begin_ns":2929502174705220,"end_ns":2929517493986352,"exit_ns":2929517493986482,"busy_ns":217944760,"idle_ns":15101336372,"role_exit":false,"stopped":true,"did_submit":0,"sweep_submit":0,"park":0}]},{"tid":1,"role":"fused","ops":73071,"iterations":99217,"busy_ns":226155422,"idle_ns":15093108480,"cpu_ns":264318587,"wake_tx":14613,"wake_rx":30828,"io_tenures":[{"entry_ns":2929502174723751,"begin_ns":2929502174723780,"end_ns":2929517493987682,"exit_ns":2929517493987832,"busy_ns":226155422,"idle_ns":15093108480,"role_exit":false,"stopped":true,"did_submit":0,"sweep_submit":0,"park":0}]},{"tid":2,"role":"fused","ops":68905,"iterations":107853,"busy_ns":261489174,"idle_ns":15057778838,"cpu_ns":292946136,"wake_tx":18805,"wake_rx":31082,"io_tenures":[{"entry_ns":2929502174719631,"begin_ns":2929502174719660,"end_ns":2929517493987672,"exit_ns":2929517493987802,"busy_ns":261489174,"idle_ns":15057778838,"role_exit":false,"stopped":true,"did_submit":0,"sweep_submit":0,"park":0}]},{"tid":3,"role":"fused","ops":81259,"iterations":118956,"busy_ns":282251812,"idle_ns":15037026360,"cpu_ns":317419751,"wake_tx":24674,"wake_rx":38019,"io_tenures":[{"entry_ns":2929502174707300,"begin_ns":2929502174707320,"end_ns":2929517493985492,"exit_ns":2929517493985622,"busy_ns":282251812,"idle_ns":15037026360,"role_exit":false,"stopped":true,"did_submit":0,"sweep_submit":0,"park":0}]},{"tid":4,"role":"fused","ops":78727,"iterations":121704,"busy_ns":287698938,"idle_ns":15031582654,"cpu_ns":322354074,"wake_tx":19011,"wake_rx":32993,"io_tenures":[{"entry_ns":2929502174712591,"begin_ns":2929502174712620,"end_ns":2929517493994212,"exit_ns":2929517493994242,"busy_ns":287698938,"idle_ns":15031582654,"role_exit":false,"stopped":true,"did_submit":0,"sweep_submit":0,"park":0}]},{"tid":5,"role":"fused","ops":81107,"iterations":106487,"busy_ns":225933647,"idle_ns":15093331624,"cpu_ns":264782205,"wake_tx":20162,"wake_rx":36418,"io_tenures":[{"entry_ns":2929502174721900,"begin_ns":2929502174721931,"end_ns":2929517493987202,"exit_ns":2929517493987232,"busy_ns":225933647,"idle_ns":15093331624,"role_exit":false,"stopped":true,"did_submit":0,"sweep_submit":0,"park":0}]},{"tid":6,"role":"fused","ops":51583,"iterations":83357,"busy_ns":177696453,"idle_ns":15141586859,"cpu_ns":215510457,"wake_tx":3420,"wake_rx":20414,"io_tenures":[{"entry_ns":2929502174703451,"begin_ns":2929502174703480,"end_ns":2929517493986792,"exit_ns":2929517493986922,"busy_ns":177696453,"idle_ns":15141586859,"role_exit":false,"stopped":true,"did_submit":0,"sweep_submit":0,"park":0}]},{"tid":7,"role":"fused","ops":53717,"iterations":101838,"busy_ns":229757950,"idle_ns":15089518121,"cpu_ns":262769791,"wake_tx":9667,"wake_rx":23666,"io_tenures":[{"entry_ns":2929502174709300,"begin_ns":2929502174709451,"end_ns":2929517493985522,"exit_ns":2929517493985662,"busy_ns":229757950,"idle_ns":15089518121,"role_exit":false,"stopped":true,"did_submit":0,"sweep_submit":0,"park":0}]}],"wb":{"retired":199528,"direct":4615,"sends_completed":35171,"sends_submitted":35171,"short_writes":0,"send_errors":0,"peer_aborts":0,"bytes_sent":5756741,"zc_sends":0,"zc_bytes":0,"zc_releases":0,"serves":39121,"serves_empty":3950},"tls":{"accepts":0,"handshakes_completed":0,"handshakes_started":0,"handshakes_failed":0,"connections_freed":0,"want_read":0,"want_write":0,"ciphertext_input_bytes":0,"plaintext_input_bytes":0,"ciphertext_output_bytes":0,"plaintext_output_bytes":0,"zc_suppressed":0,"ktls_active":0,"ktls_fallback":0},"stuck":{"live_conns":0,"rob_not_quiesced":0,"unsent_bytes_pending":0,"slots_done":0,"slots_issued":0,"slots_free":0,"flag_set":0},"epoll":{"enabled":false,"events":0,"recvs":0},"persistence":{"enabled":false,"recording":false,"failed":false,"drain_gave_up":false,"posted":0,"flushed":0,"durable":0,"refused":0,"pending_chunks":0,"records_written":0,"producers_with_pending":0,"producers_stopped":0,"producers_expected":0,"completions_pending":0},"accept":{"accepts":47,"accept_err":0,"rearm":0,"sqe_starved":0,"notify_drop":0}}
