topology: 1 L3 domain(s)
  domain  0: 8 cpus [112,113,114,115,116,117,118,119]
tomokv-cpp: 8 unified threads, 64 shard(s), thread-mode=1s, overlap=0 (executor prefetch; ordinary IO), io_uring, alloc=jemalloc, reorder=0, read-local=1
  thread t0: role=unified cpu=112 L3=0 shards=8 send=self
  thread t1: role=unified cpu=113 L3=0 shards=8 send=self
  thread t2: role=unified cpu=114 L3=0 shards=8 send=self
  thread t3: role=unified cpu=115 L3=0 shards=8 send=self
  thread t4: role=unified cpu=116 L3=0 shards=8 send=self
  thread t5: role=unified cpu=117 L3=0 shards=8 send=self
  thread t6: role=unified cpu=118 L3=0 shards=8 send=self
  thread t7: role=unified cpu=119 L3=0 shards=8 send=self
listening on 127.0.0.1:18320
persistence: enabled=0 posted=0 flushed=0 durable=0 refused=0 pending_chunks=0 producers_with_pending=0 drain_gave_up=0 failed=0

thread role          ops      iters   busy_ms   idle_ms    cpu_ms   wake_tx  wake_rx
t0     uni       3858325    1758368    2831.1   22736.2    3201.6     88279   202563
io_tenure t0/0 busy_ns=2831103858 idle_ns=22736231605 entry_ns=2886416682025436 begin_ns=2886416682025465 end_ns=2886442249360928 exit_ns=2886442249361177 role_exit=0 stopped=1
t1     uni       3045444    1998013    2634.3   22933.1    2887.7    127205   182782
io_tenure t1/0 busy_ns=2634256856 idle_ns=22933078385 entry_ns=2886416682024845 begin_ns=2886416682024876 end_ns=2886442249360117 exit_ns=2886442249360148 role_exit=0 stopped=1
t2     uni       3647059    2482542    3225.8   22341.6    3543.0    141258   230001
io_tenure t2/0 busy_ns=3225777194 idle_ns=22341556338 entry_ns=2886416682027136 begin_ns=2886416682027165 end_ns=2886442249360697 exit_ns=2886442249360848 role_exit=0 stopped=1
t3     uni       1956522    1775201    2128.2   23439.2    2369.4     84977   159844
io_tenure t3/0 busy_ns=2128189237 idle_ns=23439152906 entry_ns=2886416682024436 begin_ns=2886416682024465 end_ns=2886442249366608 exit_ns=2886442249366637 role_exit=0 stopped=1
t4     uni       2164426    2303321    2417.7   23148.9    2694.2    113844   193218
io_tenure t4/0 busy_ns=2417741428 idle_ns=23148916443 entry_ns=2886416683007196 begin_ns=2886416683007226 end_ns=2886442249665097 exit_ns=2886442249665217 role_exit=0 stopped=1
t5     uni       1102215     822630    1180.9   24386.4    1466.4     29363   144191
io_tenure t5/0 busy_ns=1180941803 idle_ns=24386402389 entry_ns=2886416682031376 begin_ns=2886416682031405 end_ns=2886442249375597 exit_ns=2886442249375737 role_exit=0 stopped=1
t6     uni       3482535    1749827    2727.6   22839.7    3055.3     87882   195881
io_tenure t6/0 busy_ns=2727590337 idle_ns=22839744884 entry_ns=2886416682024805 begin_ns=2886416682024836 end_ns=2886442249360057 exit_ns=2886442249360188 role_exit=0 stopped=1
t7     uni       1022735    1208825    1398.3   24168.0    1632.5     55275   147686
io_tenure t7/0 busy_ns=1398341480 idle_ns=24168011542 entry_ns=2886416683007356 begin_ns=2886416683007386 end_ns=2886442249360408 exit_ns=2886442249360468 role_exit=0 stopped=1
wb: retired=10020320 direct=152375 sends=445185/445185 short=0 err=0 peer_aborts=0 bytes=199899472 zc_sends=0 zc_bytes=0 zc_releases=0 serves=489795 empty=44610
tls: accepts=0 handshakes=0/0 failed=0 freed=0 want_read=0 want_write=0 cipher_in=0 plain_in=0 cipher_out=0 plain_out=0 zc_suppressed=0 ktls_active=0 ktls_fallback=0
stuck: live_conns=0 rob_not_quiesced=0 unsent_bytes_pending=0 | slots done=0 issued=0 free=0 flag_set=0
shutdown: unified_work=20279261 accepts=50 accept_err=0 rearm=0 sqe_starved=0 notify_drop=0
shutdown_report {"schema":1,"thread_mode":"1s","work":{"kind":"fused","unified":20279261},"threads":[{"tid":0,"role":"fused","ops":3858325,"iterations":1758368,"busy_ns":2831103858,"idle_ns":22736231605,"cpu_ns":3201634272,"wake_tx":88279,"wake_rx":202563,"io_tenures":[{"entry_ns":2886416682025436,"begin_ns":2886416682025465,"end_ns":2886442249360928,"exit_ns":2886442249361177,"busy_ns":2831103858,"idle_ns":22736231605,"role_exit":false,"stopped":true,"did_submit":0,"sweep_submit":0,"park":0}]},{"tid":1,"role":"fused","ops":3045444,"iterations":1998013,"busy_ns":2634256856,"idle_ns":22933078385,"cpu_ns":2887747716,"wake_tx":127205,"wake_rx":182782,"io_tenures":[{"entry_ns":2886416682024845,"begin_ns":2886416682024876,"end_ns":2886442249360117,"exit_ns":2886442249360148,"busy_ns":2634256856,"idle_ns":22933078385,"role_exit":false,"stopped":true,"did_submit":0,"sweep_submit":0,"park":0}]},{"tid":2,"role":"fused","ops":3647059,"iterations":2482542,"busy_ns":3225777194,"idle_ns":22341556338,"cpu_ns":3542978096,"wake_tx":141258,"wake_rx":230001,"io_tenures":[{"entry_ns":2886416682027136,"begin_ns":2886416682027165,"end_ns":2886442249360697,"exit_ns":2886442249360848,"busy_ns":3225777194,"idle_ns":22341556338,"role_exit":false,"stopped":true,"did_submit":0,"sweep_submit":0,"park":0}]},{"tid":3,"role":"fused","ops":1956522,"iterations":1775201,"busy_ns":2128189237,"idle_ns":23439152906,"cpu_ns":2369400089,"wake_tx":84977,"wake_rx":159844,"io_tenures":[{"entry_ns":2886416682024436,"begin_ns":2886416682024465,"end_ns":2886442249366608,"exit_ns":2886442249366637,"busy_ns":2128189237,"idle_ns":23439152906,"role_exit":false,"stopped":true,"did_submit":0,"sweep_submit":0,"park":0}]},{"tid":4,"role":"fused","ops":2164426,"iterations":2303321,"busy_ns":2417741428,"idle_ns":23148916443,"cpu_ns":2694181036,"wake_tx":113844,"wake_rx":193218,"io_tenures":[{"entry_ns":2886416683007196,"begin_ns":2886416683007226,"end_ns":2886442249665097,"exit_ns":2886442249665217,"busy_ns":2417741428,"idle_ns":23148916443,"role_exit":false,"stopped":true,"did_submit":0,"sweep_submit":0,"park":0}]},{"tid":5,"role":"fused","ops":1102215,"iterations":822630,"busy_ns":1180941803,"idle_ns":24386402389,"cpu_ns":1466418461,"wake_tx":29363,"wake_rx":144191,"io_tenures":[{"entry_ns":2886416682031376,"begin_ns":2886416682031405,"end_ns":2886442249375597,"exit_ns":2886442249375737,"busy_ns":1180941803,"idle_ns":24386402389,"role_exit":false,"stopped":true,"did_submit":0,"sweep_submit":0,"park":0}]},{"tid":6,"role":"fused","ops":3482535,"iterations":1749827,"busy_ns":2727590337,"idle_ns":22839744884,"cpu_ns":3055341602,"wake_tx":87882,"wake_rx":195881,"io_tenures":[{"entry_ns":2886416682024805,"begin_ns":2886416682024836,"end_ns":2886442249360057,"exit_ns":2886442249360188,"busy_ns":2727590337,"idle_ns":22839744884,"role_exit":false,"stopped":true,"did_submit":0,"sweep_submit":0,"park":0}]},{"tid":7,"role":"fused","ops":1022735,"iterations":1208825,"busy_ns":1398341480,"idle_ns":24168011542,"cpu_ns":1632513277,"wake_tx":55275,"wake_rx":147686,"io_tenures":[{"entry_ns":2886416683007356,"begin_ns":2886416683007386,"end_ns":2886442249360408,"exit_ns":2886442249360468,"busy_ns":1398341480,"idle_ns":24168011542,"role_exit":false,"stopped":true,"did_submit":0,"sweep_submit":0,"park":0}]}],"wb":{"retired":10020320,"direct":152375,"sends_completed":445185,"sends_submitted":445185,"short_writes":0,"send_errors":0,"peer_aborts":0,"bytes_sent":199899472,"zc_sends":0,"zc_bytes":0,"zc_releases":0,"serves":489795,"serves_empty":44610},"tls":{"accepts":0,"handshakes_completed":0,"handshakes_started":0,"handshakes_failed":0,"connections_freed":0,"want_read":0,"want_write":0,"ciphertext_input_bytes":0,"plaintext_input_bytes":0,"ciphertext_output_bytes":0,"plaintext_output_bytes":0,"zc_suppressed":0,"ktls_active":0,"ktls_fallback":0},"stuck":{"live_conns":0,"rob_not_quiesced":0,"unsent_bytes_pending":0,"slots_done":0,"slots_issued":0,"slots_free":0,"flag_set":0},"epoll":{"enabled":false,"events":0,"recvs":0},"persistence":{"enabled":false,"recording":false,"failed":false,"drain_gave_up":false,"posted":0,"flushed":0,"durable":0,"refused":0,"pending_chunks":0,"records_written":0,"producers_with_pending":0,"producers_stopped":0,"producers_expected":0,"completions_pending":0},"accept":{"accepts":50,"accept_err":0,"rearm":0,"sqe_starved":0,"notify_drop":0}}
