GATE(iteration): 16 physical cores; 1 correctness slots = min(8/8 server, 8/2 load), 8 server threads at ratio 6:2 and 3 ports per slot; correctness load is modest protocol traffic (at least 2 physical cores per slot), server SMT reserved; isolated ABBA smoke: 8 server + 8 load physical cores, 0 load SMT threads (explicit selection), 0 explicit server SMT threads
  artifacts: /home/user/Projects/cx-gt13split/build/gate-run.3dA5hn
PARTIAL jobs (including prerequisites): release rldbg ring_unit feature-split-1 rlcache feature-cell-1s-0-0-0-1 feature-cell-1s-0-0-1-1 feature-cell-1s-0-1-0-1 feature-cell-1s-0-1-1-1 feature-cell-1s-1-0-0-1 feature-cell-1s-1-0-1-1 feature-cell-1s-1-1-0-1 feature-cell-1s-1-1-1-1
PARTIAL jobs (including prerequisites): release rldbg ring_unit feature-split-1 rlcache feature-cell-1s-0-0-0-1 feature-cell-1s-0-0-1-1 feature-cell-1s-0-1-0-1 feature-cell-1s-0-1-1-1 feature-cell-1s-1-0-0-1 feature-cell-1s-1-0-1-1 feature-cell-1s-1-1-0-1 feature-cell-1s-1-1-1-1
  row budget: 900s; median=0.03s; correctness-plan-fallback; mechanism-floor=900s (cold cache state not distinguished); release build (+footprint locks)
  release build (+footprint locks)                     ok
  row budget: 900s; median=27.355s; correctness-plan-fallback; mechanism-floor=900s (cold cache state not distinguished); read-local ownership-invariant build
  read-local ownership-invariant build                 ok
  row budget: 900s; median=1.21s; correctness-plan-fallback; read-local write ring + arming transient unit
  read-local write ring + arming transient unit        ok
  row budget: 900s; median=0.04s; correctness-plan-fallback; climon 128-owner delivery mask
  climon 128-owner delivery mask                       ok
  row budget: 900s; median=0.14s; correctness-plan-fallback; read-local MGET fence symmetry unit
  read-local MGET fence symmetry unit                  ok
  row budget: 900s; median=2.48s; correctness-plan-fallback; s6 battery (atomic 1)
  s6 battery (atomic 1)                                ok
  row budget: 900s; median=2.08s; correctness-plan-fallback; multi_exec battery (atomic 1)
  multi_exec battery (atomic 1)                        ok
  row budget: 900s; median=1.52s; correctness-plan-fallback; blocking battery (atomic 1)
  blocking battery (atomic 1)                          ok
  row budget: 900s; median=0.48s; correctness-plan-fallback; blockmulti battery (atomic 1)
  blockmulti battery (atomic 1)                        ok
  row budget: 900s; median=0.51s; correctness-plan-fallback; stream battery (atomic 1)
  stream battery (atomic 1)                            ok
  row budget: 900s; median=0.05s; correctness-plan-fallback; streamgroups battery (atomic 1)
  streamgroups battery (atomic 1)                      ok
  row budget: 900s; median=0.88s; correctness-plan-fallback; pubsub battery (atomic 1)
  pubsub battery (atomic 1)                            ok
  row budget: 900s; median=0.02s; correctness-plan-fallback; lua_scripting battery (atomic 1)
  lua_scripting battery (atomic 1)                     ok
  row budget: 900s; median=0.05s; correctness-plan-fallback; scriptsurf battery (atomic 1)
  scriptsurf battery (atomic 1)                        ok
  row budget: 900s; median=15.19s; correctness-plan-fallback; limits battery (atomic 1)
  limits battery (atomic 1)                            ok
  row budget: 900s; median=0.03s; correctness-plan-fallback; resp3 battery (atomic 1)
  resp3 battery (atomic 1)                             ok
  row budget: 900s; median=0.03s; correctness-plan-fallback; bitfield battery (atomic 1)
  bitfield battery (atomic 1)                          ok
  row budget: 900s; median=0.06s; correctness-plan-fallback; dumprestore battery (atomic 1)
  dumprestore battery (atomic 1)                       ok
  row budget: 900s; median=0.04s; correctness-plan-fallback; zsetops battery (atomic 1)
  zsetops battery (atomic 1)                           ok
  row budget: 900s; median=0.03s; correctness-plan-fallback; geo battery (atomic 1)
  geo battery (atomic 1)                               ok
  row budget: 900s; median=1.13s; correctness-plan-fallback; climon battery (atomic 1)
  climon battery (atomic 1)                            ok
  row budget: 900s; median=3.92s; correctness-plan-fallback; climon2 battery (atomic 1)
  climon2 battery (atomic 1)                           ok
  row budget: 900s; median=14.11s; correctness-plan-fallback; tracking battery (atomic 1)
  tracking battery (atomic 1)                          ok
  row budget: 900s; median=3.69s; correctness-plan-fallback; hexpire battery (atomic 1)
  hexpire battery (atomic 1)                           ok
  row budget: 900s; median=2.61s; correctness-plan-fallback; servertail battery (atomic 1)
  servertail battery (atomic 1)                        ok
  row budget: 900s; median=0.15s; correctness-plan-fallback; lcs battery (atomic 1)
  lcs battery (atomic 1)                               ok
  row budget: 900s; median=1.94s; correctness-plan-fallback; concur battery (atomic 1)
  concur battery (atomic 1)                            ok
  row budget: 900s; median=0.58s; correctness-plan-fallback; edgeproto battery (atomic 1)
  edgeproto battery (atomic 1)                         ok
  row budget: 900s; median=0.31s; correctness-plan-fallback; edgeenc battery (atomic 1)
  edgeenc battery (atomic 1)                           ok
  row budget: 900s; median=3.95s; correctness-plan-fallback; edgetime battery (atomic 1)
  edgetime battery (atomic 1)                          ok
  row budget: 900s; median=0.02s; correctness-plan-fallback; arity battery (atomic 1)
  arity battery (atomic 1)                             ok
  row budget: 900s; median=0.03s; correctness-plan-fallback; contarity battery (atomic 1)
  contarity battery (atomic 1)                         ok
  row budget: 900s; median=0.02s; correctness-plan-fallback; cmdgap battery (atomic 1)
  cmdgap battery (atomic 1)                            ok
  row budget: 900s; median=0.03s; correctness-plan-fallback; aclsel battery (atomic 1)
  aclsel battery (atomic 1)                            ok
  row budget: 900s; median=49.36s; correctness-plan-fallback; expwide battery (atomic 1)
  expwide battery (atomic 1)                           ok
  row budget: 900s; median=0.14s; correctness-plan-fallback; infofix battery (atomic 1)
  infofix battery (atomic 1)                           ok
  row budget: 900s; median=2.94s; correctness-plan-fallback; pushtear battery (atomic 1)
  pushtear battery (atomic 1)                          ok
  row budget: 900s; median=0.03s; correctness-plan-fallback; netcmd battery (atomic 1)
  netcmd battery (atomic 1)                            ok
  row budget: 900s; median=0.02s; correctness-plan-fallback; feature shutdown invariants (atomic 1)
  feature shutdown invariants (atomic 1)               ok
  row budget: 900s; median=25.25s; correctness-plan-fallback; armed block-cache churn battery
  armed block-cache churn battery                      ok
  row budget: 900s; median=0.02s; correctness-plan-fallback; read-local ownership invariants
  read-local ownership invariants                      ok
  row budget: 900s; median=0.115s; correctness-plan-fallback; feature 1s-0-0-0-1
  feature 1s-0-0-0-1                                   ok
  row budget: 900s; median=0.115s; correctness-plan-fallback; feature 1s-0-0-1-1
  feature 1s-0-0-1-1                                   ok
  row budget: 900s; median=0.11s; correctness-plan-fallback; feature 1s-0-1-0-1
  feature 1s-0-1-0-1                                   ok
  row budget: 900s; median=0.11s; correctness-plan-fallback; feature 1s-0-1-1-1
  feature 1s-0-1-1-1                                   ok
  row budget: 900s; median=0.11s; correctness-plan-fallback; feature 1s-1-0-0-1
  feature 1s-1-0-0-1                                   ok
  row budget: 900s; median=0.11s; correctness-plan-fallback; feature 1s-1-0-1-1
  feature 1s-1-0-1-1                                   ok
  row budget: 900s; median=0.11s; correctness-plan-fallback; feature 1s-1-1-0-1
  feature 1s-1-1-0-1                                   ok
  row budget: 900s; median=0.105s; correctness-plan-fallback; feature 1s-1-1-1-1
  feature 1s-1-1-1-1                                   ok
GATE(PARTIAL): 49 ok, 0 FAIL; no EXPECT tally, ABBA, NIC or receipt; ledger: /home/user/Projects/cx-gt13split/build/gate-run.3dA5hn/ledger.partial
