topology: 1 L3 domain(s)
  domain  0: 8 cpus [112,113,114,115,116,117,118,119]
tomokv-cpp: 8 unified threads, 16 shard(s), thread-mode=1s, overlap=0 (executor prefetch; ordinary IO), io_uring, alloc=jemalloc, reorder=0, read-local=1
  thread t0: role=unified cpu=112 L3=0 shards=2 send=self
  thread t1: role=unified cpu=113 L3=0 shards=2 send=self
  thread t2: role=unified cpu=114 L3=0 shards=2 send=self
  thread t3: role=unified cpu=115 L3=0 shards=2 send=self
  thread t4: role=unified cpu=116 L3=0 shards=2 send=self
  thread t5: role=unified cpu=117 L3=0 shards=2 send=self
  thread t6: role=unified cpu=118 L3=0 shards=2 send=self
  thread t7: role=unified cpu=119 L3=0 shards=2 send=self
listening on 127.0.0.1:18179
persistence: enabled=0 posted=0 flushed=0 durable=0 refused=0 pending_chunks=0 producers_with_pending=0 drain_gave_up=0 failed=0

thread role          ops      iters   busy_ms   idle_ms    cpu_ms   wake_tx  wake_rx
t0     uni          5022     971707     739.4    6638.4     758.6      1886     2179
io_tenure t0/0 busy_ns=739389722 idle_ns=6638416741 entry_ns=2983958839363627 begin_ns=2983958839363657 end_ns=2983966217170120 exit_ns=2983966217170229 role_exit=0 stopped=1
t1     uni           699     179434     112.2    7265.6     115.8       122      513
io_tenure t1/0 busy_ns=112227946 idle_ns=7265569986 entry_ns=2983958839364837 begin_ns=2983958839364857 end_ns=2983966217162789 exit_ns=2983966217163029 role_exit=0 stopped=1
t2     uni           686     158001     101.4    7276.4     104.9       140      522
io_tenure t2/0 busy_ns=101386380 idle_ns=7276412923 entry_ns=2983958839363667 begin_ns=2983958839363697 end_ns=2983966217163000 exit_ns=2983966217163129 role_exit=0 stopped=1
t3     uni           738     160079     100.4    7277.4     104.2       155      574
io_tenure t3/0 busy_ns=100407089 idle_ns=7277391614 entry_ns=2983958839363647 begin_ns=2983958839363677 end_ns=2983966217162380 exit_ns=2983966217162509 role_exit=0 stopped=1
t4     uni           662      84463      58.9    7318.9      62.1       161      536
io_tenure t4/0 busy_ns=58882969 idle_ns=7318900243 entry_ns=2983958839377507 begin_ns=2983958839377537 end_ns=2983966217160749 exit_ns=2983966217160880 role_exit=0 stopped=1
t5     uni           694      77406      57.6    7320.2      61.1       159      541
io_tenure t5/0 busy_ns=57640723 idle_ns=7320156459 entry_ns=2983958839363577 begin_ns=2983958839363607 end_ns=2983966217160789 exit_ns=2983966217160929 role_exit=0 stopped=1
t6     uni           662      73758      54.7    7323.1      58.1       168      542
io_tenure t6/0 busy_ns=54702305 idle_ns=7323095358 entry_ns=2983958839363607 begin_ns=2983958839363637 end_ns=2983966217161300 exit_ns=2983966217161429 role_exit=0 stopped=1
t7     uni           667      96247      67.2    7310.6      70.6       202      579
io_tenure t7/0 busy_ns=67205340 idle_ns=7310591453 entry_ns=2983958839365057 begin_ns=2983958839365087 end_ns=2983966217161880 exit_ns=2983966217162049 role_exit=0 stopped=1
wb: retired=5563 direct=2048 sends=5563/5563 short=0 err=0 peer_aborts=0 bytes=9064416 zc_sends=0 zc_bytes=0 zc_releases=0 serves=8325 empty=2762
tls: accepts=0 handshakes=0/0 failed=0 freed=0 want_read=0 want_write=0 cipher_in=0 plain_in=0 cipher_out=0 plain_out=0 zc_suppressed=0 ktls_active=0 ktls_fallback=0
stuck: live_conns=0 rob_not_quiesced=0 unsent_bytes_pending=0 | slots done=0 issued=0 free=0 flag_set=0
shutdown: unified_work=9830 accepts=482 accept_err=0 rearm=0 sqe_starved=0 notify_drop=0
shutdown_report {"schema":1,"thread_mode":"1s","work":{"kind":"fused","unified":9830},"threads":[{"tid":0,"role":"fused","ops":5022,"iterations":971707,"busy_ns":739389722,"idle_ns":6638416741,"cpu_ns":758563127,"wake_tx":1886,"wake_rx":2179,"io_tenures":[{"entry_ns":2983958839363627,"begin_ns":2983958839363657,"end_ns":2983966217170120,"exit_ns":2983966217170229,"busy_ns":739389722,"idle_ns":6638416741,"role_exit":false,"stopped":true,"did_submit":0,"sweep_submit":0,"park":0}]},{"tid":1,"role":"fused","ops":699,"iterations":179434,"busy_ns":112227946,"idle_ns":7265569986,"cpu_ns":115752982,"wake_tx":122,"wake_rx":513,"io_tenures":[{"entry_ns":2983958839364837,"begin_ns":2983958839364857,"end_ns":2983966217162789,"exit_ns":2983966217163029,"busy_ns":112227946,"idle_ns":7265569986,"role_exit":false,"stopped":true,"did_submit":0,"sweep_submit":0,"park":0}]},{"tid":2,"role":"fused","ops":686,"iterations":158001,"busy_ns":101386380,"idle_ns":7276412923,"cpu_ns":104868314,"wake_tx":140,"wake_rx":522,"io_tenures":[{"entry_ns":2983958839363667,"begin_ns":2983958839363697,"end_ns":2983966217163000,"exit_ns":2983966217163129,"busy_ns":101386380,"idle_ns":7276412923,"role_exit":false,"stopped":true,"did_submit":0,"sweep_submit":0,"park":0}]},{"tid":3,"role":"fused","ops":738,"iterations":160079,"busy_ns":100407089,"idle_ns":7277391614,"cpu_ns":104187264,"wake_tx":155,"wake_rx":574,"io_tenures":[{"entry_ns":2983958839363647,"begin_ns":2983958839363677,"end_ns":2983966217162380,"exit_ns":2983966217162509,"busy_ns":100407089,"idle_ns":7277391614,"role_exit":false,"stopped":true,"did_submit":0,"sweep_submit":0,"park":0}]},{"tid":4,"role":"fused","ops":662,"iterations":84463,"busy_ns":58882969,"idle_ns":7318900243,"cpu_ns":62098380,"wake_tx":161,"wake_rx":536,"io_tenures":[{"entry_ns":2983958839377507,"begin_ns":2983958839377537,"end_ns":2983966217160749,"exit_ns":2983966217160880,"busy_ns":58882969,"idle_ns":7318900243,"role_exit":false,"stopped":true,"did_submit":0,"sweep_submit":0,"park":0}]},{"tid":5,"role":"fused","ops":694,"iterations":77406,"busy_ns":57640723,"idle_ns":7320156459,"cpu_ns":61108489,"wake_tx":159,"wake_rx":541,"io_tenures":[{"entry_ns":2983958839363577,"begin_ns":2983958839363607,"end_ns":2983966217160789,"exit_ns":2983966217160929,"busy_ns":57640723,"idle_ns":7320156459,"role_exit":false,"stopped":true,"did_submit":0,"sweep_submit":0,"park":0}]},{"tid":6,"role":"fused","ops":662,"iterations":73758,"busy_ns":54702305,"idle_ns":7323095358,"cpu_ns":58127548,"wake_tx":168,"wake_rx":542,"io_tenures":[{"entry_ns":2983958839363607,"begin_ns":2983958839363637,"end_ns":2983966217161300,"exit_ns":2983966217161429,"busy_ns":54702305,"idle_ns":7323095358,"role_exit":false,"stopped":true,"did_submit":0,"sweep_submit":0,"park":0}]},{"tid":7,"role":"fused","ops":667,"iterations":96247,"busy_ns":67205340,"idle_ns":7310591453,"cpu_ns":70555981,"wake_tx":202,"wake_rx":579,"io_tenures":[{"entry_ns":2983958839365057,"begin_ns":2983958839365087,"end_ns":2983966217161880,"exit_ns":2983966217162049,"busy_ns":67205340,"idle_ns":7310591453,"role_exit":false,"stopped":true,"did_submit":0,"sweep_submit":0,"park":0}]}],"wb":{"retired":5563,"direct":2048,"sends_completed":5563,"sends_submitted":5563,"short_writes":0,"send_errors":0,"peer_aborts":0,"bytes_sent":9064416,"zc_sends":0,"zc_bytes":0,"zc_releases":0,"serves":8325,"serves_empty":2762},"tls":{"accepts":0,"handshakes_completed":0,"handshakes_started":0,"handshakes_failed":0,"connections_freed":0,"want_read":0,"want_write":0,"ciphertext_input_bytes":0,"plaintext_input_bytes":0,"ciphertext_output_bytes":0,"plaintext_output_bytes":0,"zc_suppressed":0,"ktls_active":0,"ktls_fallback":0},"stuck":{"live_conns":0,"rob_not_quiesced":0,"unsent_bytes_pending":0,"slots_done":0,"slots_issued":0,"slots_free":0,"flag_set":0},"epoll":{"enabled":false,"events":0,"recvs":0},"persistence":{"enabled":false,"recording":false,"failed":false,"drain_gave_up":false,"posted":0,"flushed":0,"durable":0,"refused":0,"pending_chunks":0,"records_written":0,"producers_with_pending":0,"producers_stopped":0,"producers_expected":0,"completions_pending":0},"accept":{"accepts":482,"accept_err":0,"rearm":0,"sqe_starved":0,"notify_drop":0}}
