topology: 1 L3 domain(s)
  domain  0: 8 cpus [112,113,114,115,116,117,118,119]
tomokv-cpp: 8 threads (6 io + 2 ex), 16 shard(s), thread-mode=2s, overlap=0, io_uring, alloc=jemalloc, reorder=0, read-local=0
  thread t0: role=ifid cpu=112 L3=0 shards=0
  thread t1: role=ifid cpu=113 L3=0 shards=0
  thread t2: role=ifid cpu=114 L3=0 shards=0
  thread t3: role=ifid cpu=115 L3=0 shards=0
  thread t4: role=ifid cpu=116 L3=0 shards=0
  thread t5: role=ifid cpu=117 L3=0 shards=0
  thread t6: role=ex cpu=118 L3=0 shards=8
  thread t7: role=ex cpu=119 L3=0 shards=8
listening on 127.0.0.1:18340
persistence: enabled=0 posted=0 flushed=0 durable=0 refused=0 pending_chunks=0 producers_with_pending=0 drain_gave_up=0 failed=0

thread role          ops      iters   busy_ms   idle_ms    cpu_ms   wake_tx  wake_rx
t0     io              0        469       0.1     287.4       0.5         1        2
io_tenure t0/0 busy_ns=131842 idle_ns=287399716 entry_ns=3160527345873010 begin_ns=3160527345873050 end_ns=3160527633404608 exit_ns=3160527633404738 role_exit=0 stopped=1
t1     io              1        505       0.3     287.2       0.7         0        3
io_tenure t1/0 busy_ns=285229 idle_ns=287155709 entry_ns=3160527345962830 begin_ns=3160527345962920 end_ns=3160527633403858 exit_ns=3160527633403988 role_exit=0 stopped=1
t2     io              0        432       0.3     286.9       0.7         1        2
io_tenure t2/0 busy_ns=302741 idle_ns=286894406 entry_ns=3160527346203041 begin_ns=3160527346203081 end_ns=3160527633400228 exit_ns=3160527633400358 role_exit=0 stopped=1
t3     io              4        211       0.7     286.4       1.2         5        9
io_tenure t3/0 busy_ns=679373 idle_ns=286411793 entry_ns=3160527346309032 begin_ns=3160527346309072 end_ns=3160527633400238 exit_ns=3160527633400358 role_exit=0 stopped=1
t4     io              0        432       0.1     287.3       0.5         0        1
io_tenure t4/0 busy_ns=117859 idle_ns=287266638 entry_ns=3160527346033140 begin_ns=3160527346033171 end_ns=3160527633417668 exit_ns=3160527633417698 role_exit=0 stopped=1
t5     io              0        427       0.1     287.1       0.5         0        1
io_tenure t5/0 busy_ns=119011 idle_ns=287080996 entry_ns=3160527346200251 begin_ns=3160527346200291 end_ns=3160527633400298 exit_ns=3160527633400428 role_exit=0 stopped=1
t6     ex              8      14420       0.0     284.3       5.0         0        0
t7     ex             13      15004       0.1     284.2       5.2         4        4
wb: retired=10 direct=2 sends=10/10 short=0 err=0 peer_aborts=0 bytes=10353 zc_sends=0 zc_bytes=0 zc_releases=0 serves=13 empty=3
tls: accepts=0 handshakes=0/0 failed=0 freed=0 want_read=0 want_write=0 cipher_in=0 plain_in=0 cipher_out=0 plain_out=0 zc_suppressed=0 ktls_active=0 ktls_fallback=0
stuck: live_conns=0 rob_not_quiesced=0 unsent_bytes_pending=0 | slots done=0 issued=0 free=0 flag_set=0
shutdown: dispatched=5 executed=21 accepts=3 accept_err=0 rearm=0 sqe_starved=0 notify_drop=0
shutdown_report {"schema":1,"thread_mode":"2s","work":{"kind":"split","dispatched":5,"executed":21},"threads":[{"tid":0,"role":"io","ops":0,"iterations":469,"busy_ns":131842,"idle_ns":287399716,"cpu_ns":483590,"wake_tx":1,"wake_rx":2,"io_tenures":[{"entry_ns":3160527345873010,"begin_ns":3160527345873050,"end_ns":3160527633404608,"exit_ns":3160527633404738,"busy_ns":131842,"idle_ns":287399716,"role_exit":false,"stopped":true,"did_submit":0,"sweep_submit":0,"park":0}]},{"tid":1,"role":"io","ops":1,"iterations":505,"busy_ns":285229,"idle_ns":287155709,"cpu_ns":681190,"wake_tx":0,"wake_rx":3,"io_tenures":[{"entry_ns":3160527345962830,"begin_ns":3160527345962920,"end_ns":3160527633403858,"exit_ns":3160527633403988,"busy_ns":285229,"idle_ns":287155709,"role_exit":false,"stopped":true,"did_submit":0,"sweep_submit":0,"park":0}]},{"tid":2,"role":"io","ops":0,"iterations":432,"busy_ns":302741,"idle_ns":286894406,"cpu_ns":745370,"wake_tx":1,"wake_rx":2,"io_tenures":[{"entry_ns":3160527346203041,"begin_ns":3160527346203081,"end_ns":3160527633400228,"exit_ns":3160527633400358,"busy_ns":302741,"idle_ns":286894406,"role_exit":false,"stopped":true,"did_submit":0,"sweep_submit":0,"park":0}]},{"tid":3,"role":"io","ops":4,"iterations":211,"busy_ns":679373,"idle_ns":286411793,"cpu_ns":1193730,"wake_tx":5,"wake_rx":9,"io_tenures":[{"entry_ns":3160527346309032,"begin_ns":3160527346309072,"end_ns":3160527633400238,"exit_ns":3160527633400358,"busy_ns":679373,"idle_ns":286411793,"role_exit":false,"stopped":true,"did_submit":0,"sweep_submit":0,"park":0}]},{"tid":4,"role":"io","ops":0,"iterations":432,"busy_ns":117859,"idle_ns":287266638,"cpu_ns":481440,"wake_tx":0,"wake_rx":1,"io_tenures":[{"entry_ns":3160527346033140,"begin_ns":3160527346033171,"end_ns":3160527633417668,"exit_ns":3160527633417698,"busy_ns":117859,"idle_ns":287266638,"role_exit":false,"stopped":true,"did_submit":0,"sweep_submit":0,"park":0}]},{"tid":5,"role":"io","ops":0,"iterations":427,"busy_ns":119011,"idle_ns":287080996,"cpu_ns":506700,"wake_tx":0,"wake_rx":1,"io_tenures":[{"entry_ns":3160527346200251,"begin_ns":3160527346200291,"end_ns":3160527633400298,"exit_ns":3160527633400428,"busy_ns":119011,"idle_ns":287080996,"role_exit":false,"stopped":true,"did_submit":0,"sweep_submit":0,"park":0}]},{"tid":6,"role":"ex","ops":8,"iterations":14420,"busy_ns":46011,"idle_ns":284333978,"cpu_ns":5038840,"wake_tx":0,"wake_rx":0,"io_tenures":[]},{"tid":7,"role":"ex","ops":13,"iterations":15004,"busy_ns":93370,"idle_ns":284183907,"cpu_ns":5177760,"wake_tx":4,"wake_rx":4,"io_tenures":[]}],"wb":{"retired":10,"direct":2,"sends_completed":10,"sends_submitted":10,"short_writes":0,"send_errors":0,"peer_aborts":0,"bytes_sent":10353,"zc_sends":0,"zc_bytes":0,"zc_releases":0,"serves":13,"serves_empty":3},"tls":{"accepts":0,"handshakes_completed":0,"handshakes_started":0,"handshakes_failed":0,"connections_freed":0,"want_read":0,"want_write":0,"ciphertext_input_bytes":0,"plaintext_input_bytes":0,"ciphertext_output_bytes":0,"plaintext_output_bytes":0,"zc_suppressed":0,"ktls_active":0,"ktls_fallback":0},"stuck":{"live_conns":0,"rob_not_quiesced":0,"unsent_bytes_pending":0,"slots_done":0,"slots_issued":0,"slots_free":0,"flag_set":0},"epoll":{"enabled":false,"events":0,"recvs":0},"persistence":{"enabled":false,"recording":false,"failed":false,"drain_gave_up":false,"posted":0,"flushed":0,"durable":0,"refused":0,"pending_chunks":0,"records_written":0,"producers_with_pending":0,"producers_stopped":0,"producers_expected":0,"completions_pending":0},"accept":{"accepts":3,"accept_err":0,"rearm":0,"sqe_starved":0,"notify_drop":0}}
