topology: 1 L3 domain(s)
  domain  0: 8 cpus [112,113,114,115,116,117,118,119]
tomokv-cpp: 8 unified threads, 16 shard(s), thread-mode=1s, overlap=0 (executor prefetch; ordinary IO), io_uring, alloc=jemalloc, reorder=0, read-local=1
  thread t0: role=unified cpu=112 L3=0 shards=2 send=self
  thread t1: role=unified cpu=113 L3=0 shards=2 send=self
  thread t2: role=unified cpu=114 L3=0 shards=2 send=self
  thread t3: role=unified cpu=115 L3=0 shards=2 send=self
  thread t4: role=unified cpu=116 L3=0 shards=2 send=self
  thread t5: role=unified cpu=117 L3=0 shards=2 send=self
  thread t6: role=unified cpu=118 L3=0 shards=2 send=self
  thread t7: role=unified cpu=119 L3=0 shards=2 send=self
listening on 127.0.0.1:18179
persistence: enabled=0 posted=0 flushed=0 durable=0 refused=0 pending_chunks=0 producers_with_pending=0 drain_gave_up=0 failed=0

thread role          ops      iters   busy_ms   idle_ms    cpu_ms   wake_tx  wake_rx
t0     uni            34      13772       8.3     161.4       8.9         6       25
io_tenure t0/0 busy_ns=8262158 idle_ns=161371641 entry_ns=2982835311592191 begin_ns=2982835311592221 end_ns=2982835481226020 exit_ns=2982835481226150 role_exit=0 stopped=1
t1     uni            24         27       0.3     169.3       0.8         0       12
io_tenure t1/0 busy_ns=305233 idle_ns=169318346 entry_ns=2982835311603161 begin_ns=2982835311603191 end_ns=2982835481226770 exit_ns=2982835481226910 role_exit=0 stopped=1
t2     uni            29       1055       1.0     168.6       1.5         4       19
io_tenure t2/0 busy_ns=1044527 idle_ns=168584452 entry_ns=2982835311599391 begin_ns=2982835311599421 end_ns=2982835481228400 exit_ns=2982835481228540 role_exit=0 stopped=1
t3     uni            28       1033       1.0     168.6       1.6         6       21
io_tenure t3/0 busy_ns=1044385 idle_ns=168591554 entry_ns=2982835311591201 begin_ns=2982835311591221 end_ns=2982835481227160 exit_ns=2982835481227290 role_exit=0 stopped=1
t4     uni            24         28       0.3     169.3       0.9         1       13
io_tenure t4/0 busy_ns=313093 idle_ns=169325226 entry_ns=2982835311597191 begin_ns=2982835311597221 end_ns=2982835481235540 exit_ns=2982835481235570 role_exit=0 stopped=1
t5     uni            29         72       0.6     169.0       1.2        10       25
io_tenure t5/0 busy_ns=603724 idle_ns=169018395 entry_ns=2982835311601351 begin_ns=2982835311601481 end_ns=2982835481223600 exit_ns=2982835481223730 role_exit=0 stopped=1
t6     uni            30      12829       7.7     162.0       8.2         9       25
io_tenure t6/0 busy_ns=7673364 idle_ns=161958555 entry_ns=2982835311593971 begin_ns=2982835311594001 end_ns=2982835481225920 exit_ns=2982835481226050 role_exit=0 stopped=1
t7     uni          4140      36528      43.3     126.3      51.2        83       98
io_tenure t7/0 busy_ns=43301070 idle_ns=126333409 entry_ns=2982835311591351 begin_ns=2982835311591381 end_ns=2982835481225860 exit_ns=2982835481226000 role_exit=0 stopped=1
wb: retired=2208 direct=2048 sends=2208/2208 short=0 err=0 peer_aborts=0 bytes=550024 zc_sends=0 zc_bytes=0 zc_releases=0 serves=2215 empty=7
tls: accepts=0 handshakes=0/0 failed=0 freed=0 want_read=0 want_write=0 cipher_in=0 plain_in=0 cipher_out=0 plain_out=0 zc_suppressed=0 ktls_active=0 ktls_fallback=0
stuck: live_conns=0 rob_not_quiesced=0 unsent_bytes_pending=0 | slots done=0 issued=0 free=0 flag_set=0
shutdown: unified_work=4338 accepts=13 accept_err=0 rearm=0 sqe_starved=0 notify_drop=0
shutdown_report {"schema":1,"thread_mode":"1s","work":{"kind":"fused","unified":4338},"threads":[{"tid":0,"role":"fused","ops":34,"iterations":13772,"busy_ns":8262158,"idle_ns":161371641,"cpu_ns":8883640,"wake_tx":6,"wake_rx":25,"io_tenures":[{"entry_ns":2982835311592191,"begin_ns":2982835311592221,"end_ns":2982835481226020,"exit_ns":2982835481226150,"busy_ns":8262158,"idle_ns":161371641,"role_exit":false,"stopped":true,"did_submit":0,"sweep_submit":0,"park":0}]},{"tid":1,"role":"fused","ops":24,"iterations":27,"busy_ns":305233,"idle_ns":169318346,"cpu_ns":845260,"wake_tx":0,"wake_rx":12,"io_tenures":[{"entry_ns":2982835311603161,"begin_ns":2982835311603191,"end_ns":2982835481226770,"exit_ns":2982835481226910,"busy_ns":305233,"idle_ns":169318346,"role_exit":false,"stopped":true,"did_submit":0,"sweep_submit":0,"park":0}]},{"tid":2,"role":"fused","ops":29,"iterations":1055,"busy_ns":1044527,"idle_ns":168584452,"cpu_ns":1488410,"wake_tx":4,"wake_rx":19,"io_tenures":[{"entry_ns":2982835311599391,"begin_ns":2982835311599421,"end_ns":2982835481228400,"exit_ns":2982835481228540,"busy_ns":1044527,"idle_ns":168584452,"role_exit":false,"stopped":true,"did_submit":0,"sweep_submit":0,"park":0}]},{"tid":3,"role":"fused","ops":28,"iterations":1033,"busy_ns":1044385,"idle_ns":168591554,"cpu_ns":1640700,"wake_tx":6,"wake_rx":21,"io_tenures":[{"entry_ns":2982835311591201,"begin_ns":2982835311591221,"end_ns":2982835481227160,"exit_ns":2982835481227290,"busy_ns":1044385,"idle_ns":168591554,"role_exit":false,"stopped":true,"did_submit":0,"sweep_submit":0,"park":0}]},{"tid":4,"role":"fused","ops":24,"iterations":28,"busy_ns":313093,"idle_ns":169325226,"cpu_ns":866350,"wake_tx":1,"wake_rx":13,"io_tenures":[{"entry_ns":2982835311597191,"begin_ns":2982835311597221,"end_ns":2982835481235540,"exit_ns":2982835481235570,"busy_ns":313093,"idle_ns":169325226,"role_exit":false,"stopped":true,"did_submit":0,"sweep_submit":0,"park":0}]},{"tid":5,"role":"fused","ops":29,"iterations":72,"busy_ns":603724,"idle_ns":169018395,"cpu_ns":1198120,"wake_tx":10,"wake_rx":25,"io_tenures":[{"entry_ns":2982835311601351,"begin_ns":2982835311601481,"end_ns":2982835481223600,"exit_ns":2982835481223730,"busy_ns":603724,"idle_ns":169018395,"role_exit":false,"stopped":true,"did_submit":0,"sweep_submit":0,"park":0}]},{"tid":6,"role":"fused","ops":30,"iterations":12829,"busy_ns":7673364,"idle_ns":161958555,"cpu_ns":8248090,"wake_tx":9,"wake_rx":25,"io_tenures":[{"entry_ns":2982835311593971,"begin_ns":2982835311594001,"end_ns":2982835481225920,"exit_ns":2982835481226050,"busy_ns":7673364,"idle_ns":161958555,"role_exit":false,"stopped":true,"did_submit":0,"sweep_submit":0,"park":0}]},{"tid":7,"role":"fused","ops":4140,"iterations":36528,"busy_ns":43301070,"idle_ns":126333409,"cpu_ns":51178030,"wake_tx":83,"wake_rx":98,"io_tenures":[{"entry_ns":2982835311591351,"begin_ns":2982835311591381,"end_ns":2982835481225860,"exit_ns":2982835481226000,"busy_ns":43301070,"idle_ns":126333409,"role_exit":false,"stopped":true,"did_submit":0,"sweep_submit":0,"park":0}]}],"wb":{"retired":2208,"direct":2048,"sends_completed":2208,"sends_submitted":2208,"short_writes":0,"send_errors":0,"peer_aborts":0,"bytes_sent":550024,"zc_sends":0,"zc_bytes":0,"zc_releases":0,"serves":2215,"serves_empty":7},"tls":{"accepts":0,"handshakes_completed":0,"handshakes_started":0,"handshakes_failed":0,"connections_freed":0,"want_read":0,"want_write":0,"ciphertext_input_bytes":0,"plaintext_input_bytes":0,"ciphertext_output_bytes":0,"plaintext_output_bytes":0,"zc_suppressed":0,"ktls_active":0,"ktls_fallback":0},"stuck":{"live_conns":0,"rob_not_quiesced":0,"unsent_bytes_pending":0,"slots_done":0,"slots_issued":0,"slots_free":0,"flag_set":0},"epoll":{"enabled":false,"events":0,"recvs":0},"persistence":{"enabled":false,"recording":false,"failed":false,"drain_gave_up":false,"posted":0,"flushed":0,"durable":0,"refused":0,"pending_chunks":0,"records_written":0,"producers_with_pending":0,"producers_stopped":0,"producers_expected":0,"completions_pending":0},"accept":{"accepts":13,"accept_err":0,"rearm":0,"sqe_starved":0,"notify_drop":0}}
