topology: 1 L3 domain(s)
  domain  0: 8 cpus [112,113,114,115,116,117,118,119]
tomokv-cpp: 8 unified threads, 16 shard(s), thread-mode=1s, overlap=0 (executor prefetch; ordinary IO), io_uring, alloc=jemalloc, reorder=0, read-local=1
  thread t0: role=unified cpu=112 L3=0 shards=2 send=self
  thread t1: role=unified cpu=113 L3=0 shards=2 send=self
  thread t2: role=unified cpu=114 L3=0 shards=2 send=self
  thread t3: role=unified cpu=115 L3=0 shards=2 send=self
  thread t4: role=unified cpu=116 L3=0 shards=2 send=self
  thread t5: role=unified cpu=117 L3=0 shards=2 send=self
  thread t6: role=unified cpu=118 L3=0 shards=2 send=self
  thread t7: role=unified cpu=119 L3=0 shards=2 send=self
listening on 127.0.0.1:17899
persistence: enabled=0 posted=0 flushed=0 durable=0 refused=0 pending_chunks=0 producers_with_pending=0 drain_gave_up=0 failed=0

thread role          ops      iters   busy_ms   idle_ms    cpu_ms   wake_tx  wake_rx
t0     uni          5645       8429      18.1    2950.3      22.7       256     1698
io_tenure t0/0 busy_ns=18092560 idle_ns=2950288825 entry_ns=2928950616039006 begin_ns=2928950616039026 end_ns=2928953584420411 exit_ns=2928953584420441 role_exit=0 stopped=1
t1     uni         13529     290059     211.2    2757.2     216.5      2780     4209
io_tenure t1/0 busy_ns=211169593 idle_ns=2757189842 entry_ns=2928950616052856 begin_ns=2928950616052886 end_ns=2928953584412321 exit_ns=2928953584412441 role_exit=0 stopped=1
t2     uni          5753       8278      17.1    2951.3      21.7       299     1886
io_tenure t2/0 busy_ns=17086081 idle_ns=2951279194 entry_ns=2928950616051036 begin_ns=2928950616051066 end_ns=2928953584416341 exit_ns=2928953584416481 role_exit=0 stopped=1
t3     uni          7853     126932      53.5    2913.9      57.3       531     1686
io_tenure t3/0 busy_ns=53525470 idle_ns=2913878791 entry_ns=2928950617007790 begin_ns=2928950617007820 end_ns=2928953584412081 exit_ns=2928953584412201 role_exit=0 stopped=1
t4     uni         10031      12212      20.3    2948.1      25.1       613     2067
io_tenure t4/0 busy_ns=20257101 idle_ns=2948111264 entry_ns=2928950616047056 begin_ns=2928950616047086 end_ns=2928953584415451 exit_ns=2928953584415571 role_exit=0 stopped=1
t5     uni          9822     128522      57.9    2910.5      62.3       407     1628
io_tenure t5/0 busy_ns=57911324 idle_ns=2910473221 entry_ns=2928950616042176 begin_ns=2928950616042206 end_ns=2928953584426751 exit_ns=2928953584426781 role_exit=0 stopped=1
t6     uni         19993     549303     325.6    2642.8     330.5      3386     4639
io_tenure t6/0 busy_ns=325618075 idle_ns=2642757820 entry_ns=2928950616037486 begin_ns=2928950616037506 end_ns=2928953584413401 exit_ns=2928953584413531 role_exit=0 stopped=1
t7     uni          9807      18137      33.5    2934.8      38.1      2562     3855
io_tenure t7/0 busy_ns=33548693 idle_ns=2934817202 entry_ns=2928950616049056 begin_ns=2928950616049086 end_ns=2928953584414981 exit_ns=2928953584415011 role_exit=0 stopped=1
wb: retired=35729 direct=462 sends=3271/3271 short=0 err=0 peer_aborts=0 bytes=730328 zc_sends=0 zc_bytes=0 zc_releases=0 serves=4242 empty=971
tls: accepts=0 handshakes=0/0 failed=0 freed=0 want_read=0 want_write=0 cipher_in=0 plain_in=0 cipher_out=0 plain_out=0 zc_suppressed=0 ktls_active=0 ktls_fallback=0
stuck: live_conns=0 rob_not_quiesced=0 unsent_bytes_pending=0 | slots done=0 issued=0 free=0 flag_set=0
shutdown: unified_work=82433 accepts=10 accept_err=0 rearm=0 sqe_starved=0 notify_drop=0
shutdown_report {"schema":1,"thread_mode":"1s","work":{"kind":"fused","unified":82433},"threads":[{"tid":0,"role":"fused","ops":5645,"iterations":8429,"busy_ns":18092560,"idle_ns":2950288825,"cpu_ns":22720704,"wake_tx":256,"wake_rx":1698,"io_tenures":[{"entry_ns":2928950616039006,"begin_ns":2928950616039026,"end_ns":2928953584420411,"exit_ns":2928953584420441,"busy_ns":18092560,"idle_ns":2950288825,"role_exit":false,"stopped":true,"did_submit":0,"sweep_submit":0,"park":0}]},{"tid":1,"role":"fused","ops":13529,"iterations":290059,"busy_ns":211169593,"idle_ns":2757189842,"cpu_ns":216484827,"wake_tx":2780,"wake_rx":4209,"io_tenures":[{"entry_ns":2928950616052856,"begin_ns":2928950616052886,"end_ns":2928953584412321,"exit_ns":2928953584412441,"busy_ns":211169593,"idle_ns":2757189842,"role_exit":false,"stopped":true,"did_submit":0,"sweep_submit":0,"park":0}]},{"tid":2,"role":"fused","ops":5753,"iterations":8278,"busy_ns":17086081,"idle_ns":2951279194,"cpu_ns":21713969,"wake_tx":299,"wake_rx":1886,"io_tenures":[{"entry_ns":2928950616051036,"begin_ns":2928950616051066,"end_ns":2928953584416341,"exit_ns":2928953584416481,"busy_ns":17086081,"idle_ns":2951279194,"role_exit":false,"stopped":true,"did_submit":0,"sweep_submit":0,"park":0}]},{"tid":3,"role":"fused","ops":7853,"iterations":126932,"busy_ns":53525470,"idle_ns":2913878791,"cpu_ns":57315952,"wake_tx":531,"wake_rx":1686,"io_tenures":[{"entry_ns":2928950617007790,"begin_ns":2928950617007820,"end_ns":2928953584412081,"exit_ns":2928953584412201,"busy_ns":53525470,"idle_ns":2913878791,"role_exit":false,"stopped":true,"did_submit":0,"sweep_submit":0,"park":0}]},{"tid":4,"role":"fused","ops":10031,"iterations":12212,"busy_ns":20257101,"idle_ns":2948111264,"cpu_ns":25068602,"wake_tx":613,"wake_rx":2067,"io_tenures":[{"entry_ns":2928950616047056,"begin_ns":2928950616047086,"end_ns":2928953584415451,"exit_ns":2928953584415571,"busy_ns":20257101,"idle_ns":2948111264,"role_exit":false,"stopped":true,"did_submit":0,"sweep_submit":0,"park":0}]},{"tid":5,"role":"fused","ops":9822,"iterations":128522,"busy_ns":57911324,"idle_ns":2910473221,"cpu_ns":62307639,"wake_tx":407,"wake_rx":1628,"io_tenures":[{"entry_ns":2928950616042176,"begin_ns":2928950616042206,"end_ns":2928953584426751,"exit_ns":2928953584426781,"busy_ns":57911324,"idle_ns":2910473221,"role_exit":false,"stopped":true,"did_submit":0,"sweep_submit":0,"park":0}]},{"tid":6,"role":"fused","ops":19993,"iterations":549303,"busy_ns":325618075,"idle_ns":2642757820,"cpu_ns":330460430,"wake_tx":3386,"wake_rx":4639,"io_tenures":[{"entry_ns":2928950616037486,"begin_ns":2928950616037506,"end_ns":2928953584413401,"exit_ns":2928953584413531,"busy_ns":325618075,"idle_ns":2642757820,"role_exit":false,"stopped":true,"did_submit":0,"sweep_submit":0,"park":0}]},{"tid":7,"role":"fused","ops":9807,"iterations":18137,"busy_ns":33548693,"idle_ns":2934817202,"cpu_ns":38052539,"wake_tx":2562,"wake_rx":3855,"io_tenures":[{"entry_ns":2928950616049056,"begin_ns":2928950616049086,"end_ns":2928953584414981,"exit_ns":2928953584415011,"busy_ns":33548693,"idle_ns":2934817202,"role_exit":false,"stopped":true,"did_submit":0,"sweep_submit":0,"park":0}]}],"wb":{"retired":35729,"direct":462,"sends_completed":3271,"sends_submitted":3271,"short_writes":0,"send_errors":0,"peer_aborts":0,"bytes_sent":730328,"zc_sends":0,"zc_bytes":0,"zc_releases":0,"serves":4242,"serves_empty":971},"tls":{"accepts":0,"handshakes_completed":0,"handshakes_started":0,"handshakes_failed":0,"connections_freed":0,"want_read":0,"want_write":0,"ciphertext_input_bytes":0,"plaintext_input_bytes":0,"ciphertext_output_bytes":0,"plaintext_output_bytes":0,"zc_suppressed":0,"ktls_active":0,"ktls_fallback":0},"stuck":{"live_conns":0,"rob_not_quiesced":0,"unsent_bytes_pending":0,"slots_done":0,"slots_issued":0,"slots_free":0,"flag_set":0},"epoll":{"enabled":false,"events":0,"recvs":0},"persistence":{"enabled":false,"recording":false,"failed":false,"drain_gave_up":false,"posted":0,"flushed":0,"durable":0,"refused":0,"pending_chunks":0,"records_written":0,"producers_with_pending":0,"producers_stopped":0,"producers_expected":0,"completions_pending":0},"accept":{"accepts":10,"accept_err":0,"rearm":0,"sqe_starved":0,"notify_drop":0}}
