1223/1223 command bodies and 1492/1492 hot bodies: raw bytes AND relocation targets identical
db0/src/cmd/multidb.o | 325 -> 341 bytes | 90 -> 92 instructions | tomo_db0::DatabaseMap::state() | Allocate/initialize eight extra cold State bytes for the last persistence observation
db0/src/cmd/multidb.o | 498 -> 498 bytes | 122 -> 122 instructions | tomo_db0::DatabaseMap::publish(std::unique_ptr<tomo_db0::DatabaseMap::Map, std::default_delete<tomo_db0::DatabaseMap::Map> >) | Cold State mutex/condition-variable offsets and sized destruction follow the added timestamp
db0/src/cmd/multidb.o | 229 -> 229 bytes | 68 -> 68 instructions | tomo_db0::DatabaseMap::~DatabaseMap() | Cold State mutex/condition-variable offsets and sized destruction follow the added timestamp
db0/src/cmd/multidb.o | 229 -> 229 bytes | 68 -> 68 instructions | tomo_db0::DatabaseMap::~DatabaseMap() | Cold State mutex/condition-variable offsets and sized destruction follow the added timestamp
db0/src/snapshot/snapshot.o | 5344 -> 5299 bytes | 1064 -> 1060 instructions | tomo_db0::SnapshotManager::start(tomo_db0::Server&, tomo_db0::ThreadCtx&, tomo_db0::Ring&, bool, std::__cxx11::basic_string<char, std::char_traits<char>, std::allocator<char> >&, tomo_db0::AofManager*, char const*, char const*, bool) | Terminal stop cancels SAVE, reaps its own IO, and returns without stopped-owner acknowledgements
db0/src/snapshot/snapshot.o | 100 -> 125 bytes | 23 -> 27 instructions | tomo_db0::SnapshotManager::start(tomo_db0::Server&, tomo_db0::ThreadCtx&, tomo_db0::Ring&, bool, std::__cxx11::basic_string<char, std::char_traits<char>, std::allocator<char> >&, tomo_db0::AofManager*, char const*, char const*, bool) [clone .cold] | Terminal stop cancels SAVE, reaps its own IO, and returns without stopped-owner acknowledgements
db0/src/snapshot/snapshot.o | 152 -> 322 bytes | 37 -> 79 instructions | tomo_db0::SnapshotManager::start(tomo_db0::Server&, tomo_db0::ThreadCtx&, tomo_db0::Ring&, bool, std::__cxx11::basic_string<char, std::char_traits<char>, std::allocator<char> >&, tomo_db0::AofManager*, char const*, char const*, bool)::{lambda()#1}::operator()() const | Terminal stop cancels SAVE, reaps its own IO, and returns without stopped-owner acknowledgements
src/cmd/multidb.o | 586 -> 679 bytes | 145 -> 174 instructions | tomo::DatabaseMap::join_workers(tomo::Server&, std::vector<std::thread, std::allocator<std::thread> >&) | Latch bounded persistence grace through save finalization and worker-stack exit
src/cmd/multidb.o | 40 -> 41 bytes | 9 -> 9 instructions | tomo::DatabaseMap::join_workers(tomo::Server&, std::vector<std::thread, std::allocator<std::thread> >&) [clone .cold] | Latch bounded persistence grace through save finalization and worker-stack exit
src/cmd/multidb.o | 49 -> 49 bytes | 14 -> 14 instructions | tomo::DatabaseMap::worker_exited(unsigned int) | Cold State mutex/condition-variable offsets and sized destruction follow the added timestamp
src/cmd/multidb.o | 172 -> 172 bytes | 41 -> 41 instructions | tomo::DatabaseMap::boundary_started() | Cold State mutex/condition-variable offsets and sized destruction follow the added timestamp
src/cmd/multidb.o | 325 -> 341 bytes | 90 -> 92 instructions | tomo::DatabaseMap::state() | Allocate/initialize eight extra cold State bytes for the last persistence observation
src/cmd/multidb.o | 541 -> 778 bytes | 130 -> 186 instructions | tomo::DatabaseMap::monitor(tomo::Server&) [clone .part.0] | Apply bounded persistence grace to pending live map acknowledgements/drains
src/cmd/multidb.o | 923 -> 923 bytes | 214 -> 214 instructions | tomo::DatabaseMap::publish(std::unique_ptr<tomo::DatabaseMap::Map, std::default_delete<tomo::DatabaseMap::Map> >) | Cold State mutex/condition-variable offsets and sized destruction follow the added timestamp
src/cmd/multidb.o | 866 -> 935 bytes | 209 -> 231 instructions | tomo::DatabaseMap::reclaim(tomo::Server&) | Apply bounded persistence grace to pending live map acknowledgements/drains
src/cmd/multidb.o | 229 -> 229 bytes | 68 -> 68 instructions | tomo::DatabaseMap::~DatabaseMap() | Cold State mutex/condition-variable offsets and sized destruction follow the added timestamp
src/cmd/multidb.o | 229 -> 229 bytes | 68 -> 68 instructions | tomo::DatabaseMap::~DatabaseMap() | Cold State mutex/condition-variable offsets and sized destruction follow the added timestamp
src/snapshot/snapshot.o | 1097 -> 1037 bytes | 255 -> 243 instructions | tomo::SnapshotManager::on_io_complete(tomo::ThreadCtx&, tomo::Ring&, void*, int) | Unchanged cold completion logic; GCC inlining changed after the new cancellation caller
src/snapshot/snapshot.o | 5671 -> 5756 bytes | 1102 -> 1110 instructions | tomo::SnapshotManager::start(tomo::Server&, tomo::ThreadCtx&, tomo::Ring&, bool, std::__cxx11::basic_string<char, std::char_traits<char>, std::allocator<char> >&, tomo::AofManager*, char const*, char const*, bool) | Terminal stop cancels SAVE, reaps its own IO, and returns without stopped-owner acknowledgements
src/snapshot/snapshot.o | 100 -> 121 bytes | 23 -> 27 instructions | tomo::SnapshotManager::start(tomo::Server&, tomo::ThreadCtx&, tomo::Ring&, bool, std::__cxx11::basic_string<char, std::char_traits<char>, std::allocator<char> >&, tomo::AofManager*, char const*, char const*, bool) [clone .cold] | Terminal stop cancels SAVE, reaps its own IO, and returns without stopped-owner acknowledgements
src/snapshot/snapshot.o | 152 -> 322 bytes | 37 -> 79 instructions | tomo::SnapshotManager::start(tomo::Server&, tomo::ThreadCtx&, tomo::Ring&, bool, std::__cxx11::basic_string<char, std::char_traits<char>, std::allocator<char> >&, tomo::AofManager*, char const*, char const*, bool)::{lambda()#1}::operator()() const | Terminal stop cancels SAVE, reaps its own IO, and returns without stopped-owner acknowledgements
Changed-opcode and changed-callee negative controls: PASS
