topology: 1 L3 domain(s)
  domain  0: 8 cpus [112,113,114,115,116,117,118,119]
tomokv-cpp: 8 unified threads, 16 shard(s), thread-mode=1s, overlap=0 (executor prefetch; ordinary IO), io_uring, alloc=jemalloc, reorder=0, read-local=1
  thread t0: role=unified cpu=112 L3=0 shards=2 send=self
  thread t1: role=unified cpu=113 L3=0 shards=2 send=self
  thread t2: role=unified cpu=114 L3=0 shards=2 send=self
  thread t3: role=unified cpu=115 L3=0 shards=2 send=self
  thread t4: role=unified cpu=116 L3=0 shards=2 send=self
  thread t5: role=unified cpu=117 L3=0 shards=2 send=self
  thread t6: role=unified cpu=118 L3=0 shards=2 send=self
  thread t7: role=unified cpu=119 L3=0 shards=2 send=self
listening on 127.0.0.1:18179
persistence: enabled=0 posted=0 flushed=0 durable=0 refused=0 pending_chunks=0 producers_with_pending=0 drain_gave_up=0 failed=0

thread role          ops      iters   busy_ms   idle_ms    cpu_ms   wake_tx  wake_rx
t0     uni          4100       6209      17.6      97.1      24.8         1        2
io_tenure t0/0 busy_ns=17568227 idle_ns=97052778 entry_ns=2984462912187836 begin_ns=2984462912187866 end_ns=2984463026808871 exit_ns=2984463026809001 role_exit=0 stopped=1
t1     uni             2        147       0.1     114.5       0.5         0        0
io_tenure t1/0 busy_ns=123642 idle_ns=114489403 entry_ns=2984462912204776 begin_ns=2984462912204807 end_ns=2984463026817852 exit_ns=2984463026818592 role_exit=0 stopped=1
t2     uni             2        170       0.1     114.5       0.5         0        0
io_tenure t2/0 busy_ns=131431 idle_ns=114486464 entry_ns=2984462912188776 begin_ns=2984462912188796 end_ns=2984463026806691 exit_ns=2984463026806831 role_exit=0 stopped=1
t3     uni             2        158       0.1     114.5       0.6         0        0
io_tenure t3/0 busy_ns=132842 idle_ns=114488103 entry_ns=2984462912187866 begin_ns=2984462912187886 end_ns=2984463026808831 exit_ns=2984463026808951 role_exit=0 stopped=1
t4     uni             2        134       0.1     114.5       0.6         0        0
io_tenure t4/0 busy_ns=129328 idle_ns=114488006 entry_ns=2984462912189356 begin_ns=2984462912189387 end_ns=2984463026806721 exit_ns=2984463026806931 role_exit=0 stopped=1
t5     uni             3        122       0.2     114.5       0.6         1        2
io_tenure t5/0 busy_ns=158121 idle_ns=114461004 entry_ns=2984462912187906 begin_ns=2984462912187926 end_ns=2984463026807051 exit_ns=2984463026807191 role_exit=0 stopped=1
t6     uni             2        139       0.1     114.5       0.6         0        0
io_tenure t6/0 busy_ns=126270 idle_ns=114489904 entry_ns=2984462912191287 begin_ns=2984462912191307 end_ns=2984463026807481 exit_ns=2984463026807621 role_exit=0 stopped=1
t7     uni             2        102       0.1     114.5       0.6         0        0
io_tenure t7/0 busy_ns=131760 idle_ns=114488385 entry_ns=2984462912189087 begin_ns=2984462912189116 end_ns=2984463026809261 exit_ns=2984463026809401 role_exit=0 stopped=1
wb: retired=2060 direct=2048 sends=2060/2060 short=0 err=0 peer_aborts=0 bytes=77004 zc_sends=0 zc_bytes=0 zc_releases=0 serves=2189 empty=129
tls: accepts=0 handshakes=0/0 failed=0 freed=0 want_read=0 want_write=0 cipher_in=0 plain_in=0 cipher_out=0 plain_out=0 zc_suppressed=0 ktls_active=0 ktls_fallback=0
stuck: live_conns=0 rob_not_quiesced=0 unsent_bytes_pending=0 | slots done=0 issued=0 free=0 flag_set=0
shutdown: unified_work=4115 accepts=1 accept_err=0 rearm=0 sqe_starved=0 notify_drop=0
shutdown_report {"schema":1,"thread_mode":"1s","work":{"kind":"fused","unified":4115},"threads":[{"tid":0,"role":"fused","ops":4100,"iterations":6209,"busy_ns":17568227,"idle_ns":97052778,"cpu_ns":24820190,"wake_tx":1,"wake_rx":2,"io_tenures":[{"entry_ns":2984462912187836,"begin_ns":2984462912187866,"end_ns":2984463026808871,"exit_ns":2984463026809001,"busy_ns":17568227,"idle_ns":97052778,"role_exit":false,"stopped":true,"did_submit":0,"sweep_submit":0,"park":0}]},{"tid":1,"role":"fused","ops":2,"iterations":147,"busy_ns":123642,"idle_ns":114489403,"cpu_ns":540520,"wake_tx":0,"wake_rx":0,"io_tenures":[{"entry_ns":2984462912204776,"begin_ns":2984462912204807,"end_ns":2984463026817852,"exit_ns":2984463026818592,"busy_ns":123642,"idle_ns":114489403,"role_exit":false,"stopped":true,"did_submit":0,"sweep_submit":0,"park":0}]},{"tid":2,"role":"fused","ops":2,"iterations":170,"busy_ns":131431,"idle_ns":114486464,"cpu_ns":539040,"wake_tx":0,"wake_rx":0,"io_tenures":[{"entry_ns":2984462912188776,"begin_ns":2984462912188796,"end_ns":2984463026806691,"exit_ns":2984463026806831,"busy_ns":131431,"idle_ns":114486464,"role_exit":false,"stopped":true,"did_submit":0,"sweep_submit":0,"park":0}]},{"tid":3,"role":"fused","ops":2,"iterations":158,"busy_ns":132842,"idle_ns":114488103,"cpu_ns":557390,"wake_tx":0,"wake_rx":0,"io_tenures":[{"entry_ns":2984462912187866,"begin_ns":2984462912187886,"end_ns":2984463026808831,"exit_ns":2984463026808951,"busy_ns":132842,"idle_ns":114488103,"role_exit":false,"stopped":true,"did_submit":0,"sweep_submit":0,"park":0}]},{"tid":4,"role":"fused","ops":2,"iterations":134,"busy_ns":129328,"idle_ns":114488006,"cpu_ns":597440,"wake_tx":0,"wake_rx":0,"io_tenures":[{"entry_ns":2984462912189356,"begin_ns":2984462912189387,"end_ns":2984463026806721,"exit_ns":2984463026806931,"busy_ns":129328,"idle_ns":114488006,"role_exit":false,"stopped":true,"did_submit":0,"sweep_submit":0,"park":0}]},{"tid":5,"role":"fused","ops":3,"iterations":122,"busy_ns":158121,"idle_ns":114461004,"cpu_ns":612510,"wake_tx":1,"wake_rx":2,"io_tenures":[{"entry_ns":2984462912187906,"begin_ns":2984462912187926,"end_ns":2984463026807051,"exit_ns":2984463026807191,"busy_ns":158121,"idle_ns":114461004,"role_exit":false,"stopped":true,"did_submit":0,"sweep_submit":0,"park":0}]},{"tid":6,"role":"fused","ops":2,"iterations":139,"busy_ns":126270,"idle_ns":114489904,"cpu_ns":566560,"wake_tx":0,"wake_rx":0,"io_tenures":[{"entry_ns":2984462912191287,"begin_ns":2984462912191307,"end_ns":2984463026807481,"exit_ns":2984463026807621,"busy_ns":126270,"idle_ns":114489904,"role_exit":false,"stopped":true,"did_submit":0,"sweep_submit":0,"park":0}]},{"tid":7,"role":"fused","ops":2,"iterations":102,"busy_ns":131760,"idle_ns":114488385,"cpu_ns":590920,"wake_tx":0,"wake_rx":0,"io_tenures":[{"entry_ns":2984462912189087,"begin_ns":2984462912189116,"end_ns":2984463026809261,"exit_ns":2984463026809401,"busy_ns":131760,"idle_ns":114488385,"role_exit":false,"stopped":true,"did_submit":0,"sweep_submit":0,"park":0}]}],"wb":{"retired":2060,"direct":2048,"sends_completed":2060,"sends_submitted":2060,"short_writes":0,"send_errors":0,"peer_aborts":0,"bytes_sent":77004,"zc_sends":0,"zc_bytes":0,"zc_releases":0,"serves":2189,"serves_empty":129},"tls":{"accepts":0,"handshakes_completed":0,"handshakes_started":0,"handshakes_failed":0,"connections_freed":0,"want_read":0,"want_write":0,"ciphertext_input_bytes":0,"plaintext_input_bytes":0,"ciphertext_output_bytes":0,"plaintext_output_bytes":0,"zc_suppressed":0,"ktls_active":0,"ktls_fallback":0},"stuck":{"live_conns":0,"rob_not_quiesced":0,"unsent_bytes_pending":0,"slots_done":0,"slots_issued":0,"slots_free":0,"flag_set":0},"epoll":{"enabled":false,"events":0,"recvs":0},"persistence":{"enabled":false,"recording":false,"failed":false,"drain_gave_up":false,"posted":0,"flushed":0,"durable":0,"refused":0,"pending_chunks":0,"records_written":0,"producers_with_pending":0,"producers_stopped":0,"producers_expected":0,"completions_pending":0},"accept":{"accepts":1,"accept_err":0,"rearm":0,"sqe_starved":0,"notify_drop":0}}
