topology: 1 L3 domain(s)
  domain  0: 8 cpus [112,113,114,115,116,117,118,119]
tomokv-cpp: 8 unified threads, 16 shard(s), thread-mode=1s, overlap=0 (executor prefetch; ordinary IO), io_uring, alloc=jemalloc, reorder=0, read-local=1
  thread t0: role=unified cpu=112 L3=0 shards=2 send=self
  thread t1: role=unified cpu=113 L3=0 shards=2 send=self
  thread t2: role=unified cpu=114 L3=0 shards=2 send=self
  thread t3: role=unified cpu=115 L3=0 shards=2 send=self
  thread t4: role=unified cpu=116 L3=0 shards=2 send=self
  thread t5: role=unified cpu=117 L3=0 shards=2 send=self
  thread t6: role=unified cpu=118 L3=0 shards=2 send=self
  thread t7: role=unified cpu=119 L3=0 shards=2 send=self
listening on 127.0.0.1:18340
persistence: enabled=0 posted=0 flushed=0 durable=0 refused=0 pending_chunks=0 producers_with_pending=0 drain_gave_up=0 failed=0

thread role          ops      iters   busy_ms   idle_ms    cpu_ms   wake_tx  wake_rx
t0     uni             7        192       0.2     285.8       0.9         4        9
io_tenure t0/0 busy_ns=218381 idle_ns=285768882 entry_ns=3160530685483334 begin_ns=3160530685483364 end_ns=3160530971470627 exit_ns=3160530971470757 role_exit=0 stopped=1
t1     uni             3        245       0.3     285.7       1.0         2        5
io_tenure t1/0 busy_ns=327040 idle_ns=285658133 entry_ns=3160530685481894 begin_ns=3160530685481924 end_ns=3160530971467097 exit_ns=3160530971467247 role_exit=0 stopped=1
t2     uni             2        162       0.2     285.8       0.7         1        2
io_tenure t2/0 busy_ns=151679 idle_ns=285832594 entry_ns=3160530685487244 begin_ns=3160530685487274 end_ns=3160530971471547 exit_ns=3160530971471707 role_exit=0 stopped=1
t3     uni             6         94       0.8     285.2       1.4         9       13
io_tenure t3/0 busy_ns=812773 idle_ns=285154430 entry_ns=3160530685500284 begin_ns=3160530685500314 end_ns=3160530971467517 exit_ns=3160530971467637 role_exit=0 stopped=1
t4     uni             2        172       0.4     285.6       1.1         0        1
io_tenure t4/0 busy_ns=429823 idle_ns=285565080 entry_ns=3160530685482734 begin_ns=3160530685482764 end_ns=3160530971477667 exit_ns=3160530971477717 role_exit=0 stopped=1
t5     uni             2        175       0.2     285.8       0.7         1        2
io_tenure t5/0 busy_ns=155822 idle_ns=285826001 entry_ns=3160530685484304 begin_ns=3160530685484334 end_ns=3160530971466157 exit_ns=3160530971466287 role_exit=0 stopped=1
t6     uni             2        152       0.1     285.8       0.6         0        1
io_tenure t6/0 busy_ns=149219 idle_ns=285837174 entry_ns=3160530685479154 begin_ns=3160530685479184 end_ns=3160530971465577 exit_ns=3160530971465707 role_exit=0 stopped=1
t7     uni             2        117       0.1     285.8       0.7         0        1
io_tenure t7/0 busy_ns=149001 idle_ns=285837282 entry_ns=3160530685479464 begin_ns=3160530685479494 end_ns=3160530971465777 exit_ns=3160530971465907 role_exit=0 stopped=1
wb: retired=10 direct=1 sends=10/10 short=0 err=0 peer_aborts=0 bytes=10900 zc_sends=0 zc_bytes=0 zc_releases=0 serves=12 empty=2
tls: accepts=0 handshakes=0/0 failed=0 freed=0 want_read=0 want_write=0 cipher_in=0 plain_in=0 cipher_out=0 plain_out=0 zc_suppressed=0 ktls_active=0 ktls_fallback=0
stuck: live_conns=0 rob_not_quiesced=0 unsent_bytes_pending=0 | slots done=0 issued=0 free=0 flag_set=0
shutdown: unified_work=26 accepts=3 accept_err=0 rearm=0 sqe_starved=0 notify_drop=0
shutdown_report {"schema":1,"thread_mode":"1s","work":{"kind":"fused","unified":26},"threads":[{"tid":0,"role":"fused","ops":7,"iterations":192,"busy_ns":218381,"idle_ns":285768882,"cpu_ns":875579,"wake_tx":4,"wake_rx":9,"io_tenures":[{"entry_ns":3160530685483334,"begin_ns":3160530685483364,"end_ns":3160530971470627,"exit_ns":3160530971470757,"busy_ns":218381,"idle_ns":285768882,"role_exit":false,"stopped":true,"did_submit":0,"sweep_submit":0,"park":0}]},{"tid":1,"role":"fused","ops":3,"iterations":245,"busy_ns":327040,"idle_ns":285658133,"cpu_ns":953458,"wake_tx":2,"wake_rx":5,"io_tenures":[{"entry_ns":3160530685481894,"begin_ns":3160530685481924,"end_ns":3160530971467097,"exit_ns":3160530971467247,"busy_ns":327040,"idle_ns":285658133,"role_exit":false,"stopped":true,"did_submit":0,"sweep_submit":0,"park":0}]},{"tid":2,"role":"fused","ops":2,"iterations":162,"busy_ns":151679,"idle_ns":285832594,"cpu_ns":672995,"wake_tx":1,"wake_rx":2,"io_tenures":[{"entry_ns":3160530685487244,"begin_ns":3160530685487274,"end_ns":3160530971471547,"exit_ns":3160530971471707,"busy_ns":151679,"idle_ns":285832594,"role_exit":false,"stopped":true,"did_submit":0,"sweep_submit":0,"park":0}]},{"tid":3,"role":"fused","ops":6,"iterations":94,"busy_ns":812773,"idle_ns":285154430,"cpu_ns":1448369,"wake_tx":9,"wake_rx":13,"io_tenures":[{"entry_ns":3160530685500284,"begin_ns":3160530685500314,"end_ns":3160530971467517,"exit_ns":3160530971467637,"busy_ns":812773,"idle_ns":285154430,"role_exit":false,"stopped":true,"did_submit":0,"sweep_submit":0,"park":0}]},{"tid":4,"role":"fused","ops":2,"iterations":172,"busy_ns":429823,"idle_ns":285565080,"cpu_ns":1050593,"wake_tx":0,"wake_rx":1,"io_tenures":[{"entry_ns":3160530685482734,"begin_ns":3160530685482764,"end_ns":3160530971477667,"exit_ns":3160530971477717,"busy_ns":429823,"idle_ns":285565080,"role_exit":false,"stopped":true,"did_submit":0,"sweep_submit":0,"park":0}]},{"tid":5,"role":"fused","ops":2,"iterations":175,"busy_ns":155822,"idle_ns":285826001,"cpu_ns":715842,"wake_tx":1,"wake_rx":2,"io_tenures":[{"entry_ns":3160530685484304,"begin_ns":3160530685484334,"end_ns":3160530971466157,"exit_ns":3160530971466287,"busy_ns":155822,"idle_ns":285826001,"role_exit":false,"stopped":true,"did_submit":0,"sweep_submit":0,"park":0}]},{"tid":6,"role":"fused","ops":2,"iterations":152,"busy_ns":149219,"idle_ns":285837174,"cpu_ns":643022,"wake_tx":0,"wake_rx":1,"io_tenures":[{"entry_ns":3160530685479154,"begin_ns":3160530685479184,"end_ns":3160530971465577,"exit_ns":3160530971465707,"busy_ns":149219,"idle_ns":285837174,"role_exit":false,"stopped":true,"did_submit":0,"sweep_submit":0,"park":0}]},{"tid":7,"role":"fused","ops":2,"iterations":117,"busy_ns":149001,"idle_ns":285837282,"cpu_ns":656811,"wake_tx":0,"wake_rx":1,"io_tenures":[{"entry_ns":3160530685479464,"begin_ns":3160530685479494,"end_ns":3160530971465777,"exit_ns":3160530971465907,"busy_ns":149001,"idle_ns":285837282,"role_exit":false,"stopped":true,"did_submit":0,"sweep_submit":0,"park":0}]}],"wb":{"retired":10,"direct":1,"sends_completed":10,"sends_submitted":10,"short_writes":0,"send_errors":0,"peer_aborts":0,"bytes_sent":10900,"zc_sends":0,"zc_bytes":0,"zc_releases":0,"serves":12,"serves_empty":2},"tls":{"accepts":0,"handshakes_completed":0,"handshakes_started":0,"handshakes_failed":0,"connections_freed":0,"want_read":0,"want_write":0,"ciphertext_input_bytes":0,"plaintext_input_bytes":0,"ciphertext_output_bytes":0,"plaintext_output_bytes":0,"zc_suppressed":0,"ktls_active":0,"ktls_fallback":0},"stuck":{"live_conns":0,"rob_not_quiesced":0,"unsent_bytes_pending":0,"slots_done":0,"slots_issued":0,"slots_free":0,"flag_set":0},"epoll":{"enabled":false,"events":0,"recvs":0},"persistence":{"enabled":false,"recording":false,"failed":false,"drain_gave_up":false,"posted":0,"flushed":0,"durable":0,"refused":0,"pending_chunks":0,"records_written":0,"producers_with_pending":0,"producers_stopped":0,"producers_expected":0,"completions_pending":0},"accept":{"accepts":3,"accept_err":0,"rearm":0,"sqe_starved":0,"notify_drop":0}}
