topology: 1 L3 domain(s)
  domain  0: 8 cpus [120,121,122,123,124,125,126,127]
tomokv-cpp: 8 unified threads, 16 shard(s), thread-mode=1s, overlap=0 (executor prefetch; ordinary IO), io_uring, alloc=jemalloc, reorder=0, read-local=1
  thread t0: role=unified cpu=120 L3=0 shards=2 send=self
  thread t1: role=unified cpu=121 L3=0 shards=2 send=self
  thread t2: role=unified cpu=122 L3=0 shards=2 send=self
  thread t3: role=unified cpu=123 L3=0 shards=2 send=self
  thread t4: role=unified cpu=124 L3=0 shards=2 send=self
  thread t5: role=unified cpu=125 L3=0 shards=2 send=self
  thread t6: role=unified cpu=126 L3=0 shards=2 send=self
  thread t7: role=unified cpu=127 L3=0 shards=2 send=self
listening on 127.0.0.1:18179
persistence: enabled=0 posted=0 flushed=0 durable=0 refused=0 pending_chunks=0 producers_with_pending=0 drain_gave_up=0 failed=0

thread role          ops      iters   busy_ms   idle_ms    cpu_ms   wake_tx  wake_rx
t0     uni            79      22436      15.0    5747.1      16.6        21       68
io_tenure t0/0 busy_ns=14985499 idle_ns=5747094622 entry_ns=2986552276904001 begin_ns=2986552276904031 end_ns=2986558038984152 exit_ns=2986558038984192 role_exit=0 stopped=1
t1     uni            76      32197      19.3    5742.8      20.7        10       56
io_tenure t1/0 busy_ns=19299556 idle_ns=5742784856 entry_ns=2986552276902081 begin_ns=2986552276902110 end_ns=2986558038986522 exit_ns=2986558038986652 role_exit=0 stopped=1
t2     uni            75      61622      36.6    5725.4      38.0        19       62
io_tenure t2/0 busy_ns=36634359 idle_ns=5725368112 entry_ns=2986552276985771 begin_ns=2986552276985801 end_ns=2986558038988272 exit_ns=2986558038988402 role_exit=0 stopped=1
t3     uni          4203      58956     174.2    5587.9     188.9       205      238
io_tenure t3/0 busy_ns=174225742 idle_ns=5587855609 entry_ns=2986552276901350 begin_ns=2986552276901381 end_ns=2986558038982732 exit_ns=2986558038982881 role_exit=0 stopped=1
t4     uni            80      28311      17.8    5744.2      19.2        18       61
io_tenure t4/0 busy_ns=17842960 idle_ns=5744239971 entry_ns=2986552276903691 begin_ns=2986552276903721 end_ns=2986558038986652 exit_ns=2986558038986782 role_exit=0 stopped=1
t5     uni            70      12037       8.7    5753.4      10.1        17       54
io_tenure t5/0 busy_ns=8687724 idle_ns=5753398907 entry_ns=2986552276904941 begin_ns=2986552276904971 end_ns=2986558038991602 exit_ns=2986558038991722 role_exit=0 stopped=1
t6     uni            70       4783       4.9    5757.2       6.3        15       54
io_tenure t6/0 busy_ns=4907372 idle_ns=5757172299 entry_ns=2986552276902681 begin_ns=2986552276902701 end_ns=2986558038982372 exit_ns=2986558038982501 role_exit=0 stopped=1
t7     uni            77       4726       4.8    5757.3       6.3        26       69
io_tenure t7/0 busy_ns=4779556 idle_ns=5757299795 entry_ns=2986552276905811 begin_ns=2986552276905941 end_ns=2986558038985292 exit_ns=2986558038985422 role_exit=0 stopped=1
wb: retired=3361 direct=2048 sends=3361/3361 short=0 err=0 peer_aborts=0 bytes=6338379 zc_sends=0 zc_bytes=0 zc_releases=0 serves=3397 empty=36
tls: accepts=0 handshakes=0/0 failed=0 freed=0 want_read=0 want_write=0 cipher_in=0 plain_in=0 cipher_out=0 plain_out=0 zc_suppressed=0 ktls_active=0 ktls_fallback=0
stuck: live_conns=1 rob_not_quiesced=0 unsent_bytes_pending=0 | slots done=0 issued=0 free=0 flag_set=0
shutdown: unified_work=4730 accepts=50 accept_err=0 rearm=0 sqe_starved=0 notify_drop=0
shutdown_report {"schema":1,"thread_mode":"1s","work":{"kind":"fused","unified":4730},"threads":[{"tid":0,"role":"fused","ops":79,"iterations":22436,"busy_ns":14985499,"idle_ns":5747094622,"cpu_ns":16568728,"wake_tx":21,"wake_rx":68,"io_tenures":[{"entry_ns":2986552276904001,"begin_ns":2986552276904031,"end_ns":2986558038984152,"exit_ns":2986558038984192,"busy_ns":14985499,"idle_ns":5747094622,"role_exit":false,"stopped":true,"did_submit":0,"sweep_submit":0,"park":0}]},{"tid":1,"role":"fused","ops":76,"iterations":32197,"busy_ns":19299556,"idle_ns":5742784856,"cpu_ns":20701444,"wake_tx":10,"wake_rx":56,"io_tenures":[{"entry_ns":2986552276902081,"begin_ns":2986552276902110,"end_ns":2986558038986522,"exit_ns":2986558038986652,"busy_ns":19299556,"idle_ns":5742784856,"role_exit":false,"stopped":true,"did_submit":0,"sweep_submit":0,"park":0}]},{"tid":2,"role":"fused","ops":75,"iterations":61622,"busy_ns":36634359,"idle_ns":5725368112,"cpu_ns":38016564,"wake_tx":19,"wake_rx":62,"io_tenures":[{"entry_ns":2986552276985771,"begin_ns":2986552276985801,"end_ns":2986558038988272,"exit_ns":2986558038988402,"busy_ns":36634359,"idle_ns":5725368112,"role_exit":false,"stopped":true,"did_submit":0,"sweep_submit":0,"park":0}]},{"tid":3,"role":"fused","ops":4203,"iterations":58956,"busy_ns":174225742,"idle_ns":5587855609,"cpu_ns":188871600,"wake_tx":205,"wake_rx":238,"io_tenures":[{"entry_ns":2986552276901350,"begin_ns":2986552276901381,"end_ns":2986558038982732,"exit_ns":2986558038982881,"busy_ns":174225742,"idle_ns":5587855609,"role_exit":false,"stopped":true,"did_submit":0,"sweep_submit":0,"park":0}]},{"tid":4,"role":"fused","ops":80,"iterations":28311,"busy_ns":17842960,"idle_ns":5744239971,"cpu_ns":19229398,"wake_tx":18,"wake_rx":61,"io_tenures":[{"entry_ns":2986552276903691,"begin_ns":2986552276903721,"end_ns":2986558038986652,"exit_ns":2986558038986782,"busy_ns":17842960,"idle_ns":5744239971,"role_exit":false,"stopped":true,"did_submit":0,"sweep_submit":0,"park":0}]},{"tid":5,"role":"fused","ops":70,"iterations":12037,"busy_ns":8687724,"idle_ns":5753398907,"cpu_ns":10110969,"wake_tx":17,"wake_rx":54,"io_tenures":[{"entry_ns":2986552276904941,"begin_ns":2986552276904971,"end_ns":2986558038991602,"exit_ns":2986558038991722,"busy_ns":8687724,"idle_ns":5753398907,"role_exit":false,"stopped":true,"did_submit":0,"sweep_submit":0,"park":0}]},{"tid":6,"role":"fused","ops":70,"iterations":4783,"busy_ns":4907372,"idle_ns":5757172299,"cpu_ns":6263352,"wake_tx":15,"wake_rx":54,"io_tenures":[{"entry_ns":2986552276902681,"begin_ns":2986552276902701,"end_ns":2986558038982372,"exit_ns":2986558038982501,"busy_ns":4907372,"idle_ns":5757172299,"role_exit":false,"stopped":true,"did_submit":0,"sweep_submit":0,"park":0}]},{"tid":7,"role":"fused","ops":77,"iterations":4726,"busy_ns":4779556,"idle_ns":5757299795,"cpu_ns":6298791,"wake_tx":26,"wake_rx":69,"io_tenures":[{"entry_ns":2986552276905811,"begin_ns":2986552276905941,"end_ns":2986558038985292,"exit_ns":2986558038985422,"busy_ns":4779556,"idle_ns":5757299795,"role_exit":false,"stopped":true,"did_submit":0,"sweep_submit":0,"park":0}]}],"wb":{"retired":3361,"direct":2048,"sends_completed":3361,"sends_submitted":3361,"short_writes":0,"send_errors":0,"peer_aborts":0,"bytes_sent":6338379,"zc_sends":0,"zc_bytes":0,"zc_releases":0,"serves":3397,"serves_empty":36},"tls":{"accepts":0,"handshakes_completed":0,"handshakes_started":0,"handshakes_failed":0,"connections_freed":0,"want_read":0,"want_write":0,"ciphertext_input_bytes":0,"plaintext_input_bytes":0,"ciphertext_output_bytes":0,"plaintext_output_bytes":0,"zc_suppressed":0,"ktls_active":0,"ktls_fallback":0},"stuck":{"live_conns":1,"rob_not_quiesced":0,"unsent_bytes_pending":0,"slots_done":0,"slots_issued":0,"slots_free":0,"flag_set":0},"epoll":{"enabled":false,"events":0,"recvs":0},"persistence":{"enabled":false,"recording":false,"failed":false,"drain_gave_up":false,"posted":0,"flushed":0,"durable":0,"refused":0,"pending_chunks":0,"records_written":0,"producers_with_pending":0,"producers_stopped":0,"producers_expected":0,"completions_pending":0},"accept":{"accepts":50,"accept_err":0,"rearm":0,"sqe_starved":0,"notify_drop":0}}
