GATE(iteration): 16 physical cores; 1 correctness slots = min(8/8 server, 8/2 load), 8 server threads at ratio 6:2 and 3 ports per slot; correctness load is modest protocol traffic (at least 2 physical cores per slot), server SMT reserved; isolated ABBA smoke: 8 server + 8 load physical cores, 0 load SMT threads (explicit selection), 0 explicit server SMT threads
  artifacts: /home/user/Projects/cx-psfix/build/gate-run.rA4vCU
PARTIAL jobs (including prerequisites): release config_unit aof-epoll aof-uring
PARTIAL jobs (including prerequisites): release config_unit aof-epoll aof-uring
  row budget: 900s; median=0.04s; correctness-plan-fallback; mechanism-floor=900s (cold cache state not distinguished); release build (+footprint locks)
  release build (+footprint locks)                     ok
  row budget: 900s; median=0.32s; correctness-plan-fallback; configuration docs match parser
  configuration docs match parser                      ok
  row budget: 900s; median=6.12s; correctness-plan-fallback; Redis config quoting + mid-value #
PASS documented config example: parser, defaults, 6:2 placement, 16 shards
boot presentation: 512 resolved cells, eight placement witnesses each
  Redis config quoting + mid-value #                   ok
  row budget: 900s; median=0.13s; correctness-plan-fallback; configuration reduction + actual geometry (epoll, atomic 0)
  configuration reduction + actual geometry (epoll, atomic 0) ok
  row budget: 900s; median=0.55s; correctness-plan-fallback; AOF byte-exact + script groups + DEBUG LOADAOF (epoll, atomic 0)
  AOF byte-exact + script groups + DEBUG LOADAOF (epoll, atomic 0) ok
  row budget: 900s; median=0.04s; correctness-plan-fallback; AOF writer fired (records=N)
  AOF writer fired (records=977)                       ok
  row budget: 900s; median=0.045s; correctness-plan-fallback; AOF process-restart script replay (epoll, atomic 0)
  AOF process-restart script replay (epoll, atomic 0)  ok
  row budget: 900s; median=0.04s; correctness-plan-fallback; AOF native snapshot streams byte-exact
  AOF native snapshot streams byte-exact               ok
  row budget: 900s; median=0.01s; correctness-plan-fallback; AOF replay fired (records=N skipped=N)
  AOF replay fired (records=977 skipped=0)             ok
  row budget: 900s; median=0.1s; correctness-plan-fallback; configuration reduction + actual geometry (epoll, atomic 1)
  configuration reduction + actual geometry (epoll, atomic 1) ok
  row budget: 900s; median=0.49s; correctness-plan-fallback; AOF byte-exact + script groups + DEBUG LOADAOF (epoll, atomic 1)
  AOF byte-exact + script groups + DEBUG LOADAOF (epoll, atomic 1) ok
  row budget: 900s; median=0.04s; correctness-plan-fallback; AOF writer fired (records=N)
  AOF writer fired (records=978)                       ok
  row budget: 900s; median=0.07s; correctness-plan-fallback; AOF process-restart script replay (epoll, atomic 1)
  AOF process-restart script replay (epoll, atomic 1)  ok
  row budget: 900s; median=0.04s; correctness-plan-fallback; AOF native snapshot streams byte-exact
  AOF native snapshot streams byte-exact               ok
  row budget: 900s; median=0.01s; correctness-plan-fallback; AOF replay fired (records=N skipped=N)
  AOF replay fired (records=978 skipped=0)             ok
  row budget: 900s; median=0.35s; correctness-plan-fallback; AOF directed group interruption fired
  AOF directed group interruption fired                ok
  row budget: 900s; median=0.05s; correctness-plan-fallback; AOF atomic-group recovery + writer order
  AOF atomic-group recovery + writer order             ok
  row budget: 900s; median=0.02s; correctness-plan-fallback; AOF group shutdown invariants
  AOF group shutdown invariants                        ok
  row budget: 900s; median=0.91s; correctness-plan-fallback; AOF always sync + reply gate fired
  AOF always sync + reply gate fired                   ok
  row budget: 900s; median=0.025s; correctness-plan-fallback; AOF always recovery after quiescent SIGKILL
  AOF always recovery after quiescent SIGKILL          ok
  row budget: 900s; median=4.12s; correctness-plan-fallback; AOF in-window kill recovery (2s, epoll)
  AOF in-window kill recovery (2s, epoll)              ok
  row budget: 900s; median=5.27s; correctness-plan-fallback; AOF in-window term recovery (2s, epoll)
  AOF in-window term recovery (2s, epoll)              ok
  row budget: 900s; median=3.705s; correctness-plan-fallback; AOF in-window kill recovery (1s, epoll)
  AOF in-window kill recovery (1s, epoll)              ok
  row budget: 900s; median=5.095s; correctness-plan-fallback; AOF in-window term recovery (1s, epoll)
  AOF in-window term recovery (1s, epoll)              ok
  row budget: 900s; median=2.16s; correctness-plan-fallback; AOF everysec write gate + idle sync fired
  AOF everysec write gate + idle sync fired            ok
  row budget: 900s; median=0.03s; correctness-plan-fallback; AOF everysec durability window + tail warning
  AOF everysec durability window + tail warning        ok
  row budget: 900s; median=0.03s; correctness-plan-fallback; AOF no-sync bypassed sync + reply gate
  AOF no-sync bypassed sync + reply gate               ok
  row budget: 900s; median=7.845s; correctness-plan-fallback; AOF rewrite atomic/stage/corruption matrix
  AOF rewrite atomic/stage/corruption matrix           ok
  row budget: 900s; median=8.755s; correctness-plan-fallback; AOF rewrite triggers + observability matrix
  AOF rewrite triggers + observability matrix          ok
  row budget: 900s; median=0.01s; correctness-plan-fallback; AOF-off negative-control seed landed
  AOF-off negative-control seed landed                 ok
  row budget: 900s; median=0.005s; correctness-plan-fallback; AOF-off negative control lost data
  AOF-off negative control lost data                   ok
  row budget: 900s; median=0.1s; correctness-plan-fallback; configuration reduction + actual geometry (uring, atomic 0)
  configuration reduction + actual geometry (uring, atomic 0) ok
  row budget: 900s; median=0.465s; correctness-plan-fallback; AOF byte-exact + script groups + DEBUG LOADAOF (uring, atomic 0)
  AOF byte-exact + script groups + DEBUG LOADAOF (uring, atomic 0) ok
  row budget: 900s; median=0.04s; correctness-plan-fallback; AOF writer fired (records=N)
  AOF writer fired (records=977)                       ok
  row budget: 900s; median=0.05s; correctness-plan-fallback; AOF process-restart script replay (uring, atomic 0)
  AOF process-restart script replay (uring, atomic 0)  ok
  row budget: 900s; median=0.04s; correctness-plan-fallback; AOF native snapshot streams byte-exact
  AOF native snapshot streams byte-exact               ok
  row budget: 900s; median=0.01s; correctness-plan-fallback; AOF replay fired (records=N skipped=N)
  AOF replay fired (records=977 skipped=0)             ok
  row budget: 900s; median=0.085s; correctness-plan-fallback; configuration reduction + actual geometry (uring, atomic 1)
  configuration reduction + actual geometry (uring, atomic 1) ok
  row budget: 900s; median=0.45s; correctness-plan-fallback; AOF byte-exact + script groups + DEBUG LOADAOF (uring, atomic 1)
  AOF byte-exact + script groups + DEBUG LOADAOF (uring, atomic 1) ok
  row budget: 900s; median=0.04s; correctness-plan-fallback; AOF writer fired (records=N)
  AOF writer fired (records=978)                       ok
  row budget: 900s; median=0.04s; correctness-plan-fallback; AOF process-restart script replay (uring, atomic 1)
  AOF process-restart script replay (uring, atomic 1)  ok
  row budget: 900s; median=0.04s; correctness-plan-fallback; AOF native snapshot streams byte-exact
  AOF native snapshot streams byte-exact               ok
  row budget: 900s; median=0.01s; correctness-plan-fallback; AOF replay fired (records=N skipped=N)
  AOF replay fired (records=978 skipped=0)             ok
  row budget: 900s; median=0.35s; correctness-plan-fallback; AOF directed group interruption fired
  AOF directed group interruption fired                ok
  row budget: 900s; median=0.05s; correctness-plan-fallback; AOF atomic-group recovery + writer order
  AOF atomic-group recovery + writer order             ok
  row budget: 900s; median=0.02s; correctness-plan-fallback; AOF group shutdown invariants
  AOF group shutdown invariants                        ok
  row budget: 900s; median=0.91s; correctness-plan-fallback; AOF always sync + reply gate fired
  AOF always sync + reply gate fired                   ok
  row budget: 900s; median=0.025s; correctness-plan-fallback; AOF always recovery after quiescent SIGKILL
  AOF always recovery after quiescent SIGKILL          ok
  row budget: 900s; median=4.135s; correctness-plan-fallback; AOF in-window kill recovery (2s, uring)
  AOF in-window kill recovery (2s, uring)              ok
  row budget: 900s; median=5.08s; correctness-plan-fallback; AOF in-window term recovery (2s, uring)
  AOF in-window term recovery (2s, uring)              ok
  row budget: 900s; median=3.655s; correctness-plan-fallback; AOF in-window kill recovery (1s, uring)
  AOF in-window kill recovery (1s, uring)              ok
  row budget: 900s; median=5.775s; correctness-plan-fallback; AOF in-window term recovery (1s, uring)
  AOF in-window term recovery (1s, uring)              ok
  row budget: 900s; median=2.16s; correctness-plan-fallback; AOF everysec write gate + idle sync fired
  AOF everysec write gate + idle sync fired            ok
  row budget: 900s; median=0.03s; correctness-plan-fallback; AOF everysec durability window + tail warning
  AOF everysec durability window + tail warning        ok
  row budget: 900s; median=0.03s; correctness-plan-fallback; AOF no-sync bypassed sync + reply gate
  AOF no-sync bypassed sync + reply gate               ok
  row budget: 900s; median=7.845s; correctness-plan-fallback; AOF rewrite atomic/stage/corruption matrix
  AOF rewrite atomic/stage/corruption matrix           ok
  row budget: 900s; median=8.755s; correctness-plan-fallback; AOF rewrite triggers + observability matrix
  AOF rewrite triggers + observability matrix          ok
  row budget: 900s; median=0.01s; correctness-plan-fallback; AOF-off negative-control seed landed
  AOF-off negative-control seed landed                 ok
  row budget: 900s; median=0.005s; correctness-plan-fallback; AOF-off negative control lost data
  AOF-off negative control lost data                   ok
GATE(PARTIAL): 59 ok, 0 FAIL; no EXPECT tally, ABBA, NIC or receipt; ledger: /home/user/Projects/cx-psfix/build/psfix2/gate-config-ledger.tsv.partial
