topology: 1 L3 domain(s)
  domain  0: 8 cpus [112,113,114,115,116,117,118,119]
tomokv-cpp: 8 unified threads, 16 shard(s), thread-mode=1s, overlap=0 (executor prefetch; ordinary IO), io_uring, alloc=jemalloc, reorder=0, read-local=1
  thread t0: role=unified cpu=112 L3=0 shards=2 send=self
  thread t1: role=unified cpu=113 L3=0 shards=2 send=self
  thread t2: role=unified cpu=114 L3=0 shards=2 send=self
  thread t3: role=unified cpu=115 L3=0 shards=2 send=self
  thread t4: role=unified cpu=116 L3=0 shards=2 send=self
  thread t5: role=unified cpu=117 L3=0 shards=2 send=self
  thread t6: role=unified cpu=118 L3=0 shards=2 send=self
  thread t7: role=unified cpu=119 L3=0 shards=2 send=self
listening on 127.0.0.1:18340
persistence: enabled=0 posted=0 flushed=0 durable=0 refused=0 pending_chunks=0 producers_with_pending=0 drain_gave_up=0 failed=0

thread role          ops      iters   busy_ms   idle_ms    cpu_ms   wake_tx  wake_rx
t0     uni             2        222       0.4    2359.8       1.3         1        2
io_tenure t0/0 busy_ns=397375 idle_ns=2359815150 entry_ns=3160521326761306 begin_ns=3160521326761336 end_ns=3160523686973861 exit_ns=3160523686973981 role_exit=0 stopped=1
t1     uni             2        218       0.4    2359.8       1.3         0        1
io_tenure t1/0 busy_ns=421263 idle_ns=2359806392 entry_ns=3160521326752136 begin_ns=3160521326752156 end_ns=3160523686979811 exit_ns=3160523686979841 role_exit=0 stopped=1
t2     uni             2        202       0.5    2359.8       1.2         0        1
io_tenure t2/0 busy_ns=456578 idle_ns=2359770007 entry_ns=3160521326750136 begin_ns=3160521326750166 end_ns=3160523686976751 exit_ns=3160523686976781 role_exit=0 stopped=1
t3     uni             2        227       0.4    2359.8       1.2         0        1
io_tenure t3/0 busy_ns=407361 idle_ns=2359812284 entry_ns=3160521326754826 begin_ns=3160521326754846 end_ns=3160523686974491 exit_ns=3160523686974751 role_exit=0 stopped=1
t4     uni            11        159       1.2    2359.0       2.1         7        8
io_tenure t4/0 busy_ns=1195384 idle_ns=2359028352 entry_ns=3160521326746635 begin_ns=3160521326746655 end_ns=3160523686970391 exit_ns=3160523686970421 role_exit=0 stopped=1
t5     uni             2        204       0.4    2359.8       1.2         0        1
io_tenure t5/0 busy_ns=404517 idle_ns=2359803698 entry_ns=3160521326763316 begin_ns=3160521326763346 end_ns=3160523686971561 exit_ns=3160523686971601 role_exit=0 stopped=1
t6     uni             2        187       0.4    2359.8       1.2         0        1
io_tenure t6/0 busy_ns=412556 idle_ns=2359809620 entry_ns=3160521326748335 begin_ns=3160521326748355 end_ns=3160523686970531 exit_ns=3160523686970661 role_exit=0 stopped=1
t7     uni             2        231       0.7    2359.5       1.5         0        1
io_tenure t7/0 busy_ns=669701 idle_ns=2359535244 entry_ns=3160521326765276 begin_ns=3160521326765306 end_ns=3160523686970251 exit_ns=3160523686970471 role_exit=0 stopped=1
wb: retired=9 direct=1 sends=8/8 short=0 err=0 peer_aborts=0 bytes=10824 zc_sends=0 zc_bytes=0 zc_releases=0 serves=12 empty=3
tls: accepts=0 handshakes=0/0 failed=0 freed=0 want_read=0 want_write=0 cipher_in=0 plain_in=0 cipher_out=0 plain_out=0 zc_suppressed=0 ktls_active=0 ktls_fallback=0
stuck: live_conns=0 rob_not_quiesced=0 unsent_bytes_pending=0 | slots done=0 issued=0 free=0 flag_set=0
shutdown: unified_work=25 accepts=3 accept_err=0 rearm=0 sqe_starved=0 notify_drop=0
shutdown_report {"schema":1,"thread_mode":"1s","work":{"kind":"fused","unified":25},"threads":[{"tid":0,"role":"fused","ops":2,"iterations":222,"busy_ns":397375,"idle_ns":2359815150,"cpu_ns":1306593,"wake_tx":1,"wake_rx":2,"io_tenures":[{"entry_ns":3160521326761306,"begin_ns":3160521326761336,"end_ns":3160523686973861,"exit_ns":3160523686973981,"busy_ns":397375,"idle_ns":2359815150,"role_exit":false,"stopped":true,"did_submit":0,"sweep_submit":0,"park":0}]},{"tid":1,"role":"fused","ops":2,"iterations":218,"busy_ns":421263,"idle_ns":2359806392,"cpu_ns":1272937,"wake_tx":0,"wake_rx":1,"io_tenures":[{"entry_ns":3160521326752136,"begin_ns":3160521326752156,"end_ns":3160523686979811,"exit_ns":3160523686979841,"busy_ns":421263,"idle_ns":2359806392,"role_exit":false,"stopped":true,"did_submit":0,"sweep_submit":0,"park":0}]},{"tid":2,"role":"fused","ops":2,"iterations":202,"busy_ns":456578,"idle_ns":2359770007,"cpu_ns":1194137,"wake_tx":0,"wake_rx":1,"io_tenures":[{"entry_ns":3160521326750136,"begin_ns":3160521326750166,"end_ns":3160523686976751,"exit_ns":3160523686976781,"busy_ns":456578,"idle_ns":2359770007,"role_exit":false,"stopped":true,"did_submit":0,"sweep_submit":0,"park":0}]},{"tid":3,"role":"fused","ops":2,"iterations":227,"busy_ns":407361,"idle_ns":2359812284,"cpu_ns":1235857,"wake_tx":0,"wake_rx":1,"io_tenures":[{"entry_ns":3160521326754826,"begin_ns":3160521326754846,"end_ns":3160523686974491,"exit_ns":3160523686974751,"busy_ns":407361,"idle_ns":2359812284,"role_exit":false,"stopped":true,"did_submit":0,"sweep_submit":0,"park":0}]},{"tid":4,"role":"fused","ops":11,"iterations":159,"busy_ns":1195384,"idle_ns":2359028352,"cpu_ns":2054530,"wake_tx":7,"wake_rx":8,"io_tenures":[{"entry_ns":3160521326746635,"begin_ns":3160521326746655,"end_ns":3160523686970391,"exit_ns":3160523686970421,"busy_ns":1195384,"idle_ns":2359028352,"role_exit":false,"stopped":true,"did_submit":0,"sweep_submit":0,"park":0}]},{"tid":5,"role":"fused","ops":2,"iterations":204,"busy_ns":404517,"idle_ns":2359803698,"cpu_ns":1237100,"wake_tx":0,"wake_rx":1,"io_tenures":[{"entry_ns":3160521326763316,"begin_ns":3160521326763346,"end_ns":3160523686971561,"exit_ns":3160523686971601,"busy_ns":404517,"idle_ns":2359803698,"role_exit":false,"stopped":true,"did_submit":0,"sweep_submit":0,"park":0}]},{"tid":6,"role":"fused","ops":2,"iterations":187,"busy_ns":412556,"idle_ns":2359809620,"cpu_ns":1235719,"wake_tx":0,"wake_rx":1,"io_tenures":[{"entry_ns":3160521326748335,"begin_ns":3160521326748355,"end_ns":3160523686970531,"exit_ns":3160523686970661,"busy_ns":412556,"idle_ns":2359809620,"role_exit":false,"stopped":true,"did_submit":0,"sweep_submit":0,"park":0}]},{"tid":7,"role":"fused","ops":2,"iterations":231,"busy_ns":669701,"idle_ns":2359535244,"cpu_ns":1543757,"wake_tx":0,"wake_rx":1,"io_tenures":[{"entry_ns":3160521326765276,"begin_ns":3160521326765306,"end_ns":3160523686970251,"exit_ns":3160523686970471,"busy_ns":669701,"idle_ns":2359535244,"role_exit":false,"stopped":true,"did_submit":0,"sweep_submit":0,"park":0}]}],"wb":{"retired":9,"direct":1,"sends_completed":8,"sends_submitted":8,"short_writes":0,"send_errors":0,"peer_aborts":0,"bytes_sent":10824,"zc_sends":0,"zc_bytes":0,"zc_releases":0,"serves":12,"serves_empty":3},"tls":{"accepts":0,"handshakes_completed":0,"handshakes_started":0,"handshakes_failed":0,"connections_freed":0,"want_read":0,"want_write":0,"ciphertext_input_bytes":0,"plaintext_input_bytes":0,"ciphertext_output_bytes":0,"plaintext_output_bytes":0,"zc_suppressed":0,"ktls_active":0,"ktls_fallback":0},"stuck":{"live_conns":0,"rob_not_quiesced":0,"unsent_bytes_pending":0,"slots_done":0,"slots_issued":0,"slots_free":0,"flag_set":0},"epoll":{"enabled":false,"events":0,"recvs":0},"persistence":{"enabled":false,"recording":false,"failed":false,"drain_gave_up":false,"posted":0,"flushed":0,"durable":0,"refused":0,"pending_chunks":0,"records_written":0,"producers_with_pending":0,"producers_stopped":0,"producers_expected":0,"completions_pending":0},"accept":{"accepts":3,"accept_err":0,"rearm":0,"sqe_starved":0,"notify_drop":0}}
