test_128_shard_topology_from_saved_server_log (__main__.SelfTest.test_128_shard_topology_from_saved_server_log) ... ok
test_actuator_deltas_and_max_are_not_confused (__main__.SelfTest.test_actuator_deltas_and_max_are_not_confused) ... ok
test_balanced_cohort_placement_is_explicit_and_verified (__main__.SelfTest.test_balanced_cohort_placement_is_explicit_and_verified) ... ok
test_baseline_controller_specific_moves (__main__.SelfTest.test_baseline_controller_specific_moves) ... ok
test_baseline_raw_samples_and_last_window (__main__.SelfTest.test_baseline_raw_samples_and_last_window) ... ok
test_binomial_mix_and_exact_pass_limit (__main__.SelfTest.test_binomial_mix_and_exact_pass_limit) ... ok
test_client_baseline_one_final_move_requires_full_idle_window (__main__.SelfTest.test_client_baseline_one_final_move_requires_full_idle_window) ... ok
test_client_moves_after_spread_plateau_fail (__main__.SelfTest.test_client_moves_after_spread_plateau_fail) ... ok
test_client_spread_falling_with_late_moves_passes_but_flat_thrashes (__main__.SelfTest.test_client_spread_falling_with_late_moves_passes_but_flat_thrashes) ... ok
test_client_tail_trend_survives_endpoint_noise (__main__.SelfTest.test_client_tail_trend_survives_endpoint_noise) ... ok
test_comparison_cannot_hide_one_bad_metric (__main__.SelfTest.test_comparison_cannot_hide_one_bad_metric) ... ok
test_converges_and_counts_separately (__main__.SelfTest.test_converges_and_counts_separately) ... ok
test_cumulative_thrash_survives_late_drop (__main__.SelfTest.test_cumulative_thrash_survives_late_drop) ... ok
test_damping_campaign_geometry_and_six_rounds (__main__.SelfTest.test_damping_campaign_geometry_and_six_rounds) ... ok
test_dry_run_never_starts_processes_or_sockets (__main__.SelfTest.test_dry_run_never_starts_processes_or_sockets) ... ok
test_duplicate_ticks_and_reset (__main__.SelfTest.test_duplicate_ticks_and_reset) ... ok
test_envelope_frozen_and_baseline_motion_refused (__main__.SelfTest.test_envelope_frozen_and_baseline_motion_refused) ... ok
test_explicit_arms_receipt_binds_paths_hashes_and_itself (__main__.SelfTest.test_explicit_arms_receipt_binds_paths_hashes_and_itself) ... ok
test_failed_split_topology_from_saved_server_log (__main__.SelfTest.test_failed_split_topology_from_saved_server_log) ... ok
test_filtered_dry_run_has_no_unrequested_matrix_or_probes (__main__.SelfTest.test_filtered_dry_run_has_no_unrequested_matrix_or_probes) ... ok
test_geometry_rejects_wrong_counts_or_roles (__main__.SelfTest.test_geometry_rejects_wrong_counts_or_roles) ... ok
test_hot_pipeline_accounting_uses_its_own_bound (__main__.SelfTest.test_hot_pipeline_accounting_uses_its_own_bound) ... ok
test_info_parsing (__main__.SelfTest.test_info_parsing) ... ok
test_last_required_move_and_three_real_ticks (__main__.SelfTest.test_last_required_move_and_three_real_ticks) ... ok
test_later_rebound_fails_without_restarting_clock (__main__.SelfTest.test_later_rebound_fails_without_restarting_clock) ... ok
test_merged_hdr_and_exact_server_accounting (__main__.SelfTest.test_merged_hdr_and_exact_server_accounting) ... ok
test_missing_endpoint_or_first_post_move_plan_cannot_pass (__main__.SelfTest.test_missing_endpoint_or_first_post_move_plan_cannot_pass) ... ok
test_mode_hotmax_dry_run_and_invalid_overrides (__main__.SelfTest.test_mode_hotmax_dry_run_and_invalid_overrides) ... ok
test_optional_history_counters_absence_deltas_and_reset (__main__.SelfTest.test_optional_history_counters_absence_deltas_and_reset) ... ok
test_orders_and_sha_pins (__main__.SelfTest.test_orders_and_sha_pins) ... ok
test_own_quiet_baseline_above_pre_maxima_passes (__main__.SelfTest.test_own_quiet_baseline_above_pre_maxima_passes) ... ok
test_owner_comparison_requires_both_controls_and_every_metric (__main__.SelfTest.test_owner_comparison_requires_both_controls_and_every_metric) ... ok
test_owner_tracking_requires_same_sample_window_for_exchange (__main__.SelfTest.test_owner_tracking_requires_same_sample_window_for_exchange) ... ok
test_owner_tracking_three_cycle_and_exchange (__main__.SelfTest.test_owner_tracking_three_cycle_and_exchange) ... ok
test_paired_client_spread_uses_pre_round_range_not_move_count (__main__.SelfTest.test_paired_client_spread_uses_pre_round_range_not_move_count) ... ok
test_probe_only_dry_run_keeps_seed_calibration_and_admission (__main__.SelfTest.test_probe_only_dry_run_keeps_seed_calibration_and_admission) ... ok
test_probe_only_live_dispatch_requires_admitted_move (__main__.SelfTest.test_probe_only_live_dispatch_requires_admitted_move) ... ok
test_refused_probe_stops_matrix_with_exit_three (__main__.SelfTest.test_refused_probe_stops_matrix_with_exit_three) ... ok
test_replay_is_read_only_and_needs_no_live_tools (__main__.SelfTest.test_replay_is_read_only_and_needs_no_live_tools) ... ok
test_replay_missing_telemetry_clears_old_scores_and_reports_missing_runs (__main__.SelfTest.test_replay_missing_telemetry_clears_old_scores_and_reports_missing_runs) ... ok
test_replay_newly_admissible_baseline_cannot_invent_stimulus (__main__.SelfTest.test_replay_newly_admissible_baseline_cannot_invent_stimulus) ... ok
test_replay_uses_saved_frozen_criterion_and_valid_accounting (__main__.SelfTest.test_replay_uses_saved_frozen_criterion_and_valid_accounting) ... ok
test_run_episode_baseline_failure_stops_sampler_inside_boot (__main__.SelfTest.test_run_episode_baseline_failure_stops_sampler_inside_boot) ... ok
test_run_episode_missing_owners_preserves_primary_failure (__main__.SelfTest.test_run_episode_missing_owners_preserves_primary_failure) ... ok
test_sampler_joins_before_teardown_and_preserves_primary_failure (__main__.SelfTest.test_sampler_joins_before_teardown_and_preserves_primary_failure) ... ok
test_shards_schedule_depth_and_wall_time (__main__.SelfTest.test_shards_schedule_depth_and_wall_time) ... ok
test_signals_parsing_and_coordinator (__main__.SelfTest.test_signals_parsing_and_coordinator) ... ok
test_split_topology_and_selector_exclude_ex_owners (__main__.SelfTest.test_split_topology_and_selector_exclude_ex_owners) ... ok
test_spread_windows_and_zero_peak (__main__.SelfTest.test_spread_windows_and_zero_peak) ... ok
test_suffix_other_moves_reported_and_truncation_fails (__main__.SelfTest.test_suffix_other_moves_reported_and_truncation_fails) ... ok
test_thrash_uses_running_best_and_counts_windows_once (__main__.SelfTest.test_thrash_uses_running_best_and_counts_windows_once) ... ok
test_truncated_and_mismatched_metrics_fail (__main__.SelfTest.test_truncated_and_mismatched_metrics_fail) ... ok
test_unarmed_and_no_move_fail (__main__.SelfTest.test_unarmed_and_no_move_fail) ... ok
test_unarmed_probe_refuses_and_receipts_counters (__main__.SelfTest.test_unarmed_probe_refuses_and_receipts_counters) ... ok

----------------------------------------------------------------------
Ran 54 tests in 0.829s

OK
