topology: 1 L3 domain(s)
  domain  0: 8 cpus [112,113,114,115,116,117,118,119]
tomokv-cpp: 8 unified threads, 16 shard(s), thread-mode=1s, overlap=0 (executor prefetch; ordinary IO), io_uring, alloc=jemalloc, reorder=0, read-local=1
  thread t0: role=unified cpu=112 L3=0 shards=2 send=self
  thread t1: role=unified cpu=113 L3=0 shards=2 send=self
  thread t2: role=unified cpu=114 L3=0 shards=2 send=self
  thread t3: role=unified cpu=115 L3=0 shards=2 send=self
  thread t4: role=unified cpu=116 L3=0 shards=2 send=self
  thread t5: role=unified cpu=117 L3=0 shards=2 send=self
  thread t6: role=unified cpu=118 L3=0 shards=2 send=self
  thread t7: role=unified cpu=119 L3=0 shards=2 send=self
listening on 127.0.0.1:18340
persistence: enabled=0 posted=0 flushed=0 durable=0 refused=0 pending_chunks=0 producers_with_pending=0 drain_gave_up=0 failed=0

thread role          ops      iters   busy_ms   idle_ms    cpu_ms   wake_tx  wake_rx
t0     uni             2        180       0.2     294.4       0.8         0        1
io_tenure t0/0 busy_ns=181823 idle_ns=294394682 entry_ns=3160532519694583 begin_ns=3160532519694603 end_ns=3160532814271108 exit_ns=3160532814271297 role_exit=0 stopped=1
t1     uni             2        208       0.5     294.1       1.1         0        1
io_tenure t1/0 busy_ns=458083 idle_ns=294131172 entry_ns=3160532519692433 begin_ns=3160532519692463 end_ns=3160532814281718 exit_ns=3160532814281758 role_exit=0 stopped=1
t2     uni             2        174       0.2     294.4       0.7         0        1
io_tenure t2/0 busy_ns=180002 idle_ns=294390183 entry_ns=3160532519693533 begin_ns=3160532519693563 end_ns=3160532814263748 exit_ns=3160532814263897 role_exit=0 stopped=1
t3     uni             7         94       1.0     293.6       1.6        11       16
io_tenure t3/0 busy_ns=966144 idle_ns=293584151 entry_ns=3160532519718993 begin_ns=3160532519719013 end_ns=3160532814269308 exit_ns=3160532814269437 role_exit=0 stopped=1
t4     uni             2        197       0.2     294.4       0.8         0        1
io_tenure t4/0 busy_ns=171151 idle_ns=294400883 entry_ns=3160532519694483 begin_ns=3160532519694503 end_ns=3160532814266537 exit_ns=3160532814266688 role_exit=0 stopped=1
t5     uni             7        178       0.2     294.3       0.8         4        9
io_tenure t5/0 busy_ns=229531 idle_ns=294340764 entry_ns=3160532519694723 begin_ns=3160532519694753 end_ns=3160532814265048 exit_ns=3160532814265228 role_exit=0 stopped=1
t6     uni             2        173       0.2     294.4       0.7         1        2
io_tenure t6/0 busy_ns=169731 idle_ns=294402384 entry_ns=3160532519694103 begin_ns=3160532519694133 end_ns=3160532814266248 exit_ns=3160532814266408 role_exit=0 stopped=1
t7     uni             2        179       0.2     294.4       0.7         0        1
io_tenure t7/0 busy_ns=164099 idle_ns=294406245 entry_ns=3160532519693083 begin_ns=3160532519693233 end_ns=3160532814263577 exit_ns=3160532814263708 role_exit=0 stopped=1
wb: retired=10 direct=1 sends=10/10 short=0 err=0 peer_aborts=0 bytes=10900 zc_sends=0 zc_bytes=0 zc_releases=0 serves=12 empty=2
tls: accepts=0 handshakes=0/0 failed=0 freed=0 want_read=0 want_write=0 cipher_in=0 plain_in=0 cipher_out=0 plain_out=0 zc_suppressed=0 ktls_active=0 ktls_fallback=0
stuck: live_conns=0 rob_not_quiesced=0 unsent_bytes_pending=0 | slots done=0 issued=0 free=0 flag_set=0
shutdown: unified_work=26 accepts=3 accept_err=0 rearm=0 sqe_starved=0 notify_drop=0
shutdown_report {"schema":1,"thread_mode":"1s","work":{"kind":"fused","unified":26},"threads":[{"tid":0,"role":"fused","ops":2,"iterations":180,"busy_ns":181823,"idle_ns":294394682,"cpu_ns":819610,"wake_tx":0,"wake_rx":1,"io_tenures":[{"entry_ns":3160532519694583,"begin_ns":3160532519694603,"end_ns":3160532814271108,"exit_ns":3160532814271297,"busy_ns":181823,"idle_ns":294394682,"role_exit":false,"stopped":true,"did_submit":0,"sweep_submit":0,"park":0}]},{"tid":1,"role":"fused","ops":2,"iterations":208,"busy_ns":458083,"idle_ns":294131172,"cpu_ns":1145410,"wake_tx":0,"wake_rx":1,"io_tenures":[{"entry_ns":3160532519692433,"begin_ns":3160532519692463,"end_ns":3160532814281718,"exit_ns":3160532814281758,"busy_ns":458083,"idle_ns":294131172,"role_exit":false,"stopped":true,"did_submit":0,"sweep_submit":0,"park":0}]},{"tid":2,"role":"fused","ops":2,"iterations":174,"busy_ns":180002,"idle_ns":294390183,"cpu_ns":709780,"wake_tx":0,"wake_rx":1,"io_tenures":[{"entry_ns":3160532519693533,"begin_ns":3160532519693563,"end_ns":3160532814263748,"exit_ns":3160532814263897,"busy_ns":180002,"idle_ns":294390183,"role_exit":false,"stopped":true,"did_submit":0,"sweep_submit":0,"park":0}]},{"tid":3,"role":"fused","ops":7,"iterations":94,"busy_ns":966144,"idle_ns":293584151,"cpu_ns":1599960,"wake_tx":11,"wake_rx":16,"io_tenures":[{"entry_ns":3160532519718993,"begin_ns":3160532519719013,"end_ns":3160532814269308,"exit_ns":3160532814269437,"busy_ns":966144,"idle_ns":293584151,"role_exit":false,"stopped":true,"did_submit":0,"sweep_submit":0,"park":0}]},{"tid":4,"role":"fused","ops":2,"iterations":197,"busy_ns":171151,"idle_ns":294400883,"cpu_ns":792780,"wake_tx":0,"wake_rx":1,"io_tenures":[{"entry_ns":3160532519694483,"begin_ns":3160532519694503,"end_ns":3160532814266537,"exit_ns":3160532814266688,"busy_ns":171151,"idle_ns":294400883,"role_exit":false,"stopped":true,"did_submit":0,"sweep_submit":0,"park":0}]},{"tid":5,"role":"fused","ops":7,"iterations":178,"busy_ns":229531,"idle_ns":294340764,"cpu_ns":811500,"wake_tx":4,"wake_rx":9,"io_tenures":[{"entry_ns":3160532519694723,"begin_ns":3160532519694753,"end_ns":3160532814265048,"exit_ns":3160532814265228,"busy_ns":229531,"idle_ns":294340764,"role_exit":false,"stopped":true,"did_submit":0,"sweep_submit":0,"park":0}]},{"tid":6,"role":"fused","ops":2,"iterations":173,"busy_ns":169731,"idle_ns":294402384,"cpu_ns":734200,"wake_tx":1,"wake_rx":2,"io_tenures":[{"entry_ns":3160532519694103,"begin_ns":3160532519694133,"end_ns":3160532814266248,"exit_ns":3160532814266408,"busy_ns":169731,"idle_ns":294402384,"role_exit":false,"stopped":true,"did_submit":0,"sweep_submit":0,"park":0}]},{"tid":7,"role":"fused","ops":2,"iterations":179,"busy_ns":164099,"idle_ns":294406245,"cpu_ns":703220,"wake_tx":0,"wake_rx":1,"io_tenures":[{"entry_ns":3160532519693083,"begin_ns":3160532519693233,"end_ns":3160532814263577,"exit_ns":3160532814263708,"busy_ns":164099,"idle_ns":294406245,"role_exit":false,"stopped":true,"did_submit":0,"sweep_submit":0,"park":0}]}],"wb":{"retired":10,"direct":1,"sends_completed":10,"sends_submitted":10,"short_writes":0,"send_errors":0,"peer_aborts":0,"bytes_sent":10900,"zc_sends":0,"zc_bytes":0,"zc_releases":0,"serves":12,"serves_empty":2},"tls":{"accepts":0,"handshakes_completed":0,"handshakes_started":0,"handshakes_failed":0,"connections_freed":0,"want_read":0,"want_write":0,"ciphertext_input_bytes":0,"plaintext_input_bytes":0,"ciphertext_output_bytes":0,"plaintext_output_bytes":0,"zc_suppressed":0,"ktls_active":0,"ktls_fallback":0},"stuck":{"live_conns":0,"rob_not_quiesced":0,"unsent_bytes_pending":0,"slots_done":0,"slots_issued":0,"slots_free":0,"flag_set":0},"epoll":{"enabled":false,"events":0,"recvs":0},"persistence":{"enabled":false,"recording":false,"failed":false,"drain_gave_up":false,"posted":0,"flushed":0,"durable":0,"refused":0,"pending_chunks":0,"records_written":0,"producers_with_pending":0,"producers_stopped":0,"producers_expected":0,"completions_pending":0},"accept":{"accepts":3,"accept_err":0,"rearm":0,"sqe_starved":0,"notify_drop":0}}
