topology: 1 L3 domain(s)
  domain  0: 8 cpus [112,113,114,115,116,117,118,119]
tomokv-cpp: 8 threads (6 io + 2 ex), 16 shard(s), thread-mode=2s, overlap=0, io_uring, alloc=jemalloc, reorder=0, read-local=0
  thread t0: role=ifid cpu=112 L3=0 shards=0
  thread t1: role=ifid cpu=113 L3=0 shards=0
  thread t2: role=ifid cpu=114 L3=0 shards=0
  thread t3: role=ifid cpu=115 L3=0 shards=0
  thread t4: role=ifid cpu=116 L3=0 shards=0
  thread t5: role=ifid cpu=117 L3=0 shards=0
  thread t6: role=ex cpu=118 L3=0 shards=8
  thread t7: role=ex cpu=119 L3=0 shards=8
listening on 127.0.0.1:18340
persistence: enabled=0 posted=0 flushed=0 durable=0 refused=0 pending_chunks=0 producers_with_pending=0 drain_gave_up=0 failed=0

thread role          ops      iters   busy_ms   idle_ms    cpu_ms   wake_tx  wake_rx
t0     io              0        410       0.1     287.3       0.5         1        2
io_tenure t0/0 busy_ns=145620 idle_ns=287338528 entry_ns=3160527952553371 begin_ns=3160527952553411 end_ns=3160528240037559 exit_ns=3160528240037679 role_exit=0 stopped=1
t1     io              0        369       0.3     287.0       0.7         1        2
io_tenure t1/0 busy_ns=308453 idle_ns=286951124 entry_ns=3160527952790802 begin_ns=3160527952790832 end_ns=3160528240050409 exit_ns=3160528240050439 role_exit=0 stopped=1
t2     io              0        388       0.1     287.2       0.6         0        1
io_tenure t2/0 busy_ns=136220 idle_ns=287171067 entry_ns=3160527952728351 begin_ns=3160527952728402 end_ns=3160528240035689 exit_ns=3160528240035819 role_exit=0 stopped=1
t3     io              0        370       0.1     287.1       0.5         0        1
io_tenure t3/0 busy_ns=130930 idle_ns=287081267 entry_ns=3160527952820662 begin_ns=3160527952820702 end_ns=3160528240032899 exit_ns=3160528240033019 role_exit=0 stopped=1
t4     io              5        188       0.8     286.5       1.2         6       11
io_tenure t4/0 busy_ns=769622 idle_ns=286486535 entry_ns=3160527952778691 begin_ns=3160527952778742 end_ns=3160528240034899 exit_ns=3160528240035019 role_exit=0 stopped=1
t5     io              0        368       0.1     287.0       0.5         0        1
io_tenure t5/0 busy_ns=129319 idle_ns=287047968 entry_ns=3160527952855192 begin_ns=3160527952855232 end_ns=3160528240032519 exit_ns=3160528240032639 role_exit=0 stopped=1
t6     ex             13      14877       0.1     284.2       5.3         3        4
t7     ex              8      14416       0.0     284.3       5.0         0        0
wb: retired=10 direct=2 sends=10/10 short=0 err=0 peer_aborts=0 bytes=10353 zc_sends=0 zc_bytes=0 zc_releases=0 serves=13 empty=3
tls: accepts=0 handshakes=0/0 failed=0 freed=0 want_read=0 want_write=0 cipher_in=0 plain_in=0 cipher_out=0 plain_out=0 zc_suppressed=0 ktls_active=0 ktls_fallback=0
stuck: live_conns=0 rob_not_quiesced=0 unsent_bytes_pending=0 | slots done=0 issued=0 free=0 flag_set=0
shutdown: dispatched=5 executed=21 accepts=3 accept_err=0 rearm=0 sqe_starved=0 notify_drop=0
shutdown_report {"schema":1,"thread_mode":"2s","work":{"kind":"split","dispatched":5,"executed":21},"threads":[{"tid":0,"role":"io","ops":0,"iterations":410,"busy_ns":145620,"idle_ns":287338528,"cpu_ns":502430,"wake_tx":1,"wake_rx":2,"io_tenures":[{"entry_ns":3160527952553371,"begin_ns":3160527952553411,"end_ns":3160528240037559,"exit_ns":3160528240037679,"busy_ns":145620,"idle_ns":287338528,"role_exit":false,"stopped":true,"did_submit":0,"sweep_submit":0,"park":0}]},{"tid":1,"role":"io","ops":0,"iterations":369,"busy_ns":308453,"idle_ns":286951124,"cpu_ns":707850,"wake_tx":1,"wake_rx":2,"io_tenures":[{"entry_ns":3160527952790802,"begin_ns":3160527952790832,"end_ns":3160528240050409,"exit_ns":3160528240050439,"busy_ns":308453,"idle_ns":286951124,"role_exit":false,"stopped":true,"did_submit":0,"sweep_submit":0,"park":0}]},{"tid":2,"role":"io","ops":0,"iterations":388,"busy_ns":136220,"idle_ns":287171067,"cpu_ns":579490,"wake_tx":0,"wake_rx":1,"io_tenures":[{"entry_ns":3160527952728351,"begin_ns":3160527952728402,"end_ns":3160528240035689,"exit_ns":3160528240035819,"busy_ns":136220,"idle_ns":287171067,"role_exit":false,"stopped":true,"did_submit":0,"sweep_submit":0,"park":0}]},{"tid":3,"role":"io","ops":0,"iterations":370,"busy_ns":130930,"idle_ns":287081267,"cpu_ns":542050,"wake_tx":0,"wake_rx":1,"io_tenures":[{"entry_ns":3160527952820662,"begin_ns":3160527952820702,"end_ns":3160528240032899,"exit_ns":3160528240033019,"busy_ns":130930,"idle_ns":287081267,"role_exit":false,"stopped":true,"did_submit":0,"sweep_submit":0,"park":0}]},{"tid":4,"role":"io","ops":5,"iterations":188,"busy_ns":769622,"idle_ns":286486535,"cpu_ns":1224230,"wake_tx":6,"wake_rx":11,"io_tenures":[{"entry_ns":3160527952778691,"begin_ns":3160527952778742,"end_ns":3160528240034899,"exit_ns":3160528240035019,"busy_ns":769622,"idle_ns":286486535,"role_exit":false,"stopped":true,"did_submit":0,"sweep_submit":0,"park":0}]},{"tid":5,"role":"io","ops":0,"iterations":368,"busy_ns":129319,"idle_ns":287047968,"cpu_ns":527360,"wake_tx":0,"wake_rx":1,"io_tenures":[{"entry_ns":3160527952855192,"begin_ns":3160527952855232,"end_ns":3160528240032519,"exit_ns":3160528240032639,"busy_ns":129319,"idle_ns":287047968,"role_exit":false,"stopped":true,"did_submit":0,"sweep_submit":0,"park":0}]},{"tid":6,"role":"ex","ops":13,"iterations":14877,"busy_ns":92261,"idle_ns":284207904,"cpu_ns":5270600,"wake_tx":3,"wake_rx":4,"io_tenures":[]},{"tid":7,"role":"ex","ops":8,"iterations":14416,"busy_ns":37350,"idle_ns":284343139,"cpu_ns":5049710,"wake_tx":0,"wake_rx":0,"io_tenures":[]}],"wb":{"retired":10,"direct":2,"sends_completed":10,"sends_submitted":10,"short_writes":0,"send_errors":0,"peer_aborts":0,"bytes_sent":10353,"zc_sends":0,"zc_bytes":0,"zc_releases":0,"serves":13,"serves_empty":3},"tls":{"accepts":0,"handshakes_completed":0,"handshakes_started":0,"handshakes_failed":0,"connections_freed":0,"want_read":0,"want_write":0,"ciphertext_input_bytes":0,"plaintext_input_bytes":0,"ciphertext_output_bytes":0,"plaintext_output_bytes":0,"zc_suppressed":0,"ktls_active":0,"ktls_fallback":0},"stuck":{"live_conns":0,"rob_not_quiesced":0,"unsent_bytes_pending":0,"slots_done":0,"slots_issued":0,"slots_free":0,"flag_set":0},"epoll":{"enabled":false,"events":0,"recvs":0},"persistence":{"enabled":false,"recording":false,"failed":false,"drain_gave_up":false,"posted":0,"flushed":0,"durable":0,"refused":0,"pending_chunks":0,"records_written":0,"producers_with_pending":0,"producers_stopped":0,"producers_expected":0,"completions_pending":0},"accept":{"accepts":3,"accept_err":0,"rearm":0,"sqe_starved":0,"notify_drop":0}}
