db0/src/cmd/acl.o 258 bodies
db0/src/cmd/climon.o 220 bodies
db0/src/cmd/cmdgap.o 4 bodies
db0/src/cmd/cmdmeta.o 35 bodies
db0/src/cmd/commands.o 28 bodies
db0/src/cmd/functions.o 78 bodies
db0/src/cmd/geo.o 95 bodies
db0/src/cmd/geo_store.o 7 bodies
db0/src/cmd/glob.o 2 bodies
db0/src/cmd/hll.o 24 bodies
db0/src/cmd/info_stats.o 22 bodies
db0/src/cmd/l4prebuild.o 64 bodies
db0/src/cmd/lbsignals.o 15 bodies
db0/src/cmd/lcs.o 14 bodies
db0/src/cmd/multi_admin.o 8 bodies
db0/src/cmd/multidb.o 85 bodies
db0/src/cmd/pfdebug.o 35 bodies
db0/src/cmd/scripting.o 141 bodies
db0/src/cmd/serialize.o 107 bodies
db0/src/cmd/server_tail.o 93 bodies
db0/src/cmd/slowlog.o 72 bodies
db0/src/cmd/storesize.o 20 bodies
db0/src/cmd/t_hash.o 236 bodies
db0/src/cmd/t_hash_ttl.o 98 bodies
db0/src/cmd/t_list.o 198 bodies
db0/src/cmd/t_server.o 234 bodies
db0/src/cmd/t_set.o 207 bodies
db0/src/cmd/t_sort.o 22 bodies
db0/src/cmd/t_stream.o 252 bodies
db0/src/cmd/t_stream_groups.o 160 bodies
db0/src/cmd/t_string.o 148 bodies
db0/src/cmd/t_string_notify.o 174 bodies
db0/src/cmd/t_zset.o 295 bodies
db0/src/cmd/t_zset_ops.o 1 bodies
db0/src/cmd/tracking.o 67 bodies
db0/src/cmd/xshard.o 872 bodies
db0/src/core/flipctl.o 73 bodies
db0/src/core/genthread.o 758 bodies
db0/src/core/lbplanner.o 73 bodies
db0/src/core/lbstall.o 12 bodies
db0/src/core/reorder.o 823 bodies
db0/src/core/rl2s.o 916 bodies
db0/src/main.o 823 bodies
db0/src/net/tls.o 38 bodies
db0/src/persist/aof.o 300 bodies
db0/src/persist/aof_frame_debug.o 6 bodies
db0/src/snapshot/snapshot.o 130 bodies
src/cmd/acl.o 258 bodies
src/cmd/climon.o 219 bodies
src/cmd/cmdgap.o 4 bodies
src/cmd/cmdmeta.o 35 bodies
src/cmd/commands.o 28 bodies
src/cmd/functions.o 78 bodies
src/cmd/geo.o 97 bodies
src/cmd/geo_store.o 7 bodies
src/cmd/glob.o 2 bodies
src/cmd/hll.o 24 bodies
src/cmd/info_stats.o 22 bodies
src/cmd/l4prebuild.o 68 bodies
src/cmd/lbsignals.o 15 bodies
src/cmd/lcs.o 14 bodies
src/cmd/multi_admin.o 9 bodies
src/cmd/multidb.o 100 bodies
src/cmd/pfdebug.o 35 bodies
src/cmd/scripting.o 573 bodies
src/cmd/serialize.o 107 bodies
src/cmd/server_tail.o 93 bodies
src/cmd/slowlog.o 72 bodies
src/cmd/storesize.o 21 bodies
src/cmd/t_hash.o 236 bodies
src/cmd/t_hash_ttl.o 99 bodies
src/cmd/t_list.o 196 bodies
src/cmd/t_server.o 231 bodies
src/cmd/t_set.o 209 bodies
src/cmd/t_sort.o 22 bodies
src/cmd/t_stream.o 254 bodies
src/cmd/t_stream_groups.o 161 bodies
src/cmd/t_string.o 147 bodies
src/cmd/t_string_notify.o 176 bodies
src/cmd/t_zset.o 296 bodies
src/cmd/t_zset_ops.o 1 bodies
src/cmd/tracking.o 68 bodies
src/cmd/xshard.o 879 bodies
src/core/flipctl.o 73 bodies
src/core/genthread.o 767 bodies
src/core/lbplanner.o 73 bodies
src/core/lbstall.o 12 bodies
src/core/reorder.o 833 bodies
src/core/rl2s.o 932 bodies
src/main.o 835 bodies
src/net/tls.o 38 bodies
src/persist/aof.o 303 bodies
src/persist/aof_frame_debug.o 6 bodies
src/snapshot/snapshot.o 128 bodies
{"total": 17199, "equal": 15985, "changed": 1214, "handlers": 1214, "handlers_equal": 1109, "hot": 1498, "hot_equal": 1189, "hot_nonerror_equal": 1189, "handlers_nonerror_equal": 1109}
Traceback (most recent call last):
  File "/home/user/Projects/cx-deadswitch/tools/ccfix_audit.py", line 155, in <module>
    main()
  File "/home/user/Projects/cx-deadswitch/tools/ccfix_audit.py", line 149, in main
    assert not report['other_hot'], 'ordinary hot-path bytes changed'
           ^^^^^^^^^^^^^^^^^^^^^^^
AssertionError: ordinary hot-path bytes changed
