Hot bodies: 1492; raw byte equal: 1140; bytes + resolved relocation targets equal: 1186
DIFF db0/src/cmd/l4prebuild.o 2217 2201 tomo_db0::FlatStore::insert_into_read_local(int, unsigned long, tomo_db0::KvObj*, bool)
DIFF db0/src/cmd/l4prebuild.o 1282 1265 tomo_db0::FlatStore::erase_in_read_local(int, unsigned long, tomo_db0::Slice, bool*)
DIFF db0/src/cmd/l4prebuild.o 849 840 tomo_db0::FlatStore::erase_in(int, unsigned long, tomo_db0::Slice, bool*)
DIFF db0/src/cmd/l4prebuild.o 1232 1152 tomo_db0::FlatStore::find(unsigned long, tomo_db0::Slice)
DIFF db0/src/cmd/l4prebuild.o 1158 1094 tomo_db0::FlatStore::find_notify(unsigned long, tomo_db0::Slice, tomo_db0::FlatNotifySink*)
DIFF db0/src/cmd/l4prebuild.o 1405 1352 tomo_db0::FlatStore::insert_into(int, unsigned long, tomo_db0::KvObj*, bool)
DIFF db0/src/cmd/l4prebuild.o 1493 1465 tomo_db0::FlatStore::erase(unsigned long, tomo_db0::Slice)
DIFF db0/src/cmd/multidb.o 785 792 tomo_db0::FlatStore::erase_in_read_local(int, unsigned long, tomo_db0::Slice, bool*)
DIFF db0/src/cmd/multidb.o 1378 1371 tomo_db0::FlatStore::insert_into_read_local(int, unsigned long, tomo_db0::KvObj*, bool)
DIFF db0/src/cmd/multidb.o 1405 1352 tomo_db0::FlatStore::insert_into(int, unsigned long, tomo_db0::KvObj*, bool)
DIFF db0/src/cmd/pfdebug.o 2445 2379 tomo_db0::FlatStore::erase_in(int, unsigned long, tomo_db0::Slice, bool*) [clone .isra.0]
DIFF db0/src/cmd/pfdebug.o 1232 1152 tomo_db0::FlatStore::find(unsigned long, tomo_db0::Slice)
DIFF db0/src/cmd/pfdebug.o 1158 1094 tomo_db0::FlatStore::find_notify(unsigned long, tomo_db0::Slice, tomo_db0::FlatNotifySink*)
DIFF db0/src/cmd/scripting.o 647 670 tomo_db0::FlatStore::erase_in_read_local(int, unsigned long, tomo_db0::Slice, bool*)
DIFF db0/src/cmd/scripting.o 1343 1371 tomo_db0::FlatStore::insert_into_read_local(int, unsigned long, tomo_db0::KvObj*, bool)
DIFF db0/src/cmd/scripting.o 1593 1609 tomo_db0::FlatStore::insert_into(int, unsigned long, tomo_db0::KvObj*, bool)
DIFF db0/src/cmd/scripting.o 1883 1899 tomo_db0::FlatStore::erase(unsigned long, tomo_db0::Slice)
DIFF db0/src/cmd/serialize.o 1014 1078 tomo_db0::FlatStore::erase_in_read_local(int, unsigned long, tomo_db0::Slice, bool*)
DIFF db0/src/cmd/serialize.o 1557 1640 tomo_db0::FlatStore::insert_into_read_local(int, unsigned long, tomo_db0::KvObj*, bool)
DIFF db0/src/cmd/serialize.o 692 740 tomo_db0::FlatStore::erase_in(int, unsigned long, tomo_db0::Slice, bool*)
DIFF db0/src/cmd/serialize.o 1118 1103 tomo_db0::FlatStore::find(unsigned long, tomo_db0::Slice)
DIFF db0/src/cmd/serialize.o 878 894 tomo_db0::FlatStore::find_notify(unsigned long, tomo_db0::Slice, tomo_db0::FlatNotifySink*)
DIFF db0/src/cmd/serialize.o 1298 1329 tomo_db0::FlatStore::insert_into(int, unsigned long, tomo_db0::KvObj*, bool)
DIFF db0/src/cmd/serialize.o 1093 1093 tomo_db0::FlatStore::erase(unsigned long, tomo_db0::Slice)
DIFF db0/src/cmd/server_tail.o 1887 1803 tomo_db0::FlatStore::erase_in(int, unsigned long, tomo_db0::Slice, bool*) [clone .isra.0]
DIFF db0/src/cmd/server_tail.o 1017 934 tomo_db0::FlatStore::find(unsigned long, tomo_db0::Slice)
DIFF db0/src/cmd/server_tail.o 1784 1797 tomo_db0::FlatStore::find_notify(unsigned long, tomo_db0::Slice, tomo_db0::FlatNotifySink*)
DIFF db0/src/cmd/storesize.o 1247 1211 tomo_db0::FlatStore::find_hash_in(int, unsigned long) const
DIFF db0/src/cmd/t_hash.o 920 968 tomo_db0::FlatStore::erase_in_read_local(int, unsigned long, tomo_db0::Slice, bool*)
DIFF db0/src/cmd/t_hash.o 1509 1541 tomo_db0::FlatStore::insert_into_read_local(int, unsigned long, tomo_db0::KvObj*, bool)
DIFF db0/src/cmd/t_hash.o 564 607 tomo_db0::FlatStore::erase_in(int, unsigned long, tomo_db0::Slice, bool*)
DIFF db0/src/cmd/t_hash.o 806 649 tomo_db0::FlatStore::find(unsigned long, tomo_db0::Slice)
DIFF db0/src/cmd/t_hash.o 707 675 tomo_db0::FlatStore::find_notify(unsigned long, tomo_db0::Slice, tomo_db0::FlatNotifySink*)
DIFF db0/src/cmd/t_hash.o 899 927 tomo_db0::FlatStore::insert_into(int, unsigned long, tomo_db0::KvObj*, bool)
DIFF db0/src/cmd/t_hash.o 737 705 tomo_db0::FlatStore::insert_notify(unsigned long, tomo_db0::KvObj*, tomo_db0::FlatNotifySink*)
DIFF db0/src/cmd/t_hash_ttl.o 1225 1257 tomo_db0::FlatStore::erase_notify(unsigned long, tomo_db0::Slice, tomo_db0::FlatNotifySink*, tomo_db0::FlatStore::EraseEvent) [clone .isra.0]
DIFF db0/src/cmd/t_hash_ttl.o 785 792 tomo_db0::FlatStore::erase_in_read_local(int, unsigned long, tomo_db0::Slice, bool*)
DIFF db0/src/cmd/t_hash_ttl.o 1638 1692 tomo_db0::FlatStore::insert_into_read_local(int, unsigned long, tomo_db0::KvObj*, bool)
DIFF db0/src/cmd/t_hash_ttl.o 1320 1301 tomo_db0::FlatStore::insert_into(int, unsigned long, tomo_db0::KvObj*, bool)
DIFF db0/src/cmd/t_hash_ttl.o 849 840 tomo_db0::FlatStore::erase_in(int, unsigned long, tomo_db0::Slice, bool*)
DIFF db0/src/cmd/t_hash_ttl.o 1232 1152 tomo_db0::FlatStore::find(unsigned long, tomo_db0::Slice)
DIFF db0/src/cmd/t_hash_ttl.o 1158 1094 tomo_db0::FlatStore::find_notify(unsigned long, tomo_db0::Slice, tomo_db0::FlatNotifySink*)
DIFF db0/src/cmd/t_list.o 789 814 tomo_db0::FlatStore::erase_notify(unsigned long, tomo_db0::Slice, tomo_db0::FlatNotifySink*, tomo_db0::FlatStore::EraseEvent) [clone .isra.0]
DIFF db0/src/cmd/t_list.o 1944 1960 tomo_db0::FlatStore::insert_into_read_local(int, unsigned long, tomo_db0::KvObj*, bool)
DIFF db0/src/cmd/t_list.o 920 1078 tomo_db0::FlatStore::erase_in_read_local(int, unsigned long, tomo_db0::Slice, bool*)
DIFF db0/src/cmd/t_list.o 692 740 tomo_db0::FlatStore::erase_in(int, unsigned long, tomo_db0::Slice, bool*)
DIFF db0/src/cmd/t_list.o 1005 1103 tomo_db0::FlatStore::find(unsigned long, tomo_db0::Slice)
DIFF db0/src/cmd/t_list.o 878 894 tomo_db0::FlatStore::find_notify(unsigned long, tomo_db0::Slice, tomo_db0::FlatNotifySink*)
DIFF db0/src/cmd/t_list.o 927 955 tomo_db0::FlatStore::insert_into(int, unsigned long, tomo_db0::KvObj*, bool)
DIFF db0/src/cmd/t_list.o 1022 1022 tomo_db0::FlatStore::erase(unsigned long, tomo_db0::Slice)
DIFF db0/src/cmd/t_list.o 846 830 tomo_db0::FlatStore::insert_notify(unsigned long, tomo_db0::KvObj*, tomo_db0::FlatNotifySink*)
DIFF db0/src/cmd/t_server.o 1125 1078 tomo_db0::FlatStore::erase_in(int, unsigned long, tomo_db0::Slice, bool*) [clone .isra.0]
DIFF db0/src/cmd/t_set.o 625 602 tomo_db0::FlatStore::erase_notify(unsigned long, tomo_db0::Slice, tomo_db0::FlatNotifySink*, tomo_db0::FlatStore::EraseEvent) [clone .isra.0]
DIFF db0/src/cmd/t_set.o 920 968 tomo_db0::FlatStore::erase_in_read_local(int, unsigned long, tomo_db0::Slice, bool*)
DIFF db0/src/cmd/t_set.o 1509 1541 tomo_db0::FlatStore::insert_into_read_local(int, unsigned long, tomo_db0::KvObj*, bool)
DIFF db0/src/cmd/t_set.o 564 607 tomo_db0::FlatStore::erase_in(int, unsigned long, tomo_db0::Slice, bool*)
DIFF db0/src/cmd/t_set.o 806 649 tomo_db0::FlatStore::find(unsigned long, tomo_db0::Slice)
DIFF db0/src/cmd/t_set.o 707 675 tomo_db0::FlatStore::find_notify(unsigned long, tomo_db0::Slice, tomo_db0::FlatNotifySink*)
DIFF db0/src/cmd/t_set.o 899 927 tomo_db0::FlatStore::insert_into(int, unsigned long, tomo_db0::KvObj*, bool)
DIFF db0/src/cmd/t_set.o 737 705 tomo_db0::FlatStore::insert_notify(unsigned long, tomo_db0::KvObj*, tomo_db0::FlatNotifySink*)
DIFF db0/src/cmd/t_stream.o 920 968 tomo_db0::FlatStore::erase_in_read_local(int, unsigned long, tomo_db0::Slice, bool*)
DIFF db0/src/cmd/t_stream.o 1509 1541 tomo_db0::FlatStore::insert_into_read_local(int, unsigned long, tomo_db0::KvObj*, bool)
DIFF db0/src/cmd/t_stream.o 564 607 tomo_db0::FlatStore::erase_in(int, unsigned long, tomo_db0::Slice, bool*)
DIFF db0/src/cmd/t_stream.o 553 649 tomo_db0::FlatStore::find(unsigned long, tomo_db0::Slice)
DIFF db0/src/cmd/t_stream.o 569 798 tomo_db0::FlatStore::find_notify(unsigned long, tomo_db0::Slice, tomo_db0::FlatNotifySink*)
DIFF db0/src/cmd/t_stream.o 899 927 tomo_db0::FlatStore::insert_into(int, unsigned long, tomo_db0::KvObj*, bool)
DIFF db0/src/cmd/t_stream.o 429 705 tomo_db0::FlatStore::insert_notify(unsigned long, tomo_db0::KvObj*, tomo_db0::FlatNotifySink*)
DIFF db0/src/cmd/t_stream_groups.o 1887 1803 tomo_db0::FlatStore::erase_in(int, unsigned long, tomo_db0::Slice, bool*) [clone .isra.0]
DIFF db0/src/cmd/t_stream_groups.o 1118 1103 tomo_db0::FlatStore::find(unsigned long, tomo_db0::Slice)
DIFF db0/src/cmd/t_stream_groups.o 999 1020 tomo_db0::FlatStore::find_notify(unsigned long, tomo_db0::Slice, tomo_db0::FlatNotifySink*)
DIFF db0/src/cmd/t_string.o 2201 2219 void tomo_db0::(anonymous namespace)::cmd_set<false>(tomo_db0::Shard&, tomo_db0::Op&)
DIFF db0/src/cmd/t_string.o 1014 1078 tomo_db0::FlatStore::erase_in_read_local(int, unsigned long, tomo_db0::Slice, bool*)
DIFF db0/src/cmd/t_string.o 1509 1541 tomo_db0::FlatStore::insert_into_read_local(int, unsigned long, tomo_db0::KvObj*, bool)
DIFF db0/src/cmd/t_string.o 692 740 tomo_db0::FlatStore::erase_in(int, unsigned long, tomo_db0::Slice, bool*)
DIFF db0/src/cmd/t_string.o 699 934 tomo_db0::FlatStore::find(unsigned long, tomo_db0::Slice)
DIFF db0/src/cmd/t_string.o 1194 1222 tomo_db0::FlatStore::insert_into(int, unsigned long, tomo_db0::KvObj*, bool)
DIFF db0/src/cmd/t_string.o 1022 1022 tomo_db0::FlatStore::erase(unsigned long, tomo_db0::Slice)
DIFF db0/src/cmd/t_string_notify.o 2182 2208 void tomo_db0::(anonymous namespace)::cmd_set<true>(tomo_db0::Shard&, tomo_db0::Op&)
DIFF db0/src/cmd/t_string_notify.o 1944 1960 tomo_db0::FlatStore::insert_into_read_local(int, unsigned long, tomo_db0::KvObj*, bool)
DIFF db0/src/cmd/t_string_notify.o 920 968 tomo_db0::FlatStore::erase_in_read_local(int, unsigned long, tomo_db0::Slice, bool*)
DIFF db0/src/cmd/t_string_notify.o 692 740 tomo_db0::FlatStore::erase_in(int, unsigned long, tomo_db0::Slice, bool*)
DIFF db0/src/cmd/t_string_notify.o 1010 1125 tomo_db0::FlatStore::find_notify(unsigned long, tomo_db0::Slice, tomo_db0::FlatNotifySink*)
DIFF db0/src/cmd/t_string_notify.o 1194 1222 tomo_db0::FlatStore::insert_into(int, unsigned long, tomo_db0::KvObj*, bool)
DIFF db0/src/cmd/t_string_notify.o 1022 1022 tomo_db0::FlatStore::erase(unsigned long, tomo_db0::Slice)
DIFF db0/src/cmd/t_string_notify.o 673 814 tomo_db0::FlatStore::erase_notify(unsigned long, tomo_db0::Slice, tomo_db0::FlatNotifySink*, tomo_db0::FlatStore::EraseEvent)
DIFF db0/src/cmd/t_zset.o 673 682 tomo_db0::FlatStore::erase_notify(unsigned long, tomo_db0::Slice, tomo_db0::FlatNotifySink*, tomo_db0::FlatStore::EraseEvent) [clone .isra.0]
DIFF db0/src/cmd/t_zset.o 1944 1960 tomo_db0::FlatStore::insert_into_read_local(int, unsigned long, tomo_db0::KvObj*, bool)
DIFF db0/src/cmd/t_zset.o 920 968 tomo_db0::FlatStore::erase_in_read_local(int, unsigned long, tomo_db0::Slice, bool*)
DIFF db0/src/cmd/t_zset.o 564 607 tomo_db0::FlatStore::erase_in(int, unsigned long, tomo_db0::Slice, bool*)
DIFF db0/src/cmd/t_zset.o 974 958 tomo_db0::FlatStore::find(unsigned long, tomo_db0::Slice)
DIFF db0/src/cmd/t_zset.o 707 734 tomo_db0::FlatStore::find_notify(unsigned long, tomo_db0::Slice, tomo_db0::FlatNotifySink*)
DIFF db0/src/cmd/t_zset.o 899 927 tomo_db0::FlatStore::insert_into(int, unsigned long, tomo_db0::KvObj*, bool)
DIFF db0/src/cmd/t_zset.o 1022 1022 tomo_db0::FlatStore::erase(unsigned long, tomo_db0::Slice)
DIFF db0/src/cmd/t_zset.o 737 705 tomo_db0::FlatStore::insert_notify(unsigned long, tomo_db0::KvObj*, tomo_db0::FlatNotifySink*)
DIFF db0/src/cmd/xshard.o 732 792 tomo_db0::FlatStore::erase_in_read_local(int, unsigned long, tomo_db0::Slice, bool*)
DIFF db0/src/cmd/xshard.o 1602 1634 tomo_db0::FlatStore::insert_into_read_local(int, unsigned long, tomo_db0::KvObj*, bool)
DIFF db0/src/cmd/xshard.o 975 1004 tomo_db0::FlatStore::insert_into(int, unsigned long, tomo_db0::KvObj*, bool)
DIFF db0/src/cmd/xshard.o 692 740 tomo_db0::FlatStore::erase_in(int, unsigned long, tomo_db0::Slice, bool*)
DIFF db0/src/cmd/xshard.o 933 942 tomo_db0::FlatStore::erase_notify(unsigned long, tomo_db0::Slice, tomo_db0::FlatNotifySink*, tomo_db0::FlatStore::EraseEvent)
DIFF db0/src/cmd/xshard.o 941 909 tomo_db0::FlatStore::insert_notify(unsigned long, tomo_db0::KvObj*, tomo_db0::FlatNotifySink*)
DIFF db0/src/cmd/xshard.o 1017 1103 tomo_db0::FlatStore::find(unsigned long, tomo_db0::Slice)
DIFF db0/src/cmd/xshard.o 942 942 tomo_db0::FlatStore::find_notify(unsigned long, tomo_db0::Slice, tomo_db0::FlatNotifySink*)
DIFF db0/src/core/genthread.o 9538 9566 tomo_db0::IoLoop::DispatchResult tomo_db0::IoLoop::parse_and_dispatch<true, 0u, false, false>(tomo_db0::Client*) [clone .isra.0]
DIFF db0/src/core/genthread.o 425 409 tomo_db0::FlatStore::find_hash_in(int, unsigned long) const
DIFF db0/src/core/genthread.o 1208 1240 tomo_db0::FlatStore::erase_in_read_local(int, unsigned long, tomo_db0::Slice, bool*)
DIFF db0/src/core/genthread.o 1343 1371 tomo_db0::FlatStore::insert_into_read_local(int, unsigned long, tomo_db0::KvObj*, bool)
DIFF db0/src/core/genthread.o 975 1004 tomo_db0::FlatStore::insert_into(int, unsigned long, tomo_db0::KvObj*, bool)
DIFF db0/src/core/genthread.o 808 840 tomo_db0::FlatStore::erase_in(int, unsigned long, tomo_db0::Slice, bool*)
DIFF db0/src/core/reorder.o 428 409 tomo_db0::FlatStore::find_hash_in(int, unsigned long) const
DIFF db0/src/core/reorder.o 1257 1240 tomo_db0::FlatStore::erase_in_read_local(int, unsigned long, tomo_db0::Slice, bool*)
DIFF db0/src/core/reorder.o 1343 1371 tomo_db0::FlatStore::insert_into_read_local(int, unsigned long, tomo_db0::KvObj*, bool)
DIFF db0/src/core/reorder.o 975 1004 tomo_db0::FlatStore::insert_into(int, unsigned long, tomo_db0::KvObj*, bool)
DIFF db0/src/core/reorder.o 849 840 tomo_db0::FlatStore::erase_in(int, unsigned long, tomo_db0::Slice, bool*)
DIFF db0/src/core/reorder.o 984 1212 tomo_db0::WbEngine::serve_impl<true, true, true, true, false, true>(tomo_db0::Client&, bool*)::{lambda(tomo_db0::Op&)#1}::operator()(tomo_db0::Op&) const
DIFF db0/src/core/reorder.o 984 1212 tomo_db0::WbEngine::serve_impl<true, true, false, true, false, true>(tomo_db0::Client&, bool*)::{lambda(tomo_db0::Op&)#1}::operator()(tomo_db0::Op&) const
DIFF db0/src/core/reorder.o 1204 1410 unsigned int tomo_db0::ExLoopT<true>::drain_tasks_read_local_interleaved<false>(bool, bool&)
DIFF db0/src/core/reorder.o 4290 4440 unsigned int tomo_db0::ExLoopT<true>::fused_pass_impl<32u, true, false, true>()
DIFF db0/src/core/reorder.o 18353 18361 tomo_db0::IoLoop::DispatchResult tomo_db0::IoLoop::parse_and_dispatch<false, 32u, false, false>(tomo_db0::Client*)
DIFF db0/src/core/reorder.o 4290 4440 unsigned int tomo_db0::ExLoopT<true>::r7_fused_pass_impl<32u, true, false, true>()
DIFF db0/src/core/reorder.o 796 729 unsigned int tomo_db0::ExLoopT<true>::r7_fused_sweep_impl<32u, true, false, false>()
DIFF db0/src/core/rl2s.o 269 0 tomo_db0::IoLoop::ifid_post(tomo_db0::IoLoop::IfidBatch&) [clone .isra.0]
DIFF db0/src/core/rl2s.o 425 409 tomo_db0::FlatStore::find_hash_in(int, unsigned long) const
DIFF db0/src/core/rl2s.o 1014 1078 tomo_db0::FlatStore::erase_in_read_local(int, unsigned long, tomo_db0::Slice, bool*)
DIFF db0/src/core/rl2s.o 1318 1346 tomo_db0::FlatStore::insert_into_read_local(int, unsigned long, tomo_db0::KvObj*, bool)
DIFF db0/src/core/rl2s.o 975 1004 tomo_db0::FlatStore::insert_into(int, unsigned long, tomo_db0::KvObj*, bool)
DIFF db0/src/core/rl2s.o 692 740 tomo_db0::FlatStore::erase_in(int, unsigned long, tomo_db0::Slice, bool*)
DIFF db0/src/core/rl2s.o 852 772 auto tomo_db0::IoLoop::parse_and_dispatch<true, 32u, false, true>(tomo_db0::Client*)::{lambda(auto:1&&)#1}::operator()<tomo_db0::IoLoop::parse_and_dispatch<true, 32u, false, true>(tomo_db0::Client*)::{lambda(unsigned long)#1}::operator()(unsigned long) const::{lambda(tomo_db0::Op const&)#1}>(tomo_db0::IoLoop::parse_and_dispatch<true, 32u, false, true>(tomo_db0::Client*)::{lambda(unsigned long)#1}::operator()(unsigned long) const::{lambda(tomo_db0::Op const&)#1}&&) const
DIFF db0/src/core/rl2s.o 852 772 auto tomo_db0::IoLoop::parse_and_dispatch<true, 32u, false, true>(tomo_db0::Client*)::{lambda(auto:1&&)#4}::operator()<tomo_db0::IoLoop::parse_and_dispatch<true, 32u, false, true>(tomo_db0::Client*)::{lambda(unsigned long)#5}::operator()(unsigned long) const::{lambda(tomo_db0::Op const&)#1}>(tomo_db0::IoLoop::parse_and_dispatch<true, 32u, false, true>(tomo_db0::Client*)::{lambda(unsigned long)#5}::operator()(unsigned long) const::{lambda(tomo_db0::Op const&)#1}&&) const
DIFF db0/src/core/rl2s.o 852 772 auto tomo_db0::IoLoop::parse_and_dispatch<true, 0u, true, true>(tomo_db0::Client*)::{lambda(auto:1&&)#1}::operator()<tomo_db0::IoLoop::parse_and_dispatch<true, 0u, true, true>(tomo_db0::Client*)::{lambda(unsigned long)#1}::operator()(unsigned long) const::{lambda(tomo_db0::Op const&)#1}>(tomo_db0::IoLoop::parse_and_dispatch<true, 0u, true, true>(tomo_db0::Client*)::{lambda(unsigned long)#1}::operator()(unsigned long) const::{lambda(tomo_db0::Op const&)#1}&&) const
DIFF db0/src/core/rl2s.o 852 772 auto tomo_db0::IoLoop::parse_and_dispatch<true, 0u, true, true>(tomo_db0::Client*)::{lambda(auto:1&&)#4}::operator()<tomo_db0::IoLoop::parse_and_dispatch<true, 0u, true, true>(tomo_db0::Client*)::{lambda(unsigned long)#5}::operator()(unsigned long) const::{lambda(tomo_db0::Op const&)#1}>(tomo_db0::IoLoop::parse_and_dispatch<true, 0u, true, true>(tomo_db0::Client*)::{lambda(unsigned long)#5}::operator()(unsigned long) const::{lambda(tomo_db0::Op const&)#1}&&) const
DIFF db0/src/core/rl2s.o 852 772 auto tomo_db0::IoLoop::parse_and_dispatch<true, 32u, false, false>(tomo_db0::Client*)::{lambda(auto:1&&)#1}::operator()<tomo_db0::IoLoop::parse_and_dispatch<true, 32u, false, false>(tomo_db0::Client*)::{lambda(unsigned long)#1}::operator()(unsigned long) const::{lambda(tomo_db0::Op const&)#1}>(tomo_db0::IoLoop::parse_and_dispatch<true, 32u, false, false>(tomo_db0::Client*)::{lambda(unsigned long)#1}::operator()(unsigned long) const::{lambda(tomo_db0::Op const&)#1}&&) const
DIFF db0/src/core/rl2s.o 852 772 auto tomo_db0::IoLoop::parse_and_dispatch<true, 32u, false, false>(tomo_db0::Client*)::{lambda(auto:1&&)#4}::operator()<tomo_db0::IoLoop::parse_and_dispatch<true, 32u, false, false>(tomo_db0::Client*)::{lambda(unsigned long)#5}::operator()(unsigned long) const::{lambda(tomo_db0::Op const&)#1}>(tomo_db0::IoLoop::parse_and_dispatch<true, 32u, false, false>(tomo_db0::Client*)::{lambda(unsigned long)#5}::operator()(unsigned long) const::{lambda(tomo_db0::Op const&)#1}&&) const
DIFF db0/src/core/rl2s.o 772 852 auto tomo_db0::IoLoop::parse_and_dispatch<false, 32u, false, false>(tomo_db0::Client*)::{lambda(auto:1&&)#1}::operator()<tomo_db0::IoLoop::parse_and_dispatch<false, 32u, false, false>(tomo_db0::Client*)::{lambda(unsigned long)#1}::operator()(unsigned long) const::{lambda(tomo_db0::Op const&)#1}>(tomo_db0::IoLoop::parse_and_dispatch<false, 32u, false, false>(tomo_db0::Client*)::{lambda(unsigned long)#1}::operator()(unsigned long) const::{lambda(tomo_db0::Op const&)#1}&&) const
DIFF db0/src/core/rl2s.o 772 852 auto tomo_db0::IoLoop::parse_and_dispatch<false, 32u, false, false>(tomo_db0::Client*)::{lambda(auto:1&&)#4}::operator()<tomo_db0::IoLoop::parse_and_dispatch<false, 32u, false, false>(tomo_db0::Client*)::{lambda(unsigned long)#5}::operator()(unsigned long) const::{lambda(tomo_db0::Op const&)#1}>(tomo_db0::IoLoop::parse_and_dispatch<false, 32u, false, false>(tomo_db0::Client*)::{lambda(unsigned long)#5}::operator()(unsigned long) const::{lambda(tomo_db0::Op const&)#1}&&) const
DIFF db0/src/core/rl2s.o 745 745 void tomo_db0::IoLoop::on_cqe<true, true, true, (unsigned char)0>(io_uring_cqe*)
DIFF db0/src/core/rl2s.o 17290 17244 tomo_db0::IoLoop::DispatchResult tomo_db0::IoLoop::parse_and_dispatch<false, 0u, true, true>(tomo_db0::Client*)
DIFF db0/src/core/rl2s.o 17221 17191 tomo_db0::IoLoop::DispatchResult tomo_db0::IoLoop::parse_and_dispatch<true, 0u, true, true>(tomo_db0::Client*)
DIFF db0/src/core/rl2s.o 1652 1951 unsigned int tomo_db0::IoLoop::pipeline_pass<false, false, false, true>(bool, bool, bool&, unsigned long&)
DIFF db0/src/core/rl2s.o 1609 1951 unsigned int tomo_db0::IoLoop::pipeline_pass<true, false, false, true>(bool, bool, bool&, unsigned long&)
DIFF db0/src/main.o 425 409 tomo_db0::FlatStore::find_hash_in(int, unsigned long) const
DIFF db0/src/main.o 1208 1240 tomo_db0::FlatStore::erase_in_read_local(int, unsigned long, tomo_db0::Slice, bool*)
DIFF db0/src/main.o 1343 1371 tomo_db0::FlatStore::insert_into_read_local(int, unsigned long, tomo_db0::KvObj*, bool)
DIFF db0/src/main.o 975 1004 tomo_db0::FlatStore::insert_into(int, unsigned long, tomo_db0::KvObj*, bool)
DIFF db0/src/main.o 808 840 tomo_db0::FlatStore::erase_in(int, unsigned long, tomo_db0::Slice, bool*)
DIFF db0/src/main.o 537 824 tomo_db0::WbEngine::serve_impl<false, true, false, true, false, false>(tomo_db0::Client&, bool*)::{lambda(tomo_db0::Op&)#1}::operator()(tomo_db0::Op&) const
DIFF db0/src/main.o 537 824 tomo_db0::WbEngine::serve_impl<false, true, false, false, false, false>(tomo_db0::Client&, bool*)::{lambda(tomo_db0::Op&)#1}::operator()(tomo_db0::Op&) const
DIFF db0/src/persist/aof.o 606 670 tomo_db0::FlatStore::erase_in_read_local(int, unsigned long, tomo_db0::Slice, bool*)
DIFF db0/src/persist/aof.o 1592 1640 tomo_db0::FlatStore::insert_into_read_local(int, unsigned long, tomo_db0::KvObj*, bool)
DIFF db0/src/persist/aof.o 692 740 tomo_db0::FlatStore::erase_in(int, unsigned long, tomo_db0::Slice, bool*)
DIFF db0/src/persist/aof.o 1271 1329 tomo_db0::FlatStore::insert_into(int, unsigned long, tomo_db0::KvObj*, bool)
DIFF db0/src/persist/aof.o 697 649 tomo_db0::FlatStore::find(unsigned long, tomo_db0::Slice)
DIFF db0/src/snapshot/snapshot.o 1014 1078 tomo_db0::FlatStore::erase_in_read_local(int, unsigned long, tomo_db0::Slice, bool*)
DIFF db0/src/snapshot/snapshot.o 1557 1621 tomo_db0::FlatStore::insert_into_read_local(int, unsigned long, tomo_db0::KvObj*, bool)
DIFF db0/src/snapshot/snapshot.o 692 740 tomo_db0::FlatStore::erase_in(int, unsigned long, tomo_db0::Slice, bool*)
DIFF db0/src/snapshot/snapshot.o 1361 1356 tomo_db0::FlatStore::insert_into(int, unsigned long, tomo_db0::KvObj*, bool)
DIFF db0/src/snapshot/snapshot.o 1287 1274 tomo_db0::FlatStore::insert_read_local(unsigned long, tomo_db0::KvObj*)
DIFF src/cmd/l4prebuild.o 1990 2018 tomo::FlatStore::insert_into_read_local(int, unsigned long, tomo::KvObj*, bool)
DIFF src/cmd/l4prebuild.o 1207 1198 tomo::FlatStore::erase_in_read_local(int, unsigned long, tomo::Slice, bool*)
DIFF src/cmd/l4prebuild.o 971 917 tomo::FlatStore::erase_in(int, unsigned long, tomo::Slice, bool*)
DIFF src/cmd/l4prebuild.o 1341 1309 tomo::FlatStore::find(unsigned long, tomo::Slice)
DIFF src/cmd/l4prebuild.o 1177 1090 tomo::FlatStore::find_notify(unsigned long, tomo::Slice, tomo::FlatNotifySink*)
DIFF src/cmd/l4prebuild.o 1448 1475 tomo::FlatStore::insert_into(int, unsigned long, tomo::KvObj*, bool)
DIFF src/cmd/l4prebuild.o 2042 2058 tomo::FlatStore::erase(unsigned long, tomo::Slice)
DIFF src/cmd/multidb.o 2304 2327 tomo::FlatStore::insert_into_read_local(int, unsigned long, tomo::KvObj*, bool)
DIFF src/cmd/multidb.o 1314 1305 tomo::FlatStore::erase_in_read_local(int, unsigned long, tomo::Slice, bool*)
DIFF src/cmd/multidb.o 1910 1878 tomo::FlatStore::insert_into(int, unsigned long, tomo::KvObj*, bool)
DIFF src/cmd/pfdebug.o 1298 1273 tomo::FlatStore::erase_in_read_local(int, unsigned long, tomo::Slice, bool*) [clone .isra.0]
DIFF src/cmd/pfdebug.o 2147 2143 tomo::FlatStore::find(unsigned long, tomo::Slice)
DIFF src/cmd/pfdebug.o 716 717 tomo::FlatStore::find_notify(unsigned long, tomo::Slice, tomo::FlatNotifySink*)
DIFF src/cmd/scripting.o 1990 2018 tomo::FlatStore::insert_into_read_local(int, unsigned long, tomo::KvObj*, bool)
DIFF src/cmd/scripting.o 1207 1198 tomo::FlatStore::erase_in_read_local(int, unsigned long, tomo::Slice, bool*)
DIFF src/cmd/scripting.o 1732 1693 tomo::FlatStore::insert_into(int, unsigned long, tomo::KvObj*, bool)
DIFF src/cmd/scripting.o 2799 3099 tomo::FlatStore::erase(unsigned long, tomo::Slice)
DIFF src/cmd/serialize.o 871 919 tomo::FlatStore::erase_in_read_local(int, unsigned long, tomo::Slice, bool*)
DIFF src/cmd/serialize.o 1405 1459 tomo::FlatStore::insert_into_read_local(int, unsigned long, tomo::KvObj*, bool)
DIFF src/cmd/serialize.o 580 628 tomo::FlatStore::erase_in(int, unsigned long, tomo::Slice, bool*)
DIFF src/cmd/serialize.o 1005 958 tomo::FlatStore::find(unsigned long, tomo::Slice)
DIFF src/cmd/serialize.o 782 798 tomo::FlatStore::find_notify(unsigned long, tomo::Slice, tomo::FlatNotifySink*)
DIFF src/cmd/serialize.o 1243 1301 tomo::FlatStore::insert_into(int, unsigned long, tomo::KvObj*, bool)
DIFF src/cmd/serialize.o 1320 1399 tomo::FlatStore::erase(unsigned long, tomo::Slice)
DIFF src/cmd/server_tail.o 1684 1682 tomo::FlatStore::erase_in(int, unsigned long, tomo::Slice, bool*) [clone .isra.0]
DIFF src/cmd/server_tail.o 553 505 tomo::FlatStore::find(unsigned long, tomo::Slice)
DIFF src/cmd/server_tail.o 1033 993 tomo::FlatStore::find_notify(unsigned long, tomo::Slice, tomo::FlatNotifySink*)
DIFF src/cmd/storesize.o 1404 1383 tomo::FlatStore::find_hash_in(int, unsigned long) const
DIFF src/cmd/t_hash.o 871 919 tomo::FlatStore::erase_in_read_local(int, unsigned long, tomo::Slice, bool*)
DIFF src/cmd/t_hash.o 1135 1163 tomo::FlatStore::insert_into_read_local(int, unsigned long, tomo::KvObj*, bool)
DIFF src/cmd/t_hash.o 580 628 tomo::FlatStore::erase_in(int, unsigned long, tomo::Slice, bool*)
DIFF src/cmd/t_hash.o 806 958 tomo::FlatStore::find(unsigned long, tomo::Slice)
DIFF src/cmd/t_hash.o 707 675 tomo::FlatStore::find_notify(unsigned long, tomo::Slice, tomo::FlatNotifySink*)
DIFF src/cmd/t_hash.o 942 970 tomo::FlatStore::insert_into(int, unsigned long, tomo::KvObj*, bool)
DIFF src/cmd/t_hash.o 737 705 tomo::FlatStore::insert_notify(unsigned long, tomo::KvObj*, tomo::FlatNotifySink*)
DIFF src/cmd/t_hash_ttl.o 2095 2707 tomo::FlatStore::erase(unsigned long, tomo::Slice) [clone .isra.0]
DIFF src/cmd/t_hash_ttl.o 1544 1478 tomo::FlatStore::erase_notify(unsigned long, tomo::Slice, tomo::FlatNotifySink*, tomo::FlatStore::EraseEvent) [clone .isra.0]
DIFF src/cmd/t_hash_ttl.o 2469 2009 tomo::FlatStore::insert_into_read_local(int, unsigned long, tomo::KvObj*, bool)
DIFF src/cmd/t_hash_ttl.o 1314 1198 tomo::FlatStore::erase_in_read_local(int, unsigned long, tomo::Slice, bool*)
DIFF src/cmd/t_hash_ttl.o 1837 1900 tomo::FlatStore::insert_into(int, unsigned long, tomo::KvObj*, bool)
DIFF src/cmd/t_hash_ttl.o 971 917 tomo::FlatStore::erase_in(int, unsigned long, tomo::Slice, bool*)
DIFF src/cmd/t_hash_ttl.o 1341 1309 tomo::FlatStore::find(unsigned long, tomo::Slice)
DIFF src/cmd/t_hash_ttl.o 1312 1090 tomo::FlatStore::find_notify(unsigned long, tomo::Slice, tomo::FlatNotifySink*)
DIFF src/cmd/t_list.o 737 746 tomo::FlatStore::erase_notify(unsigned long, tomo::Slice, tomo::FlatNotifySink*, tomo::FlatStore::EraseEvent) [clone .isra.0]
DIFF src/cmd/t_list.o 871 919 tomo::FlatStore::erase_in_read_local(int, unsigned long, tomo::Slice, bool*)
DIFF src/cmd/t_list.o 1345 1384 tomo::FlatStore::insert_into_read_local(int, unsigned long, tomo::KvObj*, bool)
DIFF src/cmd/t_list.o 580 628 tomo::FlatStore::erase_in(int, unsigned long, tomo::Slice, bool*)
DIFF src/cmd/t_list.o 1005 958 tomo::FlatStore::find(unsigned long, tomo::Slice)
DIFF src/cmd/t_list.o 782 734 tomo::FlatStore::find_notify(unsigned long, tomo::Slice, tomo::FlatNotifySink*)
DIFF src/cmd/t_list.o 942 970 tomo::FlatStore::insert_into(int, unsigned long, tomo::KvObj*, bool)
DIFF src/cmd/t_list.o 1320 1320 tomo::FlatStore::erase(unsigned long, tomo::Slice)
DIFF src/cmd/t_list.o 737 705 tomo::FlatStore::insert_notify(unsigned long, tomo::KvObj*, tomo::FlatNotifySink*)
DIFF src/cmd/t_server.o 1311 1287 tomo::FlatStore::erase_in(int, unsigned long, tomo::Slice, bool*) [clone .isra.0]
DIFF src/cmd/t_set.o 625 602 tomo::FlatStore::erase_notify(unsigned long, tomo::Slice, tomo::FlatNotifySink*, tomo::FlatStore::EraseEvent) [clone .isra.0]
DIFF src/cmd/t_set.o 871 919 tomo::FlatStore::erase_in_read_local(int, unsigned long, tomo::Slice, bool*)
DIFF src/cmd/t_set.o 1135 1163 tomo::FlatStore::insert_into_read_local(int, unsigned long, tomo::KvObj*, bool)
DIFF src/cmd/t_set.o 580 628 tomo::FlatStore::erase_in(int, unsigned long, tomo::Slice, bool*)
DIFF src/cmd/t_set.o 774 649 tomo::FlatStore::find(unsigned long, tomo::Slice)
DIFF src/cmd/t_set.o 707 675 tomo::FlatStore::find_notify(unsigned long, tomo::Slice, tomo::FlatNotifySink*)
DIFF src/cmd/t_set.o 942 970 tomo::FlatStore::insert_into(int, unsigned long, tomo::KvObj*, bool)
DIFF src/cmd/t_set.o 1242 1190 tomo::FlatStore::insert_read_local(unsigned long, tomo::KvObj*)
DIFF src/cmd/t_set.o 1376 1319 tomo::FlatStore::insert(unsigned long, tomo::KvObj*)
DIFF src/cmd/t_set.o 737 705 tomo::FlatStore::insert_notify(unsigned long, tomo::KvObj*, tomo::FlatNotifySink*)
DIFF src/cmd/t_stream.o 871 919 tomo::FlatStore::erase_in_read_local(int, unsigned long, tomo::Slice, bool*)
DIFF src/cmd/t_stream.o 1135 1163 tomo::FlatStore::insert_into_read_local(int, unsigned long, tomo::KvObj*, bool)
DIFF src/cmd/t_stream.o 580 628 tomo::FlatStore::erase_in(int, unsigned long, tomo::Slice, bool*)
DIFF src/cmd/t_stream.o 553 649 tomo::FlatStore::find(unsigned long, tomo::Slice)
DIFF src/cmd/t_stream.o 846 798 tomo::FlatStore::find_notify(unsigned long, tomo::Slice, tomo::FlatNotifySink*)
DIFF src/cmd/t_stream.o 942 970 tomo::FlatStore::insert_into(int, unsigned long, tomo::KvObj*, bool)
DIFF src/cmd/t_stream.o 737 705 tomo::FlatStore::insert_notify(unsigned long, tomo::KvObj*, tomo::FlatNotifySink*)
DIFF src/cmd/t_stream_groups.o 1042 1033 tomo::FlatStore::erase_in_read_local(int, unsigned long, tomo::Slice, bool*) [clone .isra.0]
DIFF src/cmd/t_stream_groups.o 1644 1596 tomo::FlatStore::find(unsigned long, tomo::Slice)
DIFF src/cmd/t_stream_groups.o 569 552 tomo::FlatStore::find_notify(unsigned long, tomo::Slice, tomo::FlatNotifySink*)
DIFF src/cmd/t_string.o 2201 2219 void tomo::(anonymous namespace)::cmd_set<false>(tomo::Shard&, tomo::Op&)
DIFF src/cmd/t_string.o 871 919 tomo::FlatStore::erase_in_read_local(int, unsigned long, tomo::Slice, bool*)
DIFF src/cmd/t_string.o 1345 1384 tomo::FlatStore::insert_into_read_local(int, unsigned long, tomo::KvObj*, bool)
DIFF src/cmd/t_string.o 580 628 tomo::FlatStore::erase_in(int, unsigned long, tomo::Slice, bool*)
DIFF src/cmd/t_string.o 806 774 tomo::FlatStore::find(unsigned long, tomo::Slice)
DIFF src/cmd/t_string.o 1165 1193 tomo::FlatStore::insert_into(int, unsigned long, tomo::KvObj*, bool)
DIFF src/cmd/t_string.o 819 1320 tomo::FlatStore::erase(unsigned long, tomo::Slice)
DIFF src/cmd/t_string_notify.o 2182 2208 void tomo::(anonymous namespace)::cmd_set<true>(tomo::Shard&, tomo::Op&)
DIFF src/cmd/t_string_notify.o 871 919 tomo::FlatStore::erase_in_read_local(int, unsigned long, tomo::Slice, bool*)
DIFF src/cmd/t_string_notify.o 1345 1384 tomo::FlatStore::insert_into_read_local(int, unsigned long, tomo::KvObj*, bool)
DIFF src/cmd/t_string_notify.o 580 628 tomo::FlatStore::erase_in(int, unsigned long, tomo::Slice, bool*)
DIFF src/cmd/t_string_notify.o 1232 1384 tomo::FlatStore::find_notify(unsigned long, tomo::Slice, tomo::FlatNotifySink*)
DIFF src/cmd/t_string_notify.o 1165 1193 tomo::FlatStore::insert_into(int, unsigned long, tomo::KvObj*, bool)
DIFF src/cmd/t_string_notify.o 1320 1320 tomo::FlatStore::erase(unsigned long, tomo::Slice)
DIFF src/cmd/t_string_notify.o 673 746 tomo::FlatStore::erase_notify(unsigned long, tomo::Slice, tomo::FlatNotifySink*, tomo::FlatStore::EraseEvent)
DIFF src/cmd/t_zset.o 673 682 tomo::FlatStore::erase_notify(unsigned long, tomo::Slice, tomo::FlatNotifySink*, tomo::FlatStore::EraseEvent) [clone .isra.0]
DIFF src/cmd/t_zset.o 871 919 tomo::FlatStore::erase_in_read_local(int, unsigned long, tomo::Slice, bool*)
DIFF src/cmd/t_zset.o 1345 1384 tomo::FlatStore::insert_into_read_local(int, unsigned long, tomo::KvObj*, bool)
DIFF src/cmd/t_zset.o 580 628 tomo::FlatStore::erase_in(int, unsigned long, tomo::Slice, bool*)
DIFF src/cmd/t_zset.o 974 958 tomo::FlatStore::find(unsigned long, tomo::Slice)
DIFF src/cmd/t_zset.o 707 675 tomo::FlatStore::find_notify(unsigned long, tomo::Slice, tomo::FlatNotifySink*)
DIFF src/cmd/t_zset.o 942 970 tomo::FlatStore::insert_into(int, unsigned long, tomo::KvObj*, bool)
DIFF src/cmd/t_zset.o 737 705 tomo::FlatStore::insert_notify(unsigned long, tomo::KvObj*, tomo::FlatNotifySink*)
DIFF src/cmd/xshard.o 871 919 tomo::FlatStore::erase_in_read_local(int, unsigned long, tomo::Slice, bool*)
DIFF src/cmd/xshard.o 1132 1160 tomo::FlatStore::insert_into_read_local(int, unsigned long, tomo::KvObj*, bool)
DIFF src/cmd/xshard.o 1014 970 tomo::FlatStore::insert_into(int, unsigned long, tomo::KvObj*, bool)
DIFF src/cmd/xshard.o 783 831 tomo::FlatStore::erase_in(int, unsigned long, tomo::Slice, bool*)
DIFF src/cmd/xshard.o 806 958 tomo::FlatStore::find(unsigned long, tomo::Slice)
DIFF src/cmd/xshard.o 846 798 tomo::FlatStore::find_notify(unsigned long, tomo::Slice, tomo::FlatNotifySink*)
DIFF src/cmd/xshard.o 1109 1109 tomo::FlatStore::erase(unsigned long, tomo::Slice)
DIFF src/cmd/xshard.o 1590 1590 tomo::FlatStore::insert_read_local(unsigned long, tomo::KvObj*)
DIFF src/cmd/xshard.o 737 705 tomo::FlatStore::insert_notify(unsigned long, tomo::KvObj*, tomo::FlatNotifySink*)
DIFF src/cmd/xshard.o 812 794 tomo::FlatStore::erase_notify(unsigned long, tomo::Slice, tomo::FlatNotifySink*, tomo::FlatStore::EraseEvent)
DIFF src/core/genthread.o 373 0 tomo::FlatStore::find_hash_in(int, unsigned long) const
DIFF src/core/genthread.o 1464 1492 tomo::FlatStore::insert_into_read_local(int, unsigned long, tomo::KvObj*, bool)
DIFF src/core/genthread.o 871 919 tomo::FlatStore::erase_in_read_local(int, unsigned long, tomo::Slice, bool*)
DIFF src/core/genthread.o 1018 1046 tomo::FlatStore::insert_into(int, unsigned long, tomo::KvObj*, bool)
DIFF src/core/genthread.o 783 831 tomo::FlatStore::erase_in(int, unsigned long, tomo::Slice, bool*)
DIFF src/core/genthread.o 910 910 tomo::FlatStore::erase(unsigned long, tomo::Slice)
DIFF src/core/reorder.o 1631 1669 tomo::FlatStore::insert_into_read_local(int, unsigned long, tomo::KvObj*, bool)
DIFF src/core/reorder.o 1166 1198 tomo::FlatStore::erase_in_read_local(int, unsigned long, tomo::Slice, bool*)
DIFF src/core/reorder.o 1213 1240 tomo::FlatStore::insert_into(int, unsigned long, tomo::KvObj*, bool)
DIFF src/core/reorder.o 885 917 tomo::FlatStore::erase_in(int, unsigned long, tomo::Slice, bool*)
DIFF src/core/reorder.o 1144 1144 tomo::FlatStore::erase(unsigned long, tomo::Slice)
DIFF src/core/reorder.o 2404 2644 unsigned int tomo::IoLoop::r7_flush_ready<false, false, true, false, true, false>()
DIFF src/core/rl2s.o 373 0 tomo::FlatStore::find_hash_in(int, unsigned long) const
DIFF src/core/rl2s.o 871 919 tomo::FlatStore::erase_in_read_local(int, unsigned long, tomo::Slice, bool*)
DIFF src/core/rl2s.o 1135 1163 tomo::FlatStore::insert_into_read_local(int, unsigned long, tomo::KvObj*, bool)
DIFF src/core/rl2s.o 942 970 tomo::FlatStore::insert_into(int, unsigned long, tomo::KvObj*, bool)
DIFF src/core/rl2s.o 580 628 tomo::FlatStore::erase_in(int, unsigned long, tomo::Slice, bool*)
DIFF src/core/rl2s.o 910 910 tomo::FlatStore::erase(unsigned long, tomo::Slice)
DIFF src/core/rl2s.o 772 852 auto tomo::IoLoop::parse_and_dispatch<true, 0u, true, true>(tomo::Client*)::{lambda(auto:1&&)#1}::operator()<tomo::IoLoop::parse_and_dispatch<true, 0u, true, true>(tomo::Client*)::{lambda(unsigned long)#1}::operator()(unsigned long) const::{lambda(tomo::Op const&)#1}>(tomo::IoLoop::parse_and_dispatch<true, 0u, true, true>(tomo::Client*)::{lambda(unsigned long)#1}::operator()(unsigned long) const::{lambda(tomo::Op const&)#1}&&) const
DIFF src/core/rl2s.o 772 852 auto tomo::IoLoop::parse_and_dispatch<true, 0u, true, true>(tomo::Client*)::{lambda(auto:1&&)#4}::operator()<tomo::IoLoop::parse_and_dispatch<true, 0u, true, true>(tomo::Client*)::{lambda(unsigned long)#5}::operator()(unsigned long) const::{lambda(tomo::Op const&)#1}>(tomo::IoLoop::parse_and_dispatch<true, 0u, true, true>(tomo::Client*)::{lambda(unsigned long)#5}::operator()(unsigned long) const::{lambda(tomo::Op const&)#1}&&) const
DIFF src/core/rl2s.o 852 772 auto tomo::IoLoop::parse_and_dispatch<false, 0u, true, true>(tomo::Client*)::{lambda(auto:1&&)#1}::operator()<tomo::IoLoop::parse_and_dispatch<false, 0u, true, true>(tomo::Client*)::{lambda(unsigned long)#1}::operator()(unsigned long) const::{lambda(tomo::Op const&)#1}>(tomo::IoLoop::parse_and_dispatch<false, 0u, true, true>(tomo::Client*)::{lambda(unsigned long)#1}::operator()(unsigned long) const::{lambda(tomo::Op const&)#1}&&) const
DIFF src/core/rl2s.o 852 772 auto tomo::IoLoop::parse_and_dispatch<false, 0u, true, true>(tomo::Client*)::{lambda(auto:1&&)#4}::operator()<tomo::IoLoop::parse_and_dispatch<false, 0u, true, true>(tomo::Client*)::{lambda(unsigned long)#5}::operator()(unsigned long) const::{lambda(tomo::Op const&)#1}>(tomo::IoLoop::parse_and_dispatch<false, 0u, true, true>(tomo::Client*)::{lambda(unsigned long)#5}::operator()(unsigned long) const::{lambda(tomo::Op const&)#1}&&) const
DIFF src/core/rl2s.o 745 745 void tomo::IoLoop::on_cqe<true, true, true, (unsigned char)0>(io_uring_cqe*)
DIFF src/core/rl2s.o 3866 3882 void tomo::IoLoop::run_loop<false, false, false, true, (unsigned char)1, true>()
DIFF src/main.o 1602 1618 bool tomo::IoLoop::drive_tls<true, false, (unsigned char)1>(tomo::Client*) [clone .isra.0]
DIFF src/main.o 1464 1492 tomo::FlatStore::insert_into_read_local(int, unsigned long, tomo::KvObj*, bool)
DIFF src/main.o 1044 1092 tomo::FlatStore::erase_in_read_local(int, unsigned long, tomo::Slice, bool*)
DIFF src/main.o 1018 1046 tomo::FlatStore::insert_into(int, unsigned long, tomo::KvObj*, bool)
DIFF src/main.o 783 831 tomo::FlatStore::erase_in(int, unsigned long, tomo::Slice, bool*)
DIFF src/main.o 910 910 tomo::FlatStore::erase(unsigned long, tomo::Slice)
DIFF src/main.o 4044 4332 void tomo::IoLoop::run_loop<false, true, false, false, (unsigned char)0, false>()
DIFF src/main.o 4136 4421 void tomo::IoLoop::run_loop<true, true, false, false, (unsigned char)0, false>()
DIFF src/main.o 4092 4380 void tomo::IoLoop::run_loop<true, false, false, false, (unsigned char)0, false>()
DIFF src/persist/aof.o 538 586 tomo::FlatStore::erase_in_read_local(int, unsigned long, tomo::Slice, bool*)
DIFF src/persist/aof.o 1405 1459 tomo::FlatStore::insert_into_read_local(int, unsigned long, tomo::KvObj*, bool)
DIFF src/persist/aof.o 580 628 tomo::FlatStore::erase_in(int, unsigned long, tomo::Slice, bool*)
DIFF src/persist/aof.o 1243 1301 tomo::FlatStore::insert_into(int, unsigned long, tomo::KvObj*, bool)
DIFF src/persist/aof.o 1005 958 tomo::FlatStore::find(unsigned long, tomo::Slice)
DIFF src/snapshot/snapshot.o 540 346 tomo::FlatStore::find_in(int, unsigned long, tomo::Slice) const
DIFF src/snapshot/snapshot.o 871 919 tomo::FlatStore::erase_in_read_local(int, unsigned long, tomo::Slice, bool*)
DIFF src/snapshot/snapshot.o 1405 1459 tomo::FlatStore::insert_into_read_local(int, unsigned long, tomo::KvObj*, bool)
DIFF src/snapshot/snapshot.o 621 628 tomo::FlatStore::erase_in(int, unsigned long, tomo::Slice, bool*)
DIFF src/snapshot/snapshot.o 1243 1301 tomo::FlatStore::insert_into(int, unsigned long, tomo::KvObj*, bool)
DIFF src/snapshot/snapshot.o 1527 1511 tomo::FlatStore::insert_read_local(unsigned long, tomo::KvObj*)
