topology: 1 L3 domain(s)
  domain  0: 8 cpus [112,113,114,115,116,117,118,119]
tomokv-cpp: 8 threads (6 io + 2 ex), 16 shard(s), thread-mode=2s, overlap=0, io_uring, alloc=jemalloc, reorder=0, read-local=0
  thread t0: role=ifid cpu=112 L3=0 shards=0
  thread t1: role=ifid cpu=113 L3=0 shards=0
  thread t2: role=ifid cpu=114 L3=0 shards=0
  thread t3: role=ifid cpu=115 L3=0 shards=0
  thread t4: role=ifid cpu=116 L3=0 shards=0
  thread t5: role=ifid cpu=117 L3=0 shards=0
  thread t6: role=ex cpu=118 L3=0 shards=8
  thread t7: role=ex cpu=119 L3=0 shards=8
listening on 127.0.0.1:18340
persistence: enabled=0 posted=0 flushed=0 durable=0 refused=0 pending_chunks=0 producers_with_pending=0 drain_gave_up=0 failed=0

thread role          ops      iters   busy_ms   idle_ms    cpu_ms   wake_tx  wake_rx
t0     io              0        337       0.1     286.9       0.5         0        1
io_tenure t0/0 busy_ns=105600 idle_ns=286879127 entry_ns=3160529167072058 begin_ns=3160529167072098 end_ns=3160529454056825 exit_ns=3160529454056945 role_exit=0 stopped=1
t1     io              0        347       0.1     286.5       0.5         0        1
io_tenure t1/0 busy_ns=100031 idle_ns=286514145 entry_ns=3160529167438889 begin_ns=3160529167438989 end_ns=3160529454053165 exit_ns=3160529454053294 role_exit=0 stopped=1
t2     io              0        326       0.1     286.5       0.6         0        1
io_tenure t2/0 busy_ns=97410 idle_ns=286534565 entry_ns=3160529167421509 begin_ns=3160529167421559 end_ns=3160529454053534 exit_ns=3160529454053665 role_exit=0 stopped=1
t3     io              1        293       0.2     286.4       0.7         1        4
io_tenure t3/0 busy_ns=246652 idle_ns=286443403 entry_ns=3160529167365089 begin_ns=3160529167365139 end_ns=3160529454055194 exit_ns=3160529454055325 role_exit=0 stopped=1
t4     io              0        319       0.1     286.5       0.5         0        1
io_tenure t4/0 busy_ns=94260 idle_ns=286505716 entry_ns=3160529167473169 begin_ns=3160529167473199 end_ns=3160529454073175 exit_ns=3160529454073205 role_exit=0 stopped=1
t5     io              4        225       0.8     286.1       1.2         5        8
io_tenure t5/0 busy_ns=801581 idle_ns=286119305 entry_ns=3160529167134868 begin_ns=3160529167134908 end_ns=3160529454055794 exit_ns=3160529454055914 role_exit=0 stopped=1
t6     ex             13      14916       0.1     284.0       5.2         4        4
t7     ex              8      14389       0.0     283.8       5.0         0        0
wb: retired=10 direct=2 sends=10/10 short=0 err=0 peer_aborts=0 bytes=10353 zc_sends=0 zc_bytes=0 zc_releases=0 serves=14 empty=4
tls: accepts=0 handshakes=0/0 failed=0 freed=0 want_read=0 want_write=0 cipher_in=0 plain_in=0 cipher_out=0 plain_out=0 zc_suppressed=0 ktls_active=0 ktls_fallback=0
stuck: live_conns=0 rob_not_quiesced=0 unsent_bytes_pending=0 | slots done=0 issued=0 free=0 flag_set=0
shutdown: dispatched=5 executed=21 accepts=3 accept_err=0 rearm=0 sqe_starved=0 notify_drop=0
shutdown_report {"schema":1,"thread_mode":"2s","work":{"kind":"split","dispatched":5,"executed":21},"threads":[{"tid":0,"role":"io","ops":0,"iterations":337,"busy_ns":105600,"idle_ns":286879127,"cpu_ns":465950,"wake_tx":0,"wake_rx":1,"io_tenures":[{"entry_ns":3160529167072058,"begin_ns":3160529167072098,"end_ns":3160529454056825,"exit_ns":3160529454056945,"busy_ns":105600,"idle_ns":286879127,"role_exit":false,"stopped":true,"did_submit":0,"sweep_submit":0,"park":0}]},{"tid":1,"role":"io","ops":0,"iterations":347,"busy_ns":100031,"idle_ns":286514145,"cpu_ns":500820,"wake_tx":0,"wake_rx":1,"io_tenures":[{"entry_ns":3160529167438889,"begin_ns":3160529167438989,"end_ns":3160529454053165,"exit_ns":3160529454053294,"busy_ns":100031,"idle_ns":286514145,"role_exit":false,"stopped":true,"did_submit":0,"sweep_submit":0,"park":0}]},{"tid":2,"role":"io","ops":0,"iterations":326,"busy_ns":97410,"idle_ns":286534565,"cpu_ns":555720,"wake_tx":0,"wake_rx":1,"io_tenures":[{"entry_ns":3160529167421509,"begin_ns":3160529167421559,"end_ns":3160529454053534,"exit_ns":3160529454053665,"busy_ns":97410,"idle_ns":286534565,"role_exit":false,"stopped":true,"did_submit":0,"sweep_submit":0,"park":0}]},{"tid":3,"role":"io","ops":1,"iterations":293,"busy_ns":246652,"idle_ns":286443403,"cpu_ns":689420,"wake_tx":1,"wake_rx":4,"io_tenures":[{"entry_ns":3160529167365089,"begin_ns":3160529167365139,"end_ns":3160529454055194,"exit_ns":3160529454055325,"busy_ns":246652,"idle_ns":286443403,"role_exit":false,"stopped":true,"did_submit":0,"sweep_submit":0,"park":0}]},{"tid":4,"role":"io","ops":0,"iterations":319,"busy_ns":94260,"idle_ns":286505716,"cpu_ns":542800,"wake_tx":0,"wake_rx":1,"io_tenures":[{"entry_ns":3160529167473169,"begin_ns":3160529167473199,"end_ns":3160529454073175,"exit_ns":3160529454073205,"busy_ns":94260,"idle_ns":286505716,"role_exit":false,"stopped":true,"did_submit":0,"sweep_submit":0,"park":0}]},{"tid":5,"role":"io","ops":4,"iterations":225,"busy_ns":801581,"idle_ns":286119305,"cpu_ns":1190060,"wake_tx":5,"wake_rx":8,"io_tenures":[{"entry_ns":3160529167134868,"begin_ns":3160529167134908,"end_ns":3160529454055794,"exit_ns":3160529454055914,"busy_ns":801581,"idle_ns":286119305,"role_exit":false,"stopped":true,"did_submit":0,"sweep_submit":0,"park":0}]},{"tid":6,"role":"ex","ops":13,"iterations":14916,"busy_ns":90609,"idle_ns":283991599,"cpu_ns":5214330,"wake_tx":4,"wake_rx":4,"io_tenures":[]},{"tid":7,"role":"ex","ops":8,"iterations":14389,"busy_ns":33980,"idle_ns":283757467,"cpu_ns":4958720,"wake_tx":0,"wake_rx":0,"io_tenures":[]}],"wb":{"retired":10,"direct":2,"sends_completed":10,"sends_submitted":10,"short_writes":0,"send_errors":0,"peer_aborts":0,"bytes_sent":10353,"zc_sends":0,"zc_bytes":0,"zc_releases":0,"serves":14,"serves_empty":4},"tls":{"accepts":0,"handshakes_completed":0,"handshakes_started":0,"handshakes_failed":0,"connections_freed":0,"want_read":0,"want_write":0,"ciphertext_input_bytes":0,"plaintext_input_bytes":0,"ciphertext_output_bytes":0,"plaintext_output_bytes":0,"zc_suppressed":0,"ktls_active":0,"ktls_fallback":0},"stuck":{"live_conns":0,"rob_not_quiesced":0,"unsent_bytes_pending":0,"slots_done":0,"slots_issued":0,"slots_free":0,"flag_set":0},"epoll":{"enabled":false,"events":0,"recvs":0},"persistence":{"enabled":false,"recording":false,"failed":false,"drain_gave_up":false,"posted":0,"flushed":0,"durable":0,"refused":0,"pending_chunks":0,"records_written":0,"producers_with_pending":0,"producers_stopped":0,"producers_expected":0,"completions_pending":0},"accept":{"accepts":3,"accept_err":0,"rearm":0,"sqe_starved":0,"notify_drop":0}}
