topology: 1 L3 domain(s)
  domain  0: 8 cpus [112,113,114,115,116,117,118,119]
tomokv-cpp: 8 unified threads, 16 shard(s), thread-mode=1s, overlap=0 (executor prefetch; ordinary IO), io_uring, alloc=jemalloc, reorder=0, read-local=1
  thread t0: role=unified cpu=112 L3=0 shards=2 send=self
  thread t1: role=unified cpu=113 L3=0 shards=2 send=self
  thread t2: role=unified cpu=114 L3=0 shards=2 send=self
  thread t3: role=unified cpu=115 L3=0 shards=2 send=self
  thread t4: role=unified cpu=116 L3=0 shards=2 send=self
  thread t5: role=unified cpu=117 L3=0 shards=2 send=self
  thread t6: role=unified cpu=118 L3=0 shards=2 send=self
  thread t7: role=unified cpu=119 L3=0 shards=2 send=self
listening on 127.0.0.1:18179
persistence: enabled=0 posted=0 flushed=0 durable=0 refused=0 pending_chunks=0 producers_with_pending=0 drain_gave_up=0 failed=0

thread role          ops      iters   busy_ms   idle_ms    cpu_ms   wake_tx  wake_rx
t0     uni            73      62434      37.0    5787.9      38.6        29       73
io_tenure t0/0 busy_ns=37044267 idle_ns=5787891564 entry_ns=2984339708333334 begin_ns=2984339708333365 end_ns=2984345533269196 exit_ns=2984345533269356 role_exit=0 stopped=1
t1     uni            80      12571       8.8    5816.1      10.3        15       60
io_tenure t1/0 busy_ns=8812826 idle_ns=5816134326 entry_ns=2984339708321014 begin_ns=2984339708321044 end_ns=2984345533268196 exit_ns=2984345533268336 role_exit=0 stopped=1
t2     uni          4189      10277     147.3    5677.6     161.3       208      240
io_tenure t2/0 busy_ns=147336224 idle_ns=5677613448 entry_ns=2984339708318874 begin_ns=2984339708318904 end_ns=2984345533268576 exit_ns=2984345533268716 role_exit=0 stopped=1
t3     uni            81      12879       9.3    5815.7      10.6        20       69
io_tenure t3/0 busy_ns=9288675 idle_ns=5815670987 entry_ns=2984339708319134 begin_ns=2984339708319154 end_ns=2984345533278816 exit_ns=2984345533278845 role_exit=0 stopped=1
t4     uni            83      17081      11.7    5813.3      13.0        15       63
io_tenure t4/0 busy_ns=11670777 idle_ns=5813279765 entry_ns=2984339708319284 begin_ns=2984339708319314 end_ns=2984345533269856 exit_ns=2984345533269996 role_exit=0 stopped=1
t5     uni            74      24311      15.6    5809.3      17.0        22       66
io_tenure t5/0 busy_ns=15637436 idle_ns=5809302395 entry_ns=2984339708327454 begin_ns=2984339708327485 end_ns=2984345533267316 exit_ns=2984345533267456 role_exit=0 stopped=1
t6     uni            77      34393      20.8    5804.2      22.2        16       59
io_tenure t6/0 busy_ns=20785143 idle_ns=5804163738 entry_ns=2984339708318044 begin_ns=2984339708318064 end_ns=2984345533266945 exit_ns=2984345533267085 role_exit=0 stopped=1
t7     uni            73      27292      17.0    5807.9      18.3        22       64
io_tenure t7/0 busy_ns=17003129 idle_ns=5807945513 entry_ns=2984339708318084 begin_ns=2984339708318334 end_ns=2984345533266976 exit_ns=2984345533267116 role_exit=0 stopped=1
wb: retired=3361 direct=2048 sends=3361/3361 short=0 err=0 peer_aborts=0 bytes=6338765 zc_sends=0 zc_bytes=0 zc_releases=0 serves=3909 empty=548
tls: accepts=0 handshakes=0/0 failed=0 freed=0 want_read=0 want_write=0 cipher_in=0 plain_in=0 cipher_out=0 plain_out=0 zc_suppressed=0 ktls_active=0 ktls_fallback=0
stuck: live_conns=0 rob_not_quiesced=0 unsent_bytes_pending=0 | slots done=0 issued=0 free=0 flag_set=0
shutdown: unified_work=4730 accepts=50 accept_err=0 rearm=0 sqe_starved=0 notify_drop=0
shutdown_report {"schema":1,"thread_mode":"1s","work":{"kind":"fused","unified":4730},"threads":[{"tid":0,"role":"fused","ops":73,"iterations":62434,"busy_ns":37044267,"idle_ns":5787891564,"cpu_ns":38593822,"wake_tx":29,"wake_rx":73,"io_tenures":[{"entry_ns":2984339708333334,"begin_ns":2984339708333365,"end_ns":2984345533269196,"exit_ns":2984345533269356,"busy_ns":37044267,"idle_ns":5787891564,"role_exit":false,"stopped":true,"did_submit":0,"sweep_submit":0,"park":0}]},{"tid":1,"role":"fused","ops":80,"iterations":12571,"busy_ns":8812826,"idle_ns":5816134326,"cpu_ns":10280604,"wake_tx":15,"wake_rx":60,"io_tenures":[{"entry_ns":2984339708321014,"begin_ns":2984339708321044,"end_ns":2984345533268196,"exit_ns":2984345533268336,"busy_ns":8812826,"idle_ns":5816134326,"role_exit":false,"stopped":true,"did_submit":0,"sweep_submit":0,"park":0}]},{"tid":2,"role":"fused","ops":4189,"iterations":10277,"busy_ns":147336224,"idle_ns":5677613448,"cpu_ns":161315665,"wake_tx":208,"wake_rx":240,"io_tenures":[{"entry_ns":2984339708318874,"begin_ns":2984339708318904,"end_ns":2984345533268576,"exit_ns":2984345533268716,"busy_ns":147336224,"idle_ns":5677613448,"role_exit":false,"stopped":true,"did_submit":0,"sweep_submit":0,"park":0}]},{"tid":3,"role":"fused","ops":81,"iterations":12879,"busy_ns":9288675,"idle_ns":5815670987,"cpu_ns":10647831,"wake_tx":20,"wake_rx":69,"io_tenures":[{"entry_ns":2984339708319134,"begin_ns":2984339708319154,"end_ns":2984345533278816,"exit_ns":2984345533278845,"busy_ns":9288675,"idle_ns":5815670987,"role_exit":false,"stopped":true,"did_submit":0,"sweep_submit":0,"park":0}]},{"tid":4,"role":"fused","ops":83,"iterations":17081,"busy_ns":11670777,"idle_ns":5813279765,"cpu_ns":12962111,"wake_tx":15,"wake_rx":63,"io_tenures":[{"entry_ns":2984339708319284,"begin_ns":2984339708319314,"end_ns":2984345533269856,"exit_ns":2984345533269996,"busy_ns":11670777,"idle_ns":5813279765,"role_exit":false,"stopped":true,"did_submit":0,"sweep_submit":0,"park":0}]},{"tid":5,"role":"fused","ops":74,"iterations":24311,"busy_ns":15637436,"idle_ns":5809302395,"cpu_ns":16952849,"wake_tx":22,"wake_rx":66,"io_tenures":[{"entry_ns":2984339708327454,"begin_ns":2984339708327485,"end_ns":2984345533267316,"exit_ns":2984345533267456,"busy_ns":15637436,"idle_ns":5809302395,"role_exit":false,"stopped":true,"did_submit":0,"sweep_submit":0,"park":0}]},{"tid":6,"role":"fused","ops":77,"iterations":34393,"busy_ns":20785143,"idle_ns":5804163738,"cpu_ns":22172459,"wake_tx":16,"wake_rx":59,"io_tenures":[{"entry_ns":2984339708318044,"begin_ns":2984339708318064,"end_ns":2984345533266945,"exit_ns":2984345533267085,"busy_ns":20785143,"idle_ns":5804163738,"role_exit":false,"stopped":true,"did_submit":0,"sweep_submit":0,"park":0}]},{"tid":7,"role":"fused","ops":73,"iterations":27292,"busy_ns":17003129,"idle_ns":5807945513,"cpu_ns":18283981,"wake_tx":22,"wake_rx":64,"io_tenures":[{"entry_ns":2984339708318084,"begin_ns":2984339708318334,"end_ns":2984345533266976,"exit_ns":2984345533267116,"busy_ns":17003129,"idle_ns":5807945513,"role_exit":false,"stopped":true,"did_submit":0,"sweep_submit":0,"park":0}]}],"wb":{"retired":3361,"direct":2048,"sends_completed":3361,"sends_submitted":3361,"short_writes":0,"send_errors":0,"peer_aborts":0,"bytes_sent":6338765,"zc_sends":0,"zc_bytes":0,"zc_releases":0,"serves":3909,"serves_empty":548},"tls":{"accepts":0,"handshakes_completed":0,"handshakes_started":0,"handshakes_failed":0,"connections_freed":0,"want_read":0,"want_write":0,"ciphertext_input_bytes":0,"plaintext_input_bytes":0,"ciphertext_output_bytes":0,"plaintext_output_bytes":0,"zc_suppressed":0,"ktls_active":0,"ktls_fallback":0},"stuck":{"live_conns":0,"rob_not_quiesced":0,"unsent_bytes_pending":0,"slots_done":0,"slots_issued":0,"slots_free":0,"flag_set":0},"epoll":{"enabled":false,"events":0,"recvs":0},"persistence":{"enabled":false,"recording":false,"failed":false,"drain_gave_up":false,"posted":0,"flushed":0,"durable":0,"refused":0,"pending_chunks":0,"records_written":0,"producers_with_pending":0,"producers_stopped":0,"producers_expected":0,"completions_pending":0},"accept":{"accepts":50,"accept_err":0,"rearm":0,"sqe_starved":0,"notify_drop":0}}
