topology: 1 L3 domain(s)
  domain  0: 8 cpus [112,113,114,115,116,117,118,119]
tomokv-cpp: 8 unified threads, 16 shard(s), thread-mode=1s, overlap=0 (executor prefetch; ordinary IO), io_uring, alloc=jemalloc, reorder=0, read-local=1
  thread t0: role=unified cpu=112 L3=0 shards=2 send=self
  thread t1: role=unified cpu=113 L3=0 shards=2 send=self
  thread t2: role=unified cpu=114 L3=0 shards=2 send=self
  thread t3: role=unified cpu=115 L3=0 shards=2 send=self
  thread t4: role=unified cpu=116 L3=0 shards=2 send=self
  thread t5: role=unified cpu=117 L3=0 shards=2 send=self
  thread t6: role=unified cpu=118 L3=0 shards=2 send=self
  thread t7: role=unified cpu=119 L3=0 shards=2 send=self
listening on 127.0.0.1:18179
persistence: enabled=0 posted=0 flushed=0 durable=0 refused=0 pending_chunks=0 producers_with_pending=0 drain_gave_up=0 failed=0

thread role          ops      iters   busy_ms   idle_ms    cpu_ms   wake_tx  wake_rx
t0     uni             0          3       0.0     114.1       0.6         0        0
io_tenure t0/0 busy_ns=44280 idle_ns=114118118 entry_ns=2982808276035567 begin_ns=2982808276035597 end_ns=2982808390197995 exit_ns=2982808390198125 role_exit=0 stopped=1
t1     uni             0          3       0.1     114.1       0.5         0        0
io_tenure t1/0 busy_ns=52100 idle_ns=114123188 entry_ns=2982808276029947 begin_ns=2982808276029977 end_ns=2982808390205265 exit_ns=2982808390205295 role_exit=0 stopped=1
t2     uni             0          3       0.0     114.1       0.6         0        0
io_tenure t2/0 busy_ns=45340 idle_ns=114116478 entry_ns=2982808276035157 begin_ns=2982808276035187 end_ns=2982808390197005 exit_ns=2982808390197135 role_exit=0 stopped=1
t3     uni             0          3       0.0     114.1       0.5         0        0
io_tenure t3/0 busy_ns=36970 idle_ns=114120308 entry_ns=2982808276039917 begin_ns=2982808276039937 end_ns=2982808390197215 exit_ns=2982808390197405 role_exit=0 stopped=1
t4     uni          4097       6185      17.3      96.9      24.5         1        2
io_tenure t4/0 busy_ns=17298365 idle_ns=96854833 entry_ns=2982808276038257 begin_ns=2982808276038277 end_ns=2982808390191475 exit_ns=2982808390191605 role_exit=0 stopped=1
t5     uni             1          5       0.1     114.1       0.6         1        2
io_tenure t5/0 busy_ns=75690 idle_ns=114091418 entry_ns=2982808276029927 begin_ns=2982808276029957 end_ns=2982808390197065 exit_ns=2982808390197355 role_exit=0 stopped=1
t6     uni             0          3       0.0     114.1       0.5         0        0
io_tenure t6/0 busy_ns=46860 idle_ns=114109088 entry_ns=2982808276036027 begin_ns=2982808276036237 end_ns=2982808390192185 exit_ns=2982808390192305 role_exit=0 stopped=1
t7     uni             0          3       0.1     114.1       0.6         0        0
io_tenure t7/0 busy_ns=53420 idle_ns=114110558 entry_ns=2982808276031897 begin_ns=2982808276031917 end_ns=2982808390195895 exit_ns=2982808390195925 role_exit=0 stopped=1
wb: retired=2059 direct=2048 sends=2059/2059 short=0 err=0 peer_aborts=0 bytes=76958 zc_sends=0 zc_bytes=0 zc_releases=0 serves=2059 empty=0
tls: accepts=0 handshakes=0/0 failed=0 freed=0 want_read=0 want_write=0 cipher_in=0 plain_in=0 cipher_out=0 plain_out=0 zc_suppressed=0 ktls_active=0 ktls_fallback=0
stuck: live_conns=0 rob_not_quiesced=0 unsent_bytes_pending=0 | slots done=0 issued=0 free=0 flag_set=0
shutdown: unified_work=4098 accepts=1 accept_err=0 rearm=0 sqe_starved=0 notify_drop=0
shutdown_report {"schema":1,"thread_mode":"1s","work":{"kind":"fused","unified":4098},"threads":[{"tid":0,"role":"fused","ops":0,"iterations":3,"busy_ns":44280,"idle_ns":114118118,"cpu_ns":589910,"wake_tx":0,"wake_rx":0,"io_tenures":[{"entry_ns":2982808276035567,"begin_ns":2982808276035597,"end_ns":2982808390197995,"exit_ns":2982808390198125,"busy_ns":44280,"idle_ns":114118118,"role_exit":false,"stopped":true,"did_submit":0,"sweep_submit":0,"park":0}]},{"tid":1,"role":"fused","ops":0,"iterations":3,"busy_ns":52100,"idle_ns":114123188,"cpu_ns":546580,"wake_tx":0,"wake_rx":0,"io_tenures":[{"entry_ns":2982808276029947,"begin_ns":2982808276029977,"end_ns":2982808390205265,"exit_ns":2982808390205295,"busy_ns":52100,"idle_ns":114123188,"role_exit":false,"stopped":true,"did_submit":0,"sweep_submit":0,"park":0}]},{"tid":2,"role":"fused","ops":0,"iterations":3,"busy_ns":45340,"idle_ns":114116478,"cpu_ns":580130,"wake_tx":0,"wake_rx":0,"io_tenures":[{"entry_ns":2982808276035157,"begin_ns":2982808276035187,"end_ns":2982808390197005,"exit_ns":2982808390197135,"busy_ns":45340,"idle_ns":114116478,"role_exit":false,"stopped":true,"did_submit":0,"sweep_submit":0,"park":0}]},{"tid":3,"role":"fused","ops":0,"iterations":3,"busy_ns":36970,"idle_ns":114120308,"cpu_ns":545210,"wake_tx":0,"wake_rx":0,"io_tenures":[{"entry_ns":2982808276039917,"begin_ns":2982808276039937,"end_ns":2982808390197215,"exit_ns":2982808390197405,"busy_ns":36970,"idle_ns":114120308,"role_exit":false,"stopped":true,"did_submit":0,"sweep_submit":0,"park":0}]},{"tid":4,"role":"fused","ops":4097,"iterations":6185,"busy_ns":17298365,"idle_ns":96854833,"cpu_ns":24540010,"wake_tx":1,"wake_rx":2,"io_tenures":[{"entry_ns":2982808276038257,"begin_ns":2982808276038277,"end_ns":2982808390191475,"exit_ns":2982808390191605,"busy_ns":17298365,"idle_ns":96854833,"role_exit":false,"stopped":true,"did_submit":0,"sweep_submit":0,"park":0}]},{"tid":5,"role":"fused","ops":1,"iterations":5,"busy_ns":75690,"idle_ns":114091418,"cpu_ns":554640,"wake_tx":1,"wake_rx":2,"io_tenures":[{"entry_ns":2982808276029927,"begin_ns":2982808276029957,"end_ns":2982808390197065,"exit_ns":2982808390197355,"busy_ns":75690,"idle_ns":114091418,"role_exit":false,"stopped":true,"did_submit":0,"sweep_submit":0,"park":0}]},{"tid":6,"role":"fused","ops":0,"iterations":3,"busy_ns":46860,"idle_ns":114109088,"cpu_ns":511590,"wake_tx":0,"wake_rx":0,"io_tenures":[{"entry_ns":2982808276036027,"begin_ns":2982808276036237,"end_ns":2982808390192185,"exit_ns":2982808390192305,"busy_ns":46860,"idle_ns":114109088,"role_exit":false,"stopped":true,"did_submit":0,"sweep_submit":0,"park":0}]},{"tid":7,"role":"fused","ops":0,"iterations":3,"busy_ns":53420,"idle_ns":114110558,"cpu_ns":567830,"wake_tx":0,"wake_rx":0,"io_tenures":[{"entry_ns":2982808276031897,"begin_ns":2982808276031917,"end_ns":2982808390195895,"exit_ns":2982808390195925,"busy_ns":53420,"idle_ns":114110558,"role_exit":false,"stopped":true,"did_submit":0,"sweep_submit":0,"park":0}]}],"wb":{"retired":2059,"direct":2048,"sends_completed":2059,"sends_submitted":2059,"short_writes":0,"send_errors":0,"peer_aborts":0,"bytes_sent":76958,"zc_sends":0,"zc_bytes":0,"zc_releases":0,"serves":2059,"serves_empty":0},"tls":{"accepts":0,"handshakes_completed":0,"handshakes_started":0,"handshakes_failed":0,"connections_freed":0,"want_read":0,"want_write":0,"ciphertext_input_bytes":0,"plaintext_input_bytes":0,"ciphertext_output_bytes":0,"plaintext_output_bytes":0,"zc_suppressed":0,"ktls_active":0,"ktls_fallback":0},"stuck":{"live_conns":0,"rob_not_quiesced":0,"unsent_bytes_pending":0,"slots_done":0,"slots_issued":0,"slots_free":0,"flag_set":0},"epoll":{"enabled":false,"events":0,"recvs":0},"persistence":{"enabled":false,"recording":false,"failed":false,"drain_gave_up":false,"posted":0,"flushed":0,"durable":0,"refused":0,"pending_chunks":0,"records_written":0,"producers_with_pending":0,"producers_stopped":0,"producers_expected":0,"completions_pending":0},"accept":{"accepts":1,"accept_err":0,"rearm":0,"sqe_starved":0,"notify_drop":0}}
