  row budget: 900s; median=2.455s; correctness-plan-fallback; s6 battery (atomic 0)
  s6 battery (atomic 0)                                ok
  row budget: 900s; median=2.07s; correctness-plan-fallback; multi_exec battery (atomic 0)
  multi_exec battery (atomic 0)                        ok
  row budget: 900s; median=1.52s; correctness-plan-fallback; blocking battery (atomic 0)
  blocking battery (atomic 0)                          ok
  row budget: 900s; median=0.48s; correctness-plan-fallback; blockmulti battery (atomic 0)
  blockmulti battery (atomic 0)                        ok
  row budget: 900s; median=0.495s; correctness-plan-fallback; stream battery (atomic 0)
  stream battery (atomic 0)                            ok
  row budget: 900s; median=0.04s; correctness-plan-fallback; streamgroups battery (atomic 0)
  streamgroups battery (atomic 0)                      ok
  row budget: 900s; median=0.89s; correctness-plan-fallback; pubsub battery (atomic 0)
  pubsub battery (atomic 0)                            ok
  row budget: 900s; median=0.03s; correctness-plan-fallback; lua_scripting battery (atomic 0)
  lua_scripting battery (atomic 0)                     ok
  row budget: 900s; median=0.04s; correctness-plan-fallback; scriptsurf battery (atomic 0)
  scriptsurf battery (atomic 0)                        ok
  row budget: 900s; median=15.075s; correctness-plan-fallback; limits battery (atomic 0)
  limits battery (atomic 0)                            ok
  row budget: 900s; median=0.03s; correctness-plan-fallback; resp3 battery (atomic 0)
  resp3 battery (atomic 0)                             ok
  row budget: 900s; median=0.03s; correctness-plan-fallback; bitfield battery (atomic 0)
  bitfield battery (atomic 0)                          ok
  row budget: 900s; median=0.06s; correctness-plan-fallback; dumprestore battery (atomic 0)
  dumprestore battery (atomic 0)                       ok
  row budget: 900s; median=0.04s; correctness-plan-fallback; zsetops battery (atomic 0)
  zsetops battery (atomic 0)                           ok
  row budget: 900s; median=0.02s; correctness-plan-fallback; geo battery (atomic 0)
  geo battery (atomic 0)                               ok
  row budget: 900s; median=1.125s; correctness-plan-fallback; climon battery (atomic 0)
  climon battery (atomic 0)                            ok
  row budget: 900s; median=3.32s; correctness-plan-fallback; climon2 battery (atomic 0)
  climon2 battery (atomic 0)                           ok
  row budget: 900s; median=13.71s; correctness-plan-fallback; tracking battery (atomic 0)
  tracking battery (atomic 0)                          ok
  row budget: 900s; median=3.45s; correctness-plan-fallback; hexpire battery (atomic 0)
  hexpire battery (atomic 0)                           ok
  row budget: 900s; median=2.55s; correctness-plan-fallback; servertail battery (atomic 0)
  servertail battery (atomic 0)                        ok
  row budget: 900s; median=0.15s; correctness-plan-fallback; lcs battery (atomic 0)
  lcs battery (atomic 0)                               ok
  row budget: 900s; median=1.79s; correctness-plan-fallback; concur battery (atomic 0)
  concur battery (atomic 0)                            ok
  row budget: 900s; median=0.58s; correctness-plan-fallback; edgeproto battery (atomic 0)
  edgeproto battery (atomic 0)                         ok
  row budget: 900s; median=0.34s; correctness-plan-fallback; edgeenc battery (atomic 0)
  edgeenc battery (atomic 0)                           ok
  row budget: 900s; median=4.08s; correctness-plan-fallback; edgetime battery (atomic 0)
  edgetime battery (atomic 0)                          ok
  row budget: 900s; median=0.02s; correctness-plan-fallback; arity battery (atomic 0)
  arity battery (atomic 0)                             ok
  row budget: 900s; median=0.03s; correctness-plan-fallback; contarity battery (atomic 0)
  contarity battery (atomic 0)                         ok
  row budget: 900s; median=0.02s; correctness-plan-fallback; cmdgap battery (atomic 0)
  cmdgap battery (atomic 0)                            ok
  row budget: 900s; median=0.03s; correctness-plan-fallback; aclsel battery (atomic 0)
  aclsel battery (atomic 0)                            ok
  row budget: 900s; median=51.35s; correctness-plan-fallback; expwide battery (atomic 0)
  expwide battery (atomic 0)                           ok
  row budget: 900s; median=0.14s; correctness-plan-fallback; infofix battery (atomic 0)
  infofix battery (atomic 0)                           ok
  row budget: 900s; median=2.93s; correctness-plan-fallback; pushtear battery (atomic 0)
  pushtear battery (atomic 0)                          ok
  row budget: 900s; median=0.03s; correctness-plan-fallback; netcmd battery (atomic 0)
  netcmd battery (atomic 0)                            ok
  row budget: 900s; median=0.02s; correctness-plan-fallback; feature shutdown invariants (atomic 0)
  feature shutdown invariants (atomic 0)               ok
