topology: 1 L3 domain(s)
  domain  0: 8 cpus [112,113,114,115,116,117,118,119]
tomokv-cpp: 8 threads (6 io + 2 ex), 16 shard(s), thread-mode=2s, overlap=0, io_uring, alloc=jemalloc, reorder=0, read-local=0
  thread t0: role=ifid cpu=112 L3=0 shards=0
  thread t1: role=ifid cpu=113 L3=0 shards=0
  thread t2: role=ifid cpu=114 L3=0 shards=0
  thread t3: role=ifid cpu=115 L3=0 shards=0
  thread t4: role=ifid cpu=116 L3=0 shards=0
  thread t5: role=ifid cpu=117 L3=0 shards=0
  thread t6: role=ex cpu=118 L3=0 shards=8
  thread t7: role=ex cpu=119 L3=0 shards=8
listening on 127.0.0.1:18340
persistence: enabled=0 posted=0 flushed=0 durable=0 refused=0 pending_chunks=0 producers_with_pending=0 drain_gave_up=0 failed=0

thread role          ops      iters   busy_ms   idle_ms    cpu_ms   wake_tx  wake_rx
t0     io              0        461       0.2    2361.6       0.9         0        1
io_tenure t0/0 busy_ns=221400 idle_ns=2361558098 entry_ns=3160518948378358 begin_ns=3160518948378388 end_ns=3160521310157886 exit_ns=3160521310157916 role_exit=0 stopped=1
t1     io              1        488       0.6    2361.3       1.3         2        4
io_tenure t1/0 busy_ns=572394 idle_ns=2361329024 entry_ns=3160518948245088 begin_ns=3160518948245128 end_ns=3160521310146546 exit_ns=3160521310146686 role_exit=0 stopped=1
t2     io              4        237       0.8    2360.8       1.5         5        9
io_tenure t2/0 busy_ns=811213 idle_ns=2360769724 entry_ns=3160518948562299 begin_ns=3160518948562349 end_ns=3160521310143286 exit_ns=3160521310143316 role_exit=0 stopped=1
t3     io              0        390       0.2    2361.6       0.9         1        2
io_tenure t3/0 busy_ns=211512 idle_ns=2361629996 entry_ns=3160518948305888 begin_ns=3160518948305928 end_ns=3160521310147436 exit_ns=3160521310147566 role_exit=0 stopped=1
t4     io              0        395       0.2    2361.3       0.9         0        1
io_tenure t4/0 busy_ns=214114 idle_ns=2361324643 entry_ns=3160518948604489 begin_ns=3160518948604529 end_ns=3160521310143286 exit_ns=3160521310143506 role_exit=0 stopped=1
t5     io              0        391       0.2    2361.4       0.9         0        1
io_tenure t5/0 busy_ns=213306 idle_ns=2361410511 entry_ns=3160518948520969 begin_ns=3160518948521009 end_ns=3160521310144826 exit_ns=3160521310144976 role_exit=0 stopped=1
t6     ex              8      98375       0.0    2338.3      32.0         0        0
t7     ex             12     100872       0.1    2337.5      32.8         3        4
wb: retired=9 direct=2 sends=8/8 short=0 err=0 peer_aborts=0 bytes=10277 zc_sends=0 zc_bytes=0 zc_releases=0 serves=13 empty=4
tls: accepts=0 handshakes=0/0 failed=0 freed=0 want_read=0 want_write=0 cipher_in=0 plain_in=0 cipher_out=0 plain_out=0 zc_suppressed=0 ktls_active=0 ktls_fallback=0
stuck: live_conns=0 rob_not_quiesced=0 unsent_bytes_pending=0 | slots done=0 issued=0 free=0 flag_set=0
shutdown: dispatched=5 executed=20 accepts=3 accept_err=0 rearm=0 sqe_starved=0 notify_drop=0
shutdown_report {"schema":1,"thread_mode":"2s","work":{"kind":"split","dispatched":5,"executed":20},"threads":[{"tid":0,"role":"io","ops":0,"iterations":461,"busy_ns":221400,"idle_ns":2361558098,"cpu_ns":886319,"wake_tx":0,"wake_rx":1,"io_tenures":[{"entry_ns":3160518948378358,"begin_ns":3160518948378388,"end_ns":3160521310157886,"exit_ns":3160521310157916,"busy_ns":221400,"idle_ns":2361558098,"role_exit":false,"stopped":true,"did_submit":0,"sweep_submit":0,"park":0}]},{"tid":1,"role":"io","ops":1,"iterations":488,"busy_ns":572394,"idle_ns":2361329024,"cpu_ns":1273960,"wake_tx":2,"wake_rx":4,"io_tenures":[{"entry_ns":3160518948245088,"begin_ns":3160518948245128,"end_ns":3160521310146546,"exit_ns":3160521310146686,"busy_ns":572394,"idle_ns":2361329024,"role_exit":false,"stopped":true,"did_submit":0,"sweep_submit":0,"park":0}]},{"tid":2,"role":"io","ops":4,"iterations":237,"busy_ns":811213,"idle_ns":2360769724,"cpu_ns":1466047,"wake_tx":5,"wake_rx":9,"io_tenures":[{"entry_ns":3160518948562299,"begin_ns":3160518948562349,"end_ns":3160521310143286,"exit_ns":3160521310143316,"busy_ns":811213,"idle_ns":2360769724,"role_exit":false,"stopped":true,"did_submit":0,"sweep_submit":0,"park":0}]},{"tid":3,"role":"io","ops":0,"iterations":390,"busy_ns":211512,"idle_ns":2361629996,"cpu_ns":868509,"wake_tx":1,"wake_rx":2,"io_tenures":[{"entry_ns":3160518948305888,"begin_ns":3160518948305928,"end_ns":3160521310147436,"exit_ns":3160521310147566,"busy_ns":211512,"idle_ns":2361629996,"role_exit":false,"stopped":true,"did_submit":0,"sweep_submit":0,"park":0}]},{"tid":4,"role":"io","ops":0,"iterations":395,"busy_ns":214114,"idle_ns":2361324643,"cpu_ns":901150,"wake_tx":0,"wake_rx":1,"io_tenures":[{"entry_ns":3160518948604489,"begin_ns":3160518948604529,"end_ns":3160521310143286,"exit_ns":3160521310143506,"busy_ns":214114,"idle_ns":2361324643,"role_exit":false,"stopped":true,"did_submit":0,"sweep_submit":0,"park":0}]},{"tid":5,"role":"io","ops":0,"iterations":391,"busy_ns":213306,"idle_ns":2361410511,"cpu_ns":901571,"wake_tx":0,"wake_rx":1,"io_tenures":[{"entry_ns":3160518948520969,"begin_ns":3160518948521009,"end_ns":3160521310144826,"exit_ns":3160521310144976,"busy_ns":213306,"idle_ns":2361410511,"role_exit":false,"stopped":true,"did_submit":0,"sweep_submit":0,"park":0}]},{"tid":6,"role":"ex","ops":8,"iterations":98375,"busy_ns":40200,"idle_ns":2338286298,"cpu_ns":31950251,"wake_tx":0,"wake_rx":0,"io_tenures":[]},{"tid":7,"role":"ex","ops":12,"iterations":100872,"busy_ns":84091,"idle_ns":2337510300,"cpu_ns":32775320,"wake_tx":3,"wake_rx":4,"io_tenures":[]}],"wb":{"retired":9,"direct":2,"sends_completed":8,"sends_submitted":8,"short_writes":0,"send_errors":0,"peer_aborts":0,"bytes_sent":10277,"zc_sends":0,"zc_bytes":0,"zc_releases":0,"serves":13,"serves_empty":4},"tls":{"accepts":0,"handshakes_completed":0,"handshakes_started":0,"handshakes_failed":0,"connections_freed":0,"want_read":0,"want_write":0,"ciphertext_input_bytes":0,"plaintext_input_bytes":0,"ciphertext_output_bytes":0,"plaintext_output_bytes":0,"zc_suppressed":0,"ktls_active":0,"ktls_fallback":0},"stuck":{"live_conns":0,"rob_not_quiesced":0,"unsent_bytes_pending":0,"slots_done":0,"slots_issued":0,"slots_free":0,"flag_set":0},"epoll":{"enabled":false,"events":0,"recvs":0},"persistence":{"enabled":false,"recording":false,"failed":false,"drain_gave_up":false,"posted":0,"flushed":0,"durable":0,"refused":0,"pending_chunks":0,"records_written":0,"producers_with_pending":0,"producers_stopped":0,"producers_expected":0,"completions_pending":0},"accept":{"accepts":3,"accept_err":0,"rearm":0,"sqe_starved":0,"notify_drop":0}}
