g++ -std=c++20 -O2 -g -Wall -Wextra -march=native -pthread -DTOMO_DUAL_DATABASE --param inline-unit-growth=0 --param large-unit-insns=146503 -DTOMO_JEMALLOC -I. -c src/main.cc -o /home/user/Projects/cx-aoffix2/build/aoffix2/pad/src/main.o
g++ -std=c++20 -O2 -g -Wall -Wextra -march=native -pthread -DTOMO_JEMALLOC -I. -c src/net/tls.cc -o /home/user/Projects/cx-aoffix2/build/aoffix2/pad/src/net/tls.o
g++ -std=c++20 -O2 -g -Wall -Wextra -march=native -pthread -DTOMO_JEMALLOC -I. -c src/cmd/commands.cc -o /home/user/Projects/cx-aoffix2/build/aoffix2/pad/src/cmd/commands.o
g++ -std=c++20 -O2 -g -Wall -Wextra -march=native -pthread -DTOMO_JEMALLOC -I. -c src/cmd/glob.cc -o /home/user/Projects/cx-aoffix2/build/aoffix2/pad/src/cmd/glob.o
g++ -std=c++20 -O2 -g -Wall -Wextra -march=native -pthread --param inline-unit-growth=0 --param large-unit-insns=127791 -DTOMO_JEMALLOC -I. -c src/cmd/xshard.cc -o /home/user/Projects/cx-aoffix2/build/aoffix2/pad/src/cmd/xshard.o
g++ -std=c++20 -O2 -g -Wall -Wextra -march=native -pthread --param inline-unit-growth=0 --param large-unit-insns=34630 -DTOMO_JEMALLOC -I. -c src/cmd/acl.cc -o /home/user/Projects/cx-aoffix2/build/aoffix2/pad/src/cmd/acl.o
g++ -std=c++20 -O2 -g -Wall -Wextra -march=native -pthread -DTOMO_JEMALLOC -I. -c src/cmd/hll.cc -o /home/user/Projects/cx-aoffix2/build/aoffix2/pad/src/cmd/hll.o
g++ -std=c++20 -O2 -g -Wall -Wextra -march=native -pthread --param inline-unit-growth=0 --param large-unit-insns=31297 -DTOMO_JEMALLOC -I. -c src/cmd/t_server.cc -o /home/user/Projects/cx-aoffix2/build/aoffix2/pad/src/cmd/t_server.o
g++ -std=c++20 -O2 -g -Wall -Wextra -march=native -pthread --param large-unit-insns=10600 -DTOMO_JEMALLOC -I. -c src/cmd/t_string.cc -o /home/user/Projects/cx-aoffix2/build/aoffix2/pad/src/cmd/t_string.o
g++ -std=c++20 -O2 -g -Wall -Wextra -march=native -pthread -DTOMO_JEMALLOC -I. -c src/cmd/t_string_notify.cc -o /home/user/Projects/cx-aoffix2/build/aoffix2/pad/src/cmd/t_string_notify.o
g++ -std=c++20 -O2 -g -Wall -Wextra -march=native -pthread -DTOMO_JEMALLOC -I. -c src/cmd/t_hash.cc -o /home/user/Projects/cx-aoffix2/build/aoffix2/pad/src/cmd/t_hash.o
g++ -std=c++20 -O2 -g -Wall -Wextra -march=native -pthread -DTOMO_JEMALLOC -I. -c src/cmd/t_hash_ttl.cc -o /home/user/Projects/cx-aoffix2/build/aoffix2/pad/src/cmd/t_hash_ttl.o
g++ -std=c++20 -O2 -g -Wall -Wextra -march=native -pthread --param inline-unit-growth=0 --param large-unit-insns=25338 -DTOMO_JEMALLOC -I. -c src/cmd/t_list.cc -o /home/user/Projects/cx-aoffix2/build/aoffix2/pad/src/cmd/t_list.o
g++ -std=c++20 -O2 -g -Wall -Wextra -march=native -pthread --param inline-unit-growth=0 --param large-unit-insns=23568 -DTOMO_JEMALLOC -I. -c src/cmd/t_set.cc -o /home/user/Projects/cx-aoffix2/build/aoffix2/pad/src/cmd/t_set.o
g++ -std=c++20 -O2 -g -Wall -Wextra -march=native -pthread --param inline-unit-growth=0 --param large-unit-insns=33395 -DTOMO_JEMALLOC -I. -c src/cmd/t_zset.cc -o /home/user/Projects/cx-aoffix2/build/aoffix2/pad/src/cmd/t_zset.o
g++ -std=c++20 -O2 -g -Wall -Wextra -march=native -pthread -DTOMO_JEMALLOC -I. -c src/cmd/t_zset_ops.cc -o /home/user/Projects/cx-aoffix2/build/aoffix2/pad/src/cmd/t_zset_ops.o
g++ -std=c++20 -O2 -g -Wall -Wextra -march=native -pthread --param inline-unit-growth=0 --param large-unit-insns=14410 -DTOMO_JEMALLOC -I. -c src/cmd/geo.cc -o /home/user/Projects/cx-aoffix2/build/aoffix2/pad/src/cmd/geo.o
g++ -std=c++20 -O2 -g -Wall -Wextra -march=native -pthread -DTOMO_JEMALLOC -I. -c src/cmd/t_stream.cc -o /home/user/Projects/cx-aoffix2/build/aoffix2/pad/src/cmd/t_stream.o
g++ -std=c++20 -O2 -g -Wall -Wextra -march=native -pthread -DTOMO_JEMALLOC -I. -c src/cmd/t_stream_groups.cc -o /home/user/Projects/cx-aoffix2/build/aoffix2/pad/src/cmd/t_stream_groups.o
g++ -std=c++20 -O2 -g -Wall -Wextra -march=native -pthread -DTOMO_JEMALLOC -I. -c src/cmd/scripting.cc -o /home/user/Projects/cx-aoffix2/build/aoffix2/pad/src/cmd/scripting.o
g++ -std=c++20 -O2 -g -Wall -Wextra -march=native -pthread -DTOMO_JEMALLOC -I. -c src/cmd/functions.cc -o /home/user/Projects/cx-aoffix2/build/aoffix2/pad/src/cmd/functions.o
g++ -std=c++20 -O2 -g -Wall -Wextra -march=native -pthread -DTOMO_JEMALLOC -I. -c src/cmd/serialize.cc -o /home/user/Projects/cx-aoffix2/build/aoffix2/pad/src/cmd/serialize.o
g++ -std=c++20 -O2 -g -Wall -Wextra -march=native -pthread --param inline-unit-growth=0 --param large-unit-insns=14584 -DTOMO_JEMALLOC -I. -c src/snapshot/snapshot.cc -o /home/user/Projects/cx-aoffix2/build/aoffix2/pad/src/snapshot/snapshot.o
g++ -std=c++20 -O2 -g -Wall -Wextra -march=native -pthread -DTOMO_JEMALLOC -I. -c src/persist/aof.cc -o /home/user/Projects/cx-aoffix2/build/aoffix2/pad/src/persist/aof.o
g++ -std=c++20 -O2 -g -Wall -Wextra -march=native -pthread --param inline-unit-growth=0 --param large-unit-insns=25735 -DTOMO_JEMALLOC -I. -c src/cmd/climon.cc -o /home/user/Projects/cx-aoffix2/build/aoffix2/pad/src/cmd/climon.o
g++ -std=c++20 -O2 -g -Wall -Wextra -march=native -pthread -DTOMO_JEMALLOC -I. -c src/cmd/tracking.cc -o /home/user/Projects/cx-aoffix2/build/aoffix2/pad/src/cmd/tracking.o
g++ -std=c++20 -O2 -g -Wall -Wextra -march=native -pthread -DTOMO_JEMALLOC -I. -c src/cmd/server_tail.cc -o /home/user/Projects/cx-aoffix2/build/aoffix2/pad/src/cmd/server_tail.o
g++ -std=c++20 -O2 -g -Wall -Wextra -march=native -pthread -DTOMO_JEMALLOC -I. -c src/cmd/slowlog.cc -o /home/user/Projects/cx-aoffix2/build/aoffix2/pad/src/cmd/slowlog.o
g++ -std=c++20 -O2 -g -Wall -Wextra -march=native -pthread -DTOMO_JEMALLOC -I. -c src/cmd/lcs.cc -o /home/user/Projects/cx-aoffix2/build/aoffix2/pad/src/cmd/lcs.o
g++ -std=c++20 -O2 -g -Wall -Wextra -march=native -pthread -DTOMO_JEMALLOC -I. -c src/cmd/info_stats.cc -o /home/user/Projects/cx-aoffix2/build/aoffix2/pad/src/cmd/info_stats.o
g++ -std=c++20 -O2 -g -Wall -Wextra -march=native -pthread -DTOMO_JEMALLOC -I. -c src/cmd/lbsignals.cc -o /home/user/Projects/cx-aoffix2/build/aoffix2/pad/src/cmd/lbsignals.o
g++ -std=c++20 -O2 -g -Wall -Wextra -march=native -pthread -DTOMO_JEMALLOC -I. -c src/core/flipctl.cc -o /home/user/Projects/cx-aoffix2/build/aoffix2/pad/src/core/flipctl.o
g++ -std=c++20 -O2 -g -Wall -Wextra -march=native -pthread --param inline-unit-growth=0 --param large-unit-insns=128865 -DTOMO_JEMALLOC -I. -c src/core/genthread.cc -o /home/user/Projects/cx-aoffix2/build/aoffix2/pad/src/core/genthread.o
g++ -std=c++20 -O2 -g -Wall -Wextra -march=native -pthread --param inline-unit-growth=0 --param large-unit-insns=161715 -DTOMO_JEMALLOC -I. -c src/core/rl2s.cc -o /home/user/Projects/cx-aoffix2/build/aoffix2/pad/src/core/rl2s.o
g++ -std=c++20 -O2 -g -Wall -Wextra -march=native -pthread -DTOMO_JEMALLOC -I. -c src/core/lbstall.cc -o /home/user/Projects/cx-aoffix2/build/aoffix2/pad/src/core/lbstall.o
g++ -std=c++20 -O2 -g -Wall -Wextra -march=native -pthread -DTOMO_JEMALLOC -I. -c src/core/lbplanner.cc -o /home/user/Projects/cx-aoffix2/build/aoffix2/pad/src/core/lbplanner.o
g++ -std=c++20 -O2 -g -Wall -Wextra -march=native -pthread -DTOMO_JEMALLOC -I. -c src/cmd/l4prebuild.cc -o /home/user/Projects/cx-aoffix2/build/aoffix2/pad/src/cmd/l4prebuild.o
g++ -std=c++20 -O2 -g -Wall -Wextra -march=native -pthread -DTOMO_JEMALLOC -I. -c src/cmd/cmdgap.cc -o /home/user/Projects/cx-aoffix2/build/aoffix2/pad/src/cmd/cmdgap.o
g++ -std=c++20 -O2 -g -Wall -Wextra -march=native -pthread -DTOMO_JEMALLOC -I. -c src/cmd/pfdebug.cc -o /home/user/Projects/cx-aoffix2/build/aoffix2/pad/src/cmd/pfdebug.o
g++ -std=c++20 -O2 -g -Wall -Wextra -march=native -pthread -DTOMO_JEMALLOC -I. -c src/cmd/cmdmeta.cc -o /home/user/Projects/cx-aoffix2/build/aoffix2/pad/src/cmd/cmdmeta.o
g++ -std=c++20 -O2 -g -Wall -Wextra -march=native -pthread -DTOMO_JEMALLOC -I. -c src/cmd/t_sort.cc -o /home/user/Projects/cx-aoffix2/build/aoffix2/pad/src/cmd/t_sort.o
g++ -std=c++20 -O2 -g -Wall -Wextra -march=native -pthread -DTOMO_JEMALLOC -I. -c src/cmd/multidb.cc -o /home/user/Projects/cx-aoffix2/build/aoffix2/pad/src/cmd/multidb.o
g++ -std=c++20 -O2 -g -Wall -Wextra -march=native -pthread -DTOMO_JEMALLOC -I. -c src/cmd/storesize.cc -o /home/user/Projects/cx-aoffix2/build/aoffix2/pad/src/cmd/storesize.o
g++ -std=c++20 -O2 -g -Wall -Wextra -march=native -pthread -DTOMO_JEMALLOC -I. -c src/cmd/multi_admin.cc -o /home/user/Projects/cx-aoffix2/build/aoffix2/pad/src/cmd/multi_admin.o
g++ -std=c++20 -O2 -g -Wall -Wextra -march=native -pthread -DTOMO_JEMALLOC -I. -c src/core/reorder.cc -o /home/user/Projects/cx-aoffix2/build/aoffix2/pad/src/core/reorder.o
g++ -std=c++20 -O2 -g -Wall -Wextra -march=native -pthread -DTOMO_JEMALLOC -I. -c src/cmd/geo_store.cc -o /home/user/Projects/cx-aoffix2/build/aoffix2/pad/src/cmd/geo_store.o
g++ -std=c++20 -O2 -g -Wall -Wextra -march=native -pthread -DTOMO_JEMALLOC -I. -c src/persist/aof_frame_debug.cc -o /home/user/Projects/cx-aoffix2/build/aoffix2/pad/src/persist/aof_frame_debug.o
g++ -std=c++20 -O2 -g -Wall -Wextra -march=native -pthread -DTOMO_JEMALLOC -I. -c src/cmd/aclkeys.cc -o /home/user/Projects/cx-aoffix2/build/aoffix2/pad/src/cmd/aclkeys.o
g++ -std=c++20 -O2 -g -Wall -Wextra -march=native -pthread -DTOMO_JEMALLOC -I. -c src/cmd/blocking_debug.cc -o /home/user/Projects/cx-aoffix2/build/aoffix2/pad/src/cmd/blocking_debug.o
g++ -std=c++20 -O2 -g -Wall -Wextra -march=native -pthread -DTOMO_JEMALLOC -I. -c src/core/version.cc -o /home/user/Projects/cx-aoffix2/build/aoffix2/pad/src/core/version.o
g++ -std=c++20 -O2 -g -Wall -Wextra -march=native -pthread --param inline-unit-growth=0 --param large-unit-insns=146540 --param max-inline-insns-auto=18 -DTOMO_JEMALLOC -DTOMO_SINGLE_DATABASE=1 -Dtomo=tomo_db0 -I. -c src/main.cc -o /home/user/Projects/cx-aoffix2/build/aoffix2/pad/db0/src/main.o
g++ -std=c++20 -O2 -g -Wall -Wextra -march=native -pthread -DTOMO_JEMALLOC -DTOMO_SINGLE_DATABASE=1 -Dtomo=tomo_db0 -I. -c src/net/tls.cc -o /home/user/Projects/cx-aoffix2/build/aoffix2/pad/db0/src/net/tls.o
g++ -std=c++20 -O2 -g -Wall -Wextra -march=native -pthread -DTOMO_JEMALLOC -DTOMO_SINGLE_DATABASE=1 -Dtomo=tomo_db0 -I. -c src/cmd/commands.cc -o /home/user/Projects/cx-aoffix2/build/aoffix2/pad/db0/src/cmd/commands.o
g++ -std=c++20 -O2 -g -Wall -Wextra -march=native -pthread -DTOMO_JEMALLOC -DTOMO_SINGLE_DATABASE=1 -Dtomo=tomo_db0 -I. -c src/cmd/glob.cc -o /home/user/Projects/cx-aoffix2/build/aoffix2/pad/db0/src/cmd/glob.o
g++ -std=c++20 -O2 -g -Wall -Wextra -march=native -pthread --param inline-unit-growth=0 --param large-unit-insns=126391 -DTOMO_JEMALLOC -DTOMO_SINGLE_DATABASE=1 -Dtomo=tomo_db0 -I. -c src/cmd/xshard.cc -o /home/user/Projects/cx-aoffix2/build/aoffix2/pad/db0/src/cmd/xshard.o
g++ -std=c++20 -O2 -g -Wall -Wextra -march=native -pthread --param inline-unit-growth=0 --param large-unit-insns=34550 -DTOMO_JEMALLOC -DTOMO_SINGLE_DATABASE=1 -Dtomo=tomo_db0 -I. -c src/cmd/acl.cc -o /home/user/Projects/cx-aoffix2/build/aoffix2/pad/db0/src/cmd/acl.o
g++ -std=c++20 -O2 -g -Wall -Wextra -march=native -pthread -DTOMO_JEMALLOC -DTOMO_SINGLE_DATABASE=1 -Dtomo=tomo_db0 -I. -c src/cmd/hll.cc -o /home/user/Projects/cx-aoffix2/build/aoffix2/pad/db0/src/cmd/hll.o
g++ -std=c++20 -O2 -g -Wall -Wextra -march=native -pthread --param inline-unit-growth=0 --param large-unit-insns=31629 --param max-inline-insns-auto=16 -DTOMO_JEMALLOC -DTOMO_SINGLE_DATABASE=1 -Dtomo=tomo_db0 -I. -c src/cmd/t_server.cc -o /home/user/Projects/cx-aoffix2/build/aoffix2/pad/db0/src/cmd/t_server.o
g++ -std=c++20 -O2 -g -Wall -Wextra -march=native -pthread --param large-unit-insns=10600 -DTOMO_JEMALLOC -DTOMO_SINGLE_DATABASE=1 -Dtomo=tomo_db0 -I. -c src/cmd/t_string.cc -o /home/user/Projects/cx-aoffix2/build/aoffix2/pad/db0/src/cmd/t_string.o
g++ -std=c++20 -O2 -g -Wall -Wextra -march=native -pthread -DTOMO_JEMALLOC -DTOMO_SINGLE_DATABASE=1 -Dtomo=tomo_db0 -I. -c src/cmd/t_string_notify.cc -o /home/user/Projects/cx-aoffix2/build/aoffix2/pad/db0/src/cmd/t_string_notify.o
g++ -std=c++20 -O2 -g -Wall -Wextra -march=native -pthread -DTOMO_JEMALLOC -DTOMO_SINGLE_DATABASE=1 -Dtomo=tomo_db0 -I. -c src/cmd/t_hash.cc -o /home/user/Projects/cx-aoffix2/build/aoffix2/pad/db0/src/cmd/t_hash.o
g++ -std=c++20 -O2 -g -Wall -Wextra -march=native -pthread -DTOMO_JEMALLOC -DTOMO_SINGLE_DATABASE=1 -Dtomo=tomo_db0 -I. -c src/cmd/t_hash_ttl.cc -o /home/user/Projects/cx-aoffix2/build/aoffix2/pad/db0/src/cmd/t_hash_ttl.o
g++ -std=c++20 -O2 -g -Wall -Wextra -march=native -pthread -DTOMO_JEMALLOC -DTOMO_SINGLE_DATABASE=1 -Dtomo=tomo_db0 -I. -c src/cmd/t_list.cc -o /home/user/Projects/cx-aoffix2/build/aoffix2/pad/db0/src/cmd/t_list.o
g++ -std=c++20 -O2 -g -Wall -Wextra -march=native -pthread --param inline-unit-growth=0 --param large-unit-insns=23428 -DTOMO_JEMALLOC -DTOMO_SINGLE_DATABASE=1 -Dtomo=tomo_db0 -I. -c src/cmd/t_set.cc -o /home/user/Projects/cx-aoffix2/build/aoffix2/pad/db0/src/cmd/t_set.o
g++ -std=c++20 -O2 -g -Wall -Wextra -march=native -pthread --param inline-unit-growth=0 --param large-unit-insns=32970 -DTOMO_JEMALLOC -DTOMO_SINGLE_DATABASE=1 -Dtomo=tomo_db0 -I. -c src/cmd/t_zset.cc -o /home/user/Projects/cx-aoffix2/build/aoffix2/pad/db0/src/cmd/t_zset.o
g++ -std=c++20 -O2 -g -Wall -Wextra -march=native -pthread -DTOMO_JEMALLOC -DTOMO_SINGLE_DATABASE=1 -Dtomo=tomo_db0 -I. -c src/cmd/t_zset_ops.cc -o /home/user/Projects/cx-aoffix2/build/aoffix2/pad/db0/src/cmd/t_zset_ops.o
g++ -std=c++20 -O2 -g -Wall -Wextra -march=native -pthread --param inline-unit-growth=0 --param large-unit-insns=14440 -DTOMO_JEMALLOC -DTOMO_SINGLE_DATABASE=1 -Dtomo=tomo_db0 -I. -c src/cmd/geo.cc -o /home/user/Projects/cx-aoffix2/build/aoffix2/pad/db0/src/cmd/geo.o
g++ -std=c++20 -O2 -g -Wall -Wextra -march=native -pthread -DTOMO_JEMALLOC -DTOMO_SINGLE_DATABASE=1 -Dtomo=tomo_db0 -I. -c src/cmd/t_stream.cc -o /home/user/Projects/cx-aoffix2/build/aoffix2/pad/db0/src/cmd/t_stream.o
g++ -std=c++20 -O2 -g -Wall -Wextra -march=native -pthread -DTOMO_JEMALLOC -DTOMO_SINGLE_DATABASE=1 -Dtomo=tomo_db0 -I. -c src/cmd/t_stream_groups.cc -o /home/user/Projects/cx-aoffix2/build/aoffix2/pad/db0/src/cmd/t_stream_groups.o
g++ -std=c++20 -O2 -g -Wall -Wextra -march=native -pthread -DTOMO_JEMALLOC -DTOMO_SINGLE_DATABASE=1 -Dtomo=tomo_db0 -I. -c src/cmd/scripting.cc -o /home/user/Projects/cx-aoffix2/build/aoffix2/pad/db0/src/cmd/scripting.o
g++ -std=c++20 -O2 -g -Wall -Wextra -march=native -pthread -DTOMO_JEMALLOC -DTOMO_SINGLE_DATABASE=1 -Dtomo=tomo_db0 -I. -c src/cmd/functions.cc -o /home/user/Projects/cx-aoffix2/build/aoffix2/pad/db0/src/cmd/functions.o
g++ -std=c++20 -O2 -g -Wall -Wextra -march=native -pthread -DTOMO_JEMALLOC -DTOMO_SINGLE_DATABASE=1 -Dtomo=tomo_db0 -I. -c src/cmd/serialize.cc -o /home/user/Projects/cx-aoffix2/build/aoffix2/pad/db0/src/cmd/serialize.o
g++ -std=c++20 -O2 -g -Wall -Wextra -march=native -pthread --param inline-unit-growth=0 --param large-unit-insns=14457 -DTOMO_JEMALLOC -DTOMO_SINGLE_DATABASE=1 -Dtomo=tomo_db0 -I. -c src/snapshot/snapshot.cc -o /home/user/Projects/cx-aoffix2/build/aoffix2/pad/db0/src/snapshot/snapshot.o
g++ -std=c++20 -O2 -g -Wall -Wextra -march=native -pthread -DTOMO_JEMALLOC -DTOMO_SINGLE_DATABASE=1 -Dtomo=tomo_db0 -I. -c src/persist/aof.cc -o /home/user/Projects/cx-aoffix2/build/aoffix2/pad/db0/src/persist/aof.o
g++ -std=c++20 -O2 -g -Wall -Wextra -march=native -pthread --param inline-unit-growth=0 --param large-unit-insns=25670 -DTOMO_JEMALLOC -DTOMO_SINGLE_DATABASE=1 -Dtomo=tomo_db0 -I. -c src/cmd/climon.cc -o /home/user/Projects/cx-aoffix2/build/aoffix2/pad/db0/src/cmd/climon.o
g++ -std=c++20 -O2 -g -Wall -Wextra -march=native -pthread -DTOMO_JEMALLOC -DTOMO_SINGLE_DATABASE=1 -Dtomo=tomo_db0 -I. -c src/cmd/tracking.cc -o /home/user/Projects/cx-aoffix2/build/aoffix2/pad/db0/src/cmd/tracking.o
g++ -std=c++20 -O2 -g -Wall -Wextra -march=native -pthread -DTOMO_JEMALLOC -DTOMO_SINGLE_DATABASE=1 -Dtomo=tomo_db0 -I. -c src/cmd/server_tail.cc -o /home/user/Projects/cx-aoffix2/build/aoffix2/pad/db0/src/cmd/server_tail.o
g++ -std=c++20 -O2 -g -Wall -Wextra -march=native -pthread -DTOMO_JEMALLOC -DTOMO_SINGLE_DATABASE=1 -Dtomo=tomo_db0 -I. -c src/cmd/slowlog.cc -o /home/user/Projects/cx-aoffix2/build/aoffix2/pad/db0/src/cmd/slowlog.o
g++ -std=c++20 -O2 -g -Wall -Wextra -march=native -pthread -DTOMO_JEMALLOC -DTOMO_SINGLE_DATABASE=1 -Dtomo=tomo_db0 -I. -c src/cmd/lcs.cc -o /home/user/Projects/cx-aoffix2/build/aoffix2/pad/db0/src/cmd/lcs.o
g++ -std=c++20 -O2 -g -Wall -Wextra -march=native -pthread -DTOMO_JEMALLOC -DTOMO_SINGLE_DATABASE=1 -Dtomo=tomo_db0 -I. -c src/cmd/info_stats.cc -o /home/user/Projects/cx-aoffix2/build/aoffix2/pad/db0/src/cmd/info_stats.o
g++ -std=c++20 -O2 -g -Wall -Wextra -march=native -pthread -DTOMO_JEMALLOC -DTOMO_SINGLE_DATABASE=1 -Dtomo=tomo_db0 -I. -c src/cmd/lbsignals.cc -o /home/user/Projects/cx-aoffix2/build/aoffix2/pad/db0/src/cmd/lbsignals.o
g++ -std=c++20 -O2 -g -Wall -Wextra -march=native -pthread -DTOMO_JEMALLOC -DTOMO_SINGLE_DATABASE=1 -Dtomo=tomo_db0 -I. -c src/core/flipctl.cc -o /home/user/Projects/cx-aoffix2/build/aoffix2/pad/db0/src/core/flipctl.o
g++ -std=c++20 -O2 -g -Wall -Wextra -march=native -pthread --param inline-unit-growth=0 --param large-unit-insns=128910 -Wa,--defsym,tomo_rlfence_text_pad=16 -DTOMO_JEMALLOC -DTOMO_SINGLE_DATABASE=1 -Dtomo=tomo_db0 -I. -c src/core/genthread.cc -o /home/user/Projects/cx-aoffix2/build/aoffix2/pad/db0/src/core/genthread.o
g++ -std=c++20 -O2 -g -Wall -Wextra -march=native -pthread --param inline-unit-growth=0 --param large-unit-insns=161680 -DTOMO_JEMALLOC -DTOMO_SINGLE_DATABASE=1 -Dtomo=tomo_db0 -I. -c src/core/rl2s.cc -o /home/user/Projects/cx-aoffix2/build/aoffix2/pad/db0/src/core/rl2s.o
g++ -std=c++20 -O2 -g -Wall -Wextra -march=native -pthread -DTOMO_JEMALLOC -DTOMO_SINGLE_DATABASE=1 -Dtomo=tomo_db0 -I. -c src/core/lbstall.cc -o /home/user/Projects/cx-aoffix2/build/aoffix2/pad/db0/src/core/lbstall.o
g++ -std=c++20 -O2 -g -Wall -Wextra -march=native -pthread -DTOMO_JEMALLOC -DTOMO_SINGLE_DATABASE=1 -Dtomo=tomo_db0 -I. -c src/core/lbplanner.cc -o /home/user/Projects/cx-aoffix2/build/aoffix2/pad/db0/src/core/lbplanner.o
g++ -std=c++20 -O2 -g -Wall -Wextra -march=native -pthread -DTOMO_JEMALLOC -DTOMO_SINGLE_DATABASE=1 -Dtomo=tomo_db0 -I. -c src/cmd/l4prebuild.cc -o /home/user/Projects/cx-aoffix2/build/aoffix2/pad/db0/src/cmd/l4prebuild.o
g++ -std=c++20 -O2 -g -Wall -Wextra -march=native -pthread -DTOMO_JEMALLOC -DTOMO_SINGLE_DATABASE=1 -Dtomo=tomo_db0 -I. -c src/cmd/cmdgap.cc -o /home/user/Projects/cx-aoffix2/build/aoffix2/pad/db0/src/cmd/cmdgap.o
g++ -std=c++20 -O2 -g -Wall -Wextra -march=native -pthread -DTOMO_JEMALLOC -DTOMO_SINGLE_DATABASE=1 -Dtomo=tomo_db0 -I. -c src/cmd/pfdebug.cc -o /home/user/Projects/cx-aoffix2/build/aoffix2/pad/db0/src/cmd/pfdebug.o
g++ -std=c++20 -O2 -g -Wall -Wextra -march=native -pthread -DTOMO_JEMALLOC -DTOMO_SINGLE_DATABASE=1 -Dtomo=tomo_db0 -I. -c src/cmd/cmdmeta.cc -o /home/user/Projects/cx-aoffix2/build/aoffix2/pad/db0/src/cmd/cmdmeta.o
g++ -std=c++20 -O2 -g -Wall -Wextra -march=native -pthread -DTOMO_JEMALLOC -DTOMO_SINGLE_DATABASE=1 -Dtomo=tomo_db0 -I. -c src/cmd/t_sort.cc -o /home/user/Projects/cx-aoffix2/build/aoffix2/pad/db0/src/cmd/t_sort.o
g++ -std=c++20 -O2 -g -Wall -Wextra -march=native -pthread -DTOMO_JEMALLOC -DTOMO_SINGLE_DATABASE=1 -Dtomo=tomo_db0 -I. -c src/cmd/multidb.cc -o /home/user/Projects/cx-aoffix2/build/aoffix2/pad/db0/src/cmd/multidb.o
g++ -std=c++20 -O2 -g -Wall -Wextra -march=native -pthread -DTOMO_JEMALLOC -DTOMO_SINGLE_DATABASE=1 -Dtomo=tomo_db0 -I. -c src/cmd/storesize.cc -o /home/user/Projects/cx-aoffix2/build/aoffix2/pad/db0/src/cmd/storesize.o
g++ -std=c++20 -O2 -g -Wall -Wextra -march=native -pthread -DTOMO_JEMALLOC -DTOMO_SINGLE_DATABASE=1 -Dtomo=tomo_db0 -I. -c src/cmd/multi_admin.cc -o /home/user/Projects/cx-aoffix2/build/aoffix2/pad/db0/src/cmd/multi_admin.o
g++ -std=c++20 -O2 -g -Wall -Wextra -march=native -pthread --param inline-unit-growth=0 --param large-unit-insns=147304 -DTOMO_JEMALLOC -DTOMO_SINGLE_DATABASE=1 -Dtomo=tomo_db0 -I. -c src/core/reorder.cc -o /home/user/Projects/cx-aoffix2/build/aoffix2/pad/db0/src/core/reorder.o
g++ -std=c++20 -O2 -g -Wall -Wextra -march=native -pthread -DTOMO_JEMALLOC -DTOMO_SINGLE_DATABASE=1 -Dtomo=tomo_db0 -I. -c src/cmd/geo_store.cc -o /home/user/Projects/cx-aoffix2/build/aoffix2/pad/db0/src/cmd/geo_store.o
g++ -std=c++20 -O2 -g -Wall -Wextra -march=native -pthread -DTOMO_JEMALLOC -DTOMO_SINGLE_DATABASE=1 -Dtomo=tomo_db0 -I. -c src/persist/aof_frame_debug.cc -o /home/user/Projects/cx-aoffix2/build/aoffix2/pad/db0/src/persist/aof_frame_debug.o
g++ -std=c++20 -O2 -g -Wall -Wextra -march=native -pthread -DTOMO_JEMALLOC -DTOMO_SINGLE_DATABASE=1 -Dtomo=tomo_db0 -I. -c src/cmd/aclkeys.cc -o /home/user/Projects/cx-aoffix2/build/aoffix2/pad/db0/src/cmd/aclkeys.o
g++ -std=c++20 -O2 -g -Wall -Wextra -march=native -pthread -DTOMO_JEMALLOC -DTOMO_SINGLE_DATABASE=1 -Dtomo=tomo_db0 -I. -c src/cmd/blocking_debug.cc -o /home/user/Projects/cx-aoffix2/build/aoffix2/pad/db0/src/cmd/blocking_debug.o
g++ -std=c++20 -O2 -g -Wall -Wextra -march=native -pthread -DTOMO_JEMALLOC -DTOMO_SINGLE_DATABASE=1 -Dtomo=tomo_db0 -I. -c src/core/version.cc -o /home/user/Projects/cx-aoffix2/build/aoffix2/pad/db0/src/core/version.o
g++ -std=c++20 -O2 -g -Wall -Wextra -march=native -pthread /home/user/Projects/cx-aoffix2/build/aoffix2/pad/db0/src/main.o /home/user/Projects/cx-aoffix2/build/aoffix2/pad/db0/src/net/tls.o /home/user/Projects/cx-aoffix2/build/aoffix2/pad/db0/src/cmd/commands.o /home/user/Projects/cx-aoffix2/build/aoffix2/pad/db0/src/cmd/glob.o /home/user/Projects/cx-aoffix2/build/aoffix2/pad/db0/src/cmd/xshard.o /home/user/Projects/cx-aoffix2/build/aoffix2/pad/db0/src/cmd/acl.o /home/user/Projects/cx-aoffix2/build/aoffix2/pad/db0/src/cmd/hll.o /home/user/Projects/cx-aoffix2/build/aoffix2/pad/db0/src/cmd/t_server.o /home/user/Projects/cx-aoffix2/build/aoffix2/pad/db0/src/cmd/t_string.o /home/user/Projects/cx-aoffix2/build/aoffix2/pad/db0/src/cmd/t_string_notify.o /home/user/Projects/cx-aoffix2/build/aoffix2/pad/db0/src/cmd/t_hash.o /home/user/Projects/cx-aoffix2/build/aoffix2/pad/db0/src/cmd/t_hash_ttl.o /home/user/Projects/cx-aoffix2/build/aoffix2/pad/db0/src/cmd/t_list.o /home/user/Projects/cx-aoffix2/build/aoffix2/pad/db0/src/cmd/t_set.o /home/user/Projects/cx-aoffix2/build/aoffix2/pad/db0/src/cmd/t_zset.o /home/user/Projects/cx-aoffix2/build/aoffix2/pad/db0/src/cmd/t_zset_ops.o /home/user/Projects/cx-aoffix2/build/aoffix2/pad/db0/src/cmd/geo.o /home/user/Projects/cx-aoffix2/build/aoffix2/pad/db0/src/cmd/t_stream.o /home/user/Projects/cx-aoffix2/build/aoffix2/pad/db0/src/cmd/t_stream_groups.o /home/user/Projects/cx-aoffix2/build/aoffix2/pad/db0/src/cmd/scripting.o /home/user/Projects/cx-aoffix2/build/aoffix2/pad/db0/src/cmd/functions.o /home/user/Projects/cx-aoffix2/build/aoffix2/pad/db0/src/cmd/serialize.o /home/user/Projects/cx-aoffix2/build/aoffix2/pad/db0/src/snapshot/snapshot.o /home/user/Projects/cx-aoffix2/build/aoffix2/pad/db0/src/persist/aof.o /home/user/Projects/cx-aoffix2/build/aoffix2/pad/db0/src/cmd/climon.o /home/user/Projects/cx-aoffix2/build/aoffix2/pad/db0/src/cmd/tracking.o /home/user/Projects/cx-aoffix2/build/aoffix2/pad/db0/src/cmd/server_tail.o /home/user/Projects/cx-aoffix2/build/aoffix2/pad/db0/src/cmd/slowlog.o /home/user/Projects/cx-aoffix2/build/aoffix2/pad/db0/src/cmd/lcs.o /home/user/Projects/cx-aoffix2/build/aoffix2/pad/db0/src/cmd/info_stats.o /home/user/Projects/cx-aoffix2/build/aoffix2/pad/db0/src/cmd/lbsignals.o /home/user/Projects/cx-aoffix2/build/aoffix2/pad/db0/src/core/flipctl.o /home/user/Projects/cx-aoffix2/build/aoffix2/pad/db0/src/core/genthread.o /home/user/Projects/cx-aoffix2/build/aoffix2/pad/db0/src/core/rl2s.o /home/user/Projects/cx-aoffix2/build/aoffix2/pad/db0/src/core/lbstall.o /home/user/Projects/cx-aoffix2/build/aoffix2/pad/db0/src/core/lbplanner.o /home/user/Projects/cx-aoffix2/build/aoffix2/pad/db0/src/cmd/l4prebuild.o /home/user/Projects/cx-aoffix2/build/aoffix2/pad/db0/src/cmd/cmdgap.o /home/user/Projects/cx-aoffix2/build/aoffix2/pad/db0/src/cmd/pfdebug.o /home/user/Projects/cx-aoffix2/build/aoffix2/pad/db0/src/cmd/cmdmeta.o /home/user/Projects/cx-aoffix2/build/aoffix2/pad/db0/src/cmd/t_sort.o /home/user/Projects/cx-aoffix2/build/aoffix2/pad/db0/src/cmd/multidb.o /home/user/Projects/cx-aoffix2/build/aoffix2/pad/db0/src/cmd/storesize.o /home/user/Projects/cx-aoffix2/build/aoffix2/pad/db0/src/cmd/multi_admin.o /home/user/Projects/cx-aoffix2/build/aoffix2/pad/db0/src/core/reorder.o /home/user/Projects/cx-aoffix2/build/aoffix2/pad/db0/src/cmd/geo_store.o /home/user/Projects/cx-aoffix2/build/aoffix2/pad/db0/src/persist/aof_frame_debug.o /home/user/Projects/cx-aoffix2/build/aoffix2/pad/db0/src/cmd/aclkeys.o /home/user/Projects/cx-aoffix2/build/aoffix2/pad/db0/src/cmd/blocking_debug.o /home/user/Projects/cx-aoffix2/build/aoffix2/pad/db0/src/core/version.o /home/user/Projects/cx-aoffix2/build/aoffix2/pad/src/main.o /home/user/Projects/cx-aoffix2/build/aoffix2/pad/src/net/tls.o /home/user/Projects/cx-aoffix2/build/aoffix2/pad/src/cmd/commands.o /home/user/Projects/cx-aoffix2/build/aoffix2/pad/src/cmd/glob.o /home/user/Projects/cx-aoffix2/build/aoffix2/pad/src/cmd/xshard.o /home/user/Projects/cx-aoffix2/build/aoffix2/pad/src/cmd/acl.o /home/user/Projects/cx-aoffix2/build/aoffix2/pad/src/cmd/hll.o /home/user/Projects/cx-aoffix2/build/aoffix2/pad/src/cmd/t_server.o /home/user/Projects/cx-aoffix2/build/aoffix2/pad/src/cmd/t_string.o /home/user/Projects/cx-aoffix2/build/aoffix2/pad/src/cmd/t_string_notify.o /home/user/Projects/cx-aoffix2/build/aoffix2/pad/src/cmd/t_hash.o /home/user/Projects/cx-aoffix2/build/aoffix2/pad/src/cmd/t_hash_ttl.o /home/user/Projects/cx-aoffix2/build/aoffix2/pad/src/cmd/t_list.o /home/user/Projects/cx-aoffix2/build/aoffix2/pad/src/cmd/t_set.o /home/user/Projects/cx-aoffix2/build/aoffix2/pad/src/cmd/t_zset.o /home/user/Projects/cx-aoffix2/build/aoffix2/pad/src/cmd/t_zset_ops.o /home/user/Projects/cx-aoffix2/build/aoffix2/pad/src/cmd/geo.o /home/user/Projects/cx-aoffix2/build/aoffix2/pad/src/cmd/t_stream.o /home/user/Projects/cx-aoffix2/build/aoffix2/pad/src/cmd/t_stream_groups.o /home/user/Projects/cx-aoffix2/build/aoffix2/pad/src/cmd/scripting.o /home/user/Projects/cx-aoffix2/build/aoffix2/pad/src/cmd/functions.o /home/user/Projects/cx-aoffix2/build/aoffix2/pad/src/cmd/serialize.o /home/user/Projects/cx-aoffix2/build/aoffix2/pad/src/snapshot/snapshot.o /home/user/Projects/cx-aoffix2/build/aoffix2/pad/src/persist/aof.o /home/user/Projects/cx-aoffix2/build/aoffix2/pad/src/cmd/climon.o /home/user/Projects/cx-aoffix2/build/aoffix2/pad/src/cmd/tracking.o /home/user/Projects/cx-aoffix2/build/aoffix2/pad/src/cmd/server_tail.o /home/user/Projects/cx-aoffix2/build/aoffix2/pad/src/cmd/slowlog.o /home/user/Projects/cx-aoffix2/build/aoffix2/pad/src/cmd/lcs.o /home/user/Projects/cx-aoffix2/build/aoffix2/pad/src/cmd/info_stats.o /home/user/Projects/cx-aoffix2/build/aoffix2/pad/src/cmd/lbsignals.o /home/user/Projects/cx-aoffix2/build/aoffix2/pad/src/core/flipctl.o /home/user/Projects/cx-aoffix2/build/aoffix2/pad/src/core/genthread.o /home/user/Projects/cx-aoffix2/build/aoffix2/pad/src/core/rl2s.o /home/user/Projects/cx-aoffix2/build/aoffix2/pad/src/core/lbstall.o /home/user/Projects/cx-aoffix2/build/aoffix2/pad/src/core/lbplanner.o /home/user/Projects/cx-aoffix2/build/aoffix2/pad/src/cmd/l4prebuild.o /home/user/Projects/cx-aoffix2/build/aoffix2/pad/src/cmd/cmdgap.o /home/user/Projects/cx-aoffix2/build/aoffix2/pad/src/cmd/pfdebug.o /home/user/Projects/cx-aoffix2/build/aoffix2/pad/src/cmd/cmdmeta.o /home/user/Projects/cx-aoffix2/build/aoffix2/pad/src/cmd/t_sort.o /home/user/Projects/cx-aoffix2/build/aoffix2/pad/src/cmd/multidb.o /home/user/Projects/cx-aoffix2/build/aoffix2/pad/src/cmd/storesize.o /home/user/Projects/cx-aoffix2/build/aoffix2/pad/src/cmd/multi_admin.o /home/user/Projects/cx-aoffix2/build/aoffix2/pad/src/core/reorder.o /home/user/Projects/cx-aoffix2/build/aoffix2/pad/src/cmd/geo_store.o /home/user/Projects/cx-aoffix2/build/aoffix2/pad/src/persist/aof_frame_debug.o /home/user/Projects/cx-aoffix2/build/aoffix2/pad/src/cmd/aclkeys.o /home/user/Projects/cx-aoffix2/build/aoffix2/pad/src/cmd/blocking_debug.o /home/user/Projects/cx-aoffix2/build/aoffix2/pad/src/core/version.o -o /home/user/Projects/cx-aoffix2/build/aoffix2/pad/tomokv -Wl,--wrap=main -ljemalloc -luring -pthread -lssl -lcrypto -lm
