topology: 1 L3 domain(s)
  domain  0: 8 cpus [120,121,122,123,124,125,126,127]
tomokv-cpp: 8 unified threads, 16 shard(s), thread-mode=1s, overlap=0 (executor prefetch; ordinary IO), io_uring, alloc=jemalloc, reorder=0, read-local=1
  thread t0: role=unified cpu=120 L3=0 shards=2 send=self
  thread t1: role=unified cpu=121 L3=0 shards=2 send=self
  thread t2: role=unified cpu=122 L3=0 shards=2 send=self
  thread t3: role=unified cpu=123 L3=0 shards=2 send=self
  thread t4: role=unified cpu=124 L3=0 shards=2 send=self
  thread t5: role=unified cpu=125 L3=0 shards=2 send=self
  thread t6: role=unified cpu=126 L3=0 shards=2 send=self
  thread t7: role=unified cpu=127 L3=0 shards=2 send=self
listening on 127.0.0.1:18179
persistence: enabled=0 posted=0 flushed=0 durable=0 refused=0 pending_chunks=0 producers_with_pending=0 drain_gave_up=0 failed=0

thread role          ops      iters   busy_ms   idle_ms    cpu_ms   wake_tx  wake_rx
t0     uni             2        153       0.1     114.0       0.7         0        0
io_tenure t0/0 busy_ns=129172 idle_ns=114036423 entry_ns=2986593551080250 begin_ns=2986593551080280 end_ns=2986593665245875 exit_ns=2986593665246124 role_exit=0 stopped=1
t1     uni             3        157       0.2     114.0       0.7         1        2
io_tenure t1/0 busy_ns=156710 idle_ns=114018255 entry_ns=2986593551076300 begin_ns=2986593551076330 end_ns=2986593665251295 exit_ns=2986593665251415 role_exit=0 stopped=1
t2     uni          4100       6239      17.7      96.5      25.0         1        2
io_tenure t2/0 busy_ns=17672274 idle_ns=96485881 entry_ns=2986593551082170 begin_ns=2986593551082200 end_ns=2986593665240355 exit_ns=2986593665240475 role_exit=0 stopped=1
t3     uni             2        157       0.1     114.0       0.7         0        0
io_tenure t3/0 busy_ns=143199 idle_ns=114032336 entry_ns=2986593551068060 begin_ns=2986593551068080 end_ns=2986593665243615 exit_ns=2986593665243795 role_exit=0 stopped=1
t4     uni             2        152       0.1     114.0       0.7         0        0
io_tenure t4/0 busy_ns=129680 idle_ns=114032794 entry_ns=2986593551078280 begin_ns=2986593551078310 end_ns=2986593665240784 exit_ns=2986593665240924 role_exit=0 stopped=1
t5     uni             2        168       0.1     114.0       0.7         0        0
io_tenure t5/0 busy_ns=138720 idle_ns=114031285 entry_ns=2986593551068140 begin_ns=2986593551068230 end_ns=2986593665238235 exit_ns=2986593665238364 role_exit=0 stopped=1
t6     uni             2        147       0.1     114.0       0.7         0        0
io_tenure t6/0 busy_ns=141200 idle_ns=114030714 entry_ns=2986593551067670 begin_ns=2986593551067730 end_ns=2986593665239644 exit_ns=2986593665239795 role_exit=0 stopped=1
t7     uni             2        133       0.1     114.0       0.6         0        0
io_tenure t7/0 busy_ns=139700 idle_ns=114027714 entry_ns=2986593551071100 begin_ns=2986593551071330 end_ns=2986593665238744 exit_ns=2986593665239035 role_exit=0 stopped=1
wb: retired=2060 direct=2048 sends=2060/2060 short=0 err=0 peer_aborts=0 bytes=77004 zc_sends=0 zc_bytes=0 zc_releases=0 serves=2061 empty=1
tls: accepts=0 handshakes=0/0 failed=0 freed=0 want_read=0 want_write=0 cipher_in=0 plain_in=0 cipher_out=0 plain_out=0 zc_suppressed=0 ktls_active=0 ktls_fallback=0
stuck: live_conns=0 rob_not_quiesced=0 unsent_bytes_pending=0 | slots done=0 issued=0 free=0 flag_set=0
shutdown: unified_work=4115 accepts=1 accept_err=0 rearm=0 sqe_starved=0 notify_drop=0
shutdown_report {"schema":1,"thread_mode":"1s","work":{"kind":"fused","unified":4115},"threads":[{"tid":0,"role":"fused","ops":2,"iterations":153,"busy_ns":129172,"idle_ns":114036423,"cpu_ns":708070,"wake_tx":0,"wake_rx":0,"io_tenures":[{"entry_ns":2986593551080250,"begin_ns":2986593551080280,"end_ns":2986593665245875,"exit_ns":2986593665246124,"busy_ns":129172,"idle_ns":114036423,"role_exit":false,"stopped":true,"did_submit":0,"sweep_submit":0,"park":0}]},{"tid":1,"role":"fused","ops":3,"iterations":157,"busy_ns":156710,"idle_ns":114018255,"cpu_ns":720520,"wake_tx":1,"wake_rx":2,"io_tenures":[{"entry_ns":2986593551076300,"begin_ns":2986593551076330,"end_ns":2986593665251295,"exit_ns":2986593665251415,"busy_ns":156710,"idle_ns":114018255,"role_exit":false,"stopped":true,"did_submit":0,"sweep_submit":0,"park":0}]},{"tid":2,"role":"fused","ops":4100,"iterations":6239,"busy_ns":17672274,"idle_ns":96485881,"cpu_ns":24964490,"wake_tx":1,"wake_rx":2,"io_tenures":[{"entry_ns":2986593551082170,"begin_ns":2986593551082200,"end_ns":2986593665240355,"exit_ns":2986593665240475,"busy_ns":17672274,"idle_ns":96485881,"role_exit":false,"stopped":true,"did_submit":0,"sweep_submit":0,"park":0}]},{"tid":3,"role":"fused","ops":2,"iterations":157,"busy_ns":143199,"idle_ns":114032336,"cpu_ns":698700,"wake_tx":0,"wake_rx":0,"io_tenures":[{"entry_ns":2986593551068060,"begin_ns":2986593551068080,"end_ns":2986593665243615,"exit_ns":2986593665243795,"busy_ns":143199,"idle_ns":114032336,"role_exit":false,"stopped":true,"did_submit":0,"sweep_submit":0,"park":0}]},{"tid":4,"role":"fused","ops":2,"iterations":152,"busy_ns":129680,"idle_ns":114032794,"cpu_ns":651250,"wake_tx":0,"wake_rx":0,"io_tenures":[{"entry_ns":2986593551078280,"begin_ns":2986593551078310,"end_ns":2986593665240784,"exit_ns":2986593665240924,"busy_ns":129680,"idle_ns":114032794,"role_exit":false,"stopped":true,"did_submit":0,"sweep_submit":0,"park":0}]},{"tid":5,"role":"fused","ops":2,"iterations":168,"busy_ns":138720,"idle_ns":114031285,"cpu_ns":696870,"wake_tx":0,"wake_rx":0,"io_tenures":[{"entry_ns":2986593551068140,"begin_ns":2986593551068230,"end_ns":2986593665238235,"exit_ns":2986593665238364,"busy_ns":138720,"idle_ns":114031285,"role_exit":false,"stopped":true,"did_submit":0,"sweep_submit":0,"park":0}]},{"tid":6,"role":"fused","ops":2,"iterations":147,"busy_ns":141200,"idle_ns":114030714,"cpu_ns":676970,"wake_tx":0,"wake_rx":0,"io_tenures":[{"entry_ns":2986593551067670,"begin_ns":2986593551067730,"end_ns":2986593665239644,"exit_ns":2986593665239795,"busy_ns":141200,"idle_ns":114030714,"role_exit":false,"stopped":true,"did_submit":0,"sweep_submit":0,"park":0}]},{"tid":7,"role":"fused","ops":2,"iterations":133,"busy_ns":139700,"idle_ns":114027714,"cpu_ns":645560,"wake_tx":0,"wake_rx":0,"io_tenures":[{"entry_ns":2986593551071100,"begin_ns":2986593551071330,"end_ns":2986593665238744,"exit_ns":2986593665239035,"busy_ns":139700,"idle_ns":114027714,"role_exit":false,"stopped":true,"did_submit":0,"sweep_submit":0,"park":0}]}],"wb":{"retired":2060,"direct":2048,"sends_completed":2060,"sends_submitted":2060,"short_writes":0,"send_errors":0,"peer_aborts":0,"bytes_sent":77004,"zc_sends":0,"zc_bytes":0,"zc_releases":0,"serves":2061,"serves_empty":1},"tls":{"accepts":0,"handshakes_completed":0,"handshakes_started":0,"handshakes_failed":0,"connections_freed":0,"want_read":0,"want_write":0,"ciphertext_input_bytes":0,"plaintext_input_bytes":0,"ciphertext_output_bytes":0,"plaintext_output_bytes":0,"zc_suppressed":0,"ktls_active":0,"ktls_fallback":0},"stuck":{"live_conns":0,"rob_not_quiesced":0,"unsent_bytes_pending":0,"slots_done":0,"slots_issued":0,"slots_free":0,"flag_set":0},"epoll":{"enabled":false,"events":0,"recvs":0},"persistence":{"enabled":false,"recording":false,"failed":false,"drain_gave_up":false,"posted":0,"flushed":0,"durable":0,"refused":0,"pending_chunks":0,"records_written":0,"producers_with_pending":0,"producers_stopped":0,"producers_expected":0,"completions_pending":0},"accept":{"accepts":1,"accept_err":0,"rearm":0,"sqe_starved":0,"notify_drop":0}}
