topology: 1 L3 domain(s)
  domain  0: 8 cpus [112,113,114,115,116,117,118,119]
tomokv-cpp: 8 unified threads, 16 shard(s), thread-mode=1s, overlap=0 (executor prefetch; ordinary IO), io_uring, alloc=jemalloc, reorder=0, read-local=1
  thread t0: role=unified cpu=112 L3=0 shards=2 send=self
  thread t1: role=unified cpu=113 L3=0 shards=2 send=self
  thread t2: role=unified cpu=114 L3=0 shards=2 send=self
  thread t3: role=unified cpu=115 L3=0 shards=2 send=self
  thread t4: role=unified cpu=116 L3=0 shards=2 send=self
  thread t5: role=unified cpu=117 L3=0 shards=2 send=self
  thread t6: role=unified cpu=118 L3=0 shards=2 send=self
  thread t7: role=unified cpu=119 L3=0 shards=2 send=self
listening on 127.0.0.1:18179
persistence: enabled=0 posted=0 flushed=0 durable=0 refused=0 pending_chunks=0 producers_with_pending=0 drain_gave_up=0 failed=0

thread role          ops      iters   busy_ms   idle_ms    cpu_ms   wake_tx  wake_rx
t0     uni          4098       6182      17.1      97.4      24.3         0        0
io_tenure t0/0 busy_ns=17052985 idle_ns=97370625 entry_ns=2982835700446226 begin_ns=2982835700446256 end_ns=2982835814869866 exit_ns=2982835814870015 role_exit=0 stopped=1
t1     uni             0          3       0.0     114.4       0.7         0        0
io_tenure t1/0 busy_ns=49850 idle_ns=114378100 entry_ns=2982835700445386 begin_ns=2982835700445416 end_ns=2982835814873366 exit_ns=2982835814873535 role_exit=0 stopped=1
t2     uni             0          3       0.0     114.4       0.6         0        0
io_tenure t2/0 busy_ns=49631 idle_ns=114377009 entry_ns=2982835700445416 begin_ns=2982835700445446 end_ns=2982835814872086 exit_ns=2982835814872266 role_exit=0 stopped=1
t3     uni             0          3       0.1     114.4       0.5         0        0
io_tenure t3/0 busy_ns=54360 idle_ns=114375489 entry_ns=2982835700443516 begin_ns=2982835700443546 end_ns=2982835814873395 exit_ns=2982835814873526 role_exit=0 stopped=1
t4     uni             0          3       0.1     114.4       0.6         0        0
io_tenure t4/0 busy_ns=51371 idle_ns=114373559 entry_ns=2982835700445306 begin_ns=2982835700445476 end_ns=2982835814870406 exit_ns=2982835814870546 role_exit=0 stopped=1
t5     uni             0          3       0.1     114.4       0.6         0        0
io_tenure t5/0 busy_ns=50659 idle_ns=114371900 entry_ns=2982835700448526 begin_ns=2982835700448556 end_ns=2982835814871115 exit_ns=2982835814871266 role_exit=0 stopped=1
t6     uni             0          3       0.1     114.4       0.5         0        0
io_tenure t6/0 busy_ns=52440 idle_ns=114385830 entry_ns=2982835700441456 begin_ns=2982835700441486 end_ns=2982835814879756 exit_ns=2982835814879786 role_exit=0 stopped=1
t7     uni             0          3       0.1     114.4       0.5         0        0
io_tenure t7/0 busy_ns=51150 idle_ns=114374839 entry_ns=2982835700441476 begin_ns=2982835700441566 end_ns=2982835814867555 exit_ns=2982835814867695 role_exit=0 stopped=1
wb: retired=2059 direct=2048 sends=2059/2059 short=0 err=0 peer_aborts=0 bytes=76839 zc_sends=0 zc_bytes=0 zc_releases=0 serves=2059 empty=0
tls: accepts=0 handshakes=0/0 failed=0 freed=0 want_read=0 want_write=0 cipher_in=0 plain_in=0 cipher_out=0 plain_out=0 zc_suppressed=0 ktls_active=0 ktls_fallback=0
stuck: live_conns=0 rob_not_quiesced=0 unsent_bytes_pending=0 | slots done=0 issued=0 free=0 flag_set=0
shutdown: unified_work=4098 accepts=1 accept_err=0 rearm=0 sqe_starved=0 notify_drop=0
shutdown_report {"schema":1,"thread_mode":"1s","work":{"kind":"fused","unified":4098},"threads":[{"tid":0,"role":"fused","ops":4098,"iterations":6182,"busy_ns":17052985,"idle_ns":97370625,"cpu_ns":24318290,"wake_tx":0,"wake_rx":0,"io_tenures":[{"entry_ns":2982835700446226,"begin_ns":2982835700446256,"end_ns":2982835814869866,"exit_ns":2982835814870015,"busy_ns":17052985,"idle_ns":97370625,"role_exit":false,"stopped":true,"did_submit":0,"sweep_submit":0,"park":0}]},{"tid":1,"role":"fused","ops":0,"iterations":3,"busy_ns":49850,"idle_ns":114378100,"cpu_ns":687040,"wake_tx":0,"wake_rx":0,"io_tenures":[{"entry_ns":2982835700445386,"begin_ns":2982835700445416,"end_ns":2982835814873366,"exit_ns":2982835814873535,"busy_ns":49850,"idle_ns":114378100,"role_exit":false,"stopped":true,"did_submit":0,"sweep_submit":0,"park":0}]},{"tid":2,"role":"fused","ops":0,"iterations":3,"busy_ns":49631,"idle_ns":114377009,"cpu_ns":594440,"wake_tx":0,"wake_rx":0,"io_tenures":[{"entry_ns":2982835700445416,"begin_ns":2982835700445446,"end_ns":2982835814872086,"exit_ns":2982835814872266,"busy_ns":49631,"idle_ns":114377009,"role_exit":false,"stopped":true,"did_submit":0,"sweep_submit":0,"park":0}]},{"tid":3,"role":"fused","ops":0,"iterations":3,"busy_ns":54360,"idle_ns":114375489,"cpu_ns":536520,"wake_tx":0,"wake_rx":0,"io_tenures":[{"entry_ns":2982835700443516,"begin_ns":2982835700443546,"end_ns":2982835814873395,"exit_ns":2982835814873526,"busy_ns":54360,"idle_ns":114375489,"role_exit":false,"stopped":true,"did_submit":0,"sweep_submit":0,"park":0}]},{"tid":4,"role":"fused","ops":0,"iterations":3,"busy_ns":51371,"idle_ns":114373559,"cpu_ns":562550,"wake_tx":0,"wake_rx":0,"io_tenures":[{"entry_ns":2982835700445306,"begin_ns":2982835700445476,"end_ns":2982835814870406,"exit_ns":2982835814870546,"busy_ns":51371,"idle_ns":114373559,"role_exit":false,"stopped":true,"did_submit":0,"sweep_submit":0,"park":0}]},{"tid":5,"role":"fused","ops":0,"iterations":3,"busy_ns":50659,"idle_ns":114371900,"cpu_ns":605600,"wake_tx":0,"wake_rx":0,"io_tenures":[{"entry_ns":2982835700448526,"begin_ns":2982835700448556,"end_ns":2982835814871115,"exit_ns":2982835814871266,"busy_ns":50659,"idle_ns":114371900,"role_exit":false,"stopped":true,"did_submit":0,"sweep_submit":0,"park":0}]},{"tid":6,"role":"fused","ops":0,"iterations":3,"busy_ns":52440,"idle_ns":114385830,"cpu_ns":532500,"wake_tx":0,"wake_rx":0,"io_tenures":[{"entry_ns":2982835700441456,"begin_ns":2982835700441486,"end_ns":2982835814879756,"exit_ns":2982835814879786,"busy_ns":52440,"idle_ns":114385830,"role_exit":false,"stopped":true,"did_submit":0,"sweep_submit":0,"park":0}]},{"tid":7,"role":"fused","ops":0,"iterations":3,"busy_ns":51150,"idle_ns":114374839,"cpu_ns":527050,"wake_tx":0,"wake_rx":0,"io_tenures":[{"entry_ns":2982835700441476,"begin_ns":2982835700441566,"end_ns":2982835814867555,"exit_ns":2982835814867695,"busy_ns":51150,"idle_ns":114374839,"role_exit":false,"stopped":true,"did_submit":0,"sweep_submit":0,"park":0}]}],"wb":{"retired":2059,"direct":2048,"sends_completed":2059,"sends_submitted":2059,"short_writes":0,"send_errors":0,"peer_aborts":0,"bytes_sent":76839,"zc_sends":0,"zc_bytes":0,"zc_releases":0,"serves":2059,"serves_empty":0},"tls":{"accepts":0,"handshakes_completed":0,"handshakes_started":0,"handshakes_failed":0,"connections_freed":0,"want_read":0,"want_write":0,"ciphertext_input_bytes":0,"plaintext_input_bytes":0,"ciphertext_output_bytes":0,"plaintext_output_bytes":0,"zc_suppressed":0,"ktls_active":0,"ktls_fallback":0},"stuck":{"live_conns":0,"rob_not_quiesced":0,"unsent_bytes_pending":0,"slots_done":0,"slots_issued":0,"slots_free":0,"flag_set":0},"epoll":{"enabled":false,"events":0,"recvs":0},"persistence":{"enabled":false,"recording":false,"failed":false,"drain_gave_up":false,"posted":0,"flushed":0,"durable":0,"refused":0,"pending_chunks":0,"records_written":0,"producers_with_pending":0,"producers_stopped":0,"producers_expected":0,"completions_pending":0},"accept":{"accepts":1,"accept_err":0,"rearm":0,"sqe_starved":0,"notify_drop":0}}
