[22:34:29] ===== ARCH 3-stage vs 2-stage (8 threads each) reps=3 T=8s =====
[22:34:40] rep1 2s_epoll  64B_1:9    ops=5439720
[22:34:50] rep1 2s_epoll  256B_1:1   ops=4834614
[22:35:00] rep1 2s_epoll  1024B_1:1  ops=2973167
[22:35:13] rep1 2s_uring  64B_1:9    ops=4372624
[22:35:23] rep1 2s_uring  256B_1:1   ops=3650412
[22:35:33] rep1 2s_uring  1024B_1:1  ops=2322689
[22:35:45] rep1 3s_epoll  64B_1:9    ops=3847914
[22:35:55] rep1 3s_epoll  256B_1:1   ops=3246382
[22:36:06] rep1 3s_epoll  1024B_1:1  ops=2175680
[22:36:18] rep1 3s_uring  64B_1:9    ops=4381754
[22:36:28] rep1 3s_uring  256B_1:1   ops=3216947
[22:36:38] rep1 3s_uring  1024B_1:1  ops=1958729
[22:36:51] rep2 2s_epoll  64B_1:9    ops=4499936
[22:37:01] rep2 2s_epoll  256B_1:1   ops=3740902
[22:37:11] rep2 2s_epoll  1024B_1:1  ops=2423478
[22:37:23] rep2 2s_uring  64B_1:9    ops=4467074
[22:37:33] rep2 2s_uring  256B_1:1   ops=3749059
[22:37:43] rep2 2s_uring  1024B_1:1  ops=2479855
[22:37:56] rep2 3s_epoll  64B_1:9    ops=4364376
[22:38:06] rep2 3s_epoll  256B_1:1   ops=3565814
[22:38:16] rep2 3s_epoll  1024B_1:1  ops=1934061
[22:38:28] rep2 3s_uring  64B_1:9    ops=3893320
[22:38:38] rep2 3s_uring  256B_1:1   ops=3384844
[22:38:48] rep2 3s_uring  1024B_1:1  ops=2017733
[22:39:01] rep3 2s_epoll  64B_1:9    ops=4640312
[22:39:11] rep3 2s_epoll  256B_1:1   ops=3786706
[22:39:21] rep3 2s_epoll  1024B_1:1  ops=2488764
[22:39:33] rep3 2s_uring  64B_1:9    ops=4482820
[22:39:44] rep3 2s_uring  256B_1:1   ops=3726903
[22:39:54] rep3 2s_uring  1024B_1:1  ops=2470741
[22:40:06] rep3 3s_epoll  64B_1:9    ops=3909542
[22:40:16] rep3 3s_epoll  256B_1:1   ops=3665665
[22:40:26] rep3 3s_epoll  1024B_1:1  ops=2202199
[22:40:39] rep3 3s_uring  64B_1:9    ops=4327708
[22:40:49] rep3 3s_uring  256B_1:1   ops=3364041
[22:40:59] rep3 3s_uring  1024B_1:1  ops=2080563
[22:41:01] ===== DONE — medians =====
  2s_epoll	1024B_1:1     median_ops=2488764
  2s_epoll	256B_1:1      median_ops=3786706
  2s_epoll	64B_1:9       median_ops=4640312
  2s_uring	1024B_1:1     median_ops=2470741
  2s_uring	256B_1:1      median_ops=3726903
  2s_uring	64B_1:9       median_ops=4467074
  3s_epoll	1024B_1:1     median_ops=2175680
  3s_epoll	256B_1:1      median_ops=3565814
  3s_epoll	64B_1:9       median_ops=3909542
  3s_uring	1024B_1:1     median_ops=2017733
  3s_uring	256B_1:1      median_ops=3364041
  3s_uring	64B_1:9       median_ops=4327708
A3_DONE
