[07-03 17:28:49] ===== KNOB-RETIREMENT STUDY: 8srv/8cli threads, P16, 30s cells, ~4GB DB (512Bx6M, 4KBx1M) =====
[07-03 17:28:49] (ambient noise: media stack + possible concurrent session — borderline deltas get flagged, not trusted)
[07-03 17:30:58]   2s/base  512B(1:1)=1366642.69 512B(1:9)=1390755.78 4KB(1:1)=1006750.08 4KB(1:9)=933793.16 rss=4.04G
[07-03 17:33:10]   2s/pf_off  512B(1:1)=1403925.47 512B(1:9)=1435257.45 4KB(1:1)=1037264.71 4KB(1:9)=919998.36 rss=4.07G
[07-03 17:35:20]   2s/pf_always  512B(1:1)=1357340.36 512B(1:9)=1560452.85 4KB(1:1)=1023163.94 4KB(1:9)=920266.66 rss=4.02G
[07-03 17:37:30]   2s/hashcarry_off  512B(1:1)=1347885.13 512B(1:9)=1404644.67 4KB(1:1)=979875.11 4KB(1:9)=940581.28 rss=4.03G
[07-03 17:39:41]   2s/coalesce_off  512B(1:1)=1372215.99 512B(1:9)=1474393.77 4KB(1:1)=1143941.87 4KB(1:9)=928448.49 rss=4.03G
[07-03 17:41:49]   2s/batchpush_off  512B(1:1)=2339327.04 512B(1:9)=2420352.18 4KB(1:1)=1258971.39 4KB(1:9)=1205399.11 rss=4.03G
[07-03 17:43:57]   2s/pstats_off  512B(1:1)=1361466.55 512B(1:9)=1374796.51 4KB(1:1)=1017257.91 4KB(1:9)=886341.23 rss=4.05G
[07-03 17:46:05]   2s/mcdb_on  512B(1:1)=1359719.68 512B(1:9)=1432826.83 4KB(1:1)=1013952.72 4KB(1:9)=900629.82 rss=4.04G
[07-03 17:48:15]   2s/vf_on  512B(1:1)=1361938.19 512B(1:9)=1399776.59 4KB(1:1)=1024664.21 4KB(1:9)=924688.39 rss=4.02G
[07-03 17:50:27]   2s/batchedclear_on  512B(1:1)=1307378.61 512B(1:9)=1391746.16 4KB(1:1)=1052761.80 4KB(1:9)=904121.38 rss=4.02G
[07-03 17:52:36]   3s/base  512B(1:1)=2358720.61 512B(1:9)=2307020.52 4KB(1:1)=1336512.56 4KB(1:9)=1214243.39 rss=3.99G
[07-03 17:54:44]   3s/pf_off  512B(1:1)=2364028.74 512B(1:9)=2317370.92 4KB(1:1)=1362018.19 4KB(1:9)=1223440.01 rss=4.00G
[07-03 17:56:53]   3s/pf_always  512B(1:1)=2378001.23 512B(1:9)=2324151.62 4KB(1:1)=1351149.59 4KB(1:9)=1236405.55 rss=3.99G
[07-03 17:59:01]   3s/hashcarry_off  512B(1:1)=2339458.62 512B(1:9)=2287646.98 4KB(1:1)=1338316.89 4KB(1:9)=1193424.16 rss=3.99G
[07-03 18:01:10]   3s/coalesce_off  512B(1:1)=2365547.98 512B(1:9)=2345357.76 4KB(1:1)=1364751.64 4KB(1:9)=1203925.60 rss=3.98G
[07-03 18:03:18]   3s/batchpush_off  512B(1:1)=2296667.65 512B(1:9)=2312613.35 4KB(1:1)=1405472.44 4KB(1:9)=1208694.29 rss=4.00G
[07-03 18:05:27]   3s/pstats_off  512B(1:1)=2384840.37 512B(1:9)=2319463.50 4KB(1:1)=1339851.91 4KB(1:9)=1200109.99 rss=3.98G
[07-03 18:07:36]   3s/mcdb_on  512B(1:1)=2341732.92 512B(1:9)=2384367.50 4KB(1:1)=1368264.56 4KB(1:9)=1264368.97 rss=3.99G
[07-03 18:09:44]   3s/vf_on  512B(1:1)=2365481.65 512B(1:9)=2347457.24 4KB(1:1)=1411721.52 4KB(1:9)=1250721.72 rss=4.00G
[07-03 18:11:53]   3s/batchedclear_on  512B(1:1)=2401302.97 512B(1:9)=2312679.60 4KB(1:1)=1389999.92 4KB(1:9)=1189296.44 rss=3.97G
[07-03 18:14:04]   2s/base_recheck  512B(1:1)=1351953.51 512B(1:9)=1388827.58 4KB(1:1)=1009004.37 4KB(1:9)=913927.90 rss=4.03G
[07-03 18:16:14]   3s/base_recheck  512B(1:1)=2358881.06 512B(1:9)=2310076.93 4KB(1:1)=1365156.87 4KB(1:9)=1218060.58 rss=3.99G
[07-03 18:16:16] ===== STUDY DONE =====
KNOBRETIRE_DONE
