[07-03 18:23:33] retirement study done (or timeout) — starting stage ablation
[07-03 18:23:33] ===== STAGE ABLATION: 3 cells x 32 configs, gate forced open =====
[07-03 18:25:10]   2s/A0_alloff_hard  512B(1:1)=1353876.28 512B(1:9)=1373005.41 4KB(1:9)=912464.22
[07-03 18:26:51]   2s/A1_offbase  512B(1:1)=1379319.87 512B(1:9)=1423396.84 4KB(1:9)=908528.32
[07-03 18:28:31]   2s/A2_all_on  512B(1:1)=1346173.26 512B(1:9)=1416952.71 4KB(1:9)=929157.24
[07-03 18:30:12]   2s/W1a_fc  512B(1:1)=1340971.04 512B(1:9)=1380210.12 4KB(1:9)=915914.11
[07-03 18:31:50]   2s/W1b_argv  512B(1:1)=1363997.99 512B(1:9)=1439780.19 4KB(1:9)=930040.41
[07-03 18:33:30]   2s/W1c_cmd  512B(1:1)=1325897.37 512B(1:9)=1409282.58 4KB(1:9)=944459.63
[07-03 18:35:10]   2s/W1d_keyobj  512B(1:1)=1327552.99 512B(1:9)=1438208.78 4KB(1:9)=927714.26
[07-03 18:36:51]   2s/W1e_machinery  512B(1:1)=1328726.44 512B(1:9)=1424091.65 4KB(1:9)=922204.59
[07-03 18:38:31]   2s/W2_keybucket  512B(1:1)=1312401.71 512B(1:9)=1394298.32 4KB(1:9)=924621.80
[07-03 18:40:11]   2s/W3_entrychase  512B(1:1)=1358244.93 512B(1:9)=1444643.53 4KB(1:9)=918157.19
[07-03 18:41:51]   2s/W4_valuechase  512B(1:1)=1357161.44 512B(1:9)=1416838.42 4KB(1:9)=936431.66
[07-03 18:43:32]   2s/W5_nextop  512B(1:1)=1330745.69 512B(1:9)=1422393.71 4KB(1:9)=922292.38
[07-03 18:45:10]   2s/I0_iomachinery  512B(1:1)=1377880.78 512B(1:9)=1407172.89 4KB(1:9)=933312.91
[07-03 18:46:50]   2s/I1_iostruct  512B(1:1)=1367766.42 512B(1:9)=1427947.40 4KB(1:9)=897745.18
[07-03 18:48:30]   2s/I2_ioreply  512B(1:1)=1345422.39 512B(1:9)=1402452.37 4KB(1:9)=934116.30
[07-03 18:50:08]   2s/I3_ioboth  512B(1:1)=1370701.46 512B(1:9)=1409574.39 4KB(1:9)=922488.09
[07-03 18:51:47]   3s/A0_alloff_hard  512B(1:1)=2309208.71 512B(1:9)=2299615.35 4KB(1:9)=1205816.37
[07-03 18:53:25]   3s/A1_offbase  512B(1:1)=2382279.57 512B(1:9)=2295321.27 4KB(1:9)=1212115.53
[07-03 18:55:04]   3s/A2_all_on  512B(1:1)=2372706.44 512B(1:9)=2362285.49 4KB(1:9)=1214364.73
[07-03 18:56:42]   3s/W1a_fc  512B(1:1)=2415922.46 512B(1:9)=2325665.76 4KB(1:9)=1237897.86
[07-03 18:58:21]   3s/W1b_argv  512B(1:1)=2365720.93 512B(1:9)=2338867.87 4KB(1:9)=1190383.73
[07-03 19:00:00]   3s/W1c_cmd  512B(1:1)=2344985.96 512B(1:9)=2317173.21 4KB(1:9)=1239820.43
[07-03 19:01:39]   3s/W1d_keyobj  512B(1:1)=2379645.07 512B(1:9)=2339338.38 4KB(1:9)=1246554.15
[07-03 19:03:18]   3s/W1e_machinery  512B(1:1)=2219778.58 512B(1:9)=2307496.97 4KB(1:9)=1133348.87
[07-03 19:04:57]   3s/W2_keybucket  512B(1:1)=2385736.89 512B(1:9)=2322007.58 4KB(1:9)=1217895.63
[07-03 19:06:36]   3s/W3_entrychase  512B(1:1)=2394805.33 512B(1:9)=2405667.98 4KB(1:9)=1266043.30
[07-03 19:08:14]   3s/W4_valuechase  512B(1:1)=2354225.18 512B(1:9)=2278510.94 4KB(1:9)=1225043.38
[07-03 19:09:53]   3s/W5_nextop  512B(1:1)=2367363.44 512B(1:9)=2394626.18 4KB(1:9)=1211360.39
[07-03 19:11:31]   3s/I0_iomachinery  512B(1:1)=2374376.05 512B(1:9)=2363291.26 4KB(1:9)=1220762.27
[07-03 19:13:10]   3s/I1_iostruct  512B(1:1)=2359872.12 512B(1:9)=2323418.91 4KB(1:9)=1242918.30
[07-03 19:14:48]   3s/I2_ioreply  512B(1:1)=2368210.99 512B(1:9)=2328461.20 4KB(1:9)=1195482.01
[07-03 19:16:29]   3s/I3_ioboth  512B(1:1)=2314741.95 512B(1:9)=2350975.69 4KB(1:9)=1249265.88
[07-03 19:16:31] ===== STAGE ABLATION DONE =====
KNOBSTAGES_DONE
