[07-03 19:30:39] ===== MEMORY-BOUND PREFETCH EVAL: 2 cells x 7 configs x 2 forks x 2 reps =====
[07-03 19:30:39] ########## REP 1 ##########
[07-03 19:31:47]   2s/A1_offbase_r1  MB1_16KB=519297.57  MB2_256B_12M=2623162.32
pf_membound.sh: line 13: 2944430 Killed                  /shared/Projects/THredis-v13-2s/src/redis-server --myiothreads 4 --myworkerthreads 4 --myiothreadpipelinedepth 32 --myworkerthreadqueuedepth 2048 --thredis-prefetch-adaptive-min-keys 0 --thredis-pf-fc no --thredis-pf-argv no --thredis-pf-cmd no --thredis-pf-keyobj no --thredis-pf-w-struct 0 --thredis-pf-w-hash 0 --thredis-pf-w-entry 0 --thredis-pf-w-value 0 --save '' --appendonly no --protected-mode no --dir /tmp/pfmb --port 6399 > /tmp/pfmb/s.log 2>&1
[07-03 19:32:54]   2s/A2_allon_r1  MB1_16KB=522595.09  MB2_256B_12M=2648337.82
pf_membound.sh: line 13: 2944949 Killed                  /shared/Projects/THredis-v13-2s/src/redis-server --myiothreads 4 --myworkerthreads 4 --myiothreadpipelinedepth 32 --myworkerthreadqueuedepth 2048 --thredis-prefetch-adaptive-min-keys 0 --thredis-opt-prefetch-io yes --save '' --appendonly no --protected-mode no --dir /tmp/pfmb --port 6399 > /tmp/pfmb/s.log 2>&1
[07-03 19:34:04]   2s/cmd_off_r1  MB1_16KB=527610.24  MB2_256B_12M=2655792.09
pf_membound.sh: line 13: 2945535 Killed                  /shared/Projects/THredis-v13-2s/src/redis-server --myiothreads 4 --myworkerthreads 4 --myiothreadpipelinedepth 32 --myworkerthreadqueuedepth 2048 --thredis-prefetch-adaptive-min-keys 0 --thredis-opt-prefetch-io yes --thredis-pf-cmd no --save '' --appendonly no --protected-mode no --dir /tmp/pfmb --port 6399 > /tmp/pfmb/s.log 2>&1
[07-03 19:35:12]   2s/keyobj_off_r1  MB1_16KB=529278.59  MB2_256B_12M=2640961.07
pf_membound.sh: line 13: 2946085 Killed                  /shared/Projects/THredis-v13-2s/src/redis-server --myiothreads 4 --myworkerthreads 4 --myiothreadpipelinedepth 32 --myworkerthreadqueuedepth 2048 --thredis-prefetch-adaptive-min-keys 0 --thredis-opt-prefetch-io yes --thredis-pf-keyobj no --save '' --appendonly no --protected-mode no --dir /tmp/pfmb --port 6399 > /tmp/pfmb/s.log 2>&1
[07-03 19:36:21]   2s/fcargvcmd_off_r1  MB1_16KB=531167.61  MB2_256B_12M=2636083.16
pf_membound.sh: line 13: 2946659 Killed                  /shared/Projects/THredis-v13-2s/src/redis-server --myiothreads 4 --myworkerthreads 4 --myiothreadpipelinedepth 32 --myworkerthreadqueuedepth 2048 --thredis-prefetch-adaptive-min-keys 0 --thredis-opt-prefetch-io yes --thredis-pf-fc no --thredis-pf-argv no --thredis-pf-cmd no --save '' --appendonly no --protected-mode no --dir /tmp/pfmb --port 6399 > /tmp/pfmb/s.log 2>&1
[07-03 19:37:29]   2s/keychase_only_r1  MB1_16KB=521861.97  MB2_256B_12M=2618946.58
pf_membound.sh: line 13: 2947176 Killed                  /shared/Projects/THredis-v13-2s/src/redis-server --myiothreads 4 --myworkerthreads 4 --myiothreadpipelinedepth 32 --myworkerthreadqueuedepth 2048 --thredis-prefetch-adaptive-min-keys 0 --thredis-pf-fc no --thredis-pf-argv no --thredis-pf-cmd no --thredis-pf-keyobj no --thredis-pf-w-struct 0 --thredis-pf-w-hash 256 --thredis-pf-w-entry 256 --thredis-pf-w-value 256 --save '' --appendonly no --protected-mode no --dir /tmp/pfmb --port 6399 > /tmp/pfmb/s.log 2>&1
[07-03 19:38:38]   2s/value_only_r1  MB1_16KB=522858.72  MB2_256B_12M=2644869.41
pf_membound.sh: line 13: 2947798 Killed                  /shared/Projects/THredis-v13-2s/src/redis-server --myiothreads 4 --myworkerthreads 4 --myiothreadpipelinedepth 32 --myworkerthreadqueuedepth 2048 --thredis-prefetch-adaptive-min-keys 0 --thredis-pf-fc no --thredis-pf-argv no --thredis-pf-cmd no --thredis-pf-keyobj no --thredis-pf-w-struct 0 --thredis-pf-w-hash 0 --thredis-pf-w-entry 256 --thredis-pf-w-value 256 --save '' --appendonly no --protected-mode no --dir /tmp/pfmb --port 6399 > /tmp/pfmb/s.log 2>&1
[07-03 19:39:48]   3s/A1_offbase_r1  MB1_16KB=500902.63  MB2_256B_12M=2451183.37
pf_membound.sh: line 13: 2948350 Killed                  /shared/Projects/THredis-v13-3s/src/redis-server --myifidthreads 3 --myexthreads 3 --thredis-strict-pipeline yes --thredis-wb-threads 2 --thredis-prefetch-adaptive-min-keys 0 --thredis-pf-fc no --thredis-pf-argv no --thredis-pf-cmd no --thredis-pf-keyobj no --thredis-pf-w-struct 0 --thredis-pf-w-hash 0 --thredis-pf-w-entry 0 --thredis-pf-w-value 0 --save '' --appendonly no --protected-mode no --dir /tmp/pfmb --port 6399 > /tmp/pfmb/s.log 2>&1
[07-03 19:40:59]   3s/A2_allon_r1  MB1_16KB=493011.04  MB2_256B_12M=2428842.25
pf_membound.sh: line 13: 2948988 Killed                  /shared/Projects/THredis-v13-3s/src/redis-server --myifidthreads 3 --myexthreads 3 --thredis-strict-pipeline yes --thredis-wb-threads 2 --thredis-prefetch-adaptive-min-keys 0 --thredis-opt-prefetch-io yes --save '' --appendonly no --protected-mode no --dir /tmp/pfmb --port 6399 > /tmp/pfmb/s.log 2>&1
[07-03 19:42:09]   3s/cmd_off_r1  MB1_16KB=503248.16  MB2_256B_12M=2458396.75
pf_membound.sh: line 13: 2949586 Killed                  /shared/Projects/THredis-v13-3s/src/redis-server --myifidthreads 3 --myexthreads 3 --thredis-strict-pipeline yes --thredis-wb-threads 2 --thredis-prefetch-adaptive-min-keys 0 --thredis-opt-prefetch-io yes --thredis-pf-cmd no --save '' --appendonly no --protected-mode no --dir /tmp/pfmb --port 6399 > /tmp/pfmb/s.log 2>&1
[07-03 19:43:21]   3s/keyobj_off_r1  MB1_16KB=514659.25  MB2_256B_12M=2428686.47
pf_membound.sh: line 13: 2950171 Killed                  /shared/Projects/THredis-v13-3s/src/redis-server --myifidthreads 3 --myexthreads 3 --thredis-strict-pipeline yes --thredis-wb-threads 2 --thredis-prefetch-adaptive-min-keys 0 --thredis-opt-prefetch-io yes --thredis-pf-keyobj no --save '' --appendonly no --protected-mode no --dir /tmp/pfmb --port 6399 > /tmp/pfmb/s.log 2>&1
[07-03 19:44:30]   3s/fcargvcmd_off_r1  MB1_16KB=506059.11  MB2_256B_12M=2492979.41
pf_membound.sh: line 13: 2950740 Killed                  /shared/Projects/THredis-v13-3s/src/redis-server --myifidthreads 3 --myexthreads 3 --thredis-strict-pipeline yes --thredis-wb-threads 2 --thredis-prefetch-adaptive-min-keys 0 --thredis-opt-prefetch-io yes --thredis-pf-fc no --thredis-pf-argv no --thredis-pf-cmd no --save '' --appendonly no --protected-mode no --dir /tmp/pfmb --port 6399 > /tmp/pfmb/s.log 2>&1
[07-03 19:45:40]   3s/keychase_only_r1  MB1_16KB=510868.22  MB2_256B_12M=2459230.67
pf_membound.sh: line 13: 2951306 Killed                  /shared/Projects/THredis-v13-3s/src/redis-server --myifidthreads 3 --myexthreads 3 --thredis-strict-pipeline yes --thredis-wb-threads 2 --thredis-prefetch-adaptive-min-keys 0 --thredis-pf-fc no --thredis-pf-argv no --thredis-pf-cmd no --thredis-pf-keyobj no --thredis-pf-w-struct 0 --thredis-pf-w-hash 256 --thredis-pf-w-entry 256 --thredis-pf-w-value 256 --save '' --appendonly no --protected-mode no --dir /tmp/pfmb --port 6399 > /tmp/pfmb/s.log 2>&1
[07-03 19:46:50]   3s/value_only_r1  MB1_16KB=509427.84  MB2_256B_12M=2475107.07
pf_membound.sh: line 13: 2951859 Killed                  /shared/Projects/THredis-v13-3s/src/redis-server --myifidthreads 3 --myexthreads 3 --thredis-strict-pipeline yes --thredis-wb-threads 2 --thredis-prefetch-adaptive-min-keys 0 --thredis-pf-fc no --thredis-pf-argv no --thredis-pf-cmd no --thredis-pf-keyobj no --thredis-pf-w-struct 0 --thredis-pf-w-hash 0 --thredis-pf-w-entry 256 --thredis-pf-w-value 256 --save '' --appendonly no --protected-mode no --dir /tmp/pfmb --port 6399 > /tmp/pfmb/s.log 2>&1
[07-03 19:46:51] ########## REP 2 ##########
[07-03 19:47:59]   2s/A1_offbase_r2  MB1_16KB=529284.44  MB2_256B_12M=2659518.04
pf_membound.sh: line 13: 2952423 Killed                  /shared/Projects/THredis-v13-2s/src/redis-server --myiothreads 4 --myworkerthreads 4 --myiothreadpipelinedepth 32 --myworkerthreadqueuedepth 2048 --thredis-prefetch-adaptive-min-keys 0 --thredis-pf-fc no --thredis-pf-argv no --thredis-pf-cmd no --thredis-pf-keyobj no --thredis-pf-w-struct 0 --thredis-pf-w-hash 0 --thredis-pf-w-entry 0 --thredis-pf-w-value 0 --save '' --appendonly no --protected-mode no --dir /tmp/pfmb --port 6399 > /tmp/pfmb/s.log 2>&1
[07-03 19:49:06]   2s/A2_allon_r2  MB1_16KB=528154.15  MB2_256B_12M=2665616.98
pf_membound.sh: line 13: 2952952 Killed                  /shared/Projects/THredis-v13-2s/src/redis-server --myiothreads 4 --myworkerthreads 4 --myiothreadpipelinedepth 32 --myworkerthreadqueuedepth 2048 --thredis-prefetch-adaptive-min-keys 0 --thredis-opt-prefetch-io yes --save '' --appendonly no --protected-mode no --dir /tmp/pfmb --port 6399 > /tmp/pfmb/s.log 2>&1
[07-03 19:50:15]   2s/cmd_off_r2  MB1_16KB=531046.77  MB2_256B_12M=2665574.93
pf_membound.sh: line 13: 2953490 Killed                  /shared/Projects/THredis-v13-2s/src/redis-server --myiothreads 4 --myworkerthreads 4 --myiothreadpipelinedepth 32 --myworkerthreadqueuedepth 2048 --thredis-prefetch-adaptive-min-keys 0 --thredis-opt-prefetch-io yes --thredis-pf-cmd no --save '' --appendonly no --protected-mode no --dir /tmp/pfmb --port 6399 > /tmp/pfmb/s.log 2>&1
[07-03 19:51:22]   2s/keyobj_off_r2  MB1_16KB=532262.59  MB2_256B_12M=2658070.67
pf_membound.sh: line 13: 2953998 Killed                  /shared/Projects/THredis-v13-2s/src/redis-server --myiothreads 4 --myworkerthreads 4 --myiothreadpipelinedepth 32 --myworkerthreadqueuedepth 2048 --thredis-prefetch-adaptive-min-keys 0 --thredis-opt-prefetch-io yes --thredis-pf-keyobj no --save '' --appendonly no --protected-mode no --dir /tmp/pfmb --port 6399 > /tmp/pfmb/s.log 2>&1
[07-03 19:52:30]   2s/fcargvcmd_off_r2  MB1_16KB=528191.43  MB2_256B_12M=2660562.33
pf_membound.sh: line 13: 2954549 Killed                  /shared/Projects/THredis-v13-2s/src/redis-server --myiothreads 4 --myworkerthreads 4 --myiothreadpipelinedepth 32 --myworkerthreadqueuedepth 2048 --thredis-prefetch-adaptive-min-keys 0 --thredis-opt-prefetch-io yes --thredis-pf-fc no --thredis-pf-argv no --thredis-pf-cmd no --save '' --appendonly no --protected-mode no --dir /tmp/pfmb --port 6399 > /tmp/pfmb/s.log 2>&1
[07-03 19:53:37]   2s/keychase_only_r2  MB1_16KB=532243.22  MB2_256B_12M=2657659.56
pf_membound.sh: line 13: 2955104 Killed                  /shared/Projects/THredis-v13-2s/src/redis-server --myiothreads 4 --myworkerthreads 4 --myiothreadpipelinedepth 32 --myworkerthreadqueuedepth 2048 --thredis-prefetch-adaptive-min-keys 0 --thredis-pf-fc no --thredis-pf-argv no --thredis-pf-cmd no --thredis-pf-keyobj no --thredis-pf-w-struct 0 --thredis-pf-w-hash 256 --thredis-pf-w-entry 256 --thredis-pf-w-value 256 --save '' --appendonly no --protected-mode no --dir /tmp/pfmb --port 6399 > /tmp/pfmb/s.log 2>&1
[07-03 19:54:46]   2s/value_only_r2  MB1_16KB=529358.47  MB2_256B_12M=2663099.04
pf_membound.sh: line 13: 2955640 Killed                  /shared/Projects/THredis-v13-2s/src/redis-server --myiothreads 4 --myworkerthreads 4 --myiothreadpipelinedepth 32 --myworkerthreadqueuedepth 2048 --thredis-prefetch-adaptive-min-keys 0 --thredis-pf-fc no --thredis-pf-argv no --thredis-pf-cmd no --thredis-pf-keyobj no --thredis-pf-w-struct 0 --thredis-pf-w-hash 0 --thredis-pf-w-entry 256 --thredis-pf-w-value 256 --save '' --appendonly no --protected-mode no --dir /tmp/pfmb --port 6399 > /tmp/pfmb/s.log 2>&1
[07-03 19:55:55]   3s/A1_offbase_r2  MB1_16KB=496674.08  MB2_256B_12M=2366825.33
pf_membound.sh: line 13: 2956173 Killed                  /shared/Projects/THredis-v13-3s/src/redis-server --myifidthreads 3 --myexthreads 3 --thredis-strict-pipeline yes --thredis-wb-threads 2 --thredis-prefetch-adaptive-min-keys 0 --thredis-pf-fc no --thredis-pf-argv no --thredis-pf-cmd no --thredis-pf-keyobj no --thredis-pf-w-struct 0 --thredis-pf-w-hash 0 --thredis-pf-w-entry 0 --thredis-pf-w-value 0 --save '' --appendonly no --protected-mode no --dir /tmp/pfmb --port 6399 > /tmp/pfmb/s.log 2>&1
[07-03 19:57:05]   3s/A2_allon_r2  MB1_16KB=516009.29  MB2_256B_12M=2472487.78
pf_membound.sh: line 13: 2956732 Killed                  /shared/Projects/THredis-v13-3s/src/redis-server --myifidthreads 3 --myexthreads 3 --thredis-strict-pipeline yes --thredis-wb-threads 2 --thredis-prefetch-adaptive-min-keys 0 --thredis-opt-prefetch-io yes --save '' --appendonly no --protected-mode no --dir /tmp/pfmb --port 6399 > /tmp/pfmb/s.log 2>&1
[07-03 19:58:14]   3s/cmd_off_r2  MB1_16KB=511299.61  MB2_256B_12M=2508069.97
pf_membound.sh: line 13: 2957315 Killed                  /shared/Projects/THredis-v13-3s/src/redis-server --myifidthreads 3 --myexthreads 3 --thredis-strict-pipeline yes --thredis-wb-threads 2 --thredis-prefetch-adaptive-min-keys 0 --thredis-opt-prefetch-io yes --thredis-pf-cmd no --save '' --appendonly no --protected-mode no --dir /tmp/pfmb --port 6399 > /tmp/pfmb/s.log 2>&1
[07-03 19:59:26]   3s/keyobj_off_r2  MB1_16KB=513238.00  MB2_256B_12M=2522775.70
pf_membound.sh: line 13: 2957821 Killed                  /shared/Projects/THredis-v13-3s/src/redis-server --myifidthreads 3 --myexthreads 3 --thredis-strict-pipeline yes --thredis-wb-threads 2 --thredis-prefetch-adaptive-min-keys 0 --thredis-opt-prefetch-io yes --thredis-pf-keyobj no --save '' --appendonly no --protected-mode no --dir /tmp/pfmb --port 6399 > /tmp/pfmb/s.log 2>&1
[07-03 20:00:36]   3s/fcargvcmd_off_r2  MB1_16KB=497098.63  MB2_256B_12M=2482425.66
pf_membound.sh: line 13: 2958371 Killed                  /shared/Projects/THredis-v13-3s/src/redis-server --myifidthreads 3 --myexthreads 3 --thredis-strict-pipeline yes --thredis-wb-threads 2 --thredis-prefetch-adaptive-min-keys 0 --thredis-opt-prefetch-io yes --thredis-pf-fc no --thredis-pf-argv no --thredis-pf-cmd no --save '' --appendonly no --protected-mode no --dir /tmp/pfmb --port 6399 > /tmp/pfmb/s.log 2>&1
[07-03 20:01:48]   3s/keychase_only_r2  MB1_16KB=512924.88  MB2_256B_12M=2456931.75
pf_membound.sh: line 13: 2958962 Killed                  /shared/Projects/THredis-v13-3s/src/redis-server --myifidthreads 3 --myexthreads 3 --thredis-strict-pipeline yes --thredis-wb-threads 2 --thredis-prefetch-adaptive-min-keys 0 --thredis-pf-fc no --thredis-pf-argv no --thredis-pf-cmd no --thredis-pf-keyobj no --thredis-pf-w-struct 0 --thredis-pf-w-hash 256 --thredis-pf-w-entry 256 --thredis-pf-w-value 256 --save '' --appendonly no --protected-mode no --dir /tmp/pfmb --port 6399 > /tmp/pfmb/s.log 2>&1
[07-03 20:02:58]   3s/value_only_r2  MB1_16KB=500480.65  MB2_256B_12M=2432405.99
pf_membound.sh: line 13: 2959522 Killed                  /shared/Projects/THredis-v13-3s/src/redis-server --myifidthreads 3 --myexthreads 3 --thredis-strict-pipeline yes --thredis-wb-threads 2 --thredis-prefetch-adaptive-min-keys 0 --thredis-pf-fc no --thredis-pf-argv no --thredis-pf-cmd no --thredis-pf-keyobj no --thredis-pf-w-struct 0 --thredis-pf-w-hash 0 --thredis-pf-w-entry 256 --thredis-pf-w-value 256 --save '' --appendonly no --protected-mode no --dir /tmp/pfmb --port 6399 > /tmp/pfmb/s.log 2>&1
[07-03 20:03:00] ===== PF MEMBOUND DONE =====
