[07-03 21:21:35] ===== v13 per-stage ablation: 8 configs x 2 cells (short/LONG keys) x 2 reps, 2s =====
[07-03 21:21:35] --- rep 1 ---
[07-03 21:22:48]   allon  SHORT=2617917.05  LONGKEY=2564683.76
[07-03 21:24:01]   struct0  SHORT=2629220.42  LONGKEY=2563001.93
[07-03 21:25:12]   argv0  SHORT=2659495.43  LONGKEY=2541097.03
[07-03 21:26:24]   keyobj0  SHORT=2652832.63  LONGKEY=2593447.10
[07-03 21:27:37]   keybytes0  SHORT=2644655.62  LONGKEY=2555739.11
[07-03 21:28:50]   bucket0  SHORT=2655344.96  LONGKEY=2581862.18
[07-03 21:30:02]   p1_off  SHORT=2647988.08  LONGKEY=2549908.13
[07-03 21:31:14]   all_off  SHORT=2624700.68  LONGKEY=2583682.70
[07-03 21:31:15] --- rep 2 ---
[07-03 21:32:27]   allon  SHORT=2645445.13  LONGKEY=2562213.99
[07-03 21:33:39]   struct0  SHORT=2653304.00  LONGKEY=2550300.77
[07-03 21:34:51]   argv0  SHORT=2662927.23  LONGKEY=2572617.90
[07-03 21:36:02]   keyobj0  SHORT=2656981.93  LONGKEY=2584660.08
[07-03 21:37:15]   keybytes0  SHORT=2673475.15  LONGKEY=2565113.21
[07-03 21:38:27]   bucket0  SHORT=2666082.79  LONGKEY=2566612.16
[07-03 21:39:39]   p1_off  SHORT=2662421.55  LONGKEY=2563860.94
[07-03 21:40:51]   all_off  SHORT=2643452.98  LONGKEY=2581504.48
[07-03 21:40:53] ===== DONE =====
PFS13_DONE
