[07-03 21:21:35] ===== v13 per-stage ablation: 8 configs x 2 cells (short/LONG keys) x 2 reps, 2s =====
[07-03 21:21:35] --- rep 1 ---
[07-03 21:22:48]   allon  SHORT=2617917.05  LONGKEY=2564683.76
 2997329pf_stages_v13.sh: line 13: 2997329 Killed                  /shared/Projects/THredis-v13-2s/src/redis-server --myiothreads 4 --myworkerthreads 4 --myiothreadpipelinedepth 32 --myworkerthreadqueuedepth 2048 --thredis-prefetch-adaptive-min-keys 0 --save '' --appendonly no --protected-mode no --dir /tmp/pfs13 --port 6399 > /tmp/pfs13/s.log 2>&1
[07-03 21:24:01]   struct0  SHORT=2629220.42  LONGKEY=2563001.93
 2997905pf_stages_v13.sh: line 13: 2997905 Killed                  /shared/Projects/THredis-v13-2s/src/redis-server --myiothreads 4 --myworkerthreads 4 --myiothreadpipelinedepth 32 --myworkerthreadqueuedepth 2048 --thredis-prefetch-adaptive-min-keys 0 --thredis-pf-w-struct 0 --save '' --appendonly no --protected-mode no --dir /tmp/pfs13 --port 6399 > /tmp/pfs13/s.log 2>&1
[07-03 21:25:12]   argv0  SHORT=2659495.43  LONGKEY=2541097.03
 2998519pf_stages_v13.sh: line 13: 2998519 Killed                  /shared/Projects/THredis-v13-2s/src/redis-server --myiothreads 4 --myworkerthreads 4 --myiothreadpipelinedepth 32 --myworkerthreadqueuedepth 2048 --thredis-prefetch-adaptive-min-keys 0 --thredis-pf-w-argv 0 --save '' --appendonly no --protected-mode no --dir /tmp/pfs13 --port 6399 > /tmp/pfs13/s.log 2>&1
[07-03 21:26:24]   keyobj0  SHORT=2652832.63  LONGKEY=2593447.10
 2999086pf_stages_v13.sh: line 13: 2999086 Killed                  /shared/Projects/THredis-v13-2s/src/redis-server --myiothreads 4 --myworkerthreads 4 --myiothreadpipelinedepth 32 --myworkerthreadqueuedepth 2048 --thredis-prefetch-adaptive-min-keys 0 --thredis-pf-w-keyobj 0 --save '' --appendonly no --protected-mode no --dir /tmp/pfs13 --port 6399 > /tmp/pfs13/s.log 2>&1
[07-03 21:27:37]   keybytes0  SHORT=2644655.62  LONGKEY=2555739.11
 2999621pf_stages_v13.sh: line 13: 2999621 Killed                  /shared/Projects/THredis-v13-2s/src/redis-server --myiothreads 4 --myworkerthreads 4 --myiothreadpipelinedepth 32 --myworkerthreadqueuedepth 2048 --thredis-prefetch-adaptive-min-keys 0 --thredis-pf-w-keybytes 0 --save '' --appendonly no --protected-mode no --dir /tmp/pfs13 --port 6399 > /tmp/pfs13/s.log 2>&1
[07-03 21:28:50]   bucket0  SHORT=2655344.96  LONGKEY=2581862.18
 3000214pf_stages_v13.sh: line 13: 3000214 Killed                  /shared/Projects/THredis-v13-2s/src/redis-server --myiothreads 4 --myworkerthreads 4 --myiothreadpipelinedepth 32 --myworkerthreadqueuedepth 2048 --thredis-prefetch-adaptive-min-keys 0 --thredis-pf-w-hash 0 --save '' --appendonly no --protected-mode no --dir /tmp/pfs13 --port 6399 > /tmp/pfs13/s.log 2>&1
[07-03 21:30:02]   p1_off  SHORT=2647988.08  LONGKEY=2549908.13
 3000788pf_stages_v13.sh: line 13: 3000788 Killed                  /shared/Projects/THredis-v13-2s/src/redis-server --myiothreads 4 --myworkerthreads 4 --myiothreadpipelinedepth 32 --myworkerthreadqueuedepth 2048 --thredis-prefetch-adaptive-min-keys 0 --thredis-pf-w-struct 0 --thredis-pf-w-argv 0 --thredis-pf-w-keyobj 0 --thredis-pf-w-keybytes 0 --save '' --appendonly no --protected-mode no --dir /tmp/pfs13 --port 6399 > /tmp/pfs13/s.log 2>&1
[07-03 21:31:14]   all_off  SHORT=2624700.68  LONGKEY=2583682.70
 3001340pf_stages_v13.sh: line 13: 3001340 Killed                  /shared/Projects/THredis-v13-2s/src/redis-server --myiothreads 4 --myworkerthreads 4 --myiothreadpipelinedepth 32 --myworkerthreadqueuedepth 2048 --thredis-prefetch-adaptive-min-keys 0 --thredis-pf-w-struct 0 --thredis-pf-w-argv 0 --thredis-pf-w-keyobj 0 --thredis-pf-w-keybytes 0 --thredis-pf-w-hash 0 --thredis-pf-w-entry 0 --thredis-pf-w-value 0 --save '' --appendonly no --protected-mode no --dir /tmp/pfs13 --port 6399 > /tmp/pfs13/s.log 2>&1
[07-03 21:31:15] --- rep 2 ---
[07-03 21:32:27]   allon  SHORT=2645445.13  LONGKEY=2562213.99
 3001936pf_stages_v13.sh: line 13: 3001936 Killed                  /shared/Projects/THredis-v13-2s/src/redis-server --myiothreads 4 --myworkerthreads 4 --myiothreadpipelinedepth 32 --myworkerthreadqueuedepth 2048 --thredis-prefetch-adaptive-min-keys 0 --save '' --appendonly no --protected-mode no --dir /tmp/pfs13 --port 6399 > /tmp/pfs13/s.log 2>&1
[07-03 21:33:39]   struct0  SHORT=2653304.00  LONGKEY=2550300.77
 3002494pf_stages_v13.sh: line 13: 3002494 Killed                  /shared/Projects/THredis-v13-2s/src/redis-server --myiothreads 4 --myworkerthreads 4 --myiothreadpipelinedepth 32 --myworkerthreadqueuedepth 2048 --thredis-prefetch-adaptive-min-keys 0 --thredis-pf-w-struct 0 --save '' --appendonly no --protected-mode no --dir /tmp/pfs13 --port 6399 > /tmp/pfs13/s.log 2>&1
[07-03 21:34:51]   argv0  SHORT=2662927.23  LONGKEY=2572617.90
 3003087pf_stages_v13.sh: line 13: 3003087 Killed                  /shared/Projects/THredis-v13-2s/src/redis-server --myiothreads 4 --myworkerthreads 4 --myiothreadpipelinedepth 32 --myworkerthreadqueuedepth 2048 --thredis-prefetch-adaptive-min-keys 0 --thredis-pf-w-argv 0 --save '' --appendonly no --protected-mode no --dir /tmp/pfs13 --port 6399 > /tmp/pfs13/s.log 2>&1
[07-03 21:36:02]   keyobj0  SHORT=2656981.93  LONGKEY=2584660.08
 3003641pf_stages_v13.sh: line 13: 3003641 Killed                  /shared/Projects/THredis-v13-2s/src/redis-server --myiothreads 4 --myworkerthreads 4 --myiothreadpipelinedepth 32 --myworkerthreadqueuedepth 2048 --thredis-prefetch-adaptive-min-keys 0 --thredis-pf-w-keyobj 0 --save '' --appendonly no --protected-mode no --dir /tmp/pfs13 --port 6399 > /tmp/pfs13/s.log 2>&1
[07-03 21:37:15]   keybytes0  SHORT=2673475.15  LONGKEY=2565113.21
 3004207pf_stages_v13.sh: line 13: 3004207 Killed                  /shared/Projects/THredis-v13-2s/src/redis-server --myiothreads 4 --myworkerthreads 4 --myiothreadpipelinedepth 32 --myworkerthreadqueuedepth 2048 --thredis-prefetch-adaptive-min-keys 0 --thredis-pf-w-keybytes 0 --save '' --appendonly no --protected-mode no --dir /tmp/pfs13 --port 6399 > /tmp/pfs13/s.log 2>&1
[07-03 21:38:27]   bucket0  SHORT=2666082.79  LONGKEY=2566612.16
 3004762pf_stages_v13.sh: line 13: 3004762 Killed                  /shared/Projects/THredis-v13-2s/src/redis-server --myiothreads 4 --myworkerthreads 4 --myiothreadpipelinedepth 32 --myworkerthreadqueuedepth 2048 --thredis-prefetch-adaptive-min-keys 0 --thredis-pf-w-hash 0 --save '' --appendonly no --protected-mode no --dir /tmp/pfs13 --port 6399 > /tmp/pfs13/s.log 2>&1
[07-03 21:39:39]   p1_off  SHORT=2662421.55  LONGKEY=2563860.94
 3005306pf_stages_v13.sh: line 13: 3005306 Killed                  /shared/Projects/THredis-v13-2s/src/redis-server --myiothreads 4 --myworkerthreads 4 --myiothreadpipelinedepth 32 --myworkerthreadqueuedepth 2048 --thredis-prefetch-adaptive-min-keys 0 --thredis-pf-w-struct 0 --thredis-pf-w-argv 0 --thredis-pf-w-keyobj 0 --thredis-pf-w-keybytes 0 --save '' --appendonly no --protected-mode no --dir /tmp/pfs13 --port 6399 > /tmp/pfs13/s.log 2>&1
[07-03 21:40:51]   all_off  SHORT=2643452.98  LONGKEY=2581504.48
 3005863pf_stages_v13.sh: line 13: 3005863 Killed                  /shared/Projects/THredis-v13-2s/src/redis-server --myiothreads 4 --myworkerthreads 4 --myiothreadpipelinedepth 32 --myworkerthreadqueuedepth 2048 --thredis-prefetch-adaptive-min-keys 0 --thredis-pf-w-struct 0 --thredis-pf-w-argv 0 --thredis-pf-w-keyobj 0 --thredis-pf-w-keybytes 0 --thredis-pf-w-hash 0 --thredis-pf-w-entry 0 --thredis-pf-w-value 0 --save '' --appendonly no --protected-mode no --dir /tmp/pfs13 --port 6399 > /tmp/pfs13/s.log 2>&1
[07-03 21:40:53] ===== DONE =====
