[01:13:39] ===== STAGE 1 MAIN (passes=3 T=12s) =====
[01:13:55] pass1 v11-epoll        p64_P16_r19   ops=5553276    p50=0.55100 p99=1.57500 crash=0
[01:14:08] pass1 v11-epoll        p64_P16_r11   ops=4961315    p50=0.62300 p99=1.35100 crash=0
[01:14:21] pass1 v11-epoll        p64_P1_r19    ops=665245     p50=0.27900 p99=0.47100 crash=0
[01:14:34] pass1 v11-epoll        p64_P16_r10   ops=3850044    p50=0.82300 p99=1.22300 crash=0
[01:14:48] pass1 v11-epoll        p1k_P16_r19   ops=1977005    p50=1.74300 p99=2.23900 crash=0
[01:15:02] pass1 v11-epoll        p16k_P16_r19  ops=315877     p50=10.04700 p99=12.86300 crash=0
[01:15:16] pass1 v11-epoll        p64_P16_SMALL ops=5201588    p50=0.59900 p99=1.34300 crash=0
[01:15:33] pass1 v11-epoll        p64_P16_LARGE ops=4272554    p50=0.75100 p99=1.09500 crash=0
[01:15:49] pass1 v12-J            p64_P16_r19   ops=4372480    p50=0.71100 p99=1.48700 crash=0
[01:16:02] pass1 v12-J            p64_P16_r11   ops=4367869    p50=0.71900 p99=1.31900 crash=0
[01:16:15] pass1 v12-J            p64_P1_r19    ops=788113     p50=0.23900 p99=0.38300 crash=0
[01:16:29] pass1 v12-J            p64_P16_r10   ops=3944131    p50=0.79100 p99=1.49500 crash=0
[01:16:43] pass1 v12-J            p1k_P16_r19   ops=1922145    p50=1.75900 p99=2.35100 crash=0
[01:16:57] pass1 v12-J            p16k_P16_r19  ops=323901     p50=9.66300 p99=12.47900 crash=0
[01:17:11] pass1 v12-J            p64_P16_SMALL ops=5105045    p50=0.60700 p99=1.19100 crash=0
[01:17:28] pass1 v12-J            p64_P16_LARGE ops=4219024    p50=0.73500 p99=1.38300 crash=0
[01:17:44] pass1 threestage       p64_P16_r19   ops=3174743    p50=0.69500 p99=6.27100 crash=0
[01:17:57] pass1 threestage       p64_P16_r11   ops=3159647    p50=0.65500 p99=5.02300 crash=0
[01:18:10] pass1 threestage       p64_P1_r19    ops=549441     p50=0.25500 p99=2.76700 crash=0
[01:18:23] pass1 threestage       p64_P16_r10   ops=2816361    p50=0.77500 p99=4.99100 crash=0
[01:18:38] pass1 threestage       p1k_P16_r19   ops=1695739    p50=1.86300 p99=4.76700 crash=0
[01:18:53] pass1 threestage       p16k_P16_r19  ops=330339     p50=9.53500 p99=12.09500 crash=0
[01:19:07] pass1 threestage       p64_P16_SMALL ops=3511475    p50=0.60700 p99=6.33500 crash=0
[01:19:26] pass1 threestage       p64_P16_LARGE ops=3060700    p50=0.62300 p99=6.23900 crash=0
[01:19:42] pass1 redis            p64_P16_r19   ops=4374043    p50=0.69500 p99=1.43100 crash=0
[01:19:55] pass1 redis            p64_P16_r11   ops=4023925    p50=0.79900 p99=1.05500 crash=0
[01:20:08] pass1 redis            p64_P1_r19    ops=581469     p50=0.31900 p99=0.63100 crash=0
[01:20:21] pass1 redis            p64_P16_r10   ops=3870366    p50=0.83100 p99=1.16700 crash=0
[01:20:35] pass1 redis            p1k_P16_r19   ops=2039506    p50=1.63100 p99=2.25500 crash=0
[01:20:50] pass1 redis            p16k_P16_r19  ops=340660     p50=9.27900 p99=11.96700 crash=0
[01:21:04] pass1 redis            p64_P16_SMALL ops=4054890    p50=0.75900 p99=1.54300 crash=0
[01:21:20] pass1 redis            p64_P16_LARGE ops=3915000    p50=0.79900 p99=1.43100 crash=0
[01:21:36] pass1 dragonfly        p64_P16_r19   ops=4462754    p50=0.60700 p99=1.58300 crash=0
[01:21:49] pass1 dragonfly        p64_P16_r11   ops=4417232    p50=0.59900 p99=1.61500 crash=0
[01:22:03] pass1 dragonfly        p64_P1_r19    ops=543811     p50=0.32700 p99=0.67100 crash=0
[01:22:16] pass1 dragonfly        p64_P16_r10   ops=4201015    p50=0.65500 p99=1.56700 crash=0
[01:22:30] pass1 dragonfly        p1k_P16_r19   ops=1690527    p50=1.62300 p99=3.27900 crash=0
[01:22:44] pass1 dragonfly        p16k_P16_r19  ops=280364     p50=11.51900 p99=13.95100 crash=0
[01:22:58] pass1 dragonfly        p64_P16_SMALL ops=3943132    p50=0.71100 p99=1.71900 crash=0
[01:23:15] pass1 dragonfly        p64_P16_LARGE ops=4094184    p50=0.65500 p99=1.67900 crash=0
[01:23:31] pass2 v12-J            p64_P16_r19   ops=4903368    p50=0.62300 p99=1.31100 crash=0
[01:23:44] pass2 v12-J            p64_P16_r11   ops=4183748    p50=0.74300 p99=1.39100 crash=0
[01:23:57] pass2 v12-J            p64_P1_r19    ops=648504     p50=0.28700 p99=0.46300 crash=0
[01:24:10] pass2 v12-J            p64_P16_r10   ops=4432090    p50=0.68700 p99=1.52700 crash=0
[01:24:24] pass2 v12-J            p1k_P16_r19   ops=2160704    p50=1.56700 p99=1.83900 crash=0
[01:24:39] pass2 v12-J            p16k_P16_r19  ops=289006     p50=10.87900 p99=13.82300 crash=0
[01:24:53] pass2 v12-J            p64_P16_SMALL ops=4326844    p50=0.71100 p99=1.45500 crash=0
[01:25:10] pass2 v12-J            p64_P16_LARGE ops=4981596    p50=0.63100 p99=1.15900 crash=0
[01:25:26] pass2 threestage       p64_P16_r19   ops=3609020    p50=0.60700 p99=6.17500 crash=0
[01:25:39] pass2 threestage       p64_P16_r11   ops=2907600    p50=0.69500 p99=6.04700 crash=0
[01:25:52] pass2 threestage       p64_P1_r19    ops=496757     p50=0.24700 p99=3.16700 crash=0
[01:26:05] pass2 threestage       p64_P16_r10   ops=2959921    p50=0.60700 p99=5.66300 crash=0
[01:26:20] pass2 threestage       p1k_P16_r19   ops=1896790    p50=1.50300 p99=4.76700 crash=0
[01:26:35] pass2 threestage       p16k_P16_r19  ops=294519     p50=10.68700 p99=13.50300 crash=0
[01:26:49] pass2 threestage       p64_P16_SMALL ops=3174600    p50=0.60700 p99=6.33500 crash=0
[01:27:07] pass2 threestage       p64_P16_LARGE ops=3526964    p50=0.65500 p99=5.34300 crash=0
[01:27:24] pass2 redis            p64_P16_r19   ops=4227431    p50=0.71900 p99=1.47900 crash=0
[01:27:37] pass2 redis            p64_P16_r11   ops=3566433    p50=0.89500 p99=1.18300 crash=0
[01:27:50] pass2 redis            p64_P1_r19    ops=609983     p50=0.30300 p99=0.54300 crash=0
[01:28:03] pass2 redis            p64_P16_r10   ops=4392244    p50=0.68700 p99=1.70300 crash=0
[01:28:17] pass2 redis            p1k_P16_r19   ops=1907970    p50=1.79900 p99=2.43100 crash=0
[01:28:32] pass2 redis            p16k_P16_r19  ops=306130     p50=10.43100 p99=12.22300 crash=0
[01:28:46] pass2 redis            p64_P16_SMALL ops=4536083    p50=0.66300 p99=1.40700 crash=0
[01:29:02] pass2 redis            p64_P16_LARGE ops=3991249    p50=0.78300 p99=1.44700 crash=0
[01:29:18] pass2 dragonfly        p64_P16_r19   ops=3935893    p50=0.70300 p99=1.79900 crash=0
[01:29:31] pass2 dragonfly        p64_P16_r11   ops=4212700    p50=0.63100 p99=1.63900 crash=0
[01:29:44] pass2 dragonfly        p64_P1_r19    ops=667561     p50=0.27100 p99=0.54300 crash=0
[01:29:58] pass2 dragonfly        p64_P16_r10   ops=4317875    p50=0.62300 p99=1.51900 crash=0
[01:30:12] pass2 dragonfly        p1k_P16_r19   ops=1433982    p50=1.93500 p99=3.83900 crash=0
[01:30:26] pass2 dragonfly        p16k_P16_r19  ops=293659     p50=10.94300 p99=13.05500 crash=0
[01:30:40] pass2 dragonfly        p64_P16_SMALL ops=4740973    p50=0.57500 p99=1.60700 crash=0
[01:30:56] pass2 dragonfly        p64_P16_LARGE ops=3808559    p50=0.71900 p99=1.76700 crash=0
[01:31:13] pass2 v11-epoll        p64_P16_r19   ops=4415788    p50=0.72700 p99=1.08700 crash=0
[01:31:26] pass2 v11-epoll        p64_P16_r11   ops=4233744    p50=0.73500 p99=1.15100 crash=0
[01:31:39] pass2 v11-epoll        p64_P1_r19    ops=741049     p50=0.23900 p99=0.52700 crash=0
[01:31:52] pass2 v11-epoll        p64_P16_r10   ops=4266710    p50=0.72700 p99=1.20700 crash=0
[01:32:06] pass2 v11-epoll        p1k_P16_r19   ops=1987106    p50=1.75100 p99=1.84700 crash=0
[01:32:21] pass2 v11-epoll        p16k_P16_r19  ops=309426     p50=10.43100 p99=13.05500 crash=0
[01:32:35] pass2 v11-epoll        p64_P16_SMALL ops=5201793    p50=0.59100 p99=1.52700 crash=0
[01:32:52] pass2 v11-epoll        p64_P16_LARGE ops=4426926    p50=0.72700 p99=1.07100 crash=0
[01:33:08] pass3 threestage       p64_P16_r19   ops=3120577    p50=0.71900 p99=5.69500 crash=0
[01:33:21] pass3 threestage       p64_P16_r11   ops=2950037    p50=0.68700 p99=6.30300 crash=0
[01:33:34] pass3 threestage       p64_P1_r19    ops=567442     p50=0.19100 p99=3.19900 crash=0
[01:33:47] pass3 threestage       p64_P16_r10   ops=2953162    p50=0.64700 p99=5.59900 crash=0
[01:34:02] pass3 threestage       p1k_P16_r19   ops=1703872    p50=1.78300 p99=5.27900 crash=0
[01:34:17] pass3 threestage       p16k_P16_r19  ops=311190     p50=10.11100 p99=13.05500 crash=0
[01:34:31] pass3 threestage       p64_P16_SMALL ops=3666204    p50=0.52700 p99=6.33500 crash=0
[01:34:49] pass3 threestage       p64_P16_LARGE ops=3121937    p50=0.56700 p99=6.23900 crash=0
[01:35:06] pass3 redis            p64_P16_r19   ops=4213512    p50=0.71900 p99=1.53500 crash=0
[01:35:19] pass3 redis            p64_P16_r11   ops=3987642    p50=0.80700 p99=1.06300 crash=0
[01:35:32] pass3 redis            p64_P1_r19    ops=609066     p50=0.31100 p99=0.53500 crash=0
[01:35:45] pass3 redis            p64_P16_r10   ops=3821955    p50=0.80700 p99=1.94300 crash=0
[01:35:59] pass3 redis            p1k_P16_r19   ops=2116803    p50=1.55100 p99=2.28700 crash=0
[01:36:14] pass3 redis            p16k_P16_r19  ops=336115     p50=9.40700 p99=12.09500 crash=0
[01:36:28] pass3 redis            p64_P16_SMALL ops=4267650    p50=0.71100 p99=1.47100 crash=0
[01:36:44] pass3 redis            p64_P16_LARGE ops=3902864    p50=0.79900 p99=1.52700 crash=0
[01:37:00] pass3 dragonfly        p64_P16_r19   ops=4136888    p50=0.66300 p99=1.71900 crash=0
[01:37:13] pass3 dragonfly        p64_P16_r11   ops=4080237    p50=0.65500 p99=1.71100 crash=0
[01:37:26] pass3 dragonfly        p64_P1_r19    ops=641934     p50=0.27900 p99=0.59100 crash=0
[01:37:39] pass3 dragonfly        p64_P16_r10   ops=4278076    p50=0.64700 p99=1.54300 crash=0
[01:37:54] pass3 dragonfly        p1k_P16_r19   ops=1442010    p50=1.91100 p99=3.82300 crash=0
[01:38:08] pass3 dragonfly        p16k_P16_r19  ops=310508     p50=10.30300 p99=12.54300 crash=0
[01:38:22] pass3 dragonfly        p64_P16_SMALL ops=4629257    p50=0.59100 p99=1.55100 crash=0
[01:38:38] pass3 dragonfly        p64_P16_LARGE ops=3676535    p50=0.73500 p99=1.81500 crash=0
[01:38:54] pass3 v11-epoll        p64_P16_r19   ops=4645265    p50=0.70300 p99=1.14300 crash=0
[01:39:07] pass3 v11-epoll        p64_P16_r11   ops=4185396    p50=0.77500 p99=1.00700 crash=0
[01:39:20] pass3 v11-epoll        p64_P1_r19    ops=725081     p50=0.25500 p99=0.42300 crash=0
[01:39:33] pass3 v11-epoll        p64_P16_r10   ops=4090141    p50=0.72700 p99=1.39900 crash=0
[01:39:47] pass3 v11-epoll        p1k_P16_r19   ops=1991303    p50=1.70300 p99=2.22300 crash=0
[01:40:01] pass3 v11-epoll        p16k_P16_r19  ops=328510     p50=9.53500 p99=12.22300 crash=0
[01:40:16] pass3 v11-epoll        p64_P16_SMALL ops=4356111    p50=0.73500 p99=1.23900 crash=0
[01:40:32] pass3 v11-epoll        p64_P16_LARGE ops=4235745    p50=0.74300 p99=1.00700 crash=0
[01:40:48] pass3 v12-J            p64_P16_r19   ops=5080203    p50=0.60700 p99=1.23100 crash=0
[01:41:01] pass3 v12-J            p64_P16_r11   ops=4608114    p50=0.67900 p99=1.27100 crash=0
[01:41:14] pass3 v12-J            p64_P1_r19    ops=666171     p50=0.28700 p99=0.46300 crash=0
[01:41:27] pass3 v12-J            p64_P16_r10   ops=3871825    p50=0.79900 p99=1.58300 crash=0
[01:41:41] pass3 v12-J            p1k_P16_r19   ops=2129153    p50=1.59100 p99=1.79900 crash=0
[01:41:55] pass3 v12-J            p16k_P16_r19  ops=335532     p50=9.40700 p99=11.90300 crash=0
[01:42:09] pass3 v12-J            p64_P16_SMALL ops=4571824    p50=0.68700 p99=1.29500 crash=0
[01:42:28] pass3 v12-J            p64_P16_LARGE ops=4247059    p50=0.73500 p99=1.36700 crash=0
[01:42:29] ===== STAGE 1 MAIN done =====
[01:42:29] ===== STAGE 2 COMBO (threestage I/W combos) =====
[01:42:45] pass1 ts_i2w2          p64_P16_r19   ops=4648097    p50=0.66300 p99=2.19100 crash=0
[01:42:58] pass1 ts_i2w2          p64_P1_r19    ops=583537     p50=0.27900 p99=1.47100 crash=0
[01:43:12] pass1 ts_i2w2          p1k_P16_r19   ops=1661043    p50=1.85500 p99=3.45500 crash=0
[01:43:27] pass1 ts_i2w2          p16k_P16_r19  ops=291939     p50=10.68700 p99=14.07900 crash=0
[01:43:44] pass1 ts_i2w4          p64_P16_r19   ops=3264080    p50=0.86300 p99=2.20700 crash=0
[01:43:57] pass1 ts_i2w4          p64_P1_r19    ops=630976     p50=0.31100 p99=0.55100 crash=0
[01:44:12] pass1 ts_i2w4          p1k_P16_r19   ops=1751570    p50=1.71100 p99=3.59900 crash=0
[01:44:27] pass1 ts_i2w4          p16k_P16_r19  ops=305616     p50=10.36700 p99=13.18300 crash=0
[01:44:43] pass1 ts_i4w2          p64_P16_r19   ops=5441821    p50=0.45500 p99=3.77500 crash=0
[01:44:56] pass1 ts_i4w2          p64_P1_r19    ops=597943     p50=0.23900 p99=3.37500 crash=0
[01:45:10] pass1 ts_i4w2          p1k_P16_r19   ops=1626039    p50=1.73500 p99=6.27100 crash=0
[01:45:24] pass1 ts_i4w2          p16k_P16_r19  ops=270750     p50=11.45500 p99=15.48700 crash=0
[01:45:42] pass1 ts_i4w4          p64_P16_r19   ops=3672365    p50=0.57500 p99=6.20700 crash=0
[01:45:55] pass1 ts_i4w4          p64_P1_r19    ops=545837     p50=0.22300 p99=3.05500 crash=0
[01:46:10] pass1 ts_i4w4          p1k_P16_r19   ops=1705323    p50=1.52700 p99=5.59900 crash=0
[01:46:25] pass1 ts_i4w4          p16k_P16_r19  ops=300761     p50=10.43100 p99=13.31100 crash=0
[01:46:43] pass1 ts_i4w6          p64_P16_r19   ops=2022158    p50=1.50300 p99=5.21500 crash=0
[01:46:56] pass1 ts_i4w6          p64_P1_r19    ops=379915     p50=0.18300 p99=5.18300 crash=0
[01:47:11] pass1 ts_i4w6          p1k_P16_r19   ops=1266188    p50=2.27100 p99=7.39100 crash=0
[01:47:26] pass1 ts_i4w6          p16k_P16_r19  ops=288395     p50=10.68700 p99=14.27100 crash=0
[01:47:43] pass1 ts_i6w2          p64_P16_r19   ops=5243736    p50=0.35100 p99=4.19100 crash=0
[01:47:56] pass1 ts_i6w2          p64_P1_r19    ops=563057     p50=0.21500 p99=3.77500 crash=0
[01:48:11] pass1 ts_i6w2          p1k_P16_r19   ops=1675471    p50=1.48700 p99=6.07900 crash=0
[01:48:25] pass1 ts_i6w2          p16k_P16_r19  ops=309079     p50=10.23900 p99=14.14300 crash=0
[01:48:50] pass1 ts_i8w8          p64_P16_r19   ops=1268467    p50=2.03900 p99=6.36700 crash=0
[01:49:03] pass1 ts_i8w8          p64_P1_r19    ops=229223     p50=1.19100 p99=2.23900 crash=0
[01:49:25] pass1 ts_i8w8          p1k_P16_r19   ops=904224     p50=3.34300 p99=7.83900 crash=0
[01:49:41] pass1 ts_i8w8          p16k_P16_r19  ops=205104     p50=14.59100 p99=22.01500 crash=0
[01:49:58] pass2 ts_i2w4          p64_P16_r19   ops=3388277    p50=0.85500 p99=2.07900 crash=0
[01:50:11] pass2 ts_i2w4          p64_P1_r19    ops=579417     p50=0.32700 p99=0.72700 crash=0
[01:50:26] pass2 ts_i2w4          p1k_P16_r19   ops=1704905    p50=1.84700 p99=3.43900 crash=0
[01:50:41] pass2 ts_i2w4          p16k_P16_r19  ops=316973     p50=9.91900 p99=14.46300 crash=0
[01:50:58] pass2 ts_i4w2          p64_P16_r19   ops=5481597    p50=0.43900 p99=3.99900 crash=0
[01:51:11] pass2 ts_i4w2          p64_P1_r19    ops=597038     p50=0.23900 p99=3.40700 crash=0
[01:51:25] pass2 ts_i4w2          p1k_P16_r19   ops=1675200    p50=1.65500 p99=6.27100 crash=0
[01:51:39] pass2 ts_i4w2          p16k_P16_r19  ops=271391     p50=11.71100 p99=15.03900 crash=0
[01:51:55] pass2 ts_i4w4          p64_P16_r19   ops=3697999    p50=0.55100 p99=5.79100 crash=0
[01:52:08] pass2 ts_i4w4          p64_P1_r19    ops=548156     p50=0.23100 p99=3.02300 crash=0
[01:52:24] pass2 ts_i4w4          p1k_P16_r19   ops=1683775    p50=1.73500 p99=5.21500 crash=0
[01:52:39] pass2 ts_i4w4          p16k_P16_r19  ops=303372     p50=10.36700 p99=13.18300 crash=0
[01:52:56] pass2 ts_i4w6          p64_P16_r19   ops=2214967    p50=1.33500 p99=5.37500 crash=0
[01:53:09] pass2 ts_i4w6          p64_P1_r19    ops=394368     p50=0.17500 p99=5.02300 crash=0
[01:53:25] pass2 ts_i4w6          p1k_P16_r19   ops=1237859    p50=2.39900 p99=7.42300 crash=0
[01:53:40] pass2 ts_i4w6          p16k_P16_r19  ops=277572     p50=11.19900 p99=16.89500 crash=0
[01:54:06] pass2 ts_i6w2          p64_P16_r19   ops=5462207    p50=0.32700 p99=4.25500 crash=0
[01:54:19] pass2 ts_i6w2          p64_P1_r19    ops=545079     p50=0.22300 p99=3.91900 crash=0
[01:54:34] pass2 ts_i6w2          p1k_P16_r19   ops=1681636    p50=1.50300 p99=5.98300 crash=0
[01:54:48] pass2 ts_i6w2          p16k_P16_r19  ops=303241     p50=10.49500 p99=13.63100 crash=0
[01:55:13] pass2 ts_i8w8          p64_P16_r19   ops=1098604    p50=2.57500 p99=6.33500 crash=0
[01:55:26] pass2 ts_i8w8          p64_P1_r19    ops=205869     p50=1.13500 p99=4.83100 crash=0
[01:55:53] pass2 ts_i8w8          p1k_P16_r19   ops=903403     p50=3.39100 p99=7.67900 crash=0
[01:56:09] pass2 ts_i8w8          p16k_P16_r19  ops=209683     p50=13.95100 p99=22.65500 crash=0
[01:57:42] pass2 ts_i2w2          p64_P16_r19   ops=ERR        p50=ERR     p99=ERR     crash=0
[01:57:55] pass2 ts_i2w2          p64_P1_r19    ops=697078     p50=0.24700 p99=0.52700 crash=0
[01:59:26] pass2 ts_i2w2          p1k_P16_r19   ops=ERR        p50=ERR     p99=ERR     crash=0
[02:05:56] pass2 ts_i2w2          p16k_P16_r19  ops=ERR        p50=ERR     p99=ERR     crash=0
[02:05:56] pass2 ts_i2w2: 2 dead cells -> skip rest
[02:06:13] pass3 ts_i4w2          p64_P16_r19   ops=5469269    p50=0.46300 p99=3.71100 crash=0
[02:06:26] pass3 ts_i4w2          p64_P1_r19    ops=586642     p50=0.24700 p99=3.35900 crash=0
[02:06:40] pass3 ts_i4w2          p1k_P16_r19   ops=1708745    p50=1.58300 p99=6.36700 crash=0
[02:06:54] pass3 ts_i4w2          p16k_P16_r19  ops=273002     p50=11.19900 p99=14.91100 crash=0
[02:07:11] pass3 ts_i4w4          p64_P16_r19   ops=3761524    p50=0.47900 p99=5.72700 crash=0
[02:07:24] pass3 ts_i4w4          p64_P1_r19    ops=498077     p50=0.25500 p99=3.13500 crash=0
[02:07:39] pass3 ts_i4w4          p1k_P16_r19   ops=1709039    p50=1.67100 p99=5.31100 crash=0
[02:07:54] pass3 ts_i4w4          p16k_P16_r19  ops=327616     p50=9.59900 p99=12.28700 crash=0
[02:08:11] pass3 ts_i4w6          p64_P16_r19   ops=2011873    p50=1.49500 p99=5.85500 crash=0
[02:08:24] pass3 ts_i4w6          p64_P1_r19    ops=381023     p50=0.19100 p99=5.27900 crash=0
[02:08:40] pass3 ts_i4w6          p1k_P16_r19   ops=1346404    p50=2.14300 p99=6.91100 crash=0
[02:08:55] pass3 ts_i4w6          p16k_P16_r19  ops=297118     p50=10.43100 p99=14.01500 crash=0
[02:09:12] pass3 ts_i6w2          p64_P16_r19   ops=4375610    p50=0.40700 p99=4.54300 crash=0
[02:09:25] pass3 ts_i6w2          p64_P1_r19    ops=553338     p50=0.22300 p99=3.72700 crash=0
[02:09:40] pass3 ts_i6w2          p1k_P16_r19   ops=1889915    p50=1.33500 p99=5.69500 crash=0
[02:09:54] pass3 ts_i6w2          p16k_P16_r19  ops=317965     p50=9.98300 p99=12.41500 crash=0
[02:10:19] pass3 ts_i8w8          p64_P16_r19   ops=1190639    p50=2.27100 p99=6.65500 crash=0
[02:10:32] pass3 ts_i8w8          p64_P1_r19    ops=244378     p50=1.15900 p99=2.15900 crash=0
[02:10:55] pass3 ts_i8w8          p1k_P16_r19   ops=981291     p50=3.05500 p99=7.29500 crash=0
[02:11:11] pass3 ts_i8w8          p16k_P16_r19  ops=193425     p50=15.42300 p99=25.08700 crash=0
[02:11:28] pass3 ts_i2w2          p64_P16_r19   ops=4325048    p50=0.73500 p99=1.71100 crash=0
[02:11:41] pass3 ts_i2w2          p64_P1_r19    ops=554103     p50=0.30300 p99=1.63100 crash=0
[02:11:55] pass3 ts_i2w2          p1k_P16_r19   ops=1884739    p50=1.62300 p99=3.15100 crash=0
[02:12:10] pass3 ts_i2w2          p16k_P16_r19  ops=291850     p50=10.55900 p99=14.71900 crash=0
[02:12:26] pass3 ts_i2w4          p64_P16_r19   ops=3057704    p50=1.00700 p99=2.01500 crash=0
[02:12:39] pass3 ts_i2w4          p64_P1_r19    ops=625553     p50=0.31900 p99=0.55100 crash=0
[02:12:53] pass3 ts_i2w4          p1k_P16_r19   ops=1968273    p50=1.48700 p99=3.10300 crash=0
[02:13:08] pass3 ts_i2w4          p16k_P16_r19  ops=300015     p50=10.49500 p99=13.31100 crash=0
[02:13:10] ===== STAGE 2 COMBO done =====
[02:13:10] ===== STAGE 3 SOAK (20min/system, RSS leak watch) =====
[02:33:43] SOAK threestage done: rss 4MB -> 4MB (growth=0MB) crash=0
[02:54:25] SOAK v12-J done: rss 4MB -> 4MB (growth=0MB) crash=0
[03:15:00] SOAK v11-epoll done: rss 4MB -> 4MB (growth=0MB) crash=0
[03:15:01] ===== STAGE 3 SOAK done =====
[03:15:01] ===== STAGE 4 CHURN (12min/system) =====
[03:27:05] CHURN threestage OK: 80 iters, no crash, worker-ring responsive
[03:39:09] CHURN v12-J OK: 80 iters, no crash, worker-ring responsive
[03:39:10] ===== STAGE 4 CHURN done =====
[03:39:10] ===== STAGE 5 ASAN CHURN (threestage, ~15min) =====
[03:59:21] ASAN threestage OK: 134 iters, ASAN clean, worker-ring responsive
[03:59:24] ===== OVERNIGHT SWEEP COMPLETE =====
OVERNIGHT_DONE
