[06:46:08] ===== REALISTIC MAIN (passes=3 T=12s) =====
[06:46:24] p1 v11-epoll          64_P16       ops=5552819    p50=0.54300 p99=1.63100
[06:46:38] p1 v11-epoll          128_P16      ops=5146353    p50=0.59900 p99=1.36700
[06:46:52] p1 v11-epoll          256_P16      ops=4957776    p50=0.62300 p99=1.63900
[06:47:07] p1 v11-epoll          512_P16      ops=3051924    p50=1.02300 p99=1.63900
[06:47:21] p1 v11-epoll          1k_P16       ops=1957123    p50=1.76700 p99=1.91100
[06:47:35] p1 v11-epoll          64_P1        ops=730076     p50=0.24700 p99=0.46300
[06:47:50] p1 v11-epoll          256_P1       ops=759795     p50=0.23900 p99=0.39900
[06:48:05] p1 v11-epoll          1k_P1        ops=681394     p50=0.27900 p99=0.45500
[06:48:19] p1 v11-epoll          64_P16_11    ops=4035984    p50=0.79900 p99=1.09500
[06:48:33] p1 v11-epoll          512_P16_11   ops=3415214    p50=0.90300 p99=1.67100
[06:48:50] p1 v12-J              64_P16       ops=5317604    p50=0.57500 p99=1.15900
[06:49:04] p1 v12-J              128_P16      ops=3908284    p50=0.79100 p99=1.59100
[06:49:18] p1 v12-J              256_P16      ops=4162987    p50=0.75100 p99=1.42300
[06:49:32] p1 v12-J              512_P16      ops=3516109    p50=0.87900 p99=1.43100
[06:49:47] p1 v12-J              1k_P16       ops=2343964    p50=1.40700 p99=1.63100
[06:50:01] p1 v12-J              64_P1        ops=669038     p50=0.28700 p99=0.46300
[06:50:16] p1 v12-J              256_P1       ops=692867     p50=0.27900 p99=0.44700
[06:50:30] p1 v12-J              1k_P1        ops=717689     p50=0.25500 p99=0.44700
[06:50:44] p1 v12-J              64_P16_11    ops=4489077    p50=0.69500 p99=1.29500
[06:50:58] p1 v12-J              512_P16_11   ops=2904820    p50=1.08700 p99=1.95100
[06:51:15] p1 ts-tuned-i4w2r1    64_P16       ops=5170597    p50=0.51100 p99=3.61500
[06:51:29] p1 ts-tuned-i4w2r1    128_P16      ops=5079470    p50=0.51100 p99=3.66300
[06:51:43] p1 ts-tuned-i4w2r1    256_P16      ops=4507039    p50=0.59900 p99=3.55100
[06:51:57] p1 ts-tuned-i4w2r1    512_P16      ops=2715793    p50=0.95100 p99=5.56700
[06:52:11] p1 ts-tuned-i4w2r1    1k_P16       ops=1890344    p50=1.44700 p99=6.52700
[06:52:25] p1 ts-tuned-i4w2r1    64_P1        ops=576340     p50=0.28700 p99=2.11100
[06:52:39] p1 ts-tuned-i4w2r1    256_P1       ops=608470     p50=0.26300 p99=2.15900
[06:52:53] p1 ts-tuned-i4w2r1    1k_P1        ops=621564     p50=0.27100 p99=1.56700
[06:53:08] p1 ts-tuned-i4w2r1    64_P16_11    ops=4177277    p50=0.64700 p99=3.79100
[06:53:22] p1 ts-tuned-i4w2r1    512_P16_11   ops=2963451    p50=0.88700 p99=5.27900
[06:53:39] p1 ts-canon-i4w4r0    64_P16       ops=3697977    p50=0.46300 p99=6.33500
[06:53:53] p1 ts-canon-i4w4r0    128_P16      ops=3191610    p50=0.59100 p99=6.01500
[06:54:07] p1 ts-canon-i4w4r0    256_P16      ops=2941169    p50=0.66300 p99=6.30300
[06:54:22] p1 ts-canon-i4w4r0    512_P16      ops=2692751    p50=0.90300 p99=4.86300
[06:54:37] p1 ts-canon-i4w4r0    1k_P16       ops=1957231    p50=1.56700 p99=4.92700
[06:54:51] p1 ts-canon-i4w4r0    64_P1        ops=510496     p50=0.27900 p99=2.86300
[06:55:06] p1 ts-canon-i4w4r0    256_P1       ops=508798     p50=0.25500 p99=3.27900
[06:55:20] p1 ts-canon-i4w4r0    1k_P1        ops=541489     p50=0.26300 p99=2.79900
[06:55:34] p1 ts-canon-i4w4r0    64_P16_11    ops=3139246    p50=0.65500 p99=6.23900
[06:55:49] p1 ts-canon-i4w4r0    512_P16_11   ops=2245214    p50=1.24700 p99=3.51900
[06:56:06] p1 redis              64_P16       ops=4549032    p50=0.69500 p99=1.00700
[06:56:20] p1 redis              128_P16      ops=3823444    p50=0.84700 p99=1.10300
[06:56:34] p1 redis              256_P16      ops=4074526    p50=0.74300 p99=1.61500
[06:56:49] p1 redis              512_P16      ops=3152479    p50=0.90300 p99=1.75100
[06:57:03] p1 redis              1k_P16       ops=2191214    p50=1.46300 p99=2.23900
[06:57:17] p1 redis              64_P1        ops=645894     p50=0.28700 p99=0.57500
[06:57:31] p1 redis              256_P1       ops=552675     p50=0.32700 p99=0.65500
[06:57:46] p1 redis              1k_P1        ops=599882     p50=0.29500 p99=0.62300
[06:58:00] p1 redis              64_P16_11    ops=4097498    p50=0.78300 p99=1.05500
[06:58:14] p1 redis              512_P16_11   ops=3146342    p50=0.94300 p99=1.50300
[06:58:31] p1 dragonfly          64_P16       ops=4286063    p50=0.63900 p99=1.66300
[06:58:45] p1 dragonfly          128_P16      ops=4074006    p50=0.65500 p99=1.70300
[06:58:59] p1 dragonfly          256_P16      ops=1987413    p50=1.48700 p99=2.67100
[06:59:13] p1 dragonfly          512_P16      ops=1587589    p50=1.67900 p99=3.45500
[06:59:27] p1 dragonfly          1k_P16       ops=1508279    p50=1.89500 p99=3.61500
[06:59:41] p1 dragonfly          64_P1        ops=643850     p50=0.27900 p99=0.57500
[06:59:55] p1 dragonfly          256_P1       ops=582274     p50=0.31100 p99=0.65500
[07:00:09] p1 dragonfly          1k_P1        ops=544065     p50=0.32700 p99=0.67900
[07:00:23] p1 dragonfly          64_P16_11    ops=4607348    p50=0.56700 p99=1.55100
[07:00:37] p1 dragonfly          512_P16_11   ops=2032125    p50=1.47100 p99=2.83100
[07:00:54] p2 v12-J              64_P16       ops=4439450    p50=0.68700 p99=1.48700
[07:01:08] p2 v12-J              128_P16      ops=4396708    p50=0.70300 p99=1.35100
[07:01:22] p2 v12-J              256_P16      ops=4878194    p50=0.63100 p99=1.21500
[07:01:36] p2 v12-J              512_P16      ops=3090700    p50=0.98300 p99=1.82300
[07:01:50] p2 v12-J              1k_P16       ops=2015135    p50=1.70300 p99=1.83900
[07:02:04] p2 v12-J              64_P1        ops=731418     p50=0.24700 p99=0.47100
[07:02:18] p2 v12-J              256_P1       ops=743251     p50=0.25500 p99=0.41500
[07:02:32] p2 v12-J              1k_P1        ops=624331     p50=0.30300 p99=0.47900
[07:02:46] p2 v12-J              64_P16_11    ops=4003569    p50=0.78300 p99=1.49500
[07:03:00] p2 v12-J              512_P16_11   ops=3341086    p50=0.95100 p99=1.59900
[07:03:17] p2 ts-tuned-i4w2r1    64_P16       ops=5167161    p50=0.51900 p99=3.56700
[07:03:32] p2 ts-tuned-i4w2r1    128_P16      ops=4301437    p50=0.63900 p99=3.63100
[07:03:46] p2 ts-tuned-i4w2r1    256_P16      ops=4651213    p50=0.56700 p99=3.53500
[07:04:00] p2 ts-tuned-i4w2r1    512_P16      ops=3165170    p50=0.85500 p99=5.27900
[07:04:14] p2 ts-tuned-i4w2r1    1k_P16       ops=1684790    p50=1.60700 p99=6.81500
[07:04:29] p2 ts-tuned-i4w2r1    64_P1        ops=565873     p50=0.30300 p99=2.38300
[07:04:44] p2 ts-tuned-i4w2r1    256_P1       ops=645602     p50=0.27100 p99=1.32700
[07:04:58] p2 ts-tuned-i4w2r1    1k_P1        ops=609828     p50=0.28700 p99=1.43900
[07:05:12] p2 ts-tuned-i4w2r1    64_P16_11    ops=4088235    p50=0.66300 p99=3.88700
[07:05:26] p2 ts-tuned-i4w2r1    512_P16_11   ops=2804176    p50=0.95100 p99=5.43900
[07:05:43] p2 ts-canon-i4w4r0    64_P16       ops=3688261    p50=0.66300 p99=6.30300
[07:05:57] p2 ts-canon-i4w4r0    128_P16      ops=3186463    p50=0.60700 p99=5.34300
[07:06:12] p2 ts-canon-i4w4r0    256_P16      ops=2944455    p50=0.68700 p99=6.36700
[07:06:27] p2 ts-canon-i4w4r0    512_P16      ops=2614762    p50=0.95100 p99=4.51100
[07:06:42] p2 ts-canon-i4w4r0    1k_P16       ops=1954187    p50=1.45500 p99=5.02300
[07:06:56] p2 ts-canon-i4w4r0    64_P1        ops=515854     p50=0.24700 p99=3.19900
[07:07:10] p2 ts-canon-i4w4r0    256_P1       ops=500592     p50=0.25500 p99=3.03900
[07:07:25] p2 ts-canon-i4w4r0    1k_P1        ops=539959     p50=0.20700 p99=3.27900
[07:07:39] p2 ts-canon-i4w4r0    64_P16_11    ops=3220212    p50=0.54300 p99=6.11100
[07:07:53] p2 ts-canon-i4w4r0    512_P16_11   ops=2239424    p50=1.06300 p99=5.18300
[07:08:10] p2 redis              64_P16       ops=4490470    p50=0.67900 p99=1.39100
[07:08:24] p2 redis              128_P16      ops=3938733    p50=0.81500 p99=1.07900
[07:08:38] p2 redis              256_P16      ops=4038304    p50=0.75900 p99=1.64700
[07:08:52] p2 redis              512_P16      ops=3304485    p50=0.85500 p99=1.59100
[07:09:07] p2 redis              1k_P16       ops=2245011    p50=1.43900 p99=2.09500
[07:09:21] p2 redis              64_P1        ops=590036     p50=0.31900 p99=0.59900
[07:09:35] p2 redis              256_P1       ops=596499     p50=0.31100 p99=0.55900
[07:09:49] p2 redis              1k_P1        ops=639345     p50=0.27900 p99=0.56700
[07:10:04] p2 redis              64_P16_11    ops=3659358    p50=0.87900 p99=1.16700
[07:10:18] p2 redis              512_P16_11   ops=3126649    p50=0.91900 p99=1.79900
[07:10:34] p2 dragonfly          64_P16       ops=4771831    p50=0.55100 p99=1.59100
[07:10:48] p2 dragonfly          128_P16      ops=3650945    p50=0.74300 p99=1.87900
[07:11:02] p2 dragonfly          256_P16      ops=1769567    p50=1.70300 p99=3.00700
[07:11:17] p2 dragonfly          512_P16      ops=1831776    p50=1.42300 p99=3.00700
[07:11:31] p2 dragonfly          1k_P16       ops=1537078    p50=1.83100 p99=3.74300
[07:11:45] p2 dragonfly          64_P1        ops=560261     p50=0.31900 p99=0.65500
[07:11:59] p2 dragonfly          256_P1       ops=609838     p50=0.29500 p99=0.61500
[07:12:13] p2 dragonfly          1k_P1        ops=630829     p50=0.27900 p99=0.59100
[07:12:27] p2 dragonfly          64_P16_11    ops=4017083    p50=0.67900 p99=1.74300
[07:12:41] p2 dragonfly          512_P16_11   ops=1922243    p50=1.55100 p99=2.86300
[07:12:58] p2 v11-epoll          64_P16       ops=5340694    p50=0.56700 p99=1.68700
[07:13:13] p2 v11-epoll          128_P16      ops=4584229    p50=0.65500 p99=1.37500
[07:13:29] p2 v11-epoll          256_P16      ops=3972530    p50=0.81500 p99=1.34300
[07:13:43] p2 v11-epoll          512_P16      ops=3212060    p50=0.99100 p99=1.56700
[07:13:58] p2 v11-epoll          1k_P16       ops=2272511    p50=1.47900 p99=1.97500
[07:14:12] p2 v11-epoll          64_P1        ops=644246     p50=0.28700 p99=0.48700
[07:14:26] p2 v11-epoll          256_P1       ops=652909     p50=0.27900 p99=0.47900
[07:14:40] p2 v11-epoll          1k_P1        ops=747612     p50=0.24700 p99=0.39900
[07:14:54] p2 v11-epoll          64_P16_11    ops=4332330    p50=0.74300 p99=1.21500
[07:15:08] p2 v11-epoll          512_P16_11   ops=2968902    p50=1.04700 p99=1.87900
[07:15:24] p3 ts-tuned-i4w2r1    64_P16       ops=5262360    p50=0.51100 p99=3.53500
[07:15:38] p3 ts-tuned-i4w2r1    128_P16      ops=4932722    p50=0.45500 p99=4.01500
[07:15:53] p3 ts-tuned-i4w2r1    256_P16      ops=4420758    p50=0.59100 p99=3.74300
[07:16:07] p3 ts-tuned-i4w2r1    512_P16      ops=2737829    p50=0.99900 p99=5.69500
[07:16:21] p3 ts-tuned-i4w2r1    1k_P16       ops=1842600    p50=1.43900 p99=6.46300
[07:16:35] p3 ts-tuned-i4w2r1    64_P1        ops=644242     p50=0.25500 p99=1.74300
[07:16:49] p3 ts-tuned-i4w2r1    256_P1       ops=564789     p50=0.30300 p99=2.15900
[07:17:03] p3 ts-tuned-i4w2r1    1k_P1        ops=541743     p50=0.29500 p99=2.78300
[07:17:17] p3 ts-tuned-i4w2r1    64_P16_11    ops=4875958    p50=0.52700 p99=3.74300
[07:17:31] p3 ts-tuned-i4w2r1    512_P16_11   ops=3148088    p50=0.83900 p99=5.11900
[07:17:47] p3 ts-canon-i4w4r0    64_P16       ops=3242836    p50=0.65500 p99=6.07900
[07:18:02] p3 ts-canon-i4w4r0    128_P16      ops=3049506    p50=0.60700 p99=5.98300
[07:18:16] p3 ts-canon-i4w4r0    256_P16      ops=3480543    p50=0.48700 p99=5.66300
[07:18:31] p3 ts-canon-i4w4r0    512_P16      ops=2457673    p50=1.01500 p99=4.57500
[07:18:46] p3 ts-canon-i4w4r0    1k_P16       ops=1741116    p50=1.68700 p99=5.11900
[07:19:00] p3 ts-canon-i4w4r0    64_P1        ops=566529     p50=0.21500 p99=3.05500
[07:19:14] p3 ts-canon-i4w4r0    256_P1       ops=544641     p50=0.24700 p99=2.95900
[07:19:29] p3 ts-canon-i4w4r0    1k_P1        ops=481649     p50=0.27100 p99=3.26300
[07:19:44] p3 ts-canon-i4w4r0    64_P16_11    ops=3042165    p50=0.61500 p99=5.40700
[07:19:58] p3 ts-canon-i4w4r0    512_P16_11   ops=2684593    p50=0.96700 p99=4.54300
[07:20:14] p3 redis              64_P16       ops=4299373    p50=0.73500 p99=1.05500
[07:20:29] p3 redis              128_P16      ops=3486188    p50=0.91900 p99=1.20700
[07:20:43] p3 redis              256_P16      ops=4273305    p50=0.70300 p99=1.57500
[07:20:57] p3 redis              512_P16      ops=3616731    p50=0.79900 p99=1.55100
[07:21:11] p3 redis              1k_P16       ops=1980941    p50=1.65500 p99=2.46300
[07:21:26] p3 redis              64_P1        ops=574966     p50=0.31900 p99=0.63100
[07:21:40] p3 redis              256_P1       ops=641872     p50=0.27900 p99=0.57500
[07:21:54] p3 redis              1k_P1        ops=646605     p50=0.28700 p99=0.54300
[07:22:08] p3 redis              64_P16_11    ops=3635788    p50=0.87900 p99=1.18300
[07:22:23] p3 redis              512_P16_11   ops=3067903    p50=0.94300 p99=1.81500
[07:22:39] p3 dragonfly          64_P16       ops=4759688    p50=0.55900 p99=1.59900
[07:22:53] p3 dragonfly          128_P16      ops=3640264    p50=0.75100 p99=1.88700
[07:23:07] p3 dragonfly          256_P16      ops=1724004    p50=1.71900 p99=3.05500
[07:23:21] p3 dragonfly          512_P16      ops=1838804    p50=1.41500 p99=3.02300
[07:23:35] p3 dragonfly          1k_P16       ops=1594795    p50=1.79100 p99=3.63100
[07:23:49] p3 dragonfly          64_P1        ops=556678     p50=0.31900 p99=0.67100
[07:24:03] p3 dragonfly          256_P1       ops=578974     p50=0.31100 p99=0.63900
[07:24:18] p3 dragonfly          1k_P1        ops=633434     p50=0.27900 p99=0.59900
[07:24:32] p3 dragonfly          64_P16_11    ops=4085728    p50=0.66300 p99=1.71900
[07:24:46] p3 dragonfly          512_P16_11   ops=1919762    p50=1.55900 p99=2.89500
[07:25:03] p3 v11-epoll          64_P16       ops=5300521    p50=0.54300 p99=1.71100
[07:25:17] p3 v11-epoll          128_P16      ops=4543913    p50=0.67100 p99=1.39100
[07:25:31] p3 v11-epoll          256_P16      ops=3964023    p50=0.82300 p99=1.18300
[07:25:45] p3 v11-epoll          512_P16      ops=3142786    p50=0.99900 p99=1.60700
[07:25:59] p3 v11-epoll          1k_P16       ops=2274676    p50=1.47900 p99=2.19100
[07:26:13] p3 v11-epoll          64_P1        ops=652945     p50=0.28700 p99=0.52700
[07:26:28] p3 v11-epoll          256_P1       ops=645321     p50=0.27900 p99=0.58300
[07:26:43] p3 v11-epoll          1k_P1        ops=736999     p50=0.24700 p99=0.40700
[07:26:57] p3 v11-epoll          64_P16_11    ops=4167343    p50=0.74300 p99=1.24700
[07:27:11] p3 v11-epoll          512_P16_11   ops=3009520    p50=1.05500 p99=1.65500
[07:27:27] p3 v12-J              64_P16       ops=5204423    p50=0.59100 p99=1.14300
[07:27:41] p3 v12-J              128_P16      ops=3970033    p50=0.78300 p99=1.48700
[07:27:55] p3 v12-J              256_P16      ops=4143050    p50=0.73500 p99=1.46300
[07:28:09] p3 v12-J              512_P16      ops=3405534    p50=0.92700 p99=1.59100
[07:28:23] p3 v12-J              1k_P16       ops=2116470    p50=1.55900 p99=2.59100
[07:28:37] p3 v12-J              64_P1        ops=632510     p50=0.29500 p99=0.49500
[07:28:52] p3 v12-J              256_P1       ops=713617     p50=0.26300 p99=0.43100
[07:29:06] p3 v12-J              1k_P1        ops=738239     p50=0.24700 p99=0.41500
[07:29:21] p3 v12-J              64_P16_11    ops=4143946    p50=0.73500 p99=1.49500
[07:29:35] p3 v12-J              512_P16_11   ops=2957170    p50=1.07900 p99=1.89500
[07:29:36] ===== REALISTIC MAIN done =====
[07:29:36] ===== REALISTIC ROB-SWEEP (threestage io/worker/rob) =====
[07:29:51] p1 ts_i4w2_rob0       64_P16       ops=5335179    p50=0.47100 p99=3.71100
[07:30:06] p1 ts_i4w2_rob0       256_P16      ops=4208831    p50=0.59900 p99=4.12700
[07:30:20] p1 ts_i4w2_rob0       1k_P16       ops=1716375    p50=1.59900 p99=6.30300
[07:30:37] p1 ts_i4w2_rob1       64_P16       ops=5473005    p50=0.46300 p99=3.67900
[07:30:52] p1 ts_i4w2_rob1       256_P16      ops=4576406    p50=0.59100 p99=3.40700
[07:31:06] p1 ts_i4w2_rob1       1k_P16       ops=1651828    p50=1.73500 p99=6.78300
[07:31:22] p1 ts_i4w2_rob2       64_P16       ops=5141702    p50=0.46300 p99=3.90300
[07:31:37] p1 ts_i4w2_rob2       256_P16      ops=4332308    p50=0.58300 p99=4.07900
[07:31:51] p1 ts_i4w2_rob2       1k_P16       ops=1648674    p50=1.67100 p99=6.39900
[07:32:09] p1 ts_i6w2_rob0       64_P16       ops=5107174    p50=0.34300 p99=4.28700
[07:32:23] p1 ts_i6w2_rob0       256_P16      ops=4037720    p50=0.46300 p99=4.44700
[07:32:38] p1 ts_i6w2_rob0       1k_P16       ops=1838055    p50=1.31100 p99=5.75900
[07:32:55] p1 ts_i6w2_rob1       64_P16       ops=5184993    p50=0.50300 p99=4.28700
[07:33:09] p1 ts_i6w2_rob1       256_P16      ops=4024141    p50=0.66300 p99=4.51100
[07:33:24] p1 ts_i6w2_rob1       1k_P16       ops=1627955    p50=1.78300 p99=6.62300
[07:33:40] p1 ts_i4w4_rob1       64_P16       ops=4518901    p50=0.55900 p99=4.28700
[07:33:54] p1 ts_i4w4_rob1       256_P16      ops=3639514    p50=0.74300 p99=4.70300
[07:34:08] p1 ts_i4w4_rob1       1k_P16       ops=1801823    p50=1.43100 p99=7.26300
[07:34:25] p2 ts_i4w2_rob1       64_P16       ops=5561900    p50=0.43900 p99=3.74300
[07:34:39] p2 ts_i4w2_rob1       256_P16      ops=4427822    p50=0.58300 p99=3.77500
[07:34:53] p2 ts_i4w2_rob1       1k_P16       ops=1655010    p50=1.70300 p99=6.87900
[07:35:10] p2 ts_i4w2_rob2       64_P16       ops=4975193    p50=0.48700 p99=3.95100
[07:35:24] p2 ts_i4w2_rob2       256_P16      ops=4800004    p50=0.52700 p99=3.87100
[07:35:38] p2 ts_i4w2_rob2       1k_P16       ops=1735012    p50=1.52700 p99=6.43100
[07:35:54] p2 ts_i6w2_rob0       64_P16       ops=4433572    p50=0.39100 p99=4.60700
[07:36:09] p2 ts_i6w2_rob0       256_P16      ops=4692941    p50=0.39100 p99=4.25500
[07:36:23] p2 ts_i6w2_rob0       1k_P16       ops=1868545    p50=1.31900 p99=5.75900
[07:36:40] p2 ts_i6w2_rob1       64_P16       ops=4414454    p50=0.61500 p99=4.31900
[07:36:55] p2 ts_i6w2_rob1       256_P16      ops=4129755    p50=0.67900 p99=4.28700
[07:37:09] p2 ts_i6w2_rob1       1k_P16       ops=1864971    p50=1.54300 p99=6.20700
[07:37:25] p2 ts_i4w4_rob1       64_P16       ops=4132395    p50=0.55100 p99=4.57500
[07:37:39] p2 ts_i4w4_rob1       256_P16      ops=3608941    p50=0.67900 p99=4.86300
[07:37:54] p2 ts_i4w4_rob1       1k_P16       ops=1868338    p50=1.36700 p99=7.16700
[07:38:10] p2 ts_i4w2_rob0       64_P16       ops=5443715    p50=0.43900 p99=4.01500
[07:38:24] p2 ts_i4w2_rob0       256_P16      ops=4339100    p50=0.55900 p99=4.31900
[07:38:38] p2 ts_i4w2_rob0       1k_P16       ops=1673180    p50=1.67900 p99=6.27100
[07:38:55] p3 ts_i4w2_rob2       64_P16       ops=5003181    p50=0.47900 p99=3.99900
[07:39:09] p3 ts_i4w2_rob2       256_P16      ops=4778935    p50=0.53500 p99=3.88700
[07:39:23] p3 ts_i4w2_rob2       1k_P16       ops=1731824    p50=1.56700 p99=6.27100
[07:39:39] p3 ts_i6w2_rob0       64_P16       ops=4405612    p50=0.43900 p99=4.38300
[07:39:53] p3 ts_i6w2_rob0       256_P16      ops=4512471    p50=0.40700 p99=4.35100
[07:40:08] p3 ts_i6w2_rob0       1k_P16       ops=1935837    p50=1.25500 p99=5.69500
[07:40:26] p3 ts_i6w2_rob1       64_P16       ops=4424377    p50=0.61500 p99=4.38300
[07:40:40] p3 ts_i6w2_rob1       256_P16      ops=3986632    p50=0.68700 p99=4.41500
[07:40:54] p3 ts_i6w2_rob1       1k_P16       ops=1860644    p50=1.56700 p99=5.98300
[07:41:12] p3 ts_i4w4_rob1       64_P16       ops=3992422    p50=0.59900 p99=4.76700
[07:41:26] p3 ts_i4w4_rob1       256_P16      ops=3858103    p50=0.67100 p99=4.73500
[07:41:40] p3 ts_i4w4_rob1       1k_P16       ops=1917076    p50=1.34300 p99=6.30300
[07:41:56] p3 ts_i4w2_rob0       64_P16       ops=4683179    p50=0.51100 p99=3.99900
[07:42:11] p3 ts_i4w2_rob0       256_P16      ops=4210437    p50=0.60700 p99=3.90300
[07:42:25] p3 ts_i4w2_rob0       1k_P16       ops=1923322    p50=1.40700 p99=5.95100
[07:42:42] p3 ts_i4w2_rob1       64_P16       ops=4773644    p50=0.55900 p99=3.61500
[07:42:56] p3 ts_i4w2_rob1       256_P16      ops=4654607    p50=0.56700 p99=3.56700
[07:43:11] p3 ts_i4w2_rob1       1k_P16       ops=1960446    p50=1.40700 p99=6.39900
[07:43:12] ===== REALISTIC ROB-SWEEP done =====
[07:43:13] ===== REALISTIC SWEEP COMPLETE =====
REAL_DONE
