[10:07:17] ===== 3-STAGE REBENCH (post wedge-fix) reps=3 T=8s =====
[10:07:29] rep1 2s_epoll  64B_1:9   ops=5427795
[10:07:39] rep1 2s_epoll  256B_1:1  ops=4876252
[10:07:49] rep1 2s_epoll  1024B_1:1 ops=2719471
[10:07:59] rep1 2s_epoll  16KB_1:9  ops=351263
[10:08:08] rep1 2s_epoll  16KB_1:1  ops=345253
[10:08:23] rep1 3s_epoll  64B_1:9   ops=3871765
[10:08:33] rep1 3s_epoll  256B_1:1  ops=3202630
[10:08:43] rep1 3s_epoll  1024B_1:1 ops=2239936
[10:08:53] rep1 3s_epoll  16KB_1:9  ops=339164
[10:09:02] rep1 3s_epoll  16KB_1:1  ops=369191
[10:09:16] rep1 3s_uring  64B_1:9   ops=4200613
[10:09:26] rep1 3s_uring  256B_1:1  ops=3242069
[10:09:36] rep1 3s_uring  1024B_1:1 ops=2089142
[10:09:46] rep1 3s_uring  16KB_1:9  ops=332577
[10:09:55] rep1 3s_uring  16KB_1:1  ops=337892
[10:10:10] rep1 3s_pool   64B_1:9   ops=4026098
[10:10:20] rep1 3s_pool   256B_1:1  ops=3383258
[10:10:30] rep1 3s_pool   1024B_1:1 ops=2106214
[10:10:40] rep1 3s_pool   16KB_1:9  ops=324314
[10:10:49] rep1 3s_pool   16KB_1:1  ops=370393
[10:11:04] rep2 2s_epoll  64B_1:9   ops=4815543
[10:11:14] rep2 2s_epoll  256B_1:1  ops=4052751
[10:11:23] rep2 2s_epoll  1024B_1:1 ops=2814864
[10:11:33] rep2 2s_epoll  16KB_1:9  ops=308468
[10:11:42] rep2 2s_epoll  16KB_1:1  ops=374536
[10:11:56] rep2 3s_epoll  64B_1:9   ops=4295280
[10:12:06] rep2 3s_epoll  256B_1:1  ops=3322379
[10:12:16] rep2 3s_epoll  1024B_1:1 ops=2165504
[10:12:26] rep2 3s_epoll  16KB_1:9  ops=318730
[10:12:35] rep2 3s_epoll  16KB_1:1  ops=329212
[10:12:50] rep2 3s_uring  64B_1:9   ops=4202856
[10:13:00] rep2 3s_uring  256B_1:1  ops=3341204
[10:13:10] rep2 3s_uring  1024B_1:1 ops=2093384
[10:13:20] rep2 3s_uring  16KB_1:9  ops=308773
[10:13:29] rep2 3s_uring  16KB_1:1  ops=345820
[10:13:43] rep2 3s_pool   64B_1:9   ops=4174570
[10:13:53] rep2 3s_pool   256B_1:1  ops=3488631
[10:14:03] rep2 3s_pool   1024B_1:1 ops=2066909
[10:14:13] rep2 3s_pool   16KB_1:9  ops=298135
[10:14:22] rep2 3s_pool   16KB_1:1  ops=347336
[10:14:37] rep3 2s_epoll  64B_1:9   ops=5446908
[10:14:47] rep3 2s_epoll  256B_1:1  ops=4525694
[10:14:57] rep3 2s_epoll  1024B_1:1 ops=2561249
[10:15:07] rep3 2s_epoll  16KB_1:9  ops=299330
[10:15:16] rep3 2s_epoll  16KB_1:1  ops=339787
[10:15:30] rep3 3s_epoll  64B_1:9   ops=4153359
[10:15:40] rep3 3s_epoll  256B_1:1  ops=3294084
[10:15:50] rep3 3s_epoll  1024B_1:1 ops=2239941
[10:16:00] rep3 3s_epoll  16KB_1:9  ops=314199
[10:16:10] rep3 3s_epoll  16KB_1:1  ops=336491
[10:16:24] rep3 3s_uring  64B_1:9   ops=4172598
[10:16:34] rep3 3s_uring  256B_1:1  ops=3440951
[10:16:44] rep3 3s_uring  1024B_1:1 ops=1957774
[10:16:54] rep3 3s_uring  16KB_1:9  ops=299660
[10:17:03] rep3 3s_uring  16KB_1:1  ops=331586
[10:17:18] rep3 3s_pool   64B_1:9   ops=4441535
[10:17:28] rep3 3s_pool   256B_1:1  ops=4077142
[10:17:38] rep3 3s_pool   1024B_1:1 ops=2111735
[10:17:48] rep3 3s_pool   16KB_1:9  ops=302529
[10:17:57] rep3 3s_pool   16KB_1:1  ops=323258
[10:18:01] ===== DONE — medians =====
  2s_epoll  1024B_1:1 median=2719471
  2s_epoll  16KB_1:1  median=345253
  2s_epoll  16KB_1:9  median=308468
  2s_epoll  256B_1:1  median=4525694
  2s_epoll  64B_1:9   median=5427795
  3s_epoll  1024B_1:1 median=2239936
  3s_epoll  16KB_1:1  median=336491
  3s_epoll  16KB_1:9  median=318730
  3s_epoll  256B_1:1  median=3294084
  3s_epoll  64B_1:9   median=4153359
  3s_pool   1024B_1:1 median=2106214
  3s_pool   16KB_1:1  median=347336
  3s_pool   16KB_1:9  median=302529
  3s_pool   256B_1:1  median=3488631
  3s_pool   64B_1:9   median=4174570
  3s_uring  1024B_1:1 median=2089142
  3s_uring  16KB_1:1  median=337892
  3s_uring  16KB_1:9  median=308773
  3s_uring  256B_1:1  median=3341204
  3s_uring  64B_1:9   median=4200613
REBENCH_DONE
