[06-28 03:50:56] ===== RECONFIRM SWEEP start — deadline 06-29 05:30 (25h left) =====
[06-28 03:50:56] paper targets: memtier GET 32B P32 redis~4.0M THredis~8.17M | BITCOUNT-1MB 3.46x | HGETALL 1.66x
[06-28 03:50:56] ########## ROUND 1 (25h 39m left) ##########
[06-28 03:51:35]   r1 mt thredis2s GET d32 P1 = 708570.94
[06-28 03:52:00]   r1 mt thredis2s SET d32 P1 = 701453.24
[06-28 03:52:25]   r1 mt thredis2s MIX91 d32 P1 = 708028.98
[06-28 03:52:50]   r1 mt thredis2s MIX11 d32 P1 = 703211.30
[06-28 03:53:15]   r1 mt thredis2s GET d32 P16 = 5925874.22
[06-28 03:53:40]   r1 mt thredis2s SET d32 P16 = 4961358.41
[06-28 03:54:05]   r1 mt thredis2s MIX91 d32 P16 = 5748827.74
[06-28 03:54:30]   r1 mt thredis2s MIX11 d32 P16 = 5269428.89
[06-28 03:54:56]   r1 mt thredis2s GET d32 P32 = 7430298.43
[06-28 03:55:21]   r1 mt thredis2s SET d32 P32 = 5368562.28
[06-28 03:55:46]   r1 mt thredis2s MIX91 d32 P32 = 7038273.45
[06-28 03:56:11]   r1 mt thredis2s MIX11 d32 P32 = 6177511.06
[06-28 03:56:50]   r1 mt thredis2s GET d256 P1 = 707313.68
[06-28 03:57:15]   r1 mt thredis2s SET d256 P1 = 696750.48
[06-28 03:57:41]   r1 mt thredis2s MIX91 d256 P1 = 705670.21
[06-28 03:58:06]   r1 mt thredis2s MIX11 d256 P1 = 694766.39
[06-28 03:58:32]   r1 mt thredis2s GET d256 P16 = 1665253.99
[06-28 03:58:57]   r1 mt thredis2s SET d256 P16 = 4424705.57
[06-28 03:59:22]   r1 mt thredis2s MIX91 d256 P16 = 5200122.22
[06-28 03:59:47]   r1 mt thredis2s MIX11 d256 P16 = 4739284.32
[06-28 04:00:13]   r1 mt thredis2s GET d256 P32 = 2800172.50
[06-28 04:00:38]   r1 mt thredis2s SET d256 P32 = 4825324.77
[06-28 04:01:04]   r1 mt thredis2s MIX91 d256 P32 = 2763207.76
[06-28 04:01:30]   r1 mt thredis2s MIX11 d256 P32 = 2647286.64
[06-28 04:02:49]   r1 mt thredis2s GET d1024 P1 = 694245.16
[06-28 04:03:14]   r1 mt thredis2s SET d1024 P1 = 679345.97
[06-28 04:03:39]   r1 mt thredis2s MIX91 d1024 P1 = 693673.44
[06-28 04:04:04]   r1 mt thredis2s MIX11 d1024 P1 = 682605.09
[06-28 04:04:30]   r1 mt thredis2s GET d1024 P16 = 1486558.36
[06-28 04:04:56]   r1 mt thredis2s SET d1024 P16 = 1463627.38
[06-28 04:05:22]   r1 mt thredis2s MIX91 d1024 P16 = 1443458.16
[06-28 04:05:48]   r1 mt thredis2s MIX11 d1024 P16 = 1445618.57
[06-28 04:06:14]   r1 mt thredis2s GET d1024 P32 = 2361439.38
[06-28 04:06:39]   r1 mt thredis2s SET d1024 P32 = 2744580.13
[06-28 04:07:05]   r1 mt thredis2s MIX91 d1024 P32 = 2311816.36
[06-28 04:07:32]   r1 mt thredis2s MIX11 d1024 P32 = 2242220.73
[06-28 04:08:15]   r1 mt thredis2s_b GET d32 P1 = 572911.93
[06-28 04:08:40]   r1 mt thredis2s_b SET d32 P1 = 570782.62
[06-28 04:09:05]   r1 mt thredis2s_b MIX91 d32 P1 = 573062.63
[06-28 04:09:31]   r1 mt thredis2s_b MIX11 d32 P1 = 567897.87
[06-28 04:09:56]   r1 mt thredis2s_b GET d32 P16 = 5100081.04
[06-28 04:10:21]   r1 mt thredis2s_b SET d32 P16 = 4153073.37
[06-28 04:10:46]   r1 mt thredis2s_b MIX91 d32 P16 = 4868047.80
[06-28 04:11:11]   r1 mt thredis2s_b MIX11 d32 P16 = 4505653.71
[06-28 04:11:37]   r1 mt thredis2s_b GET d32 P32 = 6314457.51
[06-28 04:12:02]   r1 mt thredis2s_b SET d32 P32 = 5134063.06
[06-28 04:12:27]   r1 mt thredis2s_b MIX91 d32 P32 = 6047264.23
[06-28 04:12:52]   r1 mt thredis2s_b MIX11 d32 P32 = 5424258.28
[06-28 04:13:42]   r1 mt thredis2s_b GET d256 P1 = 566909.24
[06-28 04:14:07]   r1 mt thredis2s_b SET d256 P1 = 561611.16
[06-28 04:14:32]   r1 mt thredis2s_b MIX91 d256 P1 = 565159.22
[06-28 04:14:57]   r1 mt thredis2s_b MIX11 d256 P1 = 559513.59
[06-28 04:15:23]   r1 mt thredis2s_b GET d256 P16 = 1523014.46
[06-28 04:15:48]   r1 mt thredis2s_b SET d256 P16 = 3595521.29
[06-28 04:16:13]   r1 mt thredis2s_b MIX91 d256 P16 = 4343953.32
[06-28 04:16:38]   r1 mt thredis2s_b MIX11 d256 P16 = 3919101.78
[06-28 04:17:04]   r1 mt thredis2s_b GET d256 P32 = 2623971.91
[06-28 04:17:29]   r1 mt thredis2s_b SET d256 P32 = 4474039.40
