[10:52:22] ===== STRICT PERF SWEEP (passes=3 T=10s) =====
[10:52:35] p1 v11          64_cache   ops=5493605    p99=1.39100
[10:52:53] p1 v11          64_dram    ops=5351047    p99=1.36700
[10:53:05] p1 v11          256_cache  ops=4449095    p99=1.03900
[10:53:20] p1 v11          256_dram   ops=3899533    p99=0.86300
[10:53:32] p1 v11          1k_cache   ops=1984280    p99=1.83900
[10:53:47] p1 v11          1k_dram    ops=2359914    p99=1.45500
[10:54:01] p1 s_uring_pf0  64_cache   ops=4537316    p99=3.47100
[10:54:16] p1 s_uring_pf0  64_dram    ops=4101391    p99=3.18300
[10:54:28] p1 s_uring_pf0  256_cache  ops=4562666    p99=2.95900
[10:54:43] p1 s_uring_pf0  256_dram   ops=4259534    p99=2.57500
[10:54:55] p1 s_uring_pf0  1k_cache   ops=1738519    p99=5.56700
[10:55:10] p1 s_uring_pf0  1k_dram    ops=1671133    p99=5.59900
[10:55:25] p1 s_uring_pf1  64_cache   ops=4955185    p99=3.02300
[10:55:39] p1 s_uring_pf1  64_dram    ops=4656781    p99=2.65500
[10:55:51] p1 s_uring_pf1  256_cache  ops=4095039    p99=2.92700
[10:56:06] p1 s_uring_pf1  256_dram   ops=3707366    p99=3.15100
[10:56:18] p1 s_uring_pf1  1k_cache   ops=1749509    p99=5.47100
[10:56:33] p1 s_uring_pf1  1k_dram    ops=1683532    p99=5.50300
[10:56:48] p1 s_epoll      64_cache   ops=5084209    p99=2.51100
[10:57:03] p1 s_epoll      64_dram    ops=4551579    p99=3.27900
[10:57:15] p1 s_epoll      256_cache  ops=4083528    p99=2.86300
[10:57:30] p1 s_epoll      256_dram   ops=3972668    p99=2.94300
[10:57:42] p1 s_epoll      1k_cache   ops=1861388    p99=5.11900
[10:57:57] p1 s_epoll      1k_dram    ops=1924466    p99=5.08700
[10:58:11] p2 s_uring_pf0  64_cache   ops=4619474    p99=2.89500
[10:58:26] p2 s_uring_pf0  64_dram    ops=3997700    p99=3.56700
[10:58:39] p2 s_uring_pf0  256_cache  ops=4102302    p99=2.87900
[10:58:54] p2 s_uring_pf0  256_dram   ops=4122603    p99=3.10300
[10:59:06] p2 s_uring_pf0  1k_cache   ops=1931495    p99=5.34300
[10:59:22] p2 s_uring_pf0  1k_dram    ops=1660195    p99=5.53500
[10:59:36] p2 s_uring_pf1  64_cache   ops=4572283    p99=2.84700
[10:59:51] p2 s_uring_pf1  64_dram    ops=4017080    p99=3.32700
[11:00:03] p2 s_uring_pf1  256_cache  ops=4002134    p99=3.40700
[11:00:18] p2 s_uring_pf1  256_dram   ops=4036990    p99=2.73500
[11:00:30] p2 s_uring_pf1  1k_cache   ops=1738296    p99=5.59900
[11:00:46] p2 s_uring_pf1  1k_dram    ops=1528742    p99=5.59900
[11:01:01] p2 s_epoll      64_cache   ops=5014673    p99=2.28700
[11:01:16] p2 s_epoll      64_dram    ops=4417666    p99=2.02300
[11:01:28] p2 s_epoll      256_cache  ops=3989474    p99=3.00700
[11:01:43] p2 s_epoll      256_dram   ops=3987154    p99=2.92700
[11:01:55] p2 s_epoll      1k_cache   ops=1774335    p99=5.24700
[11:02:10] p2 s_epoll      1k_dram    ops=1821172    p99=5.15100
[11:02:25] p2 v11          64_cache   ops=4449917    p99=1.00700
[11:02:40] p2 v11          64_dram    ops=4135670    p99=0.88700
[11:02:52] p2 v11          256_cache  ops=4302291    p99=1.22300
[11:03:06] p2 v11          256_dram   ops=4227764    p99=0.84700
[11:03:18] p2 v11          1k_cache   ops=1961784    p99=1.95900
[11:03:36] p2 v11          1k_dram    ops=2017638    p99=1.97500
[11:03:50] p3 s_uring_pf1  64_cache   ops=5320142    p99=2.33500
[11:04:05] p3 s_uring_pf1  64_dram    ops=4243361    p99=2.31900
[11:04:17] p3 s_uring_pf1  256_cache  ops=4034184    p99=3.03900
[11:04:32] p3 s_uring_pf1  256_dram   ops=3684240    p99=3.21500
[11:04:44] p3 s_uring_pf1  1k_cache   ops=1705626    p99=5.53500
[11:05:00] p3 s_uring_pf1  1k_dram    ops=1681318    p99=5.47100
[11:05:14] p3 s_epoll      64_cache   ops=5135650    p99=2.02300
[11:05:29] p3 s_epoll      64_dram    ops=4327371    p99=2.51100
[11:05:41] p3 s_epoll      256_cache  ops=4160718    p99=2.38300
[11:05:56] p3 s_epoll      256_dram   ops=3908565    p99=2.84700
[11:06:08] p3 s_epoll      1k_cache   ops=1829765    p99=5.05500
[11:06:23] p3 s_epoll      1k_dram    ops=1680583    p99=4.99100
[11:06:38] p3 v11          64_cache   ops=4933405    p99=1.52700
[11:06:53] p3 v11          64_dram    ops=4190650    p99=0.83100
[11:07:05] p3 v11          256_cache  ops=3990377    p99=0.85500
[11:07:21] p3 v11          256_dram   ops=4103023    p99=1.10300
[11:07:33] p3 v11          1k_cache   ops=2122118    p99=1.79100
[11:07:48] p3 v11          1k_dram    ops=2097530    p99=1.82300
[11:08:03] p3 s_uring_pf0  64_cache   ops=4433690    p99=3.47100
[11:08:18] p3 s_uring_pf0  64_dram    ops=3981544    p99=3.40700
[11:08:30] p3 s_uring_pf0  256_cache  ops=4060369    p99=2.76700
[11:08:45] p3 s_uring_pf0  256_dram   ops=3699020    p99=2.89500
[11:08:57] p3 s_uring_pf0  1k_cache   ops=1768101    p99=5.31100
[11:09:12] p3 s_uring_pf0  1k_dram    ops=1673978    p99=5.72700
[11:09:14] ===== STRICT PERF SWEEP DONE =====
SP_SWEEP_DONE
