[00:09:16] ===== 8h SWEEP start (REPS=3 T=15s, mimalloc=/usr/lib/libmimalloc.so) =====
[00:09:36] A r1 t6 jem       2s_epoll  cache d16    1:9  ops=5322883   cr=0
[00:09:52] A r1 t6 jem       2s_epoll  cache d16    1:1  ops=4878376   cr=0
[00:10:08] A r1 t6 jem       2s_epoll  cache d16    1:0  ops=3810044   cr=0
[00:10:25] A r1 t6 jem       2s_epoll  cache d64    1:9  ops=3677601   cr=0
[00:10:41] A r1 t6 jem       2s_epoll  cache d64    1:1  ops=3497580   cr=0
[00:10:57] A r1 t6 jem       2s_epoll  cache d64    1:0  ops=3496447   cr=0
[00:11:14] A r1 t6 jem       2s_epoll  cache d256   1:9  ops=3522536   cr=0
[00:11:30] A r1 t6 jem       2s_epoll  cache d256   1:1  ops=3389935   cr=0
[00:11:46] A r1 t6 jem       2s_epoll  cache d256   1:0  ops=3458815   cr=0
[00:12:03] A r1 t6 jem       2s_epoll  cache d1024  1:9  ops=2078586   cr=0
[00:12:19] A r1 t6 jem       2s_epoll  cache d1024  1:1  ops=2280916   cr=0
[00:12:35] A r1 t6 jem       2s_epoll  cache d1024  1:0  ops=2568207   cr=0
[00:12:52] A r1 t6 jem       2s_epoll  cache d4096  1:9  ops=580108    cr=0
[00:13:08] A r1 t6 jem       2s_epoll  cache d4096  1:1  ops=933147    cr=0
[00:13:24] A r1 t6 jem       2s_epoll  cache d4096  1:0  ops=1257886   cr=0
[00:13:41] A r1 t6 jem       2s_epoll  cache d16384 1:9  ops=307166    cr=0
[00:13:57] A r1 t6 jem       2s_epoll  cache d16384 1:1  ops=349310    cr=0
[00:14:13] A r1 t6 jem       2s_epoll  cache d16384 1:0  ops=397242    cr=0
[00:14:31] A r1 t6 jem       2s_epoll  dram  d16    1:9  ops=4057308   cr=0
[00:14:47] A r1 t6 jem       2s_epoll  dram  d16    1:1  ops=3865080   cr=0
[00:15:03] A r1 t6 jem       2s_epoll  dram  d16    1:0  ops=3910972   cr=0
[00:15:22] A r1 t6 jem       2s_epoll  dram  d64    1:9  ops=3803143   cr=0
[00:15:38] A r1 t6 jem       2s_epoll  dram  d64    1:1  ops=3545342   cr=0
[00:15:54] A r1 t6 jem       2s_epoll  dram  d64    1:0  ops=3446596   cr=0
[00:16:13] A r1 t6 jem       2s_epoll  dram  d256   1:9  ops=3864308   cr=0
[00:16:29] A r1 t6 jem       2s_epoll  dram  d256   1:1  ops=3336942   cr=0
[00:16:45] A r1 t6 jem       2s_epoll  dram  d256   1:0  ops=3302133   cr=0
[00:17:04] A r1 t6 jem       2s_epoll  dram  d1024  1:9  ops=2147270   cr=0
[00:17:20] A r1 t6 jem       2s_epoll  dram  d1024  1:1  ops=2264089   cr=0
[00:17:36] A r1 t6 jem       2s_epoll  dram  d1024  1:0  ops=2316297   cr=0
[00:17:54] A r1 t6 jem       2s_epoll  dram  d4096  1:9  ops=605744    cr=0
[00:18:10] A r1 t6 jem       2s_epoll  dram  d4096  1:1  ops=923130    cr=0
[00:18:26] A r1 t6 jem       2s_epoll  dram  d4096  1:0  ops=1262103   cr=0
[00:18:43] A r1 t6 jem       2s_epoll  dram  d16384 1:9  ops=311693    cr=0
[00:18:59] A r1 t6 jem       2s_epoll  dram  d16384 1:1  ops=350588    cr=0
[00:19:15] A r1 t6 jem       2s_epoll  dram  d16384 1:0  ops=395677    cr=0
[00:19:37] A r1 t6 jem       2s_uring  cache d16    1:9  ops=4650233   cr=0
[00:19:53] A r1 t6 jem       2s_uring  cache d16    1:1  ops=3860693   cr=0
[00:20:09] A r1 t6 jem       2s_uring  cache d16    1:0  ops=3941265   cr=0
[00:20:26] A r1 t6 jem       2s_uring  cache d64    1:9  ops=3983247   cr=0
[00:20:42] A r1 t6 jem       2s_uring  cache d64    1:1  ops=3586013   cr=0
[00:20:58] A r1 t6 jem       2s_uring  cache d64    1:0  ops=3635180   cr=0
[00:21:15] A r1 t6 jem       2s_uring  cache d256   1:9  ops=3744393   cr=0
[00:21:31] A r1 t6 jem       2s_uring  cache d256   1:1  ops=3402081   cr=0
[00:21:47] A r1 t6 jem       2s_uring  cache d256   1:0  ops=3417417   cr=0
[00:22:04] A r1 t6 jem       2s_uring  cache d1024  1:9  ops=2170748   cr=0
[00:22:20] A r1 t6 jem       2s_uring  cache d1024  1:1  ops=2379989   cr=0
[00:22:36] A r1 t6 jem       2s_uring  cache d1024  1:0  ops=2512701   cr=0
[00:22:53] A r1 t6 jem       2s_uring  cache d4096  1:9  ops=581841    cr=0
[00:23:09] A r1 t6 jem       2s_uring  cache d4096  1:1  ops=889359    cr=0
[00:23:25] A r1 t6 jem       2s_uring  cache d4096  1:0  ops=1296518   cr=0
[00:23:42] A r1 t6 jem       2s_uring  cache d16384 1:9  ops=308124    cr=0
[00:23:58] A r1 t6 jem       2s_uring  cache d16384 1:1  ops=351536    cr=0
[00:24:14] A r1 t6 jem       2s_uring  cache d16384 1:0  ops=375645    cr=0
[00:24:32] A r1 t6 jem       2s_uring  dram  d16    1:9  ops=4039515   cr=0
[00:24:48] A r1 t6 jem       2s_uring  dram  d16    1:1  ops=3771700   cr=0
[00:25:04] A r1 t6 jem       2s_uring  dram  d16    1:0  ops=3784570   cr=0
[00:25:22] A r1 t6 jem       2s_uring  dram  d64    1:9  ops=3821929   cr=0
[00:25:38] A r1 t6 jem       2s_uring  dram  d64    1:1  ops=3450748   cr=0
[00:25:54] A r1 t6 jem       2s_uring  dram  d64    1:0  ops=3391673   cr=0
[00:26:12] A r1 t6 jem       2s_uring  dram  d256   1:9  ops=3631008   cr=0
[00:26:28] A r1 t6 jem       2s_uring  dram  d256   1:1  ops=3256781   cr=0
[00:26:44] A r1 t6 jem       2s_uring  dram  d256   1:0  ops=3128660   cr=0
[00:27:02] A r1 t6 jem       2s_uring  dram  d1024  1:9  ops=1854936   cr=0
[00:27:18] A r1 t6 jem       2s_uring  dram  d1024  1:1  ops=2106227   cr=0
[00:27:34] A r1 t6 jem       2s_uring  dram  d1024  1:0  ops=2595261   cr=0
[00:27:52] A r1 t6 jem       2s_uring  dram  d4096  1:9  ops=600501    cr=0
[00:28:08] A r1 t6 jem       2s_uring  dram  d4096  1:1  ops=853819    cr=0
[00:28:24] A r1 t6 jem       2s_uring  dram  d4096  1:0  ops=1240009   cr=0
[00:28:41] A r1 t6 jem       2s_uring  dram  d16384 1:9  ops=313491    cr=0
[00:28:58] A r1 t6 jem       2s_uring  dram  d16384 1:1  ops=367560    cr=0
[00:29:14] A r1 t6 jem       2s_uring  dram  d16384 1:0  ops=391985    cr=0
[00:29:35] A r1 t6 jem       3s_epoll  cache d16    1:9  ops=4647908   cr=0
[00:29:51] A r1 t6 jem       3s_epoll  cache d16    1:1  ops=3954836   cr=0
[00:30:07] A r1 t6 jem       3s_epoll  cache d16    1:0  ops=4126921   cr=0
[00:30:24] A r1 t6 jem       3s_epoll  cache d64    1:9  ops=4134624   cr=0
[00:30:40] A r1 t6 jem       3s_epoll  cache d64    1:1  ops=3654483   cr=0
[00:30:56] A r1 t6 jem       3s_epoll  cache d64    1:0  ops=3640099   cr=0
[00:31:13] A r1 t6 jem       3s_epoll  cache d256   1:9  ops=4111712   cr=0
[00:31:29] A r1 t6 jem       3s_epoll  cache d256   1:1  ops=3541021   cr=0
[00:31:45] A r1 t6 jem       3s_epoll  cache d256   1:0  ops=3402026   cr=0
[00:32:02] A r1 t6 jem       3s_epoll  cache d1024  1:9  ops=1849943   cr=0
[00:32:19] A r1 t6 jem       3s_epoll  cache d1024  1:1  ops=2202952   cr=0
[00:32:35] A r1 t6 jem       3s_epoll  cache d1024  1:0  ops=2522638   cr=0
[00:33:36] A r1 t6 jem       3s_epoll  cache d4096  1:9  ops=ERR       cr=0
[00:34:41] A r1 t6 jem       3s_epoll  cache d4096  1:1  ops=ERR       cr=0
[00:35:46] A r1 t6 jem       3s_epoll  cache d4096  1:0  ops=ERR       cr=0
[00:40:06] A r1 t6 jem       3s_epoll  cache d16384 1:9  ops=ERR       cr=0
[00:41:11] A r1 t6 jem       3s_epoll  cache d16384 1:1  ops=ERR       cr=0
[00:42:11] A r1 t6 jem       3s_epoll  cache d16384 1:0  ops=ERR       cr=0
[00:46:16] A r1 t6 jem       3s_epoll  dram  d16    1:9  ops=ERR       cr=0
[00:47:21] A r1 t6 jem       3s_epoll  dram  d16    1:1  ops=ERR       cr=0
[00:48:26] A r1 t6 jem       3s_epoll  dram  d16    1:0  ops=ERR       cr=0
[00:52:31] A r1 t6 jem       3s_epoll  dram  d64    1:9  ops=ERR       cr=0
[00:53:31] A r1 t6 jem       3s_epoll  dram  d64    1:1  ops=ERR       cr=0
[00:54:36] A r1 t6 jem       3s_epoll  dram  d64    1:0  ops=ERR       cr=0
[00:58:41] A r1 t6 jem       3s_epoll  dram  d256   1:9  ops=ERR       cr=0
[00:59:46] A r1 t6 jem       3s_epoll  dram  d256   1:1  ops=ERR       cr=0
[01:00:46] A r1 t6 jem       3s_epoll  dram  d256   1:0  ops=ERR       cr=0
[01:05:06] A r1 t6 jem       3s_epoll  dram  d1024  1:9  ops=ERR       cr=0
[01:06:06] A r1 t6 jem       3s_epoll  dram  d1024  1:1  ops=ERR       cr=0
[01:07:11] A r1 t6 jem       3s_epoll  dram  d1024  1:0  ops=ERR       cr=0
[01:11:16] A r1 t6 jem       3s_epoll  dram  d4096  1:9  ops=ERR       cr=0
[01:12:21] A r1 t6 jem       3s_epoll  dram  d4096  1:1  ops=ERR       cr=0
[01:13:26] A r1 t6 jem       3s_epoll  dram  d4096  1:0  ops=ERR       cr=0
[01:17:41] A r1 t6 jem       3s_epoll  dram  d16384 1:9  ops=ERR       cr=0
[01:18:46] A r1 t6 jem       3s_epoll  dram  d16384 1:1  ops=ERR       cr=0
[01:19:51] A r1 t6 jem       3s_epoll  dram  d16384 1:0  ops=ERR       cr=0
[01:20:19] A r1 t6 jem       3s_uring  cache d16    1:9  ops=4838252   cr=0
[01:20:36] A r1 t6 jem       3s_uring  cache d16    1:1  ops=3971562   cr=0
[01:20:52] A r1 t6 jem       3s_uring  cache d16    1:0  ops=3971194   cr=0
[01:21:09] A r1 t6 jem       3s_uring  cache d64    1:9  ops=3984859   cr=0
[01:21:25] A r1 t6 jem       3s_uring  cache d64    1:1  ops=3844206   cr=0
[01:21:41] A r1 t6 jem       3s_uring  cache d64    1:0  ops=3529753   cr=0
[01:21:58] A r1 t6 jem       3s_uring  cache d256   1:9  ops=3832894   cr=0
[01:22:14] A r1 t6 jem       3s_uring  cache d256   1:1  ops=3450170   cr=0
[01:22:30] A r1 t6 jem       3s_uring  cache d256   1:0  ops=3384410   cr=0
[01:22:47] A r1 t6 jem       3s_uring  cache d1024  1:9  ops=1832993   cr=0
[01:23:03] A r1 t6 jem       3s_uring  cache d1024  1:1  ops=2358834   cr=0
[01:23:19] A r1 t6 jem       3s_uring  cache d1024  1:0  ops=2453094   cr=0
[01:24:20] A r1 t6 jem       3s_uring  cache d4096  1:9  ops=ERR       cr=0
[01:25:25] A r1 t6 jem       3s_uring  cache d4096  1:1  ops=ERR       cr=0
[01:26:30] A r1 t6 jem       3s_uring  cache d4096  1:0  ops=ERR       cr=0
[01:30:45] A r1 t6 jem       3s_uring  cache d16384 1:9  ops=ERR       cr=0
[01:31:50] A r1 t6 jem       3s_uring  cache d16384 1:1  ops=ERR       cr=0
[01:32:50] A r1 t6 jem       3s_uring  cache d16384 1:0  ops=ERR       cr=0
[01:37:10] A r1 t6 jem       3s_uring  dram  d16    1:9  ops=ERR       cr=0
[01:38:15] A r1 t6 jem       3s_uring  dram  d16    1:1  ops=ERR       cr=0
[01:39:20] A r1 t6 jem       3s_uring  dram  d16    1:0  ops=ERR       cr=0
[01:43:35] A r1 t6 jem       3s_uring  dram  d64    1:9  ops=ERR       cr=0
[01:44:40] A r1 t6 jem       3s_uring  dram  d64    1:1  ops=ERR       cr=0
[01:45:45] A r1 t6 jem       3s_uring  dram  d64    1:0  ops=ERR       cr=0
[01:50:00] A r1 t6 jem       3s_uring  dram  d256   1:9  ops=ERR       cr=0
[01:51:05] A r1 t6 jem       3s_uring  dram  d256   1:1  ops=ERR       cr=0
[01:52:05] A r1 t6 jem       3s_uring  dram  d256   1:0  ops=ERR       cr=0
[01:56:25] A r1 t6 jem       3s_uring  dram  d1024  1:9  ops=ERR       cr=0
[01:57:30] A r1 t6 jem       3s_uring  dram  d1024  1:1  ops=ERR       cr=0
[01:58:30] A r1 t6 jem       3s_uring  dram  d1024  1:0  ops=ERR       cr=0
[02:02:30] A r1 t6 jem       3s_uring  dram  d4096  1:9  ops=ERR       cr=0
[02:03:35] A r1 t6 jem       3s_uring  dram  d4096  1:1  ops=ERR       cr=0
[02:04:40] A r1 t6 jem       3s_uring  dram  d4096  1:0  ops=ERR       cr=0
[02:09:00] A r1 t6 jem       3s_uring  dram  d16384 1:9  ops=ERR       cr=0
[02:10:00] A r1 t6 jem       3s_uring  dram  d16384 1:1  ops=ERR       cr=0
[02:11:05] A r1 t6 jem       3s_uring  dram  d16384 1:0  ops=ERR       cr=0
[02:11:27] A r1 t6 jem       3s_pool   cache d16    1:9  ops=3766078   cr=0
[02:11:43] A r1 t6 jem       3s_pool   cache d16    1:1  ops=3329752   cr=0
[02:11:59] A r1 t6 jem       3s_pool   cache d16    1:0  ops=3302407   cr=0
[02:12:16] A r1 t6 jem       3s_pool   cache d64    1:9  ops=3455055   cr=0
[02:12:32] A r1 t6 jem       3s_pool   cache d64    1:1  ops=3157749   cr=0
[02:12:48] A r1 t6 jem       3s_pool   cache d64    1:0  ops=3189086   cr=0
[02:13:05] A r1 t6 jem       3s_pool   cache d256   1:9  ops=3377038   cr=0
[02:13:21] A r1 t6 jem       3s_pool   cache d256   1:1  ops=3159187   cr=0
[02:13:37] A r1 t6 jem       3s_pool   cache d256   1:0  ops=3073996   cr=0
[02:13:54] A r1 t6 jem       3s_pool   cache d1024  1:9  ops=1732714   cr=0
[02:14:10] A r1 t6 jem       3s_pool   cache d1024  1:1  ops=2149944   cr=0
[02:14:26] A r1 t6 jem       3s_pool   cache d1024  1:0  ops=2344054   cr=0
[02:15:27] A r1 t6 jem       3s_pool   cache d4096  1:9  ops=ERR       cr=0
[02:16:27] A r1 t6 jem       3s_pool   cache d4096  1:1  ops=ERR       cr=0
[02:17:27] A r1 t6 jem       3s_pool   cache d4096  1:0  ops=ERR       cr=0
[02:21:27] A r1 t6 jem       3s_pool   cache d16384 1:9  ops=ERR       cr=0
[02:22:32] A r1 t6 jem       3s_pool   cache d16384 1:1  ops=ERR       cr=0
[02:23:37] A r1 t6 jem       3s_pool   cache d16384 1:0  ops=ERR       cr=0
[02:27:37] A r1 t6 jem       3s_pool   dram  d16    1:9  ops=ERR       cr=0
[02:28:37] A r1 t6 jem       3s_pool   dram  d16    1:1  ops=ERR       cr=0
[02:29:42] A r1 t6 jem       3s_pool   dram  d16    1:0  ops=ERR       cr=0
[02:33:57] A r1 t6 jem       3s_pool   dram  d64    1:9  ops=ERR       cr=0
[02:34:57] A r1 t6 jem       3s_pool   dram  d64    1:1  ops=ERR       cr=0
[02:36:02] A r1 t6 jem       3s_pool   dram  d64    1:0  ops=ERR       cr=0
[02:40:07] A r1 t6 jem       3s_pool   dram  d256   1:9  ops=ERR       cr=0
[02:41:12] A r1 t6 jem       3s_pool   dram  d256   1:1  ops=ERR       cr=0
[02:42:12] A r1 t6 jem       3s_pool   dram  d256   1:0  ops=ERR       cr=0
[02:46:17] A r1 t6 jem       3s_pool   dram  d1024  1:9  ops=ERR       cr=0
[02:47:22] A r1 t6 jem       3s_pool   dram  d1024  1:1  ops=ERR       cr=0
[02:48:27] A r1 t6 jem       3s_pool   dram  d1024  1:0  ops=ERR       cr=0
[02:52:47] A r1 t6 jem       3s_pool   dram  d4096  1:9  ops=ERR       cr=0
[02:53:52] A r1 t6 jem       3s_pool   dram  d4096  1:1  ops=ERR       cr=0
[02:54:57] A r1 t6 jem       3s_pool   dram  d4096  1:0  ops=ERR       cr=0
[02:59:02] A r1 t6 jem       3s_pool   dram  d16384 1:9  ops=ERR       cr=0
[03:00:07] A r1 t6 jem       3s_pool   dram  d16384 1:1  ops=ERR       cr=0
[03:01:12] A r1 t6 jem       3s_pool   dram  d16384 1:0  ops=ERR       cr=0
[03:01:39] A r1 t8 jem       2s_epoll  cache d16    1:9  ops=4847172   cr=0
[03:01:55] A r1 t8 jem       2s_epoll  cache d16    1:1  ops=4548518   cr=0
[03:02:11] A r1 t8 jem       2s_epoll  cache d16    1:0  ops=4388819   cr=0
[03:02:28] A r1 t8 jem       2s_epoll  cache d64    1:9  ops=4527799   cr=0
[03:02:43] A r1 t8 jem       2s_epoll  cache d64    1:1  ops=3944221   cr=0
[03:02:59] A r1 t8 jem       2s_epoll  cache d64    1:0  ops=3948221   cr=0
[03:03:16] A r1 t8 jem       2s_epoll  cache d256   1:9  ops=4086048   cr=0
[03:03:32] A r1 t8 jem       2s_epoll  cache d256   1:1  ops=3789437   cr=0
[03:03:48] A r1 t8 jem       2s_epoll  cache d256   1:0  ops=3713097   cr=0
[03:04:05] A r1 t8 jem       2s_epoll  cache d1024  1:9  ops=2236735   cr=0
[03:04:21] A r1 t8 jem       2s_epoll  cache d1024  1:1  ops=2606830   cr=0
[03:04:37] A r1 t8 jem       2s_epoll  cache d1024  1:0  ops=2759485   cr=0
[03:04:54] A r1 t8 jem       2s_epoll  cache d4096  1:9  ops=596731    cr=0
[03:05:10] A r1 t8 jem       2s_epoll  cache d4096  1:1  ops=941936    cr=0
[03:05:26] A r1 t8 jem       2s_epoll  cache d4096  1:0  ops=1358193   cr=0
[03:05:43] A r1 t8 jem       2s_epoll  cache d16384 1:9  ops=303535    cr=0
[03:05:59] A r1 t8 jem       2s_epoll  cache d16384 1:1  ops=344245    cr=0
[03:06:15] A r1 t8 jem       2s_epoll  cache d16384 1:0  ops=407132    cr=0
[03:06:33] A r1 t8 jem       2s_epoll  dram  d16    1:9  ops=4532709   cr=0
[03:06:50] A r1 t8 jem       2s_epoll  dram  d16    1:1  ops=4145576   cr=0
[03:07:06] A r1 t8 jem       2s_epoll  dram  d16    1:0  ops=4310837   cr=0
[03:07:24] A r1 t8 jem       2s_epoll  dram  d64    1:9  ops=4121040   cr=0
[03:07:40] A r1 t8 jem       2s_epoll  dram  d64    1:1  ops=3783297   cr=0
[03:07:56] A r1 t8 jem       2s_epoll  dram  d64    1:0  ops=3749918   cr=0
[03:08:14] A r1 t8 jem       2s_epoll  dram  d256   1:9  ops=4329377   cr=0
[03:08:30] A r1 t8 jem       2s_epoll  dram  d256   1:1  ops=3689135   cr=0
[03:08:46] A r1 t8 jem       2s_epoll  dram  d256   1:0  ops=3523002   cr=0
[03:09:04] A r1 t8 jem       2s_epoll  dram  d1024  1:9  ops=2157952   cr=0
[03:09:20] A r1 t8 jem       2s_epoll  dram  d1024  1:1  ops=2500078   cr=0
[03:09:36] A r1 t8 jem       2s_epoll  dram  d1024  1:0  ops=2675432   cr=0
[03:09:54] A r1 t8 jem       2s_epoll  dram  d4096  1:9  ops=592137    cr=0
[03:10:10] A r1 t8 jem       2s_epoll  dram  d4096  1:1  ops=958707    cr=0
[03:10:26] A r1 t8 jem       2s_epoll  dram  d4096  1:0  ops=1335534   cr=0
[03:10:43] A r1 t8 jem       2s_epoll  dram  d16384 1:9  ops=305208    cr=0
[03:10:59] A r1 t8 jem       2s_epoll  dram  d16384 1:1  ops=344397    cr=0
[03:11:15] A r1 t8 jem       2s_epoll  dram  d16384 1:0  ops=408580    cr=0
[03:11:37] A r1 t8 jem       2s_uring  cache d16    1:9  ops=4671950   cr=0
[03:11:53] A r1 t8 jem       2s_uring  cache d16    1:1  ops=4172464   cr=0
[03:12:09] A r1 t8 jem       2s_uring  cache d16    1:0  ops=4595930   cr=0
[03:12:26] A r1 t8 jem       2s_uring  cache d64    1:9  ops=4325326   cr=0
[03:12:42] A r1 t8 jem       2s_uring  cache d64    1:1  ops=3931111   cr=0
[03:12:58] A r1 t8 jem       2s_uring  cache d64    1:0  ops=3906778   cr=0
[03:13:15] A r1 t8 jem       2s_uring  cache d256   1:9  ops=4024309   cr=0
[03:13:31] A r1 t8 jem       2s_uring  cache d256   1:1  ops=3773861   cr=0
[03:13:47] A r1 t8 jem       2s_uring  cache d256   1:0  ops=3691170   cr=0
[03:14:04] A r1 t8 jem       2s_uring  cache d1024  1:9  ops=2189753   cr=0
[03:14:20] A r1 t8 jem       2s_uring  cache d1024  1:1  ops=2606797   cr=0
[03:14:36] A r1 t8 jem       2s_uring  cache d1024  1:0  ops=2737448   cr=0
[03:14:53] A r1 t8 jem       2s_uring  cache d4096  1:9  ops=591817    cr=0
[03:15:09] A r1 t8 jem       2s_uring  cache d4096  1:1  ops=919369    cr=0
[03:15:25] A r1 t8 jem       2s_uring  cache d4096  1:0  ops=1379656   cr=0
[03:15:42] A r1 t8 jem       2s_uring  cache d16384 1:9  ops=305564    cr=0
[03:15:58] A r1 t8 jem       2s_uring  cache d16384 1:1  ops=345891    cr=0
[03:16:14] A r1 t8 jem       2s_uring  cache d16384 1:0  ops=405255    cr=0
[03:16:32] A r1 t8 jem       2s_uring  dram  d16    1:9  ops=4308539   cr=0
[03:16:48] A r1 t8 jem       2s_uring  dram  d16    1:1  ops=4100599   cr=0
[03:17:04] A r1 t8 jem       2s_uring  dram  d16    1:0  ops=4133508   cr=0
[03:17:22] A r1 t8 jem       2s_uring  dram  d64    1:9  ops=4153381   cr=0
[03:17:38] A r1 t8 jem       2s_uring  dram  d64    1:1  ops=3769315   cr=0
[03:17:54] A r1 t8 jem       2s_uring  dram  d64    1:0  ops=3812741   cr=0
[03:18:12] A r1 t8 jem       2s_uring  dram  d256   1:9  ops=3853910   cr=0
[03:18:28] A r1 t8 jem       2s_uring  dram  d256   1:1  ops=3590593   cr=0
[03:18:44] A r1 t8 jem       2s_uring  dram  d256   1:0  ops=3503132   cr=0
[03:19:02] A r1 t8 jem       2s_uring  dram  d1024  1:9  ops=2215918   cr=0
[03:19:18] A r1 t8 jem       2s_uring  dram  d1024  1:1  ops=2407558   cr=0
[03:19:34] A r1 t8 jem       2s_uring  dram  d1024  1:0  ops=2655473   cr=0
[03:19:53] A r1 t8 jem       2s_uring  dram  d4096  1:9  ops=604545    cr=0
[03:20:09] A r1 t8 jem       2s_uring  dram  d4096  1:1  ops=940483    cr=0
[03:20:25] A r1 t8 jem       2s_uring  dram  d4096  1:0  ops=1298133   cr=0
[03:20:42] A r1 t8 jem       2s_uring  dram  d16384 1:9  ops=303608    cr=0
[03:20:58] A r1 t8 jem       2s_uring  dram  d16384 1:1  ops=344859    cr=0
[03:21:14] A r1 t8 jem       2s_uring  dram  d16384 1:0  ops=399851    cr=0
[03:21:35] A r1 t8 jem       3s_epoll  cache d16    1:9  ops=4500311   cr=0
[03:21:51] A r1 t8 jem       3s_epoll  cache d16    1:1  ops=3750303   cr=0
[03:22:07] A r1 t8 jem       3s_epoll  cache d16    1:0  ops=3690339   cr=0
[03:22:24] A r1 t8 jem       3s_epoll  cache d64    1:9  ops=3716259   cr=0
[03:22:40] A r1 t8 jem       3s_epoll  cache d64    1:1  ops=3613178   cr=0
[03:22:56] A r1 t8 jem       3s_epoll  cache d64    1:0  ops=3503926   cr=0
[03:23:14] A r1 t8 jem       3s_epoll  cache d256   1:9  ops=3458843   cr=0
[03:23:30] A r1 t8 jem       3s_epoll  cache d256   1:1  ops=3395946   cr=0
[03:23:46] A r1 t8 jem       3s_epoll  cache d256   1:0  ops=3315371   cr=0
[03:24:03] A r1 t8 jem       3s_epoll  cache d1024  1:9  ops=1909418   cr=0
[03:24:19] A r1 t8 jem       3s_epoll  cache d1024  1:1  ops=2254631   cr=0
[03:24:35] A r1 t8 jem       3s_epoll  cache d1024  1:0  ops=2499570   cr=0
[03:25:36] A r1 t8 jem       3s_epoll  cache d4096  1:9  ops=ERR       cr=0
[03:26:41] A r1 t8 jem       3s_epoll  cache d4096  1:1  ops=ERR       cr=0
[03:27:46] A r1 t8 jem       3s_epoll  cache d4096  1:0  ops=ERR       cr=0
[03:32:06] A r1 t8 jem       3s_epoll  cache d16384 1:9  ops=ERR       cr=0
[03:33:11] A r1 t8 jem       3s_epoll  cache d16384 1:1  ops=ERR       cr=0
[03:34:16] A r1 t8 jem       3s_epoll  cache d16384 1:0  ops=ERR       cr=0
[03:38:36] A r1 t8 jem       3s_epoll  dram  d16    1:9  ops=ERR       cr=0
[03:39:41] A r1 t8 jem       3s_epoll  dram  d16    1:1  ops=ERR       cr=0
[03:40:46] A r1 t8 jem       3s_epoll  dram  d16    1:0  ops=ERR       cr=0
[03:45:01] A r1 t8 jem       3s_epoll  dram  d64    1:9  ops=ERR       cr=0
[03:46:06] A r1 t8 jem       3s_epoll  dram  d64    1:1  ops=ERR       cr=0
[03:47:11] A r1 t8 jem       3s_epoll  dram  d64    1:0  ops=ERR       cr=0
[03:51:31] A r1 t8 jem       3s_epoll  dram  d256   1:9  ops=ERR       cr=0
[03:52:36] A r1 t8 jem       3s_epoll  dram  d256   1:1  ops=ERR       cr=0
[03:53:41] A r1 t8 jem       3s_epoll  dram  d256   1:0  ops=ERR       cr=0
[03:57:46] A r1 t8 jem       3s_epoll  dram  d1024  1:9  ops=ERR       cr=0
[03:58:46] A r1 t8 jem       3s_epoll  dram  d1024  1:1  ops=ERR       cr=0
[03:59:51] A r1 t8 jem       3s_epoll  dram  d1024  1:0  ops=ERR       cr=0
[04:04:11] A r1 t8 jem       3s_epoll  dram  d4096  1:9  ops=ERR       cr=0
[04:05:11] A r1 t8 jem       3s_epoll  dram  d4096  1:1  ops=ERR       cr=0
[04:06:16] A r1 t8 jem       3s_epoll  dram  d4096  1:0  ops=ERR       cr=0
[04:10:36] A r1 t8 jem       3s_epoll  dram  d16384 1:9  ops=ERR       cr=0
[04:11:36] A r1 t8 jem       3s_epoll  dram  d16384 1:1  ops=ERR       cr=0
[04:12:41] A r1 t8 jem       3s_epoll  dram  d16384 1:0  ops=ERR       cr=0
[04:13:10] A r1 t8 jem       3s_uring  cache d16    1:9  ops=4393398   cr=0
[04:13:26] A r1 t8 jem       3s_uring  cache d16    1:1  ops=3659475   cr=0
[04:13:42] A r1 t8 jem       3s_uring  cache d16    1:0  ops=3619155   cr=0
[04:13:59] A r1 t8 jem       3s_uring  cache d64    1:9  ops=3700863   cr=0
[04:14:15] A r1 t8 jem       3s_uring  cache d64    1:1  ops=3449657   cr=0
[04:14:31] A r1 t8 jem       3s_uring  cache d64    1:0  ops=3636101   cr=0
[04:14:48] A r1 t8 jem       3s_uring  cache d256   1:9  ops=3496500   cr=0
[04:15:04] A r1 t8 jem       3s_uring  cache d256   1:1  ops=3321606   cr=0
[04:15:20] A r1 t8 jem       3s_uring  cache d256   1:0  ops=3324047   cr=0
[04:15:37] A r1 t8 jem       3s_uring  cache d1024  1:9  ops=1844795   cr=0
[04:15:53] A r1 t8 jem       3s_uring  cache d1024  1:1  ops=2093631   cr=0
[04:16:09] A r1 t8 jem       3s_uring  cache d1024  1:0  ops=2474362   cr=0
[04:17:10] A r1 t8 jem       3s_uring  cache d4096  1:9  ops=ERR       cr=0
[04:18:10] A r1 t8 jem       3s_uring  cache d4096  1:1  ops=ERR       cr=0
[04:19:15] A r1 t8 jem       3s_uring  cache d4096  1:0  ops=ERR       cr=0
[04:23:30] A r1 t8 jem       3s_uring  cache d16384 1:9  ops=ERR       cr=0
[04:24:30] A r1 t8 jem       3s_uring  cache d16384 1:1  ops=ERR       cr=0
[04:25:35] A r1 t8 jem       3s_uring  cache d16384 1:0  ops=ERR       cr=0
[04:29:55] A r1 t8 jem       3s_uring  dram  d16    1:9  ops=ERR       cr=0
[04:31:00] A r1 t8 jem       3s_uring  dram  d16    1:1  ops=ERR       cr=0
[04:32:05] A r1 t8 jem       3s_uring  dram  d16    1:0  ops=ERR       cr=0
[04:36:05] A r1 t8 jem       3s_uring  dram  d64    1:9  ops=ERR       cr=0
[04:37:10] A r1 t8 jem       3s_uring  dram  d64    1:1  ops=ERR       cr=0
[04:38:10] A r1 t8 jem       3s_uring  dram  d64    1:0  ops=ERR       cr=0
[04:42:30] A r1 t8 jem       3s_uring  dram  d256   1:9  ops=ERR       cr=0
[04:43:35] A r1 t8 jem       3s_uring  dram  d256   1:1  ops=ERR       cr=0
[04:44:40] A r1 t8 jem       3s_uring  dram  d256   1:0  ops=ERR       cr=0
[04:49:00] A r1 t8 jem       3s_uring  dram  d1024  1:9  ops=ERR       cr=0
[04:50:05] A r1 t8 jem       3s_uring  dram  d1024  1:1  ops=ERR       cr=0
[04:51:05] A r1 t8 jem       3s_uring  dram  d1024  1:0  ops=ERR       cr=0
[04:55:10] A r1 t8 jem       3s_uring  dram  d4096  1:9  ops=ERR       cr=0
[04:56:10] A r1 t8 jem       3s_uring  dram  d4096  1:1  ops=ERR       cr=0
[04:57:15] A r1 t8 jem       3s_uring  dram  d4096  1:0  ops=ERR       cr=0
[05:01:20] A r1 t8 jem       3s_uring  dram  d16384 1:9  ops=ERR       cr=0
[05:02:20] A r1 t8 jem       3s_uring  dram  d16384 1:1  ops=ERR       cr=0
[05:03:25] A r1 t8 jem       3s_uring  dram  d16384 1:0  ops=ERR       cr=0
[05:03:58] A r1 t8 jem       3s_pool   cache d16    1:9  ops=3990415   cr=0
[05:04:14] A r1 t8 jem       3s_pool   cache d16    1:1  ops=3719542   cr=0
[05:04:30] A r1 t8 jem       3s_pool   cache d16    1:0  ops=3474200   cr=0
[05:04:47] A r1 t8 jem       3s_pool   cache d64    1:9  ops=3687430   cr=0
[05:05:03] A r1 t8 jem       3s_pool   cache d64    1:1  ops=3476271   cr=0
[05:05:19] A r1 t8 jem       3s_pool   cache d64    1:0  ops=3589334   cr=0
[05:05:36] A r1 t8 jem       3s_pool   cache d256   1:9  ops=3551034   cr=0
[05:05:52] A r1 t8 jem       3s_pool   cache d256   1:1  ops=3411737   cr=0
[05:06:08] A r1 t8 jem       3s_pool   cache d256   1:0  ops=3456127   cr=0
[05:06:25] A r1 t8 jem       3s_pool   cache d1024  1:9  ops=1806218   cr=0
[05:06:41] A r1 t8 jem       3s_pool   cache d1024  1:1  ops=2108277   cr=0
[05:06:57] A r1 t8 jem       3s_pool   cache d1024  1:0  ops=2404677   cr=0
[05:07:58] A r1 t8 jem       3s_pool   cache d4096  1:9  ops=ERR       cr=0
[05:08:58] A r1 t8 jem       3s_pool   cache d4096  1:1  ops=ERR       cr=0
[05:10:03] A r1 t8 jem       3s_pool   cache d4096  1:0  ops=ERR       cr=0
[05:14:23] A r1 t8 jem       3s_pool   cache d16384 1:9  ops=ERR       cr=0
[05:15:28] A r1 t8 jem       3s_pool   cache d16384 1:1  ops=ERR       cr=0
[05:16:33] A r1 t8 jem       3s_pool   cache d16384 1:0  ops=ERR       cr=0
[05:20:38] A r1 t8 jem       3s_pool   dram  d16    1:9  ops=ERR       cr=0
[05:21:43] A r1 t8 jem       3s_pool   dram  d16    1:1  ops=ERR       cr=0
[05:22:43] A r1 t8 jem       3s_pool   dram  d16    1:0  ops=ERR       cr=0
[05:27:03] A r1 t8 jem       3s_pool   dram  d64    1:9  ops=ERR       cr=0
[05:28:08] A r1 t8 jem       3s_pool   dram  d64    1:1  ops=ERR       cr=0
[05:29:13] A r1 t8 jem       3s_pool   dram  d64    1:0  ops=ERR       cr=0
[05:33:33] A r1 t8 jem       3s_pool   dram  d256   1:9  ops=ERR       cr=0
[05:34:38] A r1 t8 jem       3s_pool   dram  d256   1:1  ops=ERR       cr=0
[05:35:43] A r1 t8 jem       3s_pool   dram  d256   1:0  ops=ERR       cr=0
[05:40:03] A r1 t8 jem       3s_pool   dram  d1024  1:9  ops=ERR       cr=0
[05:41:08] A r1 t8 jem       3s_pool   dram  d1024  1:1  ops=ERR       cr=0
[05:42:13] A r1 t8 jem       3s_pool   dram  d1024  1:0  ops=ERR       cr=0
[05:46:33] A r1 t8 jem       3s_pool   dram  d4096  1:9  ops=ERR       cr=0
[05:47:38] A r1 t8 jem       3s_pool   dram  d4096  1:1  ops=ERR       cr=0
[05:48:43] A r1 t8 jem       3s_pool   dram  d4096  1:0  ops=ERR       cr=0
[05:53:03] A r1 t8 jem       3s_pool   dram  d16384 1:9  ops=ERR       cr=0
[05:54:08] A r1 t8 jem       3s_pool   dram  d16384 1:1  ops=ERR       cr=0
[05:55:13] A r1 t8 jem       3s_pool   dram  d16384 1:0  ops=ERR       cr=0
[05:55:47] A r2 t6 jem       2s_epoll  cache d16    1:9  ops=4693348   cr=0
[05:56:03] A r2 t6 jem       2s_epoll  cache d16    1:1  ops=3888313   cr=0
[05:56:19] A r2 t6 jem       2s_epoll  cache d16    1:0  ops=3980031   cr=0
[05:56:36] A r2 t6 jem       2s_epoll  cache d64    1:9  ops=3960574   cr=0
[05:56:52] A r2 t6 jem       2s_epoll  cache d64    1:1  ops=3635917   cr=0
[05:57:08] A r2 t6 jem       2s_epoll  cache d64    1:0  ops=3876110   cr=0
[05:57:25] A r2 t6 jem       2s_epoll  cache d256   1:9  ops=3973952   cr=0
[05:57:41] A r2 t6 jem       2s_epoll  cache d256   1:1  ops=3401773   cr=0
[05:57:57] A r2 t6 jem       2s_epoll  cache d256   1:0  ops=3405102   cr=0
[05:58:14] A r2 t6 jem       2s_epoll  cache d1024  1:9  ops=2008408   cr=0
[05:58:30] A r2 t6 jem       2s_epoll  cache d1024  1:1  ops=2257815   cr=0
[05:58:46] A r2 t6 jem       2s_epoll  cache d1024  1:0  ops=2562481   cr=0
[05:59:04] A r2 t6 jem       2s_epoll  cache d4096  1:9  ops=618977    cr=0
[05:59:20] A r2 t6 jem       2s_epoll  cache d4096  1:1  ops=913905    cr=0
[05:59:36] A r2 t6 jem       2s_epoll  cache d4096  1:0  ops=1211659   cr=0
[05:59:53] A r2 t6 jem       2s_epoll  cache d16384 1:9  ops=313718    cr=0
[06:00:09] A r2 t6 jem       2s_epoll  cache d16384 1:1  ops=350464    cr=0
[06:00:25] A r2 t6 jem       2s_epoll  cache d16384 1:0  ops=399294    cr=0
[06:00:43] A r2 t6 jem       2s_epoll  dram  d16    1:9  ops=4009588   cr=0
[06:00:59] A r2 t6 jem       2s_epoll  dram  d16    1:1  ops=3837962   cr=0
[06:01:15] A r2 t6 jem       2s_epoll  dram  d16    1:0  ops=3954632   cr=0
[06:01:33] A r2 t6 jem       2s_epoll  dram  d64    1:9  ops=3881922   cr=0
[06:01:49] A r2 t6 jem       2s_epoll  dram  d64    1:1  ops=3425070   cr=0
[06:02:05] A r2 t6 jem       2s_epoll  dram  d64    1:0  ops=3414218   cr=0
[06:02:23] A r2 t6 jem       2s_epoll  dram  d256   1:9  ops=3739734   cr=0
[06:02:39] A r2 t6 jem       2s_epoll  dram  d256   1:1  ops=3274564   cr=0
[06:02:55] A r2 t6 jem       2s_epoll  dram  d256   1:0  ops=3221193   cr=0
[06:03:14] A r2 t6 jem       2s_epoll  dram  d1024  1:9  ops=2054946   cr=0
[06:03:30] A r2 t6 jem       2s_epoll  dram  d1024  1:1  ops=2123811   cr=0
[06:03:46] A r2 t6 jem       2s_epoll  dram  d1024  1:0  ops=2466871   cr=0
[06:04:04] A r2 t6 jem       2s_epoll  dram  d4096  1:9  ops=566587    cr=0
[06:04:20] A r2 t6 jem       2s_epoll  dram  d4096  1:1  ops=908634    cr=0
[06:04:36] A r2 t6 jem       2s_epoll  dram  d4096  1:0  ops=1225663   cr=0
[06:04:53] A r2 t6 jem       2s_epoll  dram  d16384 1:9  ops=312419    cr=0
[06:05:09] A r2 t6 jem       2s_epoll  dram  d16384 1:1  ops=346391    cr=0
[06:05:25] A r2 t6 jem       2s_epoll  dram  d16384 1:0  ops=400495    cr=0
[06:05:47] A r2 t6 jem       2s_uring  cache d16    1:9  ops=4633964   cr=0
[06:06:03] A r2 t6 jem       2s_uring  cache d16    1:1  ops=3855959   cr=0
[06:06:19] A r2 t6 jem       2s_uring  cache d16    1:0  ops=3831609   cr=0
[06:06:36] A r2 t6 jem       2s_uring  cache d64    1:9  ops=4279101   cr=0
[06:06:52] A r2 t6 jem       2s_uring  cache d64    1:1  ops=3583773   cr=0
[06:07:08] A r2 t6 jem       2s_uring  cache d64    1:0  ops=3714148   cr=0
[06:07:25] A r2 t6 jem       2s_uring  cache d256   1:9  ops=3709083   cr=0
[06:07:41] A r2 t6 jem       2s_uring  cache d256   1:1  ops=3412514   cr=0
[06:07:57] A r2 t6 jem       2s_uring  cache d256   1:0  ops=3495315   cr=0
[06:08:14] A r2 t6 jem       2s_uring  cache d1024  1:9  ops=2033156   cr=0
[06:08:30] A r2 t6 jem       2s_uring  cache d1024  1:1  ops=2464781   cr=0
[06:08:46] A r2 t6 jem       2s_uring  cache d1024  1:0  ops=2465466   cr=0
[06:09:03] A r2 t6 jem       2s_uring  cache d4096  1:9  ops=595485    cr=0
[06:09:19] A r2 t6 jem       2s_uring  cache d4096  1:1  ops=927450    cr=0
[06:09:35] A r2 t6 jem       2s_uring  cache d4096  1:0  ops=1388500   cr=0
[06:09:52] A r2 t6 jem       2s_uring  cache d16384 1:9  ops=308292    cr=0
[06:10:08] A r2 t6 jem       2s_uring  cache d16384 1:1  ops=345812    cr=0
[06:10:24] A r2 t6 jem       2s_uring  cache d16384 1:0  ops=357880    cr=0
[06:10:42] A r2 t6 jem       2s_uring  dram  d16    1:9  ops=4122069   cr=0
[06:10:58] A r2 t6 jem       2s_uring  dram  d16    1:1  ops=3828314   cr=0
[06:11:14] A r2 t6 jem       2s_uring  dram  d16    1:0  ops=3870779   cr=0
[06:11:32] A r2 t6 jem       2s_uring  dram  d64    1:9  ops=4019984   cr=0
[06:11:48] A r2 t6 jem       2s_uring  dram  d64    1:1  ops=3445753   cr=0
[06:12:04] A r2 t6 jem       2s_uring  dram  d64    1:0  ops=3411646   cr=0
[06:12:24] A r2 t6 jem       2s_uring  dram  d256   1:9  ops=3757284   cr=0
[06:12:40] A r2 t6 jem       2s_uring  dram  d256   1:1  ops=3276482   cr=0
[06:12:56] A r2 t6 jem       2s_uring  dram  d256   1:0  ops=3181841   cr=0
[06:13:15] A r2 t6 jem       2s_uring  dram  d1024  1:9  ops=2014636   cr=0
[06:13:31] A r2 t6 jem       2s_uring  dram  d1024  1:1  ops=2290819   cr=0
[06:13:47] A r2 t6 jem       2s_uring  dram  d1024  1:0  ops=2352266   cr=0
[06:14:05] A r2 t6 jem       2s_uring  dram  d4096  1:9  ops=580874    cr=0
[06:14:21] A r2 t6 jem       2s_uring  dram  d4096  1:1  ops=906285    cr=0
[06:14:37] A r2 t6 jem       2s_uring  dram  d4096  1:0  ops=1286124   cr=0
[06:14:54] A r2 t6 jem       2s_uring  dram  d16384 1:9  ops=308117    cr=0
[06:15:10] A r2 t6 jem       2s_uring  dram  d16384 1:1  ops=343460    cr=0
[06:15:26] A r2 t6 jem       2s_uring  dram  d16384 1:0  ops=399148    cr=0
[06:15:48] A r2 t6 jem       3s_epoll  cache d16    1:9  ops=4707454   cr=0
[06:16:04] A r2 t6 jem       3s_epoll  cache d16    1:1  ops=3691272   cr=0
[06:16:20] A r2 t6 jem       3s_epoll  cache d16    1:0  ops=4083495   cr=0
[06:16:37] A r2 t6 jem       3s_epoll  cache d64    1:9  ops=4052834   cr=0
[06:16:53] A r2 t6 jem       3s_epoll  cache d64    1:1  ops=3718133   cr=0
[06:17:09] A r2 t6 jem       3s_epoll  cache d64    1:0  ops=3833666   cr=0
[06:17:26] A r2 t6 jem       3s_epoll  cache d256   1:9  ops=3787656   cr=0
[06:17:42] A r2 t6 jem       3s_epoll  cache d256   1:1  ops=3615423   cr=0
[06:17:58] A r2 t6 jem       3s_epoll  cache d256   1:0  ops=3449449   cr=0
[06:18:15] A r2 t6 jem       3s_epoll  cache d1024  1:9  ops=1914756   cr=0
[06:18:31] A r2 t6 jem       3s_epoll  cache d1024  1:1  ops=2256131   cr=0
[06:18:47] A r2 t6 jem       3s_epoll  cache d1024  1:0  ops=2594056   cr=0
[06:19:48] A r2 t6 jem       3s_epoll  cache d4096  1:9  ops=ERR       cr=0
[06:20:53] A r2 t6 jem       3s_epoll  cache d4096  1:1  ops=ERR       cr=0
[06:21:58] A r2 t6 jem       3s_epoll  cache d4096  1:0  ops=ERR       cr=0
[06:26:18] A r2 t6 jem       3s_epoll  cache d16384 1:9  ops=ERR       cr=0
[06:27:23] A r2 t6 jem       3s_epoll  cache d16384 1:1  ops=ERR       cr=0
[06:28:23] A r2 t6 jem       3s_epoll  cache d16384 1:0  ops=ERR       cr=0
[06:32:43] A r2 t6 jem       3s_epoll  dram  d16    1:9  ops=ERR       cr=0
[06:33:43] A r2 t6 jem       3s_epoll  dram  d16    1:1  ops=ERR       cr=0
[06:34:48] A r2 t6 jem       3s_epoll  dram  d16    1:0  ops=ERR       cr=0
[06:38:48] A r2 t6 jem       3s_epoll  dram  d64    1:9  ops=ERR       cr=0
[06:39:48] A r2 t6 jem       3s_epoll  dram  d64    1:1  ops=ERR       cr=0
[06:40:53] A r2 t6 jem       3s_epoll  dram  d64    1:0  ops=ERR       cr=0
[06:44:53] A r2 t6 jem       3s_epoll  dram  d256   1:9  ops=ERR       cr=0
[06:45:53] A r2 t6 jem       3s_epoll  dram  d256   1:1  ops=ERR       cr=0
[06:46:53] A r2 t6 jem       3s_epoll  dram  d256   1:0  ops=ERR       cr=0
[06:50:53] A r2 t6 jem       3s_epoll  dram  d1024  1:9  ops=ERR       cr=0
[06:51:53] A r2 t6 jem       3s_epoll  dram  d1024  1:1  ops=ERR       cr=0
[06:52:53] A r2 t6 jem       3s_epoll  dram  d1024  1:0  ops=ERR       cr=0
[06:56:58] A r2 t6 jem       3s_epoll  dram  d4096  1:9  ops=ERR       cr=0
[06:57:58] A r2 t6 jem       3s_epoll  dram  d4096  1:1  ops=ERR       cr=0
[06:59:03] A r2 t6 jem       3s_epoll  dram  d4096  1:0  ops=ERR       cr=0
[07:03:23] A r2 t6 jem       3s_epoll  dram  d16384 1:9  ops=ERR       cr=0
[07:04:23] A r2 t6 jem       3s_epoll  dram  d16384 1:1  ops=ERR       cr=0
[07:05:28] A r2 t6 jem       3s_epoll  dram  d16384 1:0  ops=ERR       cr=0
[07:05:55] A r2 t6 jem       3s_uring  cache d16    1:9  ops=4589760   cr=0
[07:06:11] A r2 t6 jem       3s_uring  cache d16    1:1  ops=3925378   cr=0
[07:06:27] A r2 t6 jem       3s_uring  cache d16    1:0  ops=4024632   cr=0
[07:06:44] A r2 t6 jem       3s_uring  cache d64    1:9  ops=4008735   cr=0
[07:07:00] A r2 t6 jem       3s_uring  cache d64    1:1  ops=3573738   cr=0
[07:07:16] A r2 t6 jem       3s_uring  cache d64    1:0  ops=3752767   cr=0
[07:07:33] A r2 t6 jem       3s_uring  cache d256   1:9  ops=3777451   cr=0
[07:07:49] A r2 t6 jem       3s_uring  cache d256   1:1  ops=3428848   cr=0
[07:08:05] A r2 t6 jem       3s_uring  cache d256   1:0  ops=3382597   cr=0
[07:08:22] A r2 t6 jem       3s_uring  cache d1024  1:9  ops=1804587   cr=0
[07:08:38] A r2 t6 jem       3s_uring  cache d1024  1:1  ops=2180697   cr=0
[07:08:54] A r2 t6 jem       3s_uring  cache d1024  1:0  ops=2548405   cr=0
[07:09:55] A r2 t6 jem       3s_uring  cache d4096  1:9  ops=ERR       cr=0
[07:11:00] A r2 t6 jem       3s_uring  cache d4096  1:1  ops=ERR       cr=0
[07:12:00] A r2 t6 jem       3s_uring  cache d4096  1:0  ops=ERR       cr=0
[07:16:20] A r2 t6 jem       3s_uring  cache d16384 1:9  ops=ERR       cr=0
[07:17:20] A r2 t6 jem       3s_uring  cache d16384 1:1  ops=ERR       cr=0
[07:18:25] A r2 t6 jem       3s_uring  cache d16384 1:0  ops=ERR       cr=0
[07:22:30] A r2 t6 jem       3s_uring  dram  d16    1:9  ops=ERR       cr=0
[07:23:30] A r2 t6 jem       3s_uring  dram  d16    1:1  ops=ERR       cr=0
[07:24:35] A r2 t6 jem       3s_uring  dram  d16    1:0  ops=ERR       cr=0
[07:28:55] A r2 t6 jem       3s_uring  dram  d64    1:9  ops=ERR       cr=0
[07:30:00] A r2 t6 jem       3s_uring  dram  d64    1:1  ops=ERR       cr=0
[07:31:05] A r2 t6 jem       3s_uring  dram  d64    1:0  ops=ERR       cr=0
[07:35:25] A r2 t6 jem       3s_uring  dram  d256   1:9  ops=ERR       cr=0
[07:36:25] A r2 t6 jem       3s_uring  dram  d256   1:1  ops=ERR       cr=0
[07:37:30] A r2 t6 jem       3s_uring  dram  d256   1:0  ops=ERR       cr=0
[07:41:35] A r2 t6 jem       3s_uring  dram  d1024  1:9  ops=ERR       cr=0
[07:42:41] A r2 t6 jem       3s_uring  dram  d1024  1:1  ops=ERR       cr=0
[07:43:41] A r2 t6 jem       3s_uring  dram  d1024  1:0  ops=ERR       cr=0
[07:47:46] A r2 t6 jem       3s_uring  dram  d4096  1:9  ops=ERR       cr=0
[07:48:51] A r2 t6 jem       3s_uring  dram  d4096  1:1  ops=ERR       cr=0
[07:49:51] A r2 t6 jem       3s_uring  dram  d4096  1:0  ops=ERR       cr=0
[07:53:56] A r2 t6 jem       3s_uring  dram  d16384 1:9  ops=ERR       cr=0
[07:55:01] A r2 t6 jem       3s_uring  dram  d16384 1:1  ops=ERR       cr=0
[07:56:06] A r2 t6 jem       3s_uring  dram  d16384 1:0  ops=ERR       cr=0
[07:56:32] A r2 t6 jem       3s_pool   cache d16    1:9  ops=3989495   cr=0
[07:56:48] A r2 t6 jem       3s_pool   cache d16    1:1  ops=3374446   cr=0
[07:57:04] A r2 t6 jem       3s_pool   cache d16    1:0  ops=3263821   cr=0
[07:57:21] A r2 t6 jem       3s_pool   cache d64    1:9  ops=3409492   cr=0
[07:57:37] A r2 t6 jem       3s_pool   cache d64    1:1  ops=3203611   cr=0
[07:57:53] A r2 t6 jem       3s_pool   cache d64    1:0  ops=3122109   cr=0
[07:58:10] A r2 t6 jem       3s_pool   cache d256   1:9  ops=3401745   cr=0
[07:58:27] A r2 t6 jem       3s_pool   cache d256   1:1  ops=3058128   cr=0
[07:58:43] A r2 t6 jem       3s_pool   cache d256   1:0  ops=2971987   cr=0
[07:58:59] A r2 t6 jem       3s_pool   cache d1024  1:9  ops=1835793   cr=0
[07:59:15] A r2 t6 jem       3s_pool   cache d1024  1:1  ops=2074594   cr=0
[07:59:31] A r2 t6 jem       3s_pool   cache d1024  1:0  ops=2329253   cr=0
[08:00:32] A r2 t6 jem       3s_pool   cache d4096  1:9  ops=ERR       cr=0
[08:01:32] A r2 t6 jem       3s_pool   cache d4096  1:1  ops=ERR       cr=0
[08:02:37] A r2 t6 jem       3s_pool   cache d4096  1:0  ops=ERR       cr=0
[08:06:37] A r2 t6 jem       3s_pool   cache d16384 1:9  ops=ERR       cr=0
[08:07:37] A r2 t6 jem       3s_pool   cache d16384 1:1  ops=ERR       cr=0
[08:08:37] A r2 t6 jem       3s_pool   cache d16384 1:0  ops=ERR       cr=0
[08:12:42] A r2 t6 jem       3s_pool   dram  d16    1:9  ops=ERR       cr=0
[08:13:47] A r2 t6 jem       3s_pool   dram  d16    1:1  ops=ERR       cr=0
[08:14:52] A r2 t6 jem       3s_pool   dram  d16    1:0  ops=ERR       cr=0
[08:19:07] A r2 t6 jem       3s_pool   dram  d64    1:9  ops=ERR       cr=0
[08:20:07] A r2 t6 jem       3s_pool   dram  d64    1:1  ops=ERR       cr=0
[08:21:12] A r2 t6 jem       3s_pool   dram  d64    1:0  ops=ERR       cr=0
[08:25:17] A r2 t6 jem       3s_pool   dram  d256   1:9  ops=ERR       cr=0
[08:26:22] A r2 t6 jem       3s_pool   dram  d256   1:1  ops=ERR       cr=0
[08:27:22] A r2 t6 jem       3s_pool   dram  d256   1:0  ops=ERR       cr=0
[08:31:42] A r2 t6 jem       3s_pool   dram  d1024  1:9  ops=ERR       cr=0
[08:32:47] A r2 t6 jem       3s_pool   dram  d1024  1:1  ops=ERR       cr=0
[08:33:52] A r2 t6 jem       3s_pool   dram  d1024  1:0  ops=ERR       cr=0
[08:37:57] A r2 t6 jem       3s_pool   dram  d4096  1:9  ops=ERR       cr=0
[08:39:02] A r2 t6 jem       3s_pool   dram  d4096  1:1  ops=ERR       cr=0
[08:40:02] A r2 t6 jem       3s_pool   dram  d4096  1:0  ops=ERR       cr=0
[08:44:22] A r2 t6 jem       3s_pool   dram  d16384 1:9  ops=ERR       cr=0
[08:45:27] A r2 t6 jem       3s_pool   dram  d16384 1:1  ops=ERR       cr=0
[08:46:32] A r2 t6 jem       3s_pool   dram  d16384 1:0  ops=ERR       cr=0
[08:47:06] A r2 t8 jem       2s_epoll  cache d16    1:9  ops=5082239   cr=0
[08:47:22] A r2 t8 jem       2s_epoll  cache d16    1:1  ops=4255426   cr=0
[08:47:38] A r2 t8 jem       2s_epoll  cache d16    1:0  ops=4383189   cr=0
[08:47:55] A r2 t8 jem       2s_epoll  cache d64    1:9  ops=4300420   cr=0
[08:48:11] A r2 t8 jem       2s_epoll  cache d64    1:1  ops=3962995   cr=0
[08:48:27] A r2 t8 jem       2s_epoll  cache d64    1:0  ops=3934565   cr=0
[08:48:44] A r2 t8 jem       2s_epoll  cache d256   1:9  ops=4534843   cr=0
[08:49:00] A r2 t8 jem       2s_epoll  cache d256   1:1  ops=3805521   cr=0
[08:49:16] A r2 t8 jem       2s_epoll  cache d256   1:0  ops=3729136   cr=0
[08:49:33] A r2 t8 jem       2s_epoll  cache d1024  1:9  ops=2163887   cr=0
[08:49:49] A r2 t8 jem       2s_epoll  cache d1024  1:1  ops=2373216   cr=0
[08:50:05] A r2 t8 jem       2s_epoll  cache d1024  1:0  ops=2775506   cr=0
[08:50:22] A r2 t8 jem       2s_epoll  cache d4096  1:9  ops=624685    cr=0
[08:50:38] A r2 t8 jem       2s_epoll  cache d4096  1:1  ops=875481    cr=0
[08:50:54] A r2 t8 jem       2s_epoll  cache d4096  1:0  ops=1343536   cr=0
[08:51:11] A r2 t8 jem       2s_epoll  cache d16384 1:9  ops=302696    cr=0
[08:51:27] A r2 t8 jem       2s_epoll  cache d16384 1:1  ops=343225    cr=0
[08:51:43] A r2 t8 jem       2s_epoll  cache d16384 1:0  ops=397697    cr=0
[08:52:01] A r2 t8 jem       2s_epoll  dram  d16    1:9  ops=4368193   cr=0
[08:52:17] A r2 t8 jem       2s_epoll  dram  d16    1:1  ops=4190029   cr=0
[08:52:33] A r2 t8 jem       2s_epoll  dram  d16    1:0  ops=4357320   cr=0
[08:52:51] A r2 t8 jem       2s_epoll  dram  d64    1:9  ops=4029195   cr=0
[08:53:07] A r2 t8 jem       2s_epoll  dram  d64    1:1  ops=3814029   cr=0
[08:53:23] A r2 t8 jem       2s_epoll  dram  d64    1:0  ops=3719012   cr=0
[08:53:41] A r2 t8 jem       2s_epoll  dram  d256   1:9  ops=3973192   cr=0
[08:53:57] A r2 t8 jem       2s_epoll  dram  d256   1:1  ops=3679421   cr=0
[08:54:13] A r2 t8 jem       2s_epoll  dram  d256   1:0  ops=3627931   cr=0
[08:54:32] A r2 t8 jem       2s_epoll  dram  d1024  1:9  ops=2241767   cr=0
[08:54:48] A r2 t8 jem       2s_epoll  dram  d1024  1:1  ops=2415046   cr=0
[08:55:05] A r2 t8 jem       2s_epoll  dram  d1024  1:0  ops=2690229   cr=0
[08:55:22] A r2 t8 jem       2s_epoll  dram  d4096  1:9  ops=581005    cr=0
[08:55:38] A r2 t8 jem       2s_epoll  dram  d4096  1:1  ops=909878    cr=0
[08:55:54] A r2 t8 jem       2s_epoll  dram  d4096  1:0  ops=1430406   cr=0
[08:56:11] A r2 t8 jem       2s_epoll  dram  d16384 1:9  ops=302762    cr=0
[08:56:27] A r2 t8 jem       2s_epoll  dram  d16384 1:1  ops=332777    cr=0
[08:56:43] A r2 t8 jem       2s_epoll  dram  d16384 1:0  ops=393908    cr=0
[08:57:04] A r2 t8 jem       2s_uring  cache d16    1:9  ops=4936238   cr=0
[08:57:20] A r2 t8 jem       2s_uring  cache d16    1:1  ops=4182632   cr=0
[08:57:37] A r2 t8 jem       2s_uring  cache d16    1:0  ops=4254776   cr=0
[08:57:54] A r2 t8 jem       2s_uring  cache d64    1:9  ops=4201088   cr=0
[08:58:10] A r2 t8 jem       2s_uring  cache d64    1:1  ops=4217874   cr=0
[08:58:26] A r2 t8 jem       2s_uring  cache d64    1:0  ops=3911849   cr=0
[08:58:43] A r2 t8 jem       2s_uring  cache d256   1:9  ops=3950535   cr=0
[08:58:59] A r2 t8 jem       2s_uring  cache d256   1:1  ops=3491699   cr=0
[08:59:15] A r2 t8 jem       2s_uring  cache d256   1:0  ops=3681992   cr=0
[08:59:32] A r2 t8 jem       2s_uring  cache d1024  1:9  ops=2218859   cr=0
[08:59:48] A r2 t8 jem       2s_uring  cache d1024  1:1  ops=2681209   cr=0
[09:00:04] A r2 t8 jem       2s_uring  cache d1024  1:0  ops=2730822   cr=0
[09:00:21] A r2 t8 jem       2s_uring  cache d4096  1:9  ops=596943    cr=0
[09:00:37] A r2 t8 jem       2s_uring  cache d4096  1:1  ops=888528    cr=0
[09:00:53] A r2 t8 jem       2s_uring  cache d4096  1:0  ops=1498162   cr=0
[09:01:10] A r2 t8 jem       2s_uring  cache d16384 1:9  ops=303510    cr=0
[09:01:26] A r2 t8 jem       2s_uring  cache d16384 1:1  ops=347167    cr=0
[09:01:42] A r2 t8 jem       2s_uring  cache d16384 1:0  ops=401464    cr=0
[09:02:00] A r2 t8 jem       2s_uring  dram  d16    1:9  ops=4368417   cr=0
[09:02:16] A r2 t8 jem       2s_uring  dram  d16    1:1  ops=4104348   cr=0
[09:02:32] A r2 t8 jem       2s_uring  dram  d16    1:0  ops=4149051   cr=0
[09:02:50] A r2 t8 jem       2s_uring  dram  d64    1:9  ops=4174452   cr=0
[09:03:06] A r2 t8 jem       2s_uring  dram  d64    1:1  ops=3760226   cr=0
[09:03:22] A r2 t8 jem       2s_uring  dram  d64    1:0  ops=3642658   cr=0
[09:03:40] A r2 t8 jem       2s_uring  dram  d256   1:9  ops=3935524   cr=0
[09:03:56] A r2 t8 jem       2s_uring  dram  d256   1:1  ops=3628646   cr=0
[09:04:12] A r2 t8 jem       2s_uring  dram  d256   1:0  ops=3477887   cr=0
[09:04:30] A r2 t8 jem       2s_uring  dram  d1024  1:9  ops=2276853   cr=0
[09:04:46] A r2 t8 jem       2s_uring  dram  d1024  1:1  ops=2619142   cr=0
[09:05:02] A r2 t8 jem       2s_uring  dram  d1024  1:0  ops=2664982   cr=0
[09:05:20] A r2 t8 jem       2s_uring  dram  d4096  1:9  ops=593468    cr=0
[09:05:36] A r2 t8 jem       2s_uring  dram  d4096  1:1  ops=919551    cr=0
[09:05:52] A r2 t8 jem       2s_uring  dram  d4096  1:0  ops=1410771   cr=0
[09:06:09] A r2 t8 jem       2s_uring  dram  d16384 1:9  ops=324866    cr=0
[09:06:26] A r2 t8 jem       2s_uring  dram  d16384 1:1  ops=340878    cr=0
[09:06:42] A r2 t8 jem       2s_uring  dram  d16384 1:0  ops=396914    cr=0
[09:07:03] A r2 t8 jem       3s_epoll  cache d16    1:9  ops=4352194   cr=0
[09:07:19] A r2 t8 jem       3s_epoll  cache d16    1:1  ops=3886041   cr=0
[09:07:35] A r2 t8 jem       3s_epoll  cache d16    1:0  ops=3676616   cr=0
[09:07:52] A r2 t8 jem       3s_epoll  cache d64    1:9  ops=3656943   cr=0
[09:08:08] A r2 t8 jem       3s_epoll  cache d64    1:1  ops=3479140   cr=0
[09:08:24] A r2 t8 jem       3s_epoll  cache d64    1:0  ops=3557711   cr=0
[09:08:41] A r2 t8 jem       3s_epoll  cache d256   1:9  ops=3464211   cr=0
[09:08:57] A r2 t8 jem       3s_epoll  cache d256   1:1  ops=3354057   cr=0
[09:09:13] A r2 t8 jem       3s_epoll  cache d256   1:0  ops=3376568   cr=0
[09:09:31] A r2 t8 jem       3s_epoll  cache d1024  1:9  ops=1795418   cr=0
[09:09:47] A r2 t8 jem       3s_epoll  cache d1024  1:1  ops=2168275   cr=0
[09:10:03] A r2 t8 jem       3s_epoll  cache d1024  1:0  ops=2514006   cr=0
[09:11:04] A r2 t8 jem       3s_epoll  cache d4096  1:9  ops=ERR       cr=0
[09:12:09] A r2 t8 jem       3s_epoll  cache d4096  1:1  ops=ERR       cr=0
[09:13:14] A r2 t8 jem       3s_epoll  cache d4096  1:0  ops=ERR       cr=0
[09:17:34] A r2 t8 jem       3s_epoll  cache d16384 1:9  ops=ERR       cr=0
[09:18:39] A r2 t8 jem       3s_epoll  cache d16384 1:1  ops=ERR       cr=0
[09:19:44] A r2 t8 jem       3s_epoll  cache d16384 1:0  ops=ERR       cr=0
[09:24:04] A r2 t8 jem       3s_epoll  dram  d16    1:9  ops=ERR       cr=0
[09:25:09] A r2 t8 jem       3s_epoll  dram  d16    1:1  ops=ERR       cr=0
[09:26:09] A r2 t8 jem       3s_epoll  dram  d16    1:0  ops=ERR       cr=0
[09:30:29] A r2 t8 jem       3s_epoll  dram  d64    1:9  ops=ERR       cr=0
[09:31:34] A r2 t8 jem       3s_epoll  dram  d64    1:1  ops=ERR       cr=0
