[10:35:10] ===== THREAD-CFG (3s wb-count vs 2s) reps=3 T=8s — c0-7, >8t oversubscribed =====
[10:35:22] rep1 2s_io4ex4  (8t) 64B_1:9   ops=5440037
[10:35:32] rep1 2s_io4ex4  (8t) 256B_1:1  ops=4903830
[10:35:42] rep1 2s_io4ex4  (8t) 1024B_1:1 ops=3085691
[10:35:52] rep1 2s_io4ex4  (8t) 16KB_1:1  ops=398315
[10:36:06] rep1 2s_io5ex5  (10t) 64B_1:9   ops=5431929
[10:36:17] rep1 2s_io5ex5  (10t) 256B_1:1  ops=3946902
[10:36:27] rep1 2s_io5ex5  (10t) 1024B_1:1 ops=2302491
[10:36:37] rep1 2s_io5ex5  (10t) 16KB_1:1  ops=313392
[10:36:51] rep1 2s_io6ex6  (12t) 64B_1:9   ops=4887833
[10:37:01] rep1 2s_io6ex6  (12t) 256B_1:1  ops=3608577
[10:37:11] rep1 2s_io6ex6  (12t) 1024B_1:1 ops=1933827
[10:37:21] rep1 2s_io6ex6  (12t) 16KB_1:1  ops=272484
[10:37:36] rep1 3s_i4e4w2  (10t) 64B_1:9   ops=4372487
[10:37:46] rep1 3s_i4e4w2  (10t) 256B_1:1  ops=3692103
[10:37:56] rep1 3s_i4e4w2  (10t) 1024B_1:1 ops=2138202
[10:38:06] rep1 3s_i4e4w2  (10t) 16KB_1:1  ops=327830
[10:38:20] rep1 3s_i4e4w4  (12t) 64B_1:9   ops=3617042
[10:38:30] rep1 3s_i4e4w4  (12t) 256B_1:1  ops=3253728
[10:38:40] rep1 3s_i4e4w4  (12t) 1024B_1:1 ops=1851109
[10:38:50] rep1 3s_i4e4w4  (12t) 16KB_1:1  ops=346096
[10:39:05] rep2 2s_io4ex4  (8t) 64B_1:9   ops=5455897
[10:39:15] rep2 2s_io4ex4  (8t) 256B_1:1  ops=3833522
[10:39:25] rep2 2s_io4ex4  (8t) 1024B_1:1 ops=2397242
[10:39:35] rep2 2s_io4ex4  (8t) 16KB_1:1  ops=343828
[10:39:49] rep2 2s_io5ex5  (10t) 64B_1:9   ops=5522851
[10:39:59] rep2 2s_io5ex5  (10t) 256B_1:1  ops=4113791
[10:40:09] rep2 2s_io5ex5  (10t) 1024B_1:1 ops=2299842
[10:40:19] rep2 2s_io5ex5  (10t) 16KB_1:1  ops=313925
[10:40:34] rep2 2s_io6ex6  (12t) 64B_1:9   ops=4822182
[10:40:44] rep2 2s_io6ex6  (12t) 256B_1:1  ops=3544680
[10:40:54] rep2 2s_io6ex6  (12t) 1024B_1:1 ops=1958884
[10:41:04] rep2 2s_io6ex6  (12t) 16KB_1:1  ops=261919
[10:41:18] rep2 3s_i4e4w2  (10t) 64B_1:9   ops=4292894
[10:41:28] rep2 3s_i4e4w2  (10t) 256B_1:1  ops=3760140
[10:41:38] rep2 3s_i4e4w2  (10t) 1024B_1:1 ops=2157307
[10:41:48] rep2 3s_i4e4w2  (10t) 16KB_1:1  ops=329033
[10:42:03] rep2 3s_i4e4w4  (12t) 64B_1:9   ops=3693688
[10:42:13] rep2 3s_i4e4w4  (12t) 256B_1:1  ops=2770566
[10:42:23] rep2 3s_i4e4w4  (12t) 1024B_1:1 ops=2018509
[10:42:33] rep2 3s_i4e4w4  (12t) 16KB_1:1  ops=356302
[10:42:47] rep3 2s_io4ex4  (8t) 64B_1:9   ops=4832760
[10:42:57] rep3 2s_io4ex4  (8t) 256B_1:1  ops=3693389
[10:43:08] rep3 2s_io4ex4  (8t) 1024B_1:1 ops=2426442
[10:43:18] rep3 2s_io4ex4  (8t) 16KB_1:1  ops=373727
[10:43:32] rep3 2s_io5ex5  (10t) 64B_1:9   ops=5506389
[10:43:42] rep3 2s_io5ex5  (10t) 256B_1:1  ops=4117889
[10:43:52] rep3 2s_io5ex5  (10t) 1024B_1:1 ops=2317447
[10:44:02] rep3 2s_io5ex5  (10t) 16KB_1:1  ops=301731
[10:44:17] rep3 2s_io6ex6  (12t) 64B_1:9   ops=4681285
[10:44:27] rep3 2s_io6ex6  (12t) 256B_1:1  ops=3464650
[10:44:37] rep3 2s_io6ex6  (12t) 1024B_1:1 ops=1942535
[10:44:47] rep3 2s_io6ex6  (12t) 16KB_1:1  ops=258082
[10:45:01] rep3 3s_i4e4w2  (10t) 64B_1:9   ops=3852304
[10:45:11] rep3 3s_i4e4w2  (10t) 256B_1:1  ops=3193633
[10:45:21] rep3 3s_i4e4w2  (10t) 1024B_1:1 ops=1993698
[10:45:31] rep3 3s_i4e4w2  (10t) 16KB_1:1  ops=334213
[10:45:46] rep3 3s_i4e4w4  (12t) 64B_1:9   ops=4110333
[10:45:56] rep3 3s_i4e4w4  (12t) 256B_1:1  ops=3392421
[10:46:06] rep3 3s_i4e4w4  (12t) 1024B_1:1 ops=1785753
[10:46:16] rep3 3s_i4e4w4  (12t) 16KB_1:1  ops=326796
[10:46:20] ===== DONE — medians (ops by system/threads/cell) =====
  2s_io4ex4   8t 1024B_1:1 median=2426442
  2s_io5ex5  10t 1024B_1:1 median=2302491
  2s_io6ex6  12t 1024B_1:1 median=1942535
  3s_i4e4w2  10t 1024B_1:1 median=2138202
  3s_i4e4w4  12t 1024B_1:1 median=1851109
  2s_io4ex4   8t 16KB_1:1  median=373727
  2s_io5ex5  10t 16KB_1:1  median=313392
  2s_io6ex6  12t 16KB_1:1  median=261919
  3s_i4e4w2  10t 16KB_1:1  median=329033
  3s_i4e4w4  12t 16KB_1:1  median=346096
  2s_io4ex4   8t 256B_1:1  median=3833522
  2s_io5ex5  10t 256B_1:1  median=4113791
  2s_io6ex6  12t 256B_1:1  median=3544680
  3s_i4e4w2  10t 256B_1:1  median=3692103
  3s_i4e4w4  12t 256B_1:1  median=3253728
  2s_io4ex4   8t 64B_1:9   median=5440037
  2s_io5ex5  10t 64B_1:9   median=5506389
  2s_io6ex6  12t 64B_1:9   median=4822182
  3s_i4e4w2  10t 64B_1:9   median=4292894
  3s_i4e4w4  12t 64B_1:9   median=3693688
THREADCFG_DONE
