[11:25:25] ===== 10-THREAD SPLIT SWEEP reps=3 T=8s (c0-7 oversubscribed) =====
[11:25:37] rep1 2s_io5ex5  64B_1:9   ops=5622757
[11:25:47] rep1 2s_io5ex5  256B_1:1  ops=5221411
[11:25:57] rep1 2s_io5ex5  1024B_1:1 ops=2864865
[11:26:07] rep1 2s_io5ex5  16KB_1:1  ops=345926
[11:26:22] rep1 3s_i4e4w2  64B_1:9   ops=3906109
[11:26:32] rep1 3s_i4e4w2  256B_1:1  ops=3074909
[11:26:42] rep1 3s_i4e4w2  1024B_1:1 ops=2004274
[11:26:52] rep1 3s_i4e4w2  16KB_1:1  ops=347785
[11:27:06] rep1 3s_i3e4w3  64B_1:9   ops=4476688
[11:27:16] rep1 3s_i3e4w3  256B_1:1  ops=4009946
[11:27:26] rep1 3s_i3e4w3  1024B_1:1 ops=2156144
[11:27:36] rep1 3s_i3e4w3  16KB_1:1  ops=328837
[11:27:51] rep1 3s_i4e3w3  64B_1:9   ops=4871767
[11:28:01] rep1 3s_i4e3w3  256B_1:1  ops=3808660
[11:28:11] rep1 3s_i4e3w3  1024B_1:1 ops=2264344
[11:28:21] rep1 3s_i4e3w3  16KB_1:1  ops=359105
[11:28:35] rep1 3s_i3e3w4  64B_1:9   ops=4883399
[11:28:45] rep1 3s_i3e3w4  256B_1:1  ops=3843777
[11:28:55] rep1 3s_i3e3w4  1024B_1:1 ops=2159070
[11:29:05] rep1 3s_i3e3w4  16KB_1:1  ops=341953
[11:29:20] rep2 2s_io5ex5  64B_1:9   ops=5298225
[11:29:30] rep2 2s_io5ex5  256B_1:1  ops=3981078
[11:29:40] rep2 2s_io5ex5  1024B_1:1 ops=2308967
[11:29:50] rep2 2s_io5ex5  16KB_1:1  ops=304806
[11:30:04] rep2 3s_i4e4w2  64B_1:9   ops=4457380
[11:30:14] rep2 3s_i4e4w2  256B_1:1  ops=3468000
[11:30:24] rep2 3s_i4e4w2  1024B_1:1 ops=1949714
[11:30:34] rep2 3s_i4e4w2  16KB_1:1  ops=331012
[11:30:49] rep2 3s_i3e4w3  64B_1:9   ops=4253557
[11:30:59] rep2 3s_i3e4w3  256B_1:1  ops=3638508
[11:31:09] rep2 3s_i3e4w3  1024B_1:1 ops=2098197
[11:31:19] rep2 3s_i3e4w3  16KB_1:1  ops=331727
[11:31:33] rep2 3s_i4e3w3  64B_1:9   ops=5031784
[11:31:44] rep2 3s_i4e3w3  256B_1:1  ops=4303941
[11:31:54] rep2 3s_i4e3w3  1024B_1:1 ops=2150861
[11:32:04] rep2 3s_i4e3w3  16KB_1:1  ops=315291
[11:32:18] rep2 3s_i3e3w4  64B_1:9   ops=4875716
[11:32:28] rep2 3s_i3e3w4  256B_1:1  ops=3902042
[11:32:38] rep2 3s_i3e3w4  1024B_1:1 ops=2252920
[11:32:48] rep2 3s_i3e3w4  16KB_1:1  ops=320461
[11:33:03] rep3 2s_io5ex5  64B_1:9   ops=5581814
[11:33:13] rep3 2s_io5ex5  256B_1:1  ops=4299704
[11:33:23] rep3 2s_io5ex5  1024B_1:1 ops=2290245
[11:33:33] rep3 2s_io5ex5  16KB_1:1  ops=303178
[11:33:47] rep3 3s_i4e4w2  64B_1:9   ops=4077668
[11:33:57] rep3 3s_i4e4w2  256B_1:1  ops=3150200
[11:34:07] rep3 3s_i4e4w2  1024B_1:1 ops=1994078
[11:34:17] rep3 3s_i4e4w2  16KB_1:1  ops=331794
[11:34:32] rep3 3s_i3e4w3  64B_1:9   ops=4207121
[11:34:42] rep3 3s_i3e4w3  256B_1:1  ops=3701186
[11:34:52] rep3 3s_i3e4w3  1024B_1:1 ops=2080987
[11:35:02] rep3 3s_i3e4w3  16KB_1:1  ops=334389
[11:35:16] rep3 3s_i4e3w3  64B_1:9   ops=4657576
[11:35:26] rep3 3s_i4e3w3  256B_1:1  ops=3671904
[11:35:36] rep3 3s_i4e3w3  1024B_1:1 ops=2139844
[11:35:46] rep3 3s_i4e3w3  16KB_1:1  ops=313921
[11:36:01] rep3 3s_i3e3w4  64B_1:9   ops=4595515
[11:36:11] rep3 3s_i3e3w4  256B_1:1  ops=4364138
[11:36:21] rep3 3s_i3e3w4  1024B_1:1 ops=2325334
[11:36:31] rep3 3s_i3e3w4  16KB_1:1  ops=314735
[11:36:35] ===== DONE — medians =====
  2s_io5ex5  1024B_1:1 median=2308967
  3s_i3e3w4  1024B_1:1 median=2252920
  3s_i3e4w3  1024B_1:1 median=2098197
  3s_i4e3w3  1024B_1:1 median=2150861
  3s_i4e4w2  1024B_1:1 median=1994078
  2s_io5ex5  16KB_1:1  median=304806
  3s_i3e3w4  16KB_1:1  median=320461
  3s_i3e4w3  16KB_1:1  median=331727
  3s_i4e3w3  16KB_1:1  median=315291
  3s_i4e4w2  16KB_1:1  median=331794
  2s_io5ex5  256B_1:1  median=4299704
  3s_i3e3w4  256B_1:1  median=3902042
  3s_i3e4w3  256B_1:1  median=3701186
  3s_i4e3w3  256B_1:1  median=3808660
  3s_i4e4w2  256B_1:1  median=3150200
  2s_io5ex5  64B_1:9   median=5581814
  3s_i3e3w4  64B_1:9   median=4875716
  3s_i3e4w3  64B_1:9   median=4253557
  3s_i4e3w3  64B_1:9   median=4871767
  3s_i4e4w2  64B_1:9   median=4077668
T10_DONE
