[15:23:56] ===== TRANSFER SWEEP reps=3 T=8s (pool3s/v12-2s x base/all-opts) =====
[15:24:08] rep1 pool-base 64B_1:9     ops=4838158
[15:24:18] rep1 pool-base 64B_1:1     ops=4704616
[15:24:28] rep1 pool-base 256B_1:1    ops=3972817
[15:24:38] rep1 pool-base 1KB_1:1     ops=2238972
[15:24:48] rep1 pool-base 16KB_1:1    ops=307147
[15:25:00] rep1 pool-base 64B_1:9_4M  ops=4130071
[15:25:14] rep1 pool-all  64B_1:9     ops=4654520
[15:25:23] rep1 pool-all  64B_1:1     ops=4043990
[15:25:33] rep1 pool-all  256B_1:1    ops=3809497
[15:25:43] rep1 pool-all  1KB_1:1     ops=2233264
[15:25:53] rep1 pool-all  16KB_1:1    ops=312520
[15:26:05] rep1 pool-all  64B_1:9_4M  ops=4125304
[15:26:20] rep1 v12-base  64B_1:9     ops=4450314
[15:26:29] rep1 v12-base  64B_1:1     ops=3844148
[15:26:39] rep1 v12-base  256B_1:1    ops=3689310
[15:26:49] rep1 v12-base  1KB_1:1     ops=2413391
[15:26:59] rep1 v12-base  16KB_1:1    ops=339346
[15:27:11] rep1 v12-base  64B_1:9_4M  ops=4054225
[15:27:25] rep1 v12-all   64B_1:9     ops=4562563
[15:27:34] rep1 v12-all   64B_1:1     ops=3887805
[15:27:44] rep1 v12-all   256B_1:1    ops=3737978
[15:27:54] rep1 v12-all   1KB_1:1     ops=2435915
[15:28:04] rep1 v12-all   16KB_1:1    ops=339932
[15:28:16] rep1 v12-all   64B_1:9_4M  ops=4026085
[15:28:31] rep2 pool-base 64B_1:9     ops=4730984
[15:28:40] rep2 pool-base 64B_1:1     ops=4180685
[15:28:50] rep2 pool-base 256B_1:1    ops=3943403
[15:29:00] rep2 pool-base 1KB_1:1     ops=2241720
[15:29:10] rep2 pool-base 16KB_1:1    ops=309098
[15:29:22] rep2 pool-base 64B_1:9_4M  ops=4212775
[15:29:37] rep2 pool-all  64B_1:9     ops=4689032
[15:29:46] rep2 pool-all  64B_1:1     ops=4041580
[15:29:56] rep2 pool-all  256B_1:1    ops=4016134
[15:30:06] rep2 pool-all  1KB_1:1     ops=2318705
[15:30:16] rep2 pool-all  16KB_1:1    ops=330991
[15:30:28] rep2 pool-all  64B_1:9_4M  ops=4132109
[15:30:42] rep2 v12-base  64B_1:9     ops=4586168
[15:30:51] rep2 v12-base  64B_1:1     ops=3878703
[15:31:01] rep2 v12-base  256B_1:1    ops=3714353
[15:31:11] rep2 v12-base  1KB_1:1     ops=2440119
[15:31:21] rep2 v12-base  16KB_1:1    ops=337786
[15:31:34] rep2 v12-base  64B_1:9_4M  ops=4089318
[15:31:49] rep2 v12-all   64B_1:9     ops=4561070
[15:31:58] rep2 v12-all   64B_1:1     ops=3865755
[15:32:08] rep2 v12-all   256B_1:1    ops=3696031
[15:32:18] rep2 v12-all   1KB_1:1     ops=2411948
[15:32:28] rep2 v12-all   16KB_1:1    ops=337459
[15:32:40] rep2 v12-all   64B_1:9_4M  ops=4022150
[15:32:54] rep3 pool-base 64B_1:9     ops=4669596
[15:33:03] rep3 pool-base 64B_1:1     ops=4036942
[15:33:13] rep3 pool-base 256B_1:1    ops=3962670
[15:33:23] rep3 pool-base 1KB_1:1     ops=2308257
[15:33:33] rep3 pool-base 16KB_1:1    ops=316473
[15:33:46] rep3 pool-base 64B_1:9_4M  ops=4148170
[15:34:00] rep3 pool-all  64B_1:9     ops=4852978
[15:34:09] rep3 pool-all  64B_1:1     ops=4001489
[15:34:19] rep3 pool-all  256B_1:1    ops=3756962
[15:34:29] rep3 pool-all  1KB_1:1     ops=2199466
[15:34:39] rep3 pool-all  16KB_1:1    ops=315656
[15:34:51] rep3 pool-all  64B_1:9_4M  ops=4093036
[15:35:06] rep3 v12-base  64B_1:9     ops=4546893
[15:35:15] rep3 v12-base  64B_1:1     ops=3843222
[15:35:25] rep3 v12-base  256B_1:1    ops=3254761
[15:35:35] rep3 v12-base  1KB_1:1     ops=2404577
[15:35:45] rep3 v12-base  16KB_1:1    ops=337186
[15:35:58] rep3 v12-base  64B_1:9_4M  ops=3934479
[15:36:12] rep3 v12-all   64B_1:9     ops=4147040
[15:36:21] rep3 v12-all   64B_1:1     ops=3774176
[15:36:31] rep3 v12-all   256B_1:1    ops=3590371
[15:36:41] rep3 v12-all   1KB_1:1     ops=2317841
[15:36:51] rep3 v12-all   16KB_1:1    ops=333772
[15:37:03] rep3 v12-all   64B_1:9_4M  ops=3991151
[15:37:07] ===== DONE — medians (ops by system/cell) =====
  v12-all   16KB_1:1    median=337459
  pool-all  16KB_1:1    median=315656
  v12-base  16KB_1:1    median=337786
  pool-base 16KB_1:1    median=309098
  v12-all   1KB_1:1     median=2411948
  pool-all  1KB_1:1     median=2233264
  v12-base  1KB_1:1     median=2413391
  pool-base 1KB_1:1     median=2241720
  v12-all   256B_1:1    median=3696031
  pool-all  256B_1:1    median=3809497
  v12-base  256B_1:1    median=3689310
  pool-base 256B_1:1    median=3962670
  v12-all   64B_1:1     median=3865755
  pool-all  64B_1:1     median=4041580
  v12-base  64B_1:1     median=3844148
  pool-base 64B_1:1     median=4180685
  v12-all   64B_1:9     median=4561070
  pool-all  64B_1:9     median=4689032
  v12-base  64B_1:9     median=4546893
  pool-base 64B_1:9     median=4730984
  v12-all   64B_1:9_4M  median=4022150
  pool-all  64B_1:9_4M  median=4125304
  v12-base  64B_1:9_4M  median=4054225
  pool-base 64B_1:9_4M  median=4148170
TRANSFER_SWEEP_DONE
