[07-04 00:32:44] ===== STAGE 1: VALIDATE =====
[07-04 00:33:07] VALIDATE v13-2s: PASS (dbsize_pre=100004 crash=0)
v13_accept.sh: line 17: 3089683 Killed                  /shared/Projects/THredis-v13-2s/src/redis-server --myiothreads 4 --myworkerthreads 4 --myiothreadpipelinedepth 32 --myworkerthreadqueuedepth 2048 --save '' --appendonly no --protected-mode no --dir /tmp/v13acc --port 6399 > /tmp/v13acc/srv.log 2>&1
[07-04 00:33:32] VALIDATE v13-3s: PASS (dbsize_pre=100004 crash=0)
v13_accept.sh: line 17: 3089943 Killed                  /shared/Projects/THredis-v13-3s/src/redis-server --myifidthreads 3 --myexthreads 3 --thredis-strict-pipeline yes --thredis-wb-threads 2 --save '' --appendonly no --protected-mode no --dir /tmp/v13acc --port 6399 > /tmp/v13acc/srv.log 2>&1
[07-04 00:33:33] ===== STAGE 2: MATRIX (6GB DB, 30s cells, 2 reps interleaved) =====
[07-04 00:33:33] --- rep 1 ---
[07-04 00:36:44]   v13-2s r1: 512(1:1)=2399199.47 512(1:9)=2440395.23 hot=2444940.21 4k(1:1)=1271209.54 4k(1:9)=1236134.75 FB=2575387.24
v13_accept.sh: line 17: 3090217 Killed                  /shared/Projects/THredis-v13-2s/src/redis-server --myiothreads 4 --myworkerthreads 4 --myiothreadpipelinedepth 32 --myworkerthreadqueuedepth 2048 --save '' --appendonly no --protected-mode no --dir /tmp/v13acc --port 6399 > /tmp/v13acc/srv.log 2>&1
[07-04 00:40:00]   v13-3s r1: 512(1:1)=2328638.21 512(1:9)=2334381.70 hot=2290720.59 4k(1:1)=1380677.00 4k(1:9)=1266352.01 FB=2305217.02
v13_accept.sh: line 17: 3091690 Killed                  /shared/Projects/THredis-v13-3s/src/redis-server --myifidthreads 3 --myexthreads 3 --thredis-strict-pipeline yes --thredis-wb-threads 2 --save '' --appendonly no --protected-mode no --dir /tmp/v13acc --port 6399 > /tmp/v13acc/srv.log 2>&1
[07-04 00:43:19]   redis r1: 512(1:1)=3092664.99 512(1:9)=3229546.75 hot=3359451.67 4k(1:1)=1876036.55 4k(1:9)=1252065.06 FB=3222854.05
v13_accept.sh: line 17: 3093209 Killed                  /shared/Projects/redis/src/redis-server --io-threads 8 --io-threads-do-reads yes --save '' --appendonly no --protected-mode no --dir /tmp/v13acc --port 6399 > /tmp/v13acc/srv.log 2>&1
[07-04 00:46:29]   dragonfly r1: 512(1:1)=1339707.43 512(1:9)=884887.77 hot=814711.25 4k(1:1)=835578.46 4k(1:9)=629802.81 FB=2704724.62
v13_accept.sh: line 17: 3094685 Killed                  /shared/Projects/dragonfly-bin/dragonfly --port=6399 --bind=127.0.0.1 --proactor_threads=8 --dbnum=1 --dbfilename= --snapshot_cron= --cluster_mode=emulated --dir /tmp/v13acc > /tmp/v13acc/srv.log 2>&1
[07-04 00:46:30] --- rep 2 ---
[07-04 00:49:40]   v13-2s r2: 512(1:1)=2376012.67 512(1:9)=2385921.11 hot=2430639.48 4k(1:1)=1254056.07 4k(1:9)=1244221.77 FB=2591388.61
v13_accept.sh: line 17: 3096165 Killed                  /shared/Projects/THredis-v13-2s/src/redis-server --myiothreads 4 --myworkerthreads 4 --myiothreadpipelinedepth 32 --myworkerthreadqueuedepth 2048 --save '' --appendonly no --protected-mode no --dir /tmp/v13acc --port 6399 > /tmp/v13acc/srv.log 2>&1
[07-04 00:52:58]   v13-3s r2: 512(1:1)=2416813.04 512(1:9)=2338990.26 hot=2284624.81 4k(1:1)=1383857.44 4k(1:9)=1228747.69 FB=2440363.15
v13_accept.sh: line 17: 3098133 Killed                  /shared/Projects/THredis-v13-3s/src/redis-server --myifidthreads 3 --myexthreads 3 --thredis-strict-pipeline yes --thredis-wb-threads 2 --save '' --appendonly no --protected-mode no --dir /tmp/v13acc --port 6399 > /tmp/v13acc/srv.log 2>&1
[07-04 00:56:16]   redis r2: 512(1:1)=3068480.18 512(1:9)=3226738.76 hot=3354242.46 4k(1:1)=1874663.90 4k(1:9)=1260663.17 FB=3212706.82
v13_accept.sh: line 17: 3099663 Killed                  /shared/Projects/redis/src/redis-server --io-threads 8 --io-threads-do-reads yes --save '' --appendonly no --protected-mode no --dir /tmp/v13acc --port 6399 > /tmp/v13acc/srv.log 2>&1
[07-04 00:59:28]   dragonfly r2: 512(1:1)=1343887.26 512(1:9)=881539.85 hot=816743.79 4k(1:1)=834651.48 4k(1:9)=630869.60 FB=2701481.76
v13_accept.sh: line 17: 3101167 Killed                  /shared/Projects/dragonfly-bin/dragonfly --port=6399 --bind=127.0.0.1 --proactor_threads=8 --dbnum=1 --dbfilename= --snapshot_cron= --cluster_mode=emulated --dir /tmp/v13acc > /tmp/v13acc/srv.log 2>&1
[07-04 00:59:30] ===== ACCEPTANCE DONE =====
