topology: 1 L3 domain(s)
  domain  0: 8 cpus [112,113,114,115,116,117,118,119]
tomokv-cpp: 8 unified threads, 16 shard(s), thread-mode=1s, overlap=0 (executor prefetch; ordinary IO), io_uring, alloc=jemalloc, reorder=0, read-local=1
  thread t0: role=unified cpu=112 L3=0 shards=2 send=self
  thread t1: role=unified cpu=113 L3=0 shards=2 send=self
  thread t2: role=unified cpu=114 L3=0 shards=2 send=self
  thread t3: role=unified cpu=115 L3=0 shards=2 send=self
  thread t4: role=unified cpu=116 L3=0 shards=2 send=self
  thread t5: role=unified cpu=117 L3=0 shards=2 send=self
  thread t6: role=unified cpu=118 L3=0 shards=2 send=self
  thread t7: role=unified cpu=119 L3=0 shards=2 send=self
listening on 127.0.0.1:18179
persistence: enabled=0 posted=0 flushed=0 durable=0 refused=0 pending_chunks=0 producers_with_pending=0 drain_gave_up=0 failed=0

thread role          ops      iters   busy_ms   idle_ms    cpu_ms   wake_tx  wake_rx
t0     uni             0          3       0.0     114.3       0.8         0        0
io_tenure t0/0 busy_ns=41590 idle_ns=114347446 entry_ns=2983966437355477 begin_ns=2983966437355507 end_ns=2983966551744543 exit_ns=2983966551744673 role_exit=0 stopped=1
t1     uni             0          3       0.0     114.3       0.7         0        0
io_tenure t1/0 busy_ns=43251 idle_ns=114344545 entry_ns=2983966437357177 begin_ns=2983966437357207 end_ns=2983966551745003 exit_ns=2983966551745133 role_exit=0 stopped=1
t2     uni             0          3       0.0     114.3       0.6         0        0
io_tenure t2/0 busy_ns=43830 idle_ns=114343036 entry_ns=2983966437357437 begin_ns=2983966437357467 end_ns=2983966551744333 exit_ns=2983966551744463 role_exit=0 stopped=1
t3     uni             0          3       0.0     114.3       0.6         0        0
io_tenure t3/0 busy_ns=41999 idle_ns=114344447 entry_ns=2983966437356367 begin_ns=2983966437356397 end_ns=2983966551742843 exit_ns=2983966551742973 role_exit=0 stopped=1
t4     uni          4097       6185      17.4      97.0      24.8         1        2
io_tenure t4/0 busy_ns=17360772 idle_ns=97022304 entry_ns=2983966437357467 begin_ns=2983966437357497 end_ns=2983966551740573 exit_ns=2983966551740713 role_exit=0 stopped=1
t5     uni             0          3       0.0     114.4       0.6         0        0
io_tenure t5/0 busy_ns=19160 idle_ns=114352116 entry_ns=2983966437376697 begin_ns=2983966437376727 end_ns=2983966551748003 exit_ns=2983966551748183 role_exit=0 stopped=1
t6     uni             1          5       0.1     114.3       0.6         1        2
io_tenure t6/0 busy_ns=65500 idle_ns=114318946 entry_ns=2983966437359387 begin_ns=2983966437359417 end_ns=2983966551743863 exit_ns=2983966551744083 role_exit=0 stopped=1
t7     uni             0          3       0.1     114.3       0.6         0        0
io_tenure t7/0 busy_ns=51000 idle_ns=114335866 entry_ns=2983966437355767 begin_ns=2983966437355897 end_ns=2983966551742763 exit_ns=2983966551742803 role_exit=0 stopped=1
wb: retired=2059 direct=2048 sends=2059/2059 short=0 err=0 peer_aborts=0 bytes=76958 zc_sends=0 zc_bytes=0 zc_releases=0 serves=2059 empty=0
tls: accepts=0 handshakes=0/0 failed=0 freed=0 want_read=0 want_write=0 cipher_in=0 plain_in=0 cipher_out=0 plain_out=0 zc_suppressed=0 ktls_active=0 ktls_fallback=0
stuck: live_conns=0 rob_not_quiesced=0 unsent_bytes_pending=0 | slots done=0 issued=0 free=0 flag_set=0
shutdown: unified_work=4098 accepts=1 accept_err=0 rearm=0 sqe_starved=0 notify_drop=0
shutdown_report {"schema":1,"thread_mode":"1s","work":{"kind":"fused","unified":4098},"threads":[{"tid":0,"role":"fused","ops":0,"iterations":3,"busy_ns":41590,"idle_ns":114347446,"cpu_ns":796500,"wake_tx":0,"wake_rx":0,"io_tenures":[{"entry_ns":2983966437355477,"begin_ns":2983966437355507,"end_ns":2983966551744543,"exit_ns":2983966551744673,"busy_ns":41590,"idle_ns":114347446,"role_exit":false,"stopped":true,"did_submit":0,"sweep_submit":0,"park":0}]},{"tid":1,"role":"fused","ops":0,"iterations":3,"busy_ns":43251,"idle_ns":114344545,"cpu_ns":680570,"wake_tx":0,"wake_rx":0,"io_tenures":[{"entry_ns":2983966437357177,"begin_ns":2983966437357207,"end_ns":2983966551745003,"exit_ns":2983966551745133,"busy_ns":43251,"idle_ns":114344545,"role_exit":false,"stopped":true,"did_submit":0,"sweep_submit":0,"park":0}]},{"tid":2,"role":"fused","ops":0,"iterations":3,"busy_ns":43830,"idle_ns":114343036,"cpu_ns":561760,"wake_tx":0,"wake_rx":0,"io_tenures":[{"entry_ns":2983966437357437,"begin_ns":2983966437357467,"end_ns":2983966551744333,"exit_ns":2983966551744463,"busy_ns":43830,"idle_ns":114343036,"role_exit":false,"stopped":true,"did_submit":0,"sweep_submit":0,"park":0}]},{"tid":3,"role":"fused","ops":0,"iterations":3,"busy_ns":41999,"idle_ns":114344447,"cpu_ns":560390,"wake_tx":0,"wake_rx":0,"io_tenures":[{"entry_ns":2983966437356367,"begin_ns":2983966437356397,"end_ns":2983966551742843,"exit_ns":2983966551742973,"busy_ns":41999,"idle_ns":114344447,"role_exit":false,"stopped":true,"did_submit":0,"sweep_submit":0,"park":0}]},{"tid":4,"role":"fused","ops":4097,"iterations":6185,"busy_ns":17360772,"idle_ns":97022304,"cpu_ns":24785410,"wake_tx":1,"wake_rx":2,"io_tenures":[{"entry_ns":2983966437357467,"begin_ns":2983966437357497,"end_ns":2983966551740573,"exit_ns":2983966551740713,"busy_ns":17360772,"idle_ns":97022304,"role_exit":false,"stopped":true,"did_submit":0,"sweep_submit":0,"park":0}]},{"tid":5,"role":"fused","ops":0,"iterations":3,"busy_ns":19160,"idle_ns":114352116,"cpu_ns":598070,"wake_tx":0,"wake_rx":0,"io_tenures":[{"entry_ns":2983966437376697,"begin_ns":2983966437376727,"end_ns":2983966551748003,"exit_ns":2983966551748183,"busy_ns":19160,"idle_ns":114352116,"role_exit":false,"stopped":true,"did_submit":0,"sweep_submit":0,"park":0}]},{"tid":6,"role":"fused","ops":1,"iterations":5,"busy_ns":65500,"idle_ns":114318946,"cpu_ns":573150,"wake_tx":1,"wake_rx":2,"io_tenures":[{"entry_ns":2983966437359387,"begin_ns":2983966437359417,"end_ns":2983966551743863,"exit_ns":2983966551744083,"busy_ns":65500,"idle_ns":114318946,"role_exit":false,"stopped":true,"did_submit":0,"sweep_submit":0,"park":0}]},{"tid":7,"role":"fused","ops":0,"iterations":3,"busy_ns":51000,"idle_ns":114335866,"cpu_ns":590830,"wake_tx":0,"wake_rx":0,"io_tenures":[{"entry_ns":2983966437355767,"begin_ns":2983966437355897,"end_ns":2983966551742763,"exit_ns":2983966551742803,"busy_ns":51000,"idle_ns":114335866,"role_exit":false,"stopped":true,"did_submit":0,"sweep_submit":0,"park":0}]}],"wb":{"retired":2059,"direct":2048,"sends_completed":2059,"sends_submitted":2059,"short_writes":0,"send_errors":0,"peer_aborts":0,"bytes_sent":76958,"zc_sends":0,"zc_bytes":0,"zc_releases":0,"serves":2059,"serves_empty":0},"tls":{"accepts":0,"handshakes_completed":0,"handshakes_started":0,"handshakes_failed":0,"connections_freed":0,"want_read":0,"want_write":0,"ciphertext_input_bytes":0,"plaintext_input_bytes":0,"ciphertext_output_bytes":0,"plaintext_output_bytes":0,"zc_suppressed":0,"ktls_active":0,"ktls_fallback":0},"stuck":{"live_conns":0,"rob_not_quiesced":0,"unsent_bytes_pending":0,"slots_done":0,"slots_issued":0,"slots_free":0,"flag_set":0},"epoll":{"enabled":false,"events":0,"recvs":0},"persistence":{"enabled":false,"recording":false,"failed":false,"drain_gave_up":false,"posted":0,"flushed":0,"durable":0,"refused":0,"pending_chunks":0,"records_written":0,"producers_with_pending":0,"producers_stopped":0,"producers_expected":0,"completions_pending":0},"accept":{"accepts":1,"accept_err":0,"rearm":0,"sqe_starved":0,"notify_drop":0}}
