topology: 1 L3 domain(s)
  domain  0: 8 cpus [112,113,114,115,116,117,118,119]
tomokv-cpp: 8 threads (6 io + 2 ex), 16 shard(s), thread-mode=2s, overlap=0, io_uring, alloc=jemalloc, reorder=0, read-local=0
  thread t0: role=ifid cpu=112 L3=0 shards=0
  thread t1: role=ifid cpu=113 L3=0 shards=0
  thread t2: role=ifid cpu=114 L3=0 shards=0
  thread t3: role=ifid cpu=115 L3=0 shards=0
  thread t4: role=ifid cpu=116 L3=0 shards=0
  thread t5: role=ifid cpu=117 L3=0 shards=0
  thread t6: role=ex cpu=118 L3=0 shards=8
  thread t7: role=ex cpu=119 L3=0 shards=8
listening on 127.0.0.1:18340
persistence: enabled=0 posted=0 flushed=0 durable=0 refused=0 pending_chunks=0 producers_with_pending=0 drain_gave_up=0 failed=0

thread role          ops      iters   busy_ms   idle_ms    cpu_ms   wake_tx  wake_rx
t0     io              0        443       0.2    2362.0       0.9         0        1
io_tenure t0/0 busy_ns=194340 idle_ns=2361971895 entry_ns=3160516569974745 begin_ns=3160516569974775 end_ns=3160518932141010 exit_ns=3160518932141040 role_exit=0 stopped=1
t1     io              4        226       0.8    2361.5       1.5         6        9
io_tenure t1/0 busy_ns=834296 idle_ns=2361548440 entry_ns=3160516569747134 begin_ns=3160516569747164 end_ns=3160518932129900 exit_ns=3160518932130030 role_exit=0 stopped=1
t2     io              1        474       0.4    2361.9       1.2         1        3
io_tenure t2/0 busy_ns=429611 idle_ns=2361865215 entry_ns=3160516569834684 begin_ns=3160516569834724 end_ns=3160518932129550 exit_ns=3160518932129580 role_exit=0 stopped=1
t3     io              0        413       0.2    2362.0       0.9         0        1
io_tenure t3/0 busy_ns=188762 idle_ns=2362016543 entry_ns=3160516569922895 begin_ns=3160516569922925 end_ns=3160518932128230 exit_ns=3160518932128350 role_exit=0 stopped=1
t4     io              0        421       0.2    2362.0       0.9         0        1
io_tenure t4/0 busy_ns=196679 idle_ns=2361980576 entry_ns=3160516569949405 begin_ns=3160516569949445 end_ns=3160518932126700 exit_ns=3160518932126830 role_exit=0 stopped=1
t5     io              0        401       0.4    2361.9       1.1         1        2
io_tenure t5/0 busy_ns=376099 idle_ns=2361861276 entry_ns=3160516569891075 begin_ns=3160516569891115 end_ns=3160518932128490 exit_ns=3160518932128620 role_exit=0 stopped=1
t6     ex              8      98379       0.0    2338.9      32.0         0        0
t7     ex             12     100963       0.1    2338.3      32.8         3        5
wb: retired=9 direct=2 sends=8/8 short=0 err=0 peer_aborts=0 bytes=10277 zc_sends=0 zc_bytes=0 zc_releases=0 serves=13 empty=4
tls: accepts=0 handshakes=0/0 failed=0 freed=0 want_read=0 want_write=0 cipher_in=0 plain_in=0 cipher_out=0 plain_out=0 zc_suppressed=0 ktls_active=0 ktls_fallback=0
stuck: live_conns=0 rob_not_quiesced=0 unsent_bytes_pending=0 | slots done=0 issued=0 free=0 flag_set=0
shutdown: dispatched=5 executed=20 accepts=3 accept_err=0 rearm=0 sqe_starved=0 notify_drop=0
shutdown_report {"schema":1,"thread_mode":"2s","work":{"kind":"split","dispatched":5,"executed":20},"threads":[{"tid":0,"role":"io","ops":0,"iterations":443,"busy_ns":194340,"idle_ns":2361971895,"cpu_ns":870070,"wake_tx":0,"wake_rx":1,"io_tenures":[{"entry_ns":3160516569974745,"begin_ns":3160516569974775,"end_ns":3160518932141010,"exit_ns":3160518932141040,"busy_ns":194340,"idle_ns":2361971895,"role_exit":false,"stopped":true,"did_submit":0,"sweep_submit":0,"park":0}]},{"tid":1,"role":"io","ops":4,"iterations":226,"busy_ns":834296,"idle_ns":2361548440,"cpu_ns":1506700,"wake_tx":6,"wake_rx":9,"io_tenures":[{"entry_ns":3160516569747134,"begin_ns":3160516569747164,"end_ns":3160518932129900,"exit_ns":3160518932130030,"busy_ns":834296,"idle_ns":2361548440,"role_exit":false,"stopped":true,"did_submit":0,"sweep_submit":0,"park":0}]},{"tid":2,"role":"io","ops":1,"iterations":474,"busy_ns":429611,"idle_ns":2361865215,"cpu_ns":1152600,"wake_tx":1,"wake_rx":3,"io_tenures":[{"entry_ns":3160516569834684,"begin_ns":3160516569834724,"end_ns":3160518932129550,"exit_ns":3160518932129580,"busy_ns":429611,"idle_ns":2361865215,"role_exit":false,"stopped":true,"did_submit":0,"sweep_submit":0,"park":0}]},{"tid":3,"role":"io","ops":0,"iterations":413,"busy_ns":188762,"idle_ns":2362016543,"cpu_ns":911620,"wake_tx":0,"wake_rx":1,"io_tenures":[{"entry_ns":3160516569922895,"begin_ns":3160516569922925,"end_ns":3160518932128230,"exit_ns":3160518932128350,"busy_ns":188762,"idle_ns":2362016543,"role_exit":false,"stopped":true,"did_submit":0,"sweep_submit":0,"park":0}]},{"tid":4,"role":"io","ops":0,"iterations":421,"busy_ns":196679,"idle_ns":2361980576,"cpu_ns":884690,"wake_tx":0,"wake_rx":1,"io_tenures":[{"entry_ns":3160516569949405,"begin_ns":3160516569949445,"end_ns":3160518932126700,"exit_ns":3160518932126830,"busy_ns":196679,"idle_ns":2361980576,"role_exit":false,"stopped":true,"did_submit":0,"sweep_submit":0,"park":0}]},{"tid":5,"role":"io","ops":0,"iterations":401,"busy_ns":376099,"idle_ns":2361861276,"cpu_ns":1103930,"wake_tx":1,"wake_rx":2,"io_tenures":[{"entry_ns":3160516569891075,"begin_ns":3160516569891115,"end_ns":3160518932128490,"exit_ns":3160518932128620,"busy_ns":376099,"idle_ns":2361861276,"role_exit":false,"stopped":true,"did_submit":0,"sweep_submit":0,"park":0}]},{"tid":6,"role":"ex","ops":8,"iterations":98379,"busy_ns":38360,"idle_ns":2338944070,"cpu_ns":32028890,"wake_tx":0,"wake_rx":0,"io_tenures":[]},{"tid":7,"role":"ex","ops":12,"iterations":100963,"busy_ns":79690,"idle_ns":2338272420,"cpu_ns":32801820,"wake_tx":3,"wake_rx":5,"io_tenures":[]}],"wb":{"retired":9,"direct":2,"sends_completed":8,"sends_submitted":8,"short_writes":0,"send_errors":0,"peer_aborts":0,"bytes_sent":10277,"zc_sends":0,"zc_bytes":0,"zc_releases":0,"serves":13,"serves_empty":4},"tls":{"accepts":0,"handshakes_completed":0,"handshakes_started":0,"handshakes_failed":0,"connections_freed":0,"want_read":0,"want_write":0,"ciphertext_input_bytes":0,"plaintext_input_bytes":0,"ciphertext_output_bytes":0,"plaintext_output_bytes":0,"zc_suppressed":0,"ktls_active":0,"ktls_fallback":0},"stuck":{"live_conns":0,"rob_not_quiesced":0,"unsent_bytes_pending":0,"slots_done":0,"slots_issued":0,"slots_free":0,"flag_set":0},"epoll":{"enabled":false,"events":0,"recvs":0},"persistence":{"enabled":false,"recording":false,"failed":false,"drain_gave_up":false,"posted":0,"flushed":0,"durable":0,"refused":0,"pending_chunks":0,"records_written":0,"producers_with_pending":0,"producers_stopped":0,"producers_expected":0,"completions_pending":0},"accept":{"accepts":3,"accept_err":0,"rearm":0,"sqe_starved":0,"notify_drop":0}}
