topology: 1 L3 domain(s)
  domain  0: 8 cpus [112,113,114,115,116,117,118,119]
tomokv-cpp: 8 unified threads, 16 shard(s), thread-mode=1s, overlap=0 (executor prefetch; ordinary IO), io_uring, alloc=jemalloc, reorder=0, read-local=1
  thread t0: role=unified cpu=112 L3=0 shards=2 send=self
  thread t1: role=unified cpu=113 L3=0 shards=2 send=self
  thread t2: role=unified cpu=114 L3=0 shards=2 send=self
  thread t3: role=unified cpu=115 L3=0 shards=2 send=self
  thread t4: role=unified cpu=116 L3=0 shards=2 send=self
  thread t5: role=unified cpu=117 L3=0 shards=2 send=self
  thread t6: role=unified cpu=118 L3=0 shards=2 send=self
  thread t7: role=unified cpu=119 L3=0 shards=2 send=self
listening on 127.0.0.1:18179
persistence: enabled=0 posted=0 flushed=0 durable=0 refused=0 pending_chunks=0 producers_with_pending=0 drain_gave_up=0 failed=0

thread role          ops      iters   busy_ms   idle_ms    cpu_ms   wake_tx  wake_rx
t0     uni             2        167       0.2     113.6       0.8         0        0
io_tenure t0/0 busy_ns=154600 idle_ns=113604982 entry_ns=2984678508825797 begin_ns=2984678508825827 end_ns=2984678622585409 exit_ns=2984678622585549 role_exit=0 stopped=1
t1     uni          4100       6246      17.6      96.1      24.8         1        2
io_tenure t1/0 busy_ns=17630253 idle_ns=96118099 entry_ns=2984678508831487 begin_ns=2984678508831517 end_ns=2984678622579869 exit_ns=2984678622579999 role_exit=0 stopped=1
t2     uni             2        179       0.1     113.6       0.6         0        0
io_tenure t2/0 busy_ns=138300 idle_ns=113615072 entry_ns=2984678508839127 begin_ns=2984678508839147 end_ns=2984678622592519 exit_ns=2984678622592579 role_exit=0 stopped=1
t3     uni             2        180       0.1     113.6       0.7         0        0
io_tenure t3/0 busy_ns=147150 idle_ns=113607612 entry_ns=2984678508831697 begin_ns=2984678508831727 end_ns=2984678622586489 exit_ns=2984678622586519 role_exit=0 stopped=1
t4     uni             2        149       0.1     113.6       0.6         0        0
io_tenure t4/0 busy_ns=148160 idle_ns=113609732 entry_ns=2984678508827137 begin_ns=2984678508827157 end_ns=2984678622585049 exit_ns=2984678622585189 role_exit=0 stopped=1
t5     uni             2        160       0.1     113.6       0.6         0        0
io_tenure t5/0 busy_ns=147420 idle_ns=113608942 entry_ns=2984678508825817 begin_ns=2984678508825847 end_ns=2984678622582209 exit_ns=2984678622582349 role_exit=0 stopped=1
t6     uni             2        127       0.1     113.6       0.6         0        0
io_tenure t6/0 busy_ns=145450 idle_ns=113611232 entry_ns=2984678508826157 begin_ns=2984678508826187 end_ns=2984678622582869 exit_ns=2984678622582899 role_exit=0 stopped=1
t7     uni             3        132       0.2     113.6       0.6         1        2
io_tenure t7/0 busy_ns=159640 idle_ns=113595362 entry_ns=2984678508827047 begin_ns=2984678508827167 end_ns=2984678622582169 exit_ns=2984678622582299 role_exit=0 stopped=1
wb: retired=2060 direct=2048 sends=2060/2060 short=0 err=0 peer_aborts=0 bytes=77004 zc_sends=0 zc_bytes=0 zc_releases=0 serves=2061 empty=1
tls: accepts=0 handshakes=0/0 failed=0 freed=0 want_read=0 want_write=0 cipher_in=0 plain_in=0 cipher_out=0 plain_out=0 zc_suppressed=0 ktls_active=0 ktls_fallback=0
stuck: live_conns=0 rob_not_quiesced=0 unsent_bytes_pending=0 | slots done=0 issued=0 free=0 flag_set=0
shutdown: unified_work=4115 accepts=1 accept_err=0 rearm=0 sqe_starved=0 notify_drop=0
shutdown_report {"schema":1,"thread_mode":"1s","work":{"kind":"fused","unified":4115},"threads":[{"tid":0,"role":"fused","ops":2,"iterations":167,"busy_ns":154600,"idle_ns":113604982,"cpu_ns":813860,"wake_tx":0,"wake_rx":0,"io_tenures":[{"entry_ns":2984678508825797,"begin_ns":2984678508825827,"end_ns":2984678622585409,"exit_ns":2984678622585549,"busy_ns":154600,"idle_ns":113604982,"role_exit":false,"stopped":true,"did_submit":0,"sweep_submit":0,"park":0}]},{"tid":1,"role":"fused","ops":4100,"iterations":6246,"busy_ns":17630253,"idle_ns":96118099,"cpu_ns":24808010,"wake_tx":1,"wake_rx":2,"io_tenures":[{"entry_ns":2984678508831487,"begin_ns":2984678508831517,"end_ns":2984678622579869,"exit_ns":2984678622579999,"busy_ns":17630253,"idle_ns":96118099,"role_exit":false,"stopped":true,"did_submit":0,"sweep_submit":0,"park":0}]},{"tid":2,"role":"fused","ops":2,"iterations":179,"busy_ns":138300,"idle_ns":113615072,"cpu_ns":604950,"wake_tx":0,"wake_rx":0,"io_tenures":[{"entry_ns":2984678508839127,"begin_ns":2984678508839147,"end_ns":2984678622592519,"exit_ns":2984678622592579,"busy_ns":138300,"idle_ns":113615072,"role_exit":false,"stopped":true,"did_submit":0,"sweep_submit":0,"park":0}]},{"tid":3,"role":"fused","ops":2,"iterations":180,"busy_ns":147150,"idle_ns":113607612,"cpu_ns":705070,"wake_tx":0,"wake_rx":0,"io_tenures":[{"entry_ns":2984678508831697,"begin_ns":2984678508831727,"end_ns":2984678622586489,"exit_ns":2984678622586519,"busy_ns":147150,"idle_ns":113607612,"role_exit":false,"stopped":true,"did_submit":0,"sweep_submit":0,"park":0}]},{"tid":4,"role":"fused","ops":2,"iterations":149,"busy_ns":148160,"idle_ns":113609732,"cpu_ns":640180,"wake_tx":0,"wake_rx":0,"io_tenures":[{"entry_ns":2984678508827137,"begin_ns":2984678508827157,"end_ns":2984678622585049,"exit_ns":2984678622585189,"busy_ns":148160,"idle_ns":113609732,"role_exit":false,"stopped":true,"did_submit":0,"sweep_submit":0,"park":0}]},{"tid":5,"role":"fused","ops":2,"iterations":160,"busy_ns":147420,"idle_ns":113608942,"cpu_ns":643530,"wake_tx":0,"wake_rx":0,"io_tenures":[{"entry_ns":2984678508825817,"begin_ns":2984678508825847,"end_ns":2984678622582209,"exit_ns":2984678622582349,"busy_ns":147420,"idle_ns":113608942,"role_exit":false,"stopped":true,"did_submit":0,"sweep_submit":0,"park":0}]},{"tid":6,"role":"fused","ops":2,"iterations":127,"busy_ns":145450,"idle_ns":113611232,"cpu_ns":601270,"wake_tx":0,"wake_rx":0,"io_tenures":[{"entry_ns":2984678508826157,"begin_ns":2984678508826187,"end_ns":2984678622582869,"exit_ns":2984678622582899,"busy_ns":145450,"idle_ns":113611232,"role_exit":false,"stopped":true,"did_submit":0,"sweep_submit":0,"park":0}]},{"tid":7,"role":"fused","ops":3,"iterations":132,"busy_ns":159640,"idle_ns":113595362,"cpu_ns":618260,"wake_tx":1,"wake_rx":2,"io_tenures":[{"entry_ns":2984678508827047,"begin_ns":2984678508827167,"end_ns":2984678622582169,"exit_ns":2984678622582299,"busy_ns":159640,"idle_ns":113595362,"role_exit":false,"stopped":true,"did_submit":0,"sweep_submit":0,"park":0}]}],"wb":{"retired":2060,"direct":2048,"sends_completed":2060,"sends_submitted":2060,"short_writes":0,"send_errors":0,"peer_aborts":0,"bytes_sent":77004,"zc_sends":0,"zc_bytes":0,"zc_releases":0,"serves":2061,"serves_empty":1},"tls":{"accepts":0,"handshakes_completed":0,"handshakes_started":0,"handshakes_failed":0,"connections_freed":0,"want_read":0,"want_write":0,"ciphertext_input_bytes":0,"plaintext_input_bytes":0,"ciphertext_output_bytes":0,"plaintext_output_bytes":0,"zc_suppressed":0,"ktls_active":0,"ktls_fallback":0},"stuck":{"live_conns":0,"rob_not_quiesced":0,"unsent_bytes_pending":0,"slots_done":0,"slots_issued":0,"slots_free":0,"flag_set":0},"epoll":{"enabled":false,"events":0,"recvs":0},"persistence":{"enabled":false,"recording":false,"failed":false,"drain_gave_up":false,"posted":0,"flushed":0,"durable":0,"refused":0,"pending_chunks":0,"records_written":0,"producers_with_pending":0,"producers_stopped":0,"producers_expected":0,"completions_pending":0},"accept":{"accepts":1,"accept_err":0,"rearm":0,"sqe_starved":0,"notify_drop":0}}
