GATE(iteration): 112 physical cores; 10 correctness slots = min(84/8 server, 28/2 load), 8 server threads at ratio 6:2 and 3 ports per slot; correctness load is modest protocol traffic (at least 2 physical cores per slot), server SMT reserved; isolated ABBA smoke: 32 server + 80 load physical cores, 80 load SMT threads (automatic available siblings), 0 explicit server SMT threads (52 surplus server cores move to ABBA load)
  artifacts: /home/user/Projects/cx-flakeaudit2/build/gate-run.btGwTY
PARTIAL jobs (including prerequisites): release asan production_units flipctl feature-split-0 feature-armed-0 feature-split-1 feature-armed-1 debug-0 debug-1 release_batteries acl_recheck notify flip atomic_floor tls fused-0 fused-1 asan_batteries
PARTIAL jobs (including prerequisites): release asan production_units flipctl feature-split-0 feature-armed-0 feature-split-1 feature-armed-1 debug-0 debug-1 release_batteries acl_recheck notify flip atomic_floor tls fused-0 fused-1 asan_batteries
  row budget: 900s; median=0.03s; correctness-plan-fallback; mechanism-floor=900s (cold cache state not distinguished); release build (+footprint locks)
  release build (+footprint locks)                     ok
  row budget: 900s; median=30.56s; correctness-plan-fallback; mechanism-floor=900s (cold cache state not distinguished); ASAN build
  ASAN build                                           ok
  row budget: 900s; median=128.89s; correctness-plan-fallback; flip controller: ramp gate, hold, surge + mix re-maneuvers
  flip controller: ramp gate, hold, surge + mix re-maneuvers ok
  row budget: 900s; median=2.45s; correctness-plan-fallback; s6 battery (atomic 0)
  s6 battery (atomic 0)                                ok
  row budget: 900s; median=-s; correctness-plan-fallback; multi_exec battery (atomic 0)
  multi_exec battery (atomic 0)                        ok
  row budget: 900s; median=1.51s; correctness-plan-fallback; blocking battery (atomic 0)
  blocking battery (atomic 0)                          ok
  row budget: 900s; median=0.48s; correctness-plan-fallback; blockmulti battery (atomic 0)
  blockmulti battery (atomic 0)                        ok
  row budget: 900s; median=0.51s; correctness-plan-fallback; stream battery (atomic 0)
  stream battery (atomic 0)                            ok
  row budget: 900s; median=0.03s; correctness-plan-fallback; streamgroups battery (atomic 0)
  streamgroups battery (atomic 0)                      ok
  row budget: 900s; median=0.88s; correctness-plan-fallback; pubsub battery (atomic 0)
  pubsub battery (atomic 0)                            ok
  row budget: 900s; median=0.03s; correctness-plan-fallback; lua_scripting battery (atomic 0)
  lua_scripting battery (atomic 0)                     ok
  row budget: 900s; median=0.04s; correctness-plan-fallback; scriptsurf battery (atomic 0)
  scriptsurf battery (atomic 0)                        ok
  row budget: 900s; median=15.59s; correctness-plan-fallback; limits battery (atomic 0)
  limits battery (atomic 0)                            ok
  row budget: 900s; median=0.03s; correctness-plan-fallback; resp3 battery (atomic 0)
  resp3 battery (atomic 0)                             ok
  row budget: 900s; median=0.03s; correctness-plan-fallback; bitfield battery (atomic 0)
  bitfield battery (atomic 0)                          ok
  row budget: 900s; median=0.06s; correctness-plan-fallback; dumprestore battery (atomic 0)
  dumprestore battery (atomic 0)                       ok
  row budget: 900s; median=0.05s; correctness-plan-fallback; zsetops battery (atomic 0)
  zsetops battery (atomic 0)                           ok
  row budget: 900s; median=0.02s; correctness-plan-fallback; geo battery (atomic 0)
  geo battery (atomic 0)                               ok
  row budget: 900s; median=1.11s; correctness-plan-fallback; climon battery (atomic 0)
  climon battery (atomic 0)                            ok
  row budget: 900s; median=3.32s; correctness-plan-fallback; climon2 battery (atomic 0)
  climon2 battery (atomic 0)                           ok
  row budget: 900s; median=13.27s; correctness-plan-fallback; tracking battery (atomic 0)
  tracking battery (atomic 0)                          ok
  row budget: 900s; median=3.04s; correctness-plan-fallback; hexpire battery (atomic 0)
  hexpire battery (atomic 0)                           ok
  row budget: 900s; median=2.55s; correctness-plan-fallback; servertail battery (atomic 0)
  servertail battery (atomic 0)                        ok
  row budget: 900s; median=0.15s; correctness-plan-fallback; lcs battery (atomic 0)
  lcs battery (atomic 0)                               ok
  row budget: 900s; median=2.77s; correctness-plan-fallback; concur battery (atomic 0)
  concur battery (atomic 0)                            ok
  row budget: 900s; median=0.74s; correctness-plan-fallback; edgeproto battery (atomic 0)
  edgeproto battery (atomic 0)                         ok
  row budget: 900s; median=0.34s; correctness-plan-fallback; edgeenc battery (atomic 0)
  edgeenc battery (atomic 0)                           ok
  row budget: 900s; median=3.78s; correctness-plan-fallback; edgetime battery (atomic 0)
  edgetime battery (atomic 0)                          ok
  row budget: 900s; median=0.02s; correctness-plan-fallback; arity battery (atomic 0)
  arity battery (atomic 0)                             ok
  row budget: 900s; median=0.03s; correctness-plan-fallback; contarity battery (atomic 0)
  contarity battery (atomic 0)                         ok
  row budget: 900s; median=0.03s; correctness-plan-fallback; cmdgap battery (atomic 0)
  cmdgap battery (atomic 0)                            ok
  row budget: 900s; median=0.03s; correctness-plan-fallback; aclsel battery (atomic 0)
  aclsel battery (atomic 0)                            ok
  row budget: 900s; median=48.8s; correctness-plan-fallback; expwide battery (atomic 0)
  expwide battery (atomic 0)                           ok
  row budget: 900s; median=0.15s; correctness-plan-fallback; infofix battery (atomic 0)
  infofix battery (atomic 0)                           ok
  row budget: 900s; median=2.93s; correctness-plan-fallback; pushtear battery (atomic 0)
  pushtear battery (atomic 0)                          ok
  row budget: 900s; median=0.03s; correctness-plan-fallback; netcmd battery (atomic 0)
  netcmd battery (atomic 0)                            ok
  row budget: 900s; median=0.02s; correctness-plan-fallback; feature shutdown invariants (atomic 0)
  feature shutdown invariants (atomic 0)               ok
  row budget: 900s; median=0.26s; correctness-plan-fallback; fused+armed boot line (atomic 0)
  fused+armed boot line (atomic 0)                     ok
  row budget: 900s; median=1.14s; correctness-plan-fallback; fused+armed s6 battery (atomic 0)
  fused+armed s6 battery (atomic 0)                    ok
  row budget: 900s; median=-s; correctness-plan-fallback; fused+armed multi_exec battery (atomic 0)
  fused+armed multi_exec battery (atomic 0)            ok
  row budget: 900s; median=1.4s; correctness-plan-fallback; fused+armed blocking battery (atomic 0)
  fused+armed blocking battery (atomic 0)              ok
  row budget: 900s; median=0.48s; correctness-plan-fallback; fused+armed blockmulti battery (atomic 0)
  fused+armed blockmulti battery (atomic 0)            ok
  row budget: 900s; median=0.5s; correctness-plan-fallback; fused+armed stream battery (atomic 0)
  fused+armed stream battery (atomic 0)                ok
  row budget: 900s; median=0.03s; correctness-plan-fallback; fused+armed streamgroups battery (atomic 0)
  fused+armed streamgroups battery (atomic 0)          ok
  row budget: 900s; median=0.89s; correctness-plan-fallback; fused+armed pubsub battery (atomic 0)
  fused+armed pubsub battery (atomic 0)                ok
  row budget: 900s; median=0.03s; correctness-plan-fallback; fused+armed lua_scripting battery (atomic 0)
  fused+armed lua_scripting battery (atomic 0)         ok
  row budget: 900s; median=0.05s; correctness-plan-fallback; fused+armed scriptsurf battery (atomic 0)
  fused+armed scriptsurf battery (atomic 0)            ok
  row budget: 900s; median=14.83s; correctness-plan-fallback; fused+armed limits battery (atomic 0)
  fused+armed limits battery (atomic 0)                ok
  row budget: 900s; median=0.03s; correctness-plan-fallback; fused+armed resp3 battery (atomic 0)
  fused+armed resp3 battery (atomic 0)                 ok
  row budget: 900s; median=0.03s; correctness-plan-fallback; fused+armed bitfield battery (atomic 0)
  fused+armed bitfield battery (atomic 0)              ok
  row budget: 900s; median=0.06s; correctness-plan-fallback; fused+armed dumprestore battery (atomic 0)
  fused+armed dumprestore battery (atomic 0)           ok
  row budget: 900s; median=0.05s; correctness-plan-fallback; fused+armed zsetops battery (atomic 0)
  fused+armed zsetops battery (atomic 0)               ok
  row budget: 900s; median=0.03s; correctness-plan-fallback; fused+armed geo battery (atomic 0)
  fused+armed geo battery (atomic 0)                   ok
  row budget: 900s; median=1.13s; correctness-plan-fallback; fused+armed climon battery (atomic 0)
  fused+armed climon battery (atomic 0)                ok
  row budget: 900s; median=3.32s; correctness-plan-fallback; fused+armed climon2 battery (atomic 0)
  fused+armed climon2 battery (atomic 0)               ok
  row budget: 900s; median=13.21s; correctness-plan-fallback; fused+armed tracking battery (atomic 0)
  fused+armed tracking battery (atomic 0)              ok
  row budget: 900s; median=3.04s; correctness-plan-fallback; fused+armed hexpire battery (atomic 0)
  fused+armed hexpire battery (atomic 0)               ok
  row budget: 900s; median=2.55s; correctness-plan-fallback; fused+armed servertail battery (atomic 0)
  fused+armed servertail battery (atomic 0)            ok
  row budget: 900s; median=0.16s; correctness-plan-fallback; fused+armed lcs battery (atomic 0)
  fused+armed lcs battery (atomic 0)                   ok
  row budget: 900s; median=2.77s; correctness-plan-fallback; fused+armed concur battery (atomic 0)
  fused+armed concur battery (atomic 0)                ok
  row budget: 900s; median=0.73s; correctness-plan-fallback; fused+armed edgeproto battery (atomic 0)
  fused+armed edgeproto battery (atomic 0)             ok
  row budget: 900s; median=0.37s; correctness-plan-fallback; fused+armed edgeenc battery (atomic 0)
  fused+armed edgeenc battery (atomic 0)               ok
  row budget: 900s; median=3.78s; correctness-plan-fallback; fused+armed edgetime battery (atomic 0)
  fused+armed edgetime battery (atomic 0)              ok
  row budget: 900s; median=0.03s; correctness-plan-fallback; fused+armed arity battery (atomic 0)
  fused+armed arity battery (atomic 0)                 ok
  row budget: 900s; median=0.03s; correctness-plan-fallback; fused+armed contarity battery (atomic 0)
  fused+armed contarity battery (atomic 0)             ok
  row budget: 900s; median=0.02s; correctness-plan-fallback; fused+armed cmdgap battery (atomic 0)
  fused+armed cmdgap battery (atomic 0)                ok
  row budget: 900s; median=0.02s; correctness-plan-fallback; fused+armed aclsel battery (atomic 0)
  fused+armed aclsel battery (atomic 0)                ok
  row budget: 900s; median=41.23s; correctness-plan-fallback; fused+armed expwide battery (atomic 0)
  fused+armed expwide battery (atomic 0)               ok
  row budget: 900s; median=0.15s; correctness-plan-fallback; fused+armed infofix battery (atomic 0)
  fused+armed infofix battery (atomic 0)               ok
  row budget: 900s; median=2.93s; correctness-plan-fallback; fused+armed pushtear battery (atomic 0)
  fused+armed pushtear battery (atomic 0)              ok
  row budget: 900s; median=0.03s; correctness-plan-fallback; fused+armed netcmd battery (atomic 0)
  fused+armed netcmd battery (atomic 0)                ok
  row budget: 900s; median=1.16s; correctness-plan-fallback; fused+armed shutdown report + lane fired (hits=N, atomic 0)
  fused+armed shutdown report + lane fired (hits=640529, atomic 0) ok
  row budget: 900s; median=2.44s; correctness-plan-fallback; s6 battery (atomic 1)
  s6 battery (atomic 1)                                ok
  row budget: 900s; median=-s; correctness-plan-fallback; multi_exec battery (atomic 1)
  multi_exec battery (atomic 1)                        ok
  row budget: 900s; median=1.52s; correctness-plan-fallback; blocking battery (atomic 1)
  blocking battery (atomic 1)                          ok
  row budget: 900s; median=0.48s; correctness-plan-fallback; blockmulti battery (atomic 1)
  blockmulti battery (atomic 1)                        ok
  row budget: 900s; median=0.5s; correctness-plan-fallback; stream battery (atomic 1)
  stream battery (atomic 1)                            ok
  row budget: 900s; median=0.04s; correctness-plan-fallback; streamgroups battery (atomic 1)
  streamgroups battery (atomic 1)                      ok
  row budget: 900s; median=0.89s; correctness-plan-fallback; pubsub battery (atomic 1)
  pubsub battery (atomic 1)                            ok
  row budget: 900s; median=0.03s; correctness-plan-fallback; lua_scripting battery (atomic 1)
  lua_scripting battery (atomic 1)                     ok
  row budget: 900s; median=0.04s; correctness-plan-fallback; scriptsurf battery (atomic 1)
  scriptsurf battery (atomic 1)                        ok
  row budget: 900s; median=15.08s; correctness-plan-fallback; limits battery (atomic 1)
  limits battery (atomic 1)                            ok
  row budget: 900s; median=0.03s; correctness-plan-fallback; resp3 battery (atomic 1)
  resp3 battery (atomic 1)                             ok
  row budget: 900s; median=0.03s; correctness-plan-fallback; bitfield battery (atomic 1)
  bitfield battery (atomic 1)                          ok
  row budget: 900s; median=0.05s; correctness-plan-fallback; dumprestore battery (atomic 1)
  dumprestore battery (atomic 1)                       ok
  row budget: 900s; median=0.05s; correctness-plan-fallback; zsetops battery (atomic 1)
  zsetops battery (atomic 1)                           ok
  row budget: 900s; median=0.02s; correctness-plan-fallback; geo battery (atomic 1)
  geo battery (atomic 1)                               ok
  row budget: 900s; median=1.12s; correctness-plan-fallback; climon battery (atomic 1)
  climon battery (atomic 1)                            ok
  row budget: 900s; median=3.32s; correctness-plan-fallback; climon2 battery (atomic 1)
  climon2 battery (atomic 1)                           ok
  row budget: 900s; median=13.27s; correctness-plan-fallback; tracking battery (atomic 1)
  tracking battery (atomic 1)                          ok
  row budget: 900s; median=3.3s; correctness-plan-fallback; hexpire battery (atomic 1)
  hexpire battery (atomic 1)                           ok
  row budget: 900s; median=2.55s; correctness-plan-fallback; servertail battery (atomic 1)
  servertail battery (atomic 1)                        ok
  row budget: 900s; median=0.15s; correctness-plan-fallback; lcs battery (atomic 1)
  lcs battery (atomic 1)                               ok
  row budget: 900s; median=2.79s; correctness-plan-fallback; concur battery (atomic 1)
  concur battery (atomic 1)                            ok
  row budget: 900s; median=0.57s; correctness-plan-fallback; edgeproto battery (atomic 1)
  edgeproto battery (atomic 1)                         ok
  row budget: 900s; median=0.34s; correctness-plan-fallback; edgeenc battery (atomic 1)
  edgeenc battery (atomic 1)                           ok
  row budget: 900s; median=3.59s; correctness-plan-fallback; edgetime battery (atomic 1)
  edgetime battery (atomic 1)                          ok
  row budget: 900s; median=0.03s; correctness-plan-fallback; arity battery (atomic 1)
  arity battery (atomic 1)                             ok
  row budget: 900s; median=0.02s; correctness-plan-fallback; contarity battery (atomic 1)
  contarity battery (atomic 1)                         ok
  row budget: 900s; median=0.03s; correctness-plan-fallback; cmdgap battery (atomic 1)
  cmdgap battery (atomic 1)                            ok
  row budget: 900s; median=0.02s; correctness-plan-fallback; aclsel battery (atomic 1)
  aclsel battery (atomic 1)                            ok
  row budget: 900s; median=48.07s; correctness-plan-fallback; expwide battery (atomic 1)
  expwide battery (atomic 1)                           ok
  row budget: 900s; median=0.15s; correctness-plan-fallback; infofix battery (atomic 1)
  infofix battery (atomic 1)                           ok
  row budget: 900s; median=2.93s; correctness-plan-fallback; pushtear battery (atomic 1)
  pushtear battery (atomic 1)                          ok
  row budget: 900s; median=0.03s; correctness-plan-fallback; netcmd battery (atomic 1)
  netcmd battery (atomic 1)                            ok
  row budget: 900s; median=0.02s; correctness-plan-fallback; feature shutdown invariants (atomic 1)
  feature shutdown invariants (atomic 1)               ok
  row budget: 900s; median=0.26s; correctness-plan-fallback; fused+armed boot line (atomic 1)
  fused+armed boot line (atomic 1)                     ok
  row budget: 900s; median=1.13s; correctness-plan-fallback; fused+armed s6 battery (atomic 1)
  fused+armed s6 battery (atomic 1)                    ok
  row budget: 900s; median=-s; correctness-plan-fallback; fused+armed multi_exec battery (atomic 1)
  fused+armed multi_exec battery (atomic 1)            ok
  row budget: 900s; median=1.42s; correctness-plan-fallback; fused+armed blocking battery (atomic 1)
  fused+armed blocking battery (atomic 1)              ok
  row budget: 900s; median=0.48s; correctness-plan-fallback; fused+armed blockmulti battery (atomic 1)
  fused+armed blockmulti battery (atomic 1)            ok
  row budget: 900s; median=0.54s; correctness-plan-fallback; fused+armed stream battery (atomic 1)
  fused+armed stream battery (atomic 1)                ok
  row budget: 900s; median=0.03s; correctness-plan-fallback; fused+armed streamgroups battery (atomic 1)
  fused+armed streamgroups battery (atomic 1)          ok
  row budget: 900s; median=0.89s; correctness-plan-fallback; fused+armed pubsub battery (atomic 1)
  fused+armed pubsub battery (atomic 1)                ok
  row budget: 900s; median=0.02s; correctness-plan-fallback; fused+armed lua_scripting battery (atomic 1)
  fused+armed lua_scripting battery (atomic 1)         ok
  row budget: 900s; median=0.04s; correctness-plan-fallback; fused+armed scriptsurf battery (atomic 1)
  fused+armed scriptsurf battery (atomic 1)            ok
  row budget: 900s; median=14.64s; correctness-plan-fallback; fused+armed limits battery (atomic 1)
  fused+armed limits battery (atomic 1)                ok
  row budget: 900s; median=0.03s; correctness-plan-fallback; fused+armed resp3 battery (atomic 1)
  fused+armed resp3 battery (atomic 1)                 ok
  row budget: 900s; median=0.03s; correctness-plan-fallback; fused+armed bitfield battery (atomic 1)
  fused+armed bitfield battery (atomic 1)              ok
  row budget: 900s; median=0.06s; correctness-plan-fallback; fused+armed dumprestore battery (atomic 1)
  fused+armed dumprestore battery (atomic 1)           ok
  row budget: 900s; median=0.05s; correctness-plan-fallback; fused+armed zsetops battery (atomic 1)
  fused+armed zsetops battery (atomic 1)               ok
  row budget: 900s; median=0.02s; correctness-plan-fallback; fused+armed geo battery (atomic 1)
  fused+armed geo battery (atomic 1)                   ok
  row budget: 900s; median=1.12s; correctness-plan-fallback; fused+armed climon battery (atomic 1)
  fused+armed climon battery (atomic 1)                ok
  row budget: 900s; median=3.33s; correctness-plan-fallback; fused+armed climon2 battery (atomic 1)
  fused+armed climon2 battery (atomic 1)               ok
  row budget: 900s; median=13.26s; correctness-plan-fallback; fused+armed tracking battery (atomic 1)
  fused+armed tracking battery (atomic 1)              ok
  row budget: 900s; median=3.05s; correctness-plan-fallback; fused+armed hexpire battery (atomic 1)
  fused+armed hexpire battery (atomic 1)               ok
  row budget: 900s; median=2.55s; correctness-plan-fallback; fused+armed servertail battery (atomic 1)
  fused+armed servertail battery (atomic 1)            ok
  row budget: 900s; median=0.16s; correctness-plan-fallback; fused+armed lcs battery (atomic 1)
  fused+armed lcs battery (atomic 1)                   ok
  row budget: 900s; median=2.78s; correctness-plan-fallback; fused+armed concur battery (atomic 1)
  fused+armed concur battery (atomic 1)                ok
  row budget: 900s; median=0.74s; correctness-plan-fallback; fused+armed edgeproto battery (atomic 1)
  fused+armed edgeproto battery (atomic 1)             ok
  row budget: 900s; median=0.37s; correctness-plan-fallback; fused+armed edgeenc battery (atomic 1)
  fused+armed edgeenc battery (atomic 1)               ok
  row budget: 900s; median=3.77s; correctness-plan-fallback; fused+armed edgetime battery (atomic 1)
  fused+armed edgetime battery (atomic 1)              ok
  row budget: 900s; median=0.03s; correctness-plan-fallback; fused+armed arity battery (atomic 1)
  fused+armed arity battery (atomic 1)                 ok
  row budget: 900s; median=0.02s; correctness-plan-fallback; fused+armed contarity battery (atomic 1)
  fused+armed contarity battery (atomic 1)             ok
  row budget: 900s; median=0.02s; correctness-plan-fallback; fused+armed cmdgap battery (atomic 1)
  fused+armed cmdgap battery (atomic 1)                ok
  row budget: 900s; median=0.03s; correctness-plan-fallback; fused+armed aclsel battery (atomic 1)
  fused+armed aclsel battery (atomic 1)                ok
  row budget: 900s; median=44.79s; correctness-plan-fallback; fused+armed expwide battery (atomic 1)
  fused+armed expwide battery (atomic 1)               ok
  row budget: 900s; median=0.14s; correctness-plan-fallback; fused+armed infofix battery (atomic 1)
  fused+armed infofix battery (atomic 1)               ok
  row budget: 900s; median=2.93s; correctness-plan-fallback; fused+armed pushtear battery (atomic 1)
  fused+armed pushtear battery (atomic 1)              ok
  row budget: 900s; median=0.03s; correctness-plan-fallback; fused+armed netcmd battery (atomic 1)
  fused+armed netcmd battery (atomic 1)                ok
  row budget: 900s; median=1.17s; correctness-plan-fallback; fused+armed shutdown report + lane fired (hits=N, atomic 1)
  fused+armed shutdown report + lane fired (hits=474335, atomic 1) ok
  row budget: 900s; median=9.16s; correctness-plan-fallback; plain-write lost updates (atomic 0)
  plain-write lost updates (atomic 0)                  ok
  row budget: 900s; median=0.17s; correctness-plan-fallback; lbsignals battery (atomic 0)
  lbsignals battery (atomic 0)                         ok
  row budget: 900s; median=1.49s; correctness-plan-fallback; slowlog battery (atomic 0)
  slowlog battery (atomic 0)                           ok
  row budget: 900s; median=0.04s; correctness-plan-fallback; atomfix battery (atomic 0)
  atomfix battery (atomic 0)                           ok
  row budget: 900s; median=0.04s; correctness-plan-fallback; scriptatomic battery (atomic 0)
  scriptatomic battery (atomic 0)                      ok
  row budget: 900s; median=14.46s; correctness-plan-fallback; execatomic battery (atomic 0)
  execatomic battery (atomic 0)                        ok
  row budget: 900s; median=11.85s; correctness-plan-fallback; execiso battery (atomic 0)
  execiso battery (atomic 0)                           ok
  row budget: 900s; median=0.43s; correctness-plan-fallback; execfix battery (atomic 0)
  execfix battery (atomic 0)                           ok
  row budget: 900s; median=0.1s; correctness-plan-fallback; multires battery (atomic 0)
  multires battery (atomic 0)                          ok
  row budget: 900s; median=0.63s; correctness-plan-fallback; multirace battery (atomic 0)
  multirace battery (atomic 0)                         ok
  row budget: 900s; median=30.48s; correctness-plan-fallback; session_monotonic battery (atomic 0)
  session_monotonic battery (atomic 0)                 ok
  row budget: 900s; median=0.3s; correctness-plan-fallback; xacct battery (atomic 0)
  xacct battery (atomic 0)                             ok
  row budget: 900s; median=0.44s; correctness-plan-fallback; xmove battery (atomic 0)
  xmove battery (atomic 0)                             ok
  row budget: 900s; median=1.87s; correctness-plan-fallback; xscript battery (atomic 0)
  xscript battery (atomic 0)                           ok
  row budget: 900s; median=6.16s; correctness-plan-fallback; plain-write lost updates (atomic 1)
  plain-write lost updates (atomic 1)                  ok
  row budget: 900s; median=0.16s; correctness-plan-fallback; lbsignals battery (atomic 1)
  lbsignals battery (atomic 1)                         ok
  row budget: 900s; median=1.49s; correctness-plan-fallback; slowlog battery (atomic 1)
  slowlog battery (atomic 1)                           ok
  row budget: 900s; median=0.04s; correctness-plan-fallback; atomfix battery (atomic 1)
  atomfix battery (atomic 1)                           ok
  row budget: 900s; median=0.04s; correctness-plan-fallback; scriptatomic battery (atomic 1)
  scriptatomic battery (atomic 1)                      ok
  row budget: 900s; median=14.46s; correctness-plan-fallback; execatomic battery (atomic 1)
  execatomic battery (atomic 1)                        ok
  row budget: 900s; median=11.86s; correctness-plan-fallback; execiso battery (atomic 1)
  execiso battery (atomic 1)                           ok
  row budget: 900s; median=0.43s; correctness-plan-fallback; execfix battery (atomic 1)
  execfix battery (atomic 1)                           ok
  row budget: 900s; median=0.1s; correctness-plan-fallback; multires battery (atomic 1)
  multires battery (atomic 1)                          ok
  row budget: 900s; median=0.64s; correctness-plan-fallback; multirace battery (atomic 1)
  multirace battery (atomic 1)                         ok
  row budget: 900s; median=30.48s; correctness-plan-fallback; session_monotonic battery (atomic 1)
  session_monotonic battery (atomic 1)                 ok
  row budget: 900s; median=0.31s; correctness-plan-fallback; xacct battery (atomic 1)
  xacct battery (atomic 1)                             ok
  row budget: 900s; median=0.26s; correctness-plan-fallback; xmove battery (atomic 1)
  xmove battery (atomic 1)                             ok
  row budget: 900s; median=1.86s; correctness-plan-fallback; xscript battery (atomic 1)
  xscript battery (atomic 1)                           ok
  row budget: 900s; median=6.65s; correctness-plan-fallback; torture battery
  torture battery                                      ok
  row budget: 900s; median=0.97s; correctness-plan-fallback; RYOW battery
  RYOW battery                                         ok
  row budget: 900s; median=0.03s; correctness-plan-fallback; ACL category runtime table
  ACL category runtime table                           ok
  row budget: 900s; median=0.03s; correctness-plan-fallback; ACL LOAD/SAVE no-file errors
  ACL LOAD/SAVE no-file errors                         ok
  row budget: 900s; median=1.03s; correctness-plan-fallback; idle loop ceiling (LBSIGNALS, 1s)
  idle loop ceiling (LBSIGNALS, 1s)                    ok
  row budget: 900s; median=0.05s; correctness-plan-fallback; shutdown invariants (nothing stuck)
LBSIGNALS IO tenure conservation: {'tenures': 6, 'fired': {'did_submit': 0, 'sweep_submit': 0, 'park': 0, 'role_exit': 0}, 'mixed': False}
  shutdown invariants (nothing stuck)                  ok
  row budget: 900s; median=0.02s; correctness-plan-fallback; direct-reply fired (direct=N)
  direct-reply fired (direct=11780)                    ok
  row budget: 900s; median=0.04s; correctness-plan-fallback; dispatched==executed (N)
  dispatched==executed (55212)                         ok
  row budget: 900s; median=6.11s; correctness-plan-fallback; ACL recheck one-reply battery (2s)
  ACL recheck one-reply battery (2s)                   ok
  row budget: 900s; median=6.03s; correctness-plan-fallback; ACL recheck one-reply battery (1s)
  ACL recheck one-reply battery (1s)                   ok
  row budget: 900s; median=-s; correctness-plan-fallback; MULTI feature battery
  MULTI feature battery                                ok
  row budget: 900s; median=1.52s; correctness-plan-fallback; blocking feature battery
  blocking feature battery                             ok
  row budget: 900s; median=0.88s; correctness-plan-fallback; pubsub feature battery
  pubsub feature battery                               ok
  row budget: 900s; median=0.02s; correctness-plan-fallback; Lua feature battery
  Lua feature battery                                  ok
  row budget: 900s; median=22.75s; correctness-plan-fallback; keyspace notification battery (atomic 0/1)
  keyspace notification battery (atomic 0/1)           ok
  row budget: 900s; median=0.02s; correctness-plan-fallback; feature battery shutdown invariants
  feature battery shutdown invariants                  ok
  row budget: 900s; median=0.14s; correctness-plan-fallback; FLIP state battery
  FLIP state battery                                   ok
  row budget: 900s; median=1.03s; correctness-plan-fallback; FLIP under verified load
  FLIP under verified load                             ok
  row budget: 900s; median=1.46s; correctness-plan-fallback; FLIP TTL + expiry events
  FLIP TTL + expiry events                             ok
  row budget: 900s; median=2.23s; correctness-plan-fallback; partial-frame conn parks (no io spin)
  partial-frame conn parks (no io spin)                ok
  row budget: 900s; median=14.01s; correctness-plan-fallback; atomic MGET/MSET floor (N/s >= 120k)
  atomic MGET/MSET floor (550793/s >= 120k)            ok
  row budget: 900s; median=0.01s; correctness-plan-fallback; tripwire arm/disarm round-trip
  tripwire arm/disarm round-trip                       ok
  row budget: 900s; median=0.05s; correctness-plan-fallback; pipelined same-conn program order (400 rolls)
  pipelined same-conn program order (400 rolls)        ok
  row budget: 900s; median=1.26s; correctness-plan-fallback; TLS ephemeral CA/server/client certificates
  TLS ephemeral CA/server/client certificates          ok
  row budget: 900s; median=0.05s; correctness-plan-fallback; NET2 serverless RX policy and KeyUpdate controls
  NET2 serverless RX policy and KeyUpdate controls     ok
  row budget: 900s; median=0.01s; correctness-plan-fallback; reject TLS listener without certificate
  reject TLS listener without certificate              ok
  row budget: 900s; median=0.01s; correctness-plan-fallback; reject invalid tls-protocols
  reject invalid tls-protocols                         ok
  row budget: 900s; median=0s; correctness-plan-fallback; reject invalid tls-ciphers
  reject invalid tls-ciphers                           ok
  row budget: 900s; median=0.05s; correctness-plan-fallback; TLS client-auth yes matrix
  TLS client-auth yes matrix                           ok
  row budget: 900s; median=0.02s; correctness-plan-fallback; TLS yes shutdown invariants
  TLS yes shutdown invariants                          ok
  row budget: 900s; median=0.06s; correctness-plan-fallback; TLS client-auth optional matrix
  TLS client-auth optional matrix                      ok
  row budget: 900s; median=0.03s; correctness-plan-fallback; kTLS TLS 1.2 engaged live (default boot)
  kTLS TLS 1.2 engaged live (default boot)             ok
  row budget: 900s; median=0.18s; correctness-plan-fallback; TLS 1.3 KeyUpdate survives (NET2)
  TLS 1.3 KeyUpdate survives (NET2)                    ok
  row budget: 900s; median=0.18s; correctness-plan-fallback; TLS 1.3 userspace KeyUpdate survives (NET2)
  TLS 1.3 userspace KeyUpdate survives (NET2)          ok
  row budget: 900s; median=0.02s; correctness-plan-fallback; TLS optional shutdown invariants
  TLS optional shutdown invariants                     ok
  row budget: 900s; median=14.98s; correctness-plan-fallback; TLS pipeline/torn-record/coexistence battery
  TLS pipeline/torn-record/coexistence battery         ok
  row budget: 900s; median=0.02s; correctness-plan-fallback; TLS shutdown invariants
  TLS shutdown invariants                              ok
  row budget: 900s; median=0.02s; correctness-plan-fallback; TLS application send path error-free
  TLS application send path error-free                 ok
  row budget: 900s; median=0.06s; correctness-plan-fallback; TLS connection slots all freed (N/N)
  TLS connection slots all freed (33/33)               ok
  row budget: 900s; median=0s; correctness-plan-fallback; TLS zc borrow gates fired (suppressed=N)
  TLS zc borrow gates fired (suppressed=21)            ok
  row budget: 900s; median=0.25s; correctness-plan-fallback; fused boot line (atomic 0)
  fused boot line (atomic 0)                           ok
  row budget: 900s; median=1.15s; correctness-plan-fallback; fused s6 battery (atomic 0)
  fused s6 battery (atomic 0)                          ok
  row budget: 900s; median=-s; correctness-plan-fallback; fused multi_exec battery (atomic 0)
  fused multi_exec battery (atomic 0)                  ok
  row budget: 900s; median=0.73s; correctness-plan-fallback; fused edgeproto battery (atomic 0)
  fused edgeproto battery (atomic 0)                   ok
  row budget: 900s; median=0.05s; correctness-plan-fallback; fused atomfix battery (atomic 0)
  fused atomfix battery (atomic 0)                     ok
  row budget: 900s; median=2.23s; correctness-plan-fallback; fused spinprobe battery (atomic 0)
  fused spinprobe battery (atomic 0)                   ok
  row budget: 900s; median=1.16s; correctness-plan-fallback; fused shutdown report (atomic 0)
  fused shutdown report (atomic 0)                     ok
  row budget: 900s; median=0.26s; correctness-plan-fallback; fused boot line (atomic 1)
  fused boot line (atomic 1)                           ok
  row budget: 900s; median=1.14s; correctness-plan-fallback; fused s6 battery (atomic 1)
  fused s6 battery (atomic 1)                          ok
  row budget: 900s; median=-s; correctness-plan-fallback; fused multi_exec battery (atomic 1)
  fused multi_exec battery (atomic 1)                  ok
  row budget: 900s; median=0.73s; correctness-plan-fallback; fused edgeproto battery (atomic 1)
  fused edgeproto battery (atomic 1)                   ok
  row budget: 900s; median=0.05s; correctness-plan-fallback; fused atomfix battery (atomic 1)
  fused atomfix battery (atomic 1)                     ok
  row budget: 900s; median=2.23s; correctness-plan-fallback; fused spinprobe battery (atomic 1)
  fused spinprobe battery (atomic 1)                   ok
  row budget: 900s; median=1.16s; correctness-plan-fallback; fused shutdown report (atomic 1)
  fused shutdown report (atomic 1)                     ok
  row budget: 900s; median=6.95s; correctness-plan-fallback; torture under ASAN
  torture under ASAN                                   ok
  row budget: 900s; median=0.99s; correctness-plan-fallback; RYOW under ASAN
  RYOW under ASAN                                      ok
  row budget: 900s; median=25.05s; correctness-plan-fallback; atomic torn/window under ASAN
  atomic torn/window under ASAN                        ok
  row budget: 900s; median=4.07s; correctness-plan-fallback; atomic RYOW under ASAN
  atomic RYOW under ASAN                               ok
  row budget: 900s; median=0.02s; correctness-plan-fallback; ASAN clean
  ASAN clean                                           ok
GATE(PARTIAL): 228 ok, 0 FAIL; no EXPECT tally, ABBA, NIC or receipt; ledger: /home/user/Projects/cx-flakeaudit2/docs/flakeaudit2/evidence/mainline2-20261008T042648Z/selected-run1-ledger.partial
