topology: 1 L3 domain(s)
  domain  0: 8 cpus [112,113,114,115,116,117,118,119]
tomokv-cpp: 8 unified threads, 16 shard(s), thread-mode=1s, overlap=0 (executor prefetch; ordinary IO), io_uring, alloc=jemalloc, reorder=0, read-local=1
  thread t0: role=unified cpu=112 L3=0 shards=2 send=self
  thread t1: role=unified cpu=113 L3=0 shards=2 send=self
  thread t2: role=unified cpu=114 L3=0 shards=2 send=self
  thread t3: role=unified cpu=115 L3=0 shards=2 send=self
  thread t4: role=unified cpu=116 L3=0 shards=2 send=self
  thread t5: role=unified cpu=117 L3=0 shards=2 send=self
  thread t6: role=unified cpu=118 L3=0 shards=2 send=self
  thread t7: role=unified cpu=119 L3=0 shards=2 send=self
listening on 127.0.0.1:18179
persistence: enabled=0 posted=0 flushed=0 durable=0 refused=0 pending_chunks=0 producers_with_pending=0 drain_gave_up=0 failed=0

thread role          ops      iters   busy_ms   idle_ms    cpu_ms   wake_tx  wake_rx
t0     uni             0          3       0.0     115.0       0.6         0        0
io_tenure t0/0 busy_ns=48980 idle_ns=115026834 entry_ns=2982834516680814 begin_ns=2982834516680844 end_ns=2982834631756658 exit_ns=2982834631756788 role_exit=0 stopped=1
t1     uni             0          3       0.0     115.0       0.6         0        0
io_tenure t1/0 busy_ns=49150 idle_ns=115022794 entry_ns=2982834516684644 begin_ns=2982834516684664 end_ns=2982834631756608 exit_ns=2982834631756738 role_exit=0 stopped=1
t2     uni             0          3       0.0     115.0       0.5         0        0
io_tenure t2/0 busy_ns=42450 idle_ns=115025864 entry_ns=2982834516687384 begin_ns=2982834516687414 end_ns=2982834631755728 exit_ns=2982834631755858 role_exit=0 stopped=1
t3     uni             0          3       0.0     115.0       0.4         0        0
io_tenure t3/0 busy_ns=48950 idle_ns=115022684 entry_ns=2982834516685114 begin_ns=2982834516685144 end_ns=2982834631756778 exit_ns=2982834631756908 role_exit=0 stopped=1
t4     uni             0          3       0.0     115.0       0.5         0        0
io_tenure t4/0 busy_ns=41350 idle_ns=115021244 entry_ns=2982834516689584 begin_ns=2982834516689714 end_ns=2982834631752308 exit_ns=2982834631752438 role_exit=0 stopped=1
t5     uni          4097       6185      17.3      97.8      24.8         1        2
io_tenure t5/0 busy_ns=17315926 idle_ns=97753888 entry_ns=2982834516684004 begin_ns=2982834516684034 end_ns=2982834631753848 exit_ns=2982834631753978 role_exit=0 stopped=1
t6     uni             0          3       0.0     115.0       0.5         0        0
io_tenure t6/0 busy_ns=37260 idle_ns=115022894 entry_ns=2982834516693364 begin_ns=2982834516693384 end_ns=2982834631753538 exit_ns=2982834631753758 role_exit=0 stopped=1
t7     uni             1          5       0.1     115.0       0.6         1        2
io_tenure t7/0 busy_ns=60311 idle_ns=115006913 entry_ns=2982834516698394 begin_ns=2982834516698514 end_ns=2982834631765738 exit_ns=2982834631765768 role_exit=0 stopped=1
wb: retired=2059 direct=2048 sends=2059/2059 short=0 err=0 peer_aborts=0 bytes=76839 zc_sends=0 zc_bytes=0 zc_releases=0 serves=2059 empty=0
tls: accepts=0 handshakes=0/0 failed=0 freed=0 want_read=0 want_write=0 cipher_in=0 plain_in=0 cipher_out=0 plain_out=0 zc_suppressed=0 ktls_active=0 ktls_fallback=0
stuck: live_conns=0 rob_not_quiesced=0 unsent_bytes_pending=0 | slots done=0 issued=0 free=0 flag_set=0
shutdown: unified_work=4098 accepts=1 accept_err=0 rearm=0 sqe_starved=0 notify_drop=0
shutdown_report {"schema":1,"thread_mode":"1s","work":{"kind":"fused","unified":4098},"threads":[{"tid":0,"role":"fused","ops":0,"iterations":3,"busy_ns":48980,"idle_ns":115026834,"cpu_ns":645980,"wake_tx":0,"wake_rx":0,"io_tenures":[{"entry_ns":2982834516680814,"begin_ns":2982834516680844,"end_ns":2982834631756658,"exit_ns":2982834631756788,"busy_ns":48980,"idle_ns":115026834,"role_exit":false,"stopped":true,"did_submit":0,"sweep_submit":0,"park":0}]},{"tid":1,"role":"fused","ops":0,"iterations":3,"busy_ns":49150,"idle_ns":115022794,"cpu_ns":551560,"wake_tx":0,"wake_rx":0,"io_tenures":[{"entry_ns":2982834516684644,"begin_ns":2982834516684664,"end_ns":2982834631756608,"exit_ns":2982834631756738,"busy_ns":49150,"idle_ns":115022794,"role_exit":false,"stopped":true,"did_submit":0,"sweep_submit":0,"park":0}]},{"tid":2,"role":"fused","ops":0,"iterations":3,"busy_ns":42450,"idle_ns":115025864,"cpu_ns":499680,"wake_tx":0,"wake_rx":0,"io_tenures":[{"entry_ns":2982834516687384,"begin_ns":2982834516687414,"end_ns":2982834631755728,"exit_ns":2982834631755858,"busy_ns":42450,"idle_ns":115025864,"role_exit":false,"stopped":true,"did_submit":0,"sweep_submit":0,"park":0}]},{"tid":3,"role":"fused","ops":0,"iterations":3,"busy_ns":48950,"idle_ns":115022684,"cpu_ns":433900,"wake_tx":0,"wake_rx":0,"io_tenures":[{"entry_ns":2982834516685114,"begin_ns":2982834516685144,"end_ns":2982834631756778,"exit_ns":2982834631756908,"busy_ns":48950,"idle_ns":115022684,"role_exit":false,"stopped":true,"did_submit":0,"sweep_submit":0,"park":0}]},{"tid":4,"role":"fused","ops":0,"iterations":3,"busy_ns":41350,"idle_ns":115021244,"cpu_ns":497740,"wake_tx":0,"wake_rx":0,"io_tenures":[{"entry_ns":2982834516689584,"begin_ns":2982834516689714,"end_ns":2982834631752308,"exit_ns":2982834631752438,"busy_ns":41350,"idle_ns":115021244,"role_exit":false,"stopped":true,"did_submit":0,"sweep_submit":0,"park":0}]},{"tid":5,"role":"fused","ops":4097,"iterations":6185,"busy_ns":17315926,"idle_ns":97753888,"cpu_ns":24777270,"wake_tx":1,"wake_rx":2,"io_tenures":[{"entry_ns":2982834516684004,"begin_ns":2982834516684034,"end_ns":2982834631753848,"exit_ns":2982834631753978,"busy_ns":17315926,"idle_ns":97753888,"role_exit":false,"stopped":true,"did_submit":0,"sweep_submit":0,"park":0}]},{"tid":6,"role":"fused","ops":0,"iterations":3,"busy_ns":37260,"idle_ns":115022894,"cpu_ns":518320,"wake_tx":0,"wake_rx":0,"io_tenures":[{"entry_ns":2982834516693364,"begin_ns":2982834516693384,"end_ns":2982834631753538,"exit_ns":2982834631753758,"busy_ns":37260,"idle_ns":115022894,"role_exit":false,"stopped":true,"did_submit":0,"sweep_submit":0,"park":0}]},{"tid":7,"role":"fused","ops":1,"iterations":5,"busy_ns":60311,"idle_ns":115006913,"cpu_ns":554410,"wake_tx":1,"wake_rx":2,"io_tenures":[{"entry_ns":2982834516698394,"begin_ns":2982834516698514,"end_ns":2982834631765738,"exit_ns":2982834631765768,"busy_ns":60311,"idle_ns":115006913,"role_exit":false,"stopped":true,"did_submit":0,"sweep_submit":0,"park":0}]}],"wb":{"retired":2059,"direct":2048,"sends_completed":2059,"sends_submitted":2059,"short_writes":0,"send_errors":0,"peer_aborts":0,"bytes_sent":76839,"zc_sends":0,"zc_bytes":0,"zc_releases":0,"serves":2059,"serves_empty":0},"tls":{"accepts":0,"handshakes_completed":0,"handshakes_started":0,"handshakes_failed":0,"connections_freed":0,"want_read":0,"want_write":0,"ciphertext_input_bytes":0,"plaintext_input_bytes":0,"ciphertext_output_bytes":0,"plaintext_output_bytes":0,"zc_suppressed":0,"ktls_active":0,"ktls_fallback":0},"stuck":{"live_conns":0,"rob_not_quiesced":0,"unsent_bytes_pending":0,"slots_done":0,"slots_issued":0,"slots_free":0,"flag_set":0},"epoll":{"enabled":false,"events":0,"recvs":0},"persistence":{"enabled":false,"recording":false,"failed":false,"drain_gave_up":false,"posted":0,"flushed":0,"durable":0,"refused":0,"pending_chunks":0,"records_written":0,"producers_with_pending":0,"producers_stopped":0,"producers_expected":0,"completions_pending":0},"accept":{"accepts":1,"accept_err":0,"rearm":0,"sqe_starved":0,"notify_drop":0}}
