topology: 1 L3 domain(s)
  domain  0: 8 cpus [112,113,114,115,116,117,118,119]
tomokv-cpp: 8 unified threads, 64 shard(s), thread-mode=1s, overlap=0 (executor prefetch; ordinary IO), io_uring, alloc=jemalloc, reorder=0, read-local=1
  thread t0: role=unified cpu=112 L3=0 shards=8 send=self
  thread t1: role=unified cpu=113 L3=0 shards=8 send=self
  thread t2: role=unified cpu=114 L3=0 shards=8 send=self
  thread t3: role=unified cpu=115 L3=0 shards=8 send=self
  thread t4: role=unified cpu=116 L3=0 shards=8 send=self
  thread t5: role=unified cpu=117 L3=0 shards=8 send=self
  thread t6: role=unified cpu=118 L3=0 shards=8 send=self
  thread t7: role=unified cpu=119 L3=0 shards=8 send=self
listening on 127.0.0.1:18320
persistence: enabled=0 posted=0 flushed=0 durable=0 refused=0 pending_chunks=0 producers_with_pending=0 drain_gave_up=0 failed=0

thread role          ops      iters   busy_ms   idle_ms    cpu_ms   wake_tx  wake_rx
t0     uni       3378339    4871799    4467.5   21137.8    4725.7    125554   181009
io_tenure t0/0 busy_ns=4467541650 idle_ns=21137822631 entry_ns=2886255033027463 begin_ns=2886255033027493 end_ns=2886280638391774 exit_ns=2886280638391914 role_exit=0 stopped=1
t1     uni       2129237    2844940    2828.0   22777.4    3050.3     60355   135779
io_tenure t1/0 busy_ns=2828013033 idle_ns=22777362678 entry_ns=2886255033026253 begin_ns=2886255033026283 end_ns=2886280638401994 exit_ns=2886280638402144 role_exit=0 stopped=1
t2     uni       2067799    2459536    2631.6   22974.0    2917.7     56702   158185
io_tenure t2/0 busy_ns=2631596115 idle_ns=22973984456 entry_ns=2886255033045823 begin_ns=2886255033045843 end_ns=2886280638626414 exit_ns=2886280638626554 role_exit=0 stopped=1
t3     uni       1062338    1549805    1635.5   23968.9    1896.0     30469   127290
io_tenure t3/0 busy_ns=1635454282 idle_ns=23968929956 entry_ns=2886255034008716 begin_ns=2886255034008766 end_ns=2886280638393004 exit_ns=2886280638393034 role_exit=0 stopped=1
t4     uni       2152446    1926292    2316.3   23289.7    2555.5     40984   123722
io_tenure t4/0 busy_ns=2316256277 idle_ns=23289710516 entry_ns=2886255033044233 begin_ns=2886255033044353 end_ns=2886280639011146 exit_ns=2886280639011276 role_exit=0 stopped=1
t5     uni       3216611    5433166    4938.5   20666.8    5195.8    140714   220746
io_tenure t5/0 busy_ns=4938525569 idle_ns=20666836362 entry_ns=2886255033027723 begin_ns=2886255033027753 end_ns=2886280638389684 exit_ns=2886280638389844 role_exit=0 stopped=1
t6     uni       2639254    4076341    3937.8   21666.5    4166.1    104026   167805
io_tenure t6/0 busy_ns=3937841060 idle_ns=21666535748 entry_ns=2886255034013216 begin_ns=2886255034013326 end_ns=2886280638390134 exit_ns=2886280638390254 role_exit=0 stopped=1
t7     uni       1811774    3030435    2955.7   22648.7    3151.7     75188   153448
io_tenure t7/0 busy_ns=2955690544 idle_ns=22648731174 entry_ns=2886255034011286 begin_ns=2886255034011316 end_ns=2886280638433034 exit_ns=2886280638433164 role_exit=0 stopped=1
wb: retired=9112435 direct=137584 sends=397380/397380 short=0 err=0 peer_aborts=0 bytes=184340049 zc_sends=0 zc_bytes=0 zc_releases=0 serves=454465 empty=57085
tls: accepts=0 handshakes=0/0 failed=0 freed=0 want_read=0 want_write=0 cipher_in=0 plain_in=0 cipher_out=0 plain_out=0 zc_suppressed=0 ktls_active=0 ktls_fallback=0
stuck: live_conns=0 rob_not_quiesced=0 unsent_bytes_pending=0 | slots done=0 issued=0 free=0 flag_set=0
shutdown: unified_work=18457798 accepts=50 accept_err=0 rearm=0 sqe_starved=0 notify_drop=0
shutdown_report {"schema":1,"thread_mode":"1s","work":{"kind":"fused","unified":18457798},"threads":[{"tid":0,"role":"fused","ops":3378339,"iterations":4871799,"busy_ns":4467541650,"idle_ns":21137822631,"cpu_ns":4725720792,"wake_tx":125554,"wake_rx":181009,"io_tenures":[{"entry_ns":2886255033027463,"begin_ns":2886255033027493,"end_ns":2886280638391774,"exit_ns":2886280638391914,"busy_ns":4467541650,"idle_ns":21137822631,"role_exit":false,"stopped":true,"did_submit":0,"sweep_submit":0,"park":0}]},{"tid":1,"role":"fused","ops":2129237,"iterations":2844940,"busy_ns":2828013033,"idle_ns":22777362678,"cpu_ns":3050325540,"wake_tx":60355,"wake_rx":135779,"io_tenures":[{"entry_ns":2886255033026253,"begin_ns":2886255033026283,"end_ns":2886280638401994,"exit_ns":2886280638402144,"busy_ns":2828013033,"idle_ns":22777362678,"role_exit":false,"stopped":true,"did_submit":0,"sweep_submit":0,"park":0}]},{"tid":2,"role":"fused","ops":2067799,"iterations":2459536,"busy_ns":2631596115,"idle_ns":22973984456,"cpu_ns":2917662064,"wake_tx":56702,"wake_rx":158185,"io_tenures":[{"entry_ns":2886255033045823,"begin_ns":2886255033045843,"end_ns":2886280638626414,"exit_ns":2886280638626554,"busy_ns":2631596115,"idle_ns":22973984456,"role_exit":false,"stopped":true,"did_submit":0,"sweep_submit":0,"park":0}]},{"tid":3,"role":"fused","ops":1062338,"iterations":1549805,"busy_ns":1635454282,"idle_ns":23968929956,"cpu_ns":1895959940,"wake_tx":30469,"wake_rx":127290,"io_tenures":[{"entry_ns":2886255034008716,"begin_ns":2886255034008766,"end_ns":2886280638393004,"exit_ns":2886280638393034,"busy_ns":1635454282,"idle_ns":23968929956,"role_exit":false,"stopped":true,"did_submit":0,"sweep_submit":0,"park":0}]},{"tid":4,"role":"fused","ops":2152446,"iterations":1926292,"busy_ns":2316256277,"idle_ns":23289710516,"cpu_ns":2555508541,"wake_tx":40984,"wake_rx":123722,"io_tenures":[{"entry_ns":2886255033044233,"begin_ns":2886255033044353,"end_ns":2886280639011146,"exit_ns":2886280639011276,"busy_ns":2316256277,"idle_ns":23289710516,"role_exit":false,"stopped":true,"did_submit":0,"sweep_submit":0,"park":0}]},{"tid":5,"role":"fused","ops":3216611,"iterations":5433166,"busy_ns":4938525569,"idle_ns":20666836362,"cpu_ns":5195818964,"wake_tx":140714,"wake_rx":220746,"io_tenures":[{"entry_ns":2886255033027723,"begin_ns":2886255033027753,"end_ns":2886280638389684,"exit_ns":2886280638389844,"busy_ns":4938525569,"idle_ns":20666836362,"role_exit":false,"stopped":true,"did_submit":0,"sweep_submit":0,"park":0}]},{"tid":6,"role":"fused","ops":2639254,"iterations":4076341,"busy_ns":3937841060,"idle_ns":21666535748,"cpu_ns":4166102611,"wake_tx":104026,"wake_rx":167805,"io_tenures":[{"entry_ns":2886255034013216,"begin_ns":2886255034013326,"end_ns":2886280638390134,"exit_ns":2886280638390254,"busy_ns":3937841060,"idle_ns":21666535748,"role_exit":false,"stopped":true,"did_submit":0,"sweep_submit":0,"park":0}]},{"tid":7,"role":"fused","ops":1811774,"iterations":3030435,"busy_ns":2955690544,"idle_ns":22648731174,"cpu_ns":3151720362,"wake_tx":75188,"wake_rx":153448,"io_tenures":[{"entry_ns":2886255034011286,"begin_ns":2886255034011316,"end_ns":2886280638433034,"exit_ns":2886280638433164,"busy_ns":2955690544,"idle_ns":22648731174,"role_exit":false,"stopped":true,"did_submit":0,"sweep_submit":0,"park":0}]}],"wb":{"retired":9112435,"direct":137584,"sends_completed":397380,"sends_submitted":397380,"short_writes":0,"send_errors":0,"peer_aborts":0,"bytes_sent":184340049,"zc_sends":0,"zc_bytes":0,"zc_releases":0,"serves":454465,"serves_empty":57085},"tls":{"accepts":0,"handshakes_completed":0,"handshakes_started":0,"handshakes_failed":0,"connections_freed":0,"want_read":0,"want_write":0,"ciphertext_input_bytes":0,"plaintext_input_bytes":0,"ciphertext_output_bytes":0,"plaintext_output_bytes":0,"zc_suppressed":0,"ktls_active":0,"ktls_fallback":0},"stuck":{"live_conns":0,"rob_not_quiesced":0,"unsent_bytes_pending":0,"slots_done":0,"slots_issued":0,"slots_free":0,"flag_set":0},"epoll":{"enabled":false,"events":0,"recvs":0},"persistence":{"enabled":false,"recording":false,"failed":false,"drain_gave_up":false,"posted":0,"flushed":0,"durable":0,"refused":0,"pending_chunks":0,"records_written":0,"producers_with_pending":0,"producers_stopped":0,"producers_expected":0,"completions_pending":0},"accept":{"accepts":50,"accept_err":0,"rearm":0,"sqe_starved":0,"notify_drop":0}}
