topology: 1 L3 domain(s)
  domain  0: 8 cpus [112,113,114,115,116,117,118,119]
tomokv-cpp: 8 unified threads, 16 shard(s), thread-mode=1s, overlap=0 (executor prefetch; ordinary IO), io_uring, alloc=jemalloc, reorder=0, read-local=1
  thread t0: role=unified cpu=112 L3=0 shards=2 send=self
  thread t1: role=unified cpu=113 L3=0 shards=2 send=self
  thread t2: role=unified cpu=114 L3=0 shards=2 send=self
  thread t3: role=unified cpu=115 L3=0 shards=2 send=self
  thread t4: role=unified cpu=116 L3=0 shards=2 send=self
  thread t5: role=unified cpu=117 L3=0 shards=2 send=self
  thread t6: role=unified cpu=118 L3=0 shards=2 send=self
  thread t7: role=unified cpu=119 L3=0 shards=2 send=self
listening on 127.0.0.1:18179
persistence: enabled=0 posted=0 flushed=0 durable=0 refused=0 pending_chunks=0 producers_with_pending=0 drain_gave_up=0 failed=0

thread role          ops      iters   busy_ms   idle_ms    cpu_ms   wake_tx  wake_rx
t0     uni            86      42015      25.3     926.8      26.3        16       66
io_tenure t0/0 busy_ns=25323495 idle_ns=926777608 entry_ns=2983793579050259 begin_ns=2983793579050279 end_ns=2983794531151382 exit_ns=2983794531151512 role_exit=0 stopped=1
t1     uni            68      37412      22.1     930.0      22.9         8       44
io_tenure t1/0 busy_ns=22092912 idle_ns=930014451 entry_ns=2983793579046319 begin_ns=2983793579046339 end_ns=2983794531153702 exit_ns=2983794531153912 role_exit=0 stopped=1
t2     uni            65       3427       3.4     948.7       4.1        13       50
io_tenure t2/0 busy_ns=3434117 idle_ns=948673276 entry_ns=2983793579056639 begin_ns=2983793579056669 end_ns=2983794531164062 exit_ns=2983794531164092 role_exit=0 stopped=1
t3     uni            73      11560       8.2     943.9       9.0        20       58
io_tenure t3/0 busy_ns=8208435 idle_ns=943893668 entry_ns=2983793579048929 begin_ns=2983793579048959 end_ns=2983794531151062 exit_ns=2983794531151192 role_exit=0 stopped=1
t4     uni            78      23465      14.4     937.7      15.1        13       59
io_tenure t4/0 busy_ns=14373629 idle_ns=937733504 entry_ns=2983793579048689 begin_ns=2983793579048709 end_ns=2983794531155842 exit_ns=2983794531155982 role_exit=0 stopped=1
t5     uni            72      14616       9.6     942.5      10.3         9       51
io_tenure t5/0 busy_ns=9645995 idle_ns=942464228 entry_ns=2983793579047299 begin_ns=2983793579047329 end_ns=2983794531157552 exit_ns=2983794531157682 role_exit=0 stopped=1
t6     uni          4199     116312     102.1     850.0     110.8       216      249
io_tenure t6/0 busy_ns=102132548 idle_ns=849974515 entry_ns=2983793579045509 begin_ns=2983793579045529 end_ns=2983794531152592 exit_ns=2983794531152722 role_exit=0 stopped=1
t7     uni            77      25626      16.1     936.0      16.9        30       73
io_tenure t7/0 busy_ns=16136408 idle_ns=935972675 entry_ns=2983793579042729 begin_ns=2983793579042839 end_ns=2983794531151922 exit_ns=2983794531152062 role_exit=0 stopped=1
wb: retired=2443 direct=2048 sends=2443/2443 short=0 err=0 peer_aborts=0 bytes=1323228 zc_sends=0 zc_bytes=0 zc_releases=0 serves=3070 empty=627
tls: accepts=0 handshakes=0/0 failed=0 freed=0 want_read=0 want_write=0 cipher_in=0 plain_in=0 cipher_out=0 plain_out=0 zc_suppressed=0 ktls_active=0 ktls_fallback=0
stuck: live_conns=0 rob_not_quiesced=0 unsent_bytes_pending=0 | slots done=0 issued=0 free=0 flag_set=0
shutdown: unified_work=4718 accepts=50 accept_err=0 rearm=0 sqe_starved=0 notify_drop=0
shutdown_report {"schema":1,"thread_mode":"1s","work":{"kind":"fused","unified":4718},"threads":[{"tid":0,"role":"fused","ops":86,"iterations":42015,"busy_ns":25323495,"idle_ns":926777608,"cpu_ns":26321220,"wake_tx":16,"wake_rx":66,"io_tenures":[{"entry_ns":2983793579050259,"begin_ns":2983793579050279,"end_ns":2983794531151382,"exit_ns":2983794531151512,"busy_ns":25323495,"idle_ns":926777608,"role_exit":false,"stopped":true,"did_submit":0,"sweep_submit":0,"park":0}]},{"tid":1,"role":"fused","ops":68,"iterations":37412,"busy_ns":22092912,"idle_ns":930014451,"cpu_ns":22896670,"wake_tx":8,"wake_rx":44,"io_tenures":[{"entry_ns":2983793579046319,"begin_ns":2983793579046339,"end_ns":2983794531153702,"exit_ns":2983794531153912,"busy_ns":22092912,"idle_ns":930014451,"role_exit":false,"stopped":true,"did_submit":0,"sweep_submit":0,"park":0}]},{"tid":2,"role":"fused","ops":65,"iterations":3427,"busy_ns":3434117,"idle_ns":948673276,"cpu_ns":4115060,"wake_tx":13,"wake_rx":50,"io_tenures":[{"entry_ns":2983793579056639,"begin_ns":2983793579056669,"end_ns":2983794531164062,"exit_ns":2983794531164092,"busy_ns":3434117,"idle_ns":948673276,"role_exit":false,"stopped":true,"did_submit":0,"sweep_submit":0,"park":0}]},{"tid":3,"role":"fused","ops":73,"iterations":11560,"busy_ns":8208435,"idle_ns":943893668,"cpu_ns":8994160,"wake_tx":20,"wake_rx":58,"io_tenures":[{"entry_ns":2983793579048929,"begin_ns":2983793579048959,"end_ns":2983794531151062,"exit_ns":2983794531151192,"busy_ns":8208435,"idle_ns":943893668,"role_exit":false,"stopped":true,"did_submit":0,"sweep_submit":0,"park":0}]},{"tid":4,"role":"fused","ops":78,"iterations":23465,"busy_ns":14373629,"idle_ns":937733504,"cpu_ns":15111660,"wake_tx":13,"wake_rx":59,"io_tenures":[{"entry_ns":2983793579048689,"begin_ns":2983793579048709,"end_ns":2983794531155842,"exit_ns":2983794531155982,"busy_ns":14373629,"idle_ns":937733504,"role_exit":false,"stopped":true,"did_submit":0,"sweep_submit":0,"park":0}]},{"tid":5,"role":"fused","ops":72,"iterations":14616,"busy_ns":9645995,"idle_ns":942464228,"cpu_ns":10322920,"wake_tx":9,"wake_rx":51,"io_tenures":[{"entry_ns":2983793579047299,"begin_ns":2983793579047329,"end_ns":2983794531157552,"exit_ns":2983794531157682,"busy_ns":9645995,"idle_ns":942464228,"role_exit":false,"stopped":true,"did_submit":0,"sweep_submit":0,"park":0}]},{"tid":6,"role":"fused","ops":4199,"iterations":116312,"busy_ns":102132548,"idle_ns":849974515,"cpu_ns":110812960,"wake_tx":216,"wake_rx":249,"io_tenures":[{"entry_ns":2983793579045509,"begin_ns":2983793579045529,"end_ns":2983794531152592,"exit_ns":2983794531152722,"busy_ns":102132548,"idle_ns":849974515,"role_exit":false,"stopped":true,"did_submit":0,"sweep_submit":0,"park":0}]},{"tid":7,"role":"fused","ops":77,"iterations":25626,"busy_ns":16136408,"idle_ns":935972675,"cpu_ns":16862270,"wake_tx":30,"wake_rx":73,"io_tenures":[{"entry_ns":2983793579042729,"begin_ns":2983793579042839,"end_ns":2983794531151922,"exit_ns":2983794531152062,"busy_ns":16136408,"idle_ns":935972675,"role_exit":false,"stopped":true,"did_submit":0,"sweep_submit":0,"park":0}]}],"wb":{"retired":2443,"direct":2048,"sends_completed":2443,"sends_submitted":2443,"short_writes":0,"send_errors":0,"peer_aborts":0,"bytes_sent":1323228,"zc_sends":0,"zc_bytes":0,"zc_releases":0,"serves":3070,"serves_empty":627},"tls":{"accepts":0,"handshakes_completed":0,"handshakes_started":0,"handshakes_failed":0,"connections_freed":0,"want_read":0,"want_write":0,"ciphertext_input_bytes":0,"plaintext_input_bytes":0,"ciphertext_output_bytes":0,"plaintext_output_bytes":0,"zc_suppressed":0,"ktls_active":0,"ktls_fallback":0},"stuck":{"live_conns":0,"rob_not_quiesced":0,"unsent_bytes_pending":0,"slots_done":0,"slots_issued":0,"slots_free":0,"flag_set":0},"epoll":{"enabled":false,"events":0,"recvs":0},"persistence":{"enabled":false,"recording":false,"failed":false,"drain_gave_up":false,"posted":0,"flushed":0,"durable":0,"refused":0,"pending_chunks":0,"records_written":0,"producers_with_pending":0,"producers_stopped":0,"producers_expected":0,"completions_pending":0},"accept":{"accepts":50,"accept_err":0,"rearm":0,"sqe_starved":0,"notify_drop":0}}
