topology: 1 L3 domain(s)
  domain  0: 8 cpus [112,113,114,115,116,117,118,119]
tomokv-cpp: 8 unified threads, 16 shard(s), thread-mode=1s, overlap=0 (executor prefetch; ordinary IO), io_uring, alloc=jemalloc, reorder=0, read-local=1
  thread t0: role=unified cpu=112 L3=0 shards=2 send=self
  thread t1: role=unified cpu=113 L3=0 shards=2 send=self
  thread t2: role=unified cpu=114 L3=0 shards=2 send=self
  thread t3: role=unified cpu=115 L3=0 shards=2 send=self
  thread t4: role=unified cpu=116 L3=0 shards=2 send=self
  thread t5: role=unified cpu=117 L3=0 shards=2 send=self
  thread t6: role=unified cpu=118 L3=0 shards=2 send=self
  thread t7: role=unified cpu=119 L3=0 shards=2 send=self
listening on 127.0.0.1:18179
persistence: enabled=0 posted=0 flushed=0 durable=0 refused=0 pending_chunks=0 producers_with_pending=0 drain_gave_up=0 failed=0

thread role          ops      iters   busy_ms   idle_ms    cpu_ms   wake_tx  wake_rx
t0     uni          4200      39341     149.2    5661.4     163.2       208      237
io_tenure t0/0 busy_ns=149208629 idle_ns=5661402951 entry_ns=2984449460622526 begin_ns=2984449460622556 end_ns=2984455271234136 exit_ns=2984455271234266 role_exit=0 stopped=1
t1     uni            75      25530      15.7    5794.9      17.1        15       56
io_tenure t1/0 busy_ns=15730870 idle_ns=5794877890 entry_ns=2984449460626376 begin_ns=2984449460626396 end_ns=2984455271235156 exit_ns=2984455271235286 role_exit=0 stopped=1
t2     uni            80       3653       4.1    5806.5       5.4        18       65
io_tenure t2/0 busy_ns=4085144 idle_ns=5806515486 entry_ns=2984449460634976 begin_ns=2984449460635006 end_ns=2984455271235636 exit_ns=2984455271235766 role_exit=0 stopped=1
t3     uni            82      26666      16.6    5794.0      18.1        19       64
io_tenure t3/0 busy_ns=16586402 idle_ns=5794015898 entry_ns=2984449460629196 begin_ns=2984449460629226 end_ns=2984455271231526 exit_ns=2984455271231656 role_exit=0 stopped=1
t4     uni            64       2292       2.8    5807.8       4.1         6       41
io_tenure t4/0 busy_ns=2822615 idle_ns=5807769835 entry_ns=2984449460638816 begin_ns=2984449460638846 end_ns=2984455271231296 exit_ns=2984455271231426 role_exit=0 stopped=1
t5     uni            73       2933       3.5    5807.1       4.9        17       60
io_tenure t5/0 busy_ns=3528517 idle_ns=5807079813 entry_ns=2984449460632946 begin_ns=2984449460632966 end_ns=2984455271241296 exit_ns=2984455271241326 role_exit=0 stopped=1
t6     uni            81       7537       6.2    5804.4       7.6        22       65
io_tenure t6/0 busy_ns=6195082 idle_ns=5804402618 entry_ns=2984449460637106 begin_ns=2984449460637136 end_ns=2984455271234836 exit_ns=2984455271234966 role_exit=0 stopped=1
t7     uni            76      14490       9.8    5800.8      11.1        22       66
io_tenure t7/0 busy_ns=9764151 idle_ns=5800841809 entry_ns=2984449460624256 begin_ns=2984449460624286 end_ns=2984455271230246 exit_ns=2984455271230376 role_exit=0 stopped=1
wb: retired=3360 direct=2048 sends=3360/3360 short=0 err=0 peer_aborts=0 bytes=6322888 zc_sends=0 zc_bytes=0 zc_releases=0 serves=3436 empty=76
tls: accepts=0 handshakes=0/0 failed=0 freed=0 want_read=0 want_write=0 cipher_in=0 plain_in=0 cipher_out=0 plain_out=0 zc_suppressed=0 ktls_active=0 ktls_fallback=0
stuck: live_conns=0 rob_not_quiesced=0 unsent_bytes_pending=0 | slots done=0 issued=0 free=0 flag_set=0
shutdown: unified_work=4731 accepts=50 accept_err=0 rearm=0 sqe_starved=0 notify_drop=0
shutdown_report {"schema":1,"thread_mode":"1s","work":{"kind":"fused","unified":4731},"threads":[{"tid":0,"role":"fused","ops":4200,"iterations":39341,"busy_ns":149208629,"idle_ns":5661402951,"cpu_ns":163172293,"wake_tx":208,"wake_rx":237,"io_tenures":[{"entry_ns":2984449460622526,"begin_ns":2984449460622556,"end_ns":2984455271234136,"exit_ns":2984455271234266,"busy_ns":149208629,"idle_ns":5661402951,"role_exit":false,"stopped":true,"did_submit":0,"sweep_submit":0,"park":0}]},{"tid":1,"role":"fused","ops":75,"iterations":25530,"busy_ns":15730870,"idle_ns":5794877890,"cpu_ns":17103735,"wake_tx":15,"wake_rx":56,"io_tenures":[{"entry_ns":2984449460626376,"begin_ns":2984449460626396,"end_ns":2984455271235156,"exit_ns":2984455271235286,"busy_ns":15730870,"idle_ns":5794877890,"role_exit":false,"stopped":true,"did_submit":0,"sweep_submit":0,"park":0}]},{"tid":2,"role":"fused","ops":80,"iterations":3653,"busy_ns":4085144,"idle_ns":5806515486,"cpu_ns":5422484,"wake_tx":18,"wake_rx":65,"io_tenures":[{"entry_ns":2984449460634976,"begin_ns":2984449460635006,"end_ns":2984455271235636,"exit_ns":2984455271235766,"busy_ns":4085144,"idle_ns":5806515486,"role_exit":false,"stopped":true,"did_submit":0,"sweep_submit":0,"park":0}]},{"tid":3,"role":"fused","ops":82,"iterations":26666,"busy_ns":16586402,"idle_ns":5794015898,"cpu_ns":18085911,"wake_tx":19,"wake_rx":64,"io_tenures":[{"entry_ns":2984449460629196,"begin_ns":2984449460629226,"end_ns":2984455271231526,"exit_ns":2984455271231656,"busy_ns":16586402,"idle_ns":5794015898,"role_exit":false,"stopped":true,"did_submit":0,"sweep_submit":0,"park":0}]},{"tid":4,"role":"fused","ops":64,"iterations":2292,"busy_ns":2822615,"idle_ns":5807769835,"cpu_ns":4135352,"wake_tx":6,"wake_rx":41,"io_tenures":[{"entry_ns":2984449460638816,"begin_ns":2984449460638846,"end_ns":2984455271231296,"exit_ns":2984455271231426,"busy_ns":2822615,"idle_ns":5807769835,"role_exit":false,"stopped":true,"did_submit":0,"sweep_submit":0,"park":0}]},{"tid":5,"role":"fused","ops":73,"iterations":2933,"busy_ns":3528517,"idle_ns":5807079813,"cpu_ns":4932888,"wake_tx":17,"wake_rx":60,"io_tenures":[{"entry_ns":2984449460632946,"begin_ns":2984449460632966,"end_ns":2984455271241296,"exit_ns":2984455271241326,"busy_ns":3528517,"idle_ns":5807079813,"role_exit":false,"stopped":true,"did_submit":0,"sweep_submit":0,"park":0}]},{"tid":6,"role":"fused","ops":81,"iterations":7537,"busy_ns":6195082,"idle_ns":5804402618,"cpu_ns":7563924,"wake_tx":22,"wake_rx":65,"io_tenures":[{"entry_ns":2984449460637106,"begin_ns":2984449460637136,"end_ns":2984455271234836,"exit_ns":2984455271234966,"busy_ns":6195082,"idle_ns":5804402618,"role_exit":false,"stopped":true,"did_submit":0,"sweep_submit":0,"park":0}]},{"tid":7,"role":"fused","ops":76,"iterations":14490,"busy_ns":9764151,"idle_ns":5800841809,"cpu_ns":11102725,"wake_tx":22,"wake_rx":66,"io_tenures":[{"entry_ns":2984449460624256,"begin_ns":2984449460624286,"end_ns":2984455271230246,"exit_ns":2984455271230376,"busy_ns":9764151,"idle_ns":5800841809,"role_exit":false,"stopped":true,"did_submit":0,"sweep_submit":0,"park":0}]}],"wb":{"retired":3360,"direct":2048,"sends_completed":3360,"sends_submitted":3360,"short_writes":0,"send_errors":0,"peer_aborts":0,"bytes_sent":6322888,"zc_sends":0,"zc_bytes":0,"zc_releases":0,"serves":3436,"serves_empty":76},"tls":{"accepts":0,"handshakes_completed":0,"handshakes_started":0,"handshakes_failed":0,"connections_freed":0,"want_read":0,"want_write":0,"ciphertext_input_bytes":0,"plaintext_input_bytes":0,"ciphertext_output_bytes":0,"plaintext_output_bytes":0,"zc_suppressed":0,"ktls_active":0,"ktls_fallback":0},"stuck":{"live_conns":0,"rob_not_quiesced":0,"unsent_bytes_pending":0,"slots_done":0,"slots_issued":0,"slots_free":0,"flag_set":0},"epoll":{"enabled":false,"events":0,"recvs":0},"persistence":{"enabled":false,"recording":false,"failed":false,"drain_gave_up":false,"posted":0,"flushed":0,"durable":0,"refused":0,"pending_chunks":0,"records_written":0,"producers_with_pending":0,"producers_stopped":0,"producers_expected":0,"completions_pending":0},"accept":{"accepts":50,"accept_err":0,"rearm":0,"sqe_starved":0,"notify_drop":0}}
