PASS split-overlap wb-rule-phase-unit split-budget natural
PASS split-overlap wb-rule-phase-unit split-dead natural
PASS split-overlap wb-rule-phase-unit split-policy natural
PASS split-overlap wb-rule-phase-unit split-local natural
PASS split-overlap wb-rule-phase-unit split-fastpath natural
PASS split-overlap wb-rule-phase-unit split-fifo natural
PASS split-overlap wb-rule-phase-unit split-capture natural
PASS split-overlap wb-rule-phase-unit split-progress natural
PASS split-overlap wb-rule-phase-unit split-chunk natural
PASS split-overlap wb-rule-phase-unit split-aof natural
PASS split-overlap wb-rule-phase-unit split-capture-multi natural
PASS split-overlap wb-rule-phase-unit split-budget shallow
PASS split-overlap wb-rule-phase-unit split-dead shallow
PASS split-overlap wb-rule-phase-unit split-policy shallow
PASS split-overlap wb-rule-phase-unit split-local shallow
PASS split-overlap wb-rule-phase-unit split-fastpath shallow
PASS split-overlap wb-rule-phase-unit split-fifo shallow
PASS split-overlap wb-rule-phase-unit split-capture shallow
PASS split-overlap wb-rule-phase-unit split-progress shallow
PASS split-overlap wb-rule-phase-unit split-chunk shallow
PASS split-overlap wb-rule-phase-unit split-aof shallow
PASS split-overlap wb-rule-phase-unit split-capture-multi shallow
PASS split-overlap wb-rule-db0-phase-unit split-budget natural
PASS split-overlap wb-rule-db0-phase-unit split-dead natural
PASS split-overlap wb-rule-db0-phase-unit split-policy natural
PASS split-overlap wb-rule-db0-phase-unit split-local natural
PASS split-overlap wb-rule-db0-phase-unit split-fastpath natural
PASS split-overlap wb-rule-db0-phase-unit split-fifo natural
PASS split-overlap wb-rule-db0-phase-unit split-capture natural
PASS split-overlap wb-rule-db0-phase-unit split-progress natural
PASS split-overlap wb-rule-db0-phase-unit split-chunk natural
PASS split-overlap wb-rule-db0-phase-unit split-aof natural
PASS split-overlap wb-rule-db0-phase-unit split-capture-multi natural
PASS split-overlap wb-rule-db0-phase-unit split-budget shallow
PASS split-overlap wb-rule-db0-phase-unit split-dead shallow
PASS split-overlap wb-rule-db0-phase-unit split-policy shallow
PASS split-overlap wb-rule-db0-phase-unit split-local shallow
PASS split-overlap wb-rule-db0-phase-unit split-fastpath shallow
PASS split-overlap wb-rule-db0-phase-unit split-fifo shallow
PASS split-overlap wb-rule-db0-phase-unit split-capture shallow
PASS split-overlap wb-rule-db0-phase-unit split-progress shallow
PASS split-overlap wb-rule-db0-phase-unit split-chunk shallow
PASS split-overlap wb-rule-db0-phase-unit split-aof shallow
PASS split-overlap wb-rule-db0-phase-unit split-capture-multi shallow
PASS split-overlap unit split-policy natural
PASS split-overlap unit split-policy shallow
PASS split-overlap unit split-fifo natural
PASS split-overlap unit split-fifo shallow
PASS split-overlap unit split-fifo natural
PASS split-overlap unit split-fifo shallow
PASS split-overlap unit split-fifo natural
PASS split-overlap unit split-fifo shallow
PASS split-overlap unit split-capture-multi natural
PASS split-overlap unit split-capture-multi shallow
PASS split-overlap unit split-fifo natural
PASS split-overlap unit split-fifo shallow
PASS split-overlap unit split-dead natural
PASS split-overlap unit split-dead shallow
PASS split-overlap unit split-progress natural
PASS split-overlap unit split-progress shallow
PASS split-overlap unit split-chunk natural
PASS split-overlap unit split-chunk shallow
PASS split-overlap unit split-aof natural
PASS split-overlap unit split-aof shallow
PASS wb-rule split-overlap: 64/64 strict outcomes
