PASS policy wb-rule-unit fastpath 
PASS policy wb-rule-unit fraction 
PASS policy wb-rule-unit staged 
PASS policy wb-rule-unit submitted 
PASS policy wb-rule-unit bytes 
PASS policy wb-rule-unit holes 
PASS policy wb-rule-unit markers 
PASS policy wb-rule-unit codes 
PASS policy wb-rule-unit acquire 
PASS policy wb-rule-db0-unit fastpath 
PASS policy wb-rule-db0-unit fraction 
PASS policy wb-rule-db0-unit staged 
PASS policy wb-rule-db0-unit submitted 
PASS policy wb-rule-db0-unit bytes 
PASS policy wb-rule-db0-unit holes 
PASS policy wb-rule-db0-unit markers 
PASS policy wb-rule-db0-unit codes 
PASS policy wb-rule-db0-unit acquire 
PASS policy unit markers 
PASS policy unit fastpath 
PASS policy unit staged 
PASS policy unit staged 
PASS policy unit submitted 
PASS policy unit bytes 
PASS policy unit bytes 
PASS policy unit bytes 
PASS policy unit bytes 
PASS policy unit bytes 
PASS policy unit bytes 
PASS policy unit fraction 
PASS policy unit fraction 
PASS policy unit holes 
PASS policy unit markers 
PASS policy unit codes 
PASS policy unit acquire 
PASS policy unit acquire 
PASS policy unit acquire 
PASS wb-rule policy: 37/37 strict outcomes
