GATE(iteration): 16 physical cores; 1 correctness slots = min(8/8 server, 8/2 load), 8 server threads at ratio 6:2 and 3 ports per slot; correctness load is modest protocol traffic (at least 2 physical cores per slot), server SMT reserved; isolated ABBA smoke: 8 server + 8 load physical cores, 0 load SMT threads (explicit selection), 0 explicit server SMT threads
  artifacts: /home/user/Projects/cx-psfix/build/gate-run.JYVsRP
PARTIAL jobs (including prerequisites): release production_units aof-epoll aof-uring snapshot-epoll snapshot-uring persistfix_units aof_frame
PARTIAL jobs (including prerequisites): release production_units aof-epoll aof-uring snapshot-epoll snapshot-uring persistfix_units aof_frame
  row budget: 900s; median=0s; correctness-plan-fallback; release build (+footprint locks)
  release build (+footprint locks)                     ok
  row budget: 900s; median=-s; no-history-conservative-default; configuration reduction + actual geometry (epoll, atomic 0)
  configuration reduction + actual geometry (epoll, atomic 0) ok
  row budget: 900s; median=-s; no-history-conservative-default; AOF byte-exact + script groups + DEBUG LOADAOF (epoll, atomic 0)
  AOF byte-exact + script groups + DEBUG LOADAOF (epoll, atomic 0) ok
  row budget: 900s; median=-s; no-history-conservative-default; AOF writer fired (records=N)
  AOF writer fired (records=977)                       ok
  row budget: 900s; median=-s; no-history-conservative-default; AOF process-restart script replay (epoll, atomic 0)
  AOF process-restart script replay (epoll, atomic 0)  ok
  row budget: 900s; median=-s; no-history-conservative-default; AOF native snapshot streams byte-exact
  AOF native snapshot streams byte-exact               ok
  row budget: 900s; median=-s; no-history-conservative-default; AOF replay fired (records=N skipped=N)
  AOF replay fired (records=977 skipped=0)             ok
  row budget: 900s; median=-s; no-history-conservative-default; configuration reduction + actual geometry (epoll, atomic 1)
  configuration reduction + actual geometry (epoll, atomic 1) ok
  row budget: 900s; median=-s; no-history-conservative-default; AOF byte-exact + script groups + DEBUG LOADAOF (epoll, atomic 1)
  AOF byte-exact + script groups + DEBUG LOADAOF (epoll, atomic 1) ok
  row budget: 900s; median=-s; no-history-conservative-default; AOF writer fired (records=N)
  AOF writer fired (records=978)                       ok
  row budget: 900s; median=-s; no-history-conservative-default; AOF process-restart script replay (epoll, atomic 1)
  AOF process-restart script replay (epoll, atomic 1)  ok
  row budget: 900s; median=-s; no-history-conservative-default; AOF native snapshot streams byte-exact
  AOF native snapshot streams byte-exact               ok
  row budget: 900s; median=-s; no-history-conservative-default; AOF replay fired (records=N skipped=N)
  AOF replay fired (records=978 skipped=0)             ok
  row budget: 900s; median=-s; no-history-conservative-default; AOF directed group interruption fired
  AOF directed group interruption fired                ok
  row budget: 900s; median=-s; no-history-conservative-default; AOF atomic-group recovery + writer order
  AOF atomic-group recovery + writer order             ok
  row budget: 900s; median=-s; no-history-conservative-default; AOF group shutdown invariants
  AOF group shutdown invariants                        ok
  row budget: 900s; median=-s; no-history-conservative-default; AOF always sync + reply gate fired
  AOF always sync + reply gate fired                   ok
  row budget: 900s; median=-s; no-history-conservative-default; AOF always recovery after quiescent SIGKILL
  AOF always recovery after quiescent SIGKILL          ok
  row budget: 900s; median=-s; no-history-conservative-default; AOF in-window kill recovery (2s, epoll)
  AOF in-window kill recovery (2s, epoll)              ok
  row budget: 900s; median=-s; no-history-conservative-default; AOF in-window term recovery (2s, epoll)
  AOF in-window term recovery (2s, epoll)              ok
  row budget: 900s; median=-s; no-history-conservative-default; AOF in-window kill recovery (1s, epoll)
  AOF in-window kill recovery (1s, epoll)              ok
  row budget: 900s; median=-s; no-history-conservative-default; AOF in-window term recovery (1s, epoll)
  AOF in-window term recovery (1s, epoll)              ok
  row budget: 900s; median=-s; no-history-conservative-default; AOF everysec write gate + idle sync fired
  AOF everysec write gate + idle sync fired            ok
  row budget: 900s; median=-s; no-history-conservative-default; AOF everysec durability window + tail warning
  AOF everysec durability window + tail warning        ok
  row budget: 900s; median=-s; no-history-conservative-default; AOF no-sync bypassed sync + reply gate
  AOF no-sync bypassed sync + reply gate               ok
  row budget: 900s; median=-s; no-history-conservative-default; AOF rewrite atomic/stage/corruption matrix
  AOF rewrite atomic/stage/corruption matrix           ok
  row budget: 900s; median=-s; no-history-conservative-default; AOF rewrite triggers + observability matrix
  AOF rewrite triggers + observability matrix          ok
  row budget: 900s; median=-s; no-history-conservative-default; AOF-off negative-control seed landed
  AOF-off negative-control seed landed                 ok
  row budget: 900s; median=-s; no-history-conservative-default; AOF-off negative control lost data
  AOF-off negative control lost data                   ok
  row budget: 900s; median=-s; no-history-conservative-default; configuration reduction + actual geometry (uring, atomic 0)
  configuration reduction + actual geometry (uring, atomic 0) ok
  row budget: 900s; median=-s; no-history-conservative-default; AOF byte-exact + script groups + DEBUG LOADAOF (uring, atomic 0)
  AOF byte-exact + script groups + DEBUG LOADAOF (uring, atomic 0) ok
  row budget: 900s; median=-s; no-history-conservative-default; AOF writer fired (records=N)
  AOF writer fired (records=977)                       ok
  row budget: 900s; median=-s; no-history-conservative-default; AOF process-restart script replay (uring, atomic 0)
  AOF process-restart script replay (uring, atomic 0)  ok
  row budget: 900s; median=-s; no-history-conservative-default; AOF native snapshot streams byte-exact
  AOF native snapshot streams byte-exact               ok
  row budget: 900s; median=-s; no-history-conservative-default; AOF replay fired (records=N skipped=N)
  AOF replay fired (records=977 skipped=0)             ok
  row budget: 900s; median=-s; no-history-conservative-default; configuration reduction + actual geometry (uring, atomic 1)
  configuration reduction + actual geometry (uring, atomic 1) ok
  row budget: 900s; median=-s; no-history-conservative-default; AOF byte-exact + script groups + DEBUG LOADAOF (uring, atomic 1)
  AOF byte-exact + script groups + DEBUG LOADAOF (uring, atomic 1) ok
  row budget: 900s; median=-s; no-history-conservative-default; AOF writer fired (records=N)
  AOF writer fired (records=978)                       ok
  row budget: 900s; median=-s; no-history-conservative-default; AOF process-restart script replay (uring, atomic 1)
  AOF process-restart script replay (uring, atomic 1)  ok
  row budget: 900s; median=-s; no-history-conservative-default; AOF native snapshot streams byte-exact
  AOF native snapshot streams byte-exact               ok
  row budget: 900s; median=-s; no-history-conservative-default; AOF replay fired (records=N skipped=N)
  AOF replay fired (records=978 skipped=0)             ok
  row budget: 900s; median=-s; no-history-conservative-default; AOF directed group interruption fired
  AOF directed group interruption fired                ok
  row budget: 900s; median=-s; no-history-conservative-default; AOF atomic-group recovery + writer order
  AOF atomic-group recovery + writer order             ok
  row budget: 900s; median=-s; no-history-conservative-default; AOF group shutdown invariants
  AOF group shutdown invariants                        ok
  row budget: 900s; median=-s; no-history-conservative-default; AOF always sync + reply gate fired
  AOF always sync + reply gate fired                   ok
  row budget: 900s; median=-s; no-history-conservative-default; AOF always recovery after quiescent SIGKILL
  AOF always recovery after quiescent SIGKILL          ok
  row budget: 900s; median=-s; no-history-conservative-default; AOF in-window kill recovery (2s, uring)
  AOF in-window kill recovery (2s, uring)              ok
  row budget: 900s; median=-s; no-history-conservative-default; AOF in-window term recovery (2s, uring)
  AOF in-window term recovery (2s, uring)              ok
  row budget: 900s; median=-s; no-history-conservative-default; AOF in-window kill recovery (1s, uring)
  AOF in-window kill recovery (1s, uring)              ok
  row budget: 900s; median=-s; no-history-conservative-default; AOF in-window term recovery (1s, uring)
  AOF in-window term recovery (1s, uring)              ok
  row budget: 900s; median=-s; no-history-conservative-default; AOF everysec write gate + idle sync fired
  AOF everysec write gate + idle sync fired            ok
  row budget: 900s; median=-s; no-history-conservative-default; AOF everysec durability window + tail warning
  AOF everysec durability window + tail warning        ok
  row budget: 900s; median=-s; no-history-conservative-default; AOF no-sync bypassed sync + reply gate
  AOF no-sync bypassed sync + reply gate               ok
  row budget: 900s; median=-s; no-history-conservative-default; AOF rewrite atomic/stage/corruption matrix
  AOF rewrite atomic/stage/corruption matrix           ok
  row budget: 900s; median=-s; no-history-conservative-default; AOF rewrite triggers + observability matrix
  AOF rewrite triggers + observability matrix          ok
  row budget: 900s; median=-s; no-history-conservative-default; AOF-off negative-control seed landed
  AOF-off negative-control seed landed                 ok
  row budget: 900s; median=-s; no-history-conservative-default; AOF-off negative control lost data
  AOF-off negative control lost data                   ok
  row budget: 900s; median=-s; no-history-conservative-default; snapshot concurrent cut (epoll)
  snapshot concurrent cut (epoll)                      ok
  row budget: 900s; median=-s; no-history-conservative-default; snapshot cut reload (epoll)
  snapshot cut reload (epoll)                          ok
  row budget: 900s; median=-s; no-history-conservative-default; snapshot never tears a cross-shard MSET group (epoll, atomic 1)
  snapshot never tears a cross-shard MSET group (epoll, atomic 1) ok
  row budget: 900s; median=-s; no-history-conservative-default; snapshot never tears a MULTI/EXEC group (epoll, default atomic 0)
  snapshot never tears a MULTI/EXEC group (epoll, default atomic 0) ok
  row budget: 900s; median=-s; no-history-conservative-default; typed snapshot save (epoll)
  typed snapshot save (epoll)                          ok
  row budget: 900s; median=-s; no-history-conservative-default; typed snapshot reload (epoll)
  typed snapshot reload (epoll)                        ok
  row budget: 900s; median=-s; no-history-conservative-default; typed snapshot preimage race (epoll)
  typed snapshot preimage race (epoll)                 ok
  row budget: 900s; median=-s; no-history-conservative-default; typed snapshot race reload (epoll)
  typed snapshot race reload (epoll)                   ok
  row budget: 900s; median=-s; no-history-conservative-default; snapshot concurrent cut (uring)
  snapshot concurrent cut (uring)                      ok
  row budget: 900s; median=-s; no-history-conservative-default; snapshot cut reload (uring)
  snapshot cut reload (uring)                          ok
  row budget: 900s; median=-s; no-history-conservative-default; snapshot never tears a cross-shard MSET group (uring, atomic 1)
  snapshot never tears a cross-shard MSET group (uring, atomic 1) ok
  row budget: 900s; median=-s; no-history-conservative-default; snapshot never tears a MULTI/EXEC group (uring, default atomic 0)
  snapshot never tears a MULTI/EXEC group (uring, default atomic 0) ok
  row budget: 900s; median=-s; no-history-conservative-default; typed snapshot save (uring)
  typed snapshot save (uring)                          ok
  row budget: 900s; median=-s; no-history-conservative-default; typed snapshot reload (uring)
  typed snapshot reload (uring)                        ok
  row budget: 900s; median=-s; no-history-conservative-default; typed snapshot preimage race (uring)
  typed snapshot preimage race (uring)                 ok
  row budget: 900s; median=-s; no-history-conservative-default; typed snapshot race reload (uring)
  typed snapshot race reload (uring)                   ok
  row budget: 900s; median=-s; no-history-conservative-default; AOF publication/shutdown witnesses + negative controls
  AOF publication/shutdown witnesses + negative controls ok
  row budget: 900s; median=-s; no-history-conservative-default; AOF control frame never inside a large record (atomic 0)
  AOF control frame never inside a large record (atomic 0) ok
  row budget: 900s; median=-s; no-history-conservative-default; AOF control frame never inside a large record (atomic 1)
  AOF control frame never inside a large record (atomic 1) ok
GATE(PARTIAL): 76 ok, 0 FAIL; no EXPECT tally, ABBA, NIC or receipt; ledger: /home/user/Projects/cx-psfix/build/gate-run.JYVsRP/ledger.partial
