topology: 1 L3 domain(s)
  domain  0: 8 cpus [112,113,114,115,116,117,118,119]
tomokv-cpp: 8 unified threads, 16 shard(s), thread-mode=1s, overlap=0 (executor prefetch; ordinary IO), io_uring, alloc=jemalloc, reorder=0, read-local=1
  thread t0: role=unified cpu=112 L3=0 shards=2 send=self
  thread t1: role=unified cpu=113 L3=0 shards=2 send=self
  thread t2: role=unified cpu=114 L3=0 shards=2 send=self
  thread t3: role=unified cpu=115 L3=0 shards=2 send=self
  thread t4: role=unified cpu=116 L3=0 shards=2 send=self
  thread t5: role=unified cpu=117 L3=0 shards=2 send=self
  thread t6: role=unified cpu=118 L3=0 shards=2 send=self
  thread t7: role=unified cpu=119 L3=0 shards=2 send=self
listening on 127.0.0.1:18179
persistence: enabled=0 posted=0 flushed=0 durable=0 refused=0 pending_chunks=0 producers_with_pending=0 drain_gave_up=0 failed=0

thread role          ops      iters   busy_ms   idle_ms    cpu_ms   wake_tx  wake_rx
t0     uni             0          3       0.0     113.8       0.6         0        0
io_tenure t0/0 busy_ns=33770 idle_ns=113785320 entry_ns=2983828612918468 begin_ns=2983828612918498 end_ns=2983828726737588 exit_ns=2983828726737718 role_exit=0 stopped=1
t1     uni             0          3       0.0     113.8       0.5         0        0
io_tenure t1/0 busy_ns=39580 idle_ns=113779600 entry_ns=2983828612913728 begin_ns=2983828612913748 end_ns=2983828726732928 exit_ns=2983828726733058 role_exit=0 stopped=1
t2     uni             0          3       0.0     113.8       0.5         0        0
io_tenure t2/0 busy_ns=39730 idle_ns=113784360 entry_ns=2983828612913118 begin_ns=2983828612913148 end_ns=2983828726737238 exit_ns=2983828726737388 role_exit=0 stopped=1
t3     uni          4097       6185      17.1      96.7      24.5         1        2
io_tenure t3/0 busy_ns=17100896 idle_ns=96723164 entry_ns=2983828612911848 begin_ns=2983828612911878 end_ns=2983828726735938 exit_ns=2983828726736068 role_exit=0 stopped=1
t4     uni             0          3       0.0     113.8       0.5         0        0
io_tenure t4/0 busy_ns=38400 idle_ns=113779080 entry_ns=2983828612918208 begin_ns=2983828612918238 end_ns=2983828726735718 exit_ns=2983828726735858 role_exit=0 stopped=1
t5     uni             1          5       0.1     113.8       0.5         1        2
io_tenure t5/0 busy_ns=55321 idle_ns=113768920 entry_ns=2983828612920088 begin_ns=2983828612920118 end_ns=2983828726744359 exit_ns=2983828726744388 role_exit=0 stopped=1
t6     uni             0          3       0.0     113.8       0.5         0        0
io_tenure t6/0 busy_ns=44310 idle_ns=113779200 entry_ns=2983828612910128 begin_ns=2983828612910158 end_ns=2983828726733668 exit_ns=2983828726733808 role_exit=0 stopped=1
t7     uni             0          3       0.0     113.8       0.6         0        0
io_tenure t7/0 busy_ns=34980 idle_ns=113780920 entry_ns=2983828612916218 begin_ns=2983828612916248 end_ns=2983828726732148 exit_ns=2983828726732278 role_exit=0 stopped=1
wb: retired=2059 direct=2048 sends=2059/2059 short=0 err=0 peer_aborts=0 bytes=76958 zc_sends=0 zc_bytes=0 zc_releases=0 serves=2059 empty=0
tls: accepts=0 handshakes=0/0 failed=0 freed=0 want_read=0 want_write=0 cipher_in=0 plain_in=0 cipher_out=0 plain_out=0 zc_suppressed=0 ktls_active=0 ktls_fallback=0
stuck: live_conns=0 rob_not_quiesced=0 unsent_bytes_pending=0 | slots done=0 issued=0 free=0 flag_set=0
shutdown: unified_work=4098 accepts=1 accept_err=0 rearm=0 sqe_starved=0 notify_drop=0
shutdown_report {"schema":1,"thread_mode":"1s","work":{"kind":"fused","unified":4098},"threads":[{"tid":0,"role":"fused","ops":0,"iterations":3,"busy_ns":33770,"idle_ns":113785320,"cpu_ns":578680,"wake_tx":0,"wake_rx":0,"io_tenures":[{"entry_ns":2983828612918468,"begin_ns":2983828612918498,"end_ns":2983828726737588,"exit_ns":2983828726737718,"busy_ns":33770,"idle_ns":113785320,"role_exit":false,"stopped":true,"did_submit":0,"sweep_submit":0,"park":0}]},{"tid":1,"role":"fused","ops":0,"iterations":3,"busy_ns":39580,"idle_ns":113779600,"cpu_ns":500680,"wake_tx":0,"wake_rx":0,"io_tenures":[{"entry_ns":2983828612913728,"begin_ns":2983828612913748,"end_ns":2983828726732928,"exit_ns":2983828726733058,"busy_ns":39580,"idle_ns":113779600,"role_exit":false,"stopped":true,"did_submit":0,"sweep_submit":0,"park":0}]},{"tid":2,"role":"fused","ops":0,"iterations":3,"busy_ns":39730,"idle_ns":113784360,"cpu_ns":513440,"wake_tx":0,"wake_rx":0,"io_tenures":[{"entry_ns":2983828612913118,"begin_ns":2983828612913148,"end_ns":2983828726737238,"exit_ns":2983828726737388,"busy_ns":39730,"idle_ns":113784360,"role_exit":false,"stopped":true,"did_submit":0,"sweep_submit":0,"park":0}]},{"tid":3,"role":"fused","ops":4097,"iterations":6185,"busy_ns":17100896,"idle_ns":96723164,"cpu_ns":24477810,"wake_tx":1,"wake_rx":2,"io_tenures":[{"entry_ns":2983828612911848,"begin_ns":2983828612911878,"end_ns":2983828726735938,"exit_ns":2983828726736068,"busy_ns":17100896,"idle_ns":96723164,"role_exit":false,"stopped":true,"did_submit":0,"sweep_submit":0,"park":0}]},{"tid":4,"role":"fused","ops":0,"iterations":3,"busy_ns":38400,"idle_ns":113779080,"cpu_ns":535960,"wake_tx":0,"wake_rx":0,"io_tenures":[{"entry_ns":2983828612918208,"begin_ns":2983828612918238,"end_ns":2983828726735718,"exit_ns":2983828726735858,"busy_ns":38400,"idle_ns":113779080,"role_exit":false,"stopped":true,"did_submit":0,"sweep_submit":0,"park":0}]},{"tid":5,"role":"fused","ops":1,"iterations":5,"busy_ns":55321,"idle_ns":113768920,"cpu_ns":535150,"wake_tx":1,"wake_rx":2,"io_tenures":[{"entry_ns":2983828612920088,"begin_ns":2983828612920118,"end_ns":2983828726744359,"exit_ns":2983828726744388,"busy_ns":55321,"idle_ns":113768920,"role_exit":false,"stopped":true,"did_submit":0,"sweep_submit":0,"park":0}]},{"tid":6,"role":"fused","ops":0,"iterations":3,"busy_ns":44310,"idle_ns":113779200,"cpu_ns":528590,"wake_tx":0,"wake_rx":0,"io_tenures":[{"entry_ns":2983828612910128,"begin_ns":2983828612910158,"end_ns":2983828726733668,"exit_ns":2983828726733808,"busy_ns":44310,"idle_ns":113779200,"role_exit":false,"stopped":true,"did_submit":0,"sweep_submit":0,"park":0}]},{"tid":7,"role":"fused","ops":0,"iterations":3,"busy_ns":34980,"idle_ns":113780920,"cpu_ns":605060,"wake_tx":0,"wake_rx":0,"io_tenures":[{"entry_ns":2983828612916218,"begin_ns":2983828612916248,"end_ns":2983828726732148,"exit_ns":2983828726732278,"busy_ns":34980,"idle_ns":113780920,"role_exit":false,"stopped":true,"did_submit":0,"sweep_submit":0,"park":0}]}],"wb":{"retired":2059,"direct":2048,"sends_completed":2059,"sends_submitted":2059,"short_writes":0,"send_errors":0,"peer_aborts":0,"bytes_sent":76958,"zc_sends":0,"zc_bytes":0,"zc_releases":0,"serves":2059,"serves_empty":0},"tls":{"accepts":0,"handshakes_completed":0,"handshakes_started":0,"handshakes_failed":0,"connections_freed":0,"want_read":0,"want_write":0,"ciphertext_input_bytes":0,"plaintext_input_bytes":0,"ciphertext_output_bytes":0,"plaintext_output_bytes":0,"zc_suppressed":0,"ktls_active":0,"ktls_fallback":0},"stuck":{"live_conns":0,"rob_not_quiesced":0,"unsent_bytes_pending":0,"slots_done":0,"slots_issued":0,"slots_free":0,"flag_set":0},"epoll":{"enabled":false,"events":0,"recvs":0},"persistence":{"enabled":false,"recording":false,"failed":false,"drain_gave_up":false,"posted":0,"flushed":0,"durable":0,"refused":0,"pending_chunks":0,"records_written":0,"producers_with_pending":0,"producers_stopped":0,"producers_expected":0,"completions_pending":0},"accept":{"accepts":1,"accept_err":0,"rearm":0,"sqe_starved":0,"notify_drop":0}}
