topology: 1 L3 domain(s)
  domain  0: 8 cpus [112,113,114,115,116,117,118,119]
tomokv-cpp: 8 unified threads, 16 shard(s), thread-mode=1s, overlap=0 (executor prefetch; ordinary IO), io_uring, alloc=jemalloc, reorder=0, read-local=1
  thread t0: role=unified cpu=112 L3=0 shards=2 send=self
  thread t1: role=unified cpu=113 L3=0 shards=2 send=self
  thread t2: role=unified cpu=114 L3=0 shards=2 send=self
  thread t3: role=unified cpu=115 L3=0 shards=2 send=self
  thread t4: role=unified cpu=116 L3=0 shards=2 send=self
  thread t5: role=unified cpu=117 L3=0 shards=2 send=self
  thread t6: role=unified cpu=118 L3=0 shards=2 send=self
  thread t7: role=unified cpu=119 L3=0 shards=2 send=self
listening on 127.0.0.1:18179
persistence: enabled=0 posted=0 flushed=0 durable=0 refused=0 pending_chunks=0 producers_with_pending=0 drain_gave_up=0 failed=0

thread role          ops      iters   busy_ms   idle_ms    cpu_ms   wake_tx  wake_rx
t0     uni           325     118721      74.7    4003.1      76.6        56      239
io_tenure t0/0 busy_ns=74688149 idle_ns=4003098831 entry_ns=2983824315687212 begin_ns=2983824315687242 end_ns=2983828393474222 exit_ns=2983828393474352 role_exit=0 stopped=1
t1     uni           378     189517     110.4    3967.3     112.6        73      285
io_tenure t1/0 busy_ns=110443120 idle_ns=3967335560 entry_ns=2983824315689442 begin_ns=2983824315689602 end_ns=2983828393468282 exit_ns=2983828393468512 role_exit=0 stopped=1
t2     uni           346      88256      56.6    4021.2      58.6        67      266
io_tenure t2/0 busy_ns=56574393 idle_ns=4021207587 entry_ns=2983824315697492 begin_ns=2983824315697512 end_ns=2983828393479492 exit_ns=2983828393479522 role_exit=0 stopped=1
t3     uni          4562     467556     391.8    3685.9     406.1       951     1097
io_tenure t3/0 busy_ns=391846485 idle_ns=3685933815 entry_ns=2983824315687912 begin_ns=2983824315687942 end_ns=2983828393468242 exit_ns=2983828393468362 role_exit=0 stopped=1
t4     uni           333     104268      63.0    4014.8      65.0        69      257
io_tenure t4/0 busy_ns=63008236 idle_ns=4014774634 entry_ns=2983824315688822 begin_ns=2983824315688852 end_ns=2983828393471722 exit_ns=2983828393471942 role_exit=0 stopped=1
t5     uni           334      57378      39.0    4038.8      40.9        74      258
io_tenure t5/0 busy_ns=38970523 idle_ns=4038815287 entry_ns=2983824315687492 begin_ns=2983824315687522 end_ns=2983828393473332 exit_ns=2983828393473452 role_exit=0 stopped=1
t6     uni           353     123558      73.8    4003.9      75.7       121      308
io_tenure t6/0 busy_ns=73843136 idle_ns=4003936424 entry_ns=2983824315689632 begin_ns=2983824315689662 end_ns=2983828393469222 exit_ns=2983828393469352 role_exit=0 stopped=1
t7     uni           359      78937      52.1    4025.7      54.3        92      296
io_tenure t7/0 busy_ns=52097076 idle_ns=4025682834 entry_ns=2983824315689192 begin_ns=2983824315689222 end_ns=2983828393469132 exit_ns=2983828393469262 role_exit=0 stopped=1
wb: retired=3952 direct=2048 sends=3952/3952 short=0 err=0 peer_aborts=0 bytes=6277170 zc_sends=0 zc_bytes=0 zc_releases=0 serves=5924 empty=1972
tls: accepts=0 handshakes=0/0 failed=0 freed=0 want_read=0 want_write=0 cipher_in=0 plain_in=0 cipher_out=0 plain_out=0 zc_suppressed=0 ktls_active=0 ktls_fallback=0
stuck: live_conns=0 rob_not_quiesced=0 unsent_bytes_pending=0 | slots done=0 issued=0 free=0 flag_set=0
shutdown: unified_work=6990 accepts=242 accept_err=0 rearm=0 sqe_starved=0 notify_drop=0
shutdown_report {"schema":1,"thread_mode":"1s","work":{"kind":"fused","unified":6990},"threads":[{"tid":0,"role":"fused","ops":325,"iterations":118721,"busy_ns":74688149,"idle_ns":4003098831,"cpu_ns":76570920,"wake_tx":56,"wake_rx":239,"io_tenures":[{"entry_ns":2983824315687212,"begin_ns":2983824315687242,"end_ns":2983828393474222,"exit_ns":2983828393474352,"busy_ns":74688149,"idle_ns":4003098831,"role_exit":false,"stopped":true,"did_submit":0,"sweep_submit":0,"park":0}]},{"tid":1,"role":"fused","ops":378,"iterations":189517,"busy_ns":110443120,"idle_ns":3967335560,"cpu_ns":112607998,"wake_tx":73,"wake_rx":285,"io_tenures":[{"entry_ns":2983824315689442,"begin_ns":2983824315689602,"end_ns":2983828393468282,"exit_ns":2983828393468512,"busy_ns":110443120,"idle_ns":3967335560,"role_exit":false,"stopped":true,"did_submit":0,"sweep_submit":0,"park":0}]},{"tid":2,"role":"fused","ops":346,"iterations":88256,"busy_ns":56574393,"idle_ns":4021207587,"cpu_ns":58612362,"wake_tx":67,"wake_rx":266,"io_tenures":[{"entry_ns":2983824315697492,"begin_ns":2983824315697512,"end_ns":2983828393479492,"exit_ns":2983828393479522,"busy_ns":56574393,"idle_ns":4021207587,"role_exit":false,"stopped":true,"did_submit":0,"sweep_submit":0,"park":0}]},{"tid":3,"role":"fused","ops":4562,"iterations":467556,"busy_ns":391846485,"idle_ns":3685933815,"cpu_ns":406102832,"wake_tx":951,"wake_rx":1097,"io_tenures":[{"entry_ns":2983824315687912,"begin_ns":2983824315687942,"end_ns":2983828393468242,"exit_ns":2983828393468362,"busy_ns":391846485,"idle_ns":3685933815,"role_exit":false,"stopped":true,"did_submit":0,"sweep_submit":0,"park":0}]},{"tid":4,"role":"fused","ops":333,"iterations":104268,"busy_ns":63008236,"idle_ns":4014774634,"cpu_ns":64959539,"wake_tx":69,"wake_rx":257,"io_tenures":[{"entry_ns":2983824315688822,"begin_ns":2983824315688852,"end_ns":2983828393471722,"exit_ns":2983828393471942,"busy_ns":63008236,"idle_ns":4014774634,"role_exit":false,"stopped":true,"did_submit":0,"sweep_submit":0,"park":0}]},{"tid":5,"role":"fused","ops":334,"iterations":57378,"busy_ns":38970523,"idle_ns":4038815287,"cpu_ns":40855452,"wake_tx":74,"wake_rx":258,"io_tenures":[{"entry_ns":2983824315687492,"begin_ns":2983824315687522,"end_ns":2983828393473332,"exit_ns":2983828393473452,"busy_ns":38970523,"idle_ns":4038815287,"role_exit":false,"stopped":true,"did_submit":0,"sweep_submit":0,"park":0}]},{"tid":6,"role":"fused","ops":353,"iterations":123558,"busy_ns":73843136,"idle_ns":4003936424,"cpu_ns":75705991,"wake_tx":121,"wake_rx":308,"io_tenures":[{"entry_ns":2983824315689632,"begin_ns":2983824315689662,"end_ns":2983828393469222,"exit_ns":2983828393469352,"busy_ns":73843136,"idle_ns":4003936424,"role_exit":false,"stopped":true,"did_submit":0,"sweep_submit":0,"park":0}]},{"tid":7,"role":"fused","ops":359,"iterations":78937,"busy_ns":52097076,"idle_ns":4025682834,"cpu_ns":54278811,"wake_tx":92,"wake_rx":296,"io_tenures":[{"entry_ns":2983824315689192,"begin_ns":2983824315689222,"end_ns":2983828393469132,"exit_ns":2983828393469262,"busy_ns":52097076,"idle_ns":4025682834,"role_exit":false,"stopped":true,"did_submit":0,"sweep_submit":0,"park":0}]}],"wb":{"retired":3952,"direct":2048,"sends_completed":3952,"sends_submitted":3952,"short_writes":0,"send_errors":0,"peer_aborts":0,"bytes_sent":6277170,"zc_sends":0,"zc_bytes":0,"zc_releases":0,"serves":5924,"serves_empty":1972},"tls":{"accepts":0,"handshakes_completed":0,"handshakes_started":0,"handshakes_failed":0,"connections_freed":0,"want_read":0,"want_write":0,"ciphertext_input_bytes":0,"plaintext_input_bytes":0,"ciphertext_output_bytes":0,"plaintext_output_bytes":0,"zc_suppressed":0,"ktls_active":0,"ktls_fallback":0},"stuck":{"live_conns":0,"rob_not_quiesced":0,"unsent_bytes_pending":0,"slots_done":0,"slots_issued":0,"slots_free":0,"flag_set":0},"epoll":{"enabled":false,"events":0,"recvs":0},"persistence":{"enabled":false,"recording":false,"failed":false,"drain_gave_up":false,"posted":0,"flushed":0,"durable":0,"refused":0,"pending_chunks":0,"records_written":0,"producers_with_pending":0,"producers_stopped":0,"producers_expected":0,"completions_pending":0},"accept":{"accepts":242,"accept_err":0,"rearm":0,"sqe_starved":0,"notify_drop":0}}
