topology: 1 L3 domain(s)
  domain  0: 8 cpus [112,113,114,115,116,117,118,119]
tomokv-cpp: 8 unified threads, 16 shard(s), thread-mode=1s, overlap=0 (executor prefetch; ordinary IO), io_uring, alloc=jemalloc, reorder=0, read-local=1
  thread t0: role=unified cpu=112 L3=0 shards=2 send=self
  thread t1: role=unified cpu=113 L3=0 shards=2 send=self
  thread t2: role=unified cpu=114 L3=0 shards=2 send=self
  thread t3: role=unified cpu=115 L3=0 shards=2 send=self
  thread t4: role=unified cpu=116 L3=0 shards=2 send=self
  thread t5: role=unified cpu=117 L3=0 shards=2 send=self
  thread t6: role=unified cpu=118 L3=0 shards=2 send=self
  thread t7: role=unified cpu=119 L3=0 shards=2 send=self
listening on 127.0.0.1:18340
persistence: enabled=0 posted=0 flushed=0 durable=0 refused=0 pending_chunks=0 producers_with_pending=0 drain_gave_up=0 failed=0

thread role          ops      iters   busy_ms   idle_ms    cpu_ms   wake_tx  wake_rx
t0     uni             2        182       0.2     285.9       0.7         1        2
io_tenure t0/0 busy_ns=158001 idle_ns=285938013 entry_ns=3160531291534894 begin_ns=3160531291534924 end_ns=3160531577630938 exit_ns=3160531577631068 role_exit=0 stopped=1
t1     uni             6         91       0.8     285.3       1.3         8       11
io_tenure t1/0 busy_ns=802804 idle_ns=285286130 entry_ns=3160531291538894 begin_ns=3160531291538924 end_ns=3160531577627858 exit_ns=3160531577627988 role_exit=0 stopped=1
t2     uni             2        202       0.1     285.9       0.6         0        1
io_tenure t2/0 busy_ns=148399 idle_ns=285936115 entry_ns=3160531291539904 begin_ns=3160531291539924 end_ns=3160531577624438 exit_ns=3160531577624568 role_exit=0 stopped=1
t3     uni             2        195       0.2     285.9       0.6         0        1
io_tenure t3/0 busy_ns=159150 idle_ns=285940384 entry_ns=3160531291530214 begin_ns=3160531291530244 end_ns=3160531577629778 exit_ns=3160531577629908 role_exit=0 stopped=1
t4     uni             7        167       0.2     285.9       0.7         4        8
io_tenure t4/0 busy_ns=209340 idle_ns=285888744 entry_ns=3160531291530814 begin_ns=3160531291530844 end_ns=3160531577628928 exit_ns=3160531577629048 role_exit=0 stopped=1
t5     uni             2        174       0.4     285.7       1.0         0        1
io_tenure t5/0 busy_ns=427152 idle_ns=285680672 entry_ns=3160531291532464 begin_ns=3160531291532704 end_ns=3160531577640528 exit_ns=3160531577640558 role_exit=0 stopped=1
t6     uni             2        149       0.1     285.9       0.6         0        1
io_tenure t6/0 busy_ns=134490 idle_ns=285945044 entry_ns=3160531291547894 begin_ns=3160531291547914 end_ns=3160531577627448 exit_ns=3160531577627568 role_exit=0 stopped=1
t7     uni             3        251       0.3     285.8       0.9         2        5
io_tenure t7/0 busy_ns=324662 idle_ns=285766452 entry_ns=3160531291531964 begin_ns=3160531291531994 end_ns=3160531577623108 exit_ns=3160531577623228 role_exit=0 stopped=1
wb: retired=10 direct=1 sends=10/10 short=0 err=0 peer_aborts=0 bytes=10900 zc_sends=0 zc_bytes=0 zc_releases=0 serves=13 empty=3
tls: accepts=0 handshakes=0/0 failed=0 freed=0 want_read=0 want_write=0 cipher_in=0 plain_in=0 cipher_out=0 plain_out=0 zc_suppressed=0 ktls_active=0 ktls_fallback=0
stuck: live_conns=0 rob_not_quiesced=0 unsent_bytes_pending=0 | slots done=0 issued=0 free=0 flag_set=0
shutdown: unified_work=26 accepts=3 accept_err=0 rearm=0 sqe_starved=0 notify_drop=0
shutdown_report {"schema":1,"thread_mode":"1s","work":{"kind":"fused","unified":26},"threads":[{"tid":0,"role":"fused","ops":2,"iterations":182,"busy_ns":158001,"idle_ns":285938013,"cpu_ns":685644,"wake_tx":1,"wake_rx":2,"io_tenures":[{"entry_ns":3160531291534894,"begin_ns":3160531291534924,"end_ns":3160531577630938,"exit_ns":3160531577631068,"busy_ns":158001,"idle_ns":285938013,"role_exit":false,"stopped":true,"did_submit":0,"sweep_submit":0,"park":0}]},{"tid":1,"role":"fused","ops":6,"iterations":91,"busy_ns":802804,"idle_ns":285286130,"cpu_ns":1333749,"wake_tx":8,"wake_rx":11,"io_tenures":[{"entry_ns":3160531291538894,"begin_ns":3160531291538924,"end_ns":3160531577627858,"exit_ns":3160531577627988,"busy_ns":802804,"idle_ns":285286130,"role_exit":false,"stopped":true,"did_submit":0,"sweep_submit":0,"park":0}]},{"tid":2,"role":"fused","ops":2,"iterations":202,"busy_ns":148399,"idle_ns":285936115,"cpu_ns":622257,"wake_tx":0,"wake_rx":1,"io_tenures":[{"entry_ns":3160531291539904,"begin_ns":3160531291539924,"end_ns":3160531577624438,"exit_ns":3160531577624568,"busy_ns":148399,"idle_ns":285936115,"role_exit":false,"stopped":true,"did_submit":0,"sweep_submit":0,"park":0}]},{"tid":3,"role":"fused","ops":2,"iterations":195,"busy_ns":159150,"idle_ns":285940384,"cpu_ns":619516,"wake_tx":0,"wake_rx":1,"io_tenures":[{"entry_ns":3160531291530214,"begin_ns":3160531291530244,"end_ns":3160531577629778,"exit_ns":3160531577629908,"busy_ns":159150,"idle_ns":285940384,"role_exit":false,"stopped":true,"did_submit":0,"sweep_submit":0,"park":0}]},{"tid":4,"role":"fused","ops":7,"iterations":167,"busy_ns":209340,"idle_ns":285888744,"cpu_ns":737871,"wake_tx":4,"wake_rx":8,"io_tenures":[{"entry_ns":3160531291530814,"begin_ns":3160531291530844,"end_ns":3160531577628928,"exit_ns":3160531577629048,"busy_ns":209340,"idle_ns":285888744,"role_exit":false,"stopped":true,"did_submit":0,"sweep_submit":0,"park":0}]},{"tid":5,"role":"fused","ops":2,"iterations":174,"busy_ns":427152,"idle_ns":285680672,"cpu_ns":984852,"wake_tx":0,"wake_rx":1,"io_tenures":[{"entry_ns":3160531291532464,"begin_ns":3160531291532704,"end_ns":3160531577640528,"exit_ns":3160531577640558,"busy_ns":427152,"idle_ns":285680672,"role_exit":false,"stopped":true,"did_submit":0,"sweep_submit":0,"park":0}]},{"tid":6,"role":"fused","ops":2,"iterations":149,"busy_ns":134490,"idle_ns":285945044,"cpu_ns":632592,"wake_tx":0,"wake_rx":1,"io_tenures":[{"entry_ns":3160531291547894,"begin_ns":3160531291547914,"end_ns":3160531577627448,"exit_ns":3160531577627568,"busy_ns":134490,"idle_ns":285945044,"role_exit":false,"stopped":true,"did_submit":0,"sweep_submit":0,"park":0}]},{"tid":7,"role":"fused","ops":3,"iterations":251,"busy_ns":324662,"idle_ns":285766452,"cpu_ns":860008,"wake_tx":2,"wake_rx":5,"io_tenures":[{"entry_ns":3160531291531964,"begin_ns":3160531291531994,"end_ns":3160531577623108,"exit_ns":3160531577623228,"busy_ns":324662,"idle_ns":285766452,"role_exit":false,"stopped":true,"did_submit":0,"sweep_submit":0,"park":0}]}],"wb":{"retired":10,"direct":1,"sends_completed":10,"sends_submitted":10,"short_writes":0,"send_errors":0,"peer_aborts":0,"bytes_sent":10900,"zc_sends":0,"zc_bytes":0,"zc_releases":0,"serves":13,"serves_empty":3},"tls":{"accepts":0,"handshakes_completed":0,"handshakes_started":0,"handshakes_failed":0,"connections_freed":0,"want_read":0,"want_write":0,"ciphertext_input_bytes":0,"plaintext_input_bytes":0,"ciphertext_output_bytes":0,"plaintext_output_bytes":0,"zc_suppressed":0,"ktls_active":0,"ktls_fallback":0},"stuck":{"live_conns":0,"rob_not_quiesced":0,"unsent_bytes_pending":0,"slots_done":0,"slots_issued":0,"slots_free":0,"flag_set":0},"epoll":{"enabled":false,"events":0,"recvs":0},"persistence":{"enabled":false,"recording":false,"failed":false,"drain_gave_up":false,"posted":0,"flushed":0,"durable":0,"refused":0,"pending_chunks":0,"records_written":0,"producers_with_pending":0,"producers_stopped":0,"producers_expected":0,"completions_pending":0},"accept":{"accepts":3,"accept_err":0,"rearm":0,"sqe_starved":0,"notify_drop":0}}
