topology: 1 L3 domain(s)
  domain  0: 8 cpus [112,113,114,115,116,117,118,119]
tomokv-cpp: 8 unified threads, 16 shard(s), thread-mode=1s, overlap=0 (executor prefetch; ordinary IO), io_uring, alloc=jemalloc, reorder=0, read-local=1
  thread t0: role=unified cpu=112 L3=0 shards=2 send=self
  thread t1: role=unified cpu=113 L3=0 shards=2 send=self
  thread t2: role=unified cpu=114 L3=0 shards=2 send=self
  thread t3: role=unified cpu=115 L3=0 shards=2 send=self
  thread t4: role=unified cpu=116 L3=0 shards=2 send=self
  thread t5: role=unified cpu=117 L3=0 shards=2 send=self
  thread t6: role=unified cpu=118 L3=0 shards=2 send=self
  thread t7: role=unified cpu=119 L3=0 shards=2 send=self
listening on 127.0.0.1:18179
persistence: enabled=0 posted=0 flushed=0 durable=0 refused=0 pending_chunks=0 producers_with_pending=0 drain_gave_up=0 failed=0

thread role          ops      iters   busy_ms   idle_ms    cpu_ms   wake_tx  wake_rx
t0     uni            71      11384       7.8     936.2       8.6        22       59
io_tenure t0/0 busy_ns=7838269 idle_ns=936205817 entry_ns=2984677468148900 begin_ns=2984677468148930 end_ns=2984678412193016 exit_ns=2984678412193146 role_exit=0 stopped=1
t1     uni            78      22654      14.0     930.1      14.8        14       57
io_tenure t1/0 busy_ns=13951701 idle_ns=930094985 entry_ns=2984677468144980 begin_ns=2984677468145010 end_ns=2984678412191696 exit_ns=2984678412191816 role_exit=0 stopped=1
t2     uni            87      25033      16.3     927.8      17.0        23       69
io_tenure t2/0 busy_ns=16276484 idle_ns=927767462 entry_ns=2984677468146970 begin_ns=2984677468146990 end_ns=2984678412190936 exit_ns=2984678412191096 role_exit=0 stopped=1
t3     uni            78       9153       6.4     937.6       7.1        18       56
io_tenure t3/0 busy_ns=6433272 idle_ns=937617854 entry_ns=2984677468141400 begin_ns=2984677468141660 end_ns=2984678412192786 exit_ns=2984678412192926 role_exit=0 stopped=1
t4     uni            70      22448      13.9     930.2      14.6        10       46
io_tenure t4/0 busy_ns=13867028 idle_ns=930172408 entry_ns=2984677468151010 begin_ns=2984677468151040 end_ns=2984678412190476 exit_ns=2984678412190606 role_exit=0 stopped=1
t5     uni            71      21116      13.0     931.0      13.8        14       54
io_tenure t5/0 busy_ns=13024692 idle_ns=931021694 entry_ns=2984677468143070 begin_ns=2984677468143090 end_ns=2984678412189476 exit_ns=2984678412189606 role_exit=0 stopped=1
t6     uni            82       8080       5.9     938.1       6.6        20       65
io_tenure t6/0 busy_ns=5899021 idle_ns=938137655 entry_ns=2984677468153470 begin_ns=2984677468153500 end_ns=2984678412190176 exit_ns=2984678412190306 role_exit=0 stopped=1
t7     uni          4198      46903      58.7     885.4      67.4       196      228
io_tenure t7/0 busy_ns=58672545 idle_ns=885368211 entry_ns=2984677468157160 begin_ns=2984677468157180 end_ns=2984678412197936 exit_ns=2984678412197966 role_exit=0 stopped=1
wb: retired=2409 direct=2048 sends=2409/2409 short=0 err=0 peer_aborts=0 bytes=942157 zc_sends=0 zc_bytes=0 zc_releases=0 serves=3302 empty=893
tls: accepts=0 handshakes=0/0 failed=0 freed=0 want_read=0 want_write=0 cipher_in=0 plain_in=0 cipher_out=0 plain_out=0 zc_suppressed=0 ktls_active=0 ktls_fallback=0
stuck: live_conns=1 rob_not_quiesced=0 unsent_bytes_pending=0 | slots done=0 issued=0 free=0 flag_set=0
shutdown: unified_work=4735 accepts=50 accept_err=0 rearm=0 sqe_starved=0 notify_drop=0
shutdown_report {"schema":1,"thread_mode":"1s","work":{"kind":"fused","unified":4735},"threads":[{"tid":0,"role":"fused","ops":71,"iterations":11384,"busy_ns":7838269,"idle_ns":936205817,"cpu_ns":8617773,"wake_tx":22,"wake_rx":59,"io_tenures":[{"entry_ns":2984677468148900,"begin_ns":2984677468148930,"end_ns":2984678412193016,"exit_ns":2984678412193146,"busy_ns":7838269,"idle_ns":936205817,"role_exit":false,"stopped":true,"did_submit":0,"sweep_submit":0,"park":0}]},{"tid":1,"role":"fused","ops":78,"iterations":22654,"busy_ns":13951701,"idle_ns":930094985,"cpu_ns":14829879,"wake_tx":14,"wake_rx":57,"io_tenures":[{"entry_ns":2984677468144980,"begin_ns":2984677468145010,"end_ns":2984678412191696,"exit_ns":2984678412191816,"busy_ns":13951701,"idle_ns":930094985,"role_exit":false,"stopped":true,"did_submit":0,"sweep_submit":0,"park":0}]},{"tid":2,"role":"fused","ops":87,"iterations":25033,"busy_ns":16276484,"idle_ns":927767462,"cpu_ns":17037891,"wake_tx":23,"wake_rx":69,"io_tenures":[{"entry_ns":2984677468146970,"begin_ns":2984677468146990,"end_ns":2984678412190936,"exit_ns":2984678412191096,"busy_ns":16276484,"idle_ns":927767462,"role_exit":false,"stopped":true,"did_submit":0,"sweep_submit":0,"park":0}]},{"tid":3,"role":"fused","ops":78,"iterations":9153,"busy_ns":6433272,"idle_ns":937617854,"cpu_ns":7098964,"wake_tx":18,"wake_rx":56,"io_tenures":[{"entry_ns":2984677468141400,"begin_ns":2984677468141660,"end_ns":2984678412192786,"exit_ns":2984678412192926,"busy_ns":6433272,"idle_ns":937617854,"role_exit":false,"stopped":true,"did_submit":0,"sweep_submit":0,"park":0}]},{"tid":4,"role":"fused","ops":70,"iterations":22448,"busy_ns":13867028,"idle_ns":930172408,"cpu_ns":14612260,"wake_tx":10,"wake_rx":46,"io_tenures":[{"entry_ns":2984677468151010,"begin_ns":2984677468151040,"end_ns":2984678412190476,"exit_ns":2984678412190606,"busy_ns":13867028,"idle_ns":930172408,"role_exit":false,"stopped":true,"did_submit":0,"sweep_submit":0,"park":0}]},{"tid":5,"role":"fused","ops":71,"iterations":21116,"busy_ns":13024692,"idle_ns":931021694,"cpu_ns":13810230,"wake_tx":14,"wake_rx":54,"io_tenures":[{"entry_ns":2984677468143070,"begin_ns":2984677468143090,"end_ns":2984678412189476,"exit_ns":2984678412189606,"busy_ns":13024692,"idle_ns":931021694,"role_exit":false,"stopped":true,"did_submit":0,"sweep_submit":0,"park":0}]},{"tid":6,"role":"fused","ops":82,"iterations":8080,"busy_ns":5899021,"idle_ns":938137655,"cpu_ns":6648836,"wake_tx":20,"wake_rx":65,"io_tenures":[{"entry_ns":2984677468153470,"begin_ns":2984677468153500,"end_ns":2984678412190176,"exit_ns":2984678412190306,"busy_ns":5899021,"idle_ns":938137655,"role_exit":false,"stopped":true,"did_submit":0,"sweep_submit":0,"park":0}]},{"tid":7,"role":"fused","ops":4198,"iterations":46903,"busy_ns":58672545,"idle_ns":885368211,"cpu_ns":67427367,"wake_tx":196,"wake_rx":228,"io_tenures":[{"entry_ns":2984677468157160,"begin_ns":2984677468157180,"end_ns":2984678412197936,"exit_ns":2984678412197966,"busy_ns":58672545,"idle_ns":885368211,"role_exit":false,"stopped":true,"did_submit":0,"sweep_submit":0,"park":0}]}],"wb":{"retired":2409,"direct":2048,"sends_completed":2409,"sends_submitted":2409,"short_writes":0,"send_errors":0,"peer_aborts":0,"bytes_sent":942157,"zc_sends":0,"zc_bytes":0,"zc_releases":0,"serves":3302,"serves_empty":893},"tls":{"accepts":0,"handshakes_completed":0,"handshakes_started":0,"handshakes_failed":0,"connections_freed":0,"want_read":0,"want_write":0,"ciphertext_input_bytes":0,"plaintext_input_bytes":0,"ciphertext_output_bytes":0,"plaintext_output_bytes":0,"zc_suppressed":0,"ktls_active":0,"ktls_fallback":0},"stuck":{"live_conns":1,"rob_not_quiesced":0,"unsent_bytes_pending":0,"slots_done":0,"slots_issued":0,"slots_free":0,"flag_set":0},"epoll":{"enabled":false,"events":0,"recvs":0},"persistence":{"enabled":false,"recording":false,"failed":false,"drain_gave_up":false,"posted":0,"flushed":0,"durable":0,"refused":0,"pending_chunks":0,"records_written":0,"producers_with_pending":0,"producers_stopped":0,"producers_expected":0,"completions_pending":0},"accept":{"accepts":50,"accept_err":0,"rearm":0,"sqe_starved":0,"notify_drop":0}}
