topology: 1 L3 domain(s)
  domain  0: 8 cpus [112,113,114,115,116,117,118,119]
tomokv-cpp: 8 threads (6 io + 2 ex), 16 shard(s), thread-mode=2s, overlap=0, io_uring, alloc=jemalloc, reorder=0, read-local=0
  thread t0: role=ifid cpu=112 L3=0 shards=0
  thread t1: role=ifid cpu=113 L3=0 shards=0
  thread t2: role=ifid cpu=114 L3=0 shards=0
  thread t3: role=ifid cpu=115 L3=0 shards=0
  thread t4: role=ifid cpu=116 L3=0 shards=0
  thread t5: role=ifid cpu=117 L3=0 shards=0
  thread t6: role=ex cpu=118 L3=0 shards=8
  thread t7: role=ex cpu=119 L3=0 shards=8
listening on 127.0.0.1:19910
persistence: enabled=0 posted=0 flushed=0 durable=0 refused=0 pending_chunks=0 producers_with_pending=0 drain_gave_up=0 failed=0

thread role          ops      iters   busy_ms   idle_ms    cpu_ms   wake_tx  wake_rx
t0     io              1         82       0.4     549.7       0.9         0        1
io_tenure t0/0 busy_ns=427751 idle_ns=549743290 entry_ns=2824622552924097 begin_ns=2824622552924117 end_ns=2824623103095158 exit_ns=2824623103095187 role_exit=0 stopped=1
t1     io              4        132       0.6     549.7       1.1         4        7
io_tenure t1/0 busy_ns=619305 idle_ns=549720907 entry_ns=2824622552741756 begin_ns=2824622552741806 end_ns=2824623103082018 exit_ns=2824623103082227 role_exit=0 stopped=1
t2     io              4         76       0.4     549.6       0.9         2        5
io_tenure t2/0 busy_ns=382776 idle_ns=549613215 entry_ns=2824622553083147 begin_ns=2824622553083207 end_ns=2824623103079198 exit_ns=2824623103079327 role_exit=0 stopped=1
t3     io              0         30       0.3     549.7       0.8         0        0
io_tenure t3/0 busy_ns=300282 idle_ns=549712107 entry_ns=2824622553067318 begin_ns=2824622553067378 end_ns=2824623103079767 exit_ns=2824623103079907 role_exit=0 stopped=1
t4     io              1         49       0.3     549.8       0.8         0        1
io_tenure t4/0 busy_ns=285572 idle_ns=549770289 entry_ns=2824622553025297 begin_ns=2824622553025337 end_ns=2824623103081198 exit_ns=2824623103081327 role_exit=0 stopped=1
t5     io              2         95       0.5     549.7       1.0         1        3
io_tenure t5/0 busy_ns=454153 idle_ns=549693517 entry_ns=2824622553119928 begin_ns=2824622553119968 end_ns=2824623103267638 exit_ns=2824623103267678 role_exit=0 stopped=1
t6     ex             33     307119      25.7     432.6     123.5         5        9
t7     ex             35     233051       0.1     495.5      71.8         5        8
wb: retired=88 direct=2 sends=88/88 short=0 err=0 peer_aborts=0 bytes=7494 zc_sends=0 zc_bytes=0 zc_releases=0 serves=89 empty=1
tls: accepts=0 handshakes=0/0 failed=0 freed=0 want_read=0 want_write=0 cipher_in=0 plain_in=0 cipher_out=0 plain_out=0 zc_suppressed=0 ktls_active=0 ktls_fallback=0
stuck: live_conns=0 rob_not_quiesced=0 unsent_bytes_pending=0 | slots done=0 issued=0 free=0 flag_set=0
shutdown: dispatched=12 executed=68 accepts=30 accept_err=0 rearm=0 sqe_starved=0 notify_drop=0
shutdown_report {"schema":1,"thread_mode":"2s","work":{"kind":"split","dispatched":12,"executed":68},"threads":[{"tid":0,"role":"io","ops":1,"iterations":82,"busy_ns":427751,"idle_ns":549743290,"cpu_ns":919890,"wake_tx":0,"wake_rx":1,"io_tenures":[{"entry_ns":2824622552924097,"begin_ns":2824622552924117,"end_ns":2824623103095158,"exit_ns":2824623103095187,"busy_ns":427751,"idle_ns":549743290,"role_exit":false,"stopped":true,"did_submit":0,"sweep_submit":0,"park":0}]},{"tid":1,"role":"io","ops":4,"iterations":132,"busy_ns":619305,"idle_ns":549720907,"cpu_ns":1104920,"wake_tx":4,"wake_rx":7,"io_tenures":[{"entry_ns":2824622552741756,"begin_ns":2824622552741806,"end_ns":2824623103082018,"exit_ns":2824623103082227,"busy_ns":619305,"idle_ns":549720907,"role_exit":false,"stopped":true,"did_submit":0,"sweep_submit":0,"park":0}]},{"tid":2,"role":"io","ops":4,"iterations":76,"busy_ns":382776,"idle_ns":549613215,"cpu_ns":857030,"wake_tx":2,"wake_rx":5,"io_tenures":[{"entry_ns":2824622553083147,"begin_ns":2824622553083207,"end_ns":2824623103079198,"exit_ns":2824623103079327,"busy_ns":382776,"idle_ns":549613215,"role_exit":false,"stopped":true,"did_submit":0,"sweep_submit":0,"park":0}]},{"tid":3,"role":"io","ops":0,"iterations":30,"busy_ns":300282,"idle_ns":549712107,"cpu_ns":820180,"wake_tx":0,"wake_rx":0,"io_tenures":[{"entry_ns":2824622553067318,"begin_ns":2824622553067378,"end_ns":2824623103079767,"exit_ns":2824623103079907,"busy_ns":300282,"idle_ns":549712107,"role_exit":false,"stopped":true,"did_submit":0,"sweep_submit":0,"park":0}]},{"tid":4,"role":"io","ops":1,"iterations":49,"busy_ns":285572,"idle_ns":549770289,"cpu_ns":792180,"wake_tx":0,"wake_rx":1,"io_tenures":[{"entry_ns":2824622553025297,"begin_ns":2824622553025337,"end_ns":2824623103081198,"exit_ns":2824623103081327,"busy_ns":285572,"idle_ns":549770289,"role_exit":false,"stopped":true,"did_submit":0,"sweep_submit":0,"park":0}]},{"tid":5,"role":"io","ops":2,"iterations":95,"busy_ns":454153,"idle_ns":549693517,"cpu_ns":956520,"wake_tx":1,"wake_rx":3,"io_tenures":[{"entry_ns":2824622553119928,"begin_ns":2824622553119968,"end_ns":2824623103267638,"exit_ns":2824623103267678,"busy_ns":454153,"idle_ns":549693517,"role_exit":false,"stopped":true,"did_submit":0,"sweep_submit":0,"park":0}]},{"tid":6,"role":"ex","ops":33,"iterations":307119,"busy_ns":25695425,"idle_ns":432605307,"cpu_ns":123459840,"wake_tx":5,"wake_rx":9,"io_tenures":[]},{"tid":7,"role":"ex","ops":35,"iterations":233051,"busy_ns":147224,"idle_ns":495474900,"cpu_ns":71810340,"wake_tx":5,"wake_rx":8,"io_tenures":[]}],"wb":{"retired":88,"direct":2,"sends_completed":88,"sends_submitted":88,"short_writes":0,"send_errors":0,"peer_aborts":0,"bytes_sent":7494,"zc_sends":0,"zc_bytes":0,"zc_releases":0,"serves":89,"serves_empty":1},"tls":{"accepts":0,"handshakes_completed":0,"handshakes_started":0,"handshakes_failed":0,"connections_freed":0,"want_read":0,"want_write":0,"ciphertext_input_bytes":0,"plaintext_input_bytes":0,"ciphertext_output_bytes":0,"plaintext_output_bytes":0,"zc_suppressed":0,"ktls_active":0,"ktls_fallback":0},"stuck":{"live_conns":0,"rob_not_quiesced":0,"unsent_bytes_pending":0,"slots_done":0,"slots_issued":0,"slots_free":0,"flag_set":0},"epoll":{"enabled":false,"events":0,"recvs":0},"persistence":{"enabled":false,"recording":false,"failed":false,"drain_gave_up":false,"posted":0,"flushed":0,"durable":0,"refused":0,"pending_chunks":0,"records_written":0,"producers_with_pending":0,"producers_stopped":0,"producers_expected":0,"completions_pending":0},"accept":{"accepts":30,"accept_err":0,"rearm":0,"sqe_starved":0,"notify_drop":0}}
