topology: 1 L3 domain(s)
  domain  0: 8 cpus [112,113,114,115,116,117,118,119]
tomokv-cpp: 8 threads (6 io + 2 ex), 16 shard(s), thread-mode=2s, overlap=0, io_uring, alloc=jemalloc, reorder=0, read-local=0
  thread t0: role=ifid cpu=112 L3=0 shards=0
  thread t1: role=ifid cpu=113 L3=0 shards=0
  thread t2: role=ifid cpu=114 L3=0 shards=0
  thread t3: role=ifid cpu=115 L3=0 shards=0
  thread t4: role=ifid cpu=116 L3=0 shards=0
  thread t5: role=ifid cpu=117 L3=0 shards=0
  thread t6: role=ex cpu=118 L3=0 shards=8
  thread t7: role=ex cpu=119 L3=0 shards=8
listening on 127.0.0.1:19910
persistence: enabled=0 posted=0 flushed=0 durable=0 refused=0 pending_chunks=0 producers_with_pending=0 drain_gave_up=0 failed=0

thread role          ops      iters   busy_ms   idle_ms    cpu_ms   wake_tx  wake_rx
t0     io              3         30       0.2     243.3       0.5         1        4
io_tenure t0/0 busy_ns=171681 idle_ns=243279932 entry_ns=2823979544384564 begin_ns=2823979544384595 end_ns=2823979787836208 exit_ns=2823979787836238 role_exit=0 stopped=1
t1     io              0         11       0.1     243.7       0.5         0        0
io_tenure t1/0 busy_ns=125019 idle_ns=243687936 entry_ns=2823979544015323 begin_ns=2823979544015363 end_ns=2823979787828318 exit_ns=2823979787828458 role_exit=0 stopped=1
t2     io              1         14       0.1     243.3       0.6         0        1
io_tenure t2/0 busy_ns=130632 idle_ns=243348622 entry_ns=2823979544344875 begin_ns=2823979544344924 end_ns=2823979787824178 exit_ns=2823979787824208 role_exit=0 stopped=1
t3     io              0          5       0.0     243.8       0.4         0        0
io_tenure t3/0 busy_ns=12830 idle_ns=243756065 entry_ns=2823979544273764 begin_ns=2823979544273804 end_ns=2823979788042699 exit_ns=2823979788042728 role_exit=0 stopped=1
t4     io              0         14       0.2     243.2       0.5         0        0
io_tenure t4/0 busy_ns=221190 idle_ns=243240593 entry_ns=2823979544361415 begin_ns=2823979544361455 end_ns=2823979787823238 exit_ns=2823979787823368 role_exit=0 stopped=1
t5     io              1         69       0.4     243.1       0.8         2        3
io_tenure t5/0 busy_ns=369190 idle_ns=243144434 entry_ns=2823979544311204 begin_ns=2823979544311244 end_ns=2823979787824868 exit_ns=2823979787824998 role_exit=0 stopped=1
t6     ex             13      36824       0.1     235.3      11.9         3        4
t7     ex             12      16042       0.1     240.3       5.8         2        4
wb: retired=26 direct=1 sends=26/26 short=0 err=0 peer_aborts=0 bytes=2415 zc_sends=0 zc_bytes=0 zc_releases=0 serves=26 empty=0
tls: accepts=0 handshakes=0/0 failed=0 freed=0 want_read=0 want_write=0 cipher_in=0 plain_in=0 cipher_out=0 plain_out=0 zc_suppressed=0 ktls_active=0 ktls_fallback=0
stuck: live_conns=0 rob_not_quiesced=0 unsent_bytes_pending=0 | slots done=0 issued=0 free=0 flag_set=0
shutdown: dispatched=5 executed=25 accepts=7 accept_err=0 rearm=0 sqe_starved=0 notify_drop=0
shutdown_report {"schema":1,"thread_mode":"2s","work":{"kind":"split","dispatched":5,"executed":25},"threads":[{"tid":0,"role":"io","ops":3,"iterations":30,"busy_ns":171681,"idle_ns":243279932,"cpu_ns":530920,"wake_tx":1,"wake_rx":4,"io_tenures":[{"entry_ns":2823979544384564,"begin_ns":2823979544384595,"end_ns":2823979787836208,"exit_ns":2823979787836238,"busy_ns":171681,"idle_ns":243279932,"role_exit":false,"stopped":true,"did_submit":0,"sweep_submit":0,"park":0}]},{"tid":1,"role":"io","ops":0,"iterations":11,"busy_ns":125019,"idle_ns":243687936,"cpu_ns":477970,"wake_tx":0,"wake_rx":0,"io_tenures":[{"entry_ns":2823979544015323,"begin_ns":2823979544015363,"end_ns":2823979787828318,"exit_ns":2823979787828458,"busy_ns":125019,"idle_ns":243687936,"role_exit":false,"stopped":true,"did_submit":0,"sweep_submit":0,"park":0}]},{"tid":2,"role":"io","ops":1,"iterations":14,"busy_ns":130632,"idle_ns":243348622,"cpu_ns":583310,"wake_tx":0,"wake_rx":1,"io_tenures":[{"entry_ns":2823979544344875,"begin_ns":2823979544344924,"end_ns":2823979787824178,"exit_ns":2823979787824208,"busy_ns":130632,"idle_ns":243348622,"role_exit":false,"stopped":true,"did_submit":0,"sweep_submit":0,"park":0}]},{"tid":3,"role":"io","ops":0,"iterations":5,"busy_ns":12830,"idle_ns":243756065,"cpu_ns":400210,"wake_tx":0,"wake_rx":0,"io_tenures":[{"entry_ns":2823979544273764,"begin_ns":2823979544273804,"end_ns":2823979788042699,"exit_ns":2823979788042728,"busy_ns":12830,"idle_ns":243756065,"role_exit":false,"stopped":true,"did_submit":0,"sweep_submit":0,"park":0}]},{"tid":4,"role":"io","ops":0,"iterations":14,"busy_ns":221190,"idle_ns":243240593,"cpu_ns":543170,"wake_tx":0,"wake_rx":0,"io_tenures":[{"entry_ns":2823979544361415,"begin_ns":2823979544361455,"end_ns":2823979787823238,"exit_ns":2823979787823368,"busy_ns":221190,"idle_ns":243240593,"role_exit":false,"stopped":true,"did_submit":0,"sweep_submit":0,"park":0}]},{"tid":5,"role":"io","ops":1,"iterations":69,"busy_ns":369190,"idle_ns":243144434,"cpu_ns":817320,"wake_tx":2,"wake_rx":3,"io_tenures":[{"entry_ns":2823979544311204,"begin_ns":2823979544311244,"end_ns":2823979787824868,"exit_ns":2823979787824998,"busy_ns":369190,"idle_ns":243144434,"role_exit":false,"stopped":true,"did_submit":0,"sweep_submit":0,"park":0}]},{"tid":6,"role":"ex","ops":13,"iterations":36824,"busy_ns":82261,"idle_ns":235291964,"cpu_ns":11936590,"wake_tx":3,"wake_rx":4,"io_tenures":[]},{"tid":7,"role":"ex","ops":12,"iterations":16042,"busy_ns":62529,"idle_ns":240344728,"cpu_ns":5788690,"wake_tx":2,"wake_rx":4,"io_tenures":[]}],"wb":{"retired":26,"direct":1,"sends_completed":26,"sends_submitted":26,"short_writes":0,"send_errors":0,"peer_aborts":0,"bytes_sent":2415,"zc_sends":0,"zc_bytes":0,"zc_releases":0,"serves":26,"serves_empty":0},"tls":{"accepts":0,"handshakes_completed":0,"handshakes_started":0,"handshakes_failed":0,"connections_freed":0,"want_read":0,"want_write":0,"ciphertext_input_bytes":0,"plaintext_input_bytes":0,"ciphertext_output_bytes":0,"plaintext_output_bytes":0,"zc_suppressed":0,"ktls_active":0,"ktls_fallback":0},"stuck":{"live_conns":0,"rob_not_quiesced":0,"unsent_bytes_pending":0,"slots_done":0,"slots_issued":0,"slots_free":0,"flag_set":0},"epoll":{"enabled":false,"events":0,"recvs":0},"persistence":{"enabled":false,"recording":false,"failed":false,"drain_gave_up":false,"posted":0,"flushed":0,"durable":0,"refused":0,"pending_chunks":0,"records_written":0,"producers_with_pending":0,"producers_stopped":0,"producers_expected":0,"completions_pending":0},"accept":{"accepts":7,"accept_err":0,"rearm":0,"sqe_starved":0,"notify_drop":0}}
