topology: 1 L3 domain(s)
  domain  0: 8 cpus [112,113,114,115,116,117,118,119]
tomokv-cpp: 8 unified threads, 16 shard(s), thread-mode=1s, overlap=0 (executor prefetch; ordinary IO), io_uring, alloc=jemalloc, reorder=0, read-local=0
  thread t0: role=unified cpu=112 L3=0 shards=2 send=self
  thread t1: role=unified cpu=113 L3=0 shards=2 send=self
  thread t2: role=unified cpu=114 L3=0 shards=2 send=self
  thread t3: role=unified cpu=115 L3=0 shards=2 send=self
  thread t4: role=unified cpu=116 L3=0 shards=2 send=self
  thread t5: role=unified cpu=117 L3=0 shards=2 send=self
  thread t6: role=unified cpu=118 L3=0 shards=2 send=self
  thread t7: role=unified cpu=119 L3=0 shards=2 send=self
listening on 127.0.0.1:19910
persistence: enabled=0 posted=0 flushed=0 durable=0 refused=0 pending_chunks=0 producers_with_pending=0 drain_gave_up=0 failed=0

thread role          ops      iters   busy_ms   idle_ms    cpu_ms   wake_tx  wake_rx
t0     uni             6         67       0.6    2853.9       1.5         1        4
io_tenure t0/0 busy_ns=615725 idle_ns=2853904356 entry_ns=2823976579172036 begin_ns=2823976579172056 end_ns=2823979433692137 exit_ns=2823979433692277 role_exit=0 stopped=1
t1     uni             6        195       1.0    2853.6       1.9         0        3
io_tenure t1/0 busy_ns=957291 idle_ns=2853559409 entry_ns=2823976579175656 begin_ns=2823976579175686 end_ns=2823979433692386 exit_ns=2823979433692517 role_exit=0 stopped=1
t2     uni             8         77       0.6    2853.9       1.3        14       17
io_tenure t2/0 busy_ns=569002 idle_ns=2853949239 entry_ns=2823976579174596 begin_ns=2823976579174816 end_ns=2823979433693057 exit_ns=2823979433693197 role_exit=0 stopped=1
t3     uni            21    6405433    2505.5     349.2    2505.4        12       23
io_tenure t3/0 busy_ns=2505470211 idle_ns=349221620 entry_ns=2823976579173256 begin_ns=2823976579173286 end_ns=2823979433865117 exit_ns=2823979433865167 role_exit=0 stopped=1
t4     uni            26        364       1.1    2853.5       1.8         6       21
io_tenure t4/0 busy_ns=1051815 idle_ns=2853464916 entry_ns=2823976579189386 begin_ns=2823976579189406 end_ns=2823979433706137 exit_ns=2823979433706166 role_exit=0 stopped=1
t5     uni             7         86       0.6    2854.0       1.3         2        6
io_tenure t5/0 busy_ns=559928 idle_ns=2853953592 entry_ns=2823976579173786 begin_ns=2823976579173806 end_ns=2823979433687326 exit_ns=2823979433687466 role_exit=0 stopped=1
t6     uni             6         64       0.5    2854.0       1.2         1        4
io_tenure t6/0 busy_ns=469164 idle_ns=2854045617 entry_ns=2823976579172526 begin_ns=2823976579172676 end_ns=2823979433687457 exit_ns=2823979433687597 role_exit=0 stopped=1
t7     uni            10        118       0.7    2853.8       1.5        12       18
io_tenure t7/0 busy_ns=709016 idle_ns=2853801185 entry_ns=2823976579175106 begin_ns=2823976579175136 end_ns=2823979433685337 exit_ns=2823979433685486 role_exit=0 stopped=1
wb: retired=82 direct=0 sends=82/82 short=0 err=0 peer_aborts=0 bytes=2470 zc_sends=0 zc_bytes=0 zc_releases=0 serves=93 empty=11
tls: accepts=0 handshakes=0/0 failed=0 freed=0 want_read=0 want_write=0 cipher_in=0 plain_in=0 cipher_out=0 plain_out=0 zc_suppressed=0 ktls_active=0 ktls_fallback=0
stuck: live_conns=0 rob_not_quiesced=0 unsent_bytes_pending=0 | slots done=0 issued=0 free=0 flag_set=0
shutdown: unified_work=90 accepts=11 accept_err=0 rearm=0 sqe_starved=0 notify_drop=0
shutdown_report {"schema":1,"thread_mode":"1s","work":{"kind":"fused","unified":90},"threads":[{"tid":0,"role":"fused","ops":6,"iterations":67,"busy_ns":615725,"idle_ns":2853904356,"cpu_ns":1497156,"wake_tx":1,"wake_rx":4,"io_tenures":[{"entry_ns":2823976579172036,"begin_ns":2823976579172056,"end_ns":2823979433692137,"exit_ns":2823979433692277,"busy_ns":615725,"idle_ns":2853904356,"role_exit":false,"stopped":true,"did_submit":0,"sweep_submit":0,"park":0}]},{"tid":1,"role":"fused","ops":6,"iterations":195,"busy_ns":957291,"idle_ns":2853559409,"cpu_ns":1907625,"wake_tx":0,"wake_rx":3,"io_tenures":[{"entry_ns":2823976579175656,"begin_ns":2823976579175686,"end_ns":2823979433692386,"exit_ns":2823979433692517,"busy_ns":957291,"idle_ns":2853559409,"role_exit":false,"stopped":true,"did_submit":0,"sweep_submit":0,"park":0}]},{"tid":2,"role":"fused","ops":8,"iterations":77,"busy_ns":569002,"idle_ns":2853949239,"cpu_ns":1335749,"wake_tx":14,"wake_rx":17,"io_tenures":[{"entry_ns":2823976579174596,"begin_ns":2823976579174816,"end_ns":2823979433693057,"exit_ns":2823979433693197,"busy_ns":569002,"idle_ns":2853949239,"role_exit":false,"stopped":true,"did_submit":0,"sweep_submit":0,"park":0}]},{"tid":3,"role":"fused","ops":21,"iterations":6405433,"busy_ns":2505470211,"idle_ns":349221620,"cpu_ns":2505423720,"wake_tx":12,"wake_rx":23,"io_tenures":[{"entry_ns":2823976579173256,"begin_ns":2823976579173286,"end_ns":2823979433865117,"exit_ns":2823979433865167,"busy_ns":2505470211,"idle_ns":349221620,"role_exit":false,"stopped":true,"did_submit":0,"sweep_submit":0,"park":0}]},{"tid":4,"role":"fused","ops":26,"iterations":364,"busy_ns":1051815,"idle_ns":2853464916,"cpu_ns":1834110,"wake_tx":6,"wake_rx":21,"io_tenures":[{"entry_ns":2823976579189386,"begin_ns":2823976579189406,"end_ns":2823979433706137,"exit_ns":2823979433706166,"busy_ns":1051815,"idle_ns":2853464916,"role_exit":false,"stopped":true,"did_submit":0,"sweep_submit":0,"park":0}]},{"tid":5,"role":"fused","ops":7,"iterations":86,"busy_ns":559928,"idle_ns":2853953592,"cpu_ns":1317028,"wake_tx":2,"wake_rx":6,"io_tenures":[{"entry_ns":2823976579173786,"begin_ns":2823976579173806,"end_ns":2823979433687326,"exit_ns":2823979433687466,"busy_ns":559928,"idle_ns":2853953592,"role_exit":false,"stopped":true,"did_submit":0,"sweep_submit":0,"park":0}]},{"tid":6,"role":"fused","ops":6,"iterations":64,"busy_ns":469164,"idle_ns":2854045617,"cpu_ns":1162081,"wake_tx":1,"wake_rx":4,"io_tenures":[{"entry_ns":2823976579172526,"begin_ns":2823976579172676,"end_ns":2823979433687457,"exit_ns":2823979433687597,"busy_ns":469164,"idle_ns":2854045617,"role_exit":false,"stopped":true,"did_submit":0,"sweep_submit":0,"park":0}]},{"tid":7,"role":"fused","ops":10,"iterations":118,"busy_ns":709016,"idle_ns":2853801185,"cpu_ns":1487102,"wake_tx":12,"wake_rx":18,"io_tenures":[{"entry_ns":2823976579175106,"begin_ns":2823976579175136,"end_ns":2823979433685337,"exit_ns":2823979433685486,"busy_ns":709016,"idle_ns":2853801185,"role_exit":false,"stopped":true,"did_submit":0,"sweep_submit":0,"park":0}]}],"wb":{"retired":82,"direct":0,"sends_completed":82,"sends_submitted":82,"short_writes":0,"send_errors":0,"peer_aborts":0,"bytes_sent":2470,"zc_sends":0,"zc_bytes":0,"zc_releases":0,"serves":93,"serves_empty":11},"tls":{"accepts":0,"handshakes_completed":0,"handshakes_started":0,"handshakes_failed":0,"connections_freed":0,"want_read":0,"want_write":0,"ciphertext_input_bytes":0,"plaintext_input_bytes":0,"ciphertext_output_bytes":0,"plaintext_output_bytes":0,"zc_suppressed":0,"ktls_active":0,"ktls_fallback":0},"stuck":{"live_conns":0,"rob_not_quiesced":0,"unsent_bytes_pending":0,"slots_done":0,"slots_issued":0,"slots_free":0,"flag_set":0},"epoll":{"enabled":false,"events":0,"recvs":0},"persistence":{"enabled":false,"recording":false,"failed":false,"drain_gave_up":false,"posted":0,"flushed":0,"durable":0,"refused":0,"pending_chunks":0,"records_written":0,"producers_with_pending":0,"producers_stopped":0,"producers_expected":0,"completions_pending":0},"accept":{"accepts":11,"accept_err":0,"rearm":0,"sqe_starved":0,"notify_drop":0}}
