topology: 1 L3 domain(s)
  domain  0: 8 cpus [112,113,114,115,116,117,118,119]
tomokv-cpp: 8 threads (6 io + 2 ex), 16 shard(s), thread-mode=2s, overlap=0, io_uring, alloc=jemalloc, reorder=0, read-local=0
  thread t0: role=ifid cpu=112 L3=0 shards=0
  thread t1: role=ifid cpu=113 L3=0 shards=0
  thread t2: role=ifid cpu=114 L3=0 shards=0
  thread t3: role=ifid cpu=115 L3=0 shards=0
  thread t4: role=ifid cpu=116 L3=0 shards=0
  thread t5: role=ifid cpu=117 L3=0 shards=0
  thread t6: role=ex cpu=118 L3=0 shards=8
  thread t7: role=ex cpu=119 L3=0 shards=8
listening on 127.0.0.1:19910
persistence: enabled=0 posted=0 flushed=0 durable=0 refused=0 pending_chunks=0 producers_with_pending=0 drain_gave_up=0 failed=0

thread role          ops      iters   busy_ms   idle_ms    cpu_ms   wake_tx  wake_rx
t0     io              6        937       2.2   32952.9       6.8        42       54
io_tenure t0/0 busy_ns=2163452 idle_ns=32952933207 entry_ns=2823943513325848 begin_ns=2823943513325888 end_ns=2823976468422547 exit_ns=2823976468422597 role_exit=0 stopped=1
t1     io              4        904       1.8   32953.2       6.7         2       16
io_tenure t1/0 busy_ns=1798203 idle_ns=32953198985 entry_ns=2823943513404999 begin_ns=2823943513405039 end_ns=2823976468402227 exit_ns=2823976468402357 role_exit=0 stopped=1
t2     io              5        955       2.0   32953.1       7.0         1       16
io_tenure t2/0 busy_ns=1953145 idle_ns=32953118834 entry_ns=2823943513353359 begin_ns=2823943513353408 end_ns=2823976468425387 exit_ns=2823976468425437 role_exit=0 stopped=1
t3     io              1        813       1.4   32953.5       6.3         0       11
io_tenure t3/0 busy_ns=1368878 idle_ns=32953526930 entry_ns=2823943513506959 begin_ns=2823943513506989 end_ns=2823976468402797 exit_ns=2823976468402847 role_exit=0 stopped=1
t4     io              4       1040       2.0   32952.9       6.5        36       48
io_tenure t4/0 busy_ns=1959980 idle_ns=32952942788 entry_ns=2823943513498899 begin_ns=2823943513498949 end_ns=2823976468401717 exit_ns=2823976468401857 role_exit=0 stopped=1
t5     io              0        728       1.4   32953.4       6.2         0       10
io_tenure t5/0 busy_ns=1423703 idle_ns=32953443145 entry_ns=2823943513532369 begin_ns=2823943513532409 end_ns=2823976468399257 exit_ns=2823976468399307 role_exit=0 stopped=1
t6     ex             49   77321169    8320.9     428.4   32532.0        10       23
t7     ex             53    1710185       0.3   32552.5     529.5        10       24
wb: retired=69 direct=4 sends=69/69 short=0 err=0 peer_aborts=0 bytes=2615 zc_sends=0 zc_bytes=0 zc_releases=0 serves=96 empty=27
tls: accepts=0 handshakes=0/0 failed=0 freed=0 want_read=0 want_write=0 cipher_in=0 plain_in=0 cipher_out=0 plain_out=0 zc_suppressed=0 ktls_active=0 ktls_fallback=0
stuck: live_conns=0 rob_not_quiesced=0 unsent_bytes_pending=0 | slots done=0 issued=0 free=0 flag_set=0
shutdown: dispatched=20 executed=102 accepts=14 accept_err=0 rearm=0 sqe_starved=0 notify_drop=0
shutdown_report {"schema":1,"thread_mode":"2s","work":{"kind":"split","dispatched":20,"executed":102},"threads":[{"tid":0,"role":"io","ops":6,"iterations":937,"busy_ns":2163452,"idle_ns":32952933207,"cpu_ns":6848833,"wake_tx":42,"wake_rx":54,"io_tenures":[{"entry_ns":2823943513325848,"begin_ns":2823943513325888,"end_ns":2823976468422547,"exit_ns":2823976468422597,"busy_ns":2163452,"idle_ns":32952933207,"role_exit":false,"stopped":true,"did_submit":0,"sweep_submit":0,"park":0}]},{"tid":1,"role":"io","ops":4,"iterations":904,"busy_ns":1798203,"idle_ns":32953198985,"cpu_ns":6652037,"wake_tx":2,"wake_rx":16,"io_tenures":[{"entry_ns":2823943513404999,"begin_ns":2823943513405039,"end_ns":2823976468402227,"exit_ns":2823976468402357,"busy_ns":1798203,"idle_ns":32953198985,"role_exit":false,"stopped":true,"did_submit":0,"sweep_submit":0,"park":0}]},{"tid":2,"role":"io","ops":5,"iterations":955,"busy_ns":1953145,"idle_ns":32953118834,"cpu_ns":6959580,"wake_tx":1,"wake_rx":16,"io_tenures":[{"entry_ns":2823943513353359,"begin_ns":2823943513353408,"end_ns":2823976468425387,"exit_ns":2823976468425437,"busy_ns":1953145,"idle_ns":32953118834,"role_exit":false,"stopped":true,"did_submit":0,"sweep_submit":0,"park":0}]},{"tid":3,"role":"io","ops":1,"iterations":813,"busy_ns":1368878,"idle_ns":32953526930,"cpu_ns":6252317,"wake_tx":0,"wake_rx":11,"io_tenures":[{"entry_ns":2823943513506959,"begin_ns":2823943513506989,"end_ns":2823976468402797,"exit_ns":2823976468402847,"busy_ns":1368878,"idle_ns":32953526930,"role_exit":false,"stopped":true,"did_submit":0,"sweep_submit":0,"park":0}]},{"tid":4,"role":"io","ops":4,"iterations":1040,"busy_ns":1959980,"idle_ns":32952942788,"cpu_ns":6488553,"wake_tx":36,"wake_rx":48,"io_tenures":[{"entry_ns":2823943513498899,"begin_ns":2823943513498949,"end_ns":2823976468401717,"exit_ns":2823976468401857,"busy_ns":1959980,"idle_ns":32952942788,"role_exit":false,"stopped":true,"did_submit":0,"sweep_submit":0,"park":0}]},{"tid":5,"role":"io","ops":0,"iterations":728,"busy_ns":1423703,"idle_ns":32953443145,"cpu_ns":6197670,"wake_tx":0,"wake_rx":10,"io_tenures":[{"entry_ns":2823943513532369,"begin_ns":2823943513532409,"end_ns":2823976468399257,"exit_ns":2823976468399307,"busy_ns":1423703,"idle_ns":32953443145,"role_exit":false,"stopped":true,"did_submit":0,"sweep_submit":0,"park":0}]},{"tid":6,"role":"ex","ops":49,"iterations":77321169,"busy_ns":8320930398,"idle_ns":428352335,"cpu_ns":32532014618,"wake_tx":10,"wake_rx":23,"io_tenures":[]},{"tid":7,"role":"ex","ops":53,"iterations":1710185,"busy_ns":299871,"idle_ns":32552466033,"cpu_ns":529483397,"wake_tx":10,"wake_rx":24,"io_tenures":[]}],"wb":{"retired":69,"direct":4,"sends_completed":69,"sends_submitted":69,"short_writes":0,"send_errors":0,"peer_aborts":0,"bytes_sent":2615,"zc_sends":0,"zc_bytes":0,"zc_releases":0,"serves":96,"serves_empty":27},"tls":{"accepts":0,"handshakes_completed":0,"handshakes_started":0,"handshakes_failed":0,"connections_freed":0,"want_read":0,"want_write":0,"ciphertext_input_bytes":0,"plaintext_input_bytes":0,"ciphertext_output_bytes":0,"plaintext_output_bytes":0,"zc_suppressed":0,"ktls_active":0,"ktls_fallback":0},"stuck":{"live_conns":0,"rob_not_quiesced":0,"unsent_bytes_pending":0,"slots_done":0,"slots_issued":0,"slots_free":0,"flag_set":0},"epoll":{"enabled":false,"events":0,"recvs":0},"persistence":{"enabled":false,"recording":false,"failed":false,"drain_gave_up":false,"posted":0,"flushed":0,"durable":0,"refused":0,"pending_chunks":0,"records_written":0,"producers_with_pending":0,"producers_stopped":0,"producers_expected":0,"completions_pending":0},"accept":{"accepts":14,"accept_err":0,"rearm":0,"sqe_starved":0,"notify_drop":0}}
