START tier=release run=01 utc=2026-10-05T02:38:42Z
DONE tier=release run=01 exit=0 utc=2026-10-05T02:52:04Z
  row budget: 900s; median=0.02s; correctness-plan-fallback; atomic shutdown invariants
  atomic shutdown invariants                           ok
GATE(PARTIAL): 19 ok, 0 FAIL; no EXPECT tally, ABBA, NIC or receipt; ledger: /home/user/Projects/cx-gt14fix/build/gate-run.RaVrtI/ledger.partial
START tier=release run=02 utc=2026-10-05T02:52:04Z
DONE tier=release run=02 exit=0 utc=2026-10-05T02:53:54Z
  row budget: 900s; median=0.02s; correctness-plan-fallback; atomic shutdown invariants
  atomic shutdown invariants                           ok
GATE(PARTIAL): 19 ok, 0 FAIL; no EXPECT tally, ABBA, NIC or receipt; ledger: /home/user/Projects/cx-gt14fix/build/gate-run.7sAhVQ/ledger.partial
START tier=release run=03 utc=2026-10-05T02:53:54Z
DONE tier=release run=03 exit=0 utc=2026-10-05T02:55:45Z
  row budget: 900s; median=0.02s; correctness-plan-fallback; atomic shutdown invariants
  atomic shutdown invariants                           ok
GATE(PARTIAL): 19 ok, 0 FAIL; no EXPECT tally, ABBA, NIC or receipt; ledger: /home/user/Projects/cx-gt14fix/build/gate-run.QNSFfQ/ledger.partial
START tier=release run=04 utc=2026-10-05T02:55:45Z
DONE tier=release run=04 exit=0 utc=2026-10-05T02:57:36Z
  row budget: 900s; median=0.02s; correctness-plan-fallback; atomic shutdown invariants
  atomic shutdown invariants                           ok
GATE(PARTIAL): 19 ok, 0 FAIL; no EXPECT tally, ABBA, NIC or receipt; ledger: /home/user/Projects/cx-gt14fix/build/gate-run.rKQUvr/ledger.partial
START tier=release run=05 utc=2026-10-05T02:57:36Z
