topology: 1 L3 domain(s)
  domain  0: 8 cpus [112,113,114,115,116,117,118,119]
tomokv-cpp: 8 unified threads, 16 shard(s), thread-mode=1s, overlap=0 (executor prefetch; ordinary IO), io_uring, alloc=jemalloc, reorder=0, read-local=1
  thread t0: role=unified cpu=112 L3=0 shards=2 send=self
  thread t1: role=unified cpu=113 L3=0 shards=2 send=self
  thread t2: role=unified cpu=114 L3=0 shards=2 send=self
  thread t3: role=unified cpu=115 L3=0 shards=2 send=self
  thread t4: role=unified cpu=116 L3=0 shards=2 send=self
  thread t5: role=unified cpu=117 L3=0 shards=2 send=self
  thread t6: role=unified cpu=118 L3=0 shards=2 send=self
  thread t7: role=unified cpu=119 L3=0 shards=2 send=self
listening on 127.0.0.1:18179
persistence: enabled=0 posted=0 flushed=0 durable=0 refused=0 pending_chunks=0 producers_with_pending=0 drain_gave_up=0 failed=0

thread role          ops      iters   busy_ms   idle_ms    cpu_ms   wake_tx  wake_rx
t0     uni             3        138       0.2     113.4       0.7         1        2
io_tenure t0/0 busy_ns=158891 idle_ns=113350609 entry_ns=2984455369054843 begin_ns=2984455369054863 end_ns=2984455482564363 exit_ns=2984455482564503 role_exit=0 stopped=1
t1     uni             2        153       0.1     113.4       0.6         0        0
io_tenure t1/0 busy_ns=145131 idle_ns=113362129 entry_ns=2984455369057043 begin_ns=2984455369057073 end_ns=2984455482564333 exit_ns=2984455482564483 role_exit=0 stopped=1
t2     uni             2        128       0.1     113.4       0.6         0        0
io_tenure t2/0 busy_ns=138631 idle_ns=113362959 entry_ns=2984455369058833 begin_ns=2984455369058863 end_ns=2984455482560453 exit_ns=2984455482560593 role_exit=0 stopped=1
t3     uni             2        153       0.2     113.4       0.6         0        0
io_tenure t3/0 busy_ns=151911 idle_ns=113364139 entry_ns=2984455369045933 begin_ns=2984455369045963 end_ns=2984455482562013 exit_ns=2984455482562143 role_exit=0 stopped=1
t4     uni          4100       6239      17.3      96.2      24.7         1        2
io_tenure t4/0 busy_ns=17292348 idle_ns=96215222 entry_ns=2984455369052673 begin_ns=2984455369052703 end_ns=2984455482560273 exit_ns=2984455482560403 role_exit=0 stopped=1
t5     uni             2        120       0.2     113.4       0.6         0        0
io_tenure t5/0 busy_ns=152321 idle_ns=113367649 entry_ns=2984455369042553 begin_ns=2984455369042583 end_ns=2984455482562553 exit_ns=2984455482562583 role_exit=0 stopped=1
t6     uni             2        109       0.2     113.4       0.6         0        0
io_tenure t6/0 busy_ns=154971 idle_ns=113366699 entry_ns=2984455369038763 begin_ns=2984455369038793 end_ns=2984455482560463 exit_ns=2984455482560623 role_exit=0 stopped=1
t7     uni             2         95       0.2     113.4       0.6         0        0
io_tenure t7/0 busy_ns=150111 idle_ns=113380789 entry_ns=2984455369040403 begin_ns=2984455369040433 end_ns=2984455482571333 exit_ns=2984455482571363 role_exit=0 stopped=1
wb: retired=2060 direct=2048 sends=2060/2060 short=0 err=0 peer_aborts=0 bytes=77004 zc_sends=0 zc_bytes=0 zc_releases=0 serves=2061 empty=1
tls: accepts=0 handshakes=0/0 failed=0 freed=0 want_read=0 want_write=0 cipher_in=0 plain_in=0 cipher_out=0 plain_out=0 zc_suppressed=0 ktls_active=0 ktls_fallback=0
stuck: live_conns=0 rob_not_quiesced=0 unsent_bytes_pending=0 | slots done=0 issued=0 free=0 flag_set=0
shutdown: unified_work=4115 accepts=1 accept_err=0 rearm=0 sqe_starved=0 notify_drop=0
shutdown_report {"schema":1,"thread_mode":"1s","work":{"kind":"fused","unified":4115},"threads":[{"tid":0,"role":"fused","ops":3,"iterations":138,"busy_ns":158891,"idle_ns":113350609,"cpu_ns":654020,"wake_tx":1,"wake_rx":2,"io_tenures":[{"entry_ns":2984455369054843,"begin_ns":2984455369054863,"end_ns":2984455482564363,"exit_ns":2984455482564503,"busy_ns":158891,"idle_ns":113350609,"role_exit":false,"stopped":true,"did_submit":0,"sweep_submit":0,"park":0}]},{"tid":1,"role":"fused","ops":2,"iterations":153,"busy_ns":145131,"idle_ns":113362129,"cpu_ns":584990,"wake_tx":0,"wake_rx":0,"io_tenures":[{"entry_ns":2984455369057043,"begin_ns":2984455369057073,"end_ns":2984455482564333,"exit_ns":2984455482564483,"busy_ns":145131,"idle_ns":113362129,"role_exit":false,"stopped":true,"did_submit":0,"sweep_submit":0,"park":0}]},{"tid":2,"role":"fused","ops":2,"iterations":128,"busy_ns":138631,"idle_ns":113362959,"cpu_ns":620140,"wake_tx":0,"wake_rx":0,"io_tenures":[{"entry_ns":2984455369058833,"begin_ns":2984455369058863,"end_ns":2984455482560453,"exit_ns":2984455482560593,"busy_ns":138631,"idle_ns":113362959,"role_exit":false,"stopped":true,"did_submit":0,"sweep_submit":0,"park":0}]},{"tid":3,"role":"fused","ops":2,"iterations":153,"busy_ns":151911,"idle_ns":113364139,"cpu_ns":573620,"wake_tx":0,"wake_rx":0,"io_tenures":[{"entry_ns":2984455369045933,"begin_ns":2984455369045963,"end_ns":2984455482562013,"exit_ns":2984455482562143,"busy_ns":151911,"idle_ns":113364139,"role_exit":false,"stopped":true,"did_submit":0,"sweep_submit":0,"park":0}]},{"tid":4,"role":"fused","ops":4100,"iterations":6239,"busy_ns":17292348,"idle_ns":96215222,"cpu_ns":24651410,"wake_tx":1,"wake_rx":2,"io_tenures":[{"entry_ns":2984455369052673,"begin_ns":2984455369052703,"end_ns":2984455482560273,"exit_ns":2984455482560403,"busy_ns":17292348,"idle_ns":96215222,"role_exit":false,"stopped":true,"did_submit":0,"sweep_submit":0,"park":0}]},{"tid":5,"role":"fused","ops":2,"iterations":120,"busy_ns":152321,"idle_ns":113367649,"cpu_ns":620770,"wake_tx":0,"wake_rx":0,"io_tenures":[{"entry_ns":2984455369042553,"begin_ns":2984455369042583,"end_ns":2984455482562553,"exit_ns":2984455482562583,"busy_ns":152321,"idle_ns":113367649,"role_exit":false,"stopped":true,"did_submit":0,"sweep_submit":0,"park":0}]},{"tid":6,"role":"fused","ops":2,"iterations":109,"busy_ns":154971,"idle_ns":113366699,"cpu_ns":607430,"wake_tx":0,"wake_rx":0,"io_tenures":[{"entry_ns":2984455369038763,"begin_ns":2984455369038793,"end_ns":2984455482560463,"exit_ns":2984455482560623,"busy_ns":154971,"idle_ns":113366699,"role_exit":false,"stopped":true,"did_submit":0,"sweep_submit":0,"park":0}]},{"tid":7,"role":"fused","ops":2,"iterations":95,"busy_ns":150111,"idle_ns":113380789,"cpu_ns":608310,"wake_tx":0,"wake_rx":0,"io_tenures":[{"entry_ns":2984455369040403,"begin_ns":2984455369040433,"end_ns":2984455482571333,"exit_ns":2984455482571363,"busy_ns":150111,"idle_ns":113380789,"role_exit":false,"stopped":true,"did_submit":0,"sweep_submit":0,"park":0}]}],"wb":{"retired":2060,"direct":2048,"sends_completed":2060,"sends_submitted":2060,"short_writes":0,"send_errors":0,"peer_aborts":0,"bytes_sent":77004,"zc_sends":0,"zc_bytes":0,"zc_releases":0,"serves":2061,"serves_empty":1},"tls":{"accepts":0,"handshakes_completed":0,"handshakes_started":0,"handshakes_failed":0,"connections_freed":0,"want_read":0,"want_write":0,"ciphertext_input_bytes":0,"plaintext_input_bytes":0,"ciphertext_output_bytes":0,"plaintext_output_bytes":0,"zc_suppressed":0,"ktls_active":0,"ktls_fallback":0},"stuck":{"live_conns":0,"rob_not_quiesced":0,"unsent_bytes_pending":0,"slots_done":0,"slots_issued":0,"slots_free":0,"flag_set":0},"epoll":{"enabled":false,"events":0,"recvs":0},"persistence":{"enabled":false,"recording":false,"failed":false,"drain_gave_up":false,"posted":0,"flushed":0,"durable":0,"refused":0,"pending_chunks":0,"records_written":0,"producers_with_pending":0,"producers_stopped":0,"producers_expected":0,"completions_pending":0},"accept":{"accepts":1,"accept_err":0,"rearm":0,"sqe_starved":0,"notify_drop":0}}
