topology: 1 L3 domain(s)
  domain  0: 8 cpus [112,113,114,115,116,117,118,119]
tomokv-cpp: 8 unified threads, 16 shard(s), thread-mode=1s, overlap=0 (executor prefetch; ordinary IO), io_uring, alloc=jemalloc, reorder=0, read-local=1
  thread t0: role=unified cpu=112 L3=0 shards=2 send=self
  thread t1: role=unified cpu=113 L3=0 shards=2 send=self
  thread t2: role=unified cpu=114 L3=0 shards=2 send=self
  thread t3: role=unified cpu=115 L3=0 shards=2 send=self
  thread t4: role=unified cpu=116 L3=0 shards=2 send=self
  thread t5: role=unified cpu=117 L3=0 shards=2 send=self
  thread t6: role=unified cpu=118 L3=0 shards=2 send=self
  thread t7: role=unified cpu=119 L3=0 shards=2 send=self
listening on 127.0.0.1:18179
persistence: enabled=0 posted=0 flushed=0 durable=0 refused=0 pending_chunks=0 producers_with_pending=0 drain_gave_up=0 failed=0

thread role          ops      iters   busy_ms   idle_ms    cpu_ms   wake_tx  wake_rx
t0     uni            78      35063      20.9     699.8      21.8        16       57
io_tenure t0/0 busy_ns=20861104 idle_ns=699827963 entry_ns=2984680091988253 begin_ns=2984680091988273 end_ns=2984680812677340 exit_ns=2984680812677470 role_exit=0 stopped=1
t1     uni          4188      26748      47.2     673.4      55.6       190      221
io_tenure t1/0 busy_ns=47249810 idle_ns=673445367 entry_ns=2984680091984493 begin_ns=2984680091984513 end_ns=2984680812679690 exit_ns=2984680812679820 role_exit=0 stopped=1
t2     uni            81      15553      10.1     710.6      10.8        14       55
io_tenure t2/0 busy_ns=10113941 idle_ns=710574076 entry_ns=2984680091986593 begin_ns=2984680091986693 end_ns=2984680812674710 exit_ns=2984680812674860 role_exit=0 stopped=1
t3     uni            76      12687       8.4     712.2       9.2        17       60
io_tenure t3/0 busy_ns=8441641 idle_ns=712249206 entry_ns=2984680091984533 begin_ns=2984680091984563 end_ns=2984680812675410 exit_ns=2984680812675540 role_exit=0 stopped=1
t4     uni            72       4668       3.9     716.7       4.7        18       57
io_tenure t4/0 busy_ns=3928753 idle_ns=716745194 entry_ns=2984680092013153 begin_ns=2984680092013183 end_ns=2984680812687130 exit_ns=2984680812687210 role_exit=0 stopped=1
t5     uni            71       3557       3.3     717.4       4.0        17       57
io_tenure t5/0 busy_ns=3307307 idle_ns=717390370 entry_ns=2984680091981623 begin_ns=2984680091981653 end_ns=2984680812679330 exit_ns=2984680812679470 role_exit=0 stopped=1
t6     uni            92      38579      23.0     697.7      23.7        26       72
io_tenure t6/0 busy_ns=22983982 idle_ns=697708105 entry_ns=2984680091985903 begin_ns=2984680091985933 end_ns=2984680812678020 exit_ns=2984680812678220 role_exit=0 stopped=1
t7     uni            77       3633       3.7     717.0       4.5        25       67
io_tenure t7/0 busy_ns=3695921 idle_ns=716999116 entry_ns=2984680091981653 begin_ns=2984680091981683 end_ns=2984680812676720 exit_ns=2984680812676850 role_exit=0 stopped=1
wb: retired=2409 direct=2048 sends=2409/2409 short=0 err=0 peer_aborts=0 bytes=941932 zc_sends=0 zc_bytes=0 zc_releases=0 serves=3041 empty=632
tls: accepts=0 handshakes=0/0 failed=0 freed=0 want_read=0 want_write=0 cipher_in=0 plain_in=0 cipher_out=0 plain_out=0 zc_suppressed=0 ktls_active=0 ktls_fallback=0
stuck: live_conns=1 rob_not_quiesced=0 unsent_bytes_pending=0 | slots done=0 issued=0 free=0 flag_set=0
shutdown: unified_work=4735 accepts=50 accept_err=0 rearm=0 sqe_starved=0 notify_drop=0
shutdown_report {"schema":1,"thread_mode":"1s","work":{"kind":"fused","unified":4735},"threads":[{"tid":0,"role":"fused","ops":78,"iterations":35063,"busy_ns":20861104,"idle_ns":699827963,"cpu_ns":21753820,"wake_tx":16,"wake_rx":57,"io_tenures":[{"entry_ns":2984680091988253,"begin_ns":2984680091988273,"end_ns":2984680812677340,"exit_ns":2984680812677470,"busy_ns":20861104,"idle_ns":699827963,"role_exit":false,"stopped":true,"did_submit":0,"sweep_submit":0,"park":0}]},{"tid":1,"role":"fused","ops":4188,"iterations":26748,"busy_ns":47249810,"idle_ns":673445367,"cpu_ns":55585780,"wake_tx":190,"wake_rx":221,"io_tenures":[{"entry_ns":2984680091984493,"begin_ns":2984680091984513,"end_ns":2984680812679690,"exit_ns":2984680812679820,"busy_ns":47249810,"idle_ns":673445367,"role_exit":false,"stopped":true,"did_submit":0,"sweep_submit":0,"park":0}]},{"tid":2,"role":"fused","ops":81,"iterations":15553,"busy_ns":10113941,"idle_ns":710574076,"cpu_ns":10823820,"wake_tx":14,"wake_rx":55,"io_tenures":[{"entry_ns":2984680091986593,"begin_ns":2984680091986693,"end_ns":2984680812674710,"exit_ns":2984680812674860,"busy_ns":10113941,"idle_ns":710574076,"role_exit":false,"stopped":true,"did_submit":0,"sweep_submit":0,"park":0}]},{"tid":3,"role":"fused","ops":76,"iterations":12687,"busy_ns":8441641,"idle_ns":712249206,"cpu_ns":9214050,"wake_tx":17,"wake_rx":60,"io_tenures":[{"entry_ns":2984680091984533,"begin_ns":2984680091984563,"end_ns":2984680812675410,"exit_ns":2984680812675540,"busy_ns":8441641,"idle_ns":712249206,"role_exit":false,"stopped":true,"did_submit":0,"sweep_submit":0,"park":0}]},{"tid":4,"role":"fused","ops":72,"iterations":4668,"busy_ns":3928753,"idle_ns":716745194,"cpu_ns":4721060,"wake_tx":18,"wake_rx":57,"io_tenures":[{"entry_ns":2984680092013153,"begin_ns":2984680092013183,"end_ns":2984680812687130,"exit_ns":2984680812687210,"busy_ns":3928753,"idle_ns":716745194,"role_exit":false,"stopped":true,"did_submit":0,"sweep_submit":0,"park":0}]},{"tid":5,"role":"fused","ops":71,"iterations":3557,"busy_ns":3307307,"idle_ns":717390370,"cpu_ns":4005540,"wake_tx":17,"wake_rx":57,"io_tenures":[{"entry_ns":2984680091981623,"begin_ns":2984680091981653,"end_ns":2984680812679330,"exit_ns":2984680812679470,"busy_ns":3307307,"idle_ns":717390370,"role_exit":false,"stopped":true,"did_submit":0,"sweep_submit":0,"park":0}]},{"tid":6,"role":"fused","ops":92,"iterations":38579,"busy_ns":22983982,"idle_ns":697708105,"cpu_ns":23674100,"wake_tx":26,"wake_rx":72,"io_tenures":[{"entry_ns":2984680091985903,"begin_ns":2984680091985933,"end_ns":2984680812678020,"exit_ns":2984680812678220,"busy_ns":22983982,"idle_ns":697708105,"role_exit":false,"stopped":true,"did_submit":0,"sweep_submit":0,"park":0}]},{"tid":7,"role":"fused","ops":77,"iterations":3633,"busy_ns":3695921,"idle_ns":716999116,"cpu_ns":4489800,"wake_tx":25,"wake_rx":67,"io_tenures":[{"entry_ns":2984680091981653,"begin_ns":2984680091981683,"end_ns":2984680812676720,"exit_ns":2984680812676850,"busy_ns":3695921,"idle_ns":716999116,"role_exit":false,"stopped":true,"did_submit":0,"sweep_submit":0,"park":0}]}],"wb":{"retired":2409,"direct":2048,"sends_completed":2409,"sends_submitted":2409,"short_writes":0,"send_errors":0,"peer_aborts":0,"bytes_sent":941932,"zc_sends":0,"zc_bytes":0,"zc_releases":0,"serves":3041,"serves_empty":632},"tls":{"accepts":0,"handshakes_completed":0,"handshakes_started":0,"handshakes_failed":0,"connections_freed":0,"want_read":0,"want_write":0,"ciphertext_input_bytes":0,"plaintext_input_bytes":0,"ciphertext_output_bytes":0,"plaintext_output_bytes":0,"zc_suppressed":0,"ktls_active":0,"ktls_fallback":0},"stuck":{"live_conns":1,"rob_not_quiesced":0,"unsent_bytes_pending":0,"slots_done":0,"slots_issued":0,"slots_free":0,"flag_set":0},"epoll":{"enabled":false,"events":0,"recvs":0},"persistence":{"enabled":false,"recording":false,"failed":false,"drain_gave_up":false,"posted":0,"flushed":0,"durable":0,"refused":0,"pending_chunks":0,"records_written":0,"producers_with_pending":0,"producers_stopped":0,"producers_expected":0,"completions_pending":0},"accept":{"accepts":50,"accept_err":0,"rearm":0,"sqe_starved":0,"notify_drop":0}}
