topology: 1 L3 domain(s)
  domain  0: 8 cpus [120,121,122,123,124,125,126,127]
tomokv-cpp: 8 unified threads, 16 shard(s), thread-mode=1s, overlap=0 (executor prefetch; ordinary IO), io_uring, alloc=jemalloc, reorder=0, read-local=1
  thread t0: role=unified cpu=120 L3=0 shards=2 send=self
  thread t1: role=unified cpu=121 L3=0 shards=2 send=self
  thread t2: role=unified cpu=122 L3=0 shards=2 send=self
  thread t3: role=unified cpu=123 L3=0 shards=2 send=self
  thread t4: role=unified cpu=124 L3=0 shards=2 send=self
  thread t5: role=unified cpu=125 L3=0 shards=2 send=self
  thread t6: role=unified cpu=126 L3=0 shards=2 send=self
  thread t7: role=unified cpu=127 L3=0 shards=2 send=self
listening on 127.0.0.1:18179
persistence: enabled=0 posted=0 flushed=0 durable=0 refused=0 pending_chunks=0 producers_with_pending=0 drain_gave_up=0 failed=0

thread role          ops      iters   busy_ms   idle_ms    cpu_ms   wake_tx  wake_rx
t0     uni            86      85933      48.8     837.7      49.7        18       63
io_tenure t0/0 busy_ns=48833696 idle_ns=837748950 entry_ns=2986590948679359 begin_ns=2986590948679389 end_ns=2986591835262035 exit_ns=2986591835262106 role_exit=0 stopped=1
t1     uni            69       2127       2.4     884.1       3.1        10       48
io_tenure t1/0 busy_ns=2424958 idle_ns=884146608 entry_ns=2986590948684049 begin_ns=2986590948684069 end_ns=2986591835255635 exit_ns=2986591835255755 role_exit=0 stopped=1
t2     uni            80      42399      25.3     861.3      26.0        16       60
io_tenure t2/0 busy_ns=25320870 idle_ns=861252616 entry_ns=2986590948680109 begin_ns=2986590948680139 end_ns=2986591835253625 exit_ns=2986591835253755 role_exit=0 stopped=1
t3     uni          4194      36197      53.3     833.3      62.1       194      224
io_tenure t3/0 busy_ns=53281267 idle_ns=833285419 entry_ns=2986590948685919 begin_ns=2986590948685949 end_ns=2986591835252635 exit_ns=2986591835252775 role_exit=0 stopped=1
t4     uni            76      13049       8.8     877.8       9.5        22       63
io_tenure t4/0 busy_ns=8791851 idle_ns=877780085 entry_ns=2986590948679669 begin_ns=2986590948679699 end_ns=2986591835251635 exit_ns=2986591835251765 role_exit=0 stopped=1
t5     uni            77      13265       8.8     877.8       9.5        11       54
io_tenure t5/0 busy_ns=8774243 idle_ns=877793983 entry_ns=2986590948682039 begin_ns=2986590948682079 end_ns=2986591835250305 exit_ns=2986591835250435 role_exit=0 stopped=1
t6     uni            75      26376      15.7     870.9      16.4        22       61
io_tenure t6/0 busy_ns=15664625 idle_ns=870907331 entry_ns=2986590948677959 begin_ns=2986590948678069 end_ns=2986591835250025 exit_ns=2986591835250145 role_exit=0 stopped=1
t7     uni            78      27417      16.5     870.1      17.2        26       65
io_tenure t7/0 busy_ns=16469146 idle_ns=870103750 entry_ns=2986590948677989 begin_ns=2986590948678019 end_ns=2986591835250915 exit_ns=2986591835251045 role_exit=0 stopped=1
wb: retired=2417 direct=2048 sends=2417/2417 short=0 err=0 peer_aborts=0 bytes=987425 zc_sends=0 zc_bytes=0 zc_releases=0 serves=3040 empty=623
tls: accepts=0 handshakes=0/0 failed=0 freed=0 want_read=0 want_write=0 cipher_in=0 plain_in=0 cipher_out=0 plain_out=0 zc_suppressed=0 ktls_active=0 ktls_fallback=0
stuck: live_conns=1 rob_not_quiesced=0 unsent_bytes_pending=0 | slots done=0 issued=0 free=0 flag_set=0
shutdown: unified_work=4735 accepts=50 accept_err=0 rearm=0 sqe_starved=0 notify_drop=0
shutdown_report {"schema":1,"thread_mode":"1s","work":{"kind":"fused","unified":4735},"threads":[{"tid":0,"role":"fused","ops":86,"iterations":85933,"busy_ns":48833696,"idle_ns":837748950,"cpu_ns":49707187,"wake_tx":18,"wake_rx":63,"io_tenures":[{"entry_ns":2986590948679359,"begin_ns":2986590948679389,"end_ns":2986591835262035,"exit_ns":2986591835262106,"busy_ns":48833696,"idle_ns":837748950,"role_exit":false,"stopped":true,"did_submit":0,"sweep_submit":0,"park":0}]},{"tid":1,"role":"fused","ops":69,"iterations":2127,"busy_ns":2424958,"idle_ns":884146608,"cpu_ns":3092611,"wake_tx":10,"wake_rx":48,"io_tenures":[{"entry_ns":2986590948684049,"begin_ns":2986590948684069,"end_ns":2986591835255635,"exit_ns":2986591835255755,"busy_ns":2424958,"idle_ns":884146608,"role_exit":false,"stopped":true,"did_submit":0,"sweep_submit":0,"park":0}]},{"tid":2,"role":"fused","ops":80,"iterations":42399,"busy_ns":25320870,"idle_ns":861252616,"cpu_ns":26015284,"wake_tx":16,"wake_rx":60,"io_tenures":[{"entry_ns":2986590948680109,"begin_ns":2986590948680139,"end_ns":2986591835253625,"exit_ns":2986591835253755,"busy_ns":25320870,"idle_ns":861252616,"role_exit":false,"stopped":true,"did_submit":0,"sweep_submit":0,"park":0}]},{"tid":3,"role":"fused","ops":4194,"iterations":36197,"busy_ns":53281267,"idle_ns":833285419,"cpu_ns":62066895,"wake_tx":194,"wake_rx":224,"io_tenures":[{"entry_ns":2986590948685919,"begin_ns":2986590948685949,"end_ns":2986591835252635,"exit_ns":2986591835252775,"busy_ns":53281267,"idle_ns":833285419,"role_exit":false,"stopped":true,"did_submit":0,"sweep_submit":0,"park":0}]},{"tid":4,"role":"fused","ops":76,"iterations":13049,"busy_ns":8791851,"idle_ns":877780085,"cpu_ns":9516755,"wake_tx":22,"wake_rx":63,"io_tenures":[{"entry_ns":2986590948679669,"begin_ns":2986590948679699,"end_ns":2986591835251635,"exit_ns":2986591835251765,"busy_ns":8791851,"idle_ns":877780085,"role_exit":false,"stopped":true,"did_submit":0,"sweep_submit":0,"park":0}]},{"tid":5,"role":"fused","ops":77,"iterations":13265,"busy_ns":8774243,"idle_ns":877793983,"cpu_ns":9525118,"wake_tx":11,"wake_rx":54,"io_tenures":[{"entry_ns":2986590948682039,"begin_ns":2986590948682079,"end_ns":2986591835250305,"exit_ns":2986591835250435,"busy_ns":8774243,"idle_ns":877793983,"role_exit":false,"stopped":true,"did_submit":0,"sweep_submit":0,"park":0}]},{"tid":6,"role":"fused","ops":75,"iterations":26376,"busy_ns":15664625,"idle_ns":870907331,"cpu_ns":16392161,"wake_tx":22,"wake_rx":61,"io_tenures":[{"entry_ns":2986590948677959,"begin_ns":2986590948678069,"end_ns":2986591835250025,"exit_ns":2986591835250145,"busy_ns":15664625,"idle_ns":870907331,"role_exit":false,"stopped":true,"did_submit":0,"sweep_submit":0,"park":0}]},{"tid":7,"role":"fused","ops":78,"iterations":27417,"busy_ns":16469146,"idle_ns":870103750,"cpu_ns":17180575,"wake_tx":26,"wake_rx":65,"io_tenures":[{"entry_ns":2986590948677989,"begin_ns":2986590948678019,"end_ns":2986591835250915,"exit_ns":2986591835251045,"busy_ns":16469146,"idle_ns":870103750,"role_exit":false,"stopped":true,"did_submit":0,"sweep_submit":0,"park":0}]}],"wb":{"retired":2417,"direct":2048,"sends_completed":2417,"sends_submitted":2417,"short_writes":0,"send_errors":0,"peer_aborts":0,"bytes_sent":987425,"zc_sends":0,"zc_bytes":0,"zc_releases":0,"serves":3040,"serves_empty":623},"tls":{"accepts":0,"handshakes_completed":0,"handshakes_started":0,"handshakes_failed":0,"connections_freed":0,"want_read":0,"want_write":0,"ciphertext_input_bytes":0,"plaintext_input_bytes":0,"ciphertext_output_bytes":0,"plaintext_output_bytes":0,"zc_suppressed":0,"ktls_active":0,"ktls_fallback":0},"stuck":{"live_conns":1,"rob_not_quiesced":0,"unsent_bytes_pending":0,"slots_done":0,"slots_issued":0,"slots_free":0,"flag_set":0},"epoll":{"enabled":false,"events":0,"recvs":0},"persistence":{"enabled":false,"recording":false,"failed":false,"drain_gave_up":false,"posted":0,"flushed":0,"durable":0,"refused":0,"pending_chunks":0,"records_written":0,"producers_with_pending":0,"producers_stopped":0,"producers_expected":0,"completions_pending":0},"accept":{"accepts":50,"accept_err":0,"rearm":0,"sqe_starved":0,"notify_drop":0}}
