DIFFER suites (42): string list set zset hash hexpire edgetime xshard xmove bitmap hll bitfield cgaps stream script streamgrp zsetops geo doubles scan multi edgeenc edgeproto cmdgap cmdgap2 sort servertail arity storeorder infofix multidb blocking pubsub fanout spubsub notify wiredump climon compatintro aclsel cmdmeta s6fix
DIFFER geometry: split (--ratio 6:2)
DIFFER matrix: atomic={0} seeds={7 19 20 23 21 22} legs=252 logs=/home/user/Projects/cx-at15/build/at15b-differ-split
  vanilla Redis oracle boot                                  ok (pid=824689 port=17900)
  oracle identity                                            ok (vanilla redis_version=7.4.10)
  target atomic=0 boot                                       ok (pid=824714 port=17899)
  differ string (atomic=0 seed=7)                            ok (DIFFER string: 4033 ops, 0 diffs, 0 clock tolerances -> PASS)
  differ list (atomic=0 seed=7)                              ok (DIFFER list: 3521 ops, 0 diffs, 0 clock tolerances -> PASS)
  differ set (atomic=0 seed=7)                               ok (DIFFER set: 3524 ops, 0 diffs, 0 clock tolerances -> PASS)
  differ zset (atomic=0 seed=7)                              ok (DIFFER zset: 3531 ops, 0 diffs, 0 clock tolerances -> PASS)
  differ hash (atomic=0 seed=7)                              ok (DIFFER hash: 3545 ops, 0 diffs, 0 clock tolerances -> PASS)
  differ hexpire (atomic=0 seed=7)                           FAIL (see /home/user/Projects/cx-at15/build/at15b-differ-split/hexpire-a0-s7.txt; DIFFER hexpire: 4288 ops, 3 diffs, 0 clock tolerances -> FAIL)
  differ edgetime (atomic=0 seed=7)                          FAIL (see /home/user/Projects/cx-at15/build/at15b-differ-split/edgetime-a0-s7.txt; DIFFER edgetime: 4426 ops, 1 diffs, 0 clock tolerances -> FAIL)
  differ xshard (atomic=0 seed=7)                            ok (DIFFER xshard: 4276 ops, 0 diffs, 0 clock tolerances -> PASS)
  differ xmove (atomic=0 seed=7)                             ok (DIFFER xmove: 4263 ops, 0 diffs, 0 clock tolerances -> PASS)
  differ bitmap (atomic=0 seed=7)                            ok (DIFFER bitmap: 4262 ops, 0 diffs, 0 clock tolerances -> PASS)
  differ hll (atomic=0 seed=7)                               ok (DIFFER hll: 3057 ops, 0 diffs, 0 clock tolerances -> PASS)
  differ bitfield (atomic=0 seed=7)                          ok (DIFFER bitfield: 3226 ops, 0 diffs, 0 clock tolerances -> PASS)
  differ cgaps (atomic=0 seed=7)                             ok (DIFFER cgaps: 3310 ops, 0 diffs, 0 clock tolerances -> PASS)
  differ stream (atomic=0 seed=7)                            ok (DIFFER stream: 4031 ops, 0 diffs, 0 clock tolerances -> PASS)
  differ script (atomic=0 seed=7)                            ok (DIFFER script: 5061 ops, 0 diffs, 0 clock tolerances -> PASS)
  differ streamgrp (atomic=0 seed=7)                         ok (DIFFER streamgrp: 4052 ops, 0 diffs, 0 clock tolerances -> PASS)
  differ zsetops (atomic=0 seed=7)                           ok (DIFFER zsetops: 4200 ops, 0 diffs, 0 clock tolerances -> PASS)
  differ geo (atomic=0 seed=7)                               ok (DIFFER geo: 4200 ops, 0 diffs, 0 clock tolerances -> PASS)
  differ doubles (atomic=0 seed=7)                           ok (DIFFER doubles: 5000 ops, 0 diffs, 0 clock tolerances -> PASS)
  differ scan (atomic=0 seed=7)                              ok (DIFFER scan: 4081 ops, 0 diffs, 0 clock tolerances -> PASS)
  differ multi (atomic=0 seed=7)                             ok (DIFFER multi: 4275 ops, 0 diffs, 0 clock tolerances -> PASS)
  differ edgeenc (atomic=0 seed=7)                           ok (DIFFER edgeenc: 6757 ops, 0 diffs, 0 clock tolerances -> PASS)
  differ edgeproto (atomic=0 seed=7)                         ok (DIFFER edgeproto: 5200 ops, 0 diffs, 0 clock tolerances -> PASS)
  differ cmdgap (atomic=0 seed=7)                            ok (DIFFER cmdgap: 4213 ops, 0 diffs, 0 clock tolerances -> PASS)
  differ cmdgap2 (atomic=0 seed=7)                           ok (DIFFER cmdgap2: 4241 ops, 0 diffs, 0 clock tolerances -> PASS)
  differ sort (atomic=0 seed=7)                              ok (DIFFER sort: 4647 ops, 0 diffs, 0 clock tolerances -> PASS)
  differ servertail (atomic=0 seed=7)                        ok (DIFFER servertail: 5339 ops, 0 diffs, 0 clock tolerances -> PASS)
  differ arity (atomic=0 seed=7)                             ok (DIFFER arity: 4200 ops, 0 diffs, 0 clock tolerances -> PASS)
  differ storeorder (atomic=0 seed=7)                        ok (DIFFER storeorder: 4600 ops, 0 diffs, 0 clock tolerances -> PASS)
  differ infofix (atomic=0 seed=7)                           ok (DIFFER infofix: 4200 ops, 0 diffs, 0 clock tolerances -> PASS)
  differ multidb (atomic=0 seed=7)                           ok (DIFFER multidb: 5418 ops, 0 diffs, 0 clock tolerances -> PASS)
  differ blocking (atomic=0 seed=7)                          ok (DIFFER blocking: 5327 logical ops, 5388 checks, 0 diffs -> PASS)
  differ pubsub (atomic=0 seed=7)                            ok (DIFFER pubsub: 4198 logical ops, 25486 checks, 0 diffs -> PASS)
  differ fanout (atomic=0 seed=7)                            ok (DIFFER fanout: 14237 checks, 0 diffs -> PASS)
  differ spubsub (atomic=0 seed=7)                           ok (DIFFER spubsub: 801 checks, 0 diffs -> PASS)
  differ notify (atomic=0 seed=7)                            ok (DIFFER notify: 345 ops, 470 events, 0 diffs -> PASS)
  differ wiredump (atomic=0 seed=7)                          FAIL (see /home/user/Projects/cx-at15/build/at15b-differ-split/wiredump-a0-s7.txt; DIFFER wiredump: 4200 ops, 1 diffs, 31 clock tolerances -> FAIL)
