DIFFER suites (42): string list set zset hash hexpire edgetime xshard xmove bitmap hll bitfield cgaps stream script streamgrp zsetops geo doubles scan multi edgeenc edgeproto cmdgap cmdgap2 sort servertail arity storeorder infofix multidb blocking pubsub fanout spubsub notify wiredump climon compatintro aclsel cmdmeta s6fix
DIFFER geometry: armed-fused (--thread-mode fused --read-local 1)
DIFFER matrix: atomic={0} seeds={7 19 20 23 21 22} legs=252 logs=/home/user/Projects/cx-at15/build/at15b-pre-differ-armed
  vanilla Redis oracle boot                                  ok (pid=873667 port=17900)
  oracle identity                                            ok (vanilla redis_version=7.4.10)
  target atomic=0 boot                                       ok (pid=873692 port=17899)
  differ string (atomic=0 seed=7)                            ok (DIFFER string: 4033 ops, 0 diffs, 0 clock tolerances -> PASS)
  differ list (atomic=0 seed=7)                              ok (DIFFER list: 3521 ops, 0 diffs, 0 clock tolerances -> PASS)
  differ set (atomic=0 seed=7)                               ok (DIFFER set: 3524 ops, 0 diffs, 0 clock tolerances -> PASS)
  differ zset (atomic=0 seed=7)                              ok (DIFFER zset: 3531 ops, 0 diffs, 0 clock tolerances -> PASS)
  differ hash (atomic=0 seed=7)                              ok (DIFFER hash: 3545 ops, 0 diffs, 0 clock tolerances -> PASS)
  differ hexpire (atomic=0 seed=7)                           ok (DIFFER hexpire: 4288 ops, 0 diffs, 1 clock tolerances -> PASS)
  differ edgetime (atomic=0 seed=7)                          ok (DIFFER edgetime: 4426 ops, 0 diffs, 0 clock tolerances -> PASS)
  differ xshard (atomic=0 seed=7)                            ok (DIFFER xshard: 4276 ops, 0 diffs, 0 clock tolerances -> PASS)
  differ xmove (atomic=0 seed=7)                             ok (DIFFER xmove: 4263 ops, 0 diffs, 0 clock tolerances -> PASS)
  differ bitmap (atomic=0 seed=7)                            ok (DIFFER bitmap: 4262 ops, 0 diffs, 0 clock tolerances -> PASS)
  differ hll (atomic=0 seed=7)                               ok (DIFFER hll: 3057 ops, 0 diffs, 0 clock tolerances -> PASS)
  differ bitfield (atomic=0 seed=7)                          ok (DIFFER bitfield: 3226 ops, 0 diffs, 0 clock tolerances -> PASS)
  differ cgaps (atomic=0 seed=7)                             ok (DIFFER cgaps: 3310 ops, 0 diffs, 0 clock tolerances -> PASS)
  differ stream (atomic=0 seed=7)                            ok (DIFFER stream: 4031 ops, 0 diffs, 0 clock tolerances -> PASS)
  differ script (atomic=0 seed=7)                            ok (DIFFER script: 5061 ops, 0 diffs, 0 clock tolerances -> PASS)
  differ streamgrp (atomic=0 seed=7)                         ok (DIFFER streamgrp: 4052 ops, 0 diffs, 0 clock tolerances -> PASS)
  differ zsetops (atomic=0 seed=7)                           ok (DIFFER zsetops: 4200 ops, 0 diffs, 0 clock tolerances -> PASS)
  differ geo (atomic=0 seed=7)                               ok (DIFFER geo: 4200 ops, 0 diffs, 0 clock tolerances -> PASS)
  differ doubles (atomic=0 seed=7)                           ok (DIFFER doubles: 5000 ops, 0 diffs, 0 clock tolerances -> PASS)
  differ scan (atomic=0 seed=7)                              ok (DIFFER scan: 4081 ops, 0 diffs, 0 clock tolerances -> PASS)
  differ multi (atomic=0 seed=7)                             FAIL (see /home/user/Projects/cx-at15/build/at15b-pre-differ-armed/multi-a0-s7.txt; DIFFER multi: 4275 ops, 1 diffs, 0 clock tolerances -> FAIL)
  differ edgeenc (atomic=0 seed=7)                           ok (DIFFER edgeenc: 6757 ops, 0 diffs, 0 clock tolerances -> PASS)
  differ edgeproto (atomic=0 seed=7)                         ok (DIFFER edgeproto: 5200 ops, 0 diffs, 0 clock tolerances -> PASS)
  differ cmdgap (atomic=0 seed=7)                            ok (DIFFER cmdgap: 4213 ops, 0 diffs, 0 clock tolerances -> PASS)
  differ cmdgap2 (atomic=0 seed=7)                           ok (DIFFER cmdgap2: 4241 ops, 0 diffs, 0 clock tolerances -> PASS)
  differ sort (atomic=0 seed=7)                              SKIP (suite requires the split 6:2 geometry)
  differ servertail (atomic=0 seed=7)                        ok (DIFFER servertail: 5339 ops, 0 diffs, 0 clock tolerances -> PASS)
  differ arity (atomic=0 seed=7)                             ok (DIFFER arity: 4200 ops, 0 diffs, 0 clock tolerances -> PASS)
  differ storeorder (atomic=0 seed=7)                        ok (DIFFER storeorder: 4600 ops, 0 diffs, 0 clock tolerances -> PASS)
  differ infofix (atomic=0 seed=7)                           ok (DIFFER infofix: 4200 ops, 0 diffs, 0 clock tolerances -> PASS)
  differ multidb (atomic=0 seed=7)                           FAIL (see /home/user/Projects/cx-at15/build/at15b-pre-differ-armed/multidb-a0-s7.txt; DIFFER multidb: 5418 ops, 1 diffs, 0 clock tolerances -> FAIL)
  differ blocking (atomic=0 seed=7)                          ok (DIFFER blocking: 5327 logical ops, 5388 checks, 0 diffs -> PASS)
  differ pubsub (atomic=0 seed=7)                            ok (DIFFER pubsub: 4198 logical ops, 25486 checks, 0 diffs -> PASS)
  differ fanout (atomic=0 seed=7)                            ok (DIFFER fanout: 14237 checks, 0 diffs -> PASS)
  differ spubsub (atomic=0 seed=7)                           ok (DIFFER spubsub: 801 checks, 0 diffs -> PASS)
  differ notify (atomic=0 seed=7)                            ok (DIFFER notify: 345 ops, 470 events, 0 diffs -> PASS)
  differ wiredump (atomic=0 seed=7)                          ok (DIFFER wiredump: 4200 ops, 0 diffs, 38 clock tolerances -> PASS)
  differ climon (atomic=0 seed=7)                            ok (DIFFER climon: 4318 ops, 0 diffs -> PASS)
  differ compatintro (atomic=0 seed=7)                       ok (DIFFER compatintro: 5630 checks, 0 diffs -> PASS (getkeys=1550, config_multi=631, client_rows=262, acl_mutations=401, notify_events=15, silence_controls=5))
  differ aclsel (atomic=0 seed=7)                            ok (DIFFER aclsel: 12619 checks, 0 diffs -> PASS (rejections=4200, unchanged=4200, grants=1400, command_denials=700, key_denials=1400, channel_denials=700))
  differ cmdmeta (atomic=0 seed=7)                           ok (DIFFER cmdmeta: 4202 ops, 0 diffs -> PASS (info=2122, intent=2078, pipes=129, categories=89, docs_boundary=1, zero_controls=2))
  differ s6fix (atomic=0 seed=7)                             ok (DIFFER s6fix: 48456 logical ops, 0 diffs -> PASS)
  differ string (atomic=0 seed=19)                           ok (DIFFER string: 4033 ops, 0 diffs, 0 clock tolerances -> PASS)
  differ list (atomic=0 seed=19)                             ok (DIFFER list: 3521 ops, 0 diffs, 0 clock tolerances -> PASS)
  differ set (atomic=0 seed=19)                              ok (DIFFER set: 3524 ops, 0 diffs, 0 clock tolerances -> PASS)
  differ zset (atomic=0 seed=19)                             ok (DIFFER zset: 3531 ops, 0 diffs, 0 clock tolerances -> PASS)
  differ hash (atomic=0 seed=19)                             ok (DIFFER hash: 3545 ops, 0 diffs, 0 clock tolerances -> PASS)
  differ hexpire (atomic=0 seed=19)                          ok (DIFFER hexpire: 4288 ops, 0 diffs, 0 clock tolerances -> PASS)
  differ edgetime (atomic=0 seed=19)                         ok (DIFFER edgetime: 4426 ops, 0 diffs, 0 clock tolerances -> PASS)
  differ xshard (atomic=0 seed=19)                           ok (DIFFER xshard: 4276 ops, 0 diffs, 0 clock tolerances -> PASS)
  differ xmove (atomic=0 seed=19)                            ok (DIFFER xmove: 4263 ops, 0 diffs, 0 clock tolerances -> PASS)
  differ bitmap (atomic=0 seed=19)                           ok (DIFFER bitmap: 4262 ops, 0 diffs, 0 clock tolerances -> PASS)
  differ hll (atomic=0 seed=19)                              ok (DIFFER hll: 3045 ops, 0 diffs, 0 clock tolerances -> PASS)
  differ bitfield (atomic=0 seed=19)                         ok (DIFFER bitfield: 3226 ops, 0 diffs, 0 clock tolerances -> PASS)
  differ cgaps (atomic=0 seed=19)                            ok (DIFFER cgaps: 3310 ops, 0 diffs, 0 clock tolerances -> PASS)
  differ stream (atomic=0 seed=19)                           ok (DIFFER stream: 4031 ops, 0 diffs, 0 clock tolerances -> PASS)
  differ script (atomic=0 seed=19)                           ok (DIFFER script: 5053 ops, 0 diffs, 0 clock tolerances -> PASS)
  differ streamgrp (atomic=0 seed=19)                        ok (DIFFER streamgrp: 4052 ops, 0 diffs, 0 clock tolerances -> PASS)
  differ zsetops (atomic=0 seed=19)                          ok (DIFFER zsetops: 4200 ops, 0 diffs, 0 clock tolerances -> PASS)
  differ geo (atomic=0 seed=19)                              ok (DIFFER geo: 4200 ops, 0 diffs, 0 clock tolerances -> PASS)
  differ doubles (atomic=0 seed=19)                          ok (DIFFER doubles: 5000 ops, 0 diffs, 0 clock tolerances -> PASS)
  differ scan (atomic=0 seed=19)                             ok (DIFFER scan: 4081 ops, 0 diffs, 0 clock tolerances -> PASS)
  differ multi (atomic=0 seed=19)                            FAIL (see /home/user/Projects/cx-at15/build/at15b-pre-differ-armed/multi-a0-s19.txt; DIFFER multi: 4272 ops, 1 diffs, 0 clock tolerances -> FAIL)
  differ edgeenc (atomic=0 seed=19)                          ok (DIFFER edgeenc: 6757 ops, 0 diffs, 0 clock tolerances -> PASS)
  differ edgeproto (atomic=0 seed=19)                        ok (DIFFER edgeproto: 5200 ops, 0 diffs, 0 clock tolerances -> PASS)
  differ cmdgap (atomic=0 seed=19)                           ok (DIFFER cmdgap: 4213 ops, 0 diffs, 0 clock tolerances -> PASS)
  differ cmdgap2 (atomic=0 seed=19)                          ok (DIFFER cmdgap2: 4241 ops, 0 diffs, 0 clock tolerances -> PASS)
  differ sort (atomic=0 seed=19)                             SKIP (suite requires the split 6:2 geometry)
  differ servertail (atomic=0 seed=19)                       ok (DIFFER servertail: 5339 ops, 0 diffs, 0 clock tolerances -> PASS)
  differ arity (atomic=0 seed=19)                            ok (DIFFER arity: 4200 ops, 0 diffs, 0 clock tolerances -> PASS)
  differ storeorder (atomic=0 seed=19)                       ok (DIFFER storeorder: 4600 ops, 0 diffs, 0 clock tolerances -> PASS)
  differ infofix (atomic=0 seed=19)                          ok (DIFFER infofix: 4200 ops, 0 diffs, 0 clock tolerances -> PASS)
  differ multidb (atomic=0 seed=19)                          FAIL (see /home/user/Projects/cx-at15/build/at15b-pre-differ-armed/multidb-a0-s19.txt; DIFFER multidb: 5556 ops, 1 diffs, 0 clock tolerances -> FAIL)
  differ blocking (atomic=0 seed=19)                         ok (DIFFER blocking: 5297 logical ops, 5358 checks, 0 diffs -> PASS)
  differ pubsub (atomic=0 seed=19)                           ok (DIFFER pubsub: 4198 logical ops, 25265 checks, 0 diffs -> PASS)
  differ fanout (atomic=0 seed=19)                           ok (DIFFER fanout: 7081 checks, 0 diffs -> PASS)
  differ spubsub (atomic=0 seed=19)                          ok (DIFFER spubsub: 809 checks, 0 diffs -> PASS)
  differ notify (atomic=0 seed=19)                           ok (DIFFER notify: 331 ops, 454 events, 0 diffs -> PASS)
  differ wiredump (atomic=0 seed=19)                         ok (DIFFER wiredump: 4200 ops, 0 diffs, 26 clock tolerances -> PASS)
  differ climon (atomic=0 seed=19)                           ok (DIFFER climon: 4318 ops, 0 diffs -> PASS)
  differ compatintro (atomic=0 seed=19)                      ok (DIFFER compatintro: 5633 checks, 0 diffs -> PASS (getkeys=1550, config_multi=637, client_rows=240, acl_mutations=396, notify_events=15, silence_controls=5))
  differ aclsel (atomic=0 seed=19)                           ok (DIFFER aclsel: 12619 checks, 0 diffs -> PASS (rejections=4200, unchanged=4200, grants=1400, command_denials=700, key_denials=1400, channel_denials=700))
  differ cmdmeta (atomic=0 seed=19)                          ok (DIFFER cmdmeta: 4202 ops, 0 diffs -> PASS (info=2134, intent=2066, pipes=129, categories=89, docs_boundary=1, zero_controls=2))
  differ s6fix (atomic=0 seed=19)                            ok (DIFFER s6fix: 48456 logical ops, 0 diffs -> PASS)
  differ string (atomic=0 seed=20)                           ok (DIFFER string: 4033 ops, 0 diffs, 0 clock tolerances -> PASS)
  differ list (atomic=0 seed=20)                             ok (DIFFER list: 3521 ops, 0 diffs, 0 clock tolerances -> PASS)
  differ set (atomic=0 seed=20)                              ok (DIFFER set: 3524 ops, 0 diffs, 0 clock tolerances -> PASS)
  differ zset (atomic=0 seed=20)                             ok (DIFFER zset: 3531 ops, 0 diffs, 0 clock tolerances -> PASS)
  differ hash (atomic=0 seed=20)                             ok (DIFFER hash: 3545 ops, 0 diffs, 0 clock tolerances -> PASS)
  differ hexpire (atomic=0 seed=20)                          ok (DIFFER hexpire: 4288 ops, 0 diffs, 0 clock tolerances -> PASS)
  differ edgetime (atomic=0 seed=20)                         ok (DIFFER edgetime: 4426 ops, 0 diffs, 0 clock tolerances -> PASS)
  differ xshard (atomic=0 seed=20)                           ok (DIFFER xshard: 4276 ops, 0 diffs, 0 clock tolerances -> PASS)
  differ xmove (atomic=0 seed=20)                            ok (DIFFER xmove: 4263 ops, 0 diffs, 0 clock tolerances -> PASS)
  differ bitmap (atomic=0 seed=20)                           ok (DIFFER bitmap: 4262 ops, 0 diffs, 0 clock tolerances -> PASS)
  differ hll (atomic=0 seed=20)                              ok (DIFFER hll: 3068 ops, 0 diffs, 0 clock tolerances -> PASS)
  differ bitfield (atomic=0 seed=20)                         ok (DIFFER bitfield: 3226 ops, 0 diffs, 0 clock tolerances -> PASS)
  differ cgaps (atomic=0 seed=20)                            ok (DIFFER cgaps: 3310 ops, 0 diffs, 0 clock tolerances -> PASS)
  differ stream (atomic=0 seed=20)                           ok (DIFFER stream: 4031 ops, 0 diffs, 0 clock tolerances -> PASS)
  differ script (atomic=0 seed=20)                           ok (DIFFER script: 5062 ops, 0 diffs, 0 clock tolerances -> PASS)
  differ streamgrp (atomic=0 seed=20)                        ok (DIFFER streamgrp: 4052 ops, 0 diffs, 0 clock tolerances -> PASS)
  differ zsetops (atomic=0 seed=20)                          ok (DIFFER zsetops: 4200 ops, 0 diffs, 0 clock tolerances -> PASS)
  differ geo (atomic=0 seed=20)                              ok (DIFFER geo: 4200 ops, 0 diffs, 0 clock tolerances -> PASS)
  differ doubles (atomic=0 seed=20)                          ok (DIFFER doubles: 5000 ops, 0 diffs, 0 clock tolerances -> PASS)
  differ scan (atomic=0 seed=20)                             ok (DIFFER scan: 4081 ops, 0 diffs, 0 clock tolerances -> PASS)
  differ multi (atomic=0 seed=20)                            FAIL (see /home/user/Projects/cx-at15/build/at15b-pre-differ-armed/multi-a0-s20.txt; DIFFER multi: 4204 ops, 1 diffs, 0 clock tolerances -> FAIL)
  differ edgeenc (atomic=0 seed=20)                          ok (DIFFER edgeenc: 6757 ops, 0 diffs, 0 clock tolerances -> PASS)
  differ edgeproto (atomic=0 seed=20)                        ok (DIFFER edgeproto: 5200 ops, 0 diffs, 0 clock tolerances -> PASS)
  differ cmdgap (atomic=0 seed=20)                           ok (DIFFER cmdgap: 4213 ops, 0 diffs, 0 clock tolerances -> PASS)
  differ cmdgap2 (atomic=0 seed=20)                          ok (DIFFER cmdgap2: 4241 ops, 0 diffs, 0 clock tolerances -> PASS)
  differ sort (atomic=0 seed=20)                             SKIP (suite requires the split 6:2 geometry)
  differ servertail (atomic=0 seed=20)                       ok (DIFFER servertail: 5339 ops, 0 diffs, 0 clock tolerances -> PASS)
  differ arity (atomic=0 seed=20)                            ok (DIFFER arity: 4200 ops, 0 diffs, 0 clock tolerances -> PASS)
  differ storeorder (atomic=0 seed=20)                       ok (DIFFER storeorder: 4600 ops, 0 diffs, 0 clock tolerances -> PASS)
  differ infofix (atomic=0 seed=20)                          ok (DIFFER infofix: 4200 ops, 0 diffs, 0 clock tolerances -> PASS)
  differ multidb (atomic=0 seed=20)                          FAIL (see /home/user/Projects/cx-at15/build/at15b-pre-differ-armed/multidb-a0-s20.txt; DIFFER multidb: 5460 ops, 1 diffs, 0 clock tolerances -> FAIL)
  differ blocking (atomic=0 seed=20)                         ok (DIFFER blocking: 5259 logical ops, 5320 checks, 0 diffs -> PASS)
  differ pubsub (atomic=0 seed=20)                           ok (DIFFER pubsub: 4198 logical ops, 25960 checks, 0 diffs -> PASS)
  differ fanout (atomic=0 seed=20)                           ok (DIFFER fanout: 10363 checks, 0 diffs -> PASS)
  differ spubsub (atomic=0 seed=20)                          ok (DIFFER spubsub: 786 checks, 0 diffs -> PASS)
  differ notify (atomic=0 seed=20)                           ok (DIFFER notify: 331 ops, 463 events, 0 diffs -> PASS)
  differ wiredump (atomic=0 seed=20)                         ok (DIFFER wiredump: 4200 ops, 0 diffs, 17 clock tolerances -> PASS)
  differ climon (atomic=0 seed=20)                           ok (DIFFER climon: 4318 ops, 0 diffs -> PASS)
  differ compatintro (atomic=0 seed=20)                      ok (DIFFER compatintro: 5586 checks, 0 diffs -> PASS (getkeys=1550, config_multi=604, client_rows=258, acl_mutations=409, notify_events=15, silence_controls=5))
  differ aclsel (atomic=0 seed=20)                           ok (DIFFER aclsel: 12619 checks, 0 diffs -> PASS (rejections=4200, unchanged=4200, grants=1400, command_denials=700, key_denials=1400, channel_denials=700))
  differ cmdmeta (atomic=0 seed=20)                          ok (DIFFER cmdmeta: 4202 ops, 0 diffs -> PASS (info=2083, intent=2117, pipes=129, categories=89, docs_boundary=1, zero_controls=2))
  differ s6fix (atomic=0 seed=20)                            ok (DIFFER s6fix: 48456 logical ops, 0 diffs -> PASS)
  differ string (atomic=0 seed=23)                           ok (DIFFER string: 4033 ops, 0 diffs, 0 clock tolerances -> PASS)
  differ list (atomic=0 seed=23)                             ok (DIFFER list: 3521 ops, 0 diffs, 0 clock tolerances -> PASS)
  differ set (atomic=0 seed=23)                              ok (DIFFER set: 3524 ops, 0 diffs, 0 clock tolerances -> PASS)
  differ zset (atomic=0 seed=23)                             ok (DIFFER zset: 3531 ops, 0 diffs, 0 clock tolerances -> PASS)
  differ hash (atomic=0 seed=23)                             ok (DIFFER hash: 3545 ops, 0 diffs, 0 clock tolerances -> PASS)
  differ hexpire (atomic=0 seed=23)                          ok (DIFFER hexpire: 4288 ops, 0 diffs, 0 clock tolerances -> PASS)
  differ edgetime (atomic=0 seed=23)                         ok (DIFFER edgetime: 4426 ops, 0 diffs, 0 clock tolerances -> PASS)
  differ xshard (atomic=0 seed=23)                           ok (DIFFER xshard: 4276 ops, 0 diffs, 0 clock tolerances -> PASS)
  differ xmove (atomic=0 seed=23)                            ok (DIFFER xmove: 4263 ops, 0 diffs, 0 clock tolerances -> PASS)
  differ bitmap (atomic=0 seed=23)                           ok (DIFFER bitmap: 4262 ops, 0 diffs, 0 clock tolerances -> PASS)
  differ hll (atomic=0 seed=23)                              ok (DIFFER hll: 3071 ops, 0 diffs, 0 clock tolerances -> PASS)
  differ bitfield (atomic=0 seed=23)                         ok (DIFFER bitfield: 3226 ops, 0 diffs, 0 clock tolerances -> PASS)
  differ cgaps (atomic=0 seed=23)                            ok (DIFFER cgaps: 3310 ops, 0 diffs, 0 clock tolerances -> PASS)
  differ stream (atomic=0 seed=23)                           ok (DIFFER stream: 4031 ops, 0 diffs, 0 clock tolerances -> PASS)
  differ script (atomic=0 seed=23)                           ok (DIFFER script: 5048 ops, 0 diffs, 0 clock tolerances -> PASS)
  differ streamgrp (atomic=0 seed=23)                        ok (DIFFER streamgrp: 4052 ops, 0 diffs, 0 clock tolerances -> PASS)
  differ zsetops (atomic=0 seed=23)                          ok (DIFFER zsetops: 4200 ops, 0 diffs, 0 clock tolerances -> PASS)
  differ geo (atomic=0 seed=23)                              ok (DIFFER geo: 4200 ops, 0 diffs, 0 clock tolerances -> PASS)
  differ doubles (atomic=0 seed=23)                          ok (DIFFER doubles: 5000 ops, 0 diffs, 0 clock tolerances -> PASS)
  differ scan (atomic=0 seed=23)                             ok (DIFFER scan: 4081 ops, 0 diffs, 0 clock tolerances -> PASS)
  differ multi (atomic=0 seed=23)                            FAIL (see /home/user/Projects/cx-at15/build/at15b-pre-differ-armed/multi-a0-s23.txt; DIFFER multi: 4227 ops, 1 diffs, 0 clock tolerances -> FAIL)
  differ edgeenc (atomic=0 seed=23)                          ok (DIFFER edgeenc: 6757 ops, 0 diffs, 0 clock tolerances -> PASS)
  differ edgeproto (atomic=0 seed=23)                        ok (DIFFER edgeproto: 5200 ops, 0 diffs, 0 clock tolerances -> PASS)
  differ cmdgap (atomic=0 seed=23)                           ok (DIFFER cmdgap: 4213 ops, 0 diffs, 0 clock tolerances -> PASS)
  differ cmdgap2 (atomic=0 seed=23)                          ok (DIFFER cmdgap2: 4241 ops, 0 diffs, 0 clock tolerances -> PASS)
  differ sort (atomic=0 seed=23)                             SKIP (suite requires the split 6:2 geometry)
  differ servertail (atomic=0 seed=23)                       ok (DIFFER servertail: 5339 ops, 0 diffs, 0 clock tolerances -> PASS)
  differ arity (atomic=0 seed=23)                            ok (DIFFER arity: 4200 ops, 0 diffs, 0 clock tolerances -> PASS)
  differ storeorder (atomic=0 seed=23)                       ok (DIFFER storeorder: 4600 ops, 0 diffs, 0 clock tolerances -> PASS)
  differ infofix (atomic=0 seed=23)                          ok (DIFFER infofix: 4200 ops, 0 diffs, 0 clock tolerances -> PASS)
  differ multidb (atomic=0 seed=23)                          FAIL (see /home/user/Projects/cx-at15/build/at15b-pre-differ-armed/multidb-a0-s23.txt; DIFFER multidb: 5316 ops, 1 diffs, 0 clock tolerances -> FAIL)
  differ blocking (atomic=0 seed=23)                         ok (DIFFER blocking: 5294 logical ops, 5355 checks, 0 diffs -> PASS)
  differ pubsub (atomic=0 seed=23)                           ok (DIFFER pubsub: 4198 logical ops, 26605 checks, 0 diffs -> PASS)
  differ fanout (atomic=0 seed=23)                           ok (DIFFER fanout: 10420 checks, 0 diffs -> PASS)
  differ spubsub (atomic=0 seed=23)                          ok (DIFFER spubsub: 822 checks, 0 diffs -> PASS)
  differ notify (atomic=0 seed=23)                           ok (DIFFER notify: 327 ops, 451 events, 0 diffs -> PASS)
  differ wiredump (atomic=0 seed=23)                         ok (DIFFER wiredump: 4200 ops, 0 diffs, 23 clock tolerances -> PASS)
  differ climon (atomic=0 seed=23)                           ok (DIFFER climon: 4318 ops, 0 diffs -> PASS)
  differ compatintro (atomic=0 seed=23)                      ok (DIFFER compatintro: 5579 checks, 0 diffs -> PASS (getkeys=1550, config_multi=608, client_rows=224, acl_mutations=407, notify_events=15, silence_controls=5))
  differ aclsel (atomic=0 seed=23)                           ok (DIFFER aclsel: 12619 checks, 0 diffs -> PASS (rejections=4200, unchanged=4200, grants=1400, command_denials=700, key_denials=1400, channel_denials=700))
  differ cmdmeta (atomic=0 seed=23)                          ok (DIFFER cmdmeta: 4202 ops, 0 diffs -> PASS (info=2100, intent=2100, pipes=129, categories=89, docs_boundary=1, zero_controls=2))
  differ s6fix (atomic=0 seed=23)                            ok (DIFFER s6fix: 48456 logical ops, 0 diffs -> PASS)
  differ string (atomic=0 seed=21)                           ok (DIFFER string: 4033 ops, 0 diffs, 0 clock tolerances -> PASS)
  differ list (atomic=0 seed=21)                             ok (DIFFER list: 3521 ops, 0 diffs, 0 clock tolerances -> PASS)
  differ set (atomic=0 seed=21)                              ok (DIFFER set: 3524 ops, 0 diffs, 0 clock tolerances -> PASS)
  differ zset (atomic=0 seed=21)                             ok (DIFFER zset: 3531 ops, 0 diffs, 0 clock tolerances -> PASS)
  differ hash (atomic=0 seed=21)                             ok (DIFFER hash: 3545 ops, 0 diffs, 0 clock tolerances -> PASS)
  differ hexpire (atomic=0 seed=21)                          ok (DIFFER hexpire: 4288 ops, 0 diffs, 0 clock tolerances -> PASS)
  differ edgetime (atomic=0 seed=21)                         ok (DIFFER edgetime: 4426 ops, 0 diffs, 0 clock tolerances -> PASS)
  differ xshard (atomic=0 seed=21)                           ok (DIFFER xshard: 4276 ops, 0 diffs, 0 clock tolerances -> PASS)
  differ xmove (atomic=0 seed=21)                            ok (DIFFER xmove: 4263 ops, 0 diffs, 0 clock tolerances -> PASS)
  differ bitmap (atomic=0 seed=21)                           ok (DIFFER bitmap: 4262 ops, 0 diffs, 0 clock tolerances -> PASS)
  differ hll (atomic=0 seed=21)                              ok (DIFFER hll: 3034 ops, 0 diffs, 0 clock tolerances -> PASS)
  differ bitfield (atomic=0 seed=21)                         ok (DIFFER bitfield: 3226 ops, 0 diffs, 0 clock tolerances -> PASS)
  differ cgaps (atomic=0 seed=21)                            ok (DIFFER cgaps: 3310 ops, 0 diffs, 0 clock tolerances -> PASS)
  differ stream (atomic=0 seed=21)                           ok (DIFFER stream: 4031 ops, 0 diffs, 0 clock tolerances -> PASS)
  differ script (atomic=0 seed=21)                           ok (DIFFER script: 5050 ops, 0 diffs, 0 clock tolerances -> PASS)
  differ streamgrp (atomic=0 seed=21)                        ok (DIFFER streamgrp: 4052 ops, 0 diffs, 0 clock tolerances -> PASS)
  differ zsetops (atomic=0 seed=21)                          ok (DIFFER zsetops: 4200 ops, 0 diffs, 0 clock tolerances -> PASS)
  differ geo (atomic=0 seed=21)                              ok (DIFFER geo: 4200 ops, 0 diffs, 0 clock tolerances -> PASS)
  differ doubles (atomic=0 seed=21)                          ok (DIFFER doubles: 5000 ops, 0 diffs, 0 clock tolerances -> PASS)
  differ scan (atomic=0 seed=21)                             ok (DIFFER scan: 4081 ops, 0 diffs, 0 clock tolerances -> PASS)
  differ multi (atomic=0 seed=21)                            FAIL (see /home/user/Projects/cx-at15/build/at15b-pre-differ-armed/multi-a0-s21.txt; DIFFER multi: 4194 ops, 1 diffs, 0 clock tolerances -> FAIL)
  differ edgeenc (atomic=0 seed=21)                          ok (DIFFER edgeenc: 6757 ops, 0 diffs, 0 clock tolerances -> PASS)
  differ edgeproto (atomic=0 seed=21)                        ok (DIFFER edgeproto: 5200 ops, 0 diffs, 0 clock tolerances -> PASS)
  differ cmdgap (atomic=0 seed=21)                           ok (DIFFER cmdgap: 4213 ops, 0 diffs, 0 clock tolerances -> PASS)
  differ cmdgap2 (atomic=0 seed=21)                          ok (DIFFER cmdgap2: 4241 ops, 0 diffs, 0 clock tolerances -> PASS)
  differ sort (atomic=0 seed=21)                             SKIP (suite requires the split 6:2 geometry)
  differ servertail (atomic=0 seed=21)                       ok (DIFFER servertail: 5339 ops, 0 diffs, 0 clock tolerances -> PASS)
  differ arity (atomic=0 seed=21)                            ok (DIFFER arity: 4200 ops, 0 diffs, 0 clock tolerances -> PASS)
  differ storeorder (atomic=0 seed=21)                       ok (DIFFER storeorder: 4600 ops, 0 diffs, 0 clock tolerances -> PASS)
  differ infofix (atomic=0 seed=21)                          ok (DIFFER infofix: 4200 ops, 0 diffs, 0 clock tolerances -> PASS)
  differ multidb (atomic=0 seed=21)                          FAIL (see /home/user/Projects/cx-at15/build/at15b-pre-differ-armed/multidb-a0-s21.txt; DIFFER multidb: 5430 ops, 1 diffs, 0 clock tolerances -> FAIL)
  differ blocking (atomic=0 seed=21)                         ok (DIFFER blocking: 5299 logical ops, 5360 checks, 0 diffs -> PASS)
  differ pubsub (atomic=0 seed=21)                           ok (DIFFER pubsub: 4198 logical ops, 25944 checks, 0 diffs -> PASS)
  differ fanout (atomic=0 seed=21)                           ok (DIFFER fanout: 12325 checks, 0 diffs -> PASS)
  differ spubsub (atomic=0 seed=21)                          ok (DIFFER spubsub: 835 checks, 0 diffs -> PASS)
  differ notify (atomic=0 seed=21)                           ok (DIFFER notify: 331 ops, 460 events, 0 diffs -> PASS)
  differ wiredump (atomic=0 seed=21)                         ok (DIFFER wiredump: 4200 ops, 0 diffs, 34 clock tolerances -> PASS)
  differ climon (atomic=0 seed=21)                           ok (DIFFER climon: 4318 ops, 0 diffs -> PASS)
  differ compatintro (atomic=0 seed=21)                      ok (DIFFER compatintro: 5615 checks, 0 diffs -> PASS (getkeys=1550, config_multi=633, client_rows=244, acl_mutations=364, notify_events=15, silence_controls=5))
  differ aclsel (atomic=0 seed=21)                           ok (DIFFER aclsel: 12619 checks, 0 diffs -> PASS (rejections=4200, unchanged=4200, grants=1400, command_denials=700, key_denials=1400, channel_denials=700))
  differ cmdmeta (atomic=0 seed=21)                          ok (DIFFER cmdmeta: 4202 ops, 0 diffs -> PASS (info=2104, intent=2096, pipes=129, categories=89, docs_boundary=1, zero_controls=2))
  differ s6fix (atomic=0 seed=21)                            ok (DIFFER s6fix: 48456 logical ops, 0 diffs -> PASS)
  differ string (atomic=0 seed=22)                           ok (DIFFER string: 4033 ops, 0 diffs, 0 clock tolerances -> PASS)
  differ list (atomic=0 seed=22)                             ok (DIFFER list: 3521 ops, 0 diffs, 0 clock tolerances -> PASS)
  differ set (atomic=0 seed=22)                              ok (DIFFER set: 3524 ops, 0 diffs, 0 clock tolerances -> PASS)
  differ zset (atomic=0 seed=22)                             ok (DIFFER zset: 3531 ops, 0 diffs, 0 clock tolerances -> PASS)
  differ hash (atomic=0 seed=22)                             ok (DIFFER hash: 3545 ops, 0 diffs, 0 clock tolerances -> PASS)
  differ hexpire (atomic=0 seed=22)                          ok (DIFFER hexpire: 4288 ops, 0 diffs, 0 clock tolerances -> PASS)
  differ edgetime (atomic=0 seed=22)                         ok (DIFFER edgetime: 4426 ops, 0 diffs, 0 clock tolerances -> PASS)
  differ xshard (atomic=0 seed=22)                           ok (DIFFER xshard: 4276 ops, 0 diffs, 0 clock tolerances -> PASS)
  differ xmove (atomic=0 seed=22)                            ok (DIFFER xmove: 4263 ops, 0 diffs, 0 clock tolerances -> PASS)
  differ bitmap (atomic=0 seed=22)                           ok (DIFFER bitmap: 4262 ops, 0 diffs, 0 clock tolerances -> PASS)
  differ hll (atomic=0 seed=22)                              ok (DIFFER hll: 3010 ops, 0 diffs, 0 clock tolerances -> PASS)
  differ bitfield (atomic=0 seed=22)                         ok (DIFFER bitfield: 3226 ops, 0 diffs, 0 clock tolerances -> PASS)
  differ cgaps (atomic=0 seed=22)                            ok (DIFFER cgaps: 3310 ops, 0 diffs, 0 clock tolerances -> PASS)
  differ stream (atomic=0 seed=22)                           ok (DIFFER stream: 4031 ops, 0 diffs, 0 clock tolerances -> PASS)
  differ script (atomic=0 seed=22)                           ok (DIFFER script: 5043 ops, 0 diffs, 0 clock tolerances -> PASS)
  differ streamgrp (atomic=0 seed=22)                        ok (DIFFER streamgrp: 4052 ops, 0 diffs, 0 clock tolerances -> PASS)
  differ zsetops (atomic=0 seed=22)                          ok (DIFFER zsetops: 4200 ops, 0 diffs, 0 clock tolerances -> PASS)
  differ geo (atomic=0 seed=22)                              ok (DIFFER geo: 4200 ops, 0 diffs, 0 clock tolerances -> PASS)
  differ doubles (atomic=0 seed=22)                          ok (DIFFER doubles: 5000 ops, 0 diffs, 0 clock tolerances -> PASS)
  differ scan (atomic=0 seed=22)                             ok (DIFFER scan: 4081 ops, 0 diffs, 0 clock tolerances -> PASS)
  differ multi (atomic=0 seed=22)                            FAIL (see /home/user/Projects/cx-at15/build/at15b-pre-differ-armed/multi-a0-s22.txt; DIFFER multi: 4238 ops, 1 diffs, 0 clock tolerances -> FAIL)
  differ edgeenc (atomic=0 seed=22)                          ok (DIFFER edgeenc: 6757 ops, 0 diffs, 0 clock tolerances -> PASS)
  differ edgeproto (atomic=0 seed=22)                        ok (DIFFER edgeproto: 5200 ops, 0 diffs, 0 clock tolerances -> PASS)
  differ cmdgap (atomic=0 seed=22)                           ok (DIFFER cmdgap: 4213 ops, 0 diffs, 0 clock tolerances -> PASS)
  differ cmdgap2 (atomic=0 seed=22)                          ok (DIFFER cmdgap2: 4241 ops, 0 diffs, 0 clock tolerances -> PASS)
  differ sort (atomic=0 seed=22)                             SKIP (suite requires the split 6:2 geometry)
  differ servertail (atomic=0 seed=22)                       ok (DIFFER servertail: 5339 ops, 0 diffs, 0 clock tolerances -> PASS)
  differ arity (atomic=0 seed=22)                            ok (DIFFER arity: 4200 ops, 0 diffs, 0 clock tolerances -> PASS)
  differ storeorder (atomic=0 seed=22)                       ok (DIFFER storeorder: 4600 ops, 0 diffs, 0 clock tolerances -> PASS)
  differ infofix (atomic=0 seed=22)                          ok (DIFFER infofix: 4200 ops, 0 diffs, 0 clock tolerances -> PASS)
  differ multidb (atomic=0 seed=22)                          FAIL (see /home/user/Projects/cx-at15/build/at15b-pre-differ-armed/multidb-a0-s22.txt; DIFFER multidb: 5370 ops, 1 diffs, 0 clock tolerances -> FAIL)
  differ blocking (atomic=0 seed=22)                         ok (DIFFER blocking: 5281 logical ops, 5342 checks, 0 diffs -> PASS)
  differ pubsub (atomic=0 seed=22)                           ok (DIFFER pubsub: 4198 logical ops, 25300 checks, 0 diffs -> PASS)
  differ fanout (atomic=0 seed=22)                           ok (DIFFER fanout: 13883 checks, 0 diffs -> PASS)
  differ spubsub (atomic=0 seed=22)                          ok (DIFFER spubsub: 797 checks, 0 diffs -> PASS)
  differ notify (atomic=0 seed=22)                           ok (DIFFER notify: 330 ops, 452 events, 0 diffs -> PASS)
  differ wiredump (atomic=0 seed=22)                         ok (DIFFER wiredump: 4200 ops, 0 diffs, 19 clock tolerances -> PASS)
  differ climon (atomic=0 seed=22)                           ok (DIFFER climon: 4318 ops, 0 diffs -> PASS)
  differ compatintro (atomic=0 seed=22)                      ok (DIFFER compatintro: 5595 checks, 0 diffs -> PASS (getkeys=1550, config_multi=617, client_rows=244, acl_mutations=399, notify_events=15, silence_controls=5))
  differ aclsel (atomic=0 seed=22)                           ok (DIFFER aclsel: 12619 checks, 0 diffs -> PASS (rejections=4200, unchanged=4200, grants=1400, command_denials=700, key_denials=1400, channel_denials=700))
  differ cmdmeta (atomic=0 seed=22)                          ok (DIFFER cmdmeta: 4202 ops, 0 diffs -> PASS (info=2093, intent=2107, pipes=129, categories=89, docs_boundary=1, zero_controls=2))
  differ s6fix (atomic=0 seed=22)                            ok (DIFFER s6fix: 48456 logical ops, 0 diffs -> PASS)
  read-local lane fired (atomic=0)                           ok (hits=963 fallbacks=257)
  target atomic=0 stop                                       ok (port 17899 free)
  oracle stop                                                ok (port 17900 free)
DIFFER COMMAND COVERAGE: diffed 229 of 245 registered commands (1056764 recorded comparison witnesses, 246 legs)
  not observed in compared replies/properties: AUTH, BGREWRITEAOF, BGSAVE, FLIP, HELLO, LOLWUT, MONITOR, QUIT, REPLICAOF, SAVE, SHUTDOWN, SLAVEOF, TIME, UNWATCH, WATCH, ZREVRANGE
DIFFER FANOUT FAIL: armed-0: failed leg multi-a0-s7.txt (exit 1)
DIFFER GATE: pass=235 fail=13 runtime=9m20s
