
This GDB supports auto-downloading debuginfo from the following URLs:
  <https://debuginfod.ubuntu.com>
Enable debuginfod for this session? (y or [n]) [answered N; input not from terminal]
Debuginfod has been disabled.
To make this setting permanent, add 'set debuginfod enabled off' to .gdbinit.
[Thread debugging using libthread_db enabled]
Using host libthread_db library "/lib/x86_64-linux-gnu/libthread_db.so.1".

Program received signal SIGABRT, Aborted.
__pthread_kill_implementation (no_tid=0, signo=6, threadid=<optimized out>) at ./nptl/pthread_kill.c:44
warning: 44	./nptl/pthread_kill.c: No such file or directory
#0  __pthread_kill_implementation (no_tid=0, signo=6, threadid=<optimized out>) at ./nptl/pthread_kill.c:44
#1  __pthread_kill_internal (signo=6, threadid=<optimized out>) at ./nptl/pthread_kill.c:78
#2  __GI___pthread_kill (threadid=<optimized out>, signo=signo@entry=6) at ./nptl/pthread_kill.c:89
#3  0x00007ffff6e4527e in __GI_raise (sig=sig@entry=6) at ../sysdeps/posix/raise.c:26
#4  0x00007ffff6e288ff in __GI_abort () at ./stdlib/abort.c:79
#5  0x000055555556848a in tomo::(anonymous namespace)::initialize_multi_owner_record_refs (state=...) at ./src/cmd/multi.inc:866
#6  tomo::(anonymous namespace)::initialize_multi_owner_record_refs (state=...) at ./src/cmd/multi.inc:863
#7  0x00005555555e6083 in tomo::multi_dispatch_started (state=0x7ffff6bf2000, client=...) at ./src/cmd/multi.inc:1999
#8  tomo::multi_dispatch_started (state=0x7ffff6bf2000, client=...) at ./src/cmd/multi.inc:1997
#9  (anonymous namespace)::multi_io (server=..., client=..., args=std::vector of length 0, capacity 0) at tests/atomic_survivors_unit.cc:98
#10 0x00005555555e69f1 in (anonymous namespace)::rename (server=..., watch=true) at tests/atomic_survivors_unit.cc:214
#11 0x0000555555581dbc in main (argc=<optimized out>, argv=<optimized out>) at tests/atomic_survivors_unit.cc:493
