topology: 1 L3 domain(s)
  domain  0: 8 cpus [112,113,114,115,116,117,118,119]
tomokv-cpp: 8 unified threads, 16 shard(s), thread-mode=1s, overlap=0 (executor prefetch; ordinary IO), io_uring, alloc=jemalloc, reorder=0, read-local=1
  thread t0: role=unified cpu=112 L3=0 shards=2 send=self
  thread t1: role=unified cpu=113 L3=0 shards=2 send=self
  thread t2: role=unified cpu=114 L3=0 shards=2 send=self
  thread t3: role=unified cpu=115 L3=0 shards=2 send=self
  thread t4: role=unified cpu=116 L3=0 shards=2 send=self
  thread t5: role=unified cpu=117 L3=0 shards=2 send=self
  thread t6: role=unified cpu=118 L3=0 shards=2 send=self
  thread t7: role=unified cpu=119 L3=0 shards=2 send=self
listening on 127.0.0.1:18179
persistence: enabled=0 posted=0 flushed=0 durable=0 refused=0 pending_chunks=0 producers_with_pending=0 drain_gave_up=0 failed=0

thread role          ops      iters   busy_ms   idle_ms    cpu_ms   wake_tx  wake_rx
t0     uni          4164      68542     170.2    5420.9     183.4       139      160
io_tenure t0/0 busy_ns=170154620 idle_ns=5420854048 entry_ns=2984463246777374 begin_ns=2984463246777404 end_ns=2984468837786072 exit_ns=2984468837786212 role_exit=0 stopped=1
t1     uni            38       1919       2.2    5588.8       3.5         7       29
io_tenure t1/0 busy_ns=2237358 idle_ns=5588770970 entry_ns=2984463246775624 begin_ns=2984463246775654 end_ns=2984468837783982 exit_ns=2984468837784112 role_exit=0 stopped=1
t2     uni            40       9846       6.8    5584.2       8.0         8       34
io_tenure t2/0 busy_ns=6795415 idle_ns=5584226293 entry_ns=2984463246770284 begin_ns=2984463246770304 end_ns=2984468837792012 exit_ns=2984468837792052 role_exit=0 stopped=1
t3     uni            44       3449       3.3    5587.7       4.6        16       45
io_tenure t3/0 busy_ns=3321442 idle_ns=5587692016 entry_ns=2984463246771264 begin_ns=2984463246771294 end_ns=2984468837784752 exit_ns=2984468837784962 role_exit=0 stopped=1
t4     uni            46        749       1.8    5589.2       3.0         8       38
io_tenure t4/0 busy_ns=1754406 idle_ns=5589245992 entry_ns=2984463246780084 begin_ns=2984463246780114 end_ns=2984468837780512 exit_ns=2984468837780642 role_exit=0 stopped=1
t5     uni            46       3361       3.4    5587.6       4.7        13       40
io_tenure t5/0 busy_ns=3434288 idle_ns=5587572700 entry_ns=2984463246774084 begin_ns=2984463246774114 end_ns=2984468837781102 exit_ns=2984468837781242 role_exit=0 stopped=1
t6     uni            49       2628       2.8    5588.2       4.0        10       41
io_tenure t6/0 busy_ns=2835095 idle_ns=5588170503 entry_ns=2984463246774854 begin_ns=2984463246774884 end_ns=2984468837780482 exit_ns=2984468837780642 role_exit=0 stopped=1
t7     uni            41      12861       8.2    5582.8       9.4         8       31
io_tenure t7/0 busy_ns=8157572 idle_ns=5582845246 entry_ns=2984463246777604 begin_ns=2984463246777624 end_ns=2984468837780442 exit_ns=2984468837780632 role_exit=0 stopped=1
wb: retired=3192 direct=2048 sends=3192/3192 short=0 err=0 peer_aborts=0 bytes=5913424 zc_sends=0 zc_bytes=0 zc_releases=0 serves=3259 empty=67
tls: accepts=0 handshakes=0/0 failed=0 freed=0 want_read=0 want_write=0 cipher_in=0 plain_in=0 cipher_out=0 plain_out=0 zc_suppressed=0 ktls_active=0 ktls_fallback=0
stuck: live_conns=0 rob_not_quiesced=0 unsent_bytes_pending=0 | slots done=0 issued=0 free=0 flag_set=0
shutdown: unified_work=4468 accepts=26 accept_err=0 rearm=0 sqe_starved=0 notify_drop=0
shutdown_report {"schema":1,"thread_mode":"1s","work":{"kind":"fused","unified":4468},"threads":[{"tid":0,"role":"fused","ops":4164,"iterations":68542,"busy_ns":170154620,"idle_ns":5420854048,"cpu_ns":183395400,"wake_tx":139,"wake_rx":160,"io_tenures":[{"entry_ns":2984463246777374,"begin_ns":2984463246777404,"end_ns":2984468837786072,"exit_ns":2984468837786212,"busy_ns":170154620,"idle_ns":5420854048,"role_exit":false,"stopped":true,"did_submit":0,"sweep_submit":0,"park":0}]},{"tid":1,"role":"fused","ops":38,"iterations":1919,"busy_ns":2237358,"idle_ns":5588770970,"cpu_ns":3493890,"wake_tx":7,"wake_rx":29,"io_tenures":[{"entry_ns":2984463246775624,"begin_ns":2984463246775654,"end_ns":2984468837783982,"exit_ns":2984468837784112,"busy_ns":2237358,"idle_ns":5588770970,"role_exit":false,"stopped":true,"did_submit":0,"sweep_submit":0,"park":0}]},{"tid":2,"role":"fused","ops":40,"iterations":9846,"busy_ns":6795415,"idle_ns":5584226293,"cpu_ns":8004190,"wake_tx":8,"wake_rx":34,"io_tenures":[{"entry_ns":2984463246770284,"begin_ns":2984463246770304,"end_ns":2984468837792012,"exit_ns":2984468837792052,"busy_ns":6795415,"idle_ns":5584226293,"role_exit":false,"stopped":true,"did_submit":0,"sweep_submit":0,"park":0}]},{"tid":3,"role":"fused","ops":44,"iterations":3449,"busy_ns":3321442,"idle_ns":5587692016,"cpu_ns":4608290,"wake_tx":16,"wake_rx":45,"io_tenures":[{"entry_ns":2984463246771264,"begin_ns":2984463246771294,"end_ns":2984468837784752,"exit_ns":2984468837784962,"busy_ns":3321442,"idle_ns":5587692016,"role_exit":false,"stopped":true,"did_submit":0,"sweep_submit":0,"park":0}]},{"tid":4,"role":"fused","ops":46,"iterations":749,"busy_ns":1754406,"idle_ns":5589245992,"cpu_ns":3008150,"wake_tx":8,"wake_rx":38,"io_tenures":[{"entry_ns":2984463246780084,"begin_ns":2984463246780114,"end_ns":2984468837780512,"exit_ns":2984468837780642,"busy_ns":1754406,"idle_ns":5589245992,"role_exit":false,"stopped":true,"did_submit":0,"sweep_submit":0,"park":0}]},{"tid":5,"role":"fused","ops":46,"iterations":3361,"busy_ns":3434288,"idle_ns":5587572700,"cpu_ns":4748880,"wake_tx":13,"wake_rx":40,"io_tenures":[{"entry_ns":2984463246774084,"begin_ns":2984463246774114,"end_ns":2984468837781102,"exit_ns":2984468837781242,"busy_ns":3434288,"idle_ns":5587572700,"role_exit":false,"stopped":true,"did_submit":0,"sweep_submit":0,"park":0}]},{"tid":6,"role":"fused","ops":49,"iterations":2628,"busy_ns":2835095,"idle_ns":5588170503,"cpu_ns":4036480,"wake_tx":10,"wake_rx":41,"io_tenures":[{"entry_ns":2984463246774854,"begin_ns":2984463246774884,"end_ns":2984468837780482,"exit_ns":2984468837780642,"busy_ns":2835095,"idle_ns":5588170503,"role_exit":false,"stopped":true,"did_submit":0,"sweep_submit":0,"park":0}]},{"tid":7,"role":"fused","ops":41,"iterations":12861,"busy_ns":8157572,"idle_ns":5582845246,"cpu_ns":9400170,"wake_tx":8,"wake_rx":31,"io_tenures":[{"entry_ns":2984463246777604,"begin_ns":2984463246777624,"end_ns":2984468837780442,"exit_ns":2984468837780632,"busy_ns":8157572,"idle_ns":5582845246,"role_exit":false,"stopped":true,"did_submit":0,"sweep_submit":0,"park":0}]}],"wb":{"retired":3192,"direct":2048,"sends_completed":3192,"sends_submitted":3192,"short_writes":0,"send_errors":0,"peer_aborts":0,"bytes_sent":5913424,"zc_sends":0,"zc_bytes":0,"zc_releases":0,"serves":3259,"serves_empty":67},"tls":{"accepts":0,"handshakes_completed":0,"handshakes_started":0,"handshakes_failed":0,"connections_freed":0,"want_read":0,"want_write":0,"ciphertext_input_bytes":0,"plaintext_input_bytes":0,"ciphertext_output_bytes":0,"plaintext_output_bytes":0,"zc_suppressed":0,"ktls_active":0,"ktls_fallback":0},"stuck":{"live_conns":0,"rob_not_quiesced":0,"unsent_bytes_pending":0,"slots_done":0,"slots_issued":0,"slots_free":0,"flag_set":0},"epoll":{"enabled":false,"events":0,"recvs":0},"persistence":{"enabled":false,"recording":false,"failed":false,"drain_gave_up":false,"posted":0,"flushed":0,"durable":0,"refused":0,"pending_chunks":0,"records_written":0,"producers_with_pending":0,"producers_stopped":0,"producers_expected":0,"completions_pending":0},"accept":{"accepts":26,"accept_err":0,"rearm":0,"sqe_starved":0,"notify_drop":0}}
