topology: 1 L3 domain(s)
  domain  0: 8 cpus [112,113,114,115,116,117,118,119]
tomokv-cpp: 8 unified threads, 16 shard(s), thread-mode=1s, overlap=0 (executor prefetch; ordinary IO), io_uring, alloc=jemalloc, reorder=0, read-local=1
  thread t0: role=unified cpu=112 L3=0 shards=2 send=self
  thread t1: role=unified cpu=113 L3=0 shards=2 send=self
  thread t2: role=unified cpu=114 L3=0 shards=2 send=self
  thread t3: role=unified cpu=115 L3=0 shards=2 send=self
  thread t4: role=unified cpu=116 L3=0 shards=2 send=self
  thread t5: role=unified cpu=117 L3=0 shards=2 send=self
  thread t6: role=unified cpu=118 L3=0 shards=2 send=self
  thread t7: role=unified cpu=119 L3=0 shards=2 send=self
listening on 127.0.0.1:17899
persistence: enabled=0 posted=0 flushed=0 durable=0 refused=0 pending_chunks=0 producers_with_pending=0 drain_gave_up=0 failed=0

thread role          ops      iters   busy_ms   idle_ms    cpu_ms   wake_tx  wake_rx
t0     uni          2304       4851      11.4     525.1      13.7        96     1083
io_tenure t0/0 busy_ns=11352256 idle_ns=525067304 entry_ns=2928230191287392 begin_ns=2928230191287423 end_ns=2928230727706983 exit_ns=2928230727707133 role_exit=0 stopped=1
t1     uni          8799       8336      23.3     513.1      26.5      2547     3817
io_tenure t1/0 busy_ns=23336111 idle_ns=513096099 entry_ns=2928230191283532 begin_ns=2928230191283563 end_ns=2928230727715773 exit_ns=2928230727715813 role_exit=0 stopped=1
t2     uni          3633       5773      11.8     524.7      14.5       259     1521
io_tenure t2/0 busy_ns=11773430 idle_ns=524656821 entry_ns=2928230191278603 begin_ns=2928230191278632 end_ns=2928230727708883 exit_ns=2928230727708913 role_exit=0 stopped=1
t3     uni          7065       7683      22.4     514.0      25.1      2593     3581
io_tenure t3/0 busy_ns=22381882 idle_ns=514042519 entry_ns=2928230191283583 begin_ns=2928230191283612 end_ns=2928230727708013 exit_ns=2928230727708353 role_exit=0 stopped=1
t4     uni          2412       5832      12.7     523.7      15.0       195     1209
io_tenure t4/0 busy_ns=12711414 idle_ns=523710317 entry_ns=2928230191285023 begin_ns=2928230191285052 end_ns=2928230727706783 exit_ns=2928230727706943 role_exit=0 stopped=1
t5     uni          2739       6092      13.1     523.3      15.6       250     1405
io_tenure t5/0 busy_ns=13130150 idle_ns=523298631 entry_ns=2928230191278243 begin_ns=2928230191278272 end_ns=2928230727707053 exit_ns=2928230727707343 role_exit=0 stopped=1
t6     uni          6672       7762      22.6     513.8      25.4      2638     3616
io_tenure t6/0 busy_ns=22625308 idle_ns=513807453 entry_ns=2928230191274983 begin_ns=2928230191275012 end_ns=2928230727707773 exit_ns=2928230727707903 role_exit=0 stopped=1
t7     uni          3837       6145      13.4     523.0      15.9       252     1428
io_tenure t7/0 busy_ns=13403708 idle_ns=523023523 entry_ns=2928230191279063 begin_ns=2928230191279092 end_ns=2928230727706323 exit_ns=2928230727706453 role_exit=0 stopped=1
wb: retired=13281 direct=335 sends=2569/2569 short=0 err=0 peer_aborts=0 bytes=407547 zc_sends=0 zc_bytes=0 zc_releases=0 serves=2848 empty=279
tls: accepts=0 handshakes=0/0 failed=0 freed=0 want_read=0 want_write=0 cipher_in=0 plain_in=0 cipher_out=0 plain_out=0 zc_suppressed=0 ktls_active=0 ktls_fallback=0
stuck: live_conns=0 rob_not_quiesced=0 unsent_bytes_pending=0 | slots done=0 issued=0 free=0 flag_set=0
shutdown: unified_work=37461 accepts=4 accept_err=0 rearm=0 sqe_starved=0 notify_drop=0
shutdown_report {"schema":1,"thread_mode":"1s","work":{"kind":"fused","unified":37461},"threads":[{"tid":0,"role":"fused","ops":2304,"iterations":4851,"busy_ns":11352256,"idle_ns":525067304,"cpu_ns":13702320,"wake_tx":96,"wake_rx":1083,"io_tenures":[{"entry_ns":2928230191287392,"begin_ns":2928230191287423,"end_ns":2928230727706983,"exit_ns":2928230727707133,"busy_ns":11352256,"idle_ns":525067304,"role_exit":false,"stopped":true,"did_submit":0,"sweep_submit":0,"park":0}]},{"tid":1,"role":"fused","ops":8799,"iterations":8336,"busy_ns":23336111,"idle_ns":513096099,"cpu_ns":26457760,"wake_tx":2547,"wake_rx":3817,"io_tenures":[{"entry_ns":2928230191283532,"begin_ns":2928230191283563,"end_ns":2928230727715773,"exit_ns":2928230727715813,"busy_ns":23336111,"idle_ns":513096099,"role_exit":false,"stopped":true,"did_submit":0,"sweep_submit":0,"park":0}]},{"tid":2,"role":"fused","ops":3633,"iterations":5773,"busy_ns":11773430,"idle_ns":524656821,"cpu_ns":14474160,"wake_tx":259,"wake_rx":1521,"io_tenures":[{"entry_ns":2928230191278603,"begin_ns":2928230191278632,"end_ns":2928230727708883,"exit_ns":2928230727708913,"busy_ns":11773430,"idle_ns":524656821,"role_exit":false,"stopped":true,"did_submit":0,"sweep_submit":0,"park":0}]},{"tid":3,"role":"fused","ops":7065,"iterations":7683,"busy_ns":22381882,"idle_ns":514042519,"cpu_ns":25096610,"wake_tx":2593,"wake_rx":3581,"io_tenures":[{"entry_ns":2928230191283583,"begin_ns":2928230191283612,"end_ns":2928230727708013,"exit_ns":2928230727708353,"busy_ns":22381882,"idle_ns":514042519,"role_exit":false,"stopped":true,"did_submit":0,"sweep_submit":0,"park":0}]},{"tid":4,"role":"fused","ops":2412,"iterations":5832,"busy_ns":12711414,"idle_ns":523710317,"cpu_ns":14989680,"wake_tx":195,"wake_rx":1209,"io_tenures":[{"entry_ns":2928230191285023,"begin_ns":2928230191285052,"end_ns":2928230727706783,"exit_ns":2928230727706943,"busy_ns":12711414,"idle_ns":523710317,"role_exit":false,"stopped":true,"did_submit":0,"sweep_submit":0,"park":0}]},{"tid":5,"role":"fused","ops":2739,"iterations":6092,"busy_ns":13130150,"idle_ns":523298631,"cpu_ns":15580880,"wake_tx":250,"wake_rx":1405,"io_tenures":[{"entry_ns":2928230191278243,"begin_ns":2928230191278272,"end_ns":2928230727707053,"exit_ns":2928230727707343,"busy_ns":13130150,"idle_ns":523298631,"role_exit":false,"stopped":true,"did_submit":0,"sweep_submit":0,"park":0}]},{"tid":6,"role":"fused","ops":6672,"iterations":7762,"busy_ns":22625308,"idle_ns":513807453,"cpu_ns":25356120,"wake_tx":2638,"wake_rx":3616,"io_tenures":[{"entry_ns":2928230191274983,"begin_ns":2928230191275012,"end_ns":2928230727707773,"exit_ns":2928230727707903,"busy_ns":22625308,"idle_ns":513807453,"role_exit":false,"stopped":true,"did_submit":0,"sweep_submit":0,"park":0}]},{"tid":7,"role":"fused","ops":3837,"iterations":6145,"busy_ns":13403708,"idle_ns":523023523,"cpu_ns":15888780,"wake_tx":252,"wake_rx":1428,"io_tenures":[{"entry_ns":2928230191279063,"begin_ns":2928230191279092,"end_ns":2928230727706323,"exit_ns":2928230727706453,"busy_ns":13403708,"idle_ns":523023523,"role_exit":false,"stopped":true,"did_submit":0,"sweep_submit":0,"park":0}]}],"wb":{"retired":13281,"direct":335,"sends_completed":2569,"sends_submitted":2569,"short_writes":0,"send_errors":0,"peer_aborts":0,"bytes_sent":407547,"zc_sends":0,"zc_bytes":0,"zc_releases":0,"serves":2848,"serves_empty":279},"tls":{"accepts":0,"handshakes_completed":0,"handshakes_started":0,"handshakes_failed":0,"connections_freed":0,"want_read":0,"want_write":0,"ciphertext_input_bytes":0,"plaintext_input_bytes":0,"ciphertext_output_bytes":0,"plaintext_output_bytes":0,"zc_suppressed":0,"ktls_active":0,"ktls_fallback":0},"stuck":{"live_conns":0,"rob_not_quiesced":0,"unsent_bytes_pending":0,"slots_done":0,"slots_issued":0,"slots_free":0,"flag_set":0},"epoll":{"enabled":false,"events":0,"recvs":0},"persistence":{"enabled":false,"recording":false,"failed":false,"drain_gave_up":false,"posted":0,"flushed":0,"durable":0,"refused":0,"pending_chunks":0,"records_written":0,"producers_with_pending":0,"producers_stopped":0,"producers_expected":0,"completions_pending":0},"accept":{"accepts":4,"accept_err":0,"rearm":0,"sqe_starved":0,"notify_drop":0}}
