DIFFER FOCUSED PROOF: selected suites only; not a full differential matrix
DIFFER suites (2): multidb aclkeys
DIFFER geometry: split (--ratio 6:2)
DIFFER matrix: atomic={0 1} seeds={7 19 20 23} legs=16 logs=build/aclkeys4/repro
  vanilla Redis oracle boot                                  ok (pid=3336830 port=18341)
  oracle identity                                            ok (vanilla redis_version=7.4.10)
  target atomic=0 boot                                       ok (pid=3336855 port=18340)
  differ multidb (atomic=0 seed=7)                           ok (DIFFER multidb: 5419 ops, 0 diffs, 0 deadline-bounded TTL checks -> PASS)
  differ aclkeys (atomic=0 seed=7)                           FAIL (see build/aclkeys4/repro/aclkeys-a0-s7.txt; AssertionError: TomoKV admitted wake timed out: command=['XREAD', 'BLOCK', '0', 'STREAMS', 'block:aclkeys', '0'] wake=['XADD', 'block:aclkeys', '1-0', 'field', 'value'] replies=[])
  differ multidb (atomic=0 seed=19)                          ok (DIFFER multidb: 5557 ops, 0 diffs, 0 deadline-bounded TTL checks -> PASS)
  differ aclkeys (atomic=0 seed=19)                          FAIL (see build/aclkeys4/repro/aclkeys-a0-s19.txt; AssertionError: TomoKV admitted wake timed out: command=['XREAD', 'BLOCK', '0', 'STREAMS', 'block:aclkeys', '0'] wake=['XADD', 'block:aclkeys', '1-0', 'field', 'value'] replies=[])
  differ multidb (atomic=0 seed=20)                          ok (DIFFER multidb: 5461 ops, 0 diffs, 0 deadline-bounded TTL checks -> PASS)
  differ aclkeys (atomic=0 seed=20)                          FAIL (see build/aclkeys4/repro/aclkeys-a0-s20.txt; AssertionError: TomoKV admitted wake timed out: command=['XREAD', 'BLOCK', '0', 'STREAMS', 'block:aclkeys', '0'] wake=['XADD', 'block:aclkeys', '1-0', 'field', 'value'] replies=[])
  differ multidb (atomic=0 seed=23)                          ok (DIFFER multidb: 5317 ops, 0 diffs, 0 deadline-bounded TTL checks -> PASS)
  differ aclkeys (atomic=0 seed=23)                          FAIL (see build/aclkeys4/repro/aclkeys-a0-s23.txt; AssertionError: TomoKV admitted wake timed out: command=['XREAD', 'BLOCK', '0', 'STREAMS', 'block:aclkeys', '0'] wake=['XADD', 'block:aclkeys', '1-0', 'field', 'value'] replies=[])
  target atomic=0 stop                                       ok (port 18340 free)
  target atomic=1 boot                                       ok (pid=3341777 port=18340)
  differ multidb (atomic=1 seed=7)                           ok (DIFFER multidb: 5419 ops, 0 diffs, 0 deadline-bounded TTL checks -> PASS)
  differ aclkeys (atomic=1 seed=7)                           FAIL (see build/aclkeys4/repro/aclkeys-a1-s7.txt; AssertionError: TomoKV admitted wake timed out: command=['XREAD', 'BLOCK', '0', 'STREAMS', 'block:aclkeys', '0'] wake=['XADD', 'block:aclkeys', '1-0', 'field', 'value'] replies=[])
  differ multidb (atomic=1 seed=19)                          ok (DIFFER multidb: 5557 ops, 0 diffs, 0 deadline-bounded TTL checks -> PASS)
  differ aclkeys (atomic=1 seed=19)                          FAIL (see build/aclkeys4/repro/aclkeys-a1-s19.txt; AssertionError: TomoKV admitted wake timed out: command=['XREAD', 'BLOCK', '0', 'STREAMS', 'block:aclkeys', '0'] wake=['XADD', 'block:aclkeys', '1-0', 'field', 'value'] replies=[])
  differ multidb (atomic=1 seed=20)                          ok (DIFFER multidb: 5461 ops, 0 diffs, 0 deadline-bounded TTL checks -> PASS)
  differ aclkeys (atomic=1 seed=20)                          FAIL (see build/aclkeys4/repro/aclkeys-a1-s20.txt; AssertionError: TomoKV admitted wake timed out: command=['XREAD', 'BLOCK', '0', 'STREAMS', 'block:aclkeys', '0'] wake=['XADD', 'block:aclkeys', '1-0', 'field', 'value'] replies=[])
  differ multidb (atomic=1 seed=23)                          ok (DIFFER multidb: 5317 ops, 0 diffs, 0 deadline-bounded TTL checks -> PASS)
  differ aclkeys (atomic=1 seed=23)                          FAIL (see build/aclkeys4/repro/aclkeys-a1-s23.txt; AssertionError: TomoKV admitted wake timed out: command=['XREAD', 'BLOCK', '0', 'STREAMS', 'block:aclkeys', '0'] wake=['XADD', 'block:aclkeys', '1-0', 'field', 'value'] replies=[])
  target atomic=1 stop                                       ok (port 18340 free)
  oracle stop                                                ok (port 18341 free)
DIFFER COMMAND COVERAGE: diffed 27 of 245 registered commands (45180 recorded comparison witnesses, 16 legs)
  not observed in compared replies/properties: APPEND, ASKING, BGREWRITEAOF, BGSAVE, BITCOUNT, BITFIELD, BITFIELD_RO, BITOP, BITPOS, BLMOVE, BRPOPLPUSH, BZMPOP, BZPOPMAX, CONFIG, DEBUG, DECR, DECRBY, DISCARD, DUMP, ECHO, EVAL, EVALSHA, EVALSHA_RO, EVAL_RO, EXISTS, EXPIRE, EXPIREAT, EXPIRETIME, FAILOVER, FCALL, FCALL_RO, FLIP, FUNCTION, GEOADD, GEODIST, GEOHASH, GEOPOS, GEORADIUS, GEORADIUSBYMEMBER, GEORADIUSBYMEMBER_RO, GEORADIUS_RO, GEOSEARCH, GEOSEARCHSTORE, GETBIT, GETDEL, GETEX, GETRANGE, GETSET, HDEL, HELLO, HEXISTS, HEXPIRE, HEXPIREAT, HEXPIRETIME, HGET, HGETALL, HINCRBY, HINCRBYFLOAT, HKEYS, HLEN, HMGET, HMSET, HPERSIST, HPEXPIRE, HPEXPIREAT, HPEXPIRETIME, HPTTL, HRANDFIELD, HSCAN, HSET, HSETNX, HSTRLEN, HTTL, HVALS, INCR, INCRBY, INCRBYFLOAT, LASTSAVE, LATENCY, LCS, LINDEX, LINSERT, LLEN, LMOVE, LMPOP, LOLWUT, LPOP, LPOS, LPUSHX, LRANGE, LREM, LSET, LTRIM, MEMORY, MGET, MONITOR, MSET, MSETNX, OBJECT, PERSIST, PEXPIRE, PEXPIREAT, PEXPIRETIME, PFADD, PFCOUNT, PFDEBUG, PFMERGE, PFSELFTEST, PSETEX, PSUBSCRIBE, PTTL, PUBLISH, PUBSUB, PUNSUBSCRIBE, QUIT, RANDOMKEY, READONLY, READWRITE, RENAME, RENAMENX, REPLICAOF, RESET, RESTORE, RESTORE-ASKING, ROLE, RPOP, RPOPLPUSH, RPUSH, RPUSHX, SADD, SAVE, SCAN, SCARD, SCRIPT, SDIFF, SDIFFSTORE, SETBIT, SETEX, SETNX, SETRANGE, SHUTDOWN, SINTER, SINTERCARD, SINTERSTORE, SISMEMBER, SLAVEOF, SLOWLOG, SMEMBERS, SMISMEMBER, SMOVE, SORT, SORT_RO, SPOP, SPUBLISH, SRANDMEMBER, SREM, SSCAN, SSUBSCRIBE, STRLEN, SUBSCRIBE, SUBSTR, SUNION, SUNIONSTORE, SUNSUBSCRIBE, TIME, TOUCH, TTL, TYPE, UNLINK, UNSUBSCRIBE, UNWATCH, WAIT, WAITAOF, WATCH, XACK, XAUTOCLAIM, XCLAIM, XDEL, XGROUP, XINFO, XLEN, XPENDING, XRANGE, XREADGROUP, XREVRANGE, XSETID, XTRIM, ZCARD, ZCOUNT, ZDIFF, ZDIFFSTORE, ZINCRBY, ZINTER, ZINTERCARD, ZINTERSTORE, ZLEXCOUNT, ZMPOP, ZMSCORE, ZPOPMAX, ZPOPMIN, ZRANDMEMBER, ZRANGE, ZRANGEBYLEX, ZRANGEBYSCORE, ZRANGESTORE, ZRANK, ZREM, ZREMRANGEBYLEX, ZREMRANGEBYRANK, ZREMRANGEBYSCORE, ZREVRANGE, ZREVRANGEBYLEX, ZREVRANGEBYSCORE, ZREVRANK, ZSCAN, ZSCORE, ZUNION, ZUNIONSTORE
DIFFER FOCUSED PROOF: pass=8 fail=8 runtime=1m29s
