  row budget: 900s; median=0s; correctness-plan-fallback; mechanism-floor=900s (cold cache state not distinguished); netcmd regression build
  netcmd regression build                              ok
  row budget: 900s; median=0.005s; correctness-plan-fallback; netcmd streams regression
  netcmd streams regression                            ok
  row budget: 900s; median=0.005s; correctness-plan-fallback; netcmd zpop regression
  netcmd zpop regression                               ok
  row budget: 900s; median=0.005s; correctness-plan-fallback; netcmd notify-oom regression
  netcmd notify-oom regression                         ok
  row budget: 900s; median=0.005s; correctness-plan-fallback; netcmd notify-retry regression
  netcmd notify-retry regression                       ok
  row budget: 900s; median=0.01s; correctness-plan-fallback; netcmd flush regression
  netcmd flush regression                              ok
  row budget: 900s; median=0.01s; correctness-plan-fallback; netcmd output regression
  netcmd output regression                             ok
  row budget: 900s; median=0.01s; correctness-plan-fallback; netcmd pubsub regression
  netcmd pubsub regression                             ok
  row budget: 900s; median=0.005s; correctness-plan-fallback; netcmd receive regression
  netcmd receive regression                            ok
  row budget: 900s; median=0.04s; correctness-plan-fallback; netcmd config regression
  netcmd config regression                             ok
  row budget: 900s; median=0.01s; correctness-plan-fallback; netcmd hexpire-oom regression
  netcmd hexpire-oom regression                        ok
  row budget: 900s; median=0.01s; correctness-plan-fallback; NET1 serverless bounds + scan + reclamation
  NET1 serverless bounds + scan + reclamation          ok
