topology: 1 L3 domain(s)
  domain  0: 8 cpus [112,113,114,115,116,117,118,119]
tomokv-cpp: 8 threads (6 io + 2 ex), 16 shard(s), thread-mode=2s, overlap=0, io_uring, alloc=jemalloc, reorder=0, read-local=0
  thread t0: role=ifid cpu=112 L3=0 shards=0
  thread t1: role=ifid cpu=113 L3=0 shards=0
  thread t2: role=ifid cpu=114 L3=0 shards=0
  thread t3: role=ifid cpu=115 L3=0 shards=0
  thread t4: role=ifid cpu=116 L3=0 shards=0
  thread t5: role=ifid cpu=117 L3=0 shards=0
  thread t6: role=ex cpu=118 L3=0 shards=8
  thread t7: role=ex cpu=119 L3=0 shards=8
listening on 127.0.0.1:18340
persistence: enabled=0 posted=0 flushed=0 durable=0 refused=0 pending_chunks=0 producers_with_pending=0 drain_gave_up=0 failed=0

thread role          ops      iters   busy_ms   idle_ms    cpu_ms   wake_tx  wake_rx
t0     io              1        509       0.3     289.4       0.7         1        4
io_tenure t0/0 busy_ns=310471 idle_ns=289388255 entry_ns=3160526122676913 begin_ns=3160526122676953 end_ns=3160526412375679 exit_ns=3160526412375809 role_exit=0 stopped=1
t1     io              0        465       0.1     289.3       0.5         1        2
io_tenure t1/0 busy_ns=138961 idle_ns=289259534 entry_ns=3160526122973974 begin_ns=3160526122974014 end_ns=3160526412372509 exit_ns=3160526412372549 role_exit=0 stopped=1
t2     io              0        453       0.1     289.3       0.5         0        1
io_tenure t2/0 busy_ns=124531 idle_ns=289313254 entry_ns=3160526122947624 begin_ns=3160526122947644 end_ns=3160526412385429 exit_ns=3160526412385459 role_exit=0 stopped=1
t3     io              0        414       0.3     289.3       0.7         0        1
io_tenure t3/0 busy_ns=328653 idle_ns=289268653 entry_ns=3160526122777493 begin_ns=3160526122777633 end_ns=3160526412374939 exit_ns=3160526412375059 role_exit=0 stopped=1
t4     io              0        434       0.1     289.4       0.5         1        2
io_tenure t4/0 busy_ns=126600 idle_ns=289392395 entry_ns=3160526122855144 begin_ns=3160526122855184 end_ns=3160526412374179 exit_ns=3160526412374309 role_exit=0 stopped=1
t5     io              4        223       0.8     288.8       1.2         6       11
io_tenure t5/0 busy_ns=751243 idle_ns=288787542 entry_ns=3160526122835143 begin_ns=3160526122835234 end_ns=3160526412374019 exit_ns=3160526412374149 role_exit=0 stopped=1
t6     ex             13      15013       0.1     286.7       5.3         4        5
t7     ex              8      15727       0.0     286.1       5.4         0        0
wb: retired=10 direct=2 sends=10/10 short=0 err=0 peer_aborts=0 bytes=10353 zc_sends=0 zc_bytes=0 zc_releases=0 serves=14 empty=4
tls: accepts=0 handshakes=0/0 failed=0 freed=0 want_read=0 want_write=0 cipher_in=0 plain_in=0 cipher_out=0 plain_out=0 zc_suppressed=0 ktls_active=0 ktls_fallback=0
stuck: live_conns=0 rob_not_quiesced=0 unsent_bytes_pending=0 | slots done=0 issued=0 free=0 flag_set=0
shutdown: dispatched=5 executed=21 accepts=3 accept_err=0 rearm=0 sqe_starved=0 notify_drop=0
shutdown_report {"schema":1,"thread_mode":"2s","work":{"kind":"split","dispatched":5,"executed":21},"threads":[{"tid":0,"role":"io","ops":1,"iterations":509,"busy_ns":310471,"idle_ns":289388255,"cpu_ns":711220,"wake_tx":1,"wake_rx":4,"io_tenures":[{"entry_ns":3160526122676913,"begin_ns":3160526122676953,"end_ns":3160526412375679,"exit_ns":3160526412375809,"busy_ns":310471,"idle_ns":289388255,"role_exit":false,"stopped":true,"did_submit":0,"sweep_submit":0,"park":0}]},{"tid":1,"role":"io","ops":0,"iterations":465,"busy_ns":138961,"idle_ns":289259534,"cpu_ns":539740,"wake_tx":1,"wake_rx":2,"io_tenures":[{"entry_ns":3160526122973974,"begin_ns":3160526122974014,"end_ns":3160526412372509,"exit_ns":3160526412372549,"busy_ns":138961,"idle_ns":289259534,"role_exit":false,"stopped":true,"did_submit":0,"sweep_submit":0,"park":0}]},{"tid":2,"role":"io","ops":0,"iterations":453,"busy_ns":124531,"idle_ns":289313254,"cpu_ns":525950,"wake_tx":0,"wake_rx":1,"io_tenures":[{"entry_ns":3160526122947624,"begin_ns":3160526122947644,"end_ns":3160526412385429,"exit_ns":3160526412385459,"busy_ns":124531,"idle_ns":289313254,"role_exit":false,"stopped":true,"did_submit":0,"sweep_submit":0,"park":0}]},{"tid":3,"role":"io","ops":0,"iterations":414,"busy_ns":328653,"idle_ns":289268653,"cpu_ns":747490,"wake_tx":0,"wake_rx":1,"io_tenures":[{"entry_ns":3160526122777493,"begin_ns":3160526122777633,"end_ns":3160526412374939,"exit_ns":3160526412375059,"busy_ns":328653,"idle_ns":289268653,"role_exit":false,"stopped":true,"did_submit":0,"sweep_submit":0,"park":0}]},{"tid":4,"role":"io","ops":0,"iterations":434,"busy_ns":126600,"idle_ns":289392395,"cpu_ns":511110,"wake_tx":1,"wake_rx":2,"io_tenures":[{"entry_ns":3160526122855144,"begin_ns":3160526122855184,"end_ns":3160526412374179,"exit_ns":3160526412374309,"busy_ns":126600,"idle_ns":289392395,"role_exit":false,"stopped":true,"did_submit":0,"sweep_submit":0,"park":0}]},{"tid":5,"role":"io","ops":4,"iterations":223,"busy_ns":751243,"idle_ns":288787542,"cpu_ns":1205830,"wake_tx":6,"wake_rx":11,"io_tenures":[{"entry_ns":3160526122835143,"begin_ns":3160526122835234,"end_ns":3160526412374019,"exit_ns":3160526412374149,"busy_ns":751243,"idle_ns":288787542,"role_exit":false,"stopped":true,"did_submit":0,"sweep_submit":0,"park":0}]},{"tid":6,"role":"ex","ops":13,"iterations":15013,"busy_ns":100440,"idle_ns":286655074,"cpu_ns":5324430,"wake_tx":4,"wake_rx":5,"io_tenures":[]},{"tid":7,"role":"ex","ops":8,"iterations":15727,"busy_ns":36831,"idle_ns":286139769,"cpu_ns":5444180,"wake_tx":0,"wake_rx":0,"io_tenures":[]}],"wb":{"retired":10,"direct":2,"sends_completed":10,"sends_submitted":10,"short_writes":0,"send_errors":0,"peer_aborts":0,"bytes_sent":10353,"zc_sends":0,"zc_bytes":0,"zc_releases":0,"serves":14,"serves_empty":4},"tls":{"accepts":0,"handshakes_completed":0,"handshakes_started":0,"handshakes_failed":0,"connections_freed":0,"want_read":0,"want_write":0,"ciphertext_input_bytes":0,"plaintext_input_bytes":0,"ciphertext_output_bytes":0,"plaintext_output_bytes":0,"zc_suppressed":0,"ktls_active":0,"ktls_fallback":0},"stuck":{"live_conns":0,"rob_not_quiesced":0,"unsent_bytes_pending":0,"slots_done":0,"slots_issued":0,"slots_free":0,"flag_set":0},"epoll":{"enabled":false,"events":0,"recvs":0},"persistence":{"enabled":false,"recording":false,"failed":false,"drain_gave_up":false,"posted":0,"flushed":0,"durable":0,"refused":0,"pending_chunks":0,"records_written":0,"producers_with_pending":0,"producers_stopped":0,"producers_expected":0,"completions_pending":0},"accept":{"accepts":3,"accept_err":0,"rearm":0,"sqe_starved":0,"notify_drop":0}}
