topology: 1 L3 domain(s)
  domain  0: 8 cpus [112,113,114,115,116,117,118,119]
tomokv-cpp: 8 unified threads, 16 shard(s), thread-mode=1s, overlap=0 (executor prefetch; ordinary IO), io_uring, alloc=jemalloc, reorder=0, read-local=1
  thread t0: role=unified cpu=112 L3=0 shards=2 send=self
  thread t1: role=unified cpu=113 L3=0 shards=2 send=self
  thread t2: role=unified cpu=114 L3=0 shards=2 send=self
  thread t3: role=unified cpu=115 L3=0 shards=2 send=self
  thread t4: role=unified cpu=116 L3=0 shards=2 send=self
  thread t5: role=unified cpu=117 L3=0 shards=2 send=self
  thread t6: role=unified cpu=118 L3=0 shards=2 send=self
  thread t7: role=unified cpu=119 L3=0 shards=2 send=self
listening on 127.0.0.1:18179
persistence: enabled=0 posted=0 flushed=0 durable=0 refused=0 pending_chunks=0 producers_with_pending=0 drain_gave_up=0 failed=0

thread role          ops      iters   busy_ms   idle_ms    cpu_ms   wake_tx  wake_rx
t0     uni             0          3       0.0     113.3       0.9         0        0
io_tenure t0/0 busy_ns=29621 idle_ns=113259289 entry_ns=2983792088390654 begin_ns=2983792088390674 end_ns=2983792201679584 exit_ns=2983792201679744 role_exit=0 stopped=1
t1     uni             0          3       0.0     113.3       0.6         0        0
io_tenure t1/0 busy_ns=45111 idle_ns=113263200 entry_ns=2983792088370424 begin_ns=2983792088370453 end_ns=2983792201678764 exit_ns=2983792201678893 role_exit=0 stopped=1
t2     uni             0          3       0.0     113.3       0.5         0        0
io_tenure t2/0 busy_ns=30578 idle_ns=113254501 entry_ns=2983792088388924 begin_ns=2983792088388954 end_ns=2983792201674033 exit_ns=2983792201674204 role_exit=0 stopped=1
t3     uni             0          3       0.1     113.3       0.5         0        0
io_tenure t3/0 busy_ns=50380 idle_ns=113256009 entry_ns=2983792088372144 begin_ns=2983792088372164 end_ns=2983792201678553 exit_ns=2983792201678693 role_exit=0 stopped=1
t4     uni             0          3       0.0     113.3       0.5         0        0
io_tenure t4/0 busy_ns=42390 idle_ns=113257190 entry_ns=2983792088376053 begin_ns=2983792088376084 end_ns=2983792201675664 exit_ns=2983792201675793 role_exit=0 stopped=1
t5     uni             1          5       0.1     113.2       0.5         1        2
io_tenure t5/0 busy_ns=68250 idle_ns=113234530 entry_ns=2983792088374164 begin_ns=2983792088374184 end_ns=2983792201676964 exit_ns=2983792201677133 role_exit=0 stopped=1
t6     uni             0          3       0.0     113.3       0.5         0        0
io_tenure t6/0 busy_ns=38420 idle_ns=113262270 entry_ns=2983792088386924 begin_ns=2983792088386954 end_ns=2983792201687644 exit_ns=2983792201687674 role_exit=0 stopped=1
t7     uni          4097       6185      17.5      95.8      24.9         1        2
io_tenure t7/0 busy_ns=17450800 idle_ns=95842360 entry_ns=2983792088379053 begin_ns=2983792088379084 end_ns=2983792201672244 exit_ns=2983792201672373 role_exit=0 stopped=1
wb: retired=2059 direct=2048 sends=2059/2059 short=0 err=0 peer_aborts=0 bytes=76958 zc_sends=0 zc_bytes=0 zc_releases=0 serves=2059 empty=0
tls: accepts=0 handshakes=0/0 failed=0 freed=0 want_read=0 want_write=0 cipher_in=0 plain_in=0 cipher_out=0 plain_out=0 zc_suppressed=0 ktls_active=0 ktls_fallback=0
stuck: live_conns=0 rob_not_quiesced=0 unsent_bytes_pending=0 | slots done=0 issued=0 free=0 flag_set=0
shutdown: unified_work=4098 accepts=1 accept_err=0 rearm=0 sqe_starved=0 notify_drop=0
shutdown_report {"schema":1,"thread_mode":"1s","work":{"kind":"fused","unified":4098},"threads":[{"tid":0,"role":"fused","ops":0,"iterations":3,"busy_ns":29621,"idle_ns":113259289,"cpu_ns":857153,"wake_tx":0,"wake_rx":0,"io_tenures":[{"entry_ns":2983792088390654,"begin_ns":2983792088390674,"end_ns":2983792201679584,"exit_ns":2983792201679744,"busy_ns":29621,"idle_ns":113259289,"role_exit":false,"stopped":true,"did_submit":0,"sweep_submit":0,"park":0}]},{"tid":1,"role":"fused","ops":0,"iterations":3,"busy_ns":45111,"idle_ns":113263200,"cpu_ns":562720,"wake_tx":0,"wake_rx":0,"io_tenures":[{"entry_ns":2983792088370424,"begin_ns":2983792088370453,"end_ns":2983792201678764,"exit_ns":2983792201678893,"busy_ns":45111,"idle_ns":113263200,"role_exit":false,"stopped":true,"did_submit":0,"sweep_submit":0,"park":0}]},{"tid":2,"role":"fused","ops":0,"iterations":3,"busy_ns":30578,"idle_ns":113254501,"cpu_ns":497559,"wake_tx":0,"wake_rx":0,"io_tenures":[{"entry_ns":2983792088388924,"begin_ns":2983792088388954,"end_ns":2983792201674033,"exit_ns":2983792201674204,"busy_ns":30578,"idle_ns":113254501,"role_exit":false,"stopped":true,"did_submit":0,"sweep_submit":0,"park":0}]},{"tid":3,"role":"fused","ops":0,"iterations":3,"busy_ns":50380,"idle_ns":113256009,"cpu_ns":505189,"wake_tx":0,"wake_rx":0,"io_tenures":[{"entry_ns":2983792088372144,"begin_ns":2983792088372164,"end_ns":2983792201678553,"exit_ns":2983792201678693,"busy_ns":50380,"idle_ns":113256009,"role_exit":false,"stopped":true,"did_submit":0,"sweep_submit":0,"park":0}]},{"tid":4,"role":"fused","ops":0,"iterations":3,"busy_ns":42390,"idle_ns":113257190,"cpu_ns":501287,"wake_tx":0,"wake_rx":0,"io_tenures":[{"entry_ns":2983792088376053,"begin_ns":2983792088376084,"end_ns":2983792201675664,"exit_ns":2983792201675793,"busy_ns":42390,"idle_ns":113257190,"role_exit":false,"stopped":true,"did_submit":0,"sweep_submit":0,"park":0}]},{"tid":5,"role":"fused","ops":1,"iterations":5,"busy_ns":68250,"idle_ns":113234530,"cpu_ns":503567,"wake_tx":1,"wake_rx":2,"io_tenures":[{"entry_ns":2983792088374164,"begin_ns":2983792088374184,"end_ns":2983792201676964,"exit_ns":2983792201677133,"busy_ns":68250,"idle_ns":113234530,"role_exit":false,"stopped":true,"did_submit":0,"sweep_submit":0,"park":0}]},{"tid":6,"role":"fused","ops":0,"iterations":3,"busy_ns":38420,"idle_ns":113262270,"cpu_ns":456776,"wake_tx":0,"wake_rx":0,"io_tenures":[{"entry_ns":2983792088386924,"begin_ns":2983792088386954,"end_ns":2983792201687644,"exit_ns":2983792201687674,"busy_ns":38420,"idle_ns":113262270,"role_exit":false,"stopped":true,"did_submit":0,"sweep_submit":0,"park":0}]},{"tid":7,"role":"fused","ops":4097,"iterations":6185,"busy_ns":17450800,"idle_ns":95842360,"cpu_ns":24879958,"wake_tx":1,"wake_rx":2,"io_tenures":[{"entry_ns":2983792088379053,"begin_ns":2983792088379084,"end_ns":2983792201672244,"exit_ns":2983792201672373,"busy_ns":17450800,"idle_ns":95842360,"role_exit":false,"stopped":true,"did_submit":0,"sweep_submit":0,"park":0}]}],"wb":{"retired":2059,"direct":2048,"sends_completed":2059,"sends_submitted":2059,"short_writes":0,"send_errors":0,"peer_aborts":0,"bytes_sent":76958,"zc_sends":0,"zc_bytes":0,"zc_releases":0,"serves":2059,"serves_empty":0},"tls":{"accepts":0,"handshakes_completed":0,"handshakes_started":0,"handshakes_failed":0,"connections_freed":0,"want_read":0,"want_write":0,"ciphertext_input_bytes":0,"plaintext_input_bytes":0,"ciphertext_output_bytes":0,"plaintext_output_bytes":0,"zc_suppressed":0,"ktls_active":0,"ktls_fallback":0},"stuck":{"live_conns":0,"rob_not_quiesced":0,"unsent_bytes_pending":0,"slots_done":0,"slots_issued":0,"slots_free":0,"flag_set":0},"epoll":{"enabled":false,"events":0,"recvs":0},"persistence":{"enabled":false,"recording":false,"failed":false,"drain_gave_up":false,"posted":0,"flushed":0,"durable":0,"refused":0,"pending_chunks":0,"records_written":0,"producers_with_pending":0,"producers_stopped":0,"producers_expected":0,"completions_pending":0},"accept":{"accepts":1,"accept_err":0,"rearm":0,"sqe_starved":0,"notify_drop":0}}
