  row budget: 900s; median=2.44s; correctness-plan-fallback; s6 battery (atomic 1)
  s6 battery (atomic 1)                                ok
  row budget: 900s; median=2.07s; correctness-plan-fallback; multi_exec battery (atomic 1)
  multi_exec battery (atomic 1)                        ok
  row budget: 900s; median=1.505s; correctness-plan-fallback; blocking battery (atomic 1)
  blocking battery (atomic 1)                          ok
  row budget: 900s; median=0.48s; correctness-plan-fallback; blockmulti battery (atomic 1)
  blockmulti battery (atomic 1)                        ok
  row budget: 900s; median=0.51s; correctness-plan-fallback; stream battery (atomic 1)
  stream battery (atomic 1)                            ok
  row budget: 900s; median=0.035s; correctness-plan-fallback; streamgroups battery (atomic 1)
  streamgroups battery (atomic 1)                      ok
  row budget: 900s; median=0.895s; correctness-plan-fallback; pubsub battery (atomic 1)
  pubsub battery (atomic 1)                            ok
  row budget: 900s; median=0.02s; correctness-plan-fallback; lua_scripting battery (atomic 1)
  lua_scripting battery (atomic 1)                     ok
  row budget: 900s; median=0.04s; correctness-plan-fallback; scriptsurf battery (atomic 1)
  scriptsurf battery (atomic 1)                        ok
  row budget: 900s; median=15.23s; correctness-plan-fallback; limits battery (atomic 1)
  limits battery (atomic 1)                            ok
  row budget: 900s; median=0.03s; correctness-plan-fallback; resp3 battery (atomic 1)
  resp3 battery (atomic 1)                             ok
  row budget: 900s; median=0.025s; correctness-plan-fallback; bitfield battery (atomic 1)
  bitfield battery (atomic 1)                          ok
  row budget: 900s; median=0.06s; correctness-plan-fallback; dumprestore battery (atomic 1)
  dumprestore battery (atomic 1)                       ok
  row budget: 900s; median=0.04s; correctness-plan-fallback; zsetops battery (atomic 1)
  zsetops battery (atomic 1)                           ok
  row budget: 900s; median=0.03s; correctness-plan-fallback; geo battery (atomic 1)
  geo battery (atomic 1)                               ok
  row budget: 900s; median=1.12s; correctness-plan-fallback; climon battery (atomic 1)
  climon battery (atomic 1)                            ok
  row budget: 900s; median=3.32s; correctness-plan-fallback; climon2 battery (atomic 1)
  climon2 battery (atomic 1)                           ok
  row budget: 900s; median=13.71s; correctness-plan-fallback; tracking battery (atomic 1)
  tracking battery (atomic 1)                          ok
  row budget: 900s; median=3.45s; correctness-plan-fallback; hexpire battery (atomic 1)
  hexpire battery (atomic 1)                           ok
  row budget: 900s; median=2.55s; correctness-plan-fallback; servertail battery (atomic 1)
  servertail battery (atomic 1)                        ok
  row budget: 900s; median=0.155s; correctness-plan-fallback; lcs battery (atomic 1)
  lcs battery (atomic 1)                               ok
  row budget: 900s; median=1.8s; correctness-plan-fallback; concur battery (atomic 1)
  concur battery (atomic 1)                            ok
  row budget: 900s; median=0.58s; correctness-plan-fallback; edgeproto battery (atomic 1)
  edgeproto battery (atomic 1)                         ok
  row budget: 900s; median=0.34s; correctness-plan-fallback; edgeenc battery (atomic 1)
  edgeenc battery (atomic 1)                           ok
  row budget: 900s; median=4.065s; correctness-plan-fallback; edgetime battery (atomic 1)
  edgetime battery (atomic 1)                          ok
  row budget: 900s; median=0.03s; correctness-plan-fallback; arity battery (atomic 1)
  arity battery (atomic 1)                             ok
  row budget: 900s; median=0.025s; correctness-plan-fallback; contarity battery (atomic 1)
  contarity battery (atomic 1)                         ok
  row budget: 900s; median=0.03s; correctness-plan-fallback; cmdgap battery (atomic 1)
  cmdgap battery (atomic 1)                            ok
  row budget: 900s; median=0.03s; correctness-plan-fallback; aclsel battery (atomic 1)
  aclsel battery (atomic 1)                            ok
  row budget: 900s; median=50.185s; correctness-plan-fallback; expwide battery (atomic 1)
  expwide battery (atomic 1)                           ok
  row budget: 900s; median=0.14s; correctness-plan-fallback; infofix battery (atomic 1)
  infofix battery (atomic 1)                           ok
  row budget: 900s; median=2.93s; correctness-plan-fallback; pushtear battery (atomic 1)
  pushtear battery (atomic 1)                          ok
  row budget: 900s; median=0.03s; correctness-plan-fallback; netcmd battery (atomic 1)
  netcmd battery (atomic 1)                            ok
  row budget: 900s; median=0.02s; correctness-plan-fallback; feature shutdown invariants (atomic 1)
  feature shutdown invariants (atomic 1)               ok
