topology: 1 L3 domain(s)
  domain  0: 8 cpus [112,113,114,115,116,117,118,119]
tomokv-cpp: 8 unified threads, 16 shard(s), thread-mode=1s, overlap=0 (executor prefetch; ordinary IO), io_uring, alloc=jemalloc, reorder=0, read-local=1
  thread t0: role=unified cpu=112 L3=0 shards=2 send=self
  thread t1: role=unified cpu=113 L3=0 shards=2 send=self
  thread t2: role=unified cpu=114 L3=0 shards=2 send=self
  thread t3: role=unified cpu=115 L3=0 shards=2 send=self
  thread t4: role=unified cpu=116 L3=0 shards=2 send=self
  thread t5: role=unified cpu=117 L3=0 shards=2 send=self
  thread t6: role=unified cpu=118 L3=0 shards=2 send=self
  thread t7: role=unified cpu=119 L3=0 shards=2 send=self
listening on 127.0.0.1:18179
persistence: enabled=0 posted=0 flushed=0 durable=0 refused=0 pending_chunks=0 producers_with_pending=0 drain_gave_up=0 failed=0

thread role          ops      iters   busy_ms   idle_ms    cpu_ms   wake_tx  wake_rx
t0     uni            81      24306      15.6     827.1      16.5        22       71
io_tenure t0/0 busy_ns=15599566 idle_ns=827057612 entry_ns=2983796446156653 begin_ns=2983796446156684 end_ns=2983797288813862 exit_ns=2983797288813982 role_exit=0 stopped=1
t1     uni            69        191       1.7     841.0       2.5        14       55
io_tenure t1/0 busy_ns=1665662 idle_ns=840997487 entry_ns=2983796446152004 begin_ns=2983796446152033 end_ns=2983797288815182 exit_ns=2983797288815322 role_exit=0 stopped=1
t2     uni            74      16685      11.0     831.6      11.8        17       58
io_tenure t2/0 busy_ns=11049540 idle_ns=831606689 entry_ns=2983796446159353 begin_ns=2983796446159373 end_ns=2983797288815602 exit_ns=2983797288815722 role_exit=0 stopped=1
t3     uni            76      50218      30.4     812.2      31.3        17       61
io_tenure t3/0 busy_ns=30418210 idle_ns=812228699 entry_ns=2983796446167264 begin_ns=2983796446167293 end_ns=2983797288814202 exit_ns=2983797288814352 role_exit=0 stopped=1
t4     uni            79      13735       9.5     833.1      10.2        10       57
io_tenure t4/0 busy_ns=9510780 idle_ns=833136659 entry_ns=2983796446166533 begin_ns=2983796446166573 end_ns=2983797288814012 exit_ns=2983797288814152 role_exit=0 stopped=1
t5     uni            68       3506       3.6     839.1       4.3        17       55
io_tenure t5/0 busy_ns=3568583 idle_ns=839079906 entry_ns=2983796446161764 begin_ns=2983796446161793 end_ns=2983797288810282 exit_ns=2983797288810422 role_exit=0 stopped=1
t6     uni            69      17027      11.1     831.6      11.9        27       65
io_tenure t6/0 busy_ns=11065900 idle_ns=831590449 entry_ns=2983796446154164 begin_ns=2983796446154193 end_ns=2983797288810542 exit_ns=2983797288810682 role_exit=0 stopped=1
t7     uni          4202     104541      98.5     744.2     107.3       209      244
io_tenure t7/0 busy_ns=98455173 idle_ns=744214165 entry_ns=2983796446152104 begin_ns=2983796446152124 end_ns=2983797288821462 exit_ns=2983797288821492 role_exit=0 stopped=1
wb: retired=2440 direct=2048 sends=2440/2440 short=0 err=0 peer_aborts=0 bytes=1296426 zc_sends=0 zc_bytes=0 zc_releases=0 serves=2477 empty=37
tls: accepts=0 handshakes=0/0 failed=0 freed=0 want_read=0 want_write=0 cipher_in=0 plain_in=0 cipher_out=0 plain_out=0 zc_suppressed=0 ktls_active=0 ktls_fallback=0
stuck: live_conns=1 rob_not_quiesced=0 unsent_bytes_pending=0 | slots done=0 issued=0 free=0 flag_set=0
shutdown: unified_work=4718 accepts=50 accept_err=0 rearm=0 sqe_starved=0 notify_drop=0
shutdown_report {"schema":1,"thread_mode":"1s","work":{"kind":"fused","unified":4718},"threads":[{"tid":0,"role":"fused","ops":81,"iterations":24306,"busy_ns":15599566,"idle_ns":827057612,"cpu_ns":16516740,"wake_tx":22,"wake_rx":71,"io_tenures":[{"entry_ns":2983796446156653,"begin_ns":2983796446156684,"end_ns":2983797288813862,"exit_ns":2983797288813982,"busy_ns":15599566,"idle_ns":827057612,"role_exit":false,"stopped":true,"did_submit":0,"sweep_submit":0,"park":0}]},{"tid":1,"role":"fused","ops":69,"iterations":191,"busy_ns":1665662,"idle_ns":840997487,"cpu_ns":2486470,"wake_tx":14,"wake_rx":55,"io_tenures":[{"entry_ns":2983796446152004,"begin_ns":2983796446152033,"end_ns":2983797288815182,"exit_ns":2983797288815322,"busy_ns":1665662,"idle_ns":840997487,"role_exit":false,"stopped":true,"did_submit":0,"sweep_submit":0,"park":0}]},{"tid":2,"role":"fused","ops":74,"iterations":16685,"busy_ns":11049540,"idle_ns":831606689,"cpu_ns":11761210,"wake_tx":17,"wake_rx":58,"io_tenures":[{"entry_ns":2983796446159353,"begin_ns":2983796446159373,"end_ns":2983797288815602,"exit_ns":2983797288815722,"busy_ns":11049540,"idle_ns":831606689,"role_exit":false,"stopped":true,"did_submit":0,"sweep_submit":0,"park":0}]},{"tid":3,"role":"fused","ops":76,"iterations":50218,"busy_ns":30418210,"idle_ns":812228699,"cpu_ns":31276940,"wake_tx":17,"wake_rx":61,"io_tenures":[{"entry_ns":2983796446167264,"begin_ns":2983796446167293,"end_ns":2983797288814202,"exit_ns":2983797288814352,"busy_ns":30418210,"idle_ns":812228699,"role_exit":false,"stopped":true,"did_submit":0,"sweep_submit":0,"park":0}]},{"tid":4,"role":"fused","ops":79,"iterations":13735,"busy_ns":9510780,"idle_ns":833136659,"cpu_ns":10168290,"wake_tx":10,"wake_rx":57,"io_tenures":[{"entry_ns":2983796446166533,"begin_ns":2983796446166573,"end_ns":2983797288814012,"exit_ns":2983797288814152,"busy_ns":9510780,"idle_ns":833136659,"role_exit":false,"stopped":true,"did_submit":0,"sweep_submit":0,"park":0}]},{"tid":5,"role":"fused","ops":68,"iterations":3506,"busy_ns":3568583,"idle_ns":839079906,"cpu_ns":4271020,"wake_tx":17,"wake_rx":55,"io_tenures":[{"entry_ns":2983796446161764,"begin_ns":2983796446161793,"end_ns":2983797288810282,"exit_ns":2983797288810422,"busy_ns":3568583,"idle_ns":839079906,"role_exit":false,"stopped":true,"did_submit":0,"sweep_submit":0,"park":0}]},{"tid":6,"role":"fused","ops":69,"iterations":17027,"busy_ns":11065900,"idle_ns":831590449,"cpu_ns":11871260,"wake_tx":27,"wake_rx":65,"io_tenures":[{"entry_ns":2983796446154164,"begin_ns":2983796446154193,"end_ns":2983797288810542,"exit_ns":2983797288810682,"busy_ns":11065900,"idle_ns":831590449,"role_exit":false,"stopped":true,"did_submit":0,"sweep_submit":0,"park":0}]},{"tid":7,"role":"fused","ops":4202,"iterations":104541,"busy_ns":98455173,"idle_ns":744214165,"cpu_ns":107269970,"wake_tx":209,"wake_rx":244,"io_tenures":[{"entry_ns":2983796446152104,"begin_ns":2983796446152124,"end_ns":2983797288821462,"exit_ns":2983797288821492,"busy_ns":98455173,"idle_ns":744214165,"role_exit":false,"stopped":true,"did_submit":0,"sweep_submit":0,"park":0}]}],"wb":{"retired":2440,"direct":2048,"sends_completed":2440,"sends_submitted":2440,"short_writes":0,"send_errors":0,"peer_aborts":0,"bytes_sent":1296426,"zc_sends":0,"zc_bytes":0,"zc_releases":0,"serves":2477,"serves_empty":37},"tls":{"accepts":0,"handshakes_completed":0,"handshakes_started":0,"handshakes_failed":0,"connections_freed":0,"want_read":0,"want_write":0,"ciphertext_input_bytes":0,"plaintext_input_bytes":0,"ciphertext_output_bytes":0,"plaintext_output_bytes":0,"zc_suppressed":0,"ktls_active":0,"ktls_fallback":0},"stuck":{"live_conns":1,"rob_not_quiesced":0,"unsent_bytes_pending":0,"slots_done":0,"slots_issued":0,"slots_free":0,"flag_set":0},"epoll":{"enabled":false,"events":0,"recvs":0},"persistence":{"enabled":false,"recording":false,"failed":false,"drain_gave_up":false,"posted":0,"flushed":0,"durable":0,"refused":0,"pending_chunks":0,"records_written":0,"producers_with_pending":0,"producers_stopped":0,"producers_expected":0,"completions_pending":0},"accept":{"accepts":50,"accept_err":0,"rearm":0,"sqe_starved":0,"notify_drop":0}}
