RESP2 GEOADD coordinate -160.5371430516242981 32.99910767291845559 m -> 3a310d0a
RESP2 GEOPOS coordinate m -> 2a310d0a2a320d0a2432320d0a2d3136302e35333731343330353136323432393831300d0a2432300d0a33322e39393931303736373239313834353535390d0a
RESP2 GEOADD geo 13 38 a 13.01 38.01 b -> 3a320d0a
RESP2 GEORADIUSBYMEMBER geo a 10 km STOREDIST first STORE last -> 3a320d0a
RESP2 EXISTS first -> 3a310d0a
RESP2 TYPE first -> 2b7a7365740d0a
RESP2 ZRANGE first 0 -1 WITHSCORES -> 2a340d0a24310d0a610d0a2431360d0a333437393036353135323032313734330d0a24310d0a620d0a2431360d0a333437393037303839373833323736320d0a
RESP2 EXISTS last -> 3a300d0a
RESP2 TYPE last -> 2b6e6f6e650d0a
RESP2 ZRANGE last 0 -1 WITHSCORES -> 2a300d0a
RESP2 GEOADD coordinate -160.5371430516242981 32.99910767291845559 m -> 3a310d0a
RESP2 GEOPOS coordinate m -> 2a310d0a2a320d0a2432320d0a2d3136302e35333731343330353136323432393831300d0a2432300d0a33322e39393931303736373239313834353535390d0a
RESP2 GEOADD geo 13 38 a 13.01 38.01 b -> 3a320d0a
RESP2 GEORADIUSBYMEMBER geo a 10 km STORE first STOREDIST last -> 3a320d0a
RESP2 EXISTS first -> 3a310d0a
RESP2 TYPE first -> 2b7a7365740d0a
RESP2 ZRANGE first 0 -1 WITHSCORES -> 2a340d0a24310d0a610d0a24310d0a300d0a24310d0a620d0a2431380d0a312e343135393737333132303335353837390d0a
RESP2 EXISTS last -> 3a300d0a
RESP2 TYPE last -> 2b6e6f6e650d0a
RESP2 ZRANGE last 0 -1 WITHSCORES -> 2a300d0a
RESP3 GEOADD coordinate -160.5371430516242981 32.99910767291845559 m -> 3a310d0a
RESP3 GEOPOS coordinate m -> 2a310d0a2a320d0a2c2d3136302e35333731343330353136323432393831300d0a2c33322e39393931303736373239313834353535390d0a
RESP3 GEOADD geo 13 38 a 13.01 38.01 b -> 3a320d0a
RESP3 GEORADIUSBYMEMBER geo a 10 km STOREDIST first STORE last -> 3a320d0a
RESP3 EXISTS first -> 3a310d0a
RESP3 TYPE first -> 2b7a7365740d0a
RESP3 ZRANGE first 0 -1 WITHSCORES -> 2a320d0a2a320d0a24310d0a610d0a2c333437393036353135323032313734330d0a2a320d0a24310d0a620d0a2c333437393037303839373833323736320d0a
RESP3 EXISTS last -> 3a300d0a
RESP3 TYPE last -> 2b6e6f6e650d0a
RESP3 ZRANGE last 0 -1 WITHSCORES -> 2a300d0a
RESP3 GEOADD coordinate -160.5371430516242981 32.99910767291845559 m -> 3a310d0a
RESP3 GEOPOS coordinate m -> 2a310d0a2a320d0a2c2d3136302e35333731343330353136323432393831300d0a2c33322e39393931303736373239313834353535390d0a
RESP3 GEOADD geo 13 38 a 13.01 38.01 b -> 3a320d0a
RESP3 GEORADIUSBYMEMBER geo a 10 km STORE first STOREDIST last -> 3a320d0a
RESP3 EXISTS first -> 3a310d0a
RESP3 TYPE first -> 2b7a7365740d0a
RESP3 ZRANGE first 0 -1 WITHSCORES -> 2a320d0a2a320d0a24310d0a610d0a2c300d0a2a320d0a24310d0a620d0a2c312e343135393737333132303335353837390d0a
RESP3 EXISTS last -> 3a300d0a
RESP3 TYPE last -> 2b6e6f6e650d0a
RESP3 ZRANGE last 0 -1 WITHSCORES -> 2a300d0a
