topology: 1 L3 domain(s)
  domain  0: 8 cpus [112,113,114,115,116,117,118,119]
tomokv-cpp: 8 unified threads, 16 shard(s), thread-mode=1s, overlap=0 (executor prefetch; ordinary IO), io_uring, alloc=jemalloc, reorder=0, read-local=1
  thread t0: role=unified cpu=112 L3=0 shards=2 send=self
  thread t1: role=unified cpu=113 L3=0 shards=2 send=self
  thread t2: role=unified cpu=114 L3=0 shards=2 send=self
  thread t3: role=unified cpu=115 L3=0 shards=2 send=self
  thread t4: role=unified cpu=116 L3=0 shards=2 send=self
  thread t5: role=unified cpu=117 L3=0 shards=2 send=self
  thread t6: role=unified cpu=118 L3=0 shards=2 send=self
  thread t7: role=unified cpu=119 L3=0 shards=2 send=self
listening on 127.0.0.1:18179
persistence: enabled=0 posted=0 flushed=0 durable=0 refused=0 pending_chunks=0 producers_with_pending=0 drain_gave_up=0 failed=0

thread role          ops      iters   busy_ms   idle_ms    cpu_ms   wake_tx  wake_rx
t0     uni            26      10735       6.3     151.8       7.0         2       16
io_tenure t0/0 busy_ns=6330948 idle_ns=151817611 entry_ns=2982808021388130 begin_ns=2982808021388160 end_ns=2982808179536719 exit_ns=2982808179536849 role_exit=0 stopped=1
t1     uni            30       1075       1.1     157.1       1.6         7       22
io_tenure t1/0 busy_ns=1085338 idle_ns=157068411 entry_ns=2982808021391650 begin_ns=2982808021391680 end_ns=2982808179545429 exit_ns=2982808179545459 role_exit=0 stopped=1
t2     uni          4134       6637      25.5     132.7      33.4        80       93
io_tenure t2/0 busy_ns=25470459 idle_ns=132670380 entry_ns=2982808021393850 begin_ns=2982808021393870 end_ns=2982808179534709 exit_ns=2982808179534839 role_exit=0 stopped=1
t3     uni            29      11920       6.9     151.2       7.5         2       19
io_tenure t3/0 busy_ns=6893818 idle_ns=151235031 entry_ns=2982808021405200 begin_ns=2982808021405230 end_ns=2982808179534079 exit_ns=2982808179534199 role_exit=0 stopped=1
t4     uni            31      11953       7.2     150.9       7.7        11       28
io_tenure t4/0 busy_ns=7192552 idle_ns=150944757 entry_ns=2982808021395750 begin_ns=2982808021395770 end_ns=2982808179533079 exit_ns=2982808179533219 role_exit=0 stopped=1
t5     uni            30       1045       1.0     157.1       1.6         5       22
io_tenure t5/0 busy_ns=1029555 idle_ns=157118904 entry_ns=2982808021390200 begin_ns=2982808021390230 end_ns=2982808179538689 exit_ns=2982808179538829 role_exit=0 stopped=1
t6     uni            29       2084       1.6     156.5       2.2        11       27
io_tenure t6/0 busy_ns=1638855 idle_ns=156497434 entry_ns=2982808021397570 begin_ns=2982808021397600 end_ns=2982808179533889 exit_ns=2982808179534019 role_exit=0 stopped=1
t7     uni            29       3060       2.1     156.0       2.8         7       23
io_tenure t7/0 busy_ns=2148843 idle_ns=155992216 entry_ns=2982808021391460 begin_ns=2982808021391480 end_ns=2982808179532539 exit_ns=2982808179532569 role_exit=0 stopped=1
wb: retired=2206 direct=2048 sends=2206/2206 short=0 err=0 peer_aborts=0 bytes=530969 zc_sends=0 zc_bytes=0 zc_releases=0 serves=2211 empty=5
tls: accepts=0 handshakes=0/0 failed=0 freed=0 want_read=0 want_write=0 cipher_in=0 plain_in=0 cipher_out=0 plain_out=0 zc_suppressed=0 ktls_active=0 ktls_fallback=0
stuck: live_conns=0 rob_not_quiesced=0 unsent_bytes_pending=0 | slots done=0 issued=0 free=0 flag_set=0
shutdown: unified_work=4338 accepts=13 accept_err=0 rearm=0 sqe_starved=0 notify_drop=0
shutdown_report {"schema":1,"thread_mode":"1s","work":{"kind":"fused","unified":4338},"threads":[{"tid":0,"role":"fused","ops":26,"iterations":10735,"busy_ns":6330948,"idle_ns":151817611,"cpu_ns":7047410,"wake_tx":2,"wake_rx":16,"io_tenures":[{"entry_ns":2982808021388130,"begin_ns":2982808021388160,"end_ns":2982808179536719,"exit_ns":2982808179536849,"busy_ns":6330948,"idle_ns":151817611,"role_exit":false,"stopped":true,"did_submit":0,"sweep_submit":0,"park":0}]},{"tid":1,"role":"fused","ops":30,"iterations":1075,"busy_ns":1085338,"idle_ns":157068411,"cpu_ns":1640120,"wake_tx":7,"wake_rx":22,"io_tenures":[{"entry_ns":2982808021391650,"begin_ns":2982808021391680,"end_ns":2982808179545429,"exit_ns":2982808179545459,"busy_ns":1085338,"idle_ns":157068411,"role_exit":false,"stopped":true,"did_submit":0,"sweep_submit":0,"park":0}]},{"tid":2,"role":"fused","ops":4134,"iterations":6637,"busy_ns":25470459,"idle_ns":132670380,"cpu_ns":33431550,"wake_tx":80,"wake_rx":93,"io_tenures":[{"entry_ns":2982808021393850,"begin_ns":2982808021393870,"end_ns":2982808179534709,"exit_ns":2982808179534839,"busy_ns":25470459,"idle_ns":132670380,"role_exit":false,"stopped":true,"did_submit":0,"sweep_submit":0,"park":0}]},{"tid":3,"role":"fused","ops":29,"iterations":11920,"busy_ns":6893818,"idle_ns":151235031,"cpu_ns":7468410,"wake_tx":2,"wake_rx":19,"io_tenures":[{"entry_ns":2982808021405200,"begin_ns":2982808021405230,"end_ns":2982808179534079,"exit_ns":2982808179534199,"busy_ns":6893818,"idle_ns":151235031,"role_exit":false,"stopped":true,"did_submit":0,"sweep_submit":0,"park":0}]},{"tid":4,"role":"fused","ops":31,"iterations":11953,"busy_ns":7192552,"idle_ns":150944757,"cpu_ns":7729050,"wake_tx":11,"wake_rx":28,"io_tenures":[{"entry_ns":2982808021395750,"begin_ns":2982808021395770,"end_ns":2982808179533079,"exit_ns":2982808179533219,"busy_ns":7192552,"idle_ns":150944757,"role_exit":false,"stopped":true,"did_submit":0,"sweep_submit":0,"park":0}]},{"tid":5,"role":"fused","ops":30,"iterations":1045,"busy_ns":1029555,"idle_ns":157118904,"cpu_ns":1582930,"wake_tx":5,"wake_rx":22,"io_tenures":[{"entry_ns":2982808021390200,"begin_ns":2982808021390230,"end_ns":2982808179538689,"exit_ns":2982808179538829,"busy_ns":1029555,"idle_ns":157118904,"role_exit":false,"stopped":true,"did_submit":0,"sweep_submit":0,"park":0}]},{"tid":6,"role":"fused","ops":29,"iterations":2084,"busy_ns":1638855,"idle_ns":156497434,"cpu_ns":2244820,"wake_tx":11,"wake_rx":27,"io_tenures":[{"entry_ns":2982808021397570,"begin_ns":2982808021397600,"end_ns":2982808179533889,"exit_ns":2982808179534019,"busy_ns":1638855,"idle_ns":156497434,"role_exit":false,"stopped":true,"did_submit":0,"sweep_submit":0,"park":0}]},{"tid":7,"role":"fused","ops":29,"iterations":3060,"busy_ns":2148843,"idle_ns":155992216,"cpu_ns":2763720,"wake_tx":7,"wake_rx":23,"io_tenures":[{"entry_ns":2982808021391460,"begin_ns":2982808021391480,"end_ns":2982808179532539,"exit_ns":2982808179532569,"busy_ns":2148843,"idle_ns":155992216,"role_exit":false,"stopped":true,"did_submit":0,"sweep_submit":0,"park":0}]}],"wb":{"retired":2206,"direct":2048,"sends_completed":2206,"sends_submitted":2206,"short_writes":0,"send_errors":0,"peer_aborts":0,"bytes_sent":530969,"zc_sends":0,"zc_bytes":0,"zc_releases":0,"serves":2211,"serves_empty":5},"tls":{"accepts":0,"handshakes_completed":0,"handshakes_started":0,"handshakes_failed":0,"connections_freed":0,"want_read":0,"want_write":0,"ciphertext_input_bytes":0,"plaintext_input_bytes":0,"ciphertext_output_bytes":0,"plaintext_output_bytes":0,"zc_suppressed":0,"ktls_active":0,"ktls_fallback":0},"stuck":{"live_conns":0,"rob_not_quiesced":0,"unsent_bytes_pending":0,"slots_done":0,"slots_issued":0,"slots_free":0,"flag_set":0},"epoll":{"enabled":false,"events":0,"recvs":0},"persistence":{"enabled":false,"recording":false,"failed":false,"drain_gave_up":false,"posted":0,"flushed":0,"durable":0,"refused":0,"pending_chunks":0,"records_written":0,"producers_with_pending":0,"producers_stopped":0,"producers_expected":0,"completions_pending":0},"accept":{"accepts":13,"accept_err":0,"rearm":0,"sqe_starved":0,"notify_drop":0}}
