GATE(quick): 16 physical cores; 1 correctness slots = min(8/8 server, 8/2 load), 8 server threads at ratio 6:2 and 3 ports per slot; correctness load is modest protocol traffic (at least 2 physical cores per slot), server SMT reserved; isolated ABBA full: 8 server + 8 load physical cores, 0 load SMT threads (explicit selection), 0 explicit server SMT threads
  artifacts: /home/user/Projects/cx-gt14fix/build/gate-run.VWjbjx
PARTIAL jobs (including prerequisites): release production_units debug-1 atomic_batteries
PARTIAL jobs (including prerequisites): release production_units debug-1 atomic_batteries
  row budget: 900s; median=0.01s; correctness-plan-fallback; release build (+footprint locks)
  release build (+footprint locks)                     ok
  row budget: 900s; median=6.2s; correctness-plan-fallback; plain-write lost updates (atomic 1)
  plain-write lost updates (atomic 1)                  ok
  row budget: 900s; median=0.17s; correctness-plan-fallback; lbsignals battery (atomic 1)
  lbsignals battery (atomic 1)                         ok
  row budget: 900s; median=1.5s; correctness-plan-fallback; slowlog battery (atomic 1)
  slowlog battery (atomic 1)                           ok
  row budget: 900s; median=0.06s; correctness-plan-fallback; atomfix battery (atomic 1)
  atomfix battery (atomic 1)                           ok
  row budget: 900s; median=0.06s; correctness-plan-fallback; scriptatomic battery (atomic 1)
  scriptatomic battery (atomic 1)                      ok
  row budget: 900s; median=14.49s; correctness-plan-fallback; execatomic battery (atomic 1)
  execatomic battery (atomic 1)                        ok
  row budget: 900s; median=11.88s; correctness-plan-fallback; execiso battery (atomic 1)
  execiso battery (atomic 1)                           ok
  row budget: 900s; median=0.52s; correctness-plan-fallback; execfix battery (atomic 1)
  execfix battery (atomic 1)                           ok
  row budget: 900s; median=0.11s; correctness-plan-fallback; multires battery (atomic 1)
  multires battery (atomic 1)                          ok
  row budget: 900s; median=0.8s; correctness-plan-fallback; multirace battery (atomic 1)
  multirace battery (atomic 1)                         ok
  row budget: 900s; median=30.47s; correctness-plan-fallback; session_monotonic battery (atomic 1)
  session_monotonic battery (atomic 1)                 ok
  row budget: 900s; median=0.32s; correctness-plan-fallback; xacct battery (atomic 1)
  xacct battery (atomic 1)                             ok
  row budget: 900s; median=0.29s; correctness-plan-fallback; xmove battery (atomic 1)
  xmove battery (atomic 1)                             ok
  row budget: 900s; median=1.88s; correctness-plan-fallback; xscript battery (atomic 1)
  xscript battery (atomic 1)                           ok
  row budget: 900s; median=25.13s; correctness-plan-fallback; atomic torn/window battery
  atomic torn/window battery                           ok
  row budget: 900s; median=4.07s; correctness-plan-fallback; atomic RYOW/mixed-write battery
  atomic RYOW/mixed-write battery                      ok
  row budget: 900s; median=4.25s; correctness-plan-fallback; atomic owner-local hazard battery
  atomic owner-local hazard battery                    ok
  row budget: 900s; median=0.02s; correctness-plan-fallback; atomic shutdown invariants
  atomic shutdown invariants                           ok
GATE(PARTIAL): 19 ok, 0 FAIL; no EXPECT tally, ABBA, NIC or receipt; ledger: /home/user/Projects/cx-gt14fix/build/gate-run.VWjbjx/ledger.partial
