GATE(quick): 16 physical cores; 1 correctness slots = min(8/8 server, 8/2 load), 8 server threads at ratio 6:2 and 3 ports per slot; correctness load is modest protocol traffic (at least 2 physical cores per slot), server SMT reserved; isolated ABBA full: 8 server + 8 load physical cores, 0 load SMT threads (explicit selection), 0 explicit server SMT threads
  artifacts: /home/user/Projects/cx-gt14fix/build/gate-run.cfrTXs
PARTIAL jobs (including prerequisites): release production_units debug-1 atomic_batteries
PARTIAL jobs (including prerequisites): release production_units debug-1 atomic_batteries
  row budget: 900s; median=-s; no-history-conservative-default; release build (+footprint locks)
  release build (+footprint locks)                     ok
  row budget: 900s; median=-s; no-history-conservative-default; plain-write lost updates (atomic 1)
  plain-write lost updates (atomic 1)                  ok
  row budget: 900s; median=-s; no-history-conservative-default; lbsignals battery (atomic 1)
  lbsignals battery (atomic 1)                         ok
  row budget: 900s; median=-s; no-history-conservative-default; slowlog battery (atomic 1)
  slowlog battery (atomic 1)                           ok
  row budget: 900s; median=-s; no-history-conservative-default; atomfix battery (atomic 1)
  atomfix battery (atomic 1)                           ok
  row budget: 900s; median=-s; no-history-conservative-default; scriptatomic battery (atomic 1)
  scriptatomic battery (atomic 1)                      ok
  row budget: 900s; median=-s; no-history-conservative-default; execatomic battery (atomic 1)
  execatomic battery (atomic 1)                        ok
  row budget: 900s; median=-s; no-history-conservative-default; execiso battery (atomic 1)
  execiso battery (atomic 1)                           ok
  row budget: 900s; median=-s; no-history-conservative-default; execfix battery (atomic 1)
  execfix battery (atomic 1)                           ok
  row budget: 900s; median=-s; no-history-conservative-default; multires battery (atomic 1)
  multires battery (atomic 1)                          ok
  row budget: 900s; median=-s; no-history-conservative-default; multirace battery (atomic 1)
  multirace battery (atomic 1)                         ok
  row budget: 900s; median=-s; no-history-conservative-default; session_monotonic battery (atomic 1)
  session_monotonic battery (atomic 1)                 ok
  row budget: 900s; median=-s; no-history-conservative-default; xacct battery (atomic 1)
  xacct battery (atomic 1)                             ok
  row budget: 900s; median=-s; no-history-conservative-default; xmove battery (atomic 1)
  xmove battery (atomic 1)                             ok
  row budget: 900s; median=-s; no-history-conservative-default; xscript battery (atomic 1)
  xscript battery (atomic 1)                           ok
  row budget: 900s; median=-s; no-history-conservative-default; atomic torn/window battery
  atomic torn/window battery                           ok
  row budget: 900s; median=-s; no-history-conservative-default; atomic RYOW/mixed-write battery
  atomic RYOW/mixed-write battery                      ok
  row budget: 900s; median=-s; no-history-conservative-default; atomic owner-local hazard battery
  atomic owner-local hazard battery                    ok
  row budget: 900s; median=-s; no-history-conservative-default; atomic shutdown invariants
  atomic shutdown invariants                           ok
GATE(PARTIAL): 19 ok, 0 FAIL; no EXPECT tally, ABBA, NIC or receipt; ledger: /home/user/Projects/cx-gt14fix/build/gate-run.cfrTXs/ledger.partial
