2026-10-11T01:36:49+08:00
63.91 69.47 60.12 59/3890 4011205
    PID PSR %CPU COMMAND
4011208 118  600 ps
3941051 115 36.3 cc1plus
3930862 116 36.3 cc1plus
3941086 115 35.0 cc1plus
3955272 112 34.6 cc1plus
4009217 118 34.4 as
4007597 114 33.7 cc1plus
4008267 119 33.3 cc1plus
4003101 113 32.9 cc1plus
4003130 116 32.8 cc1plus
4003015 115 32.8 cc1plus
4002995 115 32.4 cc1plus
4003132 117 32.2 cc1plus
4003136 121 32.0 cc1plus
4003071 119 31.5 cc1plus
4003041 122 31.2 cc1plus
4003082 126 30.7 cc1plus
4003114 123 30.6 cc1plus
4002937 127 30.6 cc1plus
