2026-10-11T01:19:48+08:00
5.43 3.42 17.98 70/3640 3153656
    PID PSR %CPU COMMAND
3153657 115  500 ps
3152994 124 66.0 cc1plus
3152975 121 64.9 cc1plus
3152985 127 64.5 cc1plus
3153013 115 61.0 cc1plus
3152988 118 60.4 cc1plus
3153654 118 60.0 cc1plus
3153046 121 58.7 cc1plus
3153038 113 58.5 cc1plus
3153647 115 43.3 cc1plus
3153162 112 42.8 cc1plus
3153170 114 38.9 cc1plus
3153173 117 38.0 cc1plus
3153426 120 35.3 cc1plus
3153259 124 35.2 cc1plus
3153242 121 34.7 cc1plus
3153279 127 33.6 cc1plus
3153246 121 33.1 cc1plus
3153263 127 32.4 cc1plus
