topology: 1 L3 domain(s)
  domain  0: 8 cpus [112,113,114,115,116,117,118,119]
tomokv-cpp: 8 unified threads, 16 shard(s), thread-mode=1s, overlap=0 (executor prefetch; ordinary IO), io_uring, alloc=jemalloc, reorder=0, read-local=1
  thread t0: role=unified cpu=112 L3=0 shards=2 send=self
  thread t1: role=unified cpu=113 L3=0 shards=2 send=self
  thread t2: role=unified cpu=114 L3=0 shards=2 send=self
  thread t3: role=unified cpu=115 L3=0 shards=2 send=self
  thread t4: role=unified cpu=116 L3=0 shards=2 send=self
  thread t5: role=unified cpu=117 L3=0 shards=2 send=self
  thread t6: role=unified cpu=118 L3=0 shards=2 send=self
  thread t7: role=unified cpu=119 L3=0 shards=2 send=self
listening on 127.0.0.1:18340
persistence: enabled=0 posted=0 flushed=0 durable=0 refused=0 pending_chunks=0 producers_with_pending=0 drain_gave_up=0 failed=0

thread role          ops      iters   busy_ms   idle_ms    cpu_ms   wake_tx  wake_rx
t0     uni            21        272       0.9    1669.7       1.8        14       24
io_tenure t0/0 busy_ns=858243 idle_ns=1669688211 entry_ns=3160537109271980 begin_ns=3160537109272010 end_ns=3160538779818464 exit_ns=3160538779818594 role_exit=0 stopped=1
t1     uni            97        720       1.3    1669.3       2.2        25       72
io_tenure t1/0 busy_ns=1301368 idle_ns=1669257436 entry_ns=3160537109263900 begin_ns=3160537109263930 end_ns=3160538779822734 exit_ns=3160538779822864 role_exit=0 stopped=1
t2     uni            68        391       1.4    1669.2       2.3        17       52
io_tenure t2/0 busy_ns=1388224 idle_ns=1669161660 entry_ns=3160537109270210 begin_ns=3160537109270230 end_ns=3160538779820114 exit_ns=3160538779820244 role_exit=0 stopped=1
t3     uni            70        370       1.5    1669.1       2.3        28       58
io_tenure t3/0 busy_ns=1465176 idle_ns=1669082038 entry_ns=3160537109276720 begin_ns=3160537109276750 end_ns=3160538779823964 exit_ns=3160538779824144 role_exit=0 stopped=1
t4     uni            82        721       4.3    1666.3       5.5        83      119
io_tenure t4/0 busy_ns=4261605 idle_ns=1666293669 entry_ns=3160537109263590 begin_ns=3160537109263620 end_ns=3160538779818894 exit_ns=3160538779818924 role_exit=0 stopped=1
t5     uni            21        249       0.9    1669.7       1.7        14       21
io_tenure t5/0 busy_ns=889557 idle_ns=1669674627 entry_ns=3160537109266660 begin_ns=3160537109266690 end_ns=3160538779830874 exit_ns=3160538779830904 role_exit=0 stopped=1
t6     uni           126        582      12.2    1658.3       2.3        29       77
io_tenure t6/0 busy_ns=12241374 idle_ns=1658313340 entry_ns=3160537109268400 begin_ns=3160537109268430 end_ns=3160538779823144 exit_ns=3160538779823264 role_exit=0 stopped=1
t7     uni            36        622       1.4    1669.1       2.3        22       41
io_tenure t7/0 busy_ns=1423617 idle_ns=1669135167 entry_ns=3160537109259880 begin_ns=3160537109259900 end_ns=3160538779818684 exit_ns=3160538779818814 role_exit=0 stopped=1
wb: retired=174 direct=4 sends=78/78 short=0 err=0 peer_aborts=0 bytes=38124 zc_sends=0 zc_bytes=0 zc_releases=0 serves=301 empty=127
tls: accepts=0 handshakes=0/0 failed=0 freed=0 want_read=0 want_write=0 cipher_in=0 plain_in=0 cipher_out=0 plain_out=0 zc_suppressed=0 ktls_active=0 ktls_fallback=0
stuck: live_conns=0 rob_not_quiesced=0 unsent_bytes_pending=0 | slots done=0 issued=0 free=0 flag_set=0
shutdown: unified_work=521 accepts=114 accept_err=0 rearm=0 sqe_starved=0 notify_drop=0
shutdown_report {"schema":1,"thread_mode":"1s","work":{"kind":"fused","unified":521},"threads":[{"tid":0,"role":"fused","ops":21,"iterations":272,"busy_ns":858243,"idle_ns":1669688211,"cpu_ns":1766302,"wake_tx":14,"wake_rx":24,"io_tenures":[{"entry_ns":3160537109271980,"begin_ns":3160537109272010,"end_ns":3160538779818464,"exit_ns":3160538779818594,"busy_ns":858243,"idle_ns":1669688211,"role_exit":false,"stopped":true,"did_submit":0,"sweep_submit":0,"park":0}]},{"tid":1,"role":"fused","ops":97,"iterations":720,"busy_ns":1301368,"idle_ns":1669257436,"cpu_ns":2231436,"wake_tx":25,"wake_rx":72,"io_tenures":[{"entry_ns":3160537109263900,"begin_ns":3160537109263930,"end_ns":3160538779822734,"exit_ns":3160538779822864,"busy_ns":1301368,"idle_ns":1669257436,"role_exit":false,"stopped":true,"did_submit":0,"sweep_submit":0,"park":0}]},{"tid":2,"role":"fused","ops":68,"iterations":391,"busy_ns":1388224,"idle_ns":1669161660,"cpu_ns":2291711,"wake_tx":17,"wake_rx":52,"io_tenures":[{"entry_ns":3160537109270210,"begin_ns":3160537109270230,"end_ns":3160538779820114,"exit_ns":3160538779820244,"busy_ns":1388224,"idle_ns":1669161660,"role_exit":false,"stopped":true,"did_submit":0,"sweep_submit":0,"park":0}]},{"tid":3,"role":"fused","ops":70,"iterations":370,"busy_ns":1465176,"idle_ns":1669082038,"cpu_ns":2275022,"wake_tx":28,"wake_rx":58,"io_tenures":[{"entry_ns":3160537109276720,"begin_ns":3160537109276750,"end_ns":3160538779823964,"exit_ns":3160538779824144,"busy_ns":1465176,"idle_ns":1669082038,"role_exit":false,"stopped":true,"did_submit":0,"sweep_submit":0,"park":0}]},{"tid":4,"role":"fused","ops":82,"iterations":721,"busy_ns":4261605,"idle_ns":1666293669,"cpu_ns":5484702,"wake_tx":83,"wake_rx":119,"io_tenures":[{"entry_ns":3160537109263590,"begin_ns":3160537109263620,"end_ns":3160538779818894,"exit_ns":3160538779818924,"busy_ns":4261605,"idle_ns":1666293669,"role_exit":false,"stopped":true,"did_submit":0,"sweep_submit":0,"park":0}]},{"tid":5,"role":"fused","ops":21,"iterations":249,"busy_ns":889557,"idle_ns":1669674627,"cpu_ns":1698721,"wake_tx":14,"wake_rx":21,"io_tenures":[{"entry_ns":3160537109266660,"begin_ns":3160537109266690,"end_ns":3160538779830874,"exit_ns":3160538779830904,"busy_ns":889557,"idle_ns":1669674627,"role_exit":false,"stopped":true,"did_submit":0,"sweep_submit":0,"park":0}]},{"tid":6,"role":"fused","ops":126,"iterations":582,"busy_ns":12241374,"idle_ns":1658313340,"cpu_ns":2292689,"wake_tx":29,"wake_rx":77,"io_tenures":[{"entry_ns":3160537109268400,"begin_ns":3160537109268430,"end_ns":3160538779823144,"exit_ns":3160538779823264,"busy_ns":12241374,"idle_ns":1658313340,"role_exit":false,"stopped":true,"did_submit":0,"sweep_submit":0,"park":0}]},{"tid":7,"role":"fused","ops":36,"iterations":622,"busy_ns":1423617,"idle_ns":1669135167,"cpu_ns":2272973,"wake_tx":22,"wake_rx":41,"io_tenures":[{"entry_ns":3160537109259880,"begin_ns":3160537109259900,"end_ns":3160538779818684,"exit_ns":3160538779818814,"busy_ns":1423617,"idle_ns":1669135167,"role_exit":false,"stopped":true,"did_submit":0,"sweep_submit":0,"park":0}]}],"wb":{"retired":174,"direct":4,"sends_completed":78,"sends_submitted":78,"short_writes":0,"send_errors":0,"peer_aborts":0,"bytes_sent":38124,"zc_sends":0,"zc_bytes":0,"zc_releases":0,"serves":301,"serves_empty":127},"tls":{"accepts":0,"handshakes_completed":0,"handshakes_started":0,"handshakes_failed":0,"connections_freed":0,"want_read":0,"want_write":0,"ciphertext_input_bytes":0,"plaintext_input_bytes":0,"ciphertext_output_bytes":0,"plaintext_output_bytes":0,"zc_suppressed":0,"ktls_active":0,"ktls_fallback":0},"stuck":{"live_conns":0,"rob_not_quiesced":0,"unsent_bytes_pending":0,"slots_done":0,"slots_issued":0,"slots_free":0,"flag_set":0},"epoll":{"enabled":false,"events":0,"recvs":0},"persistence":{"enabled":false,"recording":false,"failed":false,"drain_gave_up":false,"posted":0,"flushed":0,"durable":0,"refused":0,"pending_chunks":0,"records_written":0,"producers_with_pending":0,"producers_stopped":0,"producers_expected":0,"completions_pending":0},"accept":{"accepts":114,"accept_err":0,"rearm":0,"sqe_starved":0,"notify_drop":0}}
