topology: 1 L3 domain(s)
  domain  0: 8 cpus [112,113,114,115,116,117,118,119]
tomokv-cpp: 8 unified threads, 16 shard(s), thread-mode=1s, overlap=0 (executor prefetch; ordinary IO), io_uring, alloc=jemalloc, reorder=0, read-local=1
  thread t0: role=unified cpu=112 L3=0 shards=2 send=self
  thread t1: role=unified cpu=113 L3=0 shards=2 send=self
  thread t2: role=unified cpu=114 L3=0 shards=2 send=self
  thread t3: role=unified cpu=115 L3=0 shards=2 send=self
  thread t4: role=unified cpu=116 L3=0 shards=2 send=self
  thread t5: role=unified cpu=117 L3=0 shards=2 send=self
  thread t6: role=unified cpu=118 L3=0 shards=2 send=self
  thread t7: role=unified cpu=119 L3=0 shards=2 send=self
listening on 127.0.0.1:18179
persistence: enabled=0 posted=0 flushed=0 durable=0 refused=0 pending_chunks=0 producers_with_pending=0 drain_gave_up=0 failed=0

thread role          ops      iters   busy_ms   idle_ms    cpu_ms   wake_tx  wake_rx
t0     uni            68      23622      14.8    5668.0      16.2        19       56
io_tenure t0/0 busy_ns=14846591 idle_ns=5667961988 entry_ns=2984333595502173 begin_ns=2984333595502203 end_ns=2984339278310782 exit_ns=2984339278310842 role_exit=0 stopped=1
t1     uni            78      17877      11.4    5671.4      12.8        12       60
io_tenure t1/0 busy_ns=11393119 idle_ns=5671398240 entry_ns=2984333595511573 begin_ns=2984333595511603 end_ns=2984339278302962 exit_ns=2984339278303102 role_exit=0 stopped=1
t2     uni            82      37832      29.3    5653.5      24.6        27       77
io_tenure t2/0 busy_ns=29271936 idle_ns=5653521353 entry_ns=2984333595509303 begin_ns=2984333595509333 end_ns=2984339278302622 exit_ns=2984339278302752 role_exit=0 stopped=1
t3     uni            74      37625      24.1    5658.7      25.6        15       60
io_tenure t3/0 busy_ns=24103897 idle_ns=5658705002 entry_ns=2984333595494993 begin_ns=2984333595495013 end_ns=2984339278303912 exit_ns=2984339278304042 role_exit=0 stopped=1
t4     uni          4197      90309     195.1    5487.7     209.4       215      248
io_tenure t4/0 busy_ns=195075170 idle_ns=5487733839 entry_ns=2984333595493243 begin_ns=2984333595493273 end_ns=2984339278302282 exit_ns=2984339278302412 role_exit=0 stopped=1
t5     uni            70       3926       3.9    5678.9       5.4        11       51
io_tenure t5/0 busy_ns=3935246 idle_ns=5678871933 entry_ns=2984333595495643 begin_ns=2984333595495673 end_ns=2984339278302852 exit_ns=2984339278302992 role_exit=0 stopped=1
t6     uni            87       6923       5.4    5677.4       6.9        13       64
io_tenure t6/0 busy_ns=5392356 idle_ns=5677416033 entry_ns=2984333595493263 begin_ns=2984333595493293 end_ns=2984339278301682 exit_ns=2984339278301812 role_exit=0 stopped=1
t7     uni            73      56173      53.9    5628.9      34.8        32       72
io_tenure t7/0 busy_ns=53871001 idle_ns=5628935018 entry_ns=2984333595494663 begin_ns=2984333595494893 end_ns=2984339278300912 exit_ns=2984339278301042 role_exit=0 stopped=1
wb: retired=3370 direct=2048 sends=3370/3370 short=0 err=0 peer_aborts=0 bytes=6389640 zc_sends=0 zc_bytes=0 zc_releases=0 serves=3994 empty=624
tls: accepts=0 handshakes=0/0 failed=0 freed=0 want_read=0 want_write=0 cipher_in=0 plain_in=0 cipher_out=0 plain_out=0 zc_suppressed=0 ktls_active=0 ktls_fallback=0
stuck: live_conns=0 rob_not_quiesced=0 unsent_bytes_pending=0 | slots done=0 issued=0 free=0 flag_set=0
shutdown: unified_work=4729 accepts=50 accept_err=0 rearm=0 sqe_starved=0 notify_drop=0
shutdown_report {"schema":1,"thread_mode":"1s","work":{"kind":"fused","unified":4729},"threads":[{"tid":0,"role":"fused","ops":68,"iterations":23622,"busy_ns":14846591,"idle_ns":5667961988,"cpu_ns":16244248,"wake_tx":19,"wake_rx":56,"io_tenures":[{"entry_ns":2984333595502173,"begin_ns":2984333595502203,"end_ns":2984339278310782,"exit_ns":2984339278310842,"busy_ns":14846591,"idle_ns":5667961988,"role_exit":false,"stopped":true,"did_submit":0,"sweep_submit":0,"park":0}]},{"tid":1,"role":"fused","ops":78,"iterations":17877,"busy_ns":11393119,"idle_ns":5671398240,"cpu_ns":12793314,"wake_tx":12,"wake_rx":60,"io_tenures":[{"entry_ns":2984333595511573,"begin_ns":2984333595511603,"end_ns":2984339278302962,"exit_ns":2984339278303102,"busy_ns":11393119,"idle_ns":5671398240,"role_exit":false,"stopped":true,"did_submit":0,"sweep_submit":0,"park":0}]},{"tid":2,"role":"fused","ops":82,"iterations":37832,"busy_ns":29271936,"idle_ns":5653521353,"cpu_ns":24645326,"wake_tx":27,"wake_rx":77,"io_tenures":[{"entry_ns":2984333595509303,"begin_ns":2984333595509333,"end_ns":2984339278302622,"exit_ns":2984339278302752,"busy_ns":29271936,"idle_ns":5653521353,"role_exit":false,"stopped":true,"did_submit":0,"sweep_submit":0,"park":0}]},{"tid":3,"role":"fused","ops":74,"iterations":37625,"busy_ns":24103897,"idle_ns":5658705002,"cpu_ns":25630803,"wake_tx":15,"wake_rx":60,"io_tenures":[{"entry_ns":2984333595494993,"begin_ns":2984333595495013,"end_ns":2984339278303912,"exit_ns":2984339278304042,"busy_ns":24103897,"idle_ns":5658705002,"role_exit":false,"stopped":true,"did_submit":0,"sweep_submit":0,"park":0}]},{"tid":4,"role":"fused","ops":4197,"iterations":90309,"busy_ns":195075170,"idle_ns":5487733839,"cpu_ns":209389509,"wake_tx":215,"wake_rx":248,"io_tenures":[{"entry_ns":2984333595493243,"begin_ns":2984333595493273,"end_ns":2984339278302282,"exit_ns":2984339278302412,"busy_ns":195075170,"idle_ns":5487733839,"role_exit":false,"stopped":true,"did_submit":0,"sweep_submit":0,"park":0}]},{"tid":5,"role":"fused","ops":70,"iterations":3926,"busy_ns":3935246,"idle_ns":5678871933,"cpu_ns":5427618,"wake_tx":11,"wake_rx":51,"io_tenures":[{"entry_ns":2984333595495643,"begin_ns":2984333595495673,"end_ns":2984339278302852,"exit_ns":2984339278302992,"busy_ns":3935246,"idle_ns":5678871933,"role_exit":false,"stopped":true,"did_submit":0,"sweep_submit":0,"park":0}]},{"tid":6,"role":"fused","ops":87,"iterations":6923,"busy_ns":5392356,"idle_ns":5677416033,"cpu_ns":6877880,"wake_tx":13,"wake_rx":64,"io_tenures":[{"entry_ns":2984333595493263,"begin_ns":2984333595493293,"end_ns":2984339278301682,"exit_ns":2984339278301812,"busy_ns":5392356,"idle_ns":5677416033,"role_exit":false,"stopped":true,"did_submit":0,"sweep_submit":0,"park":0}]},{"tid":7,"role":"fused","ops":73,"iterations":56173,"busy_ns":53871001,"idle_ns":5628935018,"cpu_ns":34813724,"wake_tx":32,"wake_rx":72,"io_tenures":[{"entry_ns":2984333595494663,"begin_ns":2984333595494893,"end_ns":2984339278300912,"exit_ns":2984339278301042,"busy_ns":53871001,"idle_ns":5628935018,"role_exit":false,"stopped":true,"did_submit":0,"sweep_submit":0,"park":0}]}],"wb":{"retired":3370,"direct":2048,"sends_completed":3370,"sends_submitted":3370,"short_writes":0,"send_errors":0,"peer_aborts":0,"bytes_sent":6389640,"zc_sends":0,"zc_bytes":0,"zc_releases":0,"serves":3994,"serves_empty":624},"tls":{"accepts":0,"handshakes_completed":0,"handshakes_started":0,"handshakes_failed":0,"connections_freed":0,"want_read":0,"want_write":0,"ciphertext_input_bytes":0,"plaintext_input_bytes":0,"ciphertext_output_bytes":0,"plaintext_output_bytes":0,"zc_suppressed":0,"ktls_active":0,"ktls_fallback":0},"stuck":{"live_conns":0,"rob_not_quiesced":0,"unsent_bytes_pending":0,"slots_done":0,"slots_issued":0,"slots_free":0,"flag_set":0},"epoll":{"enabled":false,"events":0,"recvs":0},"persistence":{"enabled":false,"recording":false,"failed":false,"drain_gave_up":false,"posted":0,"flushed":0,"durable":0,"refused":0,"pending_chunks":0,"records_written":0,"producers_with_pending":0,"producers_stopped":0,"producers_expected":0,"completions_pending":0},"accept":{"accepts":50,"accept_err":0,"rearm":0,"sqe_starved":0,"notify_drop":0}}
