GATE(quick): 16 physical cores; 1 correctness slots = min(8/8 server, 8/2 load), 8 server threads at ratio 6:2 and 3 ports per slot; correctness load is modest protocol traffic (at least 2 physical cores per slot), server SMT reserved; isolated ABBA full: 8 server + 8 load physical cores, 0 load SMT threads (explicit selection), 0 explicit server SMT threads
  artifacts: /home/user/Projects/cx-ccfix/build/gate-run.wZmSKF
PARTIAL jobs (including prerequisites): release production_units netcmd_units acl_recheck auth notify
PARTIAL jobs (including prerequisites): release production_units netcmd_units acl_recheck auth notify
  row budget: 900s; median=-s; no-history-conservative-default; release build (+footprint locks)
  release build (+footprint locks)                     ok
  row budget: 900s; median=-s; no-history-conservative-default; netcmd regression build
  netcmd regression build                              ok
  row budget: 900s; median=-s; no-history-conservative-default; netcmd streams regression
  netcmd streams regression                            ok
  row budget: 900s; median=-s; no-history-conservative-default; netcmd zpop regression
  netcmd zpop regression                               ok
  row budget: 900s; median=-s; no-history-conservative-default; netcmd notify-oom regression
  netcmd notify-oom regression                         ok
  row budget: 900s; median=-s; no-history-conservative-default; netcmd notify-retry regression
  netcmd notify-retry regression                       ok
  row budget: 900s; median=-s; no-history-conservative-default; netcmd flush regression
  netcmd flush regression                              ok
  row budget: 900s; median=-s; no-history-conservative-default; netcmd output regression
  netcmd output regression                             ok
  row budget: 900s; median=-s; no-history-conservative-default; netcmd pubsub regression
  netcmd pubsub regression                             ok
  row budget: 900s; median=-s; no-history-conservative-default; netcmd receive regression
  netcmd receive regression                            ok
  row budget: 900s; median=-s; no-history-conservative-default; netcmd config regression
  netcmd config regression                             ok
  row budget: 900s; median=-s; no-history-conservative-default; netcmd hexpire-oom regression
  netcmd hexpire-oom regression                        ok
  row budget: 900s; median=-s; no-history-conservative-default; NET1 serverless bounds + scan + reclamation
  NET1 serverless bounds + scan + reclamation          ok
  row budget: 900s; median=-s; no-history-conservative-default; ACL recheck one-reply battery (2s)
  ACL recheck one-reply battery (2s)                   ok
  row budget: 900s; median=-s; no-history-conservative-default; ACL recheck one-reply battery (1s)
  ACL recheck one-reply battery (1s)                   ok
  row budget: 900s; median=-s; no-history-conservative-default; reject bad protected-mode
  reject bad protected-mode                            ok
  row budget: 900s; median=-s; no-history-conservative-default; reject bad enable-debug-command
  reject bad enable-debug-command                      ok
  row budget: 900s; median=-s; no-history-conservative-default; AUTH/HELLO/protected state machine
  AUTH/HELLO/protected state machine                   ok
  row budget: 900s; median=-s; no-history-conservative-default; ACL battery (atomic off)
  ACL battery (atomic off)                             ok
  row budget: 900s; median=-s; no-history-conservative-default; ACL battery (atomic on)
  ACL battery (atomic on)                              ok
  row budget: 900s; median=-s; no-history-conservative-default; DEBUG toggle/reload battery
  DEBUG toggle/reload battery                          ok
  row budget: 900s; median=-s; no-history-conservative-default; typed snapshot round-trip incl stream
  typed snapshot round-trip incl stream                ok
  row budget: 900s; median=-s; no-history-conservative-default; MULTI feature battery
  MULTI feature battery                                ok
  row budget: 900s; median=-s; no-history-conservative-default; blocking feature battery
  blocking feature battery                             ok
  row budget: 900s; median=-s; no-history-conservative-default; pubsub feature battery
  pubsub feature battery                               ok
  row budget: 900s; median=-s; no-history-conservative-default; Lua feature battery
  Lua feature battery                                  ok
  row budget: 900s; median=-s; no-history-conservative-default; keyspace notification battery (atomic 0/1)
  keyspace notification battery (atomic 0/1)           ok
  row budget: 900s; median=-s; no-history-conservative-default; feature battery shutdown invariants
  feature battery shutdown invariants                  ok
GATE(PARTIAL): 28 ok, 0 FAIL; no EXPECT tally, ABBA, NIC or receipt; ledger: /home/user/Projects/cx-ccfix/build/gate-run.wZmSKF/ledger.partial
