topology: 1 L3 domain(s)
  domain  0: 8 cpus [112,113,114,115,116,117,118,119]
tomokv-cpp: 8 unified threads, 16 shard(s), thread-mode=1s, overlap=0 (executor prefetch; ordinary IO), io_uring, alloc=jemalloc, reorder=0, read-local=1
  thread t0: role=unified cpu=112 L3=0 shards=2 send=self
  thread t1: role=unified cpu=113 L3=0 shards=2 send=self
  thread t2: role=unified cpu=114 L3=0 shards=2 send=self
  thread t3: role=unified cpu=115 L3=0 shards=2 send=self
  thread t4: role=unified cpu=116 L3=0 shards=2 send=self
  thread t5: role=unified cpu=117 L3=0 shards=2 send=self
  thread t6: role=unified cpu=118 L3=0 shards=2 send=self
  thread t7: role=unified cpu=119 L3=0 shards=2 send=self
listening on 127.0.0.1:18179
persistence: enabled=0 posted=0 flushed=0 durable=0 refused=0 pending_chunks=0 producers_with_pending=0 drain_gave_up=0 failed=0

thread role          ops      iters   busy_ms   idle_ms    cpu_ms   wake_tx  wake_rx
t0     uni            75      13272       9.0     898.3       9.9        16       59
io_tenure t0/0 busy_ns=9038874 idle_ns=898327309 entry_ns=2983794960922233 begin_ns=2983794960922263 end_ns=2983795868288446 exit_ns=2983795868288586 role_exit=0 stopped=1
t1     uni            77      11642       8.2     899.1       9.1        19       65
io_tenure t1/0 busy_ns=8230766 idle_ns=899132027 entry_ns=2983794960922203 begin_ns=2983794960922233 end_ns=2983795868285026 exit_ns=2983795868285156 role_exit=0 stopped=1
t2     uni            83      39113      23.6     883.8      24.4        21       65
io_tenure t2/0 busy_ns=23601401 idle_ns=883760142 entry_ns=2983794960925793 begin_ns=2983794960925823 end_ns=2983795868287366 exit_ns=2983795868287496 role_exit=0 stopped=1
t3     uni            72      11911       8.7     898.7       9.4         9       51
io_tenure t3/0 busy_ns=8690149 idle_ns=898662144 entry_ns=2983794960941173 begin_ns=2983794960941193 end_ns=2983795868293486 exit_ns=2983795868293536 role_exit=0 stopped=1
t4     uni          4195      96534      91.4     816.0     100.1       212      245
io_tenure t4/0 busy_ns=91397475 idle_ns=815959698 entry_ns=2983794960926323 begin_ns=2983794960926343 end_ns=2983795868283516 exit_ns=2983795868283646 role_exit=0 stopped=1
t5     uni            71      34644      21.3     886.0      22.1        18       57
io_tenure t5/0 busy_ns=21312750 idle_ns=886047913 entry_ns=2983794960923333 begin_ns=2983794960923363 end_ns=2983795868284026 exit_ns=2983795868284166 role_exit=0 stopped=1
t6     uni            81      23051      14.5     892.9      15.2        20       67
io_tenure t6/0 busy_ns=14476272 idle_ns=892885361 entry_ns=2983794960922653 begin_ns=2983794960922683 end_ns=2983795868284316 exit_ns=2983795868284446 role_exit=0 stopped=1
t7     uni            64      22263      14.3     893.1      14.9        14       49
io_tenure t7/0 busy_ns=14287235 idle_ns=893074028 entry_ns=2983794960922573 begin_ns=2983794960922603 end_ns=2983795868283866 exit_ns=2983795868284096 role_exit=0 stopped=1
wb: retired=2441 direct=2048 sends=2441/2441 short=0 err=0 peer_aborts=0 bytes=1311756 zc_sends=0 zc_bytes=0 zc_releases=0 serves=3344 empty=903
tls: accepts=0 handshakes=0/0 failed=0 freed=0 want_read=0 want_write=0 cipher_in=0 plain_in=0 cipher_out=0 plain_out=0 zc_suppressed=0 ktls_active=0 ktls_fallback=0
stuck: live_conns=0 rob_not_quiesced=0 unsent_bytes_pending=0 | slots done=0 issued=0 free=0 flag_set=0
shutdown: unified_work=4718 accepts=50 accept_err=0 rearm=0 sqe_starved=0 notify_drop=0
shutdown_report {"schema":1,"thread_mode":"1s","work":{"kind":"fused","unified":4718},"threads":[{"tid":0,"role":"fused","ops":75,"iterations":13272,"busy_ns":9038874,"idle_ns":898327309,"cpu_ns":9905710,"wake_tx":16,"wake_rx":59,"io_tenures":[{"entry_ns":2983794960922233,"begin_ns":2983794960922263,"end_ns":2983795868288446,"exit_ns":2983795868288586,"busy_ns":9038874,"idle_ns":898327309,"role_exit":false,"stopped":true,"did_submit":0,"sweep_submit":0,"park":0}]},{"tid":1,"role":"fused","ops":77,"iterations":11642,"busy_ns":8230766,"idle_ns":899132027,"cpu_ns":9052260,"wake_tx":19,"wake_rx":65,"io_tenures":[{"entry_ns":2983794960922203,"begin_ns":2983794960922233,"end_ns":2983795868285026,"exit_ns":2983795868285156,"busy_ns":8230766,"idle_ns":899132027,"role_exit":false,"stopped":true,"did_submit":0,"sweep_submit":0,"park":0}]},{"tid":2,"role":"fused","ops":83,"iterations":39113,"busy_ns":23601401,"idle_ns":883760142,"cpu_ns":24435990,"wake_tx":21,"wake_rx":65,"io_tenures":[{"entry_ns":2983794960925793,"begin_ns":2983794960925823,"end_ns":2983795868287366,"exit_ns":2983795868287496,"busy_ns":23601401,"idle_ns":883760142,"role_exit":false,"stopped":true,"did_submit":0,"sweep_submit":0,"park":0}]},{"tid":3,"role":"fused","ops":72,"iterations":11911,"busy_ns":8690149,"idle_ns":898662144,"cpu_ns":9436730,"wake_tx":9,"wake_rx":51,"io_tenures":[{"entry_ns":2983794960941173,"begin_ns":2983794960941193,"end_ns":2983795868293486,"exit_ns":2983795868293536,"busy_ns":8690149,"idle_ns":898662144,"role_exit":false,"stopped":true,"did_submit":0,"sweep_submit":0,"park":0}]},{"tid":4,"role":"fused","ops":4195,"iterations":96534,"busy_ns":91397475,"idle_ns":815959698,"cpu_ns":100052110,"wake_tx":212,"wake_rx":245,"io_tenures":[{"entry_ns":2983794960926323,"begin_ns":2983794960926343,"end_ns":2983795868283516,"exit_ns":2983795868283646,"busy_ns":91397475,"idle_ns":815959698,"role_exit":false,"stopped":true,"did_submit":0,"sweep_submit":0,"park":0}]},{"tid":5,"role":"fused","ops":71,"iterations":34644,"busy_ns":21312750,"idle_ns":886047913,"cpu_ns":22070630,"wake_tx":18,"wake_rx":57,"io_tenures":[{"entry_ns":2983794960923333,"begin_ns":2983794960923363,"end_ns":2983795868284026,"exit_ns":2983795868284166,"busy_ns":21312750,"idle_ns":886047913,"role_exit":false,"stopped":true,"did_submit":0,"sweep_submit":0,"park":0}]},{"tid":6,"role":"fused","ops":81,"iterations":23051,"busy_ns":14476272,"idle_ns":892885361,"cpu_ns":15230610,"wake_tx":20,"wake_rx":67,"io_tenures":[{"entry_ns":2983794960922653,"begin_ns":2983794960922683,"end_ns":2983795868284316,"exit_ns":2983795868284446,"busy_ns":14476272,"idle_ns":892885361,"role_exit":false,"stopped":true,"did_submit":0,"sweep_submit":0,"park":0}]},{"tid":7,"role":"fused","ops":64,"iterations":22263,"busy_ns":14287235,"idle_ns":893074028,"cpu_ns":14941690,"wake_tx":14,"wake_rx":49,"io_tenures":[{"entry_ns":2983794960922573,"begin_ns":2983794960922603,"end_ns":2983795868283866,"exit_ns":2983795868284096,"busy_ns":14287235,"idle_ns":893074028,"role_exit":false,"stopped":true,"did_submit":0,"sweep_submit":0,"park":0}]}],"wb":{"retired":2441,"direct":2048,"sends_completed":2441,"sends_submitted":2441,"short_writes":0,"send_errors":0,"peer_aborts":0,"bytes_sent":1311756,"zc_sends":0,"zc_bytes":0,"zc_releases":0,"serves":3344,"serves_empty":903},"tls":{"accepts":0,"handshakes_completed":0,"handshakes_started":0,"handshakes_failed":0,"connections_freed":0,"want_read":0,"want_write":0,"ciphertext_input_bytes":0,"plaintext_input_bytes":0,"ciphertext_output_bytes":0,"plaintext_output_bytes":0,"zc_suppressed":0,"ktls_active":0,"ktls_fallback":0},"stuck":{"live_conns":0,"rob_not_quiesced":0,"unsent_bytes_pending":0,"slots_done":0,"slots_issued":0,"slots_free":0,"flag_set":0},"epoll":{"enabled":false,"events":0,"recvs":0},"persistence":{"enabled":false,"recording":false,"failed":false,"drain_gave_up":false,"posted":0,"flushed":0,"durable":0,"refused":0,"pending_chunks":0,"records_written":0,"producers_with_pending":0,"producers_stopped":0,"producers_expected":0,"completions_pending":0},"accept":{"accepts":50,"accept_err":0,"rearm":0,"sqe_starved":0,"notify_drop":0}}
