topology: 1 L3 domain(s)
  domain  0: 8 cpus [112,113,114,115,116,117,118,119]
tomokv-cpp: 8 unified threads, 16 shard(s), thread-mode=1s, overlap=0 (executor prefetch; ordinary IO), io_uring, alloc=jemalloc, reorder=0, read-local=1
  thread t0: role=unified cpu=112 L3=0 shards=2 send=self
  thread t1: role=unified cpu=113 L3=0 shards=2 send=self
  thread t2: role=unified cpu=114 L3=0 shards=2 send=self
  thread t3: role=unified cpu=115 L3=0 shards=2 send=self
  thread t4: role=unified cpu=116 L3=0 shards=2 send=self
  thread t5: role=unified cpu=117 L3=0 shards=2 send=self
  thread t6: role=unified cpu=118 L3=0 shards=2 send=self
  thread t7: role=unified cpu=119 L3=0 shards=2 send=self
listening on 127.0.0.1:18179
persistence: enabled=0 posted=0 flushed=0 durable=0 refused=0 pending_chunks=0 producers_with_pending=0 drain_gave_up=0 failed=0

thread role          ops      iters   busy_ms   idle_ms    cpu_ms   wake_tx  wake_rx
t0     uni           673     199336     124.4    6346.7     128.0       137      516
io_tenure t0/0 busy_ns=124428378 idle_ns=6346733834 entry_ns=2983974095054139 begin_ns=2983974095054159 end_ns=2983980566216371 exit_ns=2983980566216501 role_exit=0 stopped=1
t1     uni          5057     863032     685.7    5785.5     704.5      1892     2193
io_tenure t1/0 busy_ns=685697429 idle_ns=5785452163 entry_ns=2983974095066559 begin_ns=2983974095066579 end_ns=2983980566216171 exit_ns=2983980566216301 role_exit=0 stopped=1
t2     uni           653      92095      61.2    6409.9      64.2       105      470
io_tenure t2/0 busy_ns=61233167 idle_ns=6409931855 entry_ns=2983974095047619 begin_ns=2983974095047649 end_ns=2983980566212671 exit_ns=2983980566212801 role_exit=0 stopped=1
t3     uni           701     126879      82.1    6389.0      85.5       147      532
io_tenure t3/0 busy_ns=82119246 idle_ns=6389043066 entry_ns=2983974095061309 begin_ns=2983974095061339 end_ns=2983980566223651 exit_ns=2983980566223731 role_exit=0 stopped=1
t4     uni           707     103518      70.4    6400.7      74.0       135      537
io_tenure t4/0 busy_ns=70431168 idle_ns=6400732764 entry_ns=2983974095050929 begin_ns=2983974095050959 end_ns=2983980566214891 exit_ns=2983980566215021 role_exit=0 stopped=1
t5     uni           697     158203     100.2    6370.9     103.6       236      626
io_tenure t5/0 busy_ns=100233518 idle_ns=6370923404 entry_ns=2983974095058719 begin_ns=2983974095058749 end_ns=2983980566215671 exit_ns=2983980566215801 role_exit=0 stopped=1
t6     uni           671      66707      49.5    6421.7      52.6       139      507
io_tenure t6/0 busy_ns=49459905 idle_ns=6421708467 entry_ns=2983974095044299 begin_ns=2983974095044329 end_ns=2983980566212701 exit_ns=2983980566212821 role_exit=0 stopped=1
t7     uni           671      62080      47.8    6423.4      50.8       165      531
io_tenure t7/0 busy_ns=47762197 idle_ns=6423386765 entry_ns=2983974095063659 begin_ns=2983974095063689 end_ns=2983980566212651 exit_ns=2983980566212781 role_exit=0 stopped=1
wb: retired=5548 direct=2048 sends=5548/5548 short=0 err=0 peer_aborts=0 bytes=8978584 zc_sends=0 zc_bytes=0 zc_releases=0 serves=8423 empty=2875
tls: accepts=0 handshakes=0/0 failed=0 freed=0 want_read=0 want_write=0 cipher_in=0 plain_in=0 cipher_out=0 plain_out=0 zc_suppressed=0 ktls_active=0 ktls_fallback=0
stuck: live_conns=0 rob_not_quiesced=0 unsent_bytes_pending=0 | slots done=0 issued=0 free=0 flag_set=0
shutdown: unified_work=9830 accepts=482 accept_err=0 rearm=0 sqe_starved=0 notify_drop=0
shutdown_report {"schema":1,"thread_mode":"1s","work":{"kind":"fused","unified":9830},"threads":[{"tid":0,"role":"fused","ops":673,"iterations":199336,"busy_ns":124428378,"idle_ns":6346733834,"cpu_ns":127990516,"wake_tx":137,"wake_rx":516,"io_tenures":[{"entry_ns":2983974095054139,"begin_ns":2983974095054159,"end_ns":2983980566216371,"exit_ns":2983980566216501,"busy_ns":124428378,"idle_ns":6346733834,"role_exit":false,"stopped":true,"did_submit":0,"sweep_submit":0,"park":0}]},{"tid":1,"role":"fused","ops":5057,"iterations":863032,"busy_ns":685697429,"idle_ns":5785452163,"cpu_ns":704488694,"wake_tx":1892,"wake_rx":2193,"io_tenures":[{"entry_ns":2983974095066559,"begin_ns":2983974095066579,"end_ns":2983980566216171,"exit_ns":2983980566216301,"busy_ns":685697429,"idle_ns":5785452163,"role_exit":false,"stopped":true,"did_submit":0,"sweep_submit":0,"park":0}]},{"tid":2,"role":"fused","ops":653,"iterations":92095,"busy_ns":61233167,"idle_ns":6409931855,"cpu_ns":64174231,"wake_tx":105,"wake_rx":470,"io_tenures":[{"entry_ns":2983974095047619,"begin_ns":2983974095047649,"end_ns":2983980566212671,"exit_ns":2983980566212801,"busy_ns":61233167,"idle_ns":6409931855,"role_exit":false,"stopped":true,"did_submit":0,"sweep_submit":0,"park":0}]},{"tid":3,"role":"fused","ops":701,"iterations":126879,"busy_ns":82119246,"idle_ns":6389043066,"cpu_ns":85517773,"wake_tx":147,"wake_rx":532,"io_tenures":[{"entry_ns":2983974095061309,"begin_ns":2983974095061339,"end_ns":2983980566223651,"exit_ns":2983980566223731,"busy_ns":82119246,"idle_ns":6389043066,"role_exit":false,"stopped":true,"did_submit":0,"sweep_submit":0,"park":0}]},{"tid":4,"role":"fused","ops":707,"iterations":103518,"busy_ns":70431168,"idle_ns":6400732764,"cpu_ns":73983957,"wake_tx":135,"wake_rx":537,"io_tenures":[{"entry_ns":2983974095050929,"begin_ns":2983974095050959,"end_ns":2983980566214891,"exit_ns":2983980566215021,"busy_ns":70431168,"idle_ns":6400732764,"role_exit":false,"stopped":true,"did_submit":0,"sweep_submit":0,"park":0}]},{"tid":5,"role":"fused","ops":697,"iterations":158203,"busy_ns":100233518,"idle_ns":6370923404,"cpu_ns":103640925,"wake_tx":236,"wake_rx":626,"io_tenures":[{"entry_ns":2983974095058719,"begin_ns":2983974095058749,"end_ns":2983980566215671,"exit_ns":2983980566215801,"busy_ns":100233518,"idle_ns":6370923404,"role_exit":false,"stopped":true,"did_submit":0,"sweep_submit":0,"park":0}]},{"tid":6,"role":"fused","ops":671,"iterations":66707,"busy_ns":49459905,"idle_ns":6421708467,"cpu_ns":52599274,"wake_tx":139,"wake_rx":507,"io_tenures":[{"entry_ns":2983974095044299,"begin_ns":2983974095044329,"end_ns":2983980566212701,"exit_ns":2983980566212821,"busy_ns":49459905,"idle_ns":6421708467,"role_exit":false,"stopped":true,"did_submit":0,"sweep_submit":0,"park":0}]},{"tid":7,"role":"fused","ops":671,"iterations":62080,"busy_ns":47762197,"idle_ns":6423386765,"cpu_ns":50751075,"wake_tx":165,"wake_rx":531,"io_tenures":[{"entry_ns":2983974095063659,"begin_ns":2983974095063689,"end_ns":2983980566212651,"exit_ns":2983980566212781,"busy_ns":47762197,"idle_ns":6423386765,"role_exit":false,"stopped":true,"did_submit":0,"sweep_submit":0,"park":0}]}],"wb":{"retired":5548,"direct":2048,"sends_completed":5548,"sends_submitted":5548,"short_writes":0,"send_errors":0,"peer_aborts":0,"bytes_sent":8978584,"zc_sends":0,"zc_bytes":0,"zc_releases":0,"serves":8423,"serves_empty":2875},"tls":{"accepts":0,"handshakes_completed":0,"handshakes_started":0,"handshakes_failed":0,"connections_freed":0,"want_read":0,"want_write":0,"ciphertext_input_bytes":0,"plaintext_input_bytes":0,"ciphertext_output_bytes":0,"plaintext_output_bytes":0,"zc_suppressed":0,"ktls_active":0,"ktls_fallback":0},"stuck":{"live_conns":0,"rob_not_quiesced":0,"unsent_bytes_pending":0,"slots_done":0,"slots_issued":0,"slots_free":0,"flag_set":0},"epoll":{"enabled":false,"events":0,"recvs":0},"persistence":{"enabled":false,"recording":false,"failed":false,"drain_gave_up":false,"posted":0,"flushed":0,"durable":0,"refused":0,"pending_chunks":0,"records_written":0,"producers_with_pending":0,"producers_stopped":0,"producers_expected":0,"completions_pending":0},"accept":{"accepts":482,"accept_err":0,"rearm":0,"sqe_starved":0,"notify_drop":0}}
