topology: 1 L3 domain(s)
  domain  0: 8 cpus [120,121,122,123,124,125,126,127]
tomokv-cpp: 8 unified threads, 16 shard(s), thread-mode=1s, overlap=0 (executor prefetch; ordinary IO), io_uring, alloc=jemalloc, reorder=0, read-local=1
  thread t0: role=unified cpu=120 L3=0 shards=2 send=self
  thread t1: role=unified cpu=121 L3=0 shards=2 send=self
  thread t2: role=unified cpu=122 L3=0 shards=2 send=self
  thread t3: role=unified cpu=123 L3=0 shards=2 send=self
  thread t4: role=unified cpu=124 L3=0 shards=2 send=self
  thread t5: role=unified cpu=125 L3=0 shards=2 send=self
  thread t6: role=unified cpu=126 L3=0 shards=2 send=self
  thread t7: role=unified cpu=127 L3=0 shards=2 send=self
listening on 127.0.0.1:18179
persistence: enabled=0 posted=0 flushed=0 durable=0 refused=0 pending_chunks=0 producers_with_pending=0 drain_gave_up=0 failed=0

thread role          ops      iters   busy_ms   idle_ms    cpu_ms   wake_tx  wake_rx
t0     uni            79      11824       9.7   20644.9      13.2        99      184
io_tenure t0/0 busy_ns=9698287 idle_ns=20644918885 entry_ns=2986569715178036 begin_ns=2986569715178065 end_ns=2986590369795237 exit_ns=2986590369795367 role_exit=0 stopped=1
t1     uni            68       4342       5.3   20649.3       8.9        39      108
io_tenure t1/0 busy_ns=5321957 idle_ns=20649301495 entry_ns=2986569715171576 begin_ns=2986569715171605 end_ns=2986590369795057 exit_ns=2986590369795187 role_exit=0 stopped=1
t2     uni          4195      38227     482.4   20172.2     511.7       209      270
io_tenure t2/0 busy_ns=482395633 idle_ns=20172229638 entry_ns=2986569715167416 begin_ns=2986569715167436 end_ns=2986590369792707 exit_ns=2986590369792847 role_exit=0 stopped=1
t3     uni            76      35587      23.2   20631.4      26.5        40      106
io_tenure t3/0 busy_ns=23214065 idle_ns=20631402327 entry_ns=2986569715179736 begin_ns=2986569715179765 end_ns=2986590369796157 exit_ns=2986590369796287 role_exit=0 stopped=1
t4     uni            83       7558       7.5   20647.2      10.7        45      115
io_tenure t4/0 busy_ns=7462954 idle_ns=20647157888 entry_ns=2986569715174996 begin_ns=2986569715175025 end_ns=2986590369795867 exit_ns=2986590369795997 role_exit=0 stopped=1
t5     uni            68       6791       6.7   20647.9      10.2        39      107
io_tenure t5/0 busy_ns=6742954 idle_ns=20647873117 entry_ns=2986569715176225 begin_ns=2986569715176256 end_ns=2986590369792327 exit_ns=2986590369792457 role_exit=0 stopped=1
t6     uni            65       2736       4.6   20650.0       7.9        39      109
io_tenure t6/0 busy_ns=4623732 idle_ns=20650005980 entry_ns=2986569715171525 begin_ns=2986569715171645 end_ns=2986590369801357 exit_ns=2986590369801387 role_exit=0 stopped=1
t7     uni            83      15268      12.2   20642.4      15.7        56      133
io_tenure t7/0 busy_ns=12237031 idle_ns=20642374230 entry_ns=2986569715183116 begin_ns=2986569715183136 end_ns=2986590369794397 exit_ns=2986590369794527 role_exit=0 stopped=1
wb: retired=6203 direct=2048 sends=6203/6203 short=0 err=0 peer_aborts=0 bytes=22452037 zc_sends=0 zc_bytes=0 zc_releases=0 serves=6395 empty=192
tls: accepts=0 handshakes=0/0 failed=0 freed=0 want_read=0 want_write=0 cipher_in=0 plain_in=0 cipher_out=0 plain_out=0 zc_suppressed=0 ktls_active=0 ktls_fallback=0
stuck: live_conns=1 rob_not_quiesced=0 unsent_bytes_pending=0 | slots done=0 issued=0 free=0 flag_set=0
shutdown: unified_work=4717 accepts=50 accept_err=0 rearm=0 sqe_starved=0 notify_drop=0
shutdown_report {"schema":1,"thread_mode":"1s","work":{"kind":"fused","unified":4717},"threads":[{"tid":0,"role":"fused","ops":79,"iterations":11824,"busy_ns":9698287,"idle_ns":20644918885,"cpu_ns":13245129,"wake_tx":99,"wake_rx":184,"io_tenures":[{"entry_ns":2986569715178036,"begin_ns":2986569715178065,"end_ns":2986590369795237,"exit_ns":2986590369795367,"busy_ns":9698287,"idle_ns":20644918885,"role_exit":false,"stopped":true,"did_submit":0,"sweep_submit":0,"park":0}]},{"tid":1,"role":"fused","ops":68,"iterations":4342,"busy_ns":5321957,"idle_ns":20649301495,"cpu_ns":8868054,"wake_tx":39,"wake_rx":108,"io_tenures":[{"entry_ns":2986569715171576,"begin_ns":2986569715171605,"end_ns":2986590369795057,"exit_ns":2986590369795187,"busy_ns":5321957,"idle_ns":20649301495,"role_exit":false,"stopped":true,"did_submit":0,"sweep_submit":0,"park":0}]},{"tid":2,"role":"fused","ops":4195,"iterations":38227,"busy_ns":482395633,"idle_ns":20172229638,"cpu_ns":511739279,"wake_tx":209,"wake_rx":270,"io_tenures":[{"entry_ns":2986569715167416,"begin_ns":2986569715167436,"end_ns":2986590369792707,"exit_ns":2986590369792847,"busy_ns":482395633,"idle_ns":20172229638,"role_exit":false,"stopped":true,"did_submit":0,"sweep_submit":0,"park":0}]},{"tid":3,"role":"fused","ops":76,"iterations":35587,"busy_ns":23214065,"idle_ns":20631402327,"cpu_ns":26516113,"wake_tx":40,"wake_rx":106,"io_tenures":[{"entry_ns":2986569715179736,"begin_ns":2986569715179765,"end_ns":2986590369796157,"exit_ns":2986590369796287,"busy_ns":23214065,"idle_ns":20631402327,"role_exit":false,"stopped":true,"did_submit":0,"sweep_submit":0,"park":0}]},{"tid":4,"role":"fused","ops":83,"iterations":7558,"busy_ns":7462954,"idle_ns":20647157888,"cpu_ns":10694100,"wake_tx":45,"wake_rx":115,"io_tenures":[{"entry_ns":2986569715174996,"begin_ns":2986569715175025,"end_ns":2986590369795867,"exit_ns":2986590369795997,"busy_ns":7462954,"idle_ns":20647157888,"role_exit":false,"stopped":true,"did_submit":0,"sweep_submit":0,"park":0}]},{"tid":5,"role":"fused","ops":68,"iterations":6791,"busy_ns":6742954,"idle_ns":20647873117,"cpu_ns":10241256,"wake_tx":39,"wake_rx":107,"io_tenures":[{"entry_ns":2986569715176225,"begin_ns":2986569715176256,"end_ns":2986590369792327,"exit_ns":2986590369792457,"busy_ns":6742954,"idle_ns":20647873117,"role_exit":false,"stopped":true,"did_submit":0,"sweep_submit":0,"park":0}]},{"tid":6,"role":"fused","ops":65,"iterations":2736,"busy_ns":4623732,"idle_ns":20650005980,"cpu_ns":7935323,"wake_tx":39,"wake_rx":109,"io_tenures":[{"entry_ns":2986569715171525,"begin_ns":2986569715171645,"end_ns":2986590369801357,"exit_ns":2986590369801387,"busy_ns":4623732,"idle_ns":20650005980,"role_exit":false,"stopped":true,"did_submit":0,"sweep_submit":0,"park":0}]},{"tid":7,"role":"fused","ops":83,"iterations":15268,"busy_ns":12237031,"idle_ns":20642374230,"cpu_ns":15679321,"wake_tx":56,"wake_rx":133,"io_tenures":[{"entry_ns":2986569715183116,"begin_ns":2986569715183136,"end_ns":2986590369794397,"exit_ns":2986590369794527,"busy_ns":12237031,"idle_ns":20642374230,"role_exit":false,"stopped":true,"did_submit":0,"sweep_submit":0,"park":0}]}],"wb":{"retired":6203,"direct":2048,"sends_completed":6203,"sends_submitted":6203,"short_writes":0,"send_errors":0,"peer_aborts":0,"bytes_sent":22452037,"zc_sends":0,"zc_bytes":0,"zc_releases":0,"serves":6395,"serves_empty":192},"tls":{"accepts":0,"handshakes_completed":0,"handshakes_started":0,"handshakes_failed":0,"connections_freed":0,"want_read":0,"want_write":0,"ciphertext_input_bytes":0,"plaintext_input_bytes":0,"ciphertext_output_bytes":0,"plaintext_output_bytes":0,"zc_suppressed":0,"ktls_active":0,"ktls_fallback":0},"stuck":{"live_conns":1,"rob_not_quiesced":0,"unsent_bytes_pending":0,"slots_done":0,"slots_issued":0,"slots_free":0,"flag_set":0},"epoll":{"enabled":false,"events":0,"recvs":0},"persistence":{"enabled":false,"recording":false,"failed":false,"drain_gave_up":false,"posted":0,"flushed":0,"durable":0,"refused":0,"pending_chunks":0,"records_written":0,"producers_with_pending":0,"producers_stopped":0,"producers_expected":0,"completions_pending":0},"accept":{"accepts":50,"accept_err":0,"rearm":0,"sqe_starved":0,"notify_drop":0}}
