TomoKV 1.0-cpp (Redis 7.4.10 compatible)
topology: 1 L3 domain(s)
  domain  0: 8 cpus [112,113,114,115,116,117,118,119]
tomokv-cpp: 8 unified threads, 16 shard(s), thread-mode=1s, owner-batch prefetch, io_uring, alloc=jemalloc, reorder=0, read-local=1
  thread t0: role=unified cpu=112 L3=0 shards=2 send=self
  thread t1: role=unified cpu=113 L3=0 shards=2 send=self
  thread t2: role=unified cpu=114 L3=0 shards=2 send=self
  thread t3: role=unified cpu=115 L3=0 shards=2 send=self
  thread t4: role=unified cpu=116 L3=0 shards=2 send=self
  thread t5: role=unified cpu=117 L3=0 shards=2 send=self
  thread t6: role=unified cpu=118 L3=0 shards=2 send=self
  thread t7: role=unified cpu=119 L3=0 shards=2 send=self
listening on 127.0.0.1:18790
persistence: enabled=0 posted=0 flushed=0 durable=0 refused=0 pending_chunks=0 producers_with_pending=0 drain_gave_up=0 failed=0

thread role          ops      iters   busy_ms   idle_ms    cpu_ms   wake_tx  wake_rx
t0     uni          9786      90061      46.8    2602.1      51.8       592     2063
io_tenure t0/0 busy_ns=46802642 idle_ns=2602139608 entry_ns=3248030147046494 begin_ns=3248030147046524 end_ns=3248032795988774 exit_ns=3248032795988805 role_exit=0 stopped=1
t1     uni          6017      10416      22.2    2626.6      27.5       237     2046
io_tenure t1/0 busy_ns=22228815 idle_ns=2626648335 entry_ns=3248030147046774 begin_ns=3248030147046804 end_ns=3248032795923954 exit_ns=3248032795924084 role_exit=0 stopped=1
t2     uni          3950       9690      19.4    2628.5      23.7       301     1763
io_tenure t2/0 busy_ns=19395776 idle_ns=2628533021 entry_ns=3248030147992147 begin_ns=3248030147992177 end_ns=3248032795920974 exit_ns=3248032795921104 role_exit=0 stopped=1
t3     uni         14926     169497      71.5    2577.4      77.6      1176     3025
io_tenure t3/0 busy_ns=71521334 idle_ns=2577416936 entry_ns=3248030147046554 begin_ns=3248030147046584 end_ns=3248032795984854 exit_ns=3248032795984885 role_exit=0 stopped=1
t4     uni         18154     227129     201.8    2447.0     207.7      5021     6830
io_tenure t4/0 busy_ns=201848073 idle_ns=2447038807 entry_ns=3248030147047744 begin_ns=3248030147047774 end_ns=3248032795934654 exit_ns=3248032795934684 role_exit=0 stopped=1
t5     uni          6041      10456      21.4    2627.5      26.5       321     2111
io_tenure t5/0 busy_ns=21424943 idle_ns=2627514938 entry_ns=3248030147045074 begin_ns=3248030147045104 end_ns=3248032795984985 exit_ns=3248032795985014 role_exit=0 stopped=1
t6     uni         20179     338288     281.8    2367.1     287.5      5636     7238
io_tenure t6/0 busy_ns=281801554 idle_ns=2367073386 entry_ns=3248030147051984 begin_ns=3248030147052014 end_ns=3248032795926954 exit_ns=3248032795927084 role_exit=0 stopped=1
t7     uni          5852      11522      21.7    2627.2      26.9       335     2162
io_tenure t7/0 busy_ns=21724389 idle_ns=2627150071 entry_ns=3248030147046484 begin_ns=3248030147046504 end_ns=3248032795920964 exit_ns=3248032795921084 role_exit=0 stopped=1
wb: retired=34878 direct=615 sends=4099/4099 short=0 err=0 peer_aborts=0 bytes=997603 zc_sends=0 zc_bytes=0 zc_releases=0 serves=5243 empty=1144
tls: accepts=0 handshakes=0/0 failed=0 freed=0 want_read=0 want_write=0 cipher_in=0 plain_in=0 cipher_out=0 plain_out=0 zc_suppressed=0 ktls_active=0 ktls_fallback=0
stuck: live_conns=0 rob_not_quiesced=0 unsent_bytes_pending=0 | slots done=0 issued=0 free=0 flag_set=0
shutdown: unified_work=84905 accepts=18 accept_err=0 rearm=0 sqe_starved=0 notify_drop=0
shutdown_report {"schema":1,"thread_mode":"1s","work":{"kind":"fused","unified":84905},"threads":[{"tid":0,"role":"fused","ops":9786,"iterations":90061,"busy_ns":46802642,"idle_ns":2602139608,"cpu_ns":51813190,"wake_tx":592,"wake_rx":2063,"io_tenures":[{"entry_ns":3248030147046494,"begin_ns":3248030147046524,"end_ns":3248032795988774,"exit_ns":3248032795988805,"busy_ns":46802642,"idle_ns":2602139608,"role_exit":false,"stopped":true,"did_submit":0,"sweep_submit":0,"park":0}]},{"tid":1,"role":"fused","ops":6017,"iterations":10416,"busy_ns":22228815,"idle_ns":2626648335,"cpu_ns":27492050,"wake_tx":237,"wake_rx":2046,"io_tenures":[{"entry_ns":3248030147046774,"begin_ns":3248030147046804,"end_ns":3248032795923954,"exit_ns":3248032795924084,"busy_ns":22228815,"idle_ns":2626648335,"role_exit":false,"stopped":true,"did_submit":0,"sweep_submit":0,"park":0}]},{"tid":2,"role":"fused","ops":3950,"iterations":9690,"busy_ns":19395776,"idle_ns":2628533021,"cpu_ns":23669010,"wake_tx":301,"wake_rx":1763,"io_tenures":[{"entry_ns":3248030147992147,"begin_ns":3248030147992177,"end_ns":3248032795920974,"exit_ns":3248032795921104,"busy_ns":19395776,"idle_ns":2628533021,"role_exit":false,"stopped":true,"did_submit":0,"sweep_submit":0,"park":0}]},{"tid":3,"role":"fused","ops":14926,"iterations":169497,"busy_ns":71521334,"idle_ns":2577416936,"cpu_ns":77631000,"wake_tx":1176,"wake_rx":3025,"io_tenures":[{"entry_ns":3248030147046554,"begin_ns":3248030147046584,"end_ns":3248032795984854,"exit_ns":3248032795984885,"busy_ns":71521334,"idle_ns":2577416936,"role_exit":false,"stopped":true,"did_submit":0,"sweep_submit":0,"park":0}]},{"tid":4,"role":"fused","ops":18154,"iterations":227129,"busy_ns":201848073,"idle_ns":2447038807,"cpu_ns":207668380,"wake_tx":5021,"wake_rx":6830,"io_tenures":[{"entry_ns":3248030147047744,"begin_ns":3248030147047774,"end_ns":3248032795934654,"exit_ns":3248032795934684,"busy_ns":201848073,"idle_ns":2447038807,"role_exit":false,"stopped":true,"did_submit":0,"sweep_submit":0,"park":0}]},{"tid":5,"role":"fused","ops":6041,"iterations":10456,"busy_ns":21424943,"idle_ns":2627514938,"cpu_ns":26470700,"wake_tx":321,"wake_rx":2111,"io_tenures":[{"entry_ns":3248030147045074,"begin_ns":3248030147045104,"end_ns":3248032795984985,"exit_ns":3248032795985014,"busy_ns":21424943,"idle_ns":2627514938,"role_exit":false,"stopped":true,"did_submit":0,"sweep_submit":0,"park":0}]},{"tid":6,"role":"fused","ops":20179,"iterations":338288,"busy_ns":281801554,"idle_ns":2367073386,"cpu_ns":287546500,"wake_tx":5636,"wake_rx":7238,"io_tenures":[{"entry_ns":3248030147051984,"begin_ns":3248030147052014,"end_ns":3248032795926954,"exit_ns":3248032795927084,"busy_ns":281801554,"idle_ns":2367073386,"role_exit":false,"stopped":true,"did_submit":0,"sweep_submit":0,"park":0}]},{"tid":7,"role":"fused","ops":5852,"iterations":11522,"busy_ns":21724389,"idle_ns":2627150071,"cpu_ns":26899660,"wake_tx":335,"wake_rx":2162,"io_tenures":[{"entry_ns":3248030147046484,"begin_ns":3248030147046504,"end_ns":3248032795920964,"exit_ns":3248032795921084,"busy_ns":21724389,"idle_ns":2627150071,"role_exit":false,"stopped":true,"did_submit":0,"sweep_submit":0,"park":0}]}],"wb":{"retired":34878,"direct":615,"sends_completed":4099,"sends_submitted":4099,"short_writes":0,"send_errors":0,"peer_aborts":0,"bytes_sent":997603,"zc_sends":0,"zc_bytes":0,"zc_releases":0,"serves":5243,"serves_empty":1144},"tls":{"accepts":0,"handshakes_completed":0,"handshakes_started":0,"handshakes_failed":0,"connections_freed":0,"want_read":0,"want_write":0,"ciphertext_input_bytes":0,"plaintext_input_bytes":0,"ciphertext_output_bytes":0,"plaintext_output_bytes":0,"zc_suppressed":0,"ktls_active":0,"ktls_fallback":0},"stuck":{"live_conns":0,"rob_not_quiesced":0,"unsent_bytes_pending":0,"slots_done":0,"slots_issued":0,"slots_free":0,"flag_set":0},"epoll":{"enabled":false,"events":0,"recvs":0},"persistence":{"enabled":false,"recording":false,"failed":false,"drain_gave_up":false,"posted":0,"flushed":0,"durable":0,"refused":0,"pending_chunks":0,"records_written":0,"producers_with_pending":0,"producers_stopped":0,"producers_expected":0,"completions_pending":0},"accept":{"accepts":18,"accept_err":0,"rearm":0,"sqe_starved":0,"notify_drop":0}}
