TomoKV 1.0-cpp (Redis 7.4.10 compatible)
topology: 1 L3 domain(s)
  domain  0: 8 cpus [112,113,114,115,116,117,118,119]
tomokv-cpp: 8 unified threads, 16 shard(s), thread-mode=1s, owner-batch prefetch, io_uring, alloc=jemalloc, reorder=0, read-local=1
  thread t0: role=unified cpu=112 L3=0 shards=2 send=self
  thread t1: role=unified cpu=113 L3=0 shards=2 send=self
  thread t2: role=unified cpu=114 L3=0 shards=2 send=self
  thread t3: role=unified cpu=115 L3=0 shards=2 send=self
  thread t4: role=unified cpu=116 L3=0 shards=2 send=self
  thread t5: role=unified cpu=117 L3=0 shards=2 send=self
  thread t6: role=unified cpu=118 L3=0 shards=2 send=self
  thread t7: role=unified cpu=119 L3=0 shards=2 send=self
listening on 127.0.0.1:18790
persistence: enabled=0 posted=0 flushed=0 durable=0 refused=0 pending_chunks=0 producers_with_pending=0 drain_gave_up=0 failed=0

thread role          ops      iters   busy_ms   idle_ms    cpu_ms   wake_tx  wake_rx
t0     uni          9673     144198     104.1    2371.9     108.3      2133     3409
io_tenure t0/0 busy_ns=104074331 idle_ns=2371893398 entry_ns=3248033021039592 begin_ns=3248033021039612 end_ns=3248035497007341 exit_ns=3248035497007551 role_exit=0 stopped=1
t1     uni         15977     183653     139.0    2336.9     144.0      2357     3624
io_tenure t1/0 busy_ns=139013296 idle_ns=2336852133 entry_ns=3248033021038112 begin_ns=3248033021038142 end_ns=3248035496903571 exit_ns=3248035496903701 role_exit=0 stopped=1
t2     uni          7662      60239      40.2    2435.7      45.1       247     1802
io_tenure t2/0 busy_ns=40162264 idle_ns=2435694915 entry_ns=3248033021045502 begin_ns=3248033021045532 end_ns=3248035496902711 exit_ns=3248035496902741 role_exit=0 stopped=1
t3     uni         14205     188952     132.6    2343.3     137.4      2306     3561
io_tenure t3/0 busy_ns=132583500 idle_ns=2343277239 entry_ns=3248033021043452 begin_ns=3248033021043482 end_ns=3248035496904221 exit_ns=3248035496904251 role_exit=0 stopped=1
t4     uni          9507      68146      44.7    2431.2      49.1       223     1750
io_tenure t4/0 busy_ns=44672206 idle_ns=2431194403 entry_ns=3248033021038202 begin_ns=3248033021038232 end_ns=3248035496904841 exit_ns=3248035496904871 role_exit=0 stopped=1
t5     uni          7807      49660      35.5    2440.4      39.6       552     1797
io_tenure t5/0 busy_ns=35476968 idle_ns=2440384971 entry_ns=3248033021041472 begin_ns=3248033021041502 end_ns=3248035496903441 exit_ns=3248035496903581 role_exit=0 stopped=1
t6     uni          7002      37880      32.6    2443.2      36.9       176     1504
io_tenure t6/0 busy_ns=32643182 idle_ns=2443219027 entry_ns=3248033021047362 begin_ns=3248033021047562 end_ns=3248035496909771 exit_ns=3248035496909801 role_exit=0 stopped=1
t7     uni         12892     244957     177.6    2298.2     182.2      2742     4025
io_tenure t7/0 busy_ns=177631481 idle_ns=2298234918 entry_ns=3248033021037302 begin_ns=3248033021037322 end_ns=3248035496903721 exit_ns=3248035496903851 role_exit=0 stopped=1
wb: retired=34878 direct=475 sends=3441/3441 short=0 err=0 peer_aborts=0 bytes=997773 zc_sends=0 zc_bytes=0 zc_releases=0 serves=3956 empty=515
tls: accepts=0 handshakes=0/0 failed=0 freed=0 want_read=0 want_write=0 cipher_in=0 plain_in=0 cipher_out=0 plain_out=0 zc_suppressed=0 ktls_active=0 ktls_fallback=0
stuck: live_conns=0 rob_not_quiesced=0 unsent_bytes_pending=0 | slots done=0 issued=0 free=0 flag_set=0
shutdown: unified_work=84725 accepts=18 accept_err=0 rearm=0 sqe_starved=0 notify_drop=0
shutdown_report {"schema":1,"thread_mode":"1s","work":{"kind":"fused","unified":84725},"threads":[{"tid":0,"role":"fused","ops":9673,"iterations":144198,"busy_ns":104074331,"idle_ns":2371893398,"cpu_ns":108251990,"wake_tx":2133,"wake_rx":3409,"io_tenures":[{"entry_ns":3248033021039592,"begin_ns":3248033021039612,"end_ns":3248035497007341,"exit_ns":3248035497007551,"busy_ns":104074331,"idle_ns":2371893398,"role_exit":false,"stopped":true,"did_submit":0,"sweep_submit":0,"park":0}]},{"tid":1,"role":"fused","ops":15977,"iterations":183653,"busy_ns":139013296,"idle_ns":2336852133,"cpu_ns":143986710,"wake_tx":2357,"wake_rx":3624,"io_tenures":[{"entry_ns":3248033021038112,"begin_ns":3248033021038142,"end_ns":3248035496903571,"exit_ns":3248035496903701,"busy_ns":139013296,"idle_ns":2336852133,"role_exit":false,"stopped":true,"did_submit":0,"sweep_submit":0,"park":0}]},{"tid":2,"role":"fused","ops":7662,"iterations":60239,"busy_ns":40162264,"idle_ns":2435694915,"cpu_ns":45058580,"wake_tx":247,"wake_rx":1802,"io_tenures":[{"entry_ns":3248033021045502,"begin_ns":3248033021045532,"end_ns":3248035496902711,"exit_ns":3248035496902741,"busy_ns":40162264,"idle_ns":2435694915,"role_exit":false,"stopped":true,"did_submit":0,"sweep_submit":0,"park":0}]},{"tid":3,"role":"fused","ops":14205,"iterations":188952,"busy_ns":132583500,"idle_ns":2343277239,"cpu_ns":137383050,"wake_tx":2306,"wake_rx":3561,"io_tenures":[{"entry_ns":3248033021043452,"begin_ns":3248033021043482,"end_ns":3248035496904221,"exit_ns":3248035496904251,"busy_ns":132583500,"idle_ns":2343277239,"role_exit":false,"stopped":true,"did_submit":0,"sweep_submit":0,"park":0}]},{"tid":4,"role":"fused","ops":9507,"iterations":68146,"busy_ns":44672206,"idle_ns":2431194403,"cpu_ns":49078730,"wake_tx":223,"wake_rx":1750,"io_tenures":[{"entry_ns":3248033021038202,"begin_ns":3248033021038232,"end_ns":3248035496904841,"exit_ns":3248035496904871,"busy_ns":44672206,"idle_ns":2431194403,"role_exit":false,"stopped":true,"did_submit":0,"sweep_submit":0,"park":0}]},{"tid":5,"role":"fused","ops":7807,"iterations":49660,"busy_ns":35476968,"idle_ns":2440384971,"cpu_ns":39614250,"wake_tx":552,"wake_rx":1797,"io_tenures":[{"entry_ns":3248033021041472,"begin_ns":3248033021041502,"end_ns":3248035496903441,"exit_ns":3248035496903581,"busy_ns":35476968,"idle_ns":2440384971,"role_exit":false,"stopped":true,"did_submit":0,"sweep_submit":0,"park":0}]},{"tid":6,"role":"fused","ops":7002,"iterations":37880,"busy_ns":32643182,"idle_ns":2443219027,"cpu_ns":36912400,"wake_tx":176,"wake_rx":1504,"io_tenures":[{"entry_ns":3248033021047362,"begin_ns":3248033021047562,"end_ns":3248035496909771,"exit_ns":3248035496909801,"busy_ns":32643182,"idle_ns":2443219027,"role_exit":false,"stopped":true,"did_submit":0,"sweep_submit":0,"park":0}]},{"tid":7,"role":"fused","ops":12892,"iterations":244957,"busy_ns":177631481,"idle_ns":2298234918,"cpu_ns":182203920,"wake_tx":2742,"wake_rx":4025,"io_tenures":[{"entry_ns":3248033021037302,"begin_ns":3248033021037322,"end_ns":3248035496903721,"exit_ns":3248035496903851,"busy_ns":177631481,"idle_ns":2298234918,"role_exit":false,"stopped":true,"did_submit":0,"sweep_submit":0,"park":0}]}],"wb":{"retired":34878,"direct":475,"sends_completed":3441,"sends_submitted":3441,"short_writes":0,"send_errors":0,"peer_aborts":0,"bytes_sent":997773,"zc_sends":0,"zc_bytes":0,"zc_releases":0,"serves":3956,"serves_empty":515},"tls":{"accepts":0,"handshakes_completed":0,"handshakes_started":0,"handshakes_failed":0,"connections_freed":0,"want_read":0,"want_write":0,"ciphertext_input_bytes":0,"plaintext_input_bytes":0,"ciphertext_output_bytes":0,"plaintext_output_bytes":0,"zc_suppressed":0,"ktls_active":0,"ktls_fallback":0},"stuck":{"live_conns":0,"rob_not_quiesced":0,"unsent_bytes_pending":0,"slots_done":0,"slots_issued":0,"slots_free":0,"flag_set":0},"epoll":{"enabled":false,"events":0,"recvs":0},"persistence":{"enabled":false,"recording":false,"failed":false,"drain_gave_up":false,"posted":0,"flushed":0,"durable":0,"refused":0,"pending_chunks":0,"records_written":0,"producers_with_pending":0,"producers_stopped":0,"producers_expected":0,"completions_pending":0},"accept":{"accepts":18,"accept_err":0,"rearm":0,"sqe_starved":0,"notify_drop":0}}
