topology: 1 L3 domain(s)
  domain  0: 8 cpus [112,113,114,115,116,117,118,119]
tomokv-cpp: 8 unified threads, 16 shard(s), thread-mode=1s, overlap=0 (executor prefetch; ordinary IO), io_uring, alloc=jemalloc, reorder=0, read-local=1
  thread t0: role=unified cpu=112 L3=0 shards=2 send=self
  thread t1: role=unified cpu=113 L3=0 shards=2 send=self
  thread t2: role=unified cpu=114 L3=0 shards=2 send=self
  thread t3: role=unified cpu=115 L3=0 shards=2 send=self
  thread t4: role=unified cpu=116 L3=0 shards=2 send=self
  thread t5: role=unified cpu=117 L3=0 shards=2 send=self
  thread t6: role=unified cpu=118 L3=0 shards=2 send=self
  thread t7: role=unified cpu=119 L3=0 shards=2 send=self
listening on 127.0.0.1:17899
persistence: enabled=0 posted=0 flushed=0 durable=0 refused=0 pending_chunks=0 producers_with_pending=0 drain_gave_up=0 failed=0

thread role          ops      iters   busy_ms   idle_ms    cpu_ms   wake_tx  wake_rx
t0     uni         18239     107250      93.1    3510.8     106.3      2798     8847
io_tenure t0/0 busy_ns=93144211 idle_ns=3510824644 entry_ns=2928231487761465 begin_ns=2928231487761495 end_ns=2928235091730350 exit_ns=2928235091730480 role_exit=0 stopped=1
t1     uni         14382     110836      91.9    3512.1     103.8      2553     7739
io_tenure t1/0 busy_ns=91907868 idle_ns=3512057447 entry_ns=2928231487768225 begin_ns=2928231487768255 end_ns=2928235091733570 exit_ns=2928235091733780 role_exit=0 stopped=1
t2     uni         17534     104730     118.0    3486.0     132.2      8884    14877
io_tenure t2/0 busy_ns=117998495 idle_ns=3485968330 entry_ns=2928231487765325 begin_ns=2928231487765345 end_ns=2928235091732170 exit_ns=2928235091732300 role_exit=0 stopped=1
t3     uni         18479     101005     116.2    3487.7     128.4     10566    15719
io_tenure t3/0 busy_ns=116236719 idle_ns=3487738826 entry_ns=2928231487759555 begin_ns=2928231487759585 end_ns=2928235091735130 exit_ns=2928235091735260 role_exit=0 stopped=1
t4     uni         12459     103366      88.9    3515.1     100.8      2573     7570
io_tenure t4/0 busy_ns=88901461 idle_ns=3515069644 entry_ns=2928231487759175 begin_ns=2928231487759205 end_ns=2928235091730310 exit_ns=2928235091730450 role_exit=0 stopped=1
t5     uni         13105     100411      88.5    3515.5     100.4      2848     7813
io_tenure t5/0 busy_ns=88468987 idle_ns=3515488518 entry_ns=2928231487773815 begin_ns=2928231487773835 end_ns=2928235091731340 exit_ns=2928235091731370 role_exit=0 stopped=1
t6     uni         16116     100360     109.4    3494.6     121.7      8324    14044
io_tenure t6/0 busy_ns=109376781 idle_ns=3494600174 entry_ns=2928231487763475 begin_ns=2928231487763495 end_ns=2928235091740450 exit_ns=2928235091740490 role_exit=0 stopped=1
t7     uni         16696      93261      85.1    3518.9      96.6      4011     8675
io_tenure t7/0 busy_ns=85054933 idle_ns=3518917372 entry_ns=2928231487759205 begin_ns=2928231487759225 end_ns=2928235091731530 exit_ns=2928235091731910 role_exit=0 stopped=1
wb: retired=43032 direct=1041 sends=15305/15305 short=0 err=0 peer_aborts=0 bytes=1142797 zc_sends=0 zc_bytes=0 zc_releases=0 serves=17038 empty=1732
tls: accepts=0 handshakes=0/0 failed=0 freed=0 want_read=0 want_write=0 cipher_in=0 plain_in=0 cipher_out=0 plain_out=0 zc_suppressed=0 ktls_active=0 ktls_fallback=0
stuck: live_conns=0 rob_not_quiesced=0 unsent_bytes_pending=0 | slots done=0 issued=0 free=0 flag_set=0
shutdown: unified_work=127010 accepts=24 accept_err=0 rearm=0 sqe_starved=0 notify_drop=0
shutdown_report {"schema":1,"thread_mode":"1s","work":{"kind":"fused","unified":127010},"threads":[{"tid":0,"role":"fused","ops":18239,"iterations":107250,"busy_ns":93144211,"idle_ns":3510824644,"cpu_ns":106299336,"wake_tx":2798,"wake_rx":8847,"io_tenures":[{"entry_ns":2928231487761465,"begin_ns":2928231487761495,"end_ns":2928235091730350,"exit_ns":2928235091730480,"busy_ns":93144211,"idle_ns":3510824644,"role_exit":false,"stopped":true,"did_submit":0,"sweep_submit":0,"park":0}]},{"tid":1,"role":"fused","ops":14382,"iterations":110836,"busy_ns":91907868,"idle_ns":3512057447,"cpu_ns":103844329,"wake_tx":2553,"wake_rx":7739,"io_tenures":[{"entry_ns":2928231487768225,"begin_ns":2928231487768255,"end_ns":2928235091733570,"exit_ns":2928235091733780,"busy_ns":91907868,"idle_ns":3512057447,"role_exit":false,"stopped":true,"did_submit":0,"sweep_submit":0,"park":0}]},{"tid":2,"role":"fused","ops":17534,"iterations":104730,"busy_ns":117998495,"idle_ns":3485968330,"cpu_ns":132233115,"wake_tx":8884,"wake_rx":14877,"io_tenures":[{"entry_ns":2928231487765325,"begin_ns":2928231487765345,"end_ns":2928235091732170,"exit_ns":2928235091732300,"busy_ns":117998495,"idle_ns":3485968330,"role_exit":false,"stopped":true,"did_submit":0,"sweep_submit":0,"park":0}]},{"tid":3,"role":"fused","ops":18479,"iterations":101005,"busy_ns":116236719,"idle_ns":3487738826,"cpu_ns":128378334,"wake_tx":10566,"wake_rx":15719,"io_tenures":[{"entry_ns":2928231487759555,"begin_ns":2928231487759585,"end_ns":2928235091735130,"exit_ns":2928235091735260,"busy_ns":116236719,"idle_ns":3487738826,"role_exit":false,"stopped":true,"did_submit":0,"sweep_submit":0,"park":0}]},{"tid":4,"role":"fused","ops":12459,"iterations":103366,"busy_ns":88901461,"idle_ns":3515069644,"cpu_ns":100844050,"wake_tx":2573,"wake_rx":7570,"io_tenures":[{"entry_ns":2928231487759175,"begin_ns":2928231487759205,"end_ns":2928235091730310,"exit_ns":2928235091730450,"busy_ns":88901461,"idle_ns":3515069644,"role_exit":false,"stopped":true,"did_submit":0,"sweep_submit":0,"park":0}]},{"tid":5,"role":"fused","ops":13105,"iterations":100411,"busy_ns":88468987,"idle_ns":3515488518,"cpu_ns":100428209,"wake_tx":2848,"wake_rx":7813,"io_tenures":[{"entry_ns":2928231487773815,"begin_ns":2928231487773835,"end_ns":2928235091731340,"exit_ns":2928235091731370,"busy_ns":88468987,"idle_ns":3515488518,"role_exit":false,"stopped":true,"did_submit":0,"sweep_submit":0,"park":0}]},{"tid":6,"role":"fused","ops":16116,"iterations":100360,"busy_ns":109376781,"idle_ns":3494600174,"cpu_ns":121656394,"wake_tx":8324,"wake_rx":14044,"io_tenures":[{"entry_ns":2928231487763475,"begin_ns":2928231487763495,"end_ns":2928235091740450,"exit_ns":2928235091740490,"busy_ns":109376781,"idle_ns":3494600174,"role_exit":false,"stopped":true,"did_submit":0,"sweep_submit":0,"park":0}]},{"tid":7,"role":"fused","ops":16696,"iterations":93261,"busy_ns":85054933,"idle_ns":3518917372,"cpu_ns":96619761,"wake_tx":4011,"wake_rx":8675,"io_tenures":[{"entry_ns":2928231487759205,"begin_ns":2928231487759225,"end_ns":2928235091731530,"exit_ns":2928235091731910,"busy_ns":85054933,"idle_ns":3518917372,"role_exit":false,"stopped":true,"did_submit":0,"sweep_submit":0,"park":0}]}],"wb":{"retired":43032,"direct":1041,"sends_completed":15305,"sends_submitted":15305,"short_writes":0,"send_errors":0,"peer_aborts":0,"bytes_sent":1142797,"zc_sends":0,"zc_bytes":0,"zc_releases":0,"serves":17038,"serves_empty":1732},"tls":{"accepts":0,"handshakes_completed":0,"handshakes_started":0,"handshakes_failed":0,"connections_freed":0,"want_read":0,"want_write":0,"ciphertext_input_bytes":0,"plaintext_input_bytes":0,"ciphertext_output_bytes":0,"plaintext_output_bytes":0,"zc_suppressed":0,"ktls_active":0,"ktls_fallback":0},"stuck":{"live_conns":0,"rob_not_quiesced":0,"unsent_bytes_pending":0,"slots_done":0,"slots_issued":0,"slots_free":0,"flag_set":0},"epoll":{"enabled":false,"events":0,"recvs":0},"persistence":{"enabled":false,"recording":false,"failed":false,"drain_gave_up":false,"posted":0,"flushed":0,"durable":0,"refused":0,"pending_chunks":0,"records_written":0,"producers_with_pending":0,"producers_stopped":0,"producers_expected":0,"completions_pending":0},"accept":{"accepts":24,"accept_err":0,"rearm":0,"sqe_starved":0,"notify_drop":0}}
