topology: 1 L3 domain(s)
  domain  0: 8 cpus [112,113,114,115,116,117,118,119]
tomokv-cpp: 8 unified threads, 16 shard(s), thread-mode=1s, overlap=0 (executor prefetch; ordinary IO), io_uring, alloc=jemalloc, reorder=0, read-local=1
  thread t0: role=unified cpu=112 L3=0 shards=2 send=self
  thread t1: role=unified cpu=113 L3=0 shards=2 send=self
  thread t2: role=unified cpu=114 L3=0 shards=2 send=self
  thread t3: role=unified cpu=115 L3=0 shards=2 send=self
  thread t4: role=unified cpu=116 L3=0 shards=2 send=self
  thread t5: role=unified cpu=117 L3=0 shards=2 send=self
  thread t6: role=unified cpu=118 L3=0 shards=2 send=self
  thread t7: role=unified cpu=119 L3=0 shards=2 send=self
listening on 127.0.0.1:18540
persistence: enabled=0 posted=0 flushed=0 durable=0 refused=0 pending_chunks=0 producers_with_pending=0 drain_gave_up=0 failed=0

thread role          ops      iters   busy_ms   idle_ms    cpu_ms   wake_tx  wake_rx
t0     uni           381       1502       4.3     699.7       6.2       342      500
io_tenure t0/0 busy_ns=4298779 idle_ns=699727687 entry_ns=3076704096292005 begin_ns=3076704096292035 end_ns=3076704800318501 exit_ns=3076704800318631 role_exit=0 stopped=1
t1     uni             0         91       0.2     703.8       0.9         5       41
io_tenure t1/0 busy_ns=211350 idle_ns=703800646 entry_ns=3076704096305965 begin_ns=3076704096305995 end_ns=3076704800317991 exit_ns=3076704800318231 role_exit=0 stopped=1
t2     uni            60        227       0.9     703.1       1.6        41      121
io_tenure t2/0 busy_ns=879431 idle_ns=703145675 entry_ns=3076704096292315 begin_ns=3076704096292345 end_ns=3076704800317451 exit_ns=3076704800317571 role_exit=0 stopped=1
t3     uni            24        148       0.4     703.7       1.1        16       71
io_tenure t3/0 busy_ns=370270 idle_ns=703653486 entry_ns=3076704096291835 begin_ns=3076704096291865 end_ns=3076704800315621 exit_ns=3076704800315751 role_exit=0 stopped=1
t4     uni            62        835       2.7     701.3       4.2        85      195
io_tenure t4/0 busy_ns=2707331 idle_ns=701315875 entry_ns=3076704096293095 begin_ns=3076704096293125 end_ns=3076704800316331 exit_ns=3076704800316501 role_exit=0 stopped=1
t5     uni             0         93       0.7     703.4       1.3         2       38
io_tenure t5/0 busy_ns=660806 idle_ns=703366200 entry_ns=3076704096295145 begin_ns=3076704096295165 end_ns=3076704800322171 exit_ns=3076704800322201 role_exit=0 stopped=1
t6     uni            73        707       2.5     701.5       3.8       136      233
io_tenure t6/0 busy_ns=2543177 idle_ns=701481459 entry_ns=3076704096291305 begin_ns=3076704096291335 end_ns=3076704800315971 exit_ns=3076704800316101 role_exit=0 stopped=1
t7     uni            36        188       0.4     703.6       1.2        15       85
io_tenure t7/0 busy_ns=390735 idle_ns=703633091 entry_ns=3076704096291795 begin_ns=3076704096291825 end_ns=3076704800315651 exit_ns=3076704800315791 role_exit=0 stopped=1
wb: retired=526 direct=32 sends=526/526 short=0 err=0 peer_aborts=0 bytes=86875 zc_sends=0 zc_bytes=0 zc_releases=0 serves=581 empty=55
tls: accepts=0 handshakes=0/0 failed=0 freed=0 want_read=0 want_write=0 cipher_in=0 plain_in=0 cipher_out=0 plain_out=0 zc_suppressed=0 ktls_active=0 ktls_fallback=0
stuck: live_conns=0 rob_not_quiesced=0 unsent_bytes_pending=0 | slots done=0 issued=0 free=0 flag_set=0
shutdown: unified_work=636 accepts=14 accept_err=0 rearm=0 sqe_starved=0 notify_drop=0
shutdown_report {"schema":1,"thread_mode":"1s","work":{"kind":"fused","unified":636},"threads":[{"tid":0,"role":"fused","ops":381,"iterations":1502,"busy_ns":4298779,"idle_ns":699727687,"cpu_ns":6182410,"wake_tx":342,"wake_rx":500,"io_tenures":[{"entry_ns":3076704096292005,"begin_ns":3076704096292035,"end_ns":3076704800318501,"exit_ns":3076704800318631,"busy_ns":4298779,"idle_ns":699727687,"role_exit":false,"stopped":true,"did_submit":0,"sweep_submit":0,"park":0}]},{"tid":1,"role":"fused","ops":0,"iterations":91,"busy_ns":211350,"idle_ns":703800646,"cpu_ns":927350,"wake_tx":5,"wake_rx":41,"io_tenures":[{"entry_ns":3076704096305965,"begin_ns":3076704096305995,"end_ns":3076704800317991,"exit_ns":3076704800318231,"busy_ns":211350,"idle_ns":703800646,"role_exit":false,"stopped":true,"did_submit":0,"sweep_submit":0,"park":0}]},{"tid":2,"role":"fused","ops":60,"iterations":227,"busy_ns":879431,"idle_ns":703145675,"cpu_ns":1603160,"wake_tx":41,"wake_rx":121,"io_tenures":[{"entry_ns":3076704096292315,"begin_ns":3076704096292345,"end_ns":3076704800317451,"exit_ns":3076704800317571,"busy_ns":879431,"idle_ns":703145675,"role_exit":false,"stopped":true,"did_submit":0,"sweep_submit":0,"park":0}]},{"tid":3,"role":"fused","ops":24,"iterations":148,"busy_ns":370270,"idle_ns":703653486,"cpu_ns":1106850,"wake_tx":16,"wake_rx":71,"io_tenures":[{"entry_ns":3076704096291835,"begin_ns":3076704096291865,"end_ns":3076704800315621,"exit_ns":3076704800315751,"busy_ns":370270,"idle_ns":703653486,"role_exit":false,"stopped":true,"did_submit":0,"sweep_submit":0,"park":0}]},{"tid":4,"role":"fused","ops":62,"iterations":835,"busy_ns":2707331,"idle_ns":701315875,"cpu_ns":4221960,"wake_tx":85,"wake_rx":195,"io_tenures":[{"entry_ns":3076704096293095,"begin_ns":3076704096293125,"end_ns":3076704800316331,"exit_ns":3076704800316501,"busy_ns":2707331,"idle_ns":701315875,"role_exit":false,"stopped":true,"did_submit":0,"sweep_submit":0,"park":0}]},{"tid":5,"role":"fused","ops":0,"iterations":93,"busy_ns":660806,"idle_ns":703366200,"cpu_ns":1336890,"wake_tx":2,"wake_rx":38,"io_tenures":[{"entry_ns":3076704096295145,"begin_ns":3076704096295165,"end_ns":3076704800322171,"exit_ns":3076704800322201,"busy_ns":660806,"idle_ns":703366200,"role_exit":false,"stopped":true,"did_submit":0,"sweep_submit":0,"park":0}]},{"tid":6,"role":"fused","ops":73,"iterations":707,"busy_ns":2543177,"idle_ns":701481459,"cpu_ns":3843520,"wake_tx":136,"wake_rx":233,"io_tenures":[{"entry_ns":3076704096291305,"begin_ns":3076704096291335,"end_ns":3076704800315971,"exit_ns":3076704800316101,"busy_ns":2543177,"idle_ns":701481459,"role_exit":false,"stopped":true,"did_submit":0,"sweep_submit":0,"park":0}]},{"tid":7,"role":"fused","ops":36,"iterations":188,"busy_ns":390735,"idle_ns":703633091,"cpu_ns":1164760,"wake_tx":15,"wake_rx":85,"io_tenures":[{"entry_ns":3076704096291795,"begin_ns":3076704096291825,"end_ns":3076704800315651,"exit_ns":3076704800315791,"busy_ns":390735,"idle_ns":703633091,"role_exit":false,"stopped":true,"did_submit":0,"sweep_submit":0,"park":0}]}],"wb":{"retired":526,"direct":32,"sends_completed":526,"sends_submitted":526,"short_writes":0,"send_errors":0,"peer_aborts":0,"bytes_sent":86875,"zc_sends":0,"zc_bytes":0,"zc_releases":0,"serves":581,"serves_empty":55},"tls":{"accepts":0,"handshakes_completed":0,"handshakes_started":0,"handshakes_failed":0,"connections_freed":0,"want_read":0,"want_write":0,"ciphertext_input_bytes":0,"plaintext_input_bytes":0,"ciphertext_output_bytes":0,"plaintext_output_bytes":0,"zc_suppressed":0,"ktls_active":0,"ktls_fallback":0},"stuck":{"live_conns":0,"rob_not_quiesced":0,"unsent_bytes_pending":0,"slots_done":0,"slots_issued":0,"slots_free":0,"flag_set":0},"epoll":{"enabled":false,"events":0,"recvs":0},"persistence":{"enabled":false,"recording":false,"failed":false,"drain_gave_up":false,"posted":0,"flushed":0,"durable":0,"refused":0,"pending_chunks":0,"records_written":0,"producers_with_pending":0,"producers_stopped":0,"producers_expected":0,"completions_pending":0},"accept":{"accepts":14,"accept_err":0,"rearm":0,"sqe_starved":0,"notify_drop":0}}
