topology: 1 L3 domain(s)
  domain  0: 8 cpus [112,113,114,115,116,117,118,119]
tomokv-cpp: 8 unified threads, 16 shard(s), thread-mode=1s, overlap=0 (executor prefetch; ordinary IO), io_uring, alloc=jemalloc, reorder=0, read-local=1
  thread t0: role=unified cpu=112 L3=0 shards=2 send=self
  thread t1: role=unified cpu=113 L3=0 shards=2 send=self
  thread t2: role=unified cpu=114 L3=0 shards=2 send=self
  thread t3: role=unified cpu=115 L3=0 shards=2 send=self
  thread t4: role=unified cpu=116 L3=0 shards=2 send=self
  thread t5: role=unified cpu=117 L3=0 shards=2 send=self
  thread t6: role=unified cpu=118 L3=0 shards=2 send=self
  thread t7: role=unified cpu=119 L3=0 shards=2 send=self
listening on 127.0.0.1:18540
persistence: enabled=0 posted=0 flushed=0 durable=0 refused=0 pending_chunks=0 producers_with_pending=0 drain_gave_up=0 failed=0

thread role          ops      iters   busy_ms   idle_ms    cpu_ms   wake_tx  wake_rx
t0     uni           110        845       2.1     697.6       3.5       221      336
io_tenure t0/0 busy_ns=2098386 idle_ns=697599285 entry_ns=3076703178064098 begin_ns=3076703178064129 end_ns=3076703877761800 exit_ns=3076703877761929 role_exit=0 stopped=1
t1     uni            18        331       1.4     698.3       2.3        28       86
io_tenure t1/0 busy_ns=1358508 idle_ns=698317992 entry_ns=3076703178086179 begin_ns=3076703178086209 end_ns=3076703877762709 exit_ns=3076703877762840 role_exit=0 stopped=1
t2     uni           216        919       1.1     698.5       2.0       193      425
io_tenure t2/0 busy_ns=1138619 idle_ns=698542872 entry_ns=3076703178080259 begin_ns=3076703178080289 end_ns=3076703877761780 exit_ns=3076703877762029 role_exit=0 stopped=1
t3     uni            55        468       1.6     698.1       2.6       109      183
io_tenure t3/0 busy_ns=1609165 idle_ns=698075966 entry_ns=3076703178078389 begin_ns=3076703178078409 end_ns=3076703877763540 exit_ns=3076703877763740 role_exit=0 stopped=1
t4     uni           102        983       1.9     697.8       2.9        68      177
io_tenure t4/0 busy_ns=1913493 idle_ns=697773907 entry_ns=3076703178083519 begin_ns=3076703178083549 end_ns=3076703877770949 exit_ns=3076703877770980 role_exit=0 stopped=1
t5     uni             8        362       0.4     699.3       1.1        10       54
io_tenure t5/0 busy_ns=434365 idle_ns=699254146 entry_ns=3076703178070299 begin_ns=3076703178070329 end_ns=3076703877758840 exit_ns=3076703877758960 role_exit=0 stopped=1
t6     uni            55        459       1.2     698.5       2.2       111      186
io_tenure t6/0 busy_ns=1208027 idle_ns=698485513 entry_ns=3076703178067038 begin_ns=3076703178067069 end_ns=3076703877760609 exit_ns=3076703877760780 role_exit=0 stopped=1
t7     uni            72        914       3.2     696.5       4.4        74      181
io_tenure t7/0 busy_ns=3191113 idle_ns=696494857 entry_ns=3076703178073019 begin_ns=3076703178073039 end_ns=3076703877759009 exit_ns=3076703877759140 role_exit=0 stopped=1
wb: retired=526 direct=32 sends=526/526 short=0 err=0 peer_aborts=0 bytes=86814 zc_sends=0 zc_bytes=0 zc_releases=0 serves=581 empty=55
tls: accepts=0 handshakes=0/0 failed=0 freed=0 want_read=0 want_write=0 cipher_in=0 plain_in=0 cipher_out=0 plain_out=0 zc_suppressed=0 ktls_active=0 ktls_fallback=0
stuck: live_conns=0 rob_not_quiesced=0 unsent_bytes_pending=0 | slots done=0 issued=0 free=0 flag_set=0
shutdown: unified_work=636 accepts=14 accept_err=0 rearm=0 sqe_starved=0 notify_drop=0
shutdown_report {"schema":1,"thread_mode":"1s","work":{"kind":"fused","unified":636},"threads":[{"tid":0,"role":"fused","ops":110,"iterations":845,"busy_ns":2098386,"idle_ns":697599285,"cpu_ns":3512060,"wake_tx":221,"wake_rx":336,"io_tenures":[{"entry_ns":3076703178064098,"begin_ns":3076703178064129,"end_ns":3076703877761800,"exit_ns":3076703877761929,"busy_ns":2098386,"idle_ns":697599285,"role_exit":false,"stopped":true,"did_submit":0,"sweep_submit":0,"park":0}]},{"tid":1,"role":"fused","ops":18,"iterations":331,"busy_ns":1358508,"idle_ns":698317992,"cpu_ns":2262580,"wake_tx":28,"wake_rx":86,"io_tenures":[{"entry_ns":3076703178086179,"begin_ns":3076703178086209,"end_ns":3076703877762709,"exit_ns":3076703877762840,"busy_ns":1358508,"idle_ns":698317992,"role_exit":false,"stopped":true,"did_submit":0,"sweep_submit":0,"park":0}]},{"tid":2,"role":"fused","ops":216,"iterations":919,"busy_ns":1138619,"idle_ns":698542872,"cpu_ns":2024950,"wake_tx":193,"wake_rx":425,"io_tenures":[{"entry_ns":3076703178080259,"begin_ns":3076703178080289,"end_ns":3076703877761780,"exit_ns":3076703877762029,"busy_ns":1138619,"idle_ns":698542872,"role_exit":false,"stopped":true,"did_submit":0,"sweep_submit":0,"park":0}]},{"tid":3,"role":"fused","ops":55,"iterations":468,"busy_ns":1609165,"idle_ns":698075966,"cpu_ns":2596500,"wake_tx":109,"wake_rx":183,"io_tenures":[{"entry_ns":3076703178078389,"begin_ns":3076703178078409,"end_ns":3076703877763540,"exit_ns":3076703877763740,"busy_ns":1609165,"idle_ns":698075966,"role_exit":false,"stopped":true,"did_submit":0,"sweep_submit":0,"park":0}]},{"tid":4,"role":"fused","ops":102,"iterations":983,"busy_ns":1913493,"idle_ns":697773907,"cpu_ns":2936640,"wake_tx":68,"wake_rx":177,"io_tenures":[{"entry_ns":3076703178083519,"begin_ns":3076703178083549,"end_ns":3076703877770949,"exit_ns":3076703877770980,"busy_ns":1913493,"idle_ns":697773907,"role_exit":false,"stopped":true,"did_submit":0,"sweep_submit":0,"park":0}]},{"tid":5,"role":"fused","ops":8,"iterations":362,"busy_ns":434365,"idle_ns":699254146,"cpu_ns":1058250,"wake_tx":10,"wake_rx":54,"io_tenures":[{"entry_ns":3076703178070299,"begin_ns":3076703178070329,"end_ns":3076703877758840,"exit_ns":3076703877758960,"busy_ns":434365,"idle_ns":699254146,"role_exit":false,"stopped":true,"did_submit":0,"sweep_submit":0,"park":0}]},{"tid":6,"role":"fused","ops":55,"iterations":459,"busy_ns":1208027,"idle_ns":698485513,"cpu_ns":2240500,"wake_tx":111,"wake_rx":186,"io_tenures":[{"entry_ns":3076703178067038,"begin_ns":3076703178067069,"end_ns":3076703877760609,"exit_ns":3076703877760780,"busy_ns":1208027,"idle_ns":698485513,"role_exit":false,"stopped":true,"did_submit":0,"sweep_submit":0,"park":0}]},{"tid":7,"role":"fused","ops":72,"iterations":914,"busy_ns":3191113,"idle_ns":696494857,"cpu_ns":4423850,"wake_tx":74,"wake_rx":181,"io_tenures":[{"entry_ns":3076703178073019,"begin_ns":3076703178073039,"end_ns":3076703877759009,"exit_ns":3076703877759140,"busy_ns":3191113,"idle_ns":696494857,"role_exit":false,"stopped":true,"did_submit":0,"sweep_submit":0,"park":0}]}],"wb":{"retired":526,"direct":32,"sends_completed":526,"sends_submitted":526,"short_writes":0,"send_errors":0,"peer_aborts":0,"bytes_sent":86814,"zc_sends":0,"zc_bytes":0,"zc_releases":0,"serves":581,"serves_empty":55},"tls":{"accepts":0,"handshakes_completed":0,"handshakes_started":0,"handshakes_failed":0,"connections_freed":0,"want_read":0,"want_write":0,"ciphertext_input_bytes":0,"plaintext_input_bytes":0,"ciphertext_output_bytes":0,"plaintext_output_bytes":0,"zc_suppressed":0,"ktls_active":0,"ktls_fallback":0},"stuck":{"live_conns":0,"rob_not_quiesced":0,"unsent_bytes_pending":0,"slots_done":0,"slots_issued":0,"slots_free":0,"flag_set":0},"epoll":{"enabled":false,"events":0,"recvs":0},"persistence":{"enabled":false,"recording":false,"failed":false,"drain_gave_up":false,"posted":0,"flushed":0,"durable":0,"refused":0,"pending_chunks":0,"records_written":0,"producers_with_pending":0,"producers_stopped":0,"producers_expected":0,"completions_pending":0},"accept":{"accepts":14,"accept_err":0,"rearm":0,"sqe_starved":0,"notify_drop":0}}
