topology: 1 L3 domain(s)
  domain  0: 8 cpus [120,121,122,123,124,125,126,127]
tomokv-cpp: 8 unified threads, 16 shard(s), thread-mode=1s, overlap=0 (executor prefetch; ordinary IO), io_uring, alloc=jemalloc, reorder=0, read-local=1
  thread t0: role=unified cpu=120 L3=0 shards=2 send=self
  thread t1: role=unified cpu=121 L3=0 shards=2 send=self
  thread t2: role=unified cpu=122 L3=0 shards=2 send=self
  thread t3: role=unified cpu=123 L3=0 shards=2 send=self
  thread t4: role=unified cpu=124 L3=0 shards=2 send=self
  thread t5: role=unified cpu=125 L3=0 shards=2 send=self
  thread t6: role=unified cpu=126 L3=0 shards=2 send=self
  thread t7: role=unified cpu=127 L3=0 shards=2 send=self
listening on 127.0.0.1:18179
persistence: enabled=0 posted=0 flushed=0 durable=0 refused=0 pending_chunks=0 producers_with_pending=0 drain_gave_up=0 failed=0

thread role          ops      iters   busy_ms   idle_ms    cpu_ms   wake_tx  wake_rx
t0     uni            74      53561      31.1     773.6      32.0        14       53
io_tenure t0/0 busy_ns=31148041 idle_ns=773577253 entry_ns=2986593885081905 begin_ns=2986593885081935 end_ns=2986594689807229 exit_ns=2986594689807369 role_exit=0 stopped=1
t1     uni            76      14878       9.6     795.1      10.4        11       48
io_tenure t1/0 busy_ns=9628165 idle_ns=795092899 entry_ns=2986593885084965 begin_ns=2986593885084985 end_ns=2986594689806049 exit_ns=2986594689806179 role_exit=0 stopped=1
t2     uni            76       3536       3.4     801.4       4.2        13       55
io_tenure t2/0 busy_ns=3351173 idle_ns=801370921 entry_ns=2986593885084145 begin_ns=2986593885084175 end_ns=2986594689806269 exit_ns=2986594689806399 role_exit=0 stopped=1
t3     uni            82      16961      10.6     794.1      11.3        15       56
io_tenure t3/0 busy_ns=10628903 idle_ns=794090521 entry_ns=2986593885086755 begin_ns=2986593885087025 end_ns=2986594689806449 exit_ns=2986594689806579 role_exit=0 stopped=1
t4     uni          4193      37478      53.2     751.5      61.8       193      228
io_tenure t4/0 busy_ns=53245640 idle_ns=751473154 entry_ns=2986593885083485 begin_ns=2986593885083505 end_ns=2986594689802299 exit_ns=2986594689802429 role_exit=0 stopped=1
t5     uni            87      17832      11.6     793.1      12.3        22       66
io_tenure t5/0 busy_ns=11638646 idle_ns=793084888 entry_ns=2986593885081265 begin_ns=2986593885081285 end_ns=2986594689804819 exit_ns=2986594689804939 role_exit=0 stopped=1
t6     uni            70       3152       3.6     801.2       4.3        22       60
io_tenure t6/0 busy_ns=3572939 idle_ns=801155395 entry_ns=2986593885084455 begin_ns=2986593885084485 end_ns=2986594689812819 exit_ns=2986594689812849 role_exit=0 stopped=1
t7     uni            77       2160       3.1     801.7       3.8        31       76
io_tenure t7/0 busy_ns=3054848 idle_ns=801665916 entry_ns=2986593885083195 begin_ns=2986593885083225 end_ns=2986594689803989 exit_ns=2986594689804159 role_exit=0 stopped=1
wb: retired=2410 direct=2048 sends=2410/2410 short=0 err=0 peer_aborts=0 bytes=947682 zc_sends=0 zc_bytes=0 zc_releases=0 serves=2497 empty=87
tls: accepts=0 handshakes=0/0 failed=0 freed=0 want_read=0 want_write=0 cipher_in=0 plain_in=0 cipher_out=0 plain_out=0 zc_suppressed=0 ktls_active=0 ktls_fallback=0
stuck: live_conns=1 rob_not_quiesced=0 unsent_bytes_pending=0 | slots done=0 issued=0 free=0 flag_set=0
shutdown: unified_work=4735 accepts=50 accept_err=0 rearm=0 sqe_starved=0 notify_drop=0
shutdown_report {"schema":1,"thread_mode":"1s","work":{"kind":"fused","unified":4735},"threads":[{"tid":0,"role":"fused","ops":74,"iterations":53561,"busy_ns":31148041,"idle_ns":773577253,"cpu_ns":32005380,"wake_tx":14,"wake_rx":53,"io_tenures":[{"entry_ns":2986593885081905,"begin_ns":2986593885081935,"end_ns":2986594689807229,"exit_ns":2986594689807369,"busy_ns":31148041,"idle_ns":773577253,"role_exit":false,"stopped":true,"did_submit":0,"sweep_submit":0,"park":0}]},{"tid":1,"role":"fused","ops":76,"iterations":14878,"busy_ns":9628165,"idle_ns":795092899,"cpu_ns":10359090,"wake_tx":11,"wake_rx":48,"io_tenures":[{"entry_ns":2986593885084965,"begin_ns":2986593885084985,"end_ns":2986594689806049,"exit_ns":2986594689806179,"busy_ns":9628165,"idle_ns":795092899,"role_exit":false,"stopped":true,"did_submit":0,"sweep_submit":0,"park":0}]},{"tid":2,"role":"fused","ops":76,"iterations":3536,"busy_ns":3351173,"idle_ns":801370921,"cpu_ns":4179580,"wake_tx":13,"wake_rx":55,"io_tenures":[{"entry_ns":2986593885084145,"begin_ns":2986593885084175,"end_ns":2986594689806269,"exit_ns":2986594689806399,"busy_ns":3351173,"idle_ns":801370921,"role_exit":false,"stopped":true,"did_submit":0,"sweep_submit":0,"park":0}]},{"tid":3,"role":"fused","ops":82,"iterations":16961,"busy_ns":10628903,"idle_ns":794090521,"cpu_ns":11289720,"wake_tx":15,"wake_rx":56,"io_tenures":[{"entry_ns":2986593885086755,"begin_ns":2986593885087025,"end_ns":2986594689806449,"exit_ns":2986594689806579,"busy_ns":10628903,"idle_ns":794090521,"role_exit":false,"stopped":true,"did_submit":0,"sweep_submit":0,"park":0}]},{"tid":4,"role":"fused","ops":4193,"iterations":37478,"busy_ns":53245640,"idle_ns":751473154,"cpu_ns":61835140,"wake_tx":193,"wake_rx":228,"io_tenures":[{"entry_ns":2986593885083485,"begin_ns":2986593885083505,"end_ns":2986594689802299,"exit_ns":2986594689802429,"busy_ns":53245640,"idle_ns":751473154,"role_exit":false,"stopped":true,"did_submit":0,"sweep_submit":0,"park":0}]},{"tid":5,"role":"fused","ops":87,"iterations":17832,"busy_ns":11638646,"idle_ns":793084888,"cpu_ns":12347060,"wake_tx":22,"wake_rx":66,"io_tenures":[{"entry_ns":2986593885081265,"begin_ns":2986593885081285,"end_ns":2986594689804819,"exit_ns":2986594689804939,"busy_ns":11638646,"idle_ns":793084888,"role_exit":false,"stopped":true,"did_submit":0,"sweep_submit":0,"park":0}]},{"tid":6,"role":"fused","ops":70,"iterations":3152,"busy_ns":3572939,"idle_ns":801155395,"cpu_ns":4279410,"wake_tx":22,"wake_rx":60,"io_tenures":[{"entry_ns":2986593885084455,"begin_ns":2986593885084485,"end_ns":2986594689812819,"exit_ns":2986594689812849,"busy_ns":3572939,"idle_ns":801155395,"role_exit":false,"stopped":true,"did_submit":0,"sweep_submit":0,"park":0}]},{"tid":7,"role":"fused","ops":77,"iterations":2160,"busy_ns":3054848,"idle_ns":801665916,"cpu_ns":3769370,"wake_tx":31,"wake_rx":76,"io_tenures":[{"entry_ns":2986593885083195,"begin_ns":2986593885083225,"end_ns":2986594689803989,"exit_ns":2986594689804159,"busy_ns":3054848,"idle_ns":801665916,"role_exit":false,"stopped":true,"did_submit":0,"sweep_submit":0,"park":0}]}],"wb":{"retired":2410,"direct":2048,"sends_completed":2410,"sends_submitted":2410,"short_writes":0,"send_errors":0,"peer_aborts":0,"bytes_sent":947682,"zc_sends":0,"zc_bytes":0,"zc_releases":0,"serves":2497,"serves_empty":87},"tls":{"accepts":0,"handshakes_completed":0,"handshakes_started":0,"handshakes_failed":0,"connections_freed":0,"want_read":0,"want_write":0,"ciphertext_input_bytes":0,"plaintext_input_bytes":0,"ciphertext_output_bytes":0,"plaintext_output_bytes":0,"zc_suppressed":0,"ktls_active":0,"ktls_fallback":0},"stuck":{"live_conns":1,"rob_not_quiesced":0,"unsent_bytes_pending":0,"slots_done":0,"slots_issued":0,"slots_free":0,"flag_set":0},"epoll":{"enabled":false,"events":0,"recvs":0},"persistence":{"enabled":false,"recording":false,"failed":false,"drain_gave_up":false,"posted":0,"flushed":0,"durable":0,"refused":0,"pending_chunks":0,"records_written":0,"producers_with_pending":0,"producers_stopped":0,"producers_expected":0,"completions_pending":0},"accept":{"accepts":50,"accept_err":0,"rearm":0,"sqe_starved":0,"notify_drop":0}}
