topology: 1 L3 domain(s)
  domain  0: 8 cpus [112,113,114,115,116,117,118,119]
tomokv-cpp: 8 unified threads, 16 shard(s), thread-mode=1s, overlap=0 (executor prefetch; ordinary IO), io_uring, alloc=jemalloc, reorder=0, read-local=1
  thread t0: role=unified cpu=112 L3=0 shards=2 send=self
  thread t1: role=unified cpu=113 L3=0 shards=2 send=self
  thread t2: role=unified cpu=114 L3=0 shards=2 send=self
  thread t3: role=unified cpu=115 L3=0 shards=2 send=self
  thread t4: role=unified cpu=116 L3=0 shards=2 send=self
  thread t5: role=unified cpu=117 L3=0 shards=2 send=self
  thread t6: role=unified cpu=118 L3=0 shards=2 send=self
  thread t7: role=unified cpu=119 L3=0 shards=2 send=self
listening on 127.0.0.1:18179
persistence: enabled=0 posted=0 flushed=0 durable=0 refused=0 pending_chunks=0 producers_with_pending=0 drain_gave_up=0 failed=0

thread role          ops      iters   busy_ms   idle_ms    cpu_ms   wake_tx  wake_rx
t0     uni             2       1288       0.4     114.1       1.1         0        0
io_tenure t0/0 busy_ns=441032 idle_ns=114132685 entry_ns=2984333256922643 begin_ns=2984333256922673 end_ns=2984333371496390 exit_ns=2984333371496780 role_exit=0 stopped=1
t1     uni          4100       7303      17.5      97.1      25.1         1        2
io_tenure t1/0 busy_ns=17470670 idle_ns=97101407 entry_ns=2984333256922283 begin_ns=2984333256922313 end_ns=2984333371494390 exit_ns=2984333371494530 role_exit=0 stopped=1
t2     uni             2        101       0.1     114.4       0.5         0        0
io_tenure t2/0 busy_ns=105261 idle_ns=114383306 entry_ns=2984333257009593 begin_ns=2984333257009623 end_ns=2984333371498190 exit_ns=2984333371498310 role_exit=0 stopped=1
t3     uni             3       1289       0.5     114.1       1.0         1        2
io_tenure t3/0 busy_ns=450102 idle_ns=114127985 entry_ns=2984333256926893 begin_ns=2984333256926923 end_ns=2984333371505010 exit_ns=2984333371505130 role_exit=0 stopped=1
t4     uni             2       1349       0.4     114.1       0.9         0        0
io_tenure t4/0 busy_ns=436741 idle_ns=114131686 entry_ns=2984333256925913 begin_ns=2984333256925933 end_ns=2984333371494360 exit_ns=2984333371494500 role_exit=0 stopped=1
t5     uni             2       1276       0.4     114.1       0.9         0        0
io_tenure t5/0 busy_ns=434042 idle_ns=114136805 entry_ns=2984333256924813 begin_ns=2984333256924843 end_ns=2984333371495690 exit_ns=2984333371495910 role_exit=0 stopped=1
t6     uni             2       1286       0.4     114.1       0.9         0        0
io_tenure t6/0 busy_ns=435642 idle_ns=114139055 entry_ns=2984333256922633 begin_ns=2984333256922663 end_ns=2984333371497360 exit_ns=2984333371497610 role_exit=0 stopped=1
t7     uni             2       1277       0.4     114.1       0.9         0        0
io_tenure t7/0 busy_ns=431341 idle_ns=114138616 entry_ns=2984333256924443 begin_ns=2984333256924563 end_ns=2984333371494520 exit_ns=2984333371494650 role_exit=0 stopped=1
wb: retired=2060 direct=2048 sends=2060/2060 short=0 err=0 peer_aborts=0 bytes=76868 zc_sends=0 zc_bytes=0 zc_releases=0 serves=2077 empty=17
tls: accepts=0 handshakes=0/0 failed=0 freed=0 want_read=0 want_write=0 cipher_in=0 plain_in=0 cipher_out=0 plain_out=0 zc_suppressed=0 ktls_active=0 ktls_fallback=0
stuck: live_conns=0 rob_not_quiesced=0 unsent_bytes_pending=0 | slots done=0 issued=0 free=0 flag_set=0
shutdown: unified_work=4115 accepts=1 accept_err=0 rearm=0 sqe_starved=0 notify_drop=0
shutdown_report {"schema":1,"thread_mode":"1s","work":{"kind":"fused","unified":4115},"threads":[{"tid":0,"role":"fused","ops":2,"iterations":1288,"busy_ns":441032,"idle_ns":114132685,"cpu_ns":1091466,"wake_tx":0,"wake_rx":0,"io_tenures":[{"entry_ns":2984333256922643,"begin_ns":2984333256922673,"end_ns":2984333371496390,"exit_ns":2984333371496780,"busy_ns":441032,"idle_ns":114132685,"role_exit":false,"stopped":true,"did_submit":0,"sweep_submit":0,"park":0}]},{"tid":1,"role":"fused","ops":4100,"iterations":7303,"busy_ns":17470670,"idle_ns":97101407,"cpu_ns":25056046,"wake_tx":1,"wake_rx":2,"io_tenures":[{"entry_ns":2984333256922283,"begin_ns":2984333256922313,"end_ns":2984333371494390,"exit_ns":2984333371494530,"busy_ns":17470670,"idle_ns":97101407,"role_exit":false,"stopped":true,"did_submit":0,"sweep_submit":0,"park":0}]},{"tid":2,"role":"fused","ops":2,"iterations":101,"busy_ns":105261,"idle_ns":114383306,"cpu_ns":487989,"wake_tx":0,"wake_rx":0,"io_tenures":[{"entry_ns":2984333257009593,"begin_ns":2984333257009623,"end_ns":2984333371498190,"exit_ns":2984333371498310,"busy_ns":105261,"idle_ns":114383306,"role_exit":false,"stopped":true,"did_submit":0,"sweep_submit":0,"park":0}]},{"tid":3,"role":"fused","ops":3,"iterations":1289,"busy_ns":450102,"idle_ns":114127985,"cpu_ns":970693,"wake_tx":1,"wake_rx":2,"io_tenures":[{"entry_ns":2984333256926893,"begin_ns":2984333256926923,"end_ns":2984333371505010,"exit_ns":2984333371505130,"busy_ns":450102,"idle_ns":114127985,"role_exit":false,"stopped":true,"did_submit":0,"sweep_submit":0,"park":0}]},{"tid":4,"role":"fused","ops":2,"iterations":1349,"busy_ns":436741,"idle_ns":114131686,"cpu_ns":897636,"wake_tx":0,"wake_rx":0,"io_tenures":[{"entry_ns":2984333256925913,"begin_ns":2984333256925933,"end_ns":2984333371494360,"exit_ns":2984333371494500,"busy_ns":436741,"idle_ns":114131686,"role_exit":false,"stopped":true,"did_submit":0,"sweep_submit":0,"park":0}]},{"tid":5,"role":"fused","ops":2,"iterations":1276,"busy_ns":434042,"idle_ns":114136805,"cpu_ns":889633,"wake_tx":0,"wake_rx":0,"io_tenures":[{"entry_ns":2984333256924813,"begin_ns":2984333256924843,"end_ns":2984333371495690,"exit_ns":2984333371495910,"busy_ns":434042,"idle_ns":114136805,"role_exit":false,"stopped":true,"did_submit":0,"sweep_submit":0,"park":0}]},{"tid":6,"role":"fused","ops":2,"iterations":1286,"busy_ns":435642,"idle_ns":114139055,"cpu_ns":902162,"wake_tx":0,"wake_rx":0,"io_tenures":[{"entry_ns":2984333256922633,"begin_ns":2984333256922663,"end_ns":2984333371497360,"exit_ns":2984333371497610,"busy_ns":435642,"idle_ns":114139055,"role_exit":false,"stopped":true,"did_submit":0,"sweep_submit":0,"park":0}]},{"tid":7,"role":"fused","ops":2,"iterations":1277,"busy_ns":431341,"idle_ns":114138616,"cpu_ns":868316,"wake_tx":0,"wake_rx":0,"io_tenures":[{"entry_ns":2984333256924443,"begin_ns":2984333256924563,"end_ns":2984333371494520,"exit_ns":2984333371494650,"busy_ns":431341,"idle_ns":114138616,"role_exit":false,"stopped":true,"did_submit":0,"sweep_submit":0,"park":0}]}],"wb":{"retired":2060,"direct":2048,"sends_completed":2060,"sends_submitted":2060,"short_writes":0,"send_errors":0,"peer_aborts":0,"bytes_sent":76868,"zc_sends":0,"zc_bytes":0,"zc_releases":0,"serves":2077,"serves_empty":17},"tls":{"accepts":0,"handshakes_completed":0,"handshakes_started":0,"handshakes_failed":0,"connections_freed":0,"want_read":0,"want_write":0,"ciphertext_input_bytes":0,"plaintext_input_bytes":0,"ciphertext_output_bytes":0,"plaintext_output_bytes":0,"zc_suppressed":0,"ktls_active":0,"ktls_fallback":0},"stuck":{"live_conns":0,"rob_not_quiesced":0,"unsent_bytes_pending":0,"slots_done":0,"slots_issued":0,"slots_free":0,"flag_set":0},"epoll":{"enabled":false,"events":0,"recvs":0},"persistence":{"enabled":false,"recording":false,"failed":false,"drain_gave_up":false,"posted":0,"flushed":0,"durable":0,"refused":0,"pending_chunks":0,"records_written":0,"producers_with_pending":0,"producers_stopped":0,"producers_expected":0,"completions_pending":0},"accept":{"accepts":1,"accept_err":0,"rearm":0,"sqe_starved":0,"notify_drop":0}}
