topology: 1 L3 domain(s)
  domain  0: 8 cpus [112,113,114,115,116,117,118,119]
tomokv-cpp: 8 unified threads, 16 shard(s), thread-mode=1s, overlap=0 (executor prefetch; ordinary IO), io_uring, alloc=jemalloc, reorder=0, read-local=1
  thread t0: role=unified cpu=112 L3=0 shards=2 send=self
  thread t1: role=unified cpu=113 L3=0 shards=2 send=self
  thread t2: role=unified cpu=114 L3=0 shards=2 send=self
  thread t3: role=unified cpu=115 L3=0 shards=2 send=self
  thread t4: role=unified cpu=116 L3=0 shards=2 send=self
  thread t5: role=unified cpu=117 L3=0 shards=2 send=self
  thread t6: role=unified cpu=118 L3=0 shards=2 send=self
  thread t7: role=unified cpu=119 L3=0 shards=2 send=self
listening on 127.0.0.1:18179
persistence: enabled=0 posted=0 flushed=0 durable=0 refused=0 pending_chunks=0 producers_with_pending=0 drain_gave_up=0 failed=0

thread role          ops      iters   busy_ms   idle_ms    cpu_ms   wake_tx  wake_rx
t0     uni          4200      56042      63.6     630.9      72.3       197      232
io_tenure t0/0 busy_ns=63646715 idle_ns=630945942 entry_ns=2984678841537812 begin_ns=2984678841537842 end_ns=2984679536130499 exit_ns=2984679536130630 role_exit=0 stopped=1
t1     uni            76      14473       9.6     685.0      10.4        16       58
io_tenure t1/0 busy_ns=9584916 idle_ns=685016442 entry_ns=2984678841526942 begin_ns=2984678841526972 end_ns=2984679536128330 exit_ns=2984679536128459 role_exit=0 stopped=1
t2     uni            85      24265      15.1     679.5      15.8        15       64
io_tenure t2/0 busy_ns=15095272 idle_ns=679496656 entry_ns=2984678841535972 begin_ns=2984678841536002 end_ns=2984679536127930 exit_ns=2984679536128059 role_exit=0 stopped=1
t3     uni            69       2369       2.7     691.9       3.4        13       45
io_tenure t3/0 busy_ns=2675702 idle_ns=691912536 entry_ns=2984678841539712 begin_ns=2984678841539732 end_ns=2984679536127970 exit_ns=2984679536128090 role_exit=0 stopped=1
t4     uni            70       3171       3.3     691.3       4.0        14       51
io_tenure t4/0 busy_ns=3270052 idle_ns=691340615 entry_ns=2984678841530002 begin_ns=2984678841530032 end_ns=2984679536140699 exit_ns=2984679536140770 role_exit=0 stopped=1
t5     uni            80       7548       5.8     688.8       6.6        24       66
io_tenure t5/0 busy_ns=5784913 idle_ns=688810915 entry_ns=2984678841532162 begin_ns=2984678841532182 end_ns=2984679536128010 exit_ns=2984679536128139 role_exit=0 stopped=1
t6     uni            79       5308       4.5     690.1       5.2        22       60
io_tenure t6/0 busy_ns=4502402 idle_ns=690092906 entry_ns=2984678841534062 begin_ns=2984678841534082 end_ns=2984679536129390 exit_ns=2984679536129510 role_exit=0 stopped=1
t7     uni            76      14466       9.6     685.0      10.2        16       58
io_tenure t7/0 busy_ns=9555843 idle_ns=685044315 entry_ns=2984678841527802 begin_ns=2984678841527832 end_ns=2984679536127990 exit_ns=2984679536128119 role_exit=0 stopped=1
wb: retired=2407 direct=2048 sends=2407/2407 short=0 err=0 peer_aborts=0 bytes=930529 zc_sends=0 zc_bytes=0 zc_releases=0 serves=2639 empty=232
tls: accepts=0 handshakes=0/0 failed=0 freed=0 want_read=0 want_write=0 cipher_in=0 plain_in=0 cipher_out=0 plain_out=0 zc_suppressed=0 ktls_active=0 ktls_fallback=0
stuck: live_conns=1 rob_not_quiesced=0 unsent_bytes_pending=0 | slots done=0 issued=0 free=0 flag_set=0
shutdown: unified_work=4735 accepts=50 accept_err=0 rearm=0 sqe_starved=0 notify_drop=0
shutdown_report {"schema":1,"thread_mode":"1s","work":{"kind":"fused","unified":4735},"threads":[{"tid":0,"role":"fused","ops":4200,"iterations":56042,"busy_ns":63646715,"idle_ns":630945942,"cpu_ns":72269240,"wake_tx":197,"wake_rx":232,"io_tenures":[{"entry_ns":2984678841537812,"begin_ns":2984678841537842,"end_ns":2984679536130499,"exit_ns":2984679536130630,"busy_ns":63646715,"idle_ns":630945942,"role_exit":false,"stopped":true,"did_submit":0,"sweep_submit":0,"park":0}]},{"tid":1,"role":"fused","ops":76,"iterations":14473,"busy_ns":9584916,"idle_ns":685016442,"cpu_ns":10408640,"wake_tx":16,"wake_rx":58,"io_tenures":[{"entry_ns":2984678841526942,"begin_ns":2984678841526972,"end_ns":2984679536128330,"exit_ns":2984679536128459,"busy_ns":9584916,"idle_ns":685016442,"role_exit":false,"stopped":true,"did_submit":0,"sweep_submit":0,"park":0}]},{"tid":2,"role":"fused","ops":85,"iterations":24265,"busy_ns":15095272,"idle_ns":679496656,"cpu_ns":15824660,"wake_tx":15,"wake_rx":64,"io_tenures":[{"entry_ns":2984678841535972,"begin_ns":2984678841536002,"end_ns":2984679536127930,"exit_ns":2984679536128059,"busy_ns":15095272,"idle_ns":679496656,"role_exit":false,"stopped":true,"did_submit":0,"sweep_submit":0,"park":0}]},{"tid":3,"role":"fused","ops":69,"iterations":2369,"busy_ns":2675702,"idle_ns":691912536,"cpu_ns":3433590,"wake_tx":13,"wake_rx":45,"io_tenures":[{"entry_ns":2984678841539712,"begin_ns":2984678841539732,"end_ns":2984679536127970,"exit_ns":2984679536128090,"busy_ns":2675702,"idle_ns":691912536,"role_exit":false,"stopped":true,"did_submit":0,"sweep_submit":0,"park":0}]},{"tid":4,"role":"fused","ops":70,"iterations":3171,"busy_ns":3270052,"idle_ns":691340615,"cpu_ns":3984100,"wake_tx":14,"wake_rx":51,"io_tenures":[{"entry_ns":2984678841530002,"begin_ns":2984678841530032,"end_ns":2984679536140699,"exit_ns":2984679536140770,"busy_ns":3270052,"idle_ns":691340615,"role_exit":false,"stopped":true,"did_submit":0,"sweep_submit":0,"park":0}]},{"tid":5,"role":"fused","ops":80,"iterations":7548,"busy_ns":5784913,"idle_ns":688810915,"cpu_ns":6592320,"wake_tx":24,"wake_rx":66,"io_tenures":[{"entry_ns":2984678841532162,"begin_ns":2984678841532182,"end_ns":2984679536128010,"exit_ns":2984679536128139,"busy_ns":5784913,"idle_ns":688810915,"role_exit":false,"stopped":true,"did_submit":0,"sweep_submit":0,"park":0}]},{"tid":6,"role":"fused","ops":79,"iterations":5308,"busy_ns":4502402,"idle_ns":690092906,"cpu_ns":5214830,"wake_tx":22,"wake_rx":60,"io_tenures":[{"entry_ns":2984678841534062,"begin_ns":2984678841534082,"end_ns":2984679536129390,"exit_ns":2984679536129510,"busy_ns":4502402,"idle_ns":690092906,"role_exit":false,"stopped":true,"did_submit":0,"sweep_submit":0,"park":0}]},{"tid":7,"role":"fused","ops":76,"iterations":14466,"busy_ns":9555843,"idle_ns":685044315,"cpu_ns":10243810,"wake_tx":16,"wake_rx":58,"io_tenures":[{"entry_ns":2984678841527802,"begin_ns":2984678841527832,"end_ns":2984679536127990,"exit_ns":2984679536128119,"busy_ns":9555843,"idle_ns":685044315,"role_exit":false,"stopped":true,"did_submit":0,"sweep_submit":0,"park":0}]}],"wb":{"retired":2407,"direct":2048,"sends_completed":2407,"sends_submitted":2407,"short_writes":0,"send_errors":0,"peer_aborts":0,"bytes_sent":930529,"zc_sends":0,"zc_bytes":0,"zc_releases":0,"serves":2639,"serves_empty":232},"tls":{"accepts":0,"handshakes_completed":0,"handshakes_started":0,"handshakes_failed":0,"connections_freed":0,"want_read":0,"want_write":0,"ciphertext_input_bytes":0,"plaintext_input_bytes":0,"ciphertext_output_bytes":0,"plaintext_output_bytes":0,"zc_suppressed":0,"ktls_active":0,"ktls_fallback":0},"stuck":{"live_conns":1,"rob_not_quiesced":0,"unsent_bytes_pending":0,"slots_done":0,"slots_issued":0,"slots_free":0,"flag_set":0},"epoll":{"enabled":false,"events":0,"recvs":0},"persistence":{"enabled":false,"recording":false,"failed":false,"drain_gave_up":false,"posted":0,"flushed":0,"durable":0,"refused":0,"pending_chunks":0,"records_written":0,"producers_with_pending":0,"producers_stopped":0,"producers_expected":0,"completions_pending":0},"accept":{"accepts":50,"accept_err":0,"rearm":0,"sqe_starved":0,"notify_drop":0}}
