topology: 1 L3 domain(s)
  domain  0: 8 cpus [120,121,122,123,124,125,126,127]
tomokv-cpp: 8 unified threads, 16 shard(s), thread-mode=1s, overlap=0 (executor prefetch; ordinary IO), io_uring, alloc=jemalloc, reorder=0, read-local=1
  thread t0: role=unified cpu=120 L3=0 shards=2 send=self
  thread t1: role=unified cpu=121 L3=0 shards=2 send=self
  thread t2: role=unified cpu=122 L3=0 shards=2 send=self
  thread t3: role=unified cpu=123 L3=0 shards=2 send=self
  thread t4: role=unified cpu=124 L3=0 shards=2 send=self
  thread t5: role=unified cpu=125 L3=0 shards=2 send=self
  thread t6: role=unified cpu=126 L3=0 shards=2 send=self
  thread t7: role=unified cpu=127 L3=0 shards=2 send=self
listening on 127.0.0.1:18179
persistence: enabled=0 posted=0 flushed=0 durable=0 refused=0 pending_chunks=0 producers_with_pending=0 drain_gave_up=0 failed=0

thread role          ops      iters   busy_ms   idle_ms    cpu_ms   wake_tx  wake_rx
t0     uni             2        181       0.1     114.7       0.6         0        0
io_tenure t0/0 busy_ns=138650 idle_ns=114655947 entry_ns=2986590614158432 begin_ns=2986590614158462 end_ns=2986590728953059 exit_ns=2986590728953289 role_exit=0 stopped=1
t1     uni             2        185       0.1     114.7       0.6         0        0
io_tenure t1/0 busy_ns=134480 idle_ns=114655057 entry_ns=2986590614161152 begin_ns=2986590614161182 end_ns=2986590728950719 exit_ns=2986590728950859 role_exit=0 stopped=1
t2     uni          4100       6258      17.4      97.4      24.9         1        2
io_tenure t2/0 busy_ns=17428047 idle_ns=97362520 entry_ns=2986590614158162 begin_ns=2986590614158192 end_ns=2986590728948759 exit_ns=2986590728948889 role_exit=0 stopped=1
t3     uni             2        167       0.1     114.7       0.5         0        0
io_tenure t3/0 busy_ns=131752 idle_ns=114655525 entry_ns=2986590614165272 begin_ns=2986590614165302 end_ns=2986590728952579 exit_ns=2986590728952819 role_exit=0 stopped=1
t4     uni             3        156       0.1     114.6       0.6         1        2
io_tenure t4/0 busy_ns=146790 idle_ns=114630577 entry_ns=2986590614172432 begin_ns=2986590614172462 end_ns=2986590728949829 exit_ns=2986590728950099 role_exit=0 stopped=1
t5     uni             2        146       0.1     114.7       0.6         0        0
io_tenure t5/0 busy_ns=131229 idle_ns=114656518 entry_ns=2986590614163082 begin_ns=2986590614163112 end_ns=2986590728950859 exit_ns=2986590728951189 role_exit=0 stopped=1
t6     uni             2        135       0.1     114.7       0.5         0        0
io_tenure t6/0 busy_ns=138671 idle_ns=114662976 entry_ns=2986590614158812 begin_ns=2986590614158842 end_ns=2986590728960489 exit_ns=2986590728960549 role_exit=0 stopped=1
t7     uni             2        144       0.1     114.7       0.5         0        0
io_tenure t7/0 busy_ns=138151 idle_ns=114653326 entry_ns=2986590614157822 begin_ns=2986590614157852 end_ns=2986590728949329 exit_ns=2986590728949469 role_exit=0 stopped=1
wb: retired=2060 direct=2048 sends=2060/2060 short=0 err=0 peer_aborts=0 bytes=77004 zc_sends=0 zc_bytes=0 zc_releases=0 serves=2062 empty=2
tls: accepts=0 handshakes=0/0 failed=0 freed=0 want_read=0 want_write=0 cipher_in=0 plain_in=0 cipher_out=0 plain_out=0 zc_suppressed=0 ktls_active=0 ktls_fallback=0
stuck: live_conns=0 rob_not_quiesced=0 unsent_bytes_pending=0 | slots done=0 issued=0 free=0 flag_set=0
shutdown: unified_work=4115 accepts=1 accept_err=0 rearm=0 sqe_starved=0 notify_drop=0
shutdown_report {"schema":1,"thread_mode":"1s","work":{"kind":"fused","unified":4115},"threads":[{"tid":0,"role":"fused","ops":2,"iterations":181,"busy_ns":138650,"idle_ns":114655947,"cpu_ns":643070,"wake_tx":0,"wake_rx":0,"io_tenures":[{"entry_ns":2986590614158432,"begin_ns":2986590614158462,"end_ns":2986590728953059,"exit_ns":2986590728953289,"busy_ns":138650,"idle_ns":114655947,"role_exit":false,"stopped":true,"did_submit":0,"sweep_submit":0,"park":0}]},{"tid":1,"role":"fused","ops":2,"iterations":185,"busy_ns":134480,"idle_ns":114655057,"cpu_ns":577680,"wake_tx":0,"wake_rx":0,"io_tenures":[{"entry_ns":2986590614161152,"begin_ns":2986590614161182,"end_ns":2986590728950719,"exit_ns":2986590728950859,"busy_ns":134480,"idle_ns":114655057,"role_exit":false,"stopped":true,"did_submit":0,"sweep_submit":0,"park":0}]},{"tid":2,"role":"fused","ops":4100,"iterations":6258,"busy_ns":17428047,"idle_ns":97362520,"cpu_ns":24861630,"wake_tx":1,"wake_rx":2,"io_tenures":[{"entry_ns":2986590614158162,"begin_ns":2986590614158192,"end_ns":2986590728948759,"exit_ns":2986590728948889,"busy_ns":17428047,"idle_ns":97362520,"role_exit":false,"stopped":true,"did_submit":0,"sweep_submit":0,"park":0}]},{"tid":3,"role":"fused","ops":2,"iterations":167,"busy_ns":131752,"idle_ns":114655525,"cpu_ns":546790,"wake_tx":0,"wake_rx":0,"io_tenures":[{"entry_ns":2986590614165272,"begin_ns":2986590614165302,"end_ns":2986590728952579,"exit_ns":2986590728952819,"busy_ns":131752,"idle_ns":114655525,"role_exit":false,"stopped":true,"did_submit":0,"sweep_submit":0,"park":0}]},{"tid":4,"role":"fused","ops":3,"iterations":156,"busy_ns":146790,"idle_ns":114630577,"cpu_ns":637250,"wake_tx":1,"wake_rx":2,"io_tenures":[{"entry_ns":2986590614172432,"begin_ns":2986590614172462,"end_ns":2986590728949829,"exit_ns":2986590728950099,"busy_ns":146790,"idle_ns":114630577,"role_exit":false,"stopped":true,"did_submit":0,"sweep_submit":0,"park":0}]},{"tid":5,"role":"fused","ops":2,"iterations":146,"busy_ns":131229,"idle_ns":114656518,"cpu_ns":583370,"wake_tx":0,"wake_rx":0,"io_tenures":[{"entry_ns":2986590614163082,"begin_ns":2986590614163112,"end_ns":2986590728950859,"exit_ns":2986590728951189,"busy_ns":131229,"idle_ns":114656518,"role_exit":false,"stopped":true,"did_submit":0,"sweep_submit":0,"park":0}]},{"tid":6,"role":"fused","ops":2,"iterations":135,"busy_ns":138671,"idle_ns":114662976,"cpu_ns":525590,"wake_tx":0,"wake_rx":0,"io_tenures":[{"entry_ns":2986590614158812,"begin_ns":2986590614158842,"end_ns":2986590728960489,"exit_ns":2986590728960549,"busy_ns":138671,"idle_ns":114662976,"role_exit":false,"stopped":true,"did_submit":0,"sweep_submit":0,"park":0}]},{"tid":7,"role":"fused","ops":2,"iterations":144,"busy_ns":138151,"idle_ns":114653326,"cpu_ns":549680,"wake_tx":0,"wake_rx":0,"io_tenures":[{"entry_ns":2986590614157822,"begin_ns":2986590614157852,"end_ns":2986590728949329,"exit_ns":2986590728949469,"busy_ns":138151,"idle_ns":114653326,"role_exit":false,"stopped":true,"did_submit":0,"sweep_submit":0,"park":0}]}],"wb":{"retired":2060,"direct":2048,"sends_completed":2060,"sends_submitted":2060,"short_writes":0,"send_errors":0,"peer_aborts":0,"bytes_sent":77004,"zc_sends":0,"zc_bytes":0,"zc_releases":0,"serves":2062,"serves_empty":2},"tls":{"accepts":0,"handshakes_completed":0,"handshakes_started":0,"handshakes_failed":0,"connections_freed":0,"want_read":0,"want_write":0,"ciphertext_input_bytes":0,"plaintext_input_bytes":0,"ciphertext_output_bytes":0,"plaintext_output_bytes":0,"zc_suppressed":0,"ktls_active":0,"ktls_fallback":0},"stuck":{"live_conns":0,"rob_not_quiesced":0,"unsent_bytes_pending":0,"slots_done":0,"slots_issued":0,"slots_free":0,"flag_set":0},"epoll":{"enabled":false,"events":0,"recvs":0},"persistence":{"enabled":false,"recording":false,"failed":false,"drain_gave_up":false,"posted":0,"flushed":0,"durable":0,"refused":0,"pending_chunks":0,"records_written":0,"producers_with_pending":0,"producers_stopped":0,"producers_expected":0,"completions_pending":0},"accept":{"accepts":1,"accept_err":0,"rearm":0,"sqe_starved":0,"notify_drop":0}}
