topology: 1 L3 domain(s)
  domain  0: 8 cpus [120,121,122,123,124,125,126,127]
tomokv-cpp: 8 unified threads, 16 shard(s), thread-mode=1s, overlap=0 (executor prefetch; ordinary IO), io_uring, alloc=jemalloc, reorder=0, read-local=1
  thread t0: role=unified cpu=120 L3=0 shards=2 send=self
  thread t1: role=unified cpu=121 L3=0 shards=2 send=self
  thread t2: role=unified cpu=122 L3=0 shards=2 send=self
  thread t3: role=unified cpu=123 L3=0 shards=2 send=self
  thread t4: role=unified cpu=124 L3=0 shards=2 send=self
  thread t5: role=unified cpu=125 L3=0 shards=2 send=self
  thread t6: role=unified cpu=126 L3=0 shards=2 send=self
  thread t7: role=unified cpu=127 L3=0 shards=2 send=self
listening on 127.0.0.1:18179
persistence: enabled=0 posted=0 flushed=0 durable=0 refused=0 pending_chunks=0 producers_with_pending=0 drain_gave_up=0 failed=0

thread role          ops      iters   busy_ms   idle_ms    cpu_ms   wake_tx  wake_rx
t0     uni             3        198       0.2     156.9       0.8         1        2
io_tenure t0/0 busy_ns=155310 idle_ns=156935802 entry_ns=2986558137983903 begin_ns=2986558137983934 end_ns=2986558295075046 exit_ns=2986558295075176 role_exit=0 stopped=1
t1     uni             2        194       0.1     156.9       0.6         0        0
io_tenure t1/0 busy_ns=104812 idle_ns=156895980 entry_ns=2986558138071864 begin_ns=2986558138071894 end_ns=2986558295072686 exit_ns=2986558295072816 role_exit=0 stopped=1
t2     uni             2        169       0.1     156.9       0.5         0        0
io_tenure t2/0 busy_ns=107123 idle_ns=156903039 entry_ns=2986558138063034 begin_ns=2986558138063054 end_ns=2986558295073216 exit_ns=2986558295073246 role_exit=0 stopped=1
t3     uni             2        165       0.1     156.9       0.6         0        0
io_tenure t3/0 busy_ns=100493 idle_ns=156897899 entry_ns=2986558138080114 begin_ns=2986558138080144 end_ns=2986558295078536 exit_ns=2986558295078806 role_exit=0 stopped=1
t4     uni          4100       6239      17.4     139.6      24.8         1        2
io_tenure t4/0 busy_ns=17405792 idle_ns=139585070 entry_ns=2986558138083384 begin_ns=2986558138083414 end_ns=2986558295074276 exit_ns=2986558295074406 role_exit=0 stopped=1
t5     uni             2        148       0.1     156.9       0.6         0        0
io_tenure t5/0 busy_ns=104841 idle_ns=156893751 entry_ns=2986558138074794 begin_ns=2986558138074824 end_ns=2986558295073416 exit_ns=2986558295073546 role_exit=0 stopped=1
t6     uni             2        166       0.1     156.9       0.6         0        0
io_tenure t6/0 busy_ns=98031 idle_ns=156897781 entry_ns=2986558138087954 begin_ns=2986558138087984 end_ns=2986558295083796 exit_ns=2986558295084346 role_exit=0 stopped=1
t7     uni             2        153       0.1     156.9       0.6         0        0
io_tenure t7/0 busy_ns=96922 idle_ns=156912630 entry_ns=2986558138067244 begin_ns=2986558138067274 end_ns=2986558295076826 exit_ns=2986558295076956 role_exit=0 stopped=1
wb: retired=2060 direct=2048 sends=2060/2060 short=0 err=0 peer_aborts=0 bytes=76869 zc_sends=0 zc_bytes=0 zc_releases=0 serves=2061 empty=1
tls: accepts=0 handshakes=0/0 failed=0 freed=0 want_read=0 want_write=0 cipher_in=0 plain_in=0 cipher_out=0 plain_out=0 zc_suppressed=0 ktls_active=0 ktls_fallback=0
stuck: live_conns=0 rob_not_quiesced=0 unsent_bytes_pending=0 | slots done=0 issued=0 free=0 flag_set=0
shutdown: unified_work=4115 accepts=1 accept_err=0 rearm=0 sqe_starved=0 notify_drop=0
shutdown_report {"schema":1,"thread_mode":"1s","work":{"kind":"fused","unified":4115},"threads":[{"tid":0,"role":"fused","ops":3,"iterations":198,"busy_ns":155310,"idle_ns":156935802,"cpu_ns":777982,"wake_tx":1,"wake_rx":2,"io_tenures":[{"entry_ns":2986558137983903,"begin_ns":2986558137983934,"end_ns":2986558295075046,"exit_ns":2986558295075176,"busy_ns":155310,"idle_ns":156935802,"role_exit":false,"stopped":true,"did_submit":0,"sweep_submit":0,"park":0}]},{"tid":1,"role":"fused","ops":2,"iterations":194,"busy_ns":104812,"idle_ns":156895980,"cpu_ns":604351,"wake_tx":0,"wake_rx":0,"io_tenures":[{"entry_ns":2986558138071864,"begin_ns":2986558138071894,"end_ns":2986558295072686,"exit_ns":2986558295072816,"busy_ns":104812,"idle_ns":156895980,"role_exit":false,"stopped":true,"did_submit":0,"sweep_submit":0,"park":0}]},{"tid":2,"role":"fused","ops":2,"iterations":169,"busy_ns":107123,"idle_ns":156903039,"cpu_ns":542489,"wake_tx":0,"wake_rx":0,"io_tenures":[{"entry_ns":2986558138063034,"begin_ns":2986558138063054,"end_ns":2986558295073216,"exit_ns":2986558295073246,"busy_ns":107123,"idle_ns":156903039,"role_exit":false,"stopped":true,"did_submit":0,"sweep_submit":0,"park":0}]},{"tid":3,"role":"fused","ops":2,"iterations":165,"busy_ns":100493,"idle_ns":156897899,"cpu_ns":567109,"wake_tx":0,"wake_rx":0,"io_tenures":[{"entry_ns":2986558138080114,"begin_ns":2986558138080144,"end_ns":2986558295078536,"exit_ns":2986558295078806,"busy_ns":100493,"idle_ns":156897899,"role_exit":false,"stopped":true,"did_submit":0,"sweep_submit":0,"park":0}]},{"tid":4,"role":"fused","ops":4100,"iterations":6239,"busy_ns":17405792,"idle_ns":139585070,"cpu_ns":24823184,"wake_tx":1,"wake_rx":2,"io_tenures":[{"entry_ns":2986558138083384,"begin_ns":2986558138083414,"end_ns":2986558295074276,"exit_ns":2986558295074406,"busy_ns":17405792,"idle_ns":139585070,"role_exit":false,"stopped":true,"did_submit":0,"sweep_submit":0,"park":0}]},{"tid":5,"role":"fused","ops":2,"iterations":148,"busy_ns":104841,"idle_ns":156893751,"cpu_ns":586500,"wake_tx":0,"wake_rx":0,"io_tenures":[{"entry_ns":2986558138074794,"begin_ns":2986558138074824,"end_ns":2986558295073416,"exit_ns":2986558295073546,"busy_ns":104841,"idle_ns":156893751,"role_exit":false,"stopped":true,"did_submit":0,"sweep_submit":0,"park":0}]},{"tid":6,"role":"fused","ops":2,"iterations":166,"busy_ns":98031,"idle_ns":156897781,"cpu_ns":597654,"wake_tx":0,"wake_rx":0,"io_tenures":[{"entry_ns":2986558138087954,"begin_ns":2986558138087984,"end_ns":2986558295083796,"exit_ns":2986558295084346,"busy_ns":98031,"idle_ns":156897781,"role_exit":false,"stopped":true,"did_submit":0,"sweep_submit":0,"park":0}]},{"tid":7,"role":"fused","ops":2,"iterations":153,"busy_ns":96922,"idle_ns":156912630,"cpu_ns":580274,"wake_tx":0,"wake_rx":0,"io_tenures":[{"entry_ns":2986558138067244,"begin_ns":2986558138067274,"end_ns":2986558295076826,"exit_ns":2986558295076956,"busy_ns":96922,"idle_ns":156912630,"role_exit":false,"stopped":true,"did_submit":0,"sweep_submit":0,"park":0}]}],"wb":{"retired":2060,"direct":2048,"sends_completed":2060,"sends_submitted":2060,"short_writes":0,"send_errors":0,"peer_aborts":0,"bytes_sent":76869,"zc_sends":0,"zc_bytes":0,"zc_releases":0,"serves":2061,"serves_empty":1},"tls":{"accepts":0,"handshakes_completed":0,"handshakes_started":0,"handshakes_failed":0,"connections_freed":0,"want_read":0,"want_write":0,"ciphertext_input_bytes":0,"plaintext_input_bytes":0,"ciphertext_output_bytes":0,"plaintext_output_bytes":0,"zc_suppressed":0,"ktls_active":0,"ktls_fallback":0},"stuck":{"live_conns":0,"rob_not_quiesced":0,"unsent_bytes_pending":0,"slots_done":0,"slots_issued":0,"slots_free":0,"flag_set":0},"epoll":{"enabled":false,"events":0,"recvs":0},"persistence":{"enabled":false,"recording":false,"failed":false,"drain_gave_up":false,"posted":0,"flushed":0,"durable":0,"refused":0,"pending_chunks":0,"records_written":0,"producers_with_pending":0,"producers_stopped":0,"producers_expected":0,"completions_pending":0},"accept":{"accepts":1,"accept_err":0,"rearm":0,"sqe_starved":0,"notify_drop":0}}
