topology: 1 L3 domain(s)
  domain  0: 8 cpus [112,113,114,115,116,117,118,119]
tomokv-cpp: 8 unified threads, 16 shard(s), thread-mode=1s, overlap=0 (executor prefetch; ordinary IO), io_uring, alloc=jemalloc, reorder=0, read-local=1
  thread t0: role=unified cpu=112 L3=0 shards=2 send=self
  thread t1: role=unified cpu=113 L3=0 shards=2 send=self
  thread t2: role=unified cpu=114 L3=0 shards=2 send=self
  thread t3: role=unified cpu=115 L3=0 shards=2 send=self
  thread t4: role=unified cpu=116 L3=0 shards=2 send=self
  thread t5: role=unified cpu=117 L3=0 shards=2 send=self
  thread t6: role=unified cpu=118 L3=0 shards=2 send=self
  thread t7: role=unified cpu=119 L3=0 shards=2 send=self
listening on 127.0.0.1:18179
persistence: enabled=0 posted=0 flushed=0 durable=0 refused=0 pending_chunks=0 producers_with_pending=0 drain_gave_up=0 failed=0

thread role          ops      iters   busy_ms   idle_ms    cpu_ms   wake_tx  wake_rx
t0     uni             2        183       0.1     114.3       0.7         0        0
io_tenure t0/0 busy_ns=127961 idle_ns=114336993 entry_ns=2984449126193029 begin_ns=2984449126193059 end_ns=2984449240658013 exit_ns=2984449240658043 role_exit=0 stopped=1
t1     uni             2        170       0.1     114.3       0.6         0        0
io_tenure t1/0 busy_ns=108470 idle_ns=114343904 entry_ns=2984449126212309 begin_ns=2984449126212429 end_ns=2984449240664803 exit_ns=2984449240664833 role_exit=0 stopped=1
t2     uni          4101       6253      17.3      97.2      24.6         0        0
io_tenure t2/0 busy_ns=17284661 idle_ns=97170763 entry_ns=2984449126196769 begin_ns=2984449126196799 end_ns=2984449240652223 exit_ns=2984449240652363 role_exit=0 stopped=1
t3     uni             2        143       0.1     114.3       0.6         0        0
io_tenure t3/0 busy_ns=120250 idle_ns=114344144 entry_ns=2984449126194659 begin_ns=2984449126194689 end_ns=2984449240659083 exit_ns=2984449240659213 role_exit=0 stopped=1
t4     uni             2        155       0.1     114.3       0.5         0        0
io_tenure t4/0 busy_ns=106821 idle_ns=114343723 entry_ns=2984449126208519 begin_ns=2984449126208549 end_ns=2984449240659093 exit_ns=2984449240659343 role_exit=0 stopped=1
t5     uni             2        165       0.1     114.3       0.6         0        0
io_tenure t5/0 busy_ns=103680 idle_ns=114346584 entry_ns=2984449126210439 begin_ns=2984449126210459 end_ns=2984449240660723 exit_ns=2984449240660863 role_exit=0 stopped=1
t6     uni             2        172       0.1     114.3       0.6         0        0
io_tenure t6/0 busy_ns=110360 idle_ns=114344964 entry_ns=2984449126200169 begin_ns=2984449126200199 end_ns=2984449240655523 exit_ns=2984449240655733 role_exit=0 stopped=1
t7     uni             2        147       0.1     114.3       0.6         0        0
io_tenure t7/0 busy_ns=104750 idle_ns=114344734 entry_ns=2984449126206419 begin_ns=2984449126206449 end_ns=2984449240655933 exit_ns=2984449240656043 role_exit=0 stopped=1
wb: retired=2060 direct=2048 sends=2060/2060 short=0 err=0 peer_aborts=0 bytes=77004 zc_sends=0 zc_bytes=0 zc_releases=0 serves=2061 empty=1
tls: accepts=0 handshakes=0/0 failed=0 freed=0 want_read=0 want_write=0 cipher_in=0 plain_in=0 cipher_out=0 plain_out=0 zc_suppressed=0 ktls_active=0 ktls_fallback=0
stuck: live_conns=0 rob_not_quiesced=0 unsent_bytes_pending=0 | slots done=0 issued=0 free=0 flag_set=0
shutdown: unified_work=4115 accepts=1 accept_err=0 rearm=0 sqe_starved=0 notify_drop=0
shutdown_report {"schema":1,"thread_mode":"1s","work":{"kind":"fused","unified":4115},"threads":[{"tid":0,"role":"fused","ops":2,"iterations":183,"busy_ns":127961,"idle_ns":114336993,"cpu_ns":743700,"wake_tx":0,"wake_rx":0,"io_tenures":[{"entry_ns":2984449126193029,"begin_ns":2984449126193059,"end_ns":2984449240658013,"exit_ns":2984449240658043,"busy_ns":127961,"idle_ns":114336993,"role_exit":false,"stopped":true,"did_submit":0,"sweep_submit":0,"park":0}]},{"tid":1,"role":"fused","ops":2,"iterations":170,"busy_ns":108470,"idle_ns":114343904,"cpu_ns":644170,"wake_tx":0,"wake_rx":0,"io_tenures":[{"entry_ns":2984449126212309,"begin_ns":2984449126212429,"end_ns":2984449240664803,"exit_ns":2984449240664833,"busy_ns":108470,"idle_ns":114343904,"role_exit":false,"stopped":true,"did_submit":0,"sweep_submit":0,"park":0}]},{"tid":2,"role":"fused","ops":4101,"iterations":6253,"busy_ns":17284661,"idle_ns":97170763,"cpu_ns":24586460,"wake_tx":0,"wake_rx":0,"io_tenures":[{"entry_ns":2984449126196769,"begin_ns":2984449126196799,"end_ns":2984449240652223,"exit_ns":2984449240652363,"busy_ns":17284661,"idle_ns":97170763,"role_exit":false,"stopped":true,"did_submit":0,"sweep_submit":0,"park":0}]},{"tid":3,"role":"fused","ops":2,"iterations":143,"busy_ns":120250,"idle_ns":114344144,"cpu_ns":564830,"wake_tx":0,"wake_rx":0,"io_tenures":[{"entry_ns":2984449126194659,"begin_ns":2984449126194689,"end_ns":2984449240659083,"exit_ns":2984449240659213,"busy_ns":120250,"idle_ns":114344144,"role_exit":false,"stopped":true,"did_submit":0,"sweep_submit":0,"park":0}]},{"tid":4,"role":"fused","ops":2,"iterations":155,"busy_ns":106821,"idle_ns":114343723,"cpu_ns":523820,"wake_tx":0,"wake_rx":0,"io_tenures":[{"entry_ns":2984449126208519,"begin_ns":2984449126208549,"end_ns":2984449240659093,"exit_ns":2984449240659343,"busy_ns":106821,"idle_ns":114343723,"role_exit":false,"stopped":true,"did_submit":0,"sweep_submit":0,"park":0}]},{"tid":5,"role":"fused","ops":2,"iterations":165,"busy_ns":103680,"idle_ns":114346584,"cpu_ns":565710,"wake_tx":0,"wake_rx":0,"io_tenures":[{"entry_ns":2984449126210439,"begin_ns":2984449126210459,"end_ns":2984449240660723,"exit_ns":2984449240660863,"busy_ns":103680,"idle_ns":114346584,"role_exit":false,"stopped":true,"did_submit":0,"sweep_submit":0,"park":0}]},{"tid":6,"role":"fused","ops":2,"iterations":172,"busy_ns":110360,"idle_ns":114344964,"cpu_ns":570520,"wake_tx":0,"wake_rx":0,"io_tenures":[{"entry_ns":2984449126200169,"begin_ns":2984449126200199,"end_ns":2984449240655523,"exit_ns":2984449240655733,"busy_ns":110360,"idle_ns":114344964,"role_exit":false,"stopped":true,"did_submit":0,"sweep_submit":0,"park":0}]},{"tid":7,"role":"fused","ops":2,"iterations":147,"busy_ns":104750,"idle_ns":114344734,"cpu_ns":578190,"wake_tx":0,"wake_rx":0,"io_tenures":[{"entry_ns":2984449126206419,"begin_ns":2984449126206449,"end_ns":2984449240655933,"exit_ns":2984449240656043,"busy_ns":104750,"idle_ns":114344734,"role_exit":false,"stopped":true,"did_submit":0,"sweep_submit":0,"park":0}]}],"wb":{"retired":2060,"direct":2048,"sends_completed":2060,"sends_submitted":2060,"short_writes":0,"send_errors":0,"peer_aborts":0,"bytes_sent":77004,"zc_sends":0,"zc_bytes":0,"zc_releases":0,"serves":2061,"serves_empty":1},"tls":{"accepts":0,"handshakes_completed":0,"handshakes_started":0,"handshakes_failed":0,"connections_freed":0,"want_read":0,"want_write":0,"ciphertext_input_bytes":0,"plaintext_input_bytes":0,"ciphertext_output_bytes":0,"plaintext_output_bytes":0,"zc_suppressed":0,"ktls_active":0,"ktls_fallback":0},"stuck":{"live_conns":0,"rob_not_quiesced":0,"unsent_bytes_pending":0,"slots_done":0,"slots_issued":0,"slots_free":0,"flag_set":0},"epoll":{"enabled":false,"events":0,"recvs":0},"persistence":{"enabled":false,"recording":false,"failed":false,"drain_gave_up":false,"posted":0,"flushed":0,"durable":0,"refused":0,"pending_chunks":0,"records_written":0,"producers_with_pending":0,"producers_stopped":0,"producers_expected":0,"completions_pending":0},"accept":{"accepts":1,"accept_err":0,"rearm":0,"sqe_starved":0,"notify_drop":0}}
