topology: 1 L3 domain(s)
  domain  0: 8 cpus [112,113,114,115,116,117,118,119]
tomokv-cpp: 8 unified threads, 16 shard(s), thread-mode=1s, overlap=0 (executor prefetch; ordinary IO), io_uring, alloc=jemalloc, reorder=0, read-local=1
  thread t0: role=unified cpu=112 L3=0 shards=2 send=self
  thread t1: role=unified cpu=113 L3=0 shards=2 send=self
  thread t2: role=unified cpu=114 L3=0 shards=2 send=self
  thread t3: role=unified cpu=115 L3=0 shards=2 send=self
  thread t4: role=unified cpu=116 L3=0 shards=2 send=self
  thread t5: role=unified cpu=117 L3=0 shards=2 send=self
  thread t6: role=unified cpu=118 L3=0 shards=2 send=self
  thread t7: role=unified cpu=119 L3=0 shards=2 send=self
listening on 127.0.0.1:18179
persistence: enabled=0 posted=0 flushed=0 durable=0 refused=0 pending_chunks=0 producers_with_pending=0 drain_gave_up=0 failed=0

thread role          ops      iters   busy_ms   idle_ms    cpu_ms   wake_tx  wake_rx
t0     uni            25        990       0.9     151.9       1.6         2       15
io_tenure t0/0 busy_ns=899022 idle_ns=151859143 entry_ns=2982834851377827 begin_ns=2982834851377847 end_ns=2982835004136012 exit_ns=2982835004136152 role_exit=0 stopped=1
t1     uni            29      11940       7.5     145.2       8.1         4       21
io_tenure t1/0 busy_ns=7509071 idle_ns=145247574 entry_ns=2982834851375517 begin_ns=2982834851375547 end_ns=2982835004132192 exit_ns=2982835004132321 role_exit=0 stopped=1
t2     uni            31       1053       1.1     151.7       1.7         8       25
io_tenure t2/0 busy_ns=1097194 idle_ns=151660810 entry_ns=2982834851377527 begin_ns=2982834851377557 end_ns=2982835004135561 exit_ns=2982835004135732 role_exit=0 stopped=1
t3     uni          4137       6644      25.9     126.8      33.9        86       99
io_tenure t3/0 busy_ns=25945420 idle_ns=126816675 entry_ns=2982834851375147 begin_ns=2982834851375177 end_ns=2982835004137272 exit_ns=2982835004137412 role_exit=0 stopped=1
t4     uni            26       1082       0.9     151.8       1.5         1       15
io_tenure t4/0 busy_ns=942325 idle_ns=151818560 entry_ns=2982834851375817 begin_ns=2982834851375847 end_ns=2982835004136732 exit_ns=2982835004136861 role_exit=0 stopped=1
t5     uni            32       2036       1.7     151.1       2.2         7       25
io_tenure t5/0 busy_ns=1705109 idle_ns=151050725 entry_ns=2982834851376657 begin_ns=2982834851376687 end_ns=2982835004132521 exit_ns=2982835004132652 role_exit=0 stopped=1
t6     uni            28      11464       7.0     145.8       7.6         4       18
io_tenure t6/0 busy_ns=7013020 idle_ns=145752614 entry_ns=2982834851376697 begin_ns=2982834851376727 end_ns=2982835004142361 exit_ns=2982835004142392 role_exit=0 stopped=1
t7     uni            30       2082       1.7     151.1       2.3        11       28
io_tenure t7/0 busy_ns=1690139 idle_ns=151055935 entry_ns=2982834851387677 begin_ns=2982834851387707 end_ns=2982835004133781 exit_ns=2982835004133912 role_exit=0 stopped=1
wb: retired=2205 direct=2048 sends=2205/2205 short=0 err=0 peer_aborts=0 bytes=517582 zc_sends=0 zc_bytes=0 zc_releases=0 serves=2210 empty=5
tls: accepts=0 handshakes=0/0 failed=0 freed=0 want_read=0 want_write=0 cipher_in=0 plain_in=0 cipher_out=0 plain_out=0 zc_suppressed=0 ktls_active=0 ktls_fallback=0
stuck: live_conns=0 rob_not_quiesced=0 unsent_bytes_pending=0 | slots done=0 issued=0 free=0 flag_set=0
shutdown: unified_work=4338 accepts=13 accept_err=0 rearm=0 sqe_starved=0 notify_drop=0
shutdown_report {"schema":1,"thread_mode":"1s","work":{"kind":"fused","unified":4338},"threads":[{"tid":0,"role":"fused","ops":25,"iterations":990,"busy_ns":899022,"idle_ns":151859143,"cpu_ns":1579710,"wake_tx":2,"wake_rx":15,"io_tenures":[{"entry_ns":2982834851377827,"begin_ns":2982834851377847,"end_ns":2982835004136012,"exit_ns":2982835004136152,"busy_ns":899022,"idle_ns":151859143,"role_exit":false,"stopped":true,"did_submit":0,"sweep_submit":0,"park":0}]},{"tid":1,"role":"fused","ops":29,"iterations":11940,"busy_ns":7509071,"idle_ns":145247574,"cpu_ns":8069290,"wake_tx":4,"wake_rx":21,"io_tenures":[{"entry_ns":2982834851375517,"begin_ns":2982834851375547,"end_ns":2982835004132192,"exit_ns":2982835004132321,"busy_ns":7509071,"idle_ns":145247574,"role_exit":false,"stopped":true,"did_submit":0,"sweep_submit":0,"park":0}]},{"tid":2,"role":"fused","ops":31,"iterations":1053,"busy_ns":1097194,"idle_ns":151660810,"cpu_ns":1657290,"wake_tx":8,"wake_rx":25,"io_tenures":[{"entry_ns":2982834851377527,"begin_ns":2982834851377557,"end_ns":2982835004135561,"exit_ns":2982835004135732,"busy_ns":1097194,"idle_ns":151660810,"role_exit":false,"stopped":true,"did_submit":0,"sweep_submit":0,"park":0}]},{"tid":3,"role":"fused","ops":4137,"iterations":6644,"busy_ns":25945420,"idle_ns":126816675,"cpu_ns":33931820,"wake_tx":86,"wake_rx":99,"io_tenures":[{"entry_ns":2982834851375147,"begin_ns":2982834851375177,"end_ns":2982835004137272,"exit_ns":2982835004137412,"busy_ns":25945420,"idle_ns":126816675,"role_exit":false,"stopped":true,"did_submit":0,"sweep_submit":0,"park":0}]},{"tid":4,"role":"fused","ops":26,"iterations":1082,"busy_ns":942325,"idle_ns":151818560,"cpu_ns":1511140,"wake_tx":1,"wake_rx":15,"io_tenures":[{"entry_ns":2982834851375817,"begin_ns":2982834851375847,"end_ns":2982835004136732,"exit_ns":2982835004136861,"busy_ns":942325,"idle_ns":151818560,"role_exit":false,"stopped":true,"did_submit":0,"sweep_submit":0,"park":0}]},{"tid":5,"role":"fused","ops":32,"iterations":2036,"busy_ns":1705109,"idle_ns":151050725,"cpu_ns":2248770,"wake_tx":7,"wake_rx":25,"io_tenures":[{"entry_ns":2982834851376657,"begin_ns":2982834851376687,"end_ns":2982835004132521,"exit_ns":2982835004132652,"busy_ns":1705109,"idle_ns":151050725,"role_exit":false,"stopped":true,"did_submit":0,"sweep_submit":0,"park":0}]},{"tid":6,"role":"fused","ops":28,"iterations":11464,"busy_ns":7013020,"idle_ns":145752614,"cpu_ns":7573230,"wake_tx":4,"wake_rx":18,"io_tenures":[{"entry_ns":2982834851376697,"begin_ns":2982834851376727,"end_ns":2982835004142361,"exit_ns":2982835004142392,"busy_ns":7013020,"idle_ns":145752614,"role_exit":false,"stopped":true,"did_submit":0,"sweep_submit":0,"park":0}]},{"tid":7,"role":"fused","ops":30,"iterations":2082,"busy_ns":1690139,"idle_ns":151055935,"cpu_ns":2271580,"wake_tx":11,"wake_rx":28,"io_tenures":[{"entry_ns":2982834851387677,"begin_ns":2982834851387707,"end_ns":2982835004133781,"exit_ns":2982835004133912,"busy_ns":1690139,"idle_ns":151055935,"role_exit":false,"stopped":true,"did_submit":0,"sweep_submit":0,"park":0}]}],"wb":{"retired":2205,"direct":2048,"sends_completed":2205,"sends_submitted":2205,"short_writes":0,"send_errors":0,"peer_aborts":0,"bytes_sent":517582,"zc_sends":0,"zc_bytes":0,"zc_releases":0,"serves":2210,"serves_empty":5},"tls":{"accepts":0,"handshakes_completed":0,"handshakes_started":0,"handshakes_failed":0,"connections_freed":0,"want_read":0,"want_write":0,"ciphertext_input_bytes":0,"plaintext_input_bytes":0,"ciphertext_output_bytes":0,"plaintext_output_bytes":0,"zc_suppressed":0,"ktls_active":0,"ktls_fallback":0},"stuck":{"live_conns":0,"rob_not_quiesced":0,"unsent_bytes_pending":0,"slots_done":0,"slots_issued":0,"slots_free":0,"flag_set":0},"epoll":{"enabled":false,"events":0,"recvs":0},"persistence":{"enabled":false,"recording":false,"failed":false,"drain_gave_up":false,"posted":0,"flushed":0,"durable":0,"refused":0,"pending_chunks":0,"records_written":0,"producers_with_pending":0,"producers_stopped":0,"producers_expected":0,"completions_pending":0},"accept":{"accepts":13,"accept_err":0,"rearm":0,"sqe_starved":0,"notify_drop":0}}
