g++ -std=c++20 -O2 -g -Wall -Wextra -march=native -pthread -DTOMO_DUAL_DATABASE --param inline-unit-growth=0 --param large-unit-insns=146400 -DTOMO_JEMALLOC -I. -c src/main.cc -o build/src/main.o
g++ -std=c++20 -O2 -g -Wall -Wextra -march=native -pthread -DTOMO_JEMALLOC -I. -c src/net/tls.cc -o build/src/net/tls.o
g++ -std=c++20 -O2 -g -Wall -Wextra -march=native -pthread -DTOMO_JEMALLOC -I. -c src/cmd/commands.cc -o build/src/cmd/commands.o
g++ -std=c++20 -O2 -g -Wall -Wextra -march=native -pthread -DTOMO_JEMALLOC -I. -c src/cmd/glob.cc -o build/src/cmd/glob.o
g++ -std=c++20 -O2 -g -Wall -Wextra -march=native -pthread --param inline-unit-growth=0 --param large-unit-insns=127577 -DTOMO_JEMALLOC -I. -c src/cmd/xshard.cc -o build/src/cmd/xshard.o
g++ -std=c++20 -O2 -g -Wall -Wextra -march=native -pthread -DTOMO_JEMALLOC -I. -c src/cmd/acl.cc -o build/src/cmd/acl.o
g++ -std=c++20 -O2 -g -Wall -Wextra -march=native -pthread -DTOMO_JEMALLOC -I. -c src/cmd/hll.cc -o build/src/cmd/hll.o
g++ -std=c++20 -O2 -g -Wall -Wextra -march=native -pthread -DTOMO_JEMALLOC -I. -c src/cmd/t_server.cc -o build/src/cmd/t_server.o
g++ -std=c++20 -O2 -g -Wall -Wextra -march=native -pthread --param large-unit-insns=10600 -DTOMO_JEMALLOC -I. -c src/cmd/t_string.cc -o build/src/cmd/t_string.o
g++ -std=c++20 -O2 -g -Wall -Wextra -march=native -pthread -DTOMO_JEMALLOC -I. -c src/cmd/t_string_notify.cc -o build/src/cmd/t_string_notify.o
g++ -std=c++20 -O2 -g -Wall -Wextra -march=native -pthread -DTOMO_JEMALLOC -I. -c src/cmd/t_hash.cc -o build/src/cmd/t_hash.o
g++ -std=c++20 -O2 -g -Wall -Wextra -march=native -pthread -DTOMO_JEMALLOC -I. -c src/cmd/t_hash_ttl.cc -o build/src/cmd/t_hash_ttl.o
g++ -std=c++20 -O2 -g -Wall -Wextra -march=native -pthread -DTOMO_JEMALLOC -I. -c src/cmd/t_list.cc -o build/src/cmd/t_list.o
g++ -std=c++20 -O2 -g -Wall -Wextra -march=native -pthread -DTOMO_JEMALLOC -I. -c src/cmd/t_set.cc -o build/src/cmd/t_set.o
g++ -std=c++20 -O2 -g -Wall -Wextra -march=native -pthread -DTOMO_JEMALLOC -I. -c src/cmd/t_zset.cc -o build/src/cmd/t_zset.o
g++ -std=c++20 -O2 -g -Wall -Wextra -march=native -pthread -DTOMO_JEMALLOC -I. -c src/cmd/t_zset_ops.cc -o build/src/cmd/t_zset_ops.o
g++ -std=c++20 -O2 -g -Wall -Wextra -march=native -pthread -DTOMO_JEMALLOC -I. -c src/cmd/geo.cc -o build/src/cmd/geo.o
g++ -std=c++20 -O2 -g -Wall -Wextra -march=native -pthread -DTOMO_JEMALLOC -I. -c src/cmd/t_stream.cc -o build/src/cmd/t_stream.o
g++ -std=c++20 -O2 -g -Wall -Wextra -march=native -pthread -DTOMO_JEMALLOC -I. -c src/cmd/t_stream_groups.cc -o build/src/cmd/t_stream_groups.o
g++ -std=c++20 -O2 -g -Wall -Wextra -march=native -pthread -DTOMO_JEMALLOC -I. -c src/cmd/scripting.cc -o build/src/cmd/scripting.o
g++ -std=c++20 -O2 -g -Wall -Wextra -march=native -pthread -DTOMO_JEMALLOC -I. -c src/cmd/functions.cc -o build/src/cmd/functions.o
g++ -std=c++20 -O2 -g -Wall -Wextra -march=native -pthread -DTOMO_JEMALLOC -I. -c src/cmd/serialize.cc -o build/src/cmd/serialize.o
g++ -std=c++20 -O2 -g -Wall -Wextra -march=native -pthread -DTOMO_JEMALLOC -I. -c src/snapshot/snapshot.cc -o build/src/snapshot/snapshot.o
g++ -std=c++20 -O2 -g -Wall -Wextra -march=native -pthread -DTOMO_JEMALLOC -I. -c src/persist/aof.cc -o build/src/persist/aof.o
g++ -std=c++20 -O2 -g -Wall -Wextra -march=native -pthread -DTOMO_JEMALLOC -I. -c src/cmd/climon.cc -o build/src/cmd/climon.o
g++ -std=c++20 -O2 -g -Wall -Wextra -march=native -pthread -DTOMO_JEMALLOC -I. -c src/cmd/tracking.cc -o build/src/cmd/tracking.o
g++ -std=c++20 -O2 -g -Wall -Wextra -march=native -pthread -DTOMO_JEMALLOC -I. -c src/cmd/server_tail.cc -o build/src/cmd/server_tail.o
g++ -std=c++20 -O2 -g -Wall -Wextra -march=native -pthread -DTOMO_JEMALLOC -I. -c src/cmd/slowlog.cc -o build/src/cmd/slowlog.o
g++ -std=c++20 -O2 -g -Wall -Wextra -march=native -pthread -DTOMO_JEMALLOC -I. -c src/cmd/lcs.cc -o build/src/cmd/lcs.o
g++ -std=c++20 -O2 -g -Wall -Wextra -march=native -pthread -DTOMO_JEMALLOC -I. -c src/cmd/info_stats.cc -o build/src/cmd/info_stats.o
g++ -std=c++20 -O2 -g -Wall -Wextra -march=native -pthread -DTOMO_JEMALLOC -I. -c src/cmd/lbsignals.cc -o build/src/cmd/lbsignals.o
g++ -std=c++20 -O2 -g -Wall -Wextra -march=native -pthread -DTOMO_JEMALLOC -I. -c src/core/flipctl.cc -o build/src/core/flipctl.o
g++ -std=c++20 -O2 -g -Wall -Wextra -march=native -pthread --param inline-unit-growth=0 --param large-unit-insns=128865 -DTOMO_JEMALLOC -I. -c src/core/genthread.cc -o build/src/core/genthread.o
g++ -std=c++20 -O2 -g -Wall -Wextra -march=native -pthread --param inline-unit-growth=0 --param large-unit-insns=161715 -DTOMO_JEMALLOC -I. -c src/core/rl2s.cc -o build/src/core/rl2s.o
g++ -std=c++20 -O2 -g -Wall -Wextra -march=native -pthread -DTOMO_JEMALLOC -I. -c src/core/lbstall.cc -o build/src/core/lbstall.o
g++ -std=c++20 -O2 -g -Wall -Wextra -march=native -pthread -DTOMO_JEMALLOC -I. -c src/core/lbplanner.cc -o build/src/core/lbplanner.o
g++ -std=c++20 -O2 -g -Wall -Wextra -march=native -pthread -DTOMO_JEMALLOC -I. -c src/cmd/l4prebuild.cc -o build/src/cmd/l4prebuild.o
g++ -std=c++20 -O2 -g -Wall -Wextra -march=native -pthread -DTOMO_JEMALLOC -I. -c src/cmd/cmdgap.cc -o build/src/cmd/cmdgap.o
g++ -std=c++20 -O2 -g -Wall -Wextra -march=native -pthread -DTOMO_JEMALLOC -I. -c src/cmd/pfdebug.cc -o build/src/cmd/pfdebug.o
g++ -std=c++20 -O2 -g -Wall -Wextra -march=native -pthread -DTOMO_JEMALLOC -I. -c src/cmd/cmdmeta.cc -o build/src/cmd/cmdmeta.o
g++ -std=c++20 -O2 -g -Wall -Wextra -march=native -pthread -DTOMO_JEMALLOC -I. -c src/cmd/t_sort.cc -o build/src/cmd/t_sort.o
g++ -std=c++20 -O2 -g -Wall -Wextra -march=native -pthread -DTOMO_JEMALLOC -I. -c src/cmd/multidb.cc -o build/src/cmd/multidb.o
g++ -std=c++20 -O2 -g -Wall -Wextra -march=native -pthread -DTOMO_JEMALLOC -I. -c src/cmd/storesize.cc -o build/src/cmd/storesize.o
g++ -std=c++20 -O2 -g -Wall -Wextra -march=native -pthread -DTOMO_JEMALLOC -I. -c src/core/reorder.cc -o build/src/core/reorder.o
g++ -std=c++20 -O2 -g -Wall -Wextra -march=native -pthread --param inline-unit-growth=0 --param large-unit-insns=146270 -DTOMO_JEMALLOC -DTOMO_SINGLE_DATABASE=1 -Dtomo=tomo_db0 -I. -c src/main.cc -o build/db0/src/main.o
g++ -std=c++20 -O2 -g -Wall -Wextra -march=native -pthread -DTOMO_JEMALLOC -DTOMO_SINGLE_DATABASE=1 -Dtomo=tomo_db0 -I. -c src/net/tls.cc -o build/db0/src/net/tls.o
g++ -std=c++20 -O2 -g -Wall -Wextra -march=native -pthread -DTOMO_JEMALLOC -DTOMO_SINGLE_DATABASE=1 -Dtomo=tomo_db0 -I. -c src/cmd/commands.cc -o build/db0/src/cmd/commands.o
g++ -std=c++20 -O2 -g -Wall -Wextra -march=native -pthread -DTOMO_JEMALLOC -DTOMO_SINGLE_DATABASE=1 -Dtomo=tomo_db0 -I. -c src/cmd/glob.cc -o build/db0/src/cmd/glob.o
g++ -std=c++20 -O2 -g -Wall -Wextra -march=native -pthread -DTOMO_JEMALLOC -DTOMO_SINGLE_DATABASE=1 -Dtomo=tomo_db0 -I. -c src/cmd/xshard.cc -o build/db0/src/cmd/xshard.o
g++ -std=c++20 -O2 -g -Wall -Wextra -march=native -pthread -DTOMO_JEMALLOC -DTOMO_SINGLE_DATABASE=1 -Dtomo=tomo_db0 -I. -c src/cmd/acl.cc -o build/db0/src/cmd/acl.o
g++ -std=c++20 -O2 -g -Wall -Wextra -march=native -pthread -DTOMO_JEMALLOC -DTOMO_SINGLE_DATABASE=1 -Dtomo=tomo_db0 -I. -c src/cmd/hll.cc -o build/db0/src/cmd/hll.o
g++ -std=c++20 -O2 -g -Wall -Wextra -march=native -pthread -DTOMO_JEMALLOC -DTOMO_SINGLE_DATABASE=1 -Dtomo=tomo_db0 -I. -c src/cmd/t_server.cc -o build/db0/src/cmd/t_server.o
g++ -std=c++20 -O2 -g -Wall -Wextra -march=native -pthread --param large-unit-insns=10600 -DTOMO_JEMALLOC -DTOMO_SINGLE_DATABASE=1 -Dtomo=tomo_db0 -I. -c src/cmd/t_string.cc -o build/db0/src/cmd/t_string.o
g++ -std=c++20 -O2 -g -Wall -Wextra -march=native -pthread -DTOMO_JEMALLOC -DTOMO_SINGLE_DATABASE=1 -Dtomo=tomo_db0 -I. -c src/cmd/t_string_notify.cc -o build/db0/src/cmd/t_string_notify.o
g++ -std=c++20 -O2 -g -Wall -Wextra -march=native -pthread -DTOMO_JEMALLOC -DTOMO_SINGLE_DATABASE=1 -Dtomo=tomo_db0 -I. -c src/cmd/t_hash.cc -o build/db0/src/cmd/t_hash.o
g++ -std=c++20 -O2 -g -Wall -Wextra -march=native -pthread -DTOMO_JEMALLOC -DTOMO_SINGLE_DATABASE=1 -Dtomo=tomo_db0 -I. -c src/cmd/t_hash_ttl.cc -o build/db0/src/cmd/t_hash_ttl.o
g++ -std=c++20 -O2 -g -Wall -Wextra -march=native -pthread -DTOMO_JEMALLOC -DTOMO_SINGLE_DATABASE=1 -Dtomo=tomo_db0 -I. -c src/cmd/t_list.cc -o build/db0/src/cmd/t_list.o
g++ -std=c++20 -O2 -g -Wall -Wextra -march=native -pthread -DTOMO_JEMALLOC -DTOMO_SINGLE_DATABASE=1 -Dtomo=tomo_db0 -I. -c src/cmd/t_set.cc -o build/db0/src/cmd/t_set.o
g++ -std=c++20 -O2 -g -Wall -Wextra -march=native -pthread -DTOMO_JEMALLOC -DTOMO_SINGLE_DATABASE=1 -Dtomo=tomo_db0 -I. -c src/cmd/t_zset.cc -o build/db0/src/cmd/t_zset.o
g++ -std=c++20 -O2 -g -Wall -Wextra -march=native -pthread -DTOMO_JEMALLOC -DTOMO_SINGLE_DATABASE=1 -Dtomo=tomo_db0 -I. -c src/cmd/t_zset_ops.cc -o build/db0/src/cmd/t_zset_ops.o
g++ -std=c++20 -O2 -g -Wall -Wextra -march=native -pthread -DTOMO_JEMALLOC -DTOMO_SINGLE_DATABASE=1 -Dtomo=tomo_db0 -I. -c src/cmd/geo.cc -o build/db0/src/cmd/geo.o
g++ -std=c++20 -O2 -g -Wall -Wextra -march=native -pthread -DTOMO_JEMALLOC -DTOMO_SINGLE_DATABASE=1 -Dtomo=tomo_db0 -I. -c src/cmd/t_stream.cc -o build/db0/src/cmd/t_stream.o
g++ -std=c++20 -O2 -g -Wall -Wextra -march=native -pthread -DTOMO_JEMALLOC -DTOMO_SINGLE_DATABASE=1 -Dtomo=tomo_db0 -I. -c src/cmd/t_stream_groups.cc -o build/db0/src/cmd/t_stream_groups.o
g++ -std=c++20 -O2 -g -Wall -Wextra -march=native -pthread -DTOMO_JEMALLOC -DTOMO_SINGLE_DATABASE=1 -Dtomo=tomo_db0 -I. -c src/cmd/scripting.cc -o build/db0/src/cmd/scripting.o
g++ -std=c++20 -O2 -g -Wall -Wextra -march=native -pthread -DTOMO_JEMALLOC -DTOMO_SINGLE_DATABASE=1 -Dtomo=tomo_db0 -I. -c src/cmd/functions.cc -o build/db0/src/cmd/functions.o
g++ -std=c++20 -O2 -g -Wall -Wextra -march=native -pthread -DTOMO_JEMALLOC -DTOMO_SINGLE_DATABASE=1 -Dtomo=tomo_db0 -I. -c src/cmd/serialize.cc -o build/db0/src/cmd/serialize.o
g++ -std=c++20 -O2 -g -Wall -Wextra -march=native -pthread -DTOMO_JEMALLOC -DTOMO_SINGLE_DATABASE=1 -Dtomo=tomo_db0 -I. -c src/snapshot/snapshot.cc -o build/db0/src/snapshot/snapshot.o
g++ -std=c++20 -O2 -g -Wall -Wextra -march=native -pthread -DTOMO_JEMALLOC -DTOMO_SINGLE_DATABASE=1 -Dtomo=tomo_db0 -I. -c src/persist/aof.cc -o build/db0/src/persist/aof.o
g++ -std=c++20 -O2 -g -Wall -Wextra -march=native -pthread -DTOMO_JEMALLOC -DTOMO_SINGLE_DATABASE=1 -Dtomo=tomo_db0 -I. -c src/cmd/climon.cc -o build/db0/src/cmd/climon.o
g++ -std=c++20 -O2 -g -Wall -Wextra -march=native -pthread -DTOMO_JEMALLOC -DTOMO_SINGLE_DATABASE=1 -Dtomo=tomo_db0 -I. -c src/cmd/tracking.cc -o build/db0/src/cmd/tracking.o
g++ -std=c++20 -O2 -g -Wall -Wextra -march=native -pthread -DTOMO_JEMALLOC -DTOMO_SINGLE_DATABASE=1 -Dtomo=tomo_db0 -I. -c src/cmd/server_tail.cc -o build/db0/src/cmd/server_tail.o
g++ -std=c++20 -O2 -g -Wall -Wextra -march=native -pthread -DTOMO_JEMALLOC -DTOMO_SINGLE_DATABASE=1 -Dtomo=tomo_db0 -I. -c src/cmd/slowlog.cc -o build/db0/src/cmd/slowlog.o
g++ -std=c++20 -O2 -g -Wall -Wextra -march=native -pthread -DTOMO_JEMALLOC -DTOMO_SINGLE_DATABASE=1 -Dtomo=tomo_db0 -I. -c src/cmd/lcs.cc -o build/db0/src/cmd/lcs.o
g++ -std=c++20 -O2 -g -Wall -Wextra -march=native -pthread -DTOMO_JEMALLOC -DTOMO_SINGLE_DATABASE=1 -Dtomo=tomo_db0 -I. -c src/cmd/info_stats.cc -o build/db0/src/cmd/info_stats.o
g++ -std=c++20 -O2 -g -Wall -Wextra -march=native -pthread -DTOMO_JEMALLOC -DTOMO_SINGLE_DATABASE=1 -Dtomo=tomo_db0 -I. -c src/cmd/lbsignals.cc -o build/db0/src/cmd/lbsignals.o
g++ -std=c++20 -O2 -g -Wall -Wextra -march=native -pthread -DTOMO_JEMALLOC -DTOMO_SINGLE_DATABASE=1 -Dtomo=tomo_db0 -I. -c src/core/flipctl.cc -o build/db0/src/core/flipctl.o
g++ -std=c++20 -O2 -g -Wall -Wextra -march=native -pthread --param inline-unit-growth=0 --param large-unit-insns=128910 -Wa,--defsym,tomo_rlfence_text_pad=16 -DTOMO_JEMALLOC -DTOMO_SINGLE_DATABASE=1 -Dtomo=tomo_db0 -I. -c src/core/genthread.cc -o build/db0/src/core/genthread.o
g++ -std=c++20 -O2 -g -Wall -Wextra -march=native -pthread --param inline-unit-growth=0 --param large-unit-insns=161680 -DTOMO_JEMALLOC -DTOMO_SINGLE_DATABASE=1 -Dtomo=tomo_db0 -I. -c src/core/rl2s.cc -o build/db0/src/core/rl2s.o
g++ -std=c++20 -O2 -g -Wall -Wextra -march=native -pthread -DTOMO_JEMALLOC -DTOMO_SINGLE_DATABASE=1 -Dtomo=tomo_db0 -I. -c src/core/lbstall.cc -o build/db0/src/core/lbstall.o
g++ -std=c++20 -O2 -g -Wall -Wextra -march=native -pthread -DTOMO_JEMALLOC -DTOMO_SINGLE_DATABASE=1 -Dtomo=tomo_db0 -I. -c src/core/lbplanner.cc -o build/db0/src/core/lbplanner.o
g++ -std=c++20 -O2 -g -Wall -Wextra -march=native -pthread -DTOMO_JEMALLOC -DTOMO_SINGLE_DATABASE=1 -Dtomo=tomo_db0 -I. -c src/cmd/l4prebuild.cc -o build/db0/src/cmd/l4prebuild.o
g++ -std=c++20 -O2 -g -Wall -Wextra -march=native -pthread -DTOMO_JEMALLOC -DTOMO_SINGLE_DATABASE=1 -Dtomo=tomo_db0 -I. -c src/cmd/cmdgap.cc -o build/db0/src/cmd/cmdgap.o
g++ -std=c++20 -O2 -g -Wall -Wextra -march=native -pthread -DTOMO_JEMALLOC -DTOMO_SINGLE_DATABASE=1 -Dtomo=tomo_db0 -I. -c src/cmd/pfdebug.cc -o build/db0/src/cmd/pfdebug.o
g++ -std=c++20 -O2 -g -Wall -Wextra -march=native -pthread -DTOMO_JEMALLOC -DTOMO_SINGLE_DATABASE=1 -Dtomo=tomo_db0 -I. -c src/cmd/cmdmeta.cc -o build/db0/src/cmd/cmdmeta.o
g++ -std=c++20 -O2 -g -Wall -Wextra -march=native -pthread -DTOMO_JEMALLOC -DTOMO_SINGLE_DATABASE=1 -Dtomo=tomo_db0 -I. -c src/cmd/t_sort.cc -o build/db0/src/cmd/t_sort.o
g++ -std=c++20 -O2 -g -Wall -Wextra -march=native -pthread -DTOMO_JEMALLOC -DTOMO_SINGLE_DATABASE=1 -Dtomo=tomo_db0 -I. -c src/cmd/multidb.cc -o build/db0/src/cmd/multidb.o
g++ -std=c++20 -O2 -g -Wall -Wextra -march=native -pthread -DTOMO_JEMALLOC -DTOMO_SINGLE_DATABASE=1 -Dtomo=tomo_db0 -I. -c src/cmd/storesize.cc -o build/db0/src/cmd/storesize.o
g++ -std=c++20 -O2 -g -Wall -Wextra -march=native -pthread --param inline-unit-growth=0 --param large-unit-insns=147304 -DTOMO_JEMALLOC -DTOMO_SINGLE_DATABASE=1 -Dtomo=tomo_db0 -I. -c src/core/reorder.cc -o build/db0/src/core/reorder.o
g++ -std=c++20 -O2 -g -Wall -Wextra -march=native -pthread -DTOMO_JEMALLOC -Wno-mismatched-new-delete -I. -c tests/storesize_unit.cc -o build/tests/storesize_unit.o
g++ -std=c++20 -O2 -g -Wall -Wextra -march=native -pthread -DTOMO_JEMALLOC -Wno-mismatched-new-delete -DTOMO_SINGLE_DATABASE=1 -Dtomo=tomo_db0 -I. -c tests/storesize_unit.cc -o build/db0/tests/storesize_unit.o
python3 tests/storesize_checks.py src/cmd/multidb.cc build/storesize/multidb.cc
g++ -std=c++20 -O2 -g -Wall -Wextra -march=native -pthread -DTOMO_JEMALLOC -Wno-mismatched-new-delete -I. -c tests/multidb_unit.cc -o build/tests/multidb_unit.o
g++ -std=c++20 -O2 -g -Wall -Wextra -march=native -pthread -DTOMO_JEMALLOC -Wno-mismatched-new-delete -I. -c tests/mdbstamp_checks.cc -o build/tests/mdbstamp_checks.o
g++ -std=c++20 -O2 -g -Wall -Wextra -march=native -pthread -DTOMO_JEMALLOC -Wno-mismatched-new-delete -DTOMO_SINGLE_DATABASE=1 -Dtomo=tomo_db0 -I. -c tests/multidb_db0_unit.cc -o build/db0/tests/multidb_db0_unit.o
g++ -std=c++20 -O1 -g -Wall -Wextra -march=native -pthread -fno-omit-frame-pointer -no-pie -DTOMO_MDBQSBR_TEST -DTOMO_CORE_CONCURRENCY_TEST -I. -fsanitize=address,undefined -c tests/mdbqsbr_unit.cc -o build/mdbqsbr-asan/tests/mdbqsbr_unit.o
g++ -std=c++20 -O1 -g -Wall -Wextra -march=native -pthread -fno-omit-frame-pointer -no-pie -DTOMO_MDBQSBR_TEST -DTOMO_CORE_CONCURRENCY_TEST -I. -fsanitize=address,undefined -c src/net/tls.cc -o build/mdbqsbr-asan/src/net/tls.o
g++ -std=c++20 -O1 -g -Wall -Wextra -march=native -pthread -fno-omit-frame-pointer -no-pie -DTOMO_MDBQSBR_TEST -DTOMO_CORE_CONCURRENCY_TEST -I. -fsanitize=address,undefined -c src/cmd/commands.cc -o build/mdbqsbr-asan/src/cmd/commands.o
g++ -std=c++20 -O1 -g -Wall -Wextra -march=native -pthread -fno-omit-frame-pointer -no-pie -DTOMO_MDBQSBR_TEST -DTOMO_CORE_CONCURRENCY_TEST -I. -fsanitize=address,undefined -c src/cmd/glob.cc -o build/mdbqsbr-asan/src/cmd/glob.o
g++ -std=c++20 -O1 -g -Wall -Wextra -march=native -pthread -fno-omit-frame-pointer -no-pie -DTOMO_MDBQSBR_TEST -DTOMO_CORE_CONCURRENCY_TEST -I. -fsanitize=address,undefined -c src/cmd/xshard.cc -o build/mdbqsbr-asan/src/cmd/xshard.o
g++ -std=c++20 -O1 -g -Wall -Wextra -march=native -pthread -fno-omit-frame-pointer -no-pie -DTOMO_MDBQSBR_TEST -DTOMO_CORE_CONCURRENCY_TEST -I. -fsanitize=address,undefined -c src/cmd/acl.cc -o build/mdbqsbr-asan/src/cmd/acl.o
g++ -std=c++20 -O1 -g -Wall -Wextra -march=native -pthread -fno-omit-frame-pointer -no-pie -DTOMO_MDBQSBR_TEST -DTOMO_CORE_CONCURRENCY_TEST -I. -fsanitize=address,undefined -c src/cmd/hll.cc -o build/mdbqsbr-asan/src/cmd/hll.o
g++ -std=c++20 -O1 -g -Wall -Wextra -march=native -pthread -fno-omit-frame-pointer -no-pie -DTOMO_MDBQSBR_TEST -DTOMO_CORE_CONCURRENCY_TEST -I. -fsanitize=address,undefined -c src/cmd/t_server.cc -o build/mdbqsbr-asan/src/cmd/t_server.o
g++ -std=c++20 -O1 -g -Wall -Wextra -march=native -pthread -fno-omit-frame-pointer -no-pie -DTOMO_MDBQSBR_TEST -DTOMO_CORE_CONCURRENCY_TEST -I. -fsanitize=address,undefined -c src/cmd/t_string.cc -o build/mdbqsbr-asan/src/cmd/t_string.o
g++ -std=c++20 -O1 -g -Wall -Wextra -march=native -pthread -fno-omit-frame-pointer -no-pie -DTOMO_MDBQSBR_TEST -DTOMO_CORE_CONCURRENCY_TEST -I. -fsanitize=address,undefined -c src/cmd/t_string_notify.cc -o build/mdbqsbr-asan/src/cmd/t_string_notify.o
g++ -std=c++20 -O1 -g -Wall -Wextra -march=native -pthread -fno-omit-frame-pointer -no-pie -DTOMO_MDBQSBR_TEST -DTOMO_CORE_CONCURRENCY_TEST -I. -fsanitize=address,undefined -c src/cmd/t_hash.cc -o build/mdbqsbr-asan/src/cmd/t_hash.o
g++ -std=c++20 -O1 -g -Wall -Wextra -march=native -pthread -fno-omit-frame-pointer -no-pie -DTOMO_MDBQSBR_TEST -DTOMO_CORE_CONCURRENCY_TEST -I. -fsanitize=address,undefined -c src/cmd/t_hash_ttl.cc -o build/mdbqsbr-asan/src/cmd/t_hash_ttl.o
g++ -std=c++20 -O1 -g -Wall -Wextra -march=native -pthread -fno-omit-frame-pointer -no-pie -DTOMO_MDBQSBR_TEST -DTOMO_CORE_CONCURRENCY_TEST -I. -fsanitize=address,undefined -c src/cmd/t_list.cc -o build/mdbqsbr-asan/src/cmd/t_list.o
g++ -std=c++20 -O1 -g -Wall -Wextra -march=native -pthread -fno-omit-frame-pointer -no-pie -DTOMO_MDBQSBR_TEST -DTOMO_CORE_CONCURRENCY_TEST -I. -fsanitize=address,undefined -c src/cmd/t_set.cc -o build/mdbqsbr-asan/src/cmd/t_set.o
g++ -std=c++20 -O1 -g -Wall -Wextra -march=native -pthread -fno-omit-frame-pointer -no-pie -DTOMO_MDBQSBR_TEST -DTOMO_CORE_CONCURRENCY_TEST -I. -fsanitize=address,undefined -c src/cmd/t_zset.cc -o build/mdbqsbr-asan/src/cmd/t_zset.o
g++ -std=c++20 -O1 -g -Wall -Wextra -march=native -pthread -fno-omit-frame-pointer -no-pie -DTOMO_MDBQSBR_TEST -DTOMO_CORE_CONCURRENCY_TEST -I. -fsanitize=address,undefined -c src/cmd/t_zset_ops.cc -o build/mdbqsbr-asan/src/cmd/t_zset_ops.o
g++ -std=c++20 -O1 -g -Wall -Wextra -march=native -pthread -fno-omit-frame-pointer -no-pie -DTOMO_MDBQSBR_TEST -DTOMO_CORE_CONCURRENCY_TEST -I. -fsanitize=address,undefined -c src/cmd/geo.cc -o build/mdbqsbr-asan/src/cmd/geo.o
g++ -std=c++20 -O1 -g -Wall -Wextra -march=native -pthread -fno-omit-frame-pointer -no-pie -DTOMO_MDBQSBR_TEST -DTOMO_CORE_CONCURRENCY_TEST -I. -fsanitize=address,undefined -c src/cmd/t_stream.cc -o build/mdbqsbr-asan/src/cmd/t_stream.o
g++ -std=c++20 -O1 -g -Wall -Wextra -march=native -pthread -fno-omit-frame-pointer -no-pie -DTOMO_MDBQSBR_TEST -DTOMO_CORE_CONCURRENCY_TEST -I. -fsanitize=address,undefined -c src/cmd/t_stream_groups.cc -o build/mdbqsbr-asan/src/cmd/t_stream_groups.o
g++ -std=c++20 -O1 -g -Wall -Wextra -march=native -pthread -fno-omit-frame-pointer -no-pie -DTOMO_MDBQSBR_TEST -DTOMO_CORE_CONCURRENCY_TEST -I. -fsanitize=address,undefined -c src/cmd/scripting.cc -o build/mdbqsbr-asan/src/cmd/scripting.o
g++ -std=c++20 -O1 -g -Wall -Wextra -march=native -pthread -fno-omit-frame-pointer -no-pie -DTOMO_MDBQSBR_TEST -DTOMO_CORE_CONCURRENCY_TEST -I. -fsanitize=address,undefined -c src/cmd/functions.cc -o build/mdbqsbr-asan/src/cmd/functions.o
g++ -std=c++20 -O1 -g -Wall -Wextra -march=native -pthread -fno-omit-frame-pointer -no-pie -DTOMO_MDBQSBR_TEST -DTOMO_CORE_CONCURRENCY_TEST -I. -fsanitize=address,undefined -c src/cmd/serialize.cc -o build/mdbqsbr-asan/src/cmd/serialize.o
g++ -std=c++20 -O1 -g -Wall -Wextra -march=native -pthread -fno-omit-frame-pointer -no-pie -DTOMO_MDBQSBR_TEST -DTOMO_CORE_CONCURRENCY_TEST -I. -fsanitize=address,undefined -c src/snapshot/snapshot.cc -o build/mdbqsbr-asan/src/snapshot/snapshot.o
g++ -std=c++20 -O1 -g -Wall -Wextra -march=native -pthread -fno-omit-frame-pointer -no-pie -DTOMO_MDBQSBR_TEST -DTOMO_CORE_CONCURRENCY_TEST -I. -fsanitize=address,undefined -c src/persist/aof.cc -o build/mdbqsbr-asan/src/persist/aof.o
g++ -std=c++20 -O1 -g -Wall -Wextra -march=native -pthread -fno-omit-frame-pointer -no-pie -DTOMO_MDBQSBR_TEST -DTOMO_CORE_CONCURRENCY_TEST -I. -fsanitize=address,undefined -c src/cmd/climon.cc -o build/mdbqsbr-asan/src/cmd/climon.o
g++ -std=c++20 -O1 -g -Wall -Wextra -march=native -pthread -fno-omit-frame-pointer -no-pie -DTOMO_MDBQSBR_TEST -DTOMO_CORE_CONCURRENCY_TEST -I. -fsanitize=address,undefined -c src/cmd/tracking.cc -o build/mdbqsbr-asan/src/cmd/tracking.o
g++ -std=c++20 -O1 -g -Wall -Wextra -march=native -pthread -fno-omit-frame-pointer -no-pie -DTOMO_MDBQSBR_TEST -DTOMO_CORE_CONCURRENCY_TEST -I. -fsanitize=address,undefined -c src/cmd/server_tail.cc -o build/mdbqsbr-asan/src/cmd/server_tail.o
g++ -std=c++20 -O1 -g -Wall -Wextra -march=native -pthread -fno-omit-frame-pointer -no-pie -DTOMO_MDBQSBR_TEST -DTOMO_CORE_CONCURRENCY_TEST -I. -fsanitize=address,undefined -c src/cmd/slowlog.cc -o build/mdbqsbr-asan/src/cmd/slowlog.o
g++ -std=c++20 -O1 -g -Wall -Wextra -march=native -pthread -fno-omit-frame-pointer -no-pie -DTOMO_MDBQSBR_TEST -DTOMO_CORE_CONCURRENCY_TEST -I. -fsanitize=address,undefined -c src/cmd/lcs.cc -o build/mdbqsbr-asan/src/cmd/lcs.o
g++ -std=c++20 -O1 -g -Wall -Wextra -march=native -pthread -fno-omit-frame-pointer -no-pie -DTOMO_MDBQSBR_TEST -DTOMO_CORE_CONCURRENCY_TEST -I. -fsanitize=address,undefined -c src/cmd/info_stats.cc -o build/mdbqsbr-asan/src/cmd/info_stats.o
g++ -std=c++20 -O1 -g -Wall -Wextra -march=native -pthread -fno-omit-frame-pointer -no-pie -DTOMO_MDBQSBR_TEST -DTOMO_CORE_CONCURRENCY_TEST -I. -fsanitize=address,undefined -c src/cmd/lbsignals.cc -o build/mdbqsbr-asan/src/cmd/lbsignals.o
g++ -std=c++20 -O1 -g -Wall -Wextra -march=native -pthread -fno-omit-frame-pointer -no-pie -DTOMO_MDBQSBR_TEST -DTOMO_CORE_CONCURRENCY_TEST -I. -fsanitize=address,undefined -c src/core/flipctl.cc -o build/mdbqsbr-asan/src/core/flipctl.o
g++ -std=c++20 -O1 -g -Wall -Wextra -march=native -pthread -fno-omit-frame-pointer -no-pie -DTOMO_MDBQSBR_TEST -DTOMO_CORE_CONCURRENCY_TEST -I. -fsanitize=address,undefined -c src/core/genthread.cc -o build/mdbqsbr-asan/src/core/genthread.o
g++ -std=c++20 -O1 -g -Wall -Wextra -march=native -pthread -fno-omit-frame-pointer -no-pie -DTOMO_MDBQSBR_TEST -DTOMO_CORE_CONCURRENCY_TEST -I. -fsanitize=address,undefined -c src/core/rl2s.cc -o build/mdbqsbr-asan/src/core/rl2s.o
g++ -std=c++20 -O1 -g -Wall -Wextra -march=native -pthread -fno-omit-frame-pointer -no-pie -DTOMO_MDBQSBR_TEST -DTOMO_CORE_CONCURRENCY_TEST -I. -fsanitize=address,undefined -c src/core/lbstall.cc -o build/mdbqsbr-asan/src/core/lbstall.o
g++ -std=c++20 -O1 -g -Wall -Wextra -march=native -pthread -fno-omit-frame-pointer -no-pie -DTOMO_MDBQSBR_TEST -DTOMO_CORE_CONCURRENCY_TEST -I. -fsanitize=address,undefined -c src/core/lbplanner.cc -o build/mdbqsbr-asan/src/core/lbplanner.o
g++ -std=c++20 -O1 -g -Wall -Wextra -march=native -pthread -fno-omit-frame-pointer -no-pie -DTOMO_MDBQSBR_TEST -DTOMO_CORE_CONCURRENCY_TEST -I. -fsanitize=address,undefined -c src/cmd/l4prebuild.cc -o build/mdbqsbr-asan/src/cmd/l4prebuild.o
g++ -std=c++20 -O1 -g -Wall -Wextra -march=native -pthread -fno-omit-frame-pointer -no-pie -DTOMO_MDBQSBR_TEST -DTOMO_CORE_CONCURRENCY_TEST -I. -fsanitize=address,undefined -c src/cmd/cmdgap.cc -o build/mdbqsbr-asan/src/cmd/cmdgap.o
g++ -std=c++20 -O1 -g -Wall -Wextra -march=native -pthread -fno-omit-frame-pointer -no-pie -DTOMO_MDBQSBR_TEST -DTOMO_CORE_CONCURRENCY_TEST -I. -fsanitize=address,undefined -c src/cmd/pfdebug.cc -o build/mdbqsbr-asan/src/cmd/pfdebug.o
g++ -std=c++20 -O1 -g -Wall -Wextra -march=native -pthread -fno-omit-frame-pointer -no-pie -DTOMO_MDBQSBR_TEST -DTOMO_CORE_CONCURRENCY_TEST -I. -fsanitize=address,undefined -c src/cmd/cmdmeta.cc -o build/mdbqsbr-asan/src/cmd/cmdmeta.o
g++ -std=c++20 -O1 -g -Wall -Wextra -march=native -pthread -fno-omit-frame-pointer -no-pie -DTOMO_MDBQSBR_TEST -DTOMO_CORE_CONCURRENCY_TEST -I. -fsanitize=address,undefined -c src/cmd/t_sort.cc -o build/mdbqsbr-asan/src/cmd/t_sort.o
g++ -std=c++20 -O1 -g -Wall -Wextra -march=native -pthread -fno-omit-frame-pointer -no-pie -DTOMO_MDBQSBR_TEST -DTOMO_CORE_CONCURRENCY_TEST -I. -fsanitize=address,undefined -c src/cmd/multidb.cc -o build/mdbqsbr-asan/src/cmd/multidb.o
g++ -std=c++20 -O1 -g -Wall -Wextra -march=native -pthread -fno-omit-frame-pointer -no-pie -DTOMO_MDBQSBR_TEST -DTOMO_CORE_CONCURRENCY_TEST -I. -fsanitize=address,undefined -c src/cmd/storesize.cc -o build/mdbqsbr-asan/src/cmd/storesize.o
g++ -std=c++20 -O1 -g -Wall -Wextra -march=native -pthread -fno-omit-frame-pointer -no-pie -DTOMO_MDBQSBR_TEST -DTOMO_CORE_CONCURRENCY_TEST -I. -fsanitize=address,undefined -c src/core/reorder.cc -o build/mdbqsbr-asan/src/core/reorder.o
g++ -std=c++20 -O2 -g -Wall -Wextra -march=native -pthread build/db0/src/main.o build/db0/src/net/tls.o build/db0/src/cmd/commands.o build/db0/src/cmd/glob.o build/db0/src/cmd/xshard.o build/db0/src/cmd/acl.o build/db0/src/cmd/hll.o build/db0/src/cmd/t_server.o build/db0/src/cmd/t_string.o build/db0/src/cmd/t_string_notify.o build/db0/src/cmd/t_hash.o build/db0/src/cmd/t_hash_ttl.o build/db0/src/cmd/t_list.o build/db0/src/cmd/t_set.o build/db0/src/cmd/t_zset.o build/db0/src/cmd/t_zset_ops.o build/db0/src/cmd/geo.o build/db0/src/cmd/t_stream.o build/db0/src/cmd/t_stream_groups.o build/db0/src/cmd/scripting.o build/db0/src/cmd/functions.o build/db0/src/cmd/serialize.o build/db0/src/snapshot/snapshot.o build/db0/src/persist/aof.o build/db0/src/cmd/climon.o build/db0/src/cmd/tracking.o build/db0/src/cmd/server_tail.o build/db0/src/cmd/slowlog.o build/db0/src/cmd/lcs.o build/db0/src/cmd/info_stats.o build/db0/src/cmd/lbsignals.o build/db0/src/core/flipctl.o build/db0/src/core/genthread.o build/db0/src/core/rl2s.o build/db0/src/core/lbstall.o build/db0/src/core/lbplanner.o build/db0/src/cmd/l4prebuild.o build/db0/src/cmd/cmdgap.o build/db0/src/cmd/pfdebug.o build/db0/src/cmd/cmdmeta.o build/db0/src/cmd/t_sort.o build/db0/src/cmd/multidb.o build/db0/src/cmd/storesize.o build/db0/src/core/reorder.o build/src/main.o build/src/net/tls.o build/src/cmd/commands.o build/src/cmd/glob.o build/src/cmd/xshard.o build/src/cmd/acl.o build/src/cmd/hll.o build/src/cmd/t_server.o build/src/cmd/t_string.o build/src/cmd/t_string_notify.o build/src/cmd/t_hash.o build/src/cmd/t_hash_ttl.o build/src/cmd/t_list.o build/src/cmd/t_set.o build/src/cmd/t_zset.o build/src/cmd/t_zset_ops.o build/src/cmd/geo.o build/src/cmd/t_stream.o build/src/cmd/t_stream_groups.o build/src/cmd/scripting.o build/src/cmd/functions.o build/src/cmd/serialize.o build/src/snapshot/snapshot.o build/src/persist/aof.o build/src/cmd/climon.o build/src/cmd/tracking.o build/src/cmd/server_tail.o build/src/cmd/slowlog.o build/src/cmd/lcs.o build/src/cmd/info_stats.o build/src/cmd/lbsignals.o build/src/core/flipctl.o build/src/core/genthread.o build/src/core/rl2s.o build/src/core/lbstall.o build/src/core/lbplanner.o build/src/cmd/l4prebuild.o build/src/cmd/cmdgap.o build/src/cmd/pfdebug.o build/src/cmd/cmdmeta.o build/src/cmd/t_sort.o build/src/cmd/multidb.o build/src/cmd/storesize.o build/src/core/reorder.o -o build/tomokv -ljemalloc -luring -pthread -lssl -lcrypto -lm
g++ -std=c++20 -O2 -g -Wall -Wextra -march=native -pthread -DTOMO_JEMALLOC -Isrc/cmd -I. -c build/storesize/multidb.cc -o build/storesize/multidb.o
g++ -std=c++20 -O2 -g -Wall -Wextra -march=native -pthread -DTOMO_JEMALLOC -DTOMO_SINGLE_DATABASE=1 -Dtomo=tomo_db0 -Isrc/cmd -I. -c build/storesize/multidb.cc -o build/storesize/db0-multidb.o
g++ -std=c++20 -O2 -g -Wall -Wextra -march=native -pthread build/tests/storesize_unit.o build/db0/tests/storesize_unit.o build/storesize/multidb.o build/storesize/db0-multidb.o build/src/net/tls.o build/src/cmd/commands.o build/src/cmd/glob.o build/src/cmd/acl.o build/src/cmd/hll.o build/src/cmd/t_server.o build/src/cmd/t_string.o build/src/cmd/t_string_notify.o build/src/cmd/t_hash.o build/src/cmd/t_hash_ttl.o build/src/cmd/t_list.o build/src/cmd/t_set.o build/src/cmd/t_zset.o build/src/cmd/t_zset_ops.o build/src/cmd/geo.o build/src/cmd/t_stream.o build/src/cmd/t_stream_groups.o build/src/cmd/scripting.o build/src/cmd/functions.o build/src/cmd/serialize.o build/src/snapshot/snapshot.o build/src/persist/aof.o build/src/cmd/climon.o build/src/cmd/tracking.o build/src/cmd/server_tail.o build/src/cmd/slowlog.o build/src/cmd/lcs.o build/src/cmd/info_stats.o build/src/cmd/lbsignals.o build/src/core/flipctl.o build/src/core/genthread.o build/src/core/rl2s.o build/src/core/lbstall.o build/src/core/lbplanner.o build/src/cmd/l4prebuild.o build/src/cmd/cmdgap.o build/src/cmd/pfdebug.o build/src/cmd/cmdmeta.o build/src/cmd/t_sort.o build/src/cmd/storesize.o build/src/core/reorder.o build/db0/src/net/tls.o build/db0/src/cmd/commands.o build/db0/src/cmd/glob.o build/db0/src/cmd/acl.o build/db0/src/cmd/hll.o build/db0/src/cmd/t_server.o build/db0/src/cmd/t_string.o build/db0/src/cmd/t_string_notify.o build/db0/src/cmd/t_hash.o build/db0/src/cmd/t_hash_ttl.o build/db0/src/cmd/t_list.o build/db0/src/cmd/t_set.o build/db0/src/cmd/t_zset.o build/db0/src/cmd/t_zset_ops.o build/db0/src/cmd/geo.o build/db0/src/cmd/t_stream.o build/db0/src/cmd/t_stream_groups.o build/db0/src/cmd/scripting.o build/db0/src/cmd/functions.o build/db0/src/cmd/serialize.o build/db0/src/snapshot/snapshot.o build/db0/src/persist/aof.o build/db0/src/cmd/climon.o build/db0/src/cmd/tracking.o build/db0/src/cmd/server_tail.o build/db0/src/cmd/slowlog.o build/db0/src/cmd/lcs.o build/db0/src/cmd/info_stats.o build/db0/src/cmd/lbsignals.o build/db0/src/core/flipctl.o build/db0/src/core/genthread.o build/db0/src/core/rl2s.o build/db0/src/core/lbstall.o build/db0/src/core/lbplanner.o build/db0/src/cmd/l4prebuild.o build/db0/src/cmd/cmdgap.o build/db0/src/cmd/pfdebug.o build/db0/src/cmd/cmdmeta.o build/db0/src/cmd/t_sort.o build/db0/src/cmd/storesize.o build/db0/src/core/reorder.o -o build/storesize-unit -ljemalloc -luring -pthread -lssl -lcrypto -lm
g++ -std=c++20 -O1 -g -Wall -Wextra -march=native -pthread -fno-omit-frame-pointer -no-pie -DTOMO_MDBQSBR_TEST -DTOMO_CORE_CONCURRENCY_TEST -I. -fsanitize=address,undefined build/mdbqsbr-asan/tests/mdbqsbr_unit.o build/mdbqsbr-asan/src/net/tls.o build/mdbqsbr-asan/src/cmd/commands.o build/mdbqsbr-asan/src/cmd/glob.o build/mdbqsbr-asan/src/cmd/xshard.o build/mdbqsbr-asan/src/cmd/acl.o build/mdbqsbr-asan/src/cmd/hll.o build/mdbqsbr-asan/src/cmd/t_server.o build/mdbqsbr-asan/src/cmd/t_string.o build/mdbqsbr-asan/src/cmd/t_string_notify.o build/mdbqsbr-asan/src/cmd/t_hash.o build/mdbqsbr-asan/src/cmd/t_hash_ttl.o build/mdbqsbr-asan/src/cmd/t_list.o build/mdbqsbr-asan/src/cmd/t_set.o build/mdbqsbr-asan/src/cmd/t_zset.o build/mdbqsbr-asan/src/cmd/t_zset_ops.o build/mdbqsbr-asan/src/cmd/geo.o build/mdbqsbr-asan/src/cmd/t_stream.o build/mdbqsbr-asan/src/cmd/t_stream_groups.o build/mdbqsbr-asan/src/cmd/scripting.o build/mdbqsbr-asan/src/cmd/functions.o build/mdbqsbr-asan/src/cmd/serialize.o build/mdbqsbr-asan/src/snapshot/snapshot.o build/mdbqsbr-asan/src/persist/aof.o build/mdbqsbr-asan/src/cmd/climon.o build/mdbqsbr-asan/src/cmd/tracking.o build/mdbqsbr-asan/src/cmd/server_tail.o build/mdbqsbr-asan/src/cmd/slowlog.o build/mdbqsbr-asan/src/cmd/lcs.o build/mdbqsbr-asan/src/cmd/info_stats.o build/mdbqsbr-asan/src/cmd/lbsignals.o build/mdbqsbr-asan/src/core/flipctl.o build/mdbqsbr-asan/src/core/genthread.o build/mdbqsbr-asan/src/core/rl2s.o build/mdbqsbr-asan/src/core/lbstall.o build/mdbqsbr-asan/src/core/lbplanner.o build/mdbqsbr-asan/src/cmd/l4prebuild.o build/mdbqsbr-asan/src/cmd/cmdgap.o build/mdbqsbr-asan/src/cmd/pfdebug.o build/mdbqsbr-asan/src/cmd/cmdmeta.o build/mdbqsbr-asan/src/cmd/t_sort.o build/mdbqsbr-asan/src/cmd/multidb.o build/mdbqsbr-asan/src/cmd/storesize.o build/mdbqsbr-asan/src/core/reorder.o -o build/mdbqsbr-unit -luring -pthread -lssl -lcrypto -lm -Wl,--wrap=_ZN4tomo11AofProducer19record_database_mapEPKh
g++ -std=c++20 -O2 -g -Wall -Wextra -march=native -pthread build/tests/multidb_unit.o build/tests/mdbstamp_checks.o build/db0/tests/multidb_db0_unit.o build/db0/src/net/tls.o build/db0/src/cmd/commands.o build/db0/src/cmd/glob.o build/db0/src/cmd/xshard.o build/db0/src/cmd/acl.o build/db0/src/cmd/hll.o build/db0/src/cmd/t_server.o build/db0/src/cmd/t_string.o build/db0/src/cmd/t_string_notify.o build/db0/src/cmd/t_hash.o build/db0/src/cmd/t_hash_ttl.o build/db0/src/cmd/t_list.o build/db0/src/cmd/t_set.o build/db0/src/cmd/t_zset.o build/db0/src/cmd/t_zset_ops.o build/db0/src/cmd/geo.o build/db0/src/cmd/t_stream.o build/db0/src/cmd/t_stream_groups.o build/db0/src/cmd/scripting.o build/db0/src/cmd/functions.o build/db0/src/cmd/serialize.o build/db0/src/snapshot/snapshot.o build/db0/src/persist/aof.o build/db0/src/cmd/climon.o build/db0/src/cmd/tracking.o build/db0/src/cmd/server_tail.o build/db0/src/cmd/slowlog.o build/db0/src/cmd/lcs.o build/db0/src/cmd/info_stats.o build/db0/src/cmd/lbsignals.o build/db0/src/core/flipctl.o build/db0/src/core/genthread.o build/db0/src/core/rl2s.o build/db0/src/core/lbstall.o build/db0/src/core/lbplanner.o build/db0/src/cmd/l4prebuild.o build/db0/src/cmd/cmdgap.o build/db0/src/cmd/pfdebug.o build/db0/src/cmd/cmdmeta.o build/db0/src/cmd/t_sort.o build/db0/src/cmd/multidb.o build/db0/src/cmd/storesize.o build/db0/src/core/reorder.o build/src/net/tls.o build/src/cmd/commands.o build/src/cmd/glob.o build/src/cmd/acl.o build/src/cmd/hll.o build/src/cmd/t_server.o build/src/cmd/t_string.o build/src/cmd/t_string_notify.o build/src/cmd/t_hash.o build/src/cmd/t_hash_ttl.o build/src/cmd/t_list.o build/src/cmd/t_set.o build/src/cmd/t_zset.o build/src/cmd/t_zset_ops.o build/src/cmd/geo.o build/src/cmd/t_stream.o build/src/cmd/t_stream_groups.o build/src/cmd/scripting.o build/src/cmd/functions.o build/src/cmd/serialize.o build/src/snapshot/snapshot.o build/src/persist/aof.o build/src/cmd/climon.o build/src/cmd/tracking.o build/src/cmd/server_tail.o build/src/cmd/slowlog.o build/src/cmd/lcs.o build/src/cmd/info_stats.o build/src/cmd/lbsignals.o build/src/core/flipctl.o build/src/core/genthread.o build/src/core/rl2s.o build/src/core/lbstall.o build/src/core/lbplanner.o build/src/cmd/l4prebuild.o build/src/cmd/cmdgap.o build/src/cmd/pfdebug.o build/src/cmd/cmdmeta.o build/src/cmd/t_sort.o build/src/cmd/multidb.o build/src/cmd/storesize.o build/src/core/reorder.o -o build/multidb-unit -ljemalloc -luring -pthread -lssl -lcrypto -lm -Wl,--wrap=_ZN4tomo24command_metadata_resolveERNS_2OpEj -Wl,--wrap=_ZN4tomo29command_metadata_collect_keysERNS_2OpEjRKNS_15CommandMetadataERSt6vectorINS_18CommandKeyMetadataESaIS6_EE -Wl,--wrap=malloc -Wl,--wrap=calloc -Wl,--wrap=realloc -Wl,--wrap=aligned_alloc -Wl,--wrap=posix_memalign
