Hot bodies: 741; raw byte equal: 624; bytes + resolved relocation targets equal: 633
DIFF cmd/l4prebuild.o 2032 1990 tomo::FlatStore::insert_into_read_local(int, unsigned long, tomo::KvObj*, bool)
DIFF cmd/l4prebuild.o 1191 1207 tomo::FlatStore::erase_in_read_local(int, unsigned long, tomo::Slice, bool*)
DIFF cmd/l4prebuild.o 955 971 tomo::FlatStore::erase_in(int, unsigned long, tomo::Slice, bool*)
DIFF cmd/l4prebuild.o 1416 1448 tomo::FlatStore::insert_into(int, unsigned long, tomo::KvObj*, bool)
DIFF cmd/l4prebuild.o 2542 2042 tomo::FlatStore::erase(unsigned long, tomo::Slice)
DIFF cmd/l4prebuild.o 2095 1897 tomo::FlatStore::insert(unsigned long, tomo::KvObj*)
DIFF cmd/multidb.o 2270 2304 tomo::FlatStore::insert_into_read_local(int, unsigned long, tomo::KvObj*, bool)
DIFF cmd/multidb.o 1282 1314 tomo::FlatStore::erase_in_read_local(int, unsigned long, tomo::Slice, bool*)
DIFF cmd/multidb.o 1862 1910 tomo::FlatStore::insert_into(int, unsigned long, tomo::KvObj*, bool)
DIFF cmd/pfdebug.o 2168 0 tomo::FlatStore::erase_in(int, unsigned long, tomo::Slice, bool*) [clone .isra.0]
DIFF cmd/pfdebug.o 697 2147 tomo::FlatStore::find(unsigned long, tomo::Slice)
DIFF cmd/scripting.o 2032 1990 tomo::FlatStore::insert_into_read_local(int, unsigned long, tomo::KvObj*, bool)
DIFF cmd/scripting.o 1191 1207 tomo::FlatStore::erase_in_read_local(int, unsigned long, tomo::Slice, bool*)
DIFF cmd/scripting.o 1700 1732 tomo::FlatStore::insert_into(int, unsigned long, tomo::KvObj*, bool)
DIFF cmd/scripting.o 2767 2799 tomo::FlatStore::erase(unsigned long, tomo::Slice)
DIFF cmd/serialize.o 855 871 tomo::FlatStore::erase_in_read_local(int, unsigned long, tomo::Slice, bool*)
DIFF cmd/serialize.o 1375 1405 tomo::FlatStore::insert_into_read_local(int, unsigned long, tomo::KvObj*, bool)
DIFF cmd/serialize.o 564 580 tomo::FlatStore::erase_in(int, unsigned long, tomo::Slice, bool*)
DIFF cmd/serialize.o 1213 1243 tomo::FlatStore::insert_into(int, unsigned long, tomo::KvObj*, bool)
DIFF cmd/serialize.o 1383 1320 tomo::FlatStore::erase(unsigned long, tomo::Slice)
DIFF cmd/server_tail.o 1497 1684 tomo::FlatStore::erase_in(int, unsigned long, tomo::Slice, bool*) [clone .isra.0]
DIFF cmd/t_hash.o 855 871 tomo::FlatStore::erase_in_read_local(int, unsigned long, tomo::Slice, bool*)
DIFF cmd/t_hash.o 1105 1135 tomo::FlatStore::insert_into_read_local(int, unsigned long, tomo::KvObj*, bool)
DIFF cmd/t_hash.o 564 580 tomo::FlatStore::erase_in(int, unsigned long, tomo::Slice, bool*)
DIFF cmd/t_hash.o 915 942 tomo::FlatStore::insert_into(int, unsigned long, tomo::KvObj*, bool)
DIFF cmd/t_hash_ttl.o 2079 2095 tomo::FlatStore::erase(unsigned long, tomo::Slice) [clone .isra.0]
DIFF cmd/t_hash_ttl.o 2523 2469 tomo::FlatStore::insert_into_read_local(int, unsigned long, tomo::KvObj*, bool)
DIFF cmd/t_hash_ttl.o 1282 1314 tomo::FlatStore::erase_in_read_local(int, unsigned long, tomo::Slice, bool*)
DIFF cmd/t_hash_ttl.o 1854 1837 tomo::FlatStore::insert_into(int, unsigned long, tomo::KvObj*, bool)
DIFF cmd/t_hash_ttl.o 955 971 tomo::FlatStore::erase_in(int, unsigned long, tomo::Slice, bool*)
DIFF cmd/t_list.o 855 871 tomo::FlatStore::erase_in_read_local(int, unsigned long, tomo::Slice, bool*)
DIFF cmd/t_list.o 1315 1345 tomo::FlatStore::insert_into_read_local(int, unsigned long, tomo::KvObj*, bool)
DIFF cmd/t_list.o 564 580 tomo::FlatStore::erase_in(int, unsigned long, tomo::Slice, bool*)
DIFF cmd/t_list.o 915 942 tomo::FlatStore::insert_into(int, unsigned long, tomo::KvObj*, bool)
DIFF cmd/t_list.o 1304 1320 tomo::FlatStore::erase(unsigned long, tomo::Slice)
DIFF cmd/t_server.o 1008 1311 tomo::FlatStore::erase_in(int, unsigned long, tomo::Slice, bool*) [clone .isra.0]
DIFF cmd/t_set.o 855 871 tomo::FlatStore::erase_in_read_local(int, unsigned long, tomo::Slice, bool*)
DIFF cmd/t_set.o 1105 1135 tomo::FlatStore::insert_into_read_local(int, unsigned long, tomo::KvObj*, bool)
DIFF cmd/t_set.o 564 580 tomo::FlatStore::erase_in(int, unsigned long, tomo::Slice, bool*)
DIFF cmd/t_set.o 806 774 tomo::FlatStore::find(unsigned long, tomo::Slice)
DIFF cmd/t_set.o 915 942 tomo::FlatStore::insert_into(int, unsigned long, tomo::KvObj*, bool)
DIFF cmd/t_stream.o 855 871 tomo::FlatStore::erase_in_read_local(int, unsigned long, tomo::Slice, bool*)
DIFF cmd/t_stream.o 1105 1135 tomo::FlatStore::insert_into_read_local(int, unsigned long, tomo::KvObj*, bool)
DIFF cmd/t_stream.o 564 580 tomo::FlatStore::erase_in(int, unsigned long, tomo::Slice, bool*)
DIFF cmd/t_stream.o 915 942 tomo::FlatStore::insert_into(int, unsigned long, tomo::KvObj*, bool)
DIFF cmd/t_stream_groups.o 1497 0 tomo::FlatStore::erase_in(int, unsigned long, tomo::Slice, bool*) [clone .isra.0]
DIFF cmd/t_stream_groups.o 697 1644 tomo::FlatStore::find(unsigned long, tomo::Slice)
DIFF cmd/t_string.o 855 871 tomo::FlatStore::erase_in_read_local(int, unsigned long, tomo::Slice, bool*)
DIFF cmd/t_string.o 1315 1345 tomo::FlatStore::insert_into_read_local(int, unsigned long, tomo::KvObj*, bool)
DIFF cmd/t_string.o 564 580 tomo::FlatStore::erase_in(int, unsigned long, tomo::Slice, bool*)
DIFF cmd/t_string.o 1135 1165 tomo::FlatStore::insert_into(int, unsigned long, tomo::KvObj*, bool)
DIFF cmd/t_string.o 1304 819 tomo::FlatStore::erase(unsigned long, tomo::Slice)
DIFF cmd/t_string_notify.o 855 871 tomo::FlatStore::erase_in_read_local(int, unsigned long, tomo::Slice, bool*)
DIFF cmd/t_string_notify.o 1315 1345 tomo::FlatStore::insert_into_read_local(int, unsigned long, tomo::KvObj*, bool)
DIFF cmd/t_string_notify.o 564 580 tomo::FlatStore::erase_in(int, unsigned long, tomo::Slice, bool*)
DIFF cmd/t_string_notify.o 1135 1165 tomo::FlatStore::insert_into(int, unsigned long, tomo::KvObj*, bool)
DIFF cmd/t_string_notify.o 1304 1320 tomo::FlatStore::erase(unsigned long, tomo::Slice)
DIFF cmd/t_zset.o 855 871 tomo::FlatStore::erase_in_read_local(int, unsigned long, tomo::Slice, bool*)
DIFF cmd/t_zset.o 1315 1345 tomo::FlatStore::insert_into_read_local(int, unsigned long, tomo::KvObj*, bool)
DIFF cmd/t_zset.o 564 580 tomo::FlatStore::erase_in(int, unsigned long, tomo::Slice, bool*)
DIFF cmd/t_zset.o 915 942 tomo::FlatStore::insert_into(int, unsigned long, tomo::KvObj*, bool)
DIFF cmd/xshard.o 855 871 tomo::FlatStore::erase_in_read_local(int, unsigned long, tomo::Slice, bool*)
DIFF cmd/xshard.o 1102 1132 tomo::FlatStore::insert_into_read_local(int, unsigned long, tomo::KvObj*, bool)
DIFF cmd/xshard.o 987 1014 tomo::FlatStore::insert_into(int, unsigned long, tomo::KvObj*, bool)
DIFF cmd/xshard.o 772 783 tomo::FlatStore::erase_in(int, unsigned long, tomo::Slice, bool*)
DIFF cmd/xshard.o 1093 1109 tomo::FlatStore::erase(unsigned long, tomo::Slice)
DIFF cmd/xshard.o 1558 1590 tomo::FlatStore::insert_read_local(unsigned long, tomo::KvObj*)
DIFF core/genthread.o 1423 1464 tomo::FlatStore::insert_into_read_local(int, unsigned long, tomo::KvObj*, bool)
DIFF core/genthread.o 855 871 tomo::FlatStore::erase_in_read_local(int, unsigned long, tomo::Slice, bool*)
DIFF core/genthread.o 991 1018 tomo::FlatStore::insert_into(int, unsigned long, tomo::KvObj*, bool)
DIFF core/genthread.o 772 783 tomo::FlatStore::erase_in(int, unsigned long, tomo::Slice, bool*)
DIFF core/genthread.o 894 910 tomo::FlatStore::erase(unsigned long, tomo::Slice)
DIFF core/reorder.o 1567 1631 tomo::FlatStore::insert_into_read_local(int, unsigned long, tomo::KvObj*, bool)
DIFF core/reorder.o 1150 1166 tomo::FlatStore::erase_in_read_local(int, unsigned long, tomo::Slice, bool*)
DIFF core/reorder.o 1181 1213 tomo::FlatStore::insert_into(int, unsigned long, tomo::KvObj*, bool)
DIFF core/reorder.o 914 885 tomo::FlatStore::erase_in(int, unsigned long, tomo::Slice, bool*)
DIFF core/reorder.o 1128 1144 tomo::FlatStore::erase(unsigned long, tomo::Slice)
DIFF core/reorder.o 2559 3182 unsigned int tomo::ExLoopT<true>::drain_tasks<32u, false>(bool)
DIFF core/reorder.o 17907 18129 tomo::IoLoop::DispatchResult tomo::IoLoop::r7_parse_and_dispatch<false, 32u, false, false>(tomo::Client*)
DIFF core/reorder.o 17948 18305 tomo::IoLoop::DispatchResult tomo::IoLoop::r7_parse_and_dispatch<true, 32u, false, false>(tomo::Client*)
DIFF core/reorder.o 2897 2960 unsigned int tomo::IoLoop::r7_flush_ready<false, true, true, false, false, false>()
DIFF core/rl2s.o 855 871 tomo::FlatStore::erase_in_read_local(int, unsigned long, tomo::Slice, bool*)
DIFF core/rl2s.o 1105 1135 tomo::FlatStore::insert_into_read_local(int, unsigned long, tomo::KvObj*, bool)
DIFF core/rl2s.o 915 942 tomo::FlatStore::insert_into(int, unsigned long, tomo::KvObj*, bool)
DIFF core/rl2s.o 564 580 tomo::FlatStore::erase_in(int, unsigned long, tomo::Slice, bool*)
DIFF core/rl2s.o 894 910 tomo::FlatStore::erase(unsigned long, tomo::Slice)
DIFF core/rl2s.o 772 852 auto tomo::IoLoop::parse_and_dispatch<true, 0u, true, true>(tomo::Client*)::{lambda(auto:1&&)#1}::operator()<tomo::IoLoop::parse_and_dispatch<true, 0u, true, true>(tomo::Client*)::{lambda(unsigned long)#1}::operator()(unsigned long) const::{lambda(tomo::Op const&)#1}>(tomo::IoLoop::parse_and_dispatch<true, 0u, true, true>(tomo::Client*)::{lambda(unsigned long)#1}::operator()(unsigned long) const::{lambda(tomo::Op const&)#1}&&) const
DIFF core/rl2s.o 772 852 auto tomo::IoLoop::parse_and_dispatch<true, 0u, true, true>(tomo::Client*)::{lambda(auto:1&&)#4}::operator()<tomo::IoLoop::parse_and_dispatch<true, 0u, true, true>(tomo::Client*)::{lambda(unsigned long)#5}::operator()(unsigned long) const::{lambda(tomo::Op const&)#1}>(tomo::IoLoop::parse_and_dispatch<true, 0u, true, true>(tomo::Client*)::{lambda(unsigned long)#5}::operator()(unsigned long) const::{lambda(tomo::Op const&)#1}&&) const
DIFF core/rl2s.o 745 745 void tomo::IoLoop::on_cqe<true, true, true, (unsigned char)0>(io_uring_cqe*)
DIFF core/rl2s.o 3882 3866 void tomo::IoLoop::run_loop<false, false, false, true, (unsigned char)1, true>()
DIFF main.o 1618 1602 bool tomo::IoLoop::drive_tls<true, false, (unsigned char)1>(tomo::Client*) [clone .isra.0]
DIFF main.o 1684 1668 bool tomo::IoLoop::drive_tls<false, false, (unsigned char)0>(tomo::Client*) [clone .isra.0]
DIFF main.o 1423 1464 tomo::FlatStore::insert_into_read_local(int, unsigned long, tomo::KvObj*, bool)
DIFF main.o 1012 1044 tomo::FlatStore::erase_in_read_local(int, unsigned long, tomo::Slice, bool*)
DIFF main.o 991 1018 tomo::FlatStore::insert_into(int, unsigned long, tomo::KvObj*, bool)
DIFF main.o 772 783 tomo::FlatStore::erase_in(int, unsigned long, tomo::Slice, bool*)
DIFF main.o 894 910 tomo::FlatStore::erase(unsigned long, tomo::Slice)
DIFF main.o 4421 4136 void tomo::IoLoop::run_loop<true, true, false, false, (unsigned char)0, false>()
DIFF persist/aof.o 520 538 tomo::FlatStore::erase_in_read_local(int, unsigned long, tomo::Slice, bool*)
DIFF persist/aof.o 1375 1405 tomo::FlatStore::insert_into_read_local(int, unsigned long, tomo::KvObj*, bool)
DIFF persist/aof.o 564 580 tomo::FlatStore::erase_in(int, unsigned long, tomo::Slice, bool*)
DIFF persist/aof.o 1213 1243 tomo::FlatStore::insert_into(int, unsigned long, tomo::KvObj*, bool)
DIFF persist/aof.o 1304 819 tomo::FlatStore::erase(unsigned long, tomo::Slice)
DIFF snapshot/snapshot.o 346 540 tomo::FlatStore::find_in(int, unsigned long, tomo::Slice) const
DIFF snapshot/snapshot.o 855 871 tomo::FlatStore::erase_in_read_local(int, unsigned long, tomo::Slice, bool*)
DIFF snapshot/snapshot.o 1375 1405 tomo::FlatStore::insert_into_read_local(int, unsigned long, tomo::KvObj*, bool)
DIFF snapshot/snapshot.o 564 580 tomo::FlatStore::erase_in(int, unsigned long, tomo::Slice, bool*)
DIFF snapshot/snapshot.o 1213 1243 tomo::FlatStore::insert_into(int, unsigned long, tomo::KvObj*, bool)
