topology: 1 L3 domain(s)
  domain  0: 8 cpus [112,113,114,115,116,117,118,119]
tomokv-cpp: 8 unified threads, 16 shard(s), thread-mode=1s, overlap=0 (executor prefetch; ordinary IO), io_uring, alloc=jemalloc, reorder=0, read-local=1
  thread t0: role=unified cpu=112 L3=0 shards=2 send=self
  thread t1: role=unified cpu=113 L3=0 shards=2 send=self
  thread t2: role=unified cpu=114 L3=0 shards=2 send=self
  thread t3: role=unified cpu=115 L3=0 shards=2 send=self
  thread t4: role=unified cpu=116 L3=0 shards=2 send=self
  thread t5: role=unified cpu=117 L3=0 shards=2 send=self
  thread t6: role=unified cpu=118 L3=0 shards=2 send=self
  thread t7: role=unified cpu=119 L3=0 shards=2 send=self
listening on 127.0.0.1:18340
persistence: enabled=0 posted=0 flushed=0 durable=0 refused=0 pending_chunks=0 producers_with_pending=0 drain_gave_up=0 failed=0

thread role          ops      iters   busy_ms   idle_ms    cpu_ms   wake_tx  wake_rx
t0     uni             2        182       0.2     286.7       0.8         1        2
io_tenure t0/0 busy_ns=167440 idle_ns=286720217 entry_ns=3160530988049437 begin_ns=3160530988049467 end_ns=3160531274937124 exit_ns=3160531274937244 role_exit=0 stopped=1
t1     uni             3        244       0.3     286.6       0.9         2        5
io_tenure t1/0 busy_ns=334651 idle_ns=286554456 entry_ns=3160530988046807 begin_ns=3160530988046837 end_ns=3160531274935944 exit_ns=3160531274936084 role_exit=0 stopped=1
t2     uni             2        189       0.2     286.7       0.7         0        1
io_tenure t2/0 busy_ns=162790 idle_ns=286725967 entry_ns=3160530988048597 begin_ns=3160530988048627 end_ns=3160531274937384 exit_ns=3160531274937514 role_exit=0 stopped=1
t3     uni             7        160       0.2     286.7       0.7         4        9
io_tenure t3/0 busy_ns=211001 idle_ns=286679216 entry_ns=3160530988047067 begin_ns=3160530988047097 end_ns=3160531274937314 exit_ns=3160531274937434 role_exit=0 stopped=1
t4     uni             2        161       0.2     286.7       0.7         0        1
io_tenure t4/0 busy_ns=159340 idle_ns=286735267 entry_ns=3160530988047587 begin_ns=3160530988047617 end_ns=3160531274942224 exit_ns=3160531274942254 role_exit=0 stopped=1
t5     uni             6         91       0.8     286.1       1.4         9       12
io_tenure t5/0 busy_ns=836284 idle_ns=286051213 entry_ns=3160530988046277 begin_ns=3160530988046307 end_ns=3160531274933804 exit_ns=3160531274933934 role_exit=0 stopped=1
t6     uni             2        176       0.4     286.5       1.0         0        1
io_tenure t6/0 busy_ns=424972 idle_ns=286462925 entry_ns=3160530988047567 begin_ns=3160530988047597 end_ns=3160531274935494 exit_ns=3160531274935624 role_exit=0 stopped=1
t7     uni             2        124       0.2     286.7       0.6         0        1
io_tenure t7/0 busy_ns=156131 idle_ns=286732746 entry_ns=3160530988044887 begin_ns=3160530988044907 end_ns=3160531274933784 exit_ns=3160531274933914 role_exit=0 stopped=1
wb: retired=10 direct=1 sends=10/10 short=0 err=0 peer_aborts=0 bytes=10900 zc_sends=0 zc_bytes=0 zc_releases=0 serves=11 empty=1
tls: accepts=0 handshakes=0/0 failed=0 freed=0 want_read=0 want_write=0 cipher_in=0 plain_in=0 cipher_out=0 plain_out=0 zc_suppressed=0 ktls_active=0 ktls_fallback=0
stuck: live_conns=0 rob_not_quiesced=0 unsent_bytes_pending=0 | slots done=0 issued=0 free=0 flag_set=0
shutdown: unified_work=26 accepts=3 accept_err=0 rearm=0 sqe_starved=0 notify_drop=0
shutdown_report {"schema":1,"thread_mode":"1s","work":{"kind":"fused","unified":26},"threads":[{"tid":0,"role":"fused","ops":2,"iterations":182,"busy_ns":167440,"idle_ns":286720217,"cpu_ns":815508,"wake_tx":1,"wake_rx":2,"io_tenures":[{"entry_ns":3160530988049437,"begin_ns":3160530988049467,"end_ns":3160531274937124,"exit_ns":3160531274937244,"busy_ns":167440,"idle_ns":286720217,"role_exit":false,"stopped":true,"did_submit":0,"sweep_submit":0,"park":0}]},{"tid":1,"role":"fused","ops":3,"iterations":244,"busy_ns":334651,"idle_ns":286554456,"cpu_ns":935109,"wake_tx":2,"wake_rx":5,"io_tenures":[{"entry_ns":3160530988046807,"begin_ns":3160530988046837,"end_ns":3160531274935944,"exit_ns":3160531274936084,"busy_ns":334651,"idle_ns":286554456,"role_exit":false,"stopped":true,"did_submit":0,"sweep_submit":0,"park":0}]},{"tid":2,"role":"fused","ops":2,"iterations":189,"busy_ns":162790,"idle_ns":286725967,"cpu_ns":695725,"wake_tx":0,"wake_rx":1,"io_tenures":[{"entry_ns":3160530988048597,"begin_ns":3160530988048627,"end_ns":3160531274937384,"exit_ns":3160531274937514,"busy_ns":162790,"idle_ns":286725967,"role_exit":false,"stopped":true,"did_submit":0,"sweep_submit":0,"park":0}]},{"tid":3,"role":"fused","ops":7,"iterations":160,"busy_ns":211001,"idle_ns":286679216,"cpu_ns":748341,"wake_tx":4,"wake_rx":9,"io_tenures":[{"entry_ns":3160530988047067,"begin_ns":3160530988047097,"end_ns":3160531274937314,"exit_ns":3160531274937434,"busy_ns":211001,"idle_ns":286679216,"role_exit":false,"stopped":true,"did_submit":0,"sweep_submit":0,"park":0}]},{"tid":4,"role":"fused","ops":2,"iterations":161,"busy_ns":159340,"idle_ns":286735267,"cpu_ns":690460,"wake_tx":0,"wake_rx":1,"io_tenures":[{"entry_ns":3160530988047587,"begin_ns":3160530988047617,"end_ns":3160531274942224,"exit_ns":3160531274942254,"busy_ns":159340,"idle_ns":286735267,"role_exit":false,"stopped":true,"did_submit":0,"sweep_submit":0,"park":0}]},{"tid":5,"role":"fused","ops":6,"iterations":91,"busy_ns":836284,"idle_ns":286051213,"cpu_ns":1399345,"wake_tx":9,"wake_rx":12,"io_tenures":[{"entry_ns":3160530988046277,"begin_ns":3160530988046307,"end_ns":3160531274933804,"exit_ns":3160531274933934,"busy_ns":836284,"idle_ns":286051213,"role_exit":false,"stopped":true,"did_submit":0,"sweep_submit":0,"park":0}]},{"tid":6,"role":"fused","ops":2,"iterations":176,"busy_ns":424972,"idle_ns":286462925,"cpu_ns":979262,"wake_tx":0,"wake_rx":1,"io_tenures":[{"entry_ns":3160530988047567,"begin_ns":3160530988047597,"end_ns":3160531274935494,"exit_ns":3160531274935624,"busy_ns":424972,"idle_ns":286462925,"role_exit":false,"stopped":true,"did_submit":0,"sweep_submit":0,"park":0}]},{"tid":7,"role":"fused","ops":2,"iterations":124,"busy_ns":156131,"idle_ns":286732746,"cpu_ns":645207,"wake_tx":0,"wake_rx":1,"io_tenures":[{"entry_ns":3160530988044887,"begin_ns":3160530988044907,"end_ns":3160531274933784,"exit_ns":3160531274933914,"busy_ns":156131,"idle_ns":286732746,"role_exit":false,"stopped":true,"did_submit":0,"sweep_submit":0,"park":0}]}],"wb":{"retired":10,"direct":1,"sends_completed":10,"sends_submitted":10,"short_writes":0,"send_errors":0,"peer_aborts":0,"bytes_sent":10900,"zc_sends":0,"zc_bytes":0,"zc_releases":0,"serves":11,"serves_empty":1},"tls":{"accepts":0,"handshakes_completed":0,"handshakes_started":0,"handshakes_failed":0,"connections_freed":0,"want_read":0,"want_write":0,"ciphertext_input_bytes":0,"plaintext_input_bytes":0,"ciphertext_output_bytes":0,"plaintext_output_bytes":0,"zc_suppressed":0,"ktls_active":0,"ktls_fallback":0},"stuck":{"live_conns":0,"rob_not_quiesced":0,"unsent_bytes_pending":0,"slots_done":0,"slots_issued":0,"slots_free":0,"flag_set":0},"epoll":{"enabled":false,"events":0,"recvs":0},"persistence":{"enabled":false,"recording":false,"failed":false,"drain_gave_up":false,"posted":0,"flushed":0,"durable":0,"refused":0,"pending_chunks":0,"records_written":0,"producers_with_pending":0,"producers_stopped":0,"producers_expected":0,"completions_pending":0},"accept":{"accepts":3,"accept_err":0,"rearm":0,"sqe_starved":0,"notify_drop":0}}
