topology: 1 L3 domain(s)
  domain  0: 8 cpus [112,113,114,115,116,117,118,119]
tomokv-cpp: 8 unified threads, 16 shard(s), thread-mode=1s, overlap=0 (executor prefetch; ordinary IO), io_uring, alloc=jemalloc, reorder=0, read-local=1
  thread t0: role=unified cpu=112 L3=0 shards=2 send=self
  thread t1: role=unified cpu=113 L3=0 shards=2 send=self
  thread t2: role=unified cpu=114 L3=0 shards=2 send=self
  thread t3: role=unified cpu=115 L3=0 shards=2 send=self
  thread t4: role=unified cpu=116 L3=0 shards=2 send=self
  thread t5: role=unified cpu=117 L3=0 shards=2 send=self
  thread t6: role=unified cpu=118 L3=0 shards=2 send=self
  thread t7: role=unified cpu=119 L3=0 shards=2 send=self
listening on 127.0.0.1:18179
persistence: enabled=0 posted=0 flushed=0 durable=0 refused=0 pending_chunks=0 producers_with_pending=0 drain_gave_up=0 failed=0

thread role          ops      iters   busy_ms   idle_ms    cpu_ms   wake_tx  wake_rx
t0     uni          4209      87717     191.1    5573.0     204.6       230      263
io_tenure t0/0 busy_ns=191060036 idle_ns=5573045909 entry_ns=2984327270621492 begin_ns=2984327270621522 end_ns=2984333034727467 exit_ns=2984333034727597 role_exit=0 stopped=1
t1     uni            75      24305      15.3    5748.8      16.7        13       56
io_tenure t1/0 busy_ns=15323409 idle_ns=5748769886 entry_ns=2984327270632282 begin_ns=2984327270632302 end_ns=2984333034725597 exit_ns=2984333034725717 role_exit=0 stopped=1
t2     uni            70      19377      20.7    5743.5      15.7        33       73
io_tenure t2/0 busy_ns=20670151 idle_ns=5743464374 entry_ns=2984327270621792 begin_ns=2984327270621812 end_ns=2984333034756337 exit_ns=2984333034756377 role_exit=0 stopped=1
t3     uni            73      20318      13.1    5751.0      14.5         9       53
io_tenure t3/0 busy_ns=13106817 idle_ns=5750997978 entry_ns=2984327270624502 begin_ns=2984327270624522 end_ns=2984333034729317 exit_ns=2984333034729587 role_exit=0 stopped=1
t4     uni            75      25357      16.0    5748.1      17.3        11       57
io_tenure t4/0 busy_ns=15974920 idle_ns=5748126655 entry_ns=2984327270631042 begin_ns=2984327270631072 end_ns=2984333034732647 exit_ns=2984333034732697 role_exit=0 stopped=1
t5     uni            77      21676      14.6    5749.4      16.2        28       76
io_tenure t5/0 busy_ns=14646549 idle_ns=5749441746 entry_ns=2984327270633702 begin_ns=2984327270633732 end_ns=2984333034722027 exit_ns=2984333034722057 role_exit=0 stopped=1
t6     uni            74      13102       9.1    5755.1      10.3         8       50
io_tenure t6/0 busy_ns=9054467 idle_ns=5755050798 entry_ns=2984327270616852 begin_ns=2984327270616872 end_ns=2984333034722137 exit_ns=2984333034722277 role_exit=0 stopped=1
t7     uni            78      24954      16.4    5747.7      17.8        11       58
io_tenure t7/0 busy_ns=16443320 idle_ns=5747652505 entry_ns=2984327270626432 begin_ns=2984327270626582 end_ns=2984333034722407 exit_ns=2984333034722647 role_exit=0 stopped=1
wb: retired=3367 direct=2048 sends=3367/3367 short=0 err=0 peer_aborts=0 bytes=6367166 zc_sends=0 zc_bytes=0 zc_releases=0 serves=4273 empty=906
tls: accepts=0 handshakes=0/0 failed=0 freed=0 want_read=0 want_write=0 cipher_in=0 plain_in=0 cipher_out=0 plain_out=0 zc_suppressed=0 ktls_active=0 ktls_fallback=0
stuck: live_conns=0 rob_not_quiesced=0 unsent_bytes_pending=0 | slots done=0 issued=0 free=0 flag_set=0
shutdown: unified_work=4731 accepts=50 accept_err=0 rearm=0 sqe_starved=0 notify_drop=0
shutdown_report {"schema":1,"thread_mode":"1s","work":{"kind":"fused","unified":4731},"threads":[{"tid":0,"role":"fused","ops":4209,"iterations":87717,"busy_ns":191060036,"idle_ns":5573045909,"cpu_ns":204619859,"wake_tx":230,"wake_rx":263,"io_tenures":[{"entry_ns":2984327270621492,"begin_ns":2984327270621522,"end_ns":2984333034727467,"exit_ns":2984333034727597,"busy_ns":191060036,"idle_ns":5573045909,"role_exit":false,"stopped":true,"did_submit":0,"sweep_submit":0,"park":0}]},{"tid":1,"role":"fused","ops":75,"iterations":24305,"busy_ns":15323409,"idle_ns":5748769886,"cpu_ns":16650940,"wake_tx":13,"wake_rx":56,"io_tenures":[{"entry_ns":2984327270632282,"begin_ns":2984327270632302,"end_ns":2984333034725597,"exit_ns":2984333034725717,"busy_ns":15323409,"idle_ns":5748769886,"role_exit":false,"stopped":true,"did_submit":0,"sweep_submit":0,"park":0}]},{"tid":2,"role":"fused","ops":70,"iterations":19377,"busy_ns":20670151,"idle_ns":5743464374,"cpu_ns":15701877,"wake_tx":33,"wake_rx":73,"io_tenures":[{"entry_ns":2984327270621792,"begin_ns":2984327270621812,"end_ns":2984333034756337,"exit_ns":2984333034756377,"busy_ns":20670151,"idle_ns":5743464374,"role_exit":false,"stopped":true,"did_submit":0,"sweep_submit":0,"park":0}]},{"tid":3,"role":"fused","ops":73,"iterations":20318,"busy_ns":13106817,"idle_ns":5750997978,"cpu_ns":14528841,"wake_tx":9,"wake_rx":53,"io_tenures":[{"entry_ns":2984327270624502,"begin_ns":2984327270624522,"end_ns":2984333034729317,"exit_ns":2984333034729587,"busy_ns":13106817,"idle_ns":5750997978,"role_exit":false,"stopped":true,"did_submit":0,"sweep_submit":0,"park":0}]},{"tid":4,"role":"fused","ops":75,"iterations":25357,"busy_ns":15974920,"idle_ns":5748126655,"cpu_ns":17305709,"wake_tx":11,"wake_rx":57,"io_tenures":[{"entry_ns":2984327270631042,"begin_ns":2984327270631072,"end_ns":2984333034732647,"exit_ns":2984333034732697,"busy_ns":15974920,"idle_ns":5748126655,"role_exit":false,"stopped":true,"did_submit":0,"sweep_submit":0,"park":0}]},{"tid":5,"role":"fused","ops":77,"iterations":21676,"busy_ns":14646549,"idle_ns":5749441746,"cpu_ns":16225687,"wake_tx":28,"wake_rx":76,"io_tenures":[{"entry_ns":2984327270633702,"begin_ns":2984327270633732,"end_ns":2984333034722027,"exit_ns":2984333034722057,"busy_ns":14646549,"idle_ns":5749441746,"role_exit":false,"stopped":true,"did_submit":0,"sweep_submit":0,"park":0}]},{"tid":6,"role":"fused","ops":74,"iterations":13102,"busy_ns":9054467,"idle_ns":5755050798,"cpu_ns":10282240,"wake_tx":8,"wake_rx":50,"io_tenures":[{"entry_ns":2984327270616852,"begin_ns":2984327270616872,"end_ns":2984333034722137,"exit_ns":2984333034722277,"busy_ns":9054467,"idle_ns":5755050798,"role_exit":false,"stopped":true,"did_submit":0,"sweep_submit":0,"park":0}]},{"tid":7,"role":"fused","ops":78,"iterations":24954,"busy_ns":16443320,"idle_ns":5747652505,"cpu_ns":17793936,"wake_tx":11,"wake_rx":58,"io_tenures":[{"entry_ns":2984327270626432,"begin_ns":2984327270626582,"end_ns":2984333034722407,"exit_ns":2984333034722647,"busy_ns":16443320,"idle_ns":5747652505,"role_exit":false,"stopped":true,"did_submit":0,"sweep_submit":0,"park":0}]}],"wb":{"retired":3367,"direct":2048,"sends_completed":3367,"sends_submitted":3367,"short_writes":0,"send_errors":0,"peer_aborts":0,"bytes_sent":6367166,"zc_sends":0,"zc_bytes":0,"zc_releases":0,"serves":4273,"serves_empty":906},"tls":{"accepts":0,"handshakes_completed":0,"handshakes_started":0,"handshakes_failed":0,"connections_freed":0,"want_read":0,"want_write":0,"ciphertext_input_bytes":0,"plaintext_input_bytes":0,"ciphertext_output_bytes":0,"plaintext_output_bytes":0,"zc_suppressed":0,"ktls_active":0,"ktls_fallback":0},"stuck":{"live_conns":0,"rob_not_quiesced":0,"unsent_bytes_pending":0,"slots_done":0,"slots_issued":0,"slots_free":0,"flag_set":0},"epoll":{"enabled":false,"events":0,"recvs":0},"persistence":{"enabled":false,"recording":false,"failed":false,"drain_gave_up":false,"posted":0,"flushed":0,"durable":0,"refused":0,"pending_chunks":0,"records_written":0,"producers_with_pending":0,"producers_stopped":0,"producers_expected":0,"completions_pending":0},"accept":{"accepts":50,"accept_err":0,"rearm":0,"sqe_starved":0,"notify_drop":0}}
