  row budget: 900s; median=0.08s; correctness-plan-fallback; configuration reduction + actual geometry (uring, atomic 0)
  configuration reduction + actual geometry (uring, atomic 0) ok
  row budget: 900s; median=0.45s; correctness-plan-fallback; AOF byte-exact + script groups + DEBUG LOADAOF (uring, atomic 0)
  AOF byte-exact + script groups + DEBUG LOADAOF (uring, atomic 0) ok
  row budget: 900s; median=0.04s; correctness-plan-fallback; AOF writer fired (records=N)
  AOF writer fired (records=977)                       ok
  row budget: 900s; median=0.045s; correctness-plan-fallback; AOF process-restart script replay (uring, atomic 0)
  AOF process-restart script replay (uring, atomic 0)  ok
  row budget: 900s; median=0.04s; correctness-plan-fallback; AOF native snapshot streams byte-exact
  AOF native snapshot streams byte-exact               ok
  row budget: 900s; median=0.01s; correctness-plan-fallback; AOF replay fired (records=N skipped=N)
  AOF replay fired (records=977 skipped=0)             ok
  row budget: 900s; median=0.075s; correctness-plan-fallback; configuration reduction + actual geometry (uring, atomic 1)
  configuration reduction + actual geometry (uring, atomic 1) ok
  row budget: 900s; median=0.455s; correctness-plan-fallback; AOF byte-exact + script groups + DEBUG LOADAOF (uring, atomic 1)
  AOF byte-exact + script groups + DEBUG LOADAOF (uring, atomic 1) ok
  row budget: 900s; median=0.04s; correctness-plan-fallback; AOF writer fired (records=N)
  AOF writer fired (records=978)                       ok
  row budget: 900s; median=0.04s; correctness-plan-fallback; AOF process-restart script replay (uring, atomic 1)
  AOF process-restart script replay (uring, atomic 1)  ok
  row budget: 900s; median=0.04s; correctness-plan-fallback; AOF native snapshot streams byte-exact
  AOF native snapshot streams byte-exact               ok
  row budget: 900s; median=0.01s; correctness-plan-fallback; AOF replay fired (records=N skipped=N)
  AOF replay fired (records=978 skipped=0)             ok
  row budget: 900s; median=0.325s; correctness-plan-fallback; AOF directed group interruption fired
  AOF directed group interruption fired                ok
  row budget: 900s; median=0.05s; correctness-plan-fallback; AOF atomic-group recovery + writer order
  AOF atomic-group recovery + writer order             ok
  row budget: 900s; median=0.02s; correctness-plan-fallback; AOF group shutdown invariants
  AOF group shutdown invariants                        ok
  row budget: 900s; median=0.915s; correctness-plan-fallback; AOF always sync + reply gate fired
  AOF always sync + reply gate fired                   ok
  row budget: 900s; median=0.03s; correctness-plan-fallback; AOF always recovery after quiescent SIGKILL
  AOF always recovery after quiescent SIGKILL          ok
  row budget: 900s; median=4.12s; correctness-plan-fallback; AOF in-window kill recovery (2s, uring)
  AOF in-window kill recovery (2s, uring)              ok
  row budget: 900s; median=4.705s; correctness-plan-fallback; AOF in-window term recovery (2s, uring)
  AOF in-window term recovery (2s, uring)              ok
  row budget: 900s; median=3.855s; correctness-plan-fallback; AOF in-window kill recovery (1s, uring)
  AOF in-window kill recovery (1s, uring)              ok
  row budget: 900s; median=5.68s; correctness-plan-fallback; AOF in-window term recovery (1s, uring)
  AOF in-window term recovery (1s, uring)              ok
  row budget: 900s; median=2.21s; correctness-plan-fallback; AOF everysec write gate + idle sync fired
  AOF everysec write gate + idle sync fired            ok
  row budget: 900s; median=0.03s; correctness-plan-fallback; AOF everysec durability window + tail warning
  AOF everysec durability window + tail warning        ok
  row budget: 900s; median=0.03s; correctness-plan-fallback; AOF no-sync bypassed sync + reply gate
  AOF no-sync bypassed sync + reply gate               ok
  row budget: 900s; median=8.39s; correctness-plan-fallback; AOF rewrite atomic/stage/corruption matrix
  AOF rewrite atomic/stage/corruption matrix           ok
  row budget: 900s; median=7.93s; correctness-plan-fallback; AOF rewrite triggers + observability matrix
  AOF rewrite triggers + observability matrix          ok
  row budget: 900s; median=0.01s; correctness-plan-fallback; AOF-off negative-control seed landed
  AOF-off negative-control seed landed                 ok
  row budget: 900s; median=0.01s; correctness-plan-fallback; AOF-off negative control lost data
  AOF-off negative control lost data                   ok
