topology: 1 L3 domain(s)
  domain  0: 8 cpus [112,113,114,115,116,117,118,119]
tomokv-cpp: 8 unified threads, 16 shard(s), thread-mode=1s, overlap=0 (executor prefetch; ordinary IO), io_uring, alloc=jemalloc, reorder=0, read-local=1
  thread t0: role=unified cpu=112 L3=0 shards=2 send=self
  thread t1: role=unified cpu=113 L3=0 shards=2 send=self
  thread t2: role=unified cpu=114 L3=0 shards=2 send=self
  thread t3: role=unified cpu=115 L3=0 shards=2 send=self
  thread t4: role=unified cpu=116 L3=0 shards=2 send=self
  thread t5: role=unified cpu=117 L3=0 shards=2 send=self
  thread t6: role=unified cpu=118 L3=0 shards=2 send=self
  thread t7: role=unified cpu=119 L3=0 shards=2 send=self
listening on 127.0.0.1:18340
persistence: enabled=0 posted=0 flushed=0 durable=0 refused=0 pending_chunks=0 producers_with_pending=0 drain_gave_up=0 failed=0

thread role          ops      iters   busy_ms   idle_ms    cpu_ms   wake_tx  wake_rx
t0     uni             2        195       0.5     292.5       1.1         1        2
io_tenure t0/0 busy_ns=457600 idle_ns=292458538 entry_ns=3160531898886139 begin_ns=3160531898886169 end_ns=3160532191802307 exit_ns=3160532191802338 role_exit=0 stopped=1
t1     uni             7        190       0.2     292.7       0.8         4        8
io_tenure t1/0 busy_ns=219471 idle_ns=292685658 entry_ns=3160531898888369 begin_ns=3160531898888389 end_ns=3160532191793518 exit_ns=3160532191793658 role_exit=0 stopped=1
t2     uni             2        152       0.2     292.7       0.7         1        2
io_tenure t2/0 busy_ns=175740 idle_ns=292736098 entry_ns=3160531898885219 begin_ns=3160531898885249 end_ns=3160532191797087 exit_ns=3160532191797218 role_exit=0 stopped=1
t3     uni             2        179       0.2     292.7       0.7         0        1
io_tenure t3/0 busy_ns=169110 idle_ns=292740839 entry_ns=3160531898886479 begin_ns=3160531898886509 end_ns=3160532191796458 exit_ns=3160532191796598 role_exit=0 stopped=1
t4     uni             3        214       0.4     292.6       0.9         3        6
io_tenure t4/0 busy_ns=350161 idle_ns=292556568 entry_ns=3160531898887059 begin_ns=3160531898887089 end_ns=3160532191793818 exit_ns=3160532191794067 role_exit=0 stopped=1
t5     uni             6         86       0.9     292.1       1.4         8       13
io_tenure t5/0 busy_ns=850896 idle_ns=292057872 entry_ns=3160531898886999 begin_ns=3160531898887019 end_ns=3160532191795787 exit_ns=3160532191795927 role_exit=0 stopped=1
t6     uni             2        144       0.1     292.7       0.7         0        1
io_tenure t6/0 busy_ns=149449 idle_ns=292735389 entry_ns=3160531898910069 begin_ns=3160531898910089 end_ns=3160532191794927 exit_ns=3160532191795067 role_exit=0 stopped=1
t7     uni             2        149       0.2     292.7       0.7         0        1
io_tenure t7/0 busy_ns=172502 idle_ns=292736267 entry_ns=3160531898885279 begin_ns=3160531898885309 end_ns=3160532191794078 exit_ns=3160532191794218 role_exit=0 stopped=1
wb: retired=10 direct=1 sends=10/10 short=0 err=0 peer_aborts=0 bytes=10900 zc_sends=0 zc_bytes=0 zc_releases=0 serves=11 empty=1
tls: accepts=0 handshakes=0/0 failed=0 freed=0 want_read=0 want_write=0 cipher_in=0 plain_in=0 cipher_out=0 plain_out=0 zc_suppressed=0 ktls_active=0 ktls_fallback=0
stuck: live_conns=0 rob_not_quiesced=0 unsent_bytes_pending=0 | slots done=0 issued=0 free=0 flag_set=0
shutdown: unified_work=26 accepts=3 accept_err=0 rearm=0 sqe_starved=0 notify_drop=0
shutdown_report {"schema":1,"thread_mode":"1s","work":{"kind":"fused","unified":26},"threads":[{"tid":0,"role":"fused","ops":2,"iterations":195,"busy_ns":457600,"idle_ns":292458538,"cpu_ns":1100600,"wake_tx":1,"wake_rx":2,"io_tenures":[{"entry_ns":3160531898886139,"begin_ns":3160531898886169,"end_ns":3160532191802307,"exit_ns":3160532191802338,"busy_ns":457600,"idle_ns":292458538,"role_exit":false,"stopped":true,"did_submit":0,"sweep_submit":0,"park":0}]},{"tid":1,"role":"fused","ops":7,"iterations":190,"busy_ns":219471,"idle_ns":292685658,"cpu_ns":779760,"wake_tx":4,"wake_rx":8,"io_tenures":[{"entry_ns":3160531898888369,"begin_ns":3160531898888389,"end_ns":3160532191793518,"exit_ns":3160532191793658,"busy_ns":219471,"idle_ns":292685658,"role_exit":false,"stopped":true,"did_submit":0,"sweep_submit":0,"park":0}]},{"tid":2,"role":"fused","ops":2,"iterations":152,"busy_ns":175740,"idle_ns":292736098,"cpu_ns":652950,"wake_tx":1,"wake_rx":2,"io_tenures":[{"entry_ns":3160531898885219,"begin_ns":3160531898885249,"end_ns":3160532191797087,"exit_ns":3160532191797218,"busy_ns":175740,"idle_ns":292736098,"role_exit":false,"stopped":true,"did_submit":0,"sweep_submit":0,"park":0}]},{"tid":3,"role":"fused","ops":2,"iterations":179,"busy_ns":169110,"idle_ns":292740839,"cpu_ns":715570,"wake_tx":0,"wake_rx":1,"io_tenures":[{"entry_ns":3160531898886479,"begin_ns":3160531898886509,"end_ns":3160532191796458,"exit_ns":3160532191796598,"busy_ns":169110,"idle_ns":292740839,"role_exit":false,"stopped":true,"did_submit":0,"sweep_submit":0,"park":0}]},{"tid":4,"role":"fused","ops":3,"iterations":214,"busy_ns":350161,"idle_ns":292556568,"cpu_ns":858470,"wake_tx":3,"wake_rx":6,"io_tenures":[{"entry_ns":3160531898887059,"begin_ns":3160531898887089,"end_ns":3160532191793818,"exit_ns":3160532191794067,"busy_ns":350161,"idle_ns":292556568,"role_exit":false,"stopped":true,"did_submit":0,"sweep_submit":0,"park":0}]},{"tid":5,"role":"fused","ops":6,"iterations":86,"busy_ns":850896,"idle_ns":292057872,"cpu_ns":1447140,"wake_tx":8,"wake_rx":13,"io_tenures":[{"entry_ns":3160531898886999,"begin_ns":3160531898887019,"end_ns":3160532191795787,"exit_ns":3160532191795927,"busy_ns":850896,"idle_ns":292057872,"role_exit":false,"stopped":true,"did_submit":0,"sweep_submit":0,"park":0}]},{"tid":6,"role":"fused","ops":2,"iterations":144,"busy_ns":149449,"idle_ns":292735389,"cpu_ns":664950,"wake_tx":0,"wake_rx":1,"io_tenures":[{"entry_ns":3160531898910069,"begin_ns":3160531898910089,"end_ns":3160532191794927,"exit_ns":3160532191795067,"busy_ns":149449,"idle_ns":292735389,"role_exit":false,"stopped":true,"did_submit":0,"sweep_submit":0,"park":0}]},{"tid":7,"role":"fused","ops":2,"iterations":149,"busy_ns":172502,"idle_ns":292736267,"cpu_ns":652020,"wake_tx":0,"wake_rx":1,"io_tenures":[{"entry_ns":3160531898885279,"begin_ns":3160531898885309,"end_ns":3160532191794078,"exit_ns":3160532191794218,"busy_ns":172502,"idle_ns":292736267,"role_exit":false,"stopped":true,"did_submit":0,"sweep_submit":0,"park":0}]}],"wb":{"retired":10,"direct":1,"sends_completed":10,"sends_submitted":10,"short_writes":0,"send_errors":0,"peer_aborts":0,"bytes_sent":10900,"zc_sends":0,"zc_bytes":0,"zc_releases":0,"serves":11,"serves_empty":1},"tls":{"accepts":0,"handshakes_completed":0,"handshakes_started":0,"handshakes_failed":0,"connections_freed":0,"want_read":0,"want_write":0,"ciphertext_input_bytes":0,"plaintext_input_bytes":0,"ciphertext_output_bytes":0,"plaintext_output_bytes":0,"zc_suppressed":0,"ktls_active":0,"ktls_fallback":0},"stuck":{"live_conns":0,"rob_not_quiesced":0,"unsent_bytes_pending":0,"slots_done":0,"slots_issued":0,"slots_free":0,"flag_set":0},"epoll":{"enabled":false,"events":0,"recvs":0},"persistence":{"enabled":false,"recording":false,"failed":false,"drain_gave_up":false,"posted":0,"flushed":0,"durable":0,"refused":0,"pending_chunks":0,"records_written":0,"producers_with_pending":0,"producers_stopped":0,"producers_expected":0,"completions_pending":0},"accept":{"accepts":3,"accept_err":0,"rearm":0,"sqe_starved":0,"notify_drop":0}}
