146102 hot 126 / 129 changed 12 seconds 27.1
146103 hot 125 / 129 changed 12 seconds 28.0
146215 hot 128 / 129 changed 9 seconds 28.0
146100 hot 126 / 129 changed 10 seconds 28.0
146104 hot 126 / 129 changed 11 seconds 27.9
146108 hot 126 / 129 changed 10 seconds 28.4
146109 hot 126 / 129 changed 10 seconds 28.3
146271 hot 127 / 129 changed 9 seconds 28.5
146101 hot 126 / 129 changed 10 seconds 28.5
none hot 122 / 129 changed 22 seconds 28.6
146105 hot 126 / 129 changed 11 seconds 29.3
146270 hot 127 / 129 changed 9 seconds 29.0
146600 hot 124 / 129 changed 19 seconds 29.2
146107 hot 126 / 129 changed 11 seconds 29.2
146106 hot 126 / 129 changed 11 seconds 30.6
146110 hot 126 / 129 changed 10 seconds 31.9
146111 hot 126 / 129 changed 12 seconds 25.9
146116 hot 125 / 129 changed 12 seconds 25.6
146113 hot 125 / 129 changed 13 seconds 28.2
146112 hot 125 / 129 changed 13 seconds 29.6
146118 hot 125 / 129 changed 12 seconds 27.7
146117 hot 125 / 129 changed 12 seconds 28.3
146121 hot 125 / 129 changed 12 seconds 27.5
146115 hot 125 / 129 changed 13 seconds 29.9
146120 hot 125 / 129 changed 12 seconds 28.1
146122 hot 125 / 129 changed 12 seconds 28.0
146125 hot 125 / 129 changed 11 seconds 26.9
146114 hot 125 / 129 changed 13 seconds 30.7
146119 hot 125 / 129 changed 12 seconds 29.1
146124 hot 125 / 129 changed 11 seconds 28.2
146126 hot 125 / 129 changed 11 seconds 30.1
146123 hot 125 / 129 changed 12 seconds 32.6
146128 hot 124 / 129 changed 13 seconds 27.5
146127 hot 125 / 129 changed 12 seconds 29.7
146129 hot 125 / 129 changed 12 seconds 28.6
146131 hot 125 / 129 changed 12 seconds 27.3
146130 hot 125 / 129 changed 12 seconds 29.3
146134 hot 125 / 129 changed 11 seconds 28.2
146133 hot 125 / 129 changed 11 seconds 28.8
146135 hot 125 / 129 changed 11 seconds 27.6
146136 hot 125 / 129 changed 12 seconds 27.5
146137 hot 124 / 129 changed 13 seconds 27.9
146138 hot 124 / 129 changed 13 seconds 28.3
146139 hot 124 / 129 changed 13 seconds 28.0
146132 hot 125 / 129 changed 12 seconds 30.5
146140 hot 124 / 129 changed 12 seconds 27.7
146141 hot 124 / 129 changed 12 seconds 27.3
146142 hot 124 / 129 changed 12 seconds 27.9
146144 hot 126 / 129 changed 11 seconds 26.1
146145 hot 126 / 129 changed 11 seconds 26.9
146143 hot 126 / 129 changed 11 seconds 29.9
146146 hot 126 / 129 changed 10 seconds 26.0
146148 hot 126 / 129 changed 10 seconds 25.2
146147 hot 126 / 129 changed 10 seconds 25.7
146151 hot 127 / 129 changed 10 seconds 25.2
146150 hot 127 / 129 changed 10 seconds 26.7
146149 hot 127 / 129 changed 10 seconds 27.2
146153 hot 127 / 129 changed 9 seconds 26.4
146152 hot 127 / 129 changed 10 seconds 26.7
146156 hot 127 / 129 changed 11 seconds 26.0
146155 hot 127 / 129 changed 9 seconds 25.9
146154 hot 127 / 129 changed 9 seconds 26.7
146157 hot 126 / 129 changed 11 seconds 27.7
146158 hot 127 / 129 changed 10 seconds 27.8
146159 hot 127 / 129 changed 10 seconds 25.8
146160 hot 127 / 129 changed 10 seconds 25.2
146161 hot 127 / 129 changed 10 seconds 25.0
146162 hot 127 / 129 changed 9 seconds 25.0
146163 hot 127 / 129 changed 9 seconds 25.1
146164 hot 127 / 129 changed 9 seconds 25.1
146165 hot 127 / 129 changed 11 seconds 26.5
146167 hot 126 / 129 changed 12 seconds 25.5
146166 hot 126 / 129 changed 12 seconds 25.7
146168 hot 126 / 129 changed 12 seconds 24.9
146171 hot 126 / 129 changed 11 seconds 24.8
146170 hot 126 / 129 changed 11 seconds 25.8
146172 hot 126 / 129 changed 11 seconds 25.0
146169 hot 126 / 129 changed 12 seconds 25.1
146173 hot 126 / 129 changed 11 seconds 25.3
146174 hot 126 / 129 changed 11 seconds 24.6
146175 hot 126 / 129 changed 11 seconds 24.7
146176 hot 126 / 129 changed 11 seconds 24.8
146177 hot 126 / 129 changed 11 seconds 24.6
146178 hot 126 / 129 changed 10 seconds 24.6
146179 hot 126 / 129 changed 10 seconds 24.7
146180 hot 126 / 129 changed 10 seconds 24.7
146181 hot 126 / 129 changed 11 seconds 24.7
146183 hot 126 / 129 changed 11 seconds 24.6
146182 hot 125 / 129 changed 12 seconds 24.7
146184 hot 126 / 129 changed 11 seconds 24.5
146185 hot 126 / 129 changed 11 seconds 24.8
146186 hot 126 / 129 changed 11 seconds 24.6
146187 hot 126 / 129 changed 10 seconds 24.6
146188 hot 126 / 129 changed 10 seconds 24.6
146190 hot 126 / 129 changed 11 seconds 24.7
146189 hot 126 / 129 changed 10 seconds 24.8
146191 hot 125 / 129 changed 12 seconds 24.7
146192 hot 125 / 129 changed 12 seconds 24.8
146193 hot 125 / 129 changed 12 seconds 24.9
146194 hot 125 / 129 changed 11 seconds 24.7
146195 hot 125 / 129 changed 11 seconds 24.7
146196 hot 125 / 129 changed 11 seconds 24.7
146197 hot 127 / 129 changed 10 seconds 25.0
146198 hot 127 / 129 changed 10 seconds 25.2
146199 hot 127 / 129 changed 10 seconds 25.2
146200 hot 127 / 129 changed 9 seconds 25.4
146201 hot 127 / 129 changed 9 seconds 26.6
146203 hot 128 / 129 changed 9 seconds 26.0
146202 hot 127 / 129 changed 9 seconds 27.0
146204 hot 128 / 129 changed 9 seconds 26.1
146205 hot 128 / 129 changed 9 seconds 27.0
146206 hot 128 / 129 changed 9 seconds 27.6
146207 hot 128 / 129 changed 8 seconds 27.6
146209 hot 128 / 129 changed 8 seconds 28.1
146210 hot 128 / 129 changed 10 seconds 29.1
146208 hot 128 / 129 changed 8 seconds 30.4
146212 hot 128 / 129 changed 9 seconds 28.2
146211 hot 127 / 129 changed 10 seconds 30.0
146214 hot 128 / 129 changed 9 seconds 28.6
146213 hot 128 / 129 changed 9 seconds 30.6
146217 hot 128 / 129 changed 8 seconds 29.7
146216 hot 128 / 129 changed 8 seconds 32.4
146218 hot 128 / 129 changed 8 seconds 30.2
146223 hot 127 / 129 changed 11 seconds 27.0
146220 hot 127 / 129 changed 11 seconds 29.9
146221 hot 127 / 129 changed 11 seconds 29.9
146219 hot 128 / 129 changed 10 seconds 31.2
146222 hot 127 / 129 changed 11 seconds 31.1
146224 hot 127 / 129 changed 10 seconds 27.9
146225 hot 127 / 129 changed 10 seconds 25.9
146226 hot 127 / 129 changed 10 seconds 26.4
146228 hot 127 / 129 changed 10 seconds 25.8
146227 hot 127 / 129 changed 10 seconds 26.0
146229 hot 127 / 129 changed 10 seconds 25.0
146231 hot 127 / 129 changed 10 seconds 25.7
146230 hot 127 / 129 changed 10 seconds 25.4
146232 hot 127 / 129 changed 9 seconds 26.6
146233 hot 127 / 129 changed 9 seconds 26.0
146234 hot 127 / 129 changed 9 seconds 26.8
146235 hot 127 / 129 changed 10 seconds 28.3
146237 hot 127 / 129 changed 10 seconds 26.9
146236 hot 126 / 129 changed 11 seconds 27.4
146239 hot 127 / 129 changed 10 seconds 27.3
146238 hot 127 / 129 changed 10 seconds 30.0
146240 hot 127 / 129 changed 10 seconds 31.7
146241 hot 127 / 129 changed 9 seconds 31.2
146242 hot 127 / 129 changed 9 seconds 28.8
146245 hot 126 / 129 changed 11 seconds 27.7
146244 hot 127 / 129 changed 10 seconds 29.0
146243 hot 127 / 129 changed 9 seconds 32.8
146247 hot 126 / 129 changed 11 seconds 30.8
146246 hot 126 / 129 changed 11 seconds 31.6
146248 hot 126 / 129 changed 10 seconds 32.4
146249 hot 126 / 129 changed 10 seconds 32.9
146250 hot 126 / 129 changed 10 seconds 31.2
146251 hot 126 / 129 changed 11 seconds 30.7
146254 hot 126 / 129 changed 10 seconds 29.6
146253 hot 126 / 129 changed 11 seconds 31.8
146252 hot 126 / 129 changed 11 seconds 34.0
146255 hot 126 / 129 changed 10 seconds 30.8
146256 hot 126 / 129 changed 10 seconds 28.2
