zero-based operations: 4426

TARGET 1526 ['PTTL', 'et:s:28:37b3577a50660a7f7dc658feabe6c5fe53'] batch 1472
1472 ["HPEXPIREAT", "et:h:09:84419d5e41bf8e8e2771ea234f29d4", "1", "FIELDS", "1", "f1"]
1473 ["EXISTS", "et:s:18:32261396dffc0918487e01cf4c41520a76", "et:s:13:c9201ac2ce6b6a331ce649e3eb7ea1cabe", "et:s:03:27561ecfe11a9f23ae754eb86666d96b0c", "et:s:23:2c57d06537cb90580459a716b6b8cb20c4", "et:s:02:98cc29cb38365a85fd9b03e1669cf862e7"]
1474 ["GETEX", "et:s:01:5dcb097488531f1c39483cd7f4e97bc445", "PXAT", "1793862797459"]
1475 ["HLEN", "et:h:08:38d94526d596f81ea80bf1c5e8d6ac"]
1476 ["GETEX", "et:s:25:17cb94f7dc2c0d798f1e781d3322522081", "PERSIST"]
1477 ["GETEX", "et:s:34:ab5891fabba6f1fbda0e707f3c3b9a678c", "PERSIST"]
1478 ["HPEXPIRETIME", "et:h:04:666183a4227fb3ee295c96013b6802", "FIELDS", "2", "f5", "f6"]
1479 ["GET", "et:s:12:5beac27fbc6313b8ff28a25441b305fa46"]
1480 ["PERSIST", "et:s:21:ba097c217519b47560a3c0903018123d9f"]
1481 ["PEXPIREAT", "et:h:03:633f9b4589fed5f79682432b4ae371", "1"]
1482 ["SADD", "et:set:00:1306cfebaddf5eaabebcbc50c6d100", "m8", "m5"]
1483 ["PERSIST", "et:set:01:dbbc39ded034472a523b5493a7a7d5"]
1484 ["PEXPIREAT", "et:s:21:ba097c217519b47560a3c0903018123d9f", "1793862797459", "LT"]
1485 ["TYPE", "et:s:17:c572b2db3e1274057a60cb78e39bef9743"]
1486 ["PEXPIREAT", "et:h:08:38d94526d596f81ea80bf1c5e8d6ac", "1"]
1487 ["HGETALL", "et:h:07:c6dc241c6f8f511fb25bab29bde4a0"]
1488 ["HPEXPIRETIME", "et:h:09:84419d5e41bf8e8e2771ea234f29d4", "FIELDS", "2", "f5", "f1"]
1489 ["MGET", "et:s:15:ea9b92d0933888d03c9a38c82600cce25e", "et:s:08:b102bd8ac8402891208e7d684c17c03de5"]
1490 ["DEL", "et:s:13:c9201ac2ce6b6a331ce649e3eb7ea1cabe", "et:s:31:c4cb6eacd0e93f1c52f428e2902145b0f6", "et:s:21:ba097c217519b47560a3c0903018123d9f"]
1491 ["MSET", "et:s:28:37b3577a50660a7f7dc658feabe6c5fe53", "", "et:s:30:d68373176588faa98188f96dce575c8bbe", "v", "et:s:02:98cc29cb38365a85fd9b03e1669cf862e7", "42", "et:s:11:df2bf033038f25a2baa0918d79630140e6", ""]
1492 ["EXPIREAT", "et:s:28:37b3577a50660a7f7dc658feabe6c5fe53", "1793862797"]
1493 ["SET", "et:s:30:d68373176588faa98188f96dce575c8bbe", "42", "KEEPTTL"]
1494 ["PERSIST", "et:set:01:dbbc39ded034472a523b5493a7a7d5"]
1495 ["HPEXPIREAT", "et:h:03:633f9b4589fed5f79682432b4ae371", "1", "FIELDS", "1", "f2"]
1496 ["PEXPIREAT", "et:s:26:f11e304c6211d8bda9185b31db00c5f82a", "1", "GT"]
1497 ["PEXPIREAT", "et:set:04:481023ee145f1402dfd06ee33720dd", "1"]
1498 ["HPEXPIREAT", "et:h:06:e4a52adb090227d8e2b40f6cabb589", "1", "FIELDS", "1", "f0"]
1499 ["PERSIST", "et:set:00:1306cfebaddf5eaabebcbc50c6d100"]
1500 ["SADD", "et:set:00:1306cfebaddf5eaabebcbc50c6d100", "m9", "m6"]
1501 ["MSET", "et:s:21:ba097c217519b47560a3c0903018123d9f", "", "et:s:00:4e6bcd5b0bc77c1c7bd1b6b1be37ed3fd0", "", "et:s:01:5dcb097488531f1c39483cd7f4e97bc445", "42"]
1502 ["HLEN", "et:h:07:c6dc241c6f8f511fb25bab29bde4a0"]
1503 ["SMEMBERS", "et:set:01:dbbc39ded034472a523b5493a7a7d5"]
1504 ["HSET", "et:h:09:84419d5e41bf8e8e2771ea234f29d4", "f5", ""]
1505 ["HSET", "et:h:04:666183a4227fb3ee295c96013b6802", "f6", "value-xxxxxxxxxxxxxxxxxxxxxxxxxxxxxxxxxxxxxxxxxxxxxxxxxxxxxxxxxxxxxxxxxxxxxxxxxxxxxxxxxxxxxxxxxx"]
1506 ["EXPIREAT", "et:s:31:c4cb6eacd0e93f1c52f428e2902145b0f6", "1793862797", "LT", "LT"]
1507 ["COPY", "et:s:24:524b2423aca1d986279e9fa3e14485c06f", "et:s:06:190409a95cd609f74c686cffeae8e95eea", "REPLACE"]
1508 ["PEXPIRETIME", "et:s:06:190409a95cd609f74c686cffeae8e95eea"]
1509 ["HLEN", "et:h:06:e4a52adb090227d8e2b40f6cabb589"]
1510 ["PERSIST", "et:set:09:c4e5aa0c32de1f85e06fc3090c8dd2"]
1511 ["SET", "et:s:07:ade700a2031427eb587eea8faefe9db49d", "value-xxxxxxxxxxxxxxxxxxxxxxxxxxxxxxxxxxxxxxxxxxxxxxxxxxxxxxxxxxxxxxxxxxxxxxxxxxxxxxxxxxxxxxxxxx", "KEEPTTL"]
1512 ["HPERSIST", "et:h:04:666183a4227fb3ee295c96013b6802", "FIELDS", "1", "f0"]
1513 ["HPEXPIREAT", "et:h:09:84419d5e41bf8e8e2771ea234f29d4", "1", "FIELDS", "1", "f4"]
1514 ["SET", "et:s:30:d68373176588faa98188f96dce575c8bbe", "v"]
1515 ["SINTERSTORE", "et:set:00:1306cfebaddf5eaabebcbc50c6d100", "et:set:06:6f2798a7f4a69db20f05d809a54780", "et:set:01:dbbc39ded034472a523b5493a7a7d5", "et:set:04:481023ee145f1402dfd06ee33720dd"]
1516 ["PEXPIREAT", "et:s:21:ba097c217519b47560a3c0903018123d9f", "1", "LT"]
1517 ["MEMORY", "USAGE", "et:h:03:633f9b4589fed5f79682432b4ae371"]
1518 ["HPEXPIREAT", "et:h:09:84419d5e41bf8e8e2771ea234f29d4", "1793862797459", "FIELDS", "1", "f0"]
1519 ["PEXPIREAT", "et:h:07:c6dc241c6f8f511fb25bab29bde4a0", "1793862797459"]
1520 ["HPERSIST", "et:h:04:666183a4227fb3ee295c96013b6802", "FIELDS", "1", "f0"]
1521 ["KEYS", "et:s:*"]
1522 ["SET", "et:s:09:e2e81d69f1f7647054c5a488a643cd1dc2", "hello"]
1523 ["PEXPIREAT", "et:s:15:ea9b92d0933888d03c9a38c82600cce25e", "1"]
1524 ["GET", "et:s:16:2d51996afa9863e7564d4a446d0a325c66"]
1525 ["EXISTS", "et:s:24:524b2423aca1d986279e9fa3e14485c06f", "et:s:14:5d68ba192a8ccc92c2101896c93b0ce423", "et:s:33:775be91baba53d5173e059fea1e8dce262", "et:s:20:ed8cbae1b3e27ddc30621aa38241911a73", "et:s:09:e2e81d69f1f7647054c5a488a643cd1dc2", "et:s:30:d68373176588faa98188f96dce575c8bbe", "et:s:25:17cb94f7dc2c0d798f1e781d3322522081"]
1526 ["PTTL", "et:s:28:37b3577a50660a7f7dc658feabe6c5fe53"]
1527 ["COPY", "et:s:24:524b2423aca1d986279e9fa3e14485c06f", "et:s:22:197be6b0ae7bbf684dcf40f8b36548fdac"]
PRIOR REFERENCES TO TARGET KEY
29 ["SET", "et:s:28:37b3577a50660a7f7dc658feabe6c5fe53", "value-xxxxxxxxxxxxxxxxxxxxxxxxxxxxxxxxxxxxxxxxxxxxxxxxxxxxxxxxxxxxxxxxxxxxxxxxxxxxxxxxxxxxxxxxxx"]
145 ["SINTERSTORE", "et:s:28:37b3577a50660a7f7dc658feabe6c5fe53", "et:set:10:71e99b98e919faf48938577cf5aab4", "et:set:01:dbbc39ded034472a523b5493a7a7d5"]
149 ["MSET", "et:s:31:c4cb6eacd0e93f1c52f428e2902145b0f6", "", "et:s:25:17cb94f7dc2c0d798f1e781d3322522081", "v", "et:s:28:37b3577a50660a7f7dc658feabe6c5fe53", "hello", "et:s:21:ba097c217519b47560a3c0903018123d9f", "hello", "et:s:33:775be91baba53d5173e059fea1e8dce262", "hello"]
191 ["DEL", "et:s:28:37b3577a50660a7f7dc658feabe6c5fe53", "et:s:08:b102bd8ac8402891208e7d684c17c03de5", "et:s:16:2d51996afa9863e7564d4a446d0a325c66"]
234 ["EXISTS", "et:s:15:ea9b92d0933888d03c9a38c82600cce25e", "et:s:00:4e6bcd5b0bc77c1c7bd1b6b1be37ed3fd0", "et:s:32:f246f2db58d265265e54c81fb3234ab1e3", "et:s:28:37b3577a50660a7f7dc658feabe6c5fe53", "et:s:08:b102bd8ac8402891208e7d684c17c03de5", "et:s:29:ffcd6903eb94b6cf1609f0b6f65de10bb4", "et:s:20:ed8cbae1b3e27ddc30621aa38241911a73"]
242 ["TOUCH", "et:s:19:70624b925e0c2166873aeb799ac6881d1e", "et:s:28:37b3577a50660a7f7dc658feabe6c5fe53"]
278 ["MGET", "et:s:10:2bf2e726e94c2bf7c2ac2c1c2d8a472eb1", "et:s:24:524b2423aca1d986279e9fa3e14485c06f", "et:s:18:32261396dffc0918487e01cf4c41520a76", "et:s:00:4e6bcd5b0bc77c1c7bd1b6b1be37ed3fd0", "et:s:28:37b3577a50660a7f7dc658feabe6c5fe53", "et:s:25:17cb94f7dc2c0d798f1e781d3322522081", "et:s:33:775be91baba53d5173e059fea1e8dce262"]
287 ["MSET", "et:s:28:37b3577a50660a7f7dc658feabe6c5fe53", "value-xxxxxxxxxxxxxxxxxxxxxxxxxxxxxxxxxxxxxxxxxxxxxxxxxxxxxxxxxxxxxxxxxxxxxxxxxxxxxxxxxxxxxxxxxx", "et:s:05:a05ea3c25f51410161095aa29205855c1d", "hello", "et:s:09:e2e81d69f1f7647054c5a488a643cd1dc2", "value-xxxxxxxxxxxxxxxxxxxxxxxxxxxxxxxxxxxxxxxxxxxxxxxxxxxxxxxxxxxxxxxxxxxxxxxxxxxxxxxxxxxxxxxxxx"]
307 ["EXISTS", "et:s:22:197be6b0ae7bbf684dcf40f8b36548fdac", "et:s:12:5beac27fbc6313b8ff28a25441b305fa46", "et:s:28:37b3577a50660a7f7dc658feabe6c5fe53", "et:s:01:5dcb097488531f1c39483cd7f4e97bc445"]
314 ["MEMORY", "USAGE", "et:s:28:37b3577a50660a7f7dc658feabe6c5fe53"]
319 ["MGET", "et:s:25:17cb94f7dc2c0d798f1e781d3322522081", "et:s:30:d68373176588faa98188f96dce575c8bbe", "et:s:10:2bf2e726e94c2bf7c2ac2c1c2d8a472eb1", "et:s:28:37b3577a50660a7f7dc658feabe6c5fe53", "et:s:35:8f1d21bd42b27230caf210f40641699aa7", "et:s:07:ade700a2031427eb587eea8faefe9db49d"]
349 ["EXISTS", "et:s:01:5dcb097488531f1c39483cd7f4e97bc445", "et:s:13:c9201ac2ce6b6a331ce649e3eb7ea1cabe", "et:s:03:27561ecfe11a9f23ae754eb86666d96b0c", "et:s:25:17cb94f7dc2c0d798f1e781d3322522081", "et:s:28:37b3577a50660a7f7dc658feabe6c5fe53", "et:s:06:190409a95cd609f74c686cffeae8e95eea", "et:s:31:c4cb6eacd0e93f1c52f428e2902145b0f6"]
402 ["EXISTS", "et:s:20:ed8cbae1b3e27ddc30621aa38241911a73", "et:s:28:37b3577a50660a7f7dc658feabe6c5fe53", "et:s:13:c9201ac2ce6b6a331ce649e3eb7ea1cabe"]
459 ["GETEX", "et:s:28:37b3577a50660a7f7dc658feabe6c5fe53", "PXAT", "1793862797459"]
467 ["EXISTS", "et:s:28:37b3577a50660a7f7dc658feabe6c5fe53", "et:s:05:a05ea3c25f51410161095aa29205855c1d", "et:s:33:775be91baba53d5173e059fea1e8dce262", "et:s:31:c4cb6eacd0e93f1c52f428e2902145b0f6"]
511 ["MSET", "et:s:29:ffcd6903eb94b6cf1609f0b6f65de10bb4", "v", "et:s:25:17cb94f7dc2c0d798f1e781d3322522081", "v", "et:s:28:37b3577a50660a7f7dc658feabe6c5fe53", ""]
521 ["GET", "et:s:28:37b3577a50660a7f7dc658feabe6c5fe53"]
603 ["MGET", "et:s:28:37b3577a50660a7f7dc658feabe6c5fe53", "et:s:26:f11e304c6211d8bda9185b31db00c5f82a", "et:s:15:ea9b92d0933888d03c9a38c82600cce25e", "et:s:07:ade700a2031427eb587eea8faefe9db49d", "et:s:13:c9201ac2ce6b6a331ce649e3eb7ea1cabe", "et:s:21:ba097c217519b47560a3c0903018123d9f", "et:s:20:ed8cbae1b3e27ddc30621aa38241911a73"]
641 ["DEL", "et:s:28:37b3577a50660a7f7dc658feabe6c5fe53", "et:s:32:f246f2db58d265265e54c81fb3234ab1e3", "et:s:26:f11e304c6211d8bda9185b31db00c5f82a", "et:s:10:2bf2e726e94c2bf7c2ac2c1c2d8a472eb1", "et:s:20:ed8cbae1b3e27ddc30621aa38241911a73", "et:s:01:5dcb097488531f1c39483cd7f4e97bc445"]
797 ["MEMORY", "USAGE", "et:s:28:37b3577a50660a7f7dc658feabe6c5fe53"]
853 ["MGET", "et:s:14:5d68ba192a8ccc92c2101896c93b0ce423", "et:s:01:5dcb097488531f1c39483cd7f4e97bc445", "et:s:29:ffcd6903eb94b6cf1609f0b6f65de10bb4", "et:s:05:a05ea3c25f51410161095aa29205855c1d", "et:s:28:37b3577a50660a7f7dc658feabe6c5fe53", "et:s:06:190409a95cd609f74c686cffeae8e95eea", "et:s:27:d50b54eb02b0a475f3c0b99c7d6ecf6273"]
892 ["SET", "et:s:28:37b3577a50660a7f7dc658feabe6c5fe53", "42"]
933 ["TOUCH", "et:s:06:190409a95cd609f74c686cffeae8e95eea", "et:s:04:08fd4bdaed5ac06e2559dd98993ced429f", "et:s:09:e2e81d69f1f7647054c5a488a643cd1dc2", "et:s:12:5beac27fbc6313b8ff28a25441b305fa46", "et:s:28:37b3577a50660a7f7dc658feabe6c5fe53"]
1027 ["DEL", "et:s:09:e2e81d69f1f7647054c5a488a643cd1dc2", "et:s:28:37b3577a50660a7f7dc658feabe6c5fe53", "et:s:01:5dcb097488531f1c39483cd7f4e97bc445"]
1047 ["MGET", "et:s:30:d68373176588faa98188f96dce575c8bbe", "et:s:28:37b3577a50660a7f7dc658feabe6c5fe53", "et:s:31:c4cb6eacd0e93f1c52f428e2902145b0f6", "et:s:17:c572b2db3e1274057a60cb78e39bef9743", "et:s:33:775be91baba53d5173e059fea1e8dce262"]
1092 ["PEXPIREAT", "et:s:28:37b3577a50660a7f7dc658feabe6c5fe53", "1", "LT", "LT"]
1093 ["PEXPIREAT", "et:s:28:37b3577a50660a7f7dc658feabe6c5fe53", "1793862797459", "LT", "LT"]
1094 ["SET", "et:s:28:37b3577a50660a7f7dc658feabe6c5fe53", "42"]
1115 ["PERSIST", "et:s:28:37b3577a50660a7f7dc658feabe6c5fe53"]
1128 ["PEXPIREAT", "et:s:28:37b3577a50660a7f7dc658feabe6c5fe53", "1793862797459", "GT", "GT"]
1192 ["PEXPIREAT", "et:s:28:37b3577a50660a7f7dc658feabe6c5fe53", "1", "LT", "LT"]
1266 ["MEMORY", "USAGE", "et:s:28:37b3577a50660a7f7dc658feabe6c5fe53"]
1292 ["TYPE", "et:s:28:37b3577a50660a7f7dc658feabe6c5fe53"]
1314 ["MSET", "et:s:28:37b3577a50660a7f7dc658feabe6c5fe53", "42", "et:s:23:2c57d06537cb90580459a716b6b8cb20c4", "v", "et:s:25:17cb94f7dc2c0d798f1e781d3322522081", "hello", "et:s:16:2d51996afa9863e7564d4a446d0a325c66", "", "et:s:14:5d68ba192a8ccc92c2101896c93b0ce423", "", "et:s:05:a05ea3c25f51410161095aa29205855c1d", "42"]
1325 ["TOUCH", "et:s:28:37b3577a50660a7f7dc658feabe6c5fe53", "et:s:20:ed8cbae1b3e27ddc30621aa38241911a73", "et:s:08:b102bd8ac8402891208e7d684c17c03de5"]
1334 ["RENAME", "et:s:28:37b3577a50660a7f7dc658feabe6c5fe53", "et:s:05:a05ea3c25f51410161095aa29205855c1d"]
1353 ["PTTL", "et:s:28:37b3577a50660a7f7dc658feabe6c5fe53"]
1375 ["MGET", "et:s:12:5beac27fbc6313b8ff28a25441b305fa46", "et:s:10:2bf2e726e94c2bf7c2ac2c1c2d8a472eb1", "et:s:30:d68373176588faa98188f96dce575c8bbe", "et:s:35:8f1d21bd42b27230caf210f40641699aa7", "et:s:28:37b3577a50660a7f7dc658feabe6c5fe53", "et:s:20:ed8cbae1b3e27ddc30621aa38241911a73", "et:s:16:2d51996afa9863e7564d4a446d0a325c66"]
1420 ["PEXPIREAT", "et:s:28:37b3577a50660a7f7dc658feabe6c5fe53", "1793862797459", "LT"]
1421 ["MSET", "et:s:28:37b3577a50660a7f7dc658feabe6c5fe53", "hello", "et:s:24:524b2423aca1d986279e9fa3e14485c06f", "v", "et:s:17:c572b2db3e1274057a60cb78e39bef9743", "value-xxxxxxxxxxxxxxxxxxxxxxxxxxxxxxxxxxxxxxxxxxxxxxxxxxxxxxxxxxxxxxxxxxxxxxxxxxxxxxxxxxxxxxxxxx"]
1426 ["PEXPIREAT", "et:s:28:37b3577a50660a7f7dc658feabe6c5fe53", "1793862797459", "XX", "LT"]
1468 ["SET", "et:s:28:37b3577a50660a7f7dc658feabe6c5fe53", "42"]
1491 ["MSET", "et:s:28:37b3577a50660a7f7dc658feabe6c5fe53", "", "et:s:30:d68373176588faa98188f96dce575c8bbe", "v", "et:s:02:98cc29cb38365a85fd9b03e1669cf862e7", "42", "et:s:11:df2bf033038f25a2baa0918d79630140e6", ""]
1492 ["EXPIREAT", "et:s:28:37b3577a50660a7f7dc658feabe6c5fe53", "1793862797"]

TARGET 2910 ['PTTL', 'et:s:23:2c57d06537cb90580459a716b6b8cb20c4'] batch 2880
2880 ["HPERSIST", "et:h:06:e4a52adb090227d8e2b40f6cabb589", "FIELDS", "1", "f4"]
2881 ["PEXPIREAT", "et:h:09:84419d5e41bf8e8e2771ea234f29d4", "1"]
2882 ["KEYS", "et:s:*"]
2883 ["HPEXPIREAT", "et:h:06:e4a52adb090227d8e2b40f6cabb589", "1793862797459", "FIELDS", "1", "f0"]
2884 ["GETEX", "et:s:08:b102bd8ac8402891208e7d684c17c03de5", "PXAT", "1793862797459"]
2885 ["SET", "et:s:28:37b3577a50660a7f7dc658feabe6c5fe53", "42"]
2886 ["HPEXPIRETIME", "et:h:07:c6dc241c6f8f511fb25bab29bde4a0", "FIELDS", "2", "f4", "f0"]
2887 ["TTL", "et:s:30:d68373176588faa98188f96dce575c8bbe"]
2888 ["PEXPIREAT", "et:s:31:c4cb6eacd0e93f1c52f428e2902145b0f6", "1", "NX", "NX"]
2889 ["HPERSIST", "et:h:00:d4043ecb66b63dab09b6ec0b8fdfb7", "FIELDS", "1", "f3"]
2890 ["TOUCH", "et:s:05:a05ea3c25f51410161095aa29205855c1d", "et:s:18:32261396dffc0918487e01cf4c41520a76", "et:s:06:190409a95cd609f74c686cffeae8e95eea", "et:s:27:d50b54eb02b0a475f3c0b99c7d6ecf6273", "et:s:14:5d68ba192a8ccc92c2101896c93b0ce423"]
2891 ["DEL", "et:s:17:c572b2db3e1274057a60cb78e39bef9743", "et:s:30:d68373176588faa98188f96dce575c8bbe"]
2892 ["GET", "et:s:01:5dcb097488531f1c39483cd7f4e97bc445"]
2893 ["PEXPIREAT", "et:s:29:ffcd6903eb94b6cf1609f0b6f65de10bb4", "1", "XX", "LT"]
2894 ["COPY", "et:s:27:d50b54eb02b0a475f3c0b99c7d6ecf6273", "et:s:06:190409a95cd609f74c686cffeae8e95eea"]
2895 ["MEMORY", "USAGE", "et:h:01:da5e323f7b4a7b9bd768ca6e97dc90"]
2896 ["SINTERSTORE", "et:s:20:ed8cbae1b3e27ddc30621aa38241911a73", "et:set:07:f6d5b2266bac7752d1361680fec091", "et:set:09:c4e5aa0c32de1f85e06fc3090c8dd2", "et:set:02:9b0c3f7a03ba59d9f952f3019fdc9d"]
2897 ["PERSIST", "et:s:29:ffcd6903eb94b6cf1609f0b6f65de10bb4"]
2898 ["SET", "et:s:00:4e6bcd5b0bc77c1c7bd1b6b1be37ed3fd0", "v", "KEEPTTL"]
2899 ["HPEXPIREAT", "et:h:06:e4a52adb090227d8e2b40f6cabb589", "1793862797459", "FIELDS", "1", "f7"]
2900 ["GETEX", "et:s:32:f246f2db58d265265e54c81fb3234ab1e3", "PXAT", "1"]
2901 ["HPEXPIRETIME", "et:h:08:38d94526d596f81ea80bf1c5e8d6ac", "FIELDS", "2", "f6", "f5"]
2902 ["GETEX", "et:s:01:5dcb097488531f1c39483cd7f4e97bc445", "PERSIST"]
2903 ["MGET", "et:s:02:98cc29cb38365a85fd9b03e1669cf862e7", "et:s:33:775be91baba53d5173e059fea1e8dce262", "et:s:18:32261396dffc0918487e01cf4c41520a76"]
2904 ["GETEX", "et:s:32:f246f2db58d265265e54c81fb3234ab1e3", "PXAT", "1793862797459"]
2905 ["PEXPIREAT", "et:s:21:ba097c217519b47560a3c0903018123d9f", "1793862797459", "XX"]
2906 ["MEMORY", "USAGE", "et:h:06:e4a52adb090227d8e2b40f6cabb589"]
2907 ["GET", "et:s:06:190409a95cd609f74c686cffeae8e95eea"]
2908 ["RENAME", "et:s:26:f11e304c6211d8bda9185b31db00c5f82a", "et:s:28:37b3577a50660a7f7dc658feabe6c5fe53"]
2909 ["GETEX", "et:s:29:ffcd6903eb94b6cf1609f0b6f65de10bb4", "PXAT", "1793862797459"]
2910 ["PTTL", "et:s:23:2c57d06537cb90580459a716b6b8cb20c4"]
2911 ["PEXPIREAT", "et:set:11:d99eb07e4d549037472b3359642509", "1793862797459"]
PRIOR REFERENCES TO TARGET KEY
24 ["SET", "et:s:23:2c57d06537cb90580459a716b6b8cb20c4", ""]
80 ["PEXPIREAT", "et:s:23:2c57d06537cb90580459a716b6b8cb20c4", "1", "NX", "NX"]
110 ["MSET", "et:s:23:2c57d06537cb90580459a716b6b8cb20c4", "hello", "et:s:29:ffcd6903eb94b6cf1609f0b6f65de10bb4", "", "et:s:19:70624b925e0c2166873aeb799ac6881d1e", "v", "et:s:30:d68373176588faa98188f96dce575c8bbe", "hello", "et:s:32:f246f2db58d265265e54c81fb3234ab1e3", "v", "et:s:26:f11e304c6211d8bda9185b31db00c5f82a", "v"]
206 ["SET", "et:s:23:2c57d06537cb90580459a716b6b8cb20c4", "hello", "KEEPTTL"]
240 ["SET", "et:s:23:2c57d06537cb90580459a716b6b8cb20c4", "42"]
273 ["MSET", "et:s:23:2c57d06537cb90580459a716b6b8cb20c4", "value-xxxxxxxxxxxxxxxxxxxxxxxxxxxxxxxxxxxxxxxxxxxxxxxxxxxxxxxxxxxxxxxxxxxxxxxxxxxxxxxxxxxxxxxxxx", "et:s:00:4e6bcd5b0bc77c1c7bd1b6b1be37ed3fd0", "value-xxxxxxxxxxxxxxxxxxxxxxxxxxxxxxxxxxxxxxxxxxxxxxxxxxxxxxxxxxxxxxxxxxxxxxxxxxxxxxxxxxxxxxxxxx", "et:s:02:98cc29cb38365a85fd9b03e1669cf862e7", "42"]
284 ["STRLEN", "et:s:23:2c57d06537cb90580459a716b6b8cb20c4"]
301 ["MSET", "et:s:30:d68373176588faa98188f96dce575c8bbe", "v", "et:s:05:a05ea3c25f51410161095aa29205855c1d", "", "et:s:08:b102bd8ac8402891208e7d684c17c03de5", "hello", "et:s:23:2c57d06537cb90580459a716b6b8cb20c4", "", "et:s:03:27561ecfe11a9f23ae754eb86666d96b0c", "", "et:s:12:5beac27fbc6313b8ff28a25441b305fa46", "value-xxxxxxxxxxxxxxxxxxxxxxxxxxxxxxxxxxxxxxxxxxxxxxxxxxxxxxxxxxxxxxxxxxxxxxxxxxxxxxxxxxxxxxxxxx"]
303 ["MSET", "et:s:07:ade700a2031427eb587eea8faefe9db49d", "", "et:s:22:197be6b0ae7bbf684dcf40f8b36548fdac", "hello", "et:s:10:2bf2e726e94c2bf7c2ac2c1c2d8a472eb1", "", "et:s:23:2c57d06537cb90580459a716b6b8cb20c4", "v", "et:s:21:ba097c217519b47560a3c0903018123d9f", "hello", "et:s:25:17cb94f7dc2c0d798f1e781d3322522081", "value-xxxxxxxxxxxxxxxxxxxxxxxxxxxxxxxxxxxxxxxxxxxxxxxxxxxxxxxxxxxxxxxxxxxxxxxxxxxxxxxxxxxxxxxxxx"]
320 ["COPY", "et:s:04:08fd4bdaed5ac06e2559dd98993ced429f", "et:s:23:2c57d06537cb90580459a716b6b8cb20c4", "REPLACE"]
333 ["MSET", "et:s:06:190409a95cd609f74c686cffeae8e95eea", "", "et:s:23:2c57d06537cb90580459a716b6b8cb20c4", "hello", "et:s:18:32261396dffc0918487e01cf4c41520a76", "hello", "et:s:15:ea9b92d0933888d03c9a38c82600cce25e", "hello", "et:s:09:e2e81d69f1f7647054c5a488a643cd1dc2", "value-xxxxxxxxxxxxxxxxxxxxxxxxxxxxxxxxxxxxxxxxxxxxxxxxxxxxxxxxxxxxxxxxxxxxxxxxxxxxxxxxxxxxxxxxxx"]
384 ["DEL", "et:s:11:df2bf033038f25a2baa0918d79630140e6", "et:s:16:2d51996afa9863e7564d4a446d0a325c66", "et:s:23:2c57d06537cb90580459a716b6b8cb20c4", "et:s:09:e2e81d69f1f7647054c5a488a643cd1dc2", "et:s:35:8f1d21bd42b27230caf210f40641699aa7", "et:s:27:d50b54eb02b0a475f3c0b99c7d6ecf6273"]
463 ["EXISTS", "et:s:23:2c57d06537cb90580459a716b6b8cb20c4", "et:s:33:775be91baba53d5173e059fea1e8dce262", "et:s:21:ba097c217519b47560a3c0903018123d9f", "et:s:24:524b2423aca1d986279e9fa3e14485c06f", "et:s:16:2d51996afa9863e7564d4a446d0a325c66", "et:s:00:4e6bcd5b0bc77c1c7bd1b6b1be37ed3fd0"]
477 ["MSET", "et:s:23:2c57d06537cb90580459a716b6b8cb20c4", "42", "et:s:04:08fd4bdaed5ac06e2559dd98993ced429f", "42", "et:s:13:c9201ac2ce6b6a331ce649e3eb7ea1cabe", "42", "et:s:21:ba097c217519b47560a3c0903018123d9f", "value-xxxxxxxxxxxxxxxxxxxxxxxxxxxxxxxxxxxxxxxxxxxxxxxxxxxxxxxxxxxxxxxxxxxxxxxxxxxxxxxxxxxxxxxxxx", "et:s:34:ab5891fabba6f1fbda0e707f3c3b9a678c", "42", "et:s:02:98cc29cb38365a85fd9b03e1669cf862e7", "42"]
504 ["DEL", "et:s:23:2c57d06537cb90580459a716b6b8cb20c4", "et:s:29:ffcd6903eb94b6cf1609f0b6f65de10bb4", "et:s:31:c4cb6eacd0e93f1c52f428e2902145b0f6", "et:s:09:e2e81d69f1f7647054c5a488a643cd1dc2", "et:s:35:8f1d21bd42b27230caf210f40641699aa7", "et:s:34:ab5891fabba6f1fbda0e707f3c3b9a678c"]
547 ["EXPIREAT", "et:s:23:2c57d06537cb90580459a716b6b8cb20c4", "1793862797", "xx", "gt"]
548 ["GET", "et:s:23:2c57d06537cb90580459a716b6b8cb20c4"]
581 ["MSET", "et:s:23:2c57d06537cb90580459a716b6b8cb20c4", "", "et:s:26:f11e304c6211d8bda9185b31db00c5f82a", "hello"]
635 ["STRLEN", "et:s:23:2c57d06537cb90580459a716b6b8cb20c4"]
638 ["EXPIRETIME", "et:s:23:2c57d06537cb90580459a716b6b8cb20c4"]
651 ["STRLEN", "et:s:23:2c57d06537cb90580459a716b6b8cb20c4"]
671 ["DEL", "et:s:19:70624b925e0c2166873aeb799ac6881d1e", "et:s:06:190409a95cd609f74c686cffeae8e95eea", "et:s:23:2c57d06537cb90580459a716b6b8cb20c4"]
672 ["PERSIST", "et:s:23:2c57d06537cb90580459a716b6b8cb20c4"]
690 ["PEXPIREAT", "et:s:23:2c57d06537cb90580459a716b6b8cb20c4", "1", "LT", "LT"]
705 ["GETEX", "et:s:23:2c57d06537cb90580459a716b6b8cb20c4", "PERSIST"]
752 ["TTL", "et:s:23:2c57d06537cb90580459a716b6b8cb20c4"]
813 ["SINTERSTORE", "et:s:23:2c57d06537cb90580459a716b6b8cb20c4", "et:set:11:d99eb07e4d549037472b3359642509", "et:set:02:9b0c3f7a03ba59d9f952f3019fdc9d", "et:set:10:71e99b98e919faf48938577cf5aab4", "et:set:05:2068ba67138ae26a17711fd8742d71"]
814 ["TYPE", "et:s:23:2c57d06537cb90580459a716b6b8cb20c4"]
819 ["RENAME", "et:s:24:524b2423aca1d986279e9fa3e14485c06f", "et:s:23:2c57d06537cb90580459a716b6b8cb20c4"]
850 ["GETEX", "et:s:23:2c57d06537cb90580459a716b6b8cb20c4", "PXAT", "1"]
886 ["EXISTS", "et:s:33:775be91baba53d5173e059fea1e8dce262", "et:s:23:2c57d06537cb90580459a716b6b8cb20c4", "et:s:35:8f1d21bd42b27230caf210f40641699aa7", "et:s:12:5beac27fbc6313b8ff28a25441b305fa46", "et:s:27:d50b54eb02b0a475f3c0b99c7d6ecf6273"]
911 ["EXISTS", "et:s:12:5beac27fbc6313b8ff28a25441b305fa46", "et:s:23:2c57d06537cb90580459a716b6b8cb20c4", "et:s:19:70624b925e0c2166873aeb799ac6881d1e", "et:s:16:2d51996afa9863e7564d4a446d0a325c66", "et:s:10:2bf2e726e94c2bf7c2ac2c1c2d8a472eb1", "et:s:26:f11e304c6211d8bda9185b31db00c5f82a", "et:s:02:98cc29cb38365a85fd9b03e1669cf862e7"]
950 ["COPY", "et:s:23:2c57d06537cb90580459a716b6b8cb20c4", "et:s:30:d68373176588faa98188f96dce575c8bbe", "REPLACE"]
971 ["MGET", "et:s:27:d50b54eb02b0a475f3c0b99c7d6ecf6273", "et:s:21:ba097c217519b47560a3c0903018123d9f", "et:s:23:2c57d06537cb90580459a716b6b8cb20c4", "et:s:07:ade700a2031427eb587eea8faefe9db49d", "et:s:15:ea9b92d0933888d03c9a38c82600cce25e"]
997 ["DEL", "et:s:23:2c57d06537cb90580459a716b6b8cb20c4", "et:s:15:ea9b92d0933888d03c9a38c82600cce25e", "et:s:04:08fd4bdaed5ac06e2559dd98993ced429f", "et:s:06:190409a95cd609f74c686cffeae8e95eea"]
1009 ["DEL", "et:s:34:ab5891fabba6f1fbda0e707f3c3b9a678c", "et:s:23:2c57d06537cb90580459a716b6b8cb20c4", "et:s:07:ade700a2031427eb587eea8faefe9db49d", "et:s:02:98cc29cb38365a85fd9b03e1669cf862e7"]
1015 ["RENAME", "et:s:23:2c57d06537cb90580459a716b6b8cb20c4", "et:s:27:d50b54eb02b0a475f3c0b99c7d6ecf6273"]
1061 ["MEMORY", "USAGE", "et:s:23:2c57d06537cb90580459a716b6b8cb20c4"]
1067 ["EXPIREAT", "et:s:23:2c57d06537cb90580459a716b6b8cb20c4", "1793862797", "Nx"]
1085 ["MGET", "et:s:22:197be6b0ae7bbf684dcf40f8b36548fdac", "et:s:12:5beac27fbc6313b8ff28a25441b305fa46", "et:s:23:2c57d06537cb90580459a716b6b8cb20c4"]
1146 ["MEMORY", "USAGE", "et:s:23:2c57d06537cb90580459a716b6b8cb20c4"]
1158 ["MSET", "et:s:11:df2bf033038f25a2baa0918d79630140e6", "v", "et:s:23:2c57d06537cb90580459a716b6b8cb20c4", "value-xxxxxxxxxxxxxxxxxxxxxxxxxxxxxxxxxxxxxxxxxxxxxxxxxxxxxxxxxxxxxxxxxxxxxxxxxxxxxxxxxxxxxxxxxx", "et:s:12:5beac27fbc6313b8ff28a25441b305fa46", "", "et:s:33:775be91baba53d5173e059fea1e8dce262", "42", "et:s:19:70624b925e0c2166873aeb799ac6881d1e", "", "et:s:09:e2e81d69f1f7647054c5a488a643cd1dc2", "v"]
1176 ["GET", "et:s:23:2c57d06537cb90580459a716b6b8cb20c4"]
1209 ["MSET", "et:s:05:a05ea3c25f51410161095aa29205855c1d", "v", "et:s:34:ab5891fabba6f1fbda0e707f3c3b9a678c", "hello", "et:s:18:32261396dffc0918487e01cf4c41520a76", "hello", "et:s:23:2c57d06537cb90580459a716b6b8cb20c4", "v", "et:s:21:ba097c217519b47560a3c0903018123d9f", ""]
1222 ["GET", "et:s:23:2c57d06537cb90580459a716b6b8cb20c4"]
1233 ["TOUCH", "et:s:21:ba097c217519b47560a3c0903018123d9f", "et:s:08:b102bd8ac8402891208e7d684c17c03de5", "et:s:23:2c57d06537cb90580459a716b6b8cb20c4", "et:s:22:197be6b0ae7bbf684dcf40f8b36548fdac", "et:s:32:f246f2db58d265265e54c81fb3234ab1e3"]
1247 ["STRLEN", "et:s:23:2c57d06537cb90580459a716b6b8cb20c4"]
1248 ["PERSIST", "et:s:23:2c57d06537cb90580459a716b6b8cb20c4"]
1249 ["DEL", "et:s:27:d50b54eb02b0a475f3c0b99c7d6ecf6273", "et:s:16:2d51996afa9863e7564d4a446d0a325c66", "et:s:23:2c57d06537cb90580459a716b6b8cb20c4"]
1255 ["MGET", "et:s:06:190409a95cd609f74c686cffeae8e95eea", "et:s:23:2c57d06537cb90580459a716b6b8cb20c4", "et:s:12:5beac27fbc6313b8ff28a25441b305fa46", "et:s:17:c572b2db3e1274057a60cb78e39bef9743", "et:s:31:c4cb6eacd0e93f1c52f428e2902145b0f6"]
1306 ["PERSIST", "et:s:23:2c57d06537cb90580459a716b6b8cb20c4"]
1307 ["GETEX", "et:s:23:2c57d06537cb90580459a716b6b8cb20c4", "PXAT", "1793862797459"]
1312 ["SET", "et:s:23:2c57d06537cb90580459a716b6b8cb20c4", "v", "KEEPTTL"]
1314 ["MSET", "et:s:28:37b3577a50660a7f7dc658feabe6c5fe53", "42", "et:s:23:2c57d06537cb90580459a716b6b8cb20c4", "v", "et:s:25:17cb94f7dc2c0d798f1e781d3322522081", "hello", "et:s:16:2d51996afa9863e7564d4a446d0a325c66", "", "et:s:14:5d68ba192a8ccc92c2101896c93b0ce423", "", "et:s:05:a05ea3c25f51410161095aa29205855c1d", "42"]
1336 ["MSET", "et:s:21:ba097c217519b47560a3c0903018123d9f", "", "et:s:01:5dcb097488531f1c39483cd7f4e97bc445", "", "et:s:08:b102bd8ac8402891208e7d684c17c03de5", "", "et:s:23:2c57d06537cb90580459a716b6b8cb20c4", "value-xxxxxxxxxxxxxxxxxxxxxxxxxxxxxxxxxxxxxxxxxxxxxxxxxxxxxxxxxxxxxxxxxxxxxxxxxxxxxxxxxxxxxxxxxx"]
1399 ["PERSIST", "et:s:23:2c57d06537cb90580459a716b6b8cb20c4"]
1429 ["TOUCH", "et:s:23:2c57d06537cb90580459a716b6b8cb20c4", "et:s:08:b102bd8ac8402891208e7d684c17c03de5", "et:s:30:d68373176588faa98188f96dce575c8bbe", "et:s:05:a05ea3c25f51410161095aa29205855c1d", "et:s:01:5dcb097488531f1c39483cd7f4e97bc445"]
1442 ["RENAME", "et:s:23:2c57d06537cb90580459a716b6b8cb20c4", "et:s:07:ade700a2031427eb587eea8faefe9db49d"]
1473 ["EXISTS", "et:s:18:32261396dffc0918487e01cf4c41520a76", "et:s:13:c9201ac2ce6b6a331ce649e3eb7ea1cabe", "et:s:03:27561ecfe11a9f23ae754eb86666d96b0c", "et:s:23:2c57d06537cb90580459a716b6b8cb20c4", "et:s:02:98cc29cb38365a85fd9b03e1669cf862e7"]
1547 ["GETEX", "et:s:23:2c57d06537cb90580459a716b6b8cb20c4", "PXAT", "1"]
1559 ["EXISTS", "et:s:27:d50b54eb02b0a475f3c0b99c7d6ecf6273", "et:s:22:197be6b0ae7bbf684dcf40f8b36548fdac", "et:s:29:ffcd6903eb94b6cf1609f0b6f65de10bb4", "et:s:23:2c57d06537cb90580459a716b6b8cb20c4", "et:s:08:b102bd8ac8402891208e7d684c17c03de5", "et:s:28:37b3577a50660a7f7dc658feabe6c5fe53"]
1602 ["COPY", "et:s:19:70624b925e0c2166873aeb799ac6881d1e", "et:s:23:2c57d06537cb90580459a716b6b8cb20c4"]
1608 ["MEMORY", "USAGE", "et:s:23:2c57d06537cb90580459a716b6b8cb20c4"]
1633 ["MGET", "et:s:18:32261396dffc0918487e01cf4c41520a76", "et:s:07:ade700a2031427eb587eea8faefe9db49d", "et:s:23:2c57d06537cb90580459a716b6b8cb20c4", "et:s:09:e2e81d69f1f7647054c5a488a643cd1dc2", "et:s:06:190409a95cd609f74c686cffeae8e95eea"]
1672 ["MSET", "et:s:20:ed8cbae1b3e27ddc30621aa38241911a73", "value-xxxxxxxxxxxxxxxxxxxxxxxxxxxxxxxxxxxxxxxxxxxxxxxxxxxxxxxxxxxxxxxxxxxxxxxxxxxxxxxxxxxxxxxxxx", "et:s:23:2c57d06537cb90580459a716b6b8cb20c4", "", "et:s:05:a05ea3c25f51410161095aa29205855c1d", "hello", "et:s:26:f11e304c6211d8bda9185b31db00c5f82a", "42", "et:s:06:190409a95cd609f74c686cffeae8e95eea", "42", "et:s:24:524b2423aca1d986279e9fa3e14485c06f", "42"]
1717 ["TYPE", "et:s:23:2c57d06537cb90580459a716b6b8cb20c4"]
1720 ["GETEX", "et:s:23:2c57d06537cb90580459a716b6b8cb20c4", "PXAT", "1793862797459"]
1726 ["RENAME", "et:s:11:df2bf033038f25a2baa0918d79630140e6", "et:s:23:2c57d06537cb90580459a716b6b8cb20c4"]
1742 ["DEL", "et:s:10:2bf2e726e94c2bf7c2ac2c1c2d8a472eb1", "et:s:12:5beac27fbc6313b8ff28a25441b305fa46", "et:s:28:37b3577a50660a7f7dc658feabe6c5fe53", "et:s:08:b102bd8ac8402891208e7d684c17c03de5", "et:s:13:c9201ac2ce6b6a331ce649e3eb7ea1cabe", "et:s:23:2c57d06537cb90580459a716b6b8cb20c4"]
1750 ["GETEX", "et:s:23:2c57d06537cb90580459a716b6b8cb20c4", "PXAT", "1"]
1772 ["MGET", "et:s:07:ade700a2031427eb587eea8faefe9db49d", "et:s:11:df2bf033038f25a2baa0918d79630140e6", "et:s:01:5dcb097488531f1c39483cd7f4e97bc445", "et:s:15:ea9b92d0933888d03c9a38c82600cce25e", "et:s:23:2c57d06537cb90580459a716b6b8cb20c4", "et:s:16:2d51996afa9863e7564d4a446d0a325c66"]
1854 ["RENAME", "et:s:17:c572b2db3e1274057a60cb78e39bef9743", "et:s:23:2c57d06537cb90580459a716b6b8cb20c4"]
1862 ["SET", "et:s:23:2c57d06537cb90580459a716b6b8cb20c4", "v"]
1870 ["SET", "et:s:23:2c57d06537cb90580459a716b6b8cb20c4", "", "KEEPTTL"]
1888 ["MGET", "et:s:00:4e6bcd5b0bc77c1c7bd1b6b1be37ed3fd0", "et:s:01:5dcb097488531f1c39483cd7f4e97bc445", "et:s:23:2c57d06537cb90580459a716b6b8cb20c4", "et:s:20:ed8cbae1b3e27ddc30621aa38241911a73", "et:s:34:ab5891fabba6f1fbda0e707f3c3b9a678c", "et:s:31:c4cb6eacd0e93f1c52f428e2902145b0f6", "et:s:13:c9201ac2ce6b6a331ce649e3eb7ea1cabe"]
1953 ["DEL", "et:s:14:5d68ba192a8ccc92c2101896c93b0ce423", "et:s:30:d68373176588faa98188f96dce575c8bbe", "et:s:19:70624b925e0c2166873aeb799ac6881d1e", "et:s:23:2c57d06537cb90580459a716b6b8cb20c4", "et:s:00:4e6bcd5b0bc77c1c7bd1b6b1be37ed3fd0", "et:s:32:f246f2db58d265265e54c81fb3234ab1e3"]
2114 ["SET", "et:s:23:2c57d06537cb90580459a716b6b8cb20c4", "42", "KEEPTTL"]
2146 ["EXPIREAT", "et:s:23:2c57d06537cb90580459a716b6b8cb20c4", "1793862797", "XX"]
2169 ["DEL", "et:s:27:d50b54eb02b0a475f3c0b99c7d6ecf6273", "et:s:19:70624b925e0c2166873aeb799ac6881d1e", "et:s:23:2c57d06537cb90580459a716b6b8cb20c4", "et:s:33:775be91baba53d5173e059fea1e8dce262", "et:s:34:ab5891fabba6f1fbda0e707f3c3b9a678c"]
2206 ["PERSIST", "et:s:23:2c57d06537cb90580459a716b6b8cb20c4"]
2209 ["EXPIREAT", "et:s:23:2c57d06537cb90580459a716b6b8cb20c4", "1793862797", "LT"]
2312 ["MSET", "et:s:01:5dcb097488531f1c39483cd7f4e97bc445", "value-xxxxxxxxxxxxxxxxxxxxxxxxxxxxxxxxxxxxxxxxxxxxxxxxxxxxxxxxxxxxxxxxxxxxxxxxxxxxxxxxxxxxxxxxxx", "et:s:20:ed8cbae1b3e27ddc30621aa38241911a73", "hello", "et:s:04:08fd4bdaed5ac06e2559dd98993ced429f", "", "et:s:23:2c57d06537cb90580459a716b6b8cb20c4", "hello"]
2389 ["TOUCH", "et:s:05:a05ea3c25f51410161095aa29205855c1d", "et:s:30:d68373176588faa98188f96dce575c8bbe", "et:s:02:98cc29cb38365a85fd9b03e1669cf862e7", "et:s:07:ade700a2031427eb587eea8faefe9db49d", "et:s:23:2c57d06537cb90580459a716b6b8cb20c4"]
2439 ["MSET", "et:s:02:98cc29cb38365a85fd9b03e1669cf862e7", "", "et:s:30:d68373176588faa98188f96dce575c8bbe", "v", "et:s:23:2c57d06537cb90580459a716b6b8cb20c4", "value-xxxxxxxxxxxxxxxxxxxxxxxxxxxxxxxxxxxxxxxxxxxxxxxxxxxxxxxxxxxxxxxxxxxxxxxxxxxxxxxxxxxxxxxxxx", "et:s:28:37b3577a50660a7f7dc658feabe6c5fe53", "hello"]
2493 ["MGET", "et:s:23:2c57d06537cb90580459a716b6b8cb20c4", "et:s:35:8f1d21bd42b27230caf210f40641699aa7", "et:s:30:d68373176588faa98188f96dce575c8bbe", "et:s:28:37b3577a50660a7f7dc658feabe6c5fe53", "et:s:31:c4cb6eacd0e93f1c52f428e2902145b0f6"]
2511 ["MGET", "et:s:20:ed8cbae1b3e27ddc30621aa38241911a73", "et:s:31:c4cb6eacd0e93f1c52f428e2902145b0f6", "et:s:23:2c57d06537cb90580459a716b6b8cb20c4"]
2518 ["MSET", "et:s:30:d68373176588faa98188f96dce575c8bbe", "hello", "et:s:23:2c57d06537cb90580459a716b6b8cb20c4", "hello", "et:s:11:df2bf033038f25a2baa0918d79630140e6", "hello", "et:s:08:b102bd8ac8402891208e7d684c17c03de5", "value-xxxxxxxxxxxxxxxxxxxxxxxxxxxxxxxxxxxxxxxxxxxxxxxxxxxxxxxxxxxxxxxxxxxxxxxxxxxxxxxxxxxxxxxxxx"]
2534 ["EXISTS", "et:s:03:27561ecfe11a9f23ae754eb86666d96b0c", "et:s:22:197be6b0ae7bbf684dcf40f8b36548fdac", "et:s:14:5d68ba192a8ccc92c2101896c93b0ce423", "et:s:09:e2e81d69f1f7647054c5a488a643cd1dc2", "et:s:05:a05ea3c25f51410161095aa29205855c1d", "et:s:18:32261396dffc0918487e01cf4c41520a76", "et:s:23:2c57d06537cb90580459a716b6b8cb20c4"]
2571 ["SET", "et:s:23:2c57d06537cb90580459a716b6b8cb20c4", "v"]
2597 ["PEXPIREAT", "et:s:23:2c57d06537cb90580459a716b6b8cb20c4", "1793862797459", "XX", "GT"]
2599 ["GETEX", "et:s:23:2c57d06537cb90580459a716b6b8cb20c4", "PXAT", "1"]
2607 ["RENAME", "et:s:23:2c57d06537cb90580459a716b6b8cb20c4", "et:s:29:ffcd6903eb94b6cf1609f0b6f65de10bb4"]
2628 ["SET", "et:s:23:2c57d06537cb90580459a716b6b8cb20c4", "", "KEEPTTL"]
2641 ["MSET", "et:s:09:e2e81d69f1f7647054c5a488a643cd1dc2", "42", "et:s:13:c9201ac2ce6b6a331ce649e3eb7ea1cabe", "42", "et:s:31:c4cb6eacd0e93f1c52f428e2902145b0f6", "42", "et:s:29:ffcd6903eb94b6cf1609f0b6f65de10bb4", "42", "et:s:23:2c57d06537cb90580459a716b6b8cb20c4", "v", "et:s:25:17cb94f7dc2c0d798f1e781d3322522081", "v"]
2671 ["EXPIREAT", "et:s:23:2c57d06537cb90580459a716b6b8cb20c4", "1793862797", "NX"]
2720 ["COPY", "et:s:16:2d51996afa9863e7564d4a446d0a325c66", "et:s:23:2c57d06537cb90580459a716b6b8cb20c4"]
2766 ["GETEX", "et:s:23:2c57d06537cb90580459a716b6b8cb20c4", "PXAT", "1793862797459"]
2865 ["EXISTS", "et:s:28:37b3577a50660a7f7dc658feabe6c5fe53", "et:s:21:ba097c217519b47560a3c0903018123d9f", "et:s:10:2bf2e726e94c2bf7c2ac2c1c2d8a472eb1", "et:s:29:ffcd6903eb94b6cf1609f0b6f65de10bb4", "et:s:23:2c57d06537cb90580459a716b6b8cb20c4", "et:s:16:2d51996afa9863e7564d4a446d0a325c66"]
2867 ["MGET", "et:s:34:ab5891fabba6f1fbda0e707f3c3b9a678c", "et:s:28:37b3577a50660a7f7dc658feabe6c5fe53", "et:s:17:c572b2db3e1274057a60cb78e39bef9743", "et:s:23:2c57d06537cb90580459a716b6b8cb20c4", "et:s:32:f246f2db58d265265e54c81fb3234ab1e3"]
2874 ["COPY", "et:s:20:ed8cbae1b3e27ddc30621aa38241911a73", "et:s:23:2c57d06537cb90580459a716b6b8cb20c4"]
2878 ["PEXPIREAT", "et:s:23:2c57d06537cb90580459a716b6b8cb20c4", "1793862797459", "GT"]
