# ========
# captured on    : Tue Oct  6 15:35:20 2026
# header version : 1
# data offset    : 2536
# data size      : 14512568
# feat offset    : 14515104
# hostname : user-PowerEdge-R6615
# os release : 7.0.0-30-generic
# perf version : 7.0.12
# arch : x86_64
# nrcpus online : 256
# nrcpus avail : 256
# cpudesc : AMD EPYC 9754 128-Core Processor
# cpuid : AuthenticAMD,25,160,2
# total memory : 131362172 kB
# cmdline : /usr/lib/linux-hwe-7.0-tools-7.0.0-30/perf 
# event : name = cycles:u, , id = { 785199, 785200, 785201, 785202, 785203, 785204, 785205, 785206 }, type = 0 (PERF_TYPE_HARDWARE), size = 144, config = 0 (PERF_COUNT_HW_CPU_CYCLES), { sample_period, sample_freq } = 999, sample_type = IP|TID|TIME|CALLCHAIN|CPU|PERIOD|REGS_USER|STACK_USER|IDENTIFIER, read_format = ID|LOST, disabled = 1, exclude_kernel = 1, exclude_hv = 1, freq = 1, sample_id_all = 1, exclude_callchain_user = 1, use_clockid = 1, sample_regs_user = 0xff0fff, sample_stack_user = 8192, clockid = 1
# event : name = dummy:u, , id = { 785207, 785208, 785209, 785210, 785211, 785212, 785213, 785214, 785215, 785216, 785217, 785218, 785219, 785220, 785221, 785222, 785223, 785224, 785225, 785226, 785227, 785228, 785229, 785230, 785231, 785232, 785233, 785234, 785235, 785236, 785237, 785238, 785239, 785240, 785241, 785242, 785243, 785244, 785245, 785246, 785247, 785248, 785249, 785250, 785251, 785252, 785253, 785254, 785255, 785256, 785257, 785258, 785259, 785260, 785261, 785262, 785263, 785264, 785265, 785266, 785267, 785268, 785269, 785270, 785271, 785272, 785273, 785274, 785275, 785276, 785277, 785278, 785279, 785280, 785281, 785282, 785283, 785284, 785285, 785286, 785287, 785288, 785289, 785290, 785291, 785292, 785293, 785294, 785295, 785296, 785297, 785298, 785299, 785300, 785301, 785302, 785303, 785304, 785305, 785306, 785307, 785308, 785309, 785310, 785311, 785312, 785313, 785314, 785315, 785316, 785317, 785318, 785319, 785320, 785321, 785322, 785323, 785324, 785325, 785326, 785327, 785328, 785329, 785330, 785331, 785332, 785333, 785334, 785335, 785336, 785337, 785338, 785339, 785340, 785341, 785342, 785343, 785344, 785345, 785346, 785347, 785348, 785349, 785350, 785351, 785352, 785353, 785354, 785355, 785356, 785357, 785358, 785359, 785360, 785361, 785362, 785363, 785364, 785365, 785366, 785367, 785368, 785369, 785370, 785371, 785372, 785373, 785374, 785375, 785376, 785377, 785378, 785379, 785380, 785381, 785382, 785383, 785384, 785385, 785386, 785387, 785388, 785389, 785390, 785391, 785392, 785393, 785394, 785395, 785396, 785397, 785398, 785399, 785400, 785401, 785402, 785403, 785404, 785405, 785406, 785407, 785408, 785409, 785410, 785411, 785412, 785413, 785414, 785415, 785416, 785417, 785418, 785419, 785420, 785421, 785422, 785423, 785424, 785425, 785426, 785427, 785428, 785429, 785430, 785431, 785432, 785433, 785434, 785435, 785436, 785437, 785438, 785439, 785440, 785441, 785442, 785443, 785444, 785445, 785446, 785447, 785448, 785449, 785450, 785451, 785452, 785453, 785454, 785455, 785456, 785457, 785458, 785459, 785460, 785461, 785462 }, type = 1 (PERF_TYPE_SOFTWARE), size = 144, config = 0x9 (PERF_COUNT_SW_DUMMY), { sample_period, sample_freq } = 999, sample_type = IP|TID|TIME|CPU|PERIOD|IDENTIFIER, read_format = ID|LOST, exclude_kernel = 1, exclude_hv = 1, mmap = 1, comm = 1, freq = 1, task = 1, mmap_data = 1, sample_id_all = 1, exclude_guest = 1, mmap2 = 1, comm_exec = 1, use_clockid = 1, context_switch = 1, ksymbol = 1, bpf_event = 1, build_id = 1, clockid = 1
# CPU_TOPOLOGY info available, use -I to display
# NUMA_TOPOLOGY info available, use -I to display
# pmu mappings: cpu = 4, amd_iommu_0 = 12, amd_iommu_1 = 13, amd_iommu_2 = 14, amd_iommu_3 = 15, breakpoint = 5, hwmon_bnxt_en = 4294901760, hwmon_bnxt_en = 4294901761, hwmon_k10temp = 4294901762, hwmon_power_meter = 4294901763, ibs_fetch = 10, ibs_op = 11, kprobe = 8, msr = 16, power = 17, power_core = 18, software = 1, tool = 4294967294, tracepoint = 2, uprobe = 9
# CACHE info available, use -I to display
# time of first sample : 2928232.158597
# time of last sample : 2928232.776373
# sample duration :    617.777 ms
# MEM_TOPOLOGY info available, use -I to display
# clockid frequency: 1000 MHz
# bpf_prog_info empty
# btf info empty
# cpu pmu capabilities: branches=16, max_precise=0
# clockid: monotonic (1)
# reference time: 2026-10-06 15:35:19.610615 = 1791272119.610615 (TOD) = 2928231.768550516 (monotonic)
# ibs_fetch pmu capabilities: zen4_ibs_extensions=1
# ibs_op pmu capabilities: zen4_ibs_extensions=1
# AMD systems uses ibs_op// PMU for some precise events, e.g.: cycles:p, see the 'perf list' man page for further details.
# CPU_DOMAIN_INFO info available, use -I to display
# e_machine : 62
#   e_flags : 0
# missing features: TRACING_DATA BUILD_ID BRANCH_STACK GROUP_DESC AUXTRACE STAT DIR_FORMAT COMPRESSED HYBRID_TOPOLOGY 
# ========
#
