# ========
# captured on    : Tue Oct  6 15:25:53 2026
# header version : 1
# data offset    : 2536
# data size      : 280928664
# feat offset    : 280931200
# hostname : user-PowerEdge-R6615
# os release : 7.0.0-30-generic
# perf version : 7.0.12
# arch : x86_64
# nrcpus online : 256
# nrcpus avail : 256
# cpudesc : AMD EPYC 9754 128-Core Processor
# cpuid : AuthenticAMD,25,160,2
# total memory : 131362172 kB
# cmdline : /usr/lib/linux-hwe-7.0-tools-7.0.0-30/perf 
# event : name = cycles:u, , id = { 784926, 784927, 784928, 784929, 784930, 784931, 784932, 784933 }, type = 0 (PERF_TYPE_HARDWARE), size = 144, config = 0 (PERF_COUNT_HW_CPU_CYCLES), { sample_period, sample_freq } = 999, sample_type = IP|TID|TIME|CALLCHAIN|CPU|PERIOD|REGS_USER|STACK_USER|IDENTIFIER, read_format = ID|LOST, disabled = 1, exclude_kernel = 1, exclude_hv = 1, freq = 1, sample_id_all = 1, exclude_callchain_user = 1, sample_regs_user = 0xff0fff, sample_stack_user = 8192
# event : name = dummy:u, , id = { 784934, 784935, 784936, 784937, 784938, 784939, 784940, 784941, 784942, 784943, 784944, 784945, 784946, 784947, 784948, 784949, 784950, 784951, 784952, 784953, 784954, 784955, 784956, 784957, 784958, 784959, 784960, 784961, 784962, 784963, 784964, 784965, 784966, 784967, 784968, 784969, 784970, 784971, 784972, 784973, 784974, 784975, 784976, 784977, 784978, 784979, 784980, 784981, 784982, 784983, 784984, 784985, 784986, 784987, 784988, 784989, 784990, 784991, 784992, 784993, 784994, 784995, 784996, 784997, 784998, 784999, 785000, 785001, 785002, 785003, 785004, 785005, 785006, 785007, 785008, 785009, 785010, 785011, 785012, 785013, 785014, 785015, 785016, 785017, 785018, 785019, 785020, 785021, 785022, 785023, 785024, 785025, 785026, 785027, 785028, 785029, 785030, 785031, 785032, 785033, 785034, 785035, 785036, 785037, 785038, 785039, 785040, 785041, 785042, 785043, 785044, 785045, 785046, 785047, 785048, 785049, 785050, 785051, 785052, 785053, 785054, 785055, 785056, 785057, 785058, 785059, 785060, 785061, 785062, 785063, 785064, 785065, 785066, 785067, 785068, 785069, 785070, 785071, 785072, 785073, 785074, 785075, 785076, 785077, 785078, 785079, 785080, 785081, 785082, 785083, 785084, 785085, 785086, 785087, 785088, 785089, 785090, 785091, 785092, 785093, 785094, 785095, 785096, 785097, 785098, 785099, 785100, 785101, 785102, 785103, 785104, 785105, 785106, 785107, 785108, 785109, 785110, 785111, 785112, 785113, 785114, 785115, 785116, 785117, 785118, 785119, 785120, 785121, 785122, 785123, 785124, 785125, 785126, 785127, 785128, 785129, 785130, 785131, 785132, 785133, 785134, 785135, 785136, 785137, 785138, 785139, 785140, 785141, 785142, 785143, 785144, 785145, 785146, 785147, 785148, 785149, 785150, 785151, 785152, 785153, 785154, 785155, 785156, 785157, 785158, 785159, 785160, 785161, 785162, 785163, 785164, 785165, 785166, 785167, 785168, 785169, 785170, 785171, 785172, 785173, 785174, 785175, 785176, 785177, 785178, 785179, 785180, 785181, 785182, 785183, 785184, 785185, 785186, 785187, 785188, 785189 }, type = 1 (PERF_TYPE_SOFTWARE), size = 144, config = 0x9 (PERF_COUNT_SW_DUMMY), { sample_period, sample_freq } = 999, sample_type = IP|TID|TIME|CPU|PERIOD|IDENTIFIER, read_format = ID|LOST, exclude_kernel = 1, exclude_hv = 1, mmap = 1, comm = 1, freq = 1, task = 1, mmap_data = 1, sample_id_all = 1, exclude_guest = 1, mmap2 = 1, comm_exec = 1, context_switch = 1, ksymbol = 1, bpf_event = 1, build_id = 1
# CPU_TOPOLOGY info available, use -I to display
# NUMA_TOPOLOGY info available, use -I to display
# pmu mappings: cpu = 4, amd_iommu_0 = 12, amd_iommu_1 = 13, amd_iommu_2 = 14, amd_iommu_3 = 15, breakpoint = 5, hwmon_bnxt_en = 4294901760, hwmon_bnxt_en = 4294901761, hwmon_k10temp = 4294901762, hwmon_power_meter = 4294901763, ibs_fetch = 10, ibs_op = 11, kprobe = 8, msr = 16, power = 17, power_core = 18, software = 1, tool = 4294967294, tracepoint = 2, uprobe = 9
# CACHE info available, use -I to display
# time of first sample : 2927649.661828
# time of last sample : 2927653.543336
# sample duration :   3881.508 ms
# MEM_TOPOLOGY info available, use -I to display
# bpf_prog_info empty
# btf info empty
# cpu pmu capabilities: branches=16, max_precise=0
# ibs_fetch pmu capabilities: zen4_ibs_extensions=1
# ibs_op pmu capabilities: zen4_ibs_extensions=1
# AMD systems uses ibs_op// PMU for some precise events, e.g.: cycles:p, see the 'perf list' man page for further details.
# CPU_DOMAIN_INFO info available, use -I to display
# e_machine : 62
#   e_flags : 0
# missing features: TRACING_DATA BUILD_ID BRANCH_STACK GROUP_DESC AUXTRACE STAT CLOCKID DIR_FORMAT COMPRESSED CLOCK_DATA HYBRID_TOPOLOGY 
# ========
#
