warmup-string 0
warmup-list 0
warmup-set 0
warmup-zset 0
warmup-hash 0
warmup-hexpire 0
edgetime-1 0
edgetime-2 0
edgetime-3 0
edgetime-4 0
edgetime-5 0
edgetime-6 0
edgetime-7 0
edgetime-8 0
edgetime-9 0
edgetime-10 0
edgetime-11 0
edgetime-12 0
edgetime-13 0
edgetime-14 0
edgetime-15 0
edgetime-16 0
edgetime-17 0
edgetime-18 0
edgetime-19 0
edgetime-20 0
edgetime-21 0
edgetime-22 0
edgetime-23 0
edgetime-24 0
edgetime-25 0
edgetime-26 0
edgetime-27 0
edgetime-28 0
edgetime-29 0
edgetime-30 0
edgetime-31 0
edgetime-32 0
edgetime-33 0
edgetime-34 0
edgetime-35 0
edgetime-36 0
edgetime-37 0
edgetime-38 0
edgetime-39 0
edgetime-40 0
