PASS survivor-admission: exit=0
PASS survivor-closure: exit=0
PASS survivor-script_keys: exit=0
PASS survivor-rename_overlay: exit=0
PASS survivor-write_latest: exit=0
PASS survivor-script_apply: exit=0
PASS survivor-post_apply_probe: exit=0
PASS survivor-lua_conversion: exit=0
PASS survivor-watch_parent: exit=0
PASS survivor-watch_cycle: exit=0
PASS survivor-mset_arity: exit=0
PASS survivor-watch_oom: exit=0
PASS survivor-lua_lines: exit=0
PASS survivor-library_limit: exit=0
PASS survivor-stage_flag: exit=0
PASS survivor-instruction_limit: exit=0
PASS survivor-plain_0: exit=0
PASS survivor-plain_1: exit=0
PASS multidb: exit=0
PASS mdbqsbr: exit=0
PASS at15-unit-1s: exit=0
PASS at15-unit-2s: exit=0
PASS at15-db0-unit-1s: exit=0
PASS at15-db0-unit-2s: exit=0
PASS execabort-watch-unit-1s: exit=0
PASS execabort-watch-unit-1s-no-watch: exit=0
PASS execabort-watch-unit-1s-no-error: exit=0
PASS execabort-watch-unit-2s: exit=0
PASS execabort-watch-unit-2s-no-watch: exit=0
PASS execabort-watch-unit-2s-no-error: exit=0
PASS execabort-watch-unit-no-arm: exit=1
PASS execabort-watch-db0-unit-1s: exit=0
PASS execabort-watch-db0-unit-1s-no-watch: exit=0
PASS execabort-watch-db0-unit-1s-no-error: exit=0
PASS execabort-watch-db0-unit-2s: exit=0
PASS execabort-watch-db0-unit-2s-no-watch: exit=0
PASS execabort-watch-db0-unit-2s-no-error: exit=0
PASS execabort-watch-db0-unit-no-arm: exit=1
PASS wire-self-test: exit=0
PASS shell-row: exit=0
