{
  "full_replays": 6,
  "complete_suite_legs": 1476,
  "verified_artifacts": 432,
  "verified_traces": 105,
  "timestamped_replies": 929460,
  "unchanged_harness_sha256": "0942a513067d4fa6eed7643d3ab4950d3f12ebe7fdafb00e1c8e3ab7687dc4cd",
  "production_makefile_tests_unchanged_since": "bfc13903f",
  "arms": {
    "build/at15b-pre/tomokv": "ef4ff8935edf5d222b70299615e5f99a041e41f370594fc88e2cc691ecaad49a",
    "build/tomokv": "d3723e11796bbcd87b0156d4b1690a3008f7702bc27b6c42724c0b3ff7ee1487",
    "build/at15c-pad-a": "926e0e9c5f0405951746cc1c6d808de5a334fd3a5c0cc5ff87c0bfcde7d1da52"
  },
  "stopped_server_pids": [
    1827463,
    1827469,
    1828539,
    1828545,
    1859220,
    1859226,
    1859249,
    1859255,
    1859269,
    1859275,
    1859324,
    1859330,
    1859583,
    1859689,
    1860112,
    1860118,
    1897005,
    1897012,
    1897074,
    1897080,
    1916699,
    1916711,
    1961953,
    1961959,
    1962071,
    1962077,
    2000956,
    2000964,
    2001087,
    2001094
  ],
  "stopped_compiler_groups": [
    2001009,
    2001010,
    2001011,
    2001012,
    2001014,
    2001016,
    2001018,
    2001020,
    2001126,
    2001127,
    2001128,
    2001129,
    2001131,
    2001133,
    2001135,
    2001137
  ],
  "ports_free": [
    17899,
    17900
  ],
  "compiler_window_all_workers_off_cpu_ms": 2.910048
}
