topology: 1 L3 domain(s)
  domain  0: 8 cpus [120,121,122,123,124,125,126,127]
tomokv-cpp: 8 unified threads, 16 shard(s), thread-mode=1s, overlap=0 (executor prefetch; ordinary IO), io_uring, alloc=jemalloc, reorder=0, read-local=1
  thread t0: role=unified cpu=120 L3=0 shards=2 send=self
  thread t1: role=unified cpu=121 L3=0 shards=2 send=self
  thread t2: role=unified cpu=122 L3=0 shards=2 send=self
  thread t3: role=unified cpu=123 L3=0 shards=2 send=self
  thread t4: role=unified cpu=124 L3=0 shards=2 send=self
  thread t5: role=unified cpu=125 L3=0 shards=2 send=self
  thread t6: role=unified cpu=126 L3=0 shards=2 send=self
  thread t7: role=unified cpu=127 L3=0 shards=2 send=self
listening on 127.0.0.1:18179
persistence: enabled=0 posted=0 flushed=0 durable=0 refused=0 pending_chunks=0 producers_with_pending=0 drain_gave_up=0 failed=0

thread role          ops      iters   busy_ms   idle_ms    cpu_ms   wake_tx  wake_rx
t0     uni            78      33561      20.1     922.0      21.0        15       56
io_tenure t0/0 busy_ns=20075204 idle_ns=921978654 entry_ns=2986592389514643 begin_ns=2986592389514672 end_ns=2986593331568530 exit_ns=2986593331568650 role_exit=0 stopped=1
t1     uni            77       4169       3.6     938.4       4.3        10       54
io_tenure t1/0 busy_ns=3638331 idle_ns=938421658 entry_ns=2986592389517683 begin_ns=2986592389517712 end_ns=2986593331577701 exit_ns=2986593331577731 role_exit=0 stopped=1
t2     uni            74      25510      15.6     926.5      16.4        17       56
io_tenure t2/0 busy_ns=15575582 idle_ns=926470076 entry_ns=2986592389523612 begin_ns=2986592389523632 end_ns=2986593331569290 exit_ns=2986593331569421 role_exit=0 stopped=1
t3     uni            72        665       2.0     940.0       2.8        13       50
io_tenure t3/0 busy_ns=2032093 idle_ns=940016825 entry_ns=2986592389521623 begin_ns=2986592389521652 end_ns=2986593331570570 exit_ns=2986593331570701 role_exit=0 stopped=1
t4     uni          4201     114413      96.8     845.2     105.2       194      227
io_tenure t4/0 busy_ns=96820292 idle_ns=845231455 entry_ns=2986592389514763 begin_ns=2986592389514783 end_ns=2986593331566530 exit_ns=2986593331566661 role_exit=0 stopped=1
t5     uni            81      33903      21.1     921.0      21.8        22       65
io_tenure t5/0 busy_ns=21054008 idle_ns=920992590 entry_ns=2986592389519652 begin_ns=2986592389519683 end_ns=2986593331566281 exit_ns=2986593331566401 role_exit=0 stopped=1
t6     uni            80      16069      10.3     931.7      11.0        28       74
io_tenure t6/0 busy_ns=10345183 idle_ns=931699504 entry_ns=2986592389525372 begin_ns=2986592389525403 end_ns=2986593331570090 exit_ns=2986593331570301 role_exit=0 stopped=1
t7     uni            72       1859       2.8     939.3       3.5        23       62
io_tenure t7/0 busy_ns=2777210 idle_ns=939278479 entry_ns=2986592389512923 begin_ns=2986592389512952 end_ns=2986593331568641 exit_ns=2986593331568770 role_exit=0 stopped=1
wb: retired=2418 direct=2048 sends=2418/2418 short=0 err=0 peer_aborts=0 bytes=993042 zc_sends=0 zc_bytes=0 zc_releases=0 serves=2471 empty=53
tls: accepts=0 handshakes=0/0 failed=0 freed=0 want_read=0 want_write=0 cipher_in=0 plain_in=0 cipher_out=0 plain_out=0 zc_suppressed=0 ktls_active=0 ktls_fallback=0
stuck: live_conns=1 rob_not_quiesced=0 unsent_bytes_pending=0 | slots done=0 issued=0 free=0 flag_set=0
shutdown: unified_work=4735 accepts=50 accept_err=0 rearm=0 sqe_starved=0 notify_drop=0
shutdown_report {"schema":1,"thread_mode":"1s","work":{"kind":"fused","unified":4735},"threads":[{"tid":0,"role":"fused","ops":78,"iterations":33561,"busy_ns":20075204,"idle_ns":921978654,"cpu_ns":21029628,"wake_tx":15,"wake_rx":56,"io_tenures":[{"entry_ns":2986592389514643,"begin_ns":2986592389514672,"end_ns":2986593331568530,"exit_ns":2986593331568650,"busy_ns":20075204,"idle_ns":921978654,"role_exit":false,"stopped":true,"did_submit":0,"sweep_submit":0,"park":0}]},{"tid":1,"role":"fused","ops":77,"iterations":4169,"busy_ns":3638331,"idle_ns":938421658,"cpu_ns":4318791,"wake_tx":10,"wake_rx":54,"io_tenures":[{"entry_ns":2986592389517683,"begin_ns":2986592389517712,"end_ns":2986593331577701,"exit_ns":2986593331577731,"busy_ns":3638331,"idle_ns":938421658,"role_exit":false,"stopped":true,"did_submit":0,"sweep_submit":0,"park":0}]},{"tid":2,"role":"fused","ops":74,"iterations":25510,"busy_ns":15575582,"idle_ns":926470076,"cpu_ns":16377347,"wake_tx":17,"wake_rx":56,"io_tenures":[{"entry_ns":2986592389523612,"begin_ns":2986592389523632,"end_ns":2986593331569290,"exit_ns":2986593331569421,"busy_ns":15575582,"idle_ns":926470076,"role_exit":false,"stopped":true,"did_submit":0,"sweep_submit":0,"park":0}]},{"tid":3,"role":"fused","ops":72,"iterations":665,"busy_ns":2032093,"idle_ns":940016825,"cpu_ns":2826326,"wake_tx":13,"wake_rx":50,"io_tenures":[{"entry_ns":2986592389521623,"begin_ns":2986592389521652,"end_ns":2986593331570570,"exit_ns":2986593331570701,"busy_ns":2032093,"idle_ns":940016825,"role_exit":false,"stopped":true,"did_submit":0,"sweep_submit":0,"park":0}]},{"tid":4,"role":"fused","ops":4201,"iterations":114413,"busy_ns":96820292,"idle_ns":845231455,"cpu_ns":105181586,"wake_tx":194,"wake_rx":227,"io_tenures":[{"entry_ns":2986592389514763,"begin_ns":2986592389514783,"end_ns":2986593331566530,"exit_ns":2986593331566661,"busy_ns":96820292,"idle_ns":845231455,"role_exit":false,"stopped":true,"did_submit":0,"sweep_submit":0,"park":0}]},{"tid":5,"role":"fused","ops":81,"iterations":33903,"busy_ns":21054008,"idle_ns":920992590,"cpu_ns":21842303,"wake_tx":22,"wake_rx":65,"io_tenures":[{"entry_ns":2986592389519652,"begin_ns":2986592389519683,"end_ns":2986593331566281,"exit_ns":2986593331566401,"busy_ns":21054008,"idle_ns":920992590,"role_exit":false,"stopped":true,"did_submit":0,"sweep_submit":0,"park":0}]},{"tid":6,"role":"fused","ops":80,"iterations":16069,"busy_ns":10345183,"idle_ns":931699504,"cpu_ns":10990807,"wake_tx":28,"wake_rx":74,"io_tenures":[{"entry_ns":2986592389525372,"begin_ns":2986592389525403,"end_ns":2986593331570090,"exit_ns":2986593331570301,"busy_ns":10345183,"idle_ns":931699504,"role_exit":false,"stopped":true,"did_submit":0,"sweep_submit":0,"park":0}]},{"tid":7,"role":"fused","ops":72,"iterations":1859,"busy_ns":2777210,"idle_ns":939278479,"cpu_ns":3524646,"wake_tx":23,"wake_rx":62,"io_tenures":[{"entry_ns":2986592389512923,"begin_ns":2986592389512952,"end_ns":2986593331568641,"exit_ns":2986593331568770,"busy_ns":2777210,"idle_ns":939278479,"role_exit":false,"stopped":true,"did_submit":0,"sweep_submit":0,"park":0}]}],"wb":{"retired":2418,"direct":2048,"sends_completed":2418,"sends_submitted":2418,"short_writes":0,"send_errors":0,"peer_aborts":0,"bytes_sent":993042,"zc_sends":0,"zc_bytes":0,"zc_releases":0,"serves":2471,"serves_empty":53},"tls":{"accepts":0,"handshakes_completed":0,"handshakes_started":0,"handshakes_failed":0,"connections_freed":0,"want_read":0,"want_write":0,"ciphertext_input_bytes":0,"plaintext_input_bytes":0,"ciphertext_output_bytes":0,"plaintext_output_bytes":0,"zc_suppressed":0,"ktls_active":0,"ktls_fallback":0},"stuck":{"live_conns":1,"rob_not_quiesced":0,"unsent_bytes_pending":0,"slots_done":0,"slots_issued":0,"slots_free":0,"flag_set":0},"epoll":{"enabled":false,"events":0,"recvs":0},"persistence":{"enabled":false,"recording":false,"failed":false,"drain_gave_up":false,"posted":0,"flushed":0,"durable":0,"refused":0,"pending_chunks":0,"records_written":0,"producers_with_pending":0,"producers_stopped":0,"producers_expected":0,"completions_pending":0},"accept":{"accepts":50,"accept_err":0,"rearm":0,"sqe_starved":0,"notify_drop":0}}
