topology: 1 L3 domain(s)
  domain  0: 8 cpus [112,113,114,115,116,117,118,119]
tomokv-cpp: 8 unified threads, 16 shard(s), thread-mode=1s, overlap=0 (executor prefetch; ordinary IO), io_uring, alloc=jemalloc, reorder=0, read-local=1
  thread t0: role=unified cpu=112 L3=0 shards=2 send=self
  thread t1: role=unified cpu=113 L3=0 shards=2 send=self
  thread t2: role=unified cpu=114 L3=0 shards=2 send=self
  thread t3: role=unified cpu=115 L3=0 shards=2 send=self
  thread t4: role=unified cpu=116 L3=0 shards=2 send=self
  thread t5: role=unified cpu=117 L3=0 shards=2 send=self
  thread t6: role=unified cpu=118 L3=0 shards=2 send=self
  thread t7: role=unified cpu=119 L3=0 shards=2 send=self
listening on 127.0.0.1:18340
persistence: enabled=0 posted=0 flushed=0 durable=0 refused=0 pending_chunks=0 producers_with_pending=0 drain_gave_up=0 failed=0

thread role          ops      iters   busy_ms   idle_ms    cpu_ms   wake_tx  wake_rx
t0     uni            66        660       1.4    1693.8       2.3        26       61
io_tenure t0/0 busy_ns=1411913 idle_ns=1693793653 entry_ns=3160538797210177 begin_ns=3160538797210197 end_ns=3160540492415763 exit_ns=3160540492415903 role_exit=0 stopped=1
t1     uni            58        415       1.4    1693.8       2.2        32       63
io_tenure t1/0 busy_ns=1387458 idle_ns=1693813098 entry_ns=3160538797209737 begin_ns=3160538797209757 end_ns=3160540492410313 exit_ns=3160540492410433 role_exit=0 stopped=1
t2     uni            53        303       0.9    1694.3       1.8        17       44
io_tenure t2/0 busy_ns=924989 idle_ns=1694280077 entry_ns=3160538797216917 begin_ns=3160538797216937 end_ns=3160540492422003 exit_ns=3160540492422033 role_exit=0 stopped=1
t3     uni            69        491       1.5    1693.7       2.3        29       67
io_tenure t3/0 busy_ns=1453854 idle_ns=1693746672 entry_ns=3160538797214447 begin_ns=3160538797214477 end_ns=3160540492415003 exit_ns=3160540492415033 role_exit=0 stopped=1
t4     uni            82        330       1.2    1694.0       2.0        29       62
io_tenure t4/0 busy_ns=1193330 idle_ns=1693997256 entry_ns=3160538797220757 begin_ns=3160538797220787 end_ns=3160540492411373 exit_ns=3160540492411503 role_exit=0 stopped=1
t5     uni            41        536       1.7    1693.5       2.5        23       43
io_tenure t5/0 busy_ns=1661609 idle_ns=1693536907 entry_ns=3160538797211807 begin_ns=3160538797211827 end_ns=3160540492410343 exit_ns=3160540492410473 role_exit=0 stopped=1
t6     uni            63        642       4.1    1691.1       5.3        79      116
io_tenure t6/0 busy_ns=4135481 idle_ns=1691057015 entry_ns=3160538797219047 begin_ns=3160538797219067 end_ns=3160540492411563 exit_ns=3160540492411753 role_exit=0 stopped=1
t7     uni            92        351       1.3    1693.9       2.2        27       68
io_tenure t7/0 busy_ns=1334993 idle_ns=1693868203 entry_ns=3160538797209377 begin_ns=3160538797209407 end_ns=3160540492412603 exit_ns=3160540492412733 role_exit=0 stopped=1
wb: retired=176 direct=4 sends=80/80 short=0 err=0 peer_aborts=0 bytes=38320 zc_sends=0 zc_bytes=0 zc_releases=0 serves=281 empty=105
tls: accepts=0 handshakes=0/0 failed=0 freed=0 want_read=0 want_write=0 cipher_in=0 plain_in=0 cipher_out=0 plain_out=0 zc_suppressed=0 ktls_active=0 ktls_fallback=0
stuck: live_conns=0 rob_not_quiesced=0 unsent_bytes_pending=0 | slots done=0 issued=0 free=0 flag_set=0
shutdown: unified_work=524 accepts=114 accept_err=0 rearm=0 sqe_starved=0 notify_drop=0
shutdown_report {"schema":1,"thread_mode":"1s","work":{"kind":"fused","unified":524},"threads":[{"tid":0,"role":"fused","ops":66,"iterations":660,"busy_ns":1411913,"idle_ns":1693793653,"cpu_ns":2307452,"wake_tx":26,"wake_rx":61,"io_tenures":[{"entry_ns":3160538797210177,"begin_ns":3160538797210197,"end_ns":3160540492415763,"exit_ns":3160540492415903,"busy_ns":1411913,"idle_ns":1693793653,"role_exit":false,"stopped":true,"did_submit":0,"sweep_submit":0,"park":0}]},{"tid":1,"role":"fused","ops":58,"iterations":415,"busy_ns":1387458,"idle_ns":1693813098,"cpu_ns":2246844,"wake_tx":32,"wake_rx":63,"io_tenures":[{"entry_ns":3160538797209737,"begin_ns":3160538797209757,"end_ns":3160540492410313,"exit_ns":3160540492410433,"busy_ns":1387458,"idle_ns":1693813098,"role_exit":false,"stopped":true,"did_submit":0,"sweep_submit":0,"park":0}]},{"tid":2,"role":"fused","ops":53,"iterations":303,"busy_ns":924989,"idle_ns":1694280077,"cpu_ns":1781660,"wake_tx":17,"wake_rx":44,"io_tenures":[{"entry_ns":3160538797216917,"begin_ns":3160538797216937,"end_ns":3160540492422003,"exit_ns":3160540492422033,"busy_ns":924989,"idle_ns":1694280077,"role_exit":false,"stopped":true,"did_submit":0,"sweep_submit":0,"park":0}]},{"tid":3,"role":"fused","ops":69,"iterations":491,"busy_ns":1453854,"idle_ns":1693746672,"cpu_ns":2317663,"wake_tx":29,"wake_rx":67,"io_tenures":[{"entry_ns":3160538797214447,"begin_ns":3160538797214477,"end_ns":3160540492415003,"exit_ns":3160540492415033,"busy_ns":1453854,"idle_ns":1693746672,"role_exit":false,"stopped":true,"did_submit":0,"sweep_submit":0,"park":0}]},{"tid":4,"role":"fused","ops":82,"iterations":330,"busy_ns":1193330,"idle_ns":1693997256,"cpu_ns":2043245,"wake_tx":29,"wake_rx":62,"io_tenures":[{"entry_ns":3160538797220757,"begin_ns":3160538797220787,"end_ns":3160540492411373,"exit_ns":3160540492411503,"busy_ns":1193330,"idle_ns":1693997256,"role_exit":false,"stopped":true,"did_submit":0,"sweep_submit":0,"park":0}]},{"tid":5,"role":"fused","ops":41,"iterations":536,"busy_ns":1661609,"idle_ns":1693536907,"cpu_ns":2516235,"wake_tx":23,"wake_rx":43,"io_tenures":[{"entry_ns":3160538797211807,"begin_ns":3160538797211827,"end_ns":3160540492410343,"exit_ns":3160540492410473,"busy_ns":1661609,"idle_ns":1693536907,"role_exit":false,"stopped":true,"did_submit":0,"sweep_submit":0,"park":0}]},{"tid":6,"role":"fused","ops":63,"iterations":642,"busy_ns":4135481,"idle_ns":1691057015,"cpu_ns":5270018,"wake_tx":79,"wake_rx":116,"io_tenures":[{"entry_ns":3160538797219047,"begin_ns":3160538797219067,"end_ns":3160540492411563,"exit_ns":3160540492411753,"busy_ns":4135481,"idle_ns":1691057015,"role_exit":false,"stopped":true,"did_submit":0,"sweep_submit":0,"park":0}]},{"tid":7,"role":"fused","ops":92,"iterations":351,"busy_ns":1334993,"idle_ns":1693868203,"cpu_ns":2220258,"wake_tx":27,"wake_rx":68,"io_tenures":[{"entry_ns":3160538797209377,"begin_ns":3160538797209407,"end_ns":3160540492412603,"exit_ns":3160540492412733,"busy_ns":1334993,"idle_ns":1693868203,"role_exit":false,"stopped":true,"did_submit":0,"sweep_submit":0,"park":0}]}],"wb":{"retired":176,"direct":4,"sends_completed":80,"sends_submitted":80,"short_writes":0,"send_errors":0,"peer_aborts":0,"bytes_sent":38320,"zc_sends":0,"zc_bytes":0,"zc_releases":0,"serves":281,"serves_empty":105},"tls":{"accepts":0,"handshakes_completed":0,"handshakes_started":0,"handshakes_failed":0,"connections_freed":0,"want_read":0,"want_write":0,"ciphertext_input_bytes":0,"plaintext_input_bytes":0,"ciphertext_output_bytes":0,"plaintext_output_bytes":0,"zc_suppressed":0,"ktls_active":0,"ktls_fallback":0},"stuck":{"live_conns":0,"rob_not_quiesced":0,"unsent_bytes_pending":0,"slots_done":0,"slots_issued":0,"slots_free":0,"flag_set":0},"epoll":{"enabled":false,"events":0,"recvs":0},"persistence":{"enabled":false,"recording":false,"failed":false,"drain_gave_up":false,"posted":0,"flushed":0,"durable":0,"refused":0,"pending_chunks":0,"records_written":0,"producers_with_pending":0,"producers_stopped":0,"producers_expected":0,"completions_pending":0},"accept":{"accepts":114,"accept_err":0,"rearm":0,"sqe_starved":0,"notify_drop":0}}
