topology: 1 L3 domain(s)
  domain  0: 8 cpus [120,121,122,123,124,125,126,127]
tomokv-cpp: 8 unified threads, 16 shard(s), thread-mode=1s, overlap=0 (executor prefetch; ordinary IO), io_uring, alloc=jemalloc, reorder=0, read-local=1
  thread t0: role=unified cpu=120 L3=0 shards=2 send=self
  thread t1: role=unified cpu=121 L3=0 shards=2 send=self
  thread t2: role=unified cpu=122 L3=0 shards=2 send=self
  thread t3: role=unified cpu=123 L3=0 shards=2 send=self
  thread t4: role=unified cpu=124 L3=0 shards=2 send=self
  thread t5: role=unified cpu=125 L3=0 shards=2 send=self
  thread t6: role=unified cpu=126 L3=0 shards=2 send=self
  thread t7: role=unified cpu=127 L3=0 shards=2 send=self
listening on 127.0.0.1:18179
persistence: enabled=0 posted=0 flushed=0 durable=0 refused=0 pending_chunks=0 producers_with_pending=0 drain_gave_up=0 failed=0

thread role          ops      iters   busy_ms   idle_ms    cpu_ms   wake_tx  wake_rx
t0     uni          4100       6195      17.2      97.2      24.7         1        2
io_tenure t0/0 busy_ns=17190034 idle_ns=97215832 entry_ns=2986592055544427 begin_ns=2986592055544457 end_ns=2986592169950323 exit_ns=2986592169950443 role_exit=0 stopped=1
t1     uni             2        146       0.1     114.3       0.5         0        0
io_tenure t1/0 busy_ns=118792 idle_ns=114316934 entry_ns=2986592055523927 begin_ns=2986592055523957 end_ns=2986592169959683 exit_ns=2986592169959713 role_exit=0 stopped=1
t2     uni             3        137       0.1     114.3       0.6         1        2
io_tenure t2/0 busy_ns=128280 idle_ns=114298096 entry_ns=2986592055525377 begin_ns=2986592055525407 end_ns=2986592169951783 exit_ns=2986592169951913 role_exit=0 stopped=1
t3     uni             2        134       0.1     114.3       0.5         0        0
io_tenure t3/0 busy_ns=114420 idle_ns=114317126 entry_ns=2986592055524077 begin_ns=2986592055524097 end_ns=2986592169955643 exit_ns=2986592169955893 role_exit=0 stopped=1
t4     uni             2        123       0.1     114.3       0.5         0        0
io_tenure t4/0 busy_ns=110569 idle_ns=114318787 entry_ns=2986592055526147 begin_ns=2986592055526177 end_ns=2986592169955533 exit_ns=2986592169955663 role_exit=0 stopped=1
t5     uni             2        132       0.1     114.3       0.5         0        0
io_tenure t5/0 busy_ns=114030 idle_ns=114310156 entry_ns=2986592055524697 begin_ns=2986592055524727 end_ns=2986592169948913 exit_ns=2986592169949043 role_exit=0 stopped=1
t6     uni             2        113       0.1     114.3       0.6         0        0
io_tenure t6/0 busy_ns=106881 idle_ns=114317185 entry_ns=2986592055528167 begin_ns=2986592055528187 end_ns=2986592169952253 exit_ns=2986592169952383 role_exit=0 stopped=1
t7     uni             2        100       0.1     114.3       0.6         0        0
io_tenure t7/0 busy_ns=109910 idle_ns=114318566 entry_ns=2986592055524357 begin_ns=2986592055524387 end_ns=2986592169952863 exit_ns=2986592169953003 role_exit=0 stopped=1
wb: retired=2060 direct=2048 sends=2060/2060 short=0 err=0 peer_aborts=0 bytes=77004 zc_sends=0 zc_bytes=0 zc_releases=0 serves=2060 empty=0
tls: accepts=0 handshakes=0/0 failed=0 freed=0 want_read=0 want_write=0 cipher_in=0 plain_in=0 cipher_out=0 plain_out=0 zc_suppressed=0 ktls_active=0 ktls_fallback=0
stuck: live_conns=0 rob_not_quiesced=0 unsent_bytes_pending=0 | slots done=0 issued=0 free=0 flag_set=0
shutdown: unified_work=4115 accepts=1 accept_err=0 rearm=0 sqe_starved=0 notify_drop=0
shutdown_report {"schema":1,"thread_mode":"1s","work":{"kind":"fused","unified":4115},"threads":[{"tid":0,"role":"fused","ops":4100,"iterations":6195,"busy_ns":17190034,"idle_ns":97215832,"cpu_ns":24671344,"wake_tx":1,"wake_rx":2,"io_tenures":[{"entry_ns":2986592055544427,"begin_ns":2986592055544457,"end_ns":2986592169950323,"exit_ns":2986592169950443,"busy_ns":17190034,"idle_ns":97215832,"role_exit":false,"stopped":true,"did_submit":0,"sweep_submit":0,"park":0}]},{"tid":1,"role":"fused","ops":2,"iterations":146,"busy_ns":118792,"idle_ns":114316934,"cpu_ns":537673,"wake_tx":0,"wake_rx":0,"io_tenures":[{"entry_ns":2986592055523927,"begin_ns":2986592055523957,"end_ns":2986592169959683,"exit_ns":2986592169959713,"busy_ns":118792,"idle_ns":114316934,"role_exit":false,"stopped":true,"did_submit":0,"sweep_submit":0,"park":0}]},{"tid":2,"role":"fused","ops":3,"iterations":137,"busy_ns":128280,"idle_ns":114298096,"cpu_ns":629958,"wake_tx":1,"wake_rx":2,"io_tenures":[{"entry_ns":2986592055525377,"begin_ns":2986592055525407,"end_ns":2986592169951783,"exit_ns":2986592169951913,"busy_ns":128280,"idle_ns":114298096,"role_exit":false,"stopped":true,"did_submit":0,"sweep_submit":0,"park":0}]},{"tid":3,"role":"fused","ops":2,"iterations":134,"busy_ns":114420,"idle_ns":114317126,"cpu_ns":537902,"wake_tx":0,"wake_rx":0,"io_tenures":[{"entry_ns":2986592055524077,"begin_ns":2986592055524097,"end_ns":2986592169955643,"exit_ns":2986592169955893,"busy_ns":114420,"idle_ns":114317126,"role_exit":false,"stopped":true,"did_submit":0,"sweep_submit":0,"park":0}]},{"tid":4,"role":"fused","ops":2,"iterations":123,"busy_ns":110569,"idle_ns":114318787,"cpu_ns":536925,"wake_tx":0,"wake_rx":0,"io_tenures":[{"entry_ns":2986592055526147,"begin_ns":2986592055526177,"end_ns":2986592169955533,"exit_ns":2986592169955663,"busy_ns":110569,"idle_ns":114318787,"role_exit":false,"stopped":true,"did_submit":0,"sweep_submit":0,"park":0}]},{"tid":5,"role":"fused","ops":2,"iterations":132,"busy_ns":114030,"idle_ns":114310156,"cpu_ns":538711,"wake_tx":0,"wake_rx":0,"io_tenures":[{"entry_ns":2986592055524697,"begin_ns":2986592055524727,"end_ns":2986592169948913,"exit_ns":2986592169949043,"busy_ns":114030,"idle_ns":114310156,"role_exit":false,"stopped":true,"did_submit":0,"sweep_submit":0,"park":0}]},{"tid":6,"role":"fused","ops":2,"iterations":113,"busy_ns":106881,"idle_ns":114317185,"cpu_ns":564858,"wake_tx":0,"wake_rx":0,"io_tenures":[{"entry_ns":2986592055528167,"begin_ns":2986592055528187,"end_ns":2986592169952253,"exit_ns":2986592169952383,"busy_ns":106881,"idle_ns":114317185,"role_exit":false,"stopped":true,"did_submit":0,"sweep_submit":0,"park":0}]},{"tid":7,"role":"fused","ops":2,"iterations":100,"busy_ns":109910,"idle_ns":114318566,"cpu_ns":585458,"wake_tx":0,"wake_rx":0,"io_tenures":[{"entry_ns":2986592055524357,"begin_ns":2986592055524387,"end_ns":2986592169952863,"exit_ns":2986592169953003,"busy_ns":109910,"idle_ns":114318566,"role_exit":false,"stopped":true,"did_submit":0,"sweep_submit":0,"park":0}]}],"wb":{"retired":2060,"direct":2048,"sends_completed":2060,"sends_submitted":2060,"short_writes":0,"send_errors":0,"peer_aborts":0,"bytes_sent":77004,"zc_sends":0,"zc_bytes":0,"zc_releases":0,"serves":2060,"serves_empty":0},"tls":{"accepts":0,"handshakes_completed":0,"handshakes_started":0,"handshakes_failed":0,"connections_freed":0,"want_read":0,"want_write":0,"ciphertext_input_bytes":0,"plaintext_input_bytes":0,"ciphertext_output_bytes":0,"plaintext_output_bytes":0,"zc_suppressed":0,"ktls_active":0,"ktls_fallback":0},"stuck":{"live_conns":0,"rob_not_quiesced":0,"unsent_bytes_pending":0,"slots_done":0,"slots_issued":0,"slots_free":0,"flag_set":0},"epoll":{"enabled":false,"events":0,"recvs":0},"persistence":{"enabled":false,"recording":false,"failed":false,"drain_gave_up":false,"posted":0,"flushed":0,"durable":0,"refused":0,"pending_chunks":0,"records_written":0,"producers_with_pending":0,"producers_stopped":0,"producers_expected":0,"completions_pending":0},"accept":{"accepts":1,"accept_err":0,"rearm":0,"sqe_starved":0,"notify_drop":0}}
