db0/src/cmd/acl.o 260 bodies
db0/src/cmd/aclkeys.o 3 bodies
db0/src/cmd/blocking_debug.o 3 bodies
db0/src/cmd/climon.o 220 bodies
db0/src/cmd/cmdgap.o 4 bodies
db0/src/cmd/cmdmeta.o 35 bodies
db0/src/cmd/commands.o 28 bodies
db0/src/cmd/functions.o 78 bodies
db0/src/cmd/geo.o 94 bodies
db0/src/cmd/geo_store.o 6 bodies
db0/src/cmd/glob.o 2 bodies
db0/src/cmd/hll.o 24 bodies
db0/src/cmd/info_stats.o 22 bodies
db0/src/cmd/l4prebuild.o 62 bodies
db0/src/cmd/lbsignals.o 15 bodies
db0/src/cmd/lcs.o 14 bodies
db0/src/cmd/multi_admin.o 8 bodies
db0/src/cmd/multidb.o 82 bodies
db0/src/cmd/pfdebug.o 34 bodies
db0/src/cmd/scripting.o 138 bodies
db0/src/cmd/serialize.o 105 bodies
db0/src/cmd/server_tail.o 92 bodies
db0/src/cmd/slowlog.o 72 bodies
db0/src/cmd/storesize.o 19 bodies
db0/src/cmd/t_hash.o 232 bodies
db0/src/cmd/t_hash_ttl.o 96 bodies
db0/src/cmd/t_list.o 195 bodies
db0/src/cmd/t_server.o 232 bodies
db0/src/cmd/t_set.o 202 bodies
db0/src/cmd/t_sort.o 22 bodies
db0/src/cmd/t_stream.o 249 bodies
db0/src/cmd/t_stream_groups.o 159 bodies
db0/src/cmd/t_string.o 145 bodies
db0/src/cmd/t_string_notify.o 171 bodies
db0/src/cmd/t_zset.o 292 bodies
db0/src/cmd/t_zset_ops.o 1 bodies
db0/src/cmd/tracking.o 67 bodies
db0/src/cmd/xshard.o 873 bodies
db0/src/core/flipctl.o 73 bodies
db0/src/core/genthread.o 757 bodies
db0/src/core/lbplanner.o 73 bodies
db0/src/core/lbstall.o 12 bodies
db0/src/core/reorder.o 821 bodies
db0/src/core/rl2s.o 689 bodies
db0/src/core/version.o 1 bodies
db0/src/main.o 653 bodies
db0/src/net/tls.o 38 bodies
db0/src/persist/aof.o 297 bodies
db0/src/persist/aof_frame_debug.o 6 bodies
db0/src/snapshot/snapshot.o 126 bodies
src/cmd/acl.o 260 bodies
src/cmd/aclkeys.o 3 bodies
src/cmd/blocking_debug.o 3 bodies
src/cmd/climon.o 219 bodies
src/cmd/cmdgap.o 4 bodies
src/cmd/cmdmeta.o 35 bodies
src/cmd/commands.o 28 bodies
src/cmd/functions.o 78 bodies
src/cmd/geo.o 95 bodies
src/cmd/geo_store.o 6 bodies
src/cmd/glob.o 2 bodies
src/cmd/hll.o 24 bodies
src/cmd/info_stats.o 22 bodies
src/cmd/l4prebuild.o 66 bodies
src/cmd/lbsignals.o 15 bodies
src/cmd/lcs.o 14 bodies
src/cmd/multi_admin.o 9 bodies
src/cmd/multidb.o 97 bodies
src/cmd/pfdebug.o 34 bodies
src/cmd/scripting.o 571 bodies
src/cmd/serialize.o 105 bodies
src/cmd/server_tail.o 92 bodies
src/cmd/slowlog.o 72 bodies
src/cmd/storesize.o 20 bodies
src/cmd/t_hash.o 233 bodies
src/cmd/t_hash_ttl.o 94 bodies
src/cmd/t_list.o 193 bodies
src/cmd/t_server.o 229 bodies
src/cmd/t_set.o 205 bodies
src/cmd/t_sort.o 22 bodies
src/cmd/t_stream.o 251 bodies
src/cmd/t_stream_groups.o 160 bodies
src/cmd/t_string.o 144 bodies
src/cmd/t_string_notify.o 173 bodies
src/cmd/t_zset.o 293 bodies
src/cmd/t_zset_ops.o 1 bodies
src/cmd/tracking.o 68 bodies
src/cmd/xshard.o 880 bodies
src/core/flipctl.o 73 bodies
src/core/genthread.o 767 bodies
src/core/lbplanner.o 73 bodies
src/core/lbstall.o 12 bodies
src/core/reorder.o 832 bodies
src/core/rl2s.o 696 bodies
src/core/version.o 0 bodies
src/main.o 653 bodies
src/net/tls.o 38 bodies
src/persist/aof.o 297 bodies
src/persist/aof_frame_debug.o 6 bodies
src/snapshot/snapshot.o 124 bodies
{"total": 16293, "equal": 16293, "changed": 0, "handlers": 1210, "handlers_equal": 1210, "hot": 1208, "hot_equal": 1208, "hot_nonerror_equal": 1208, "handlers_nonerror_equal": 1210}
