topology: 1 L3 domain(s)
  domain  0: 8 cpus [112,113,114,115,116,117,118,119]
tomokv-cpp: 8 unified threads, 16 shard(s), thread-mode=1s, overlap=0 (executor prefetch; ordinary IO), io_uring, alloc=jemalloc, reorder=0, read-local=1
  thread t0: role=unified cpu=112 L3=0 shards=2 send=self
  thread t1: role=unified cpu=113 L3=0 shards=2 send=self
  thread t2: role=unified cpu=114 L3=0 shards=2 send=self
  thread t3: role=unified cpu=115 L3=0 shards=2 send=self
  thread t4: role=unified cpu=116 L3=0 shards=2 send=self
  thread t5: role=unified cpu=117 L3=0 shards=2 send=self
  thread t6: role=unified cpu=118 L3=0 shards=2 send=self
  thread t7: role=unified cpu=119 L3=0 shards=2 send=self
listening on 127.0.0.1:18179
persistence: enabled=0 posted=0 flushed=0 durable=0 refused=0 pending_chunks=0 producers_with_pending=0 drain_gave_up=0 failed=0

thread role          ops      iters   busy_ms   idle_ms    cpu_ms   wake_tx  wake_rx
t0     uni           683     231102     140.1    6753.0     143.5       129      501
io_tenure t0/0 busy_ns=140137398 idle_ns=6753048029 entry_ns=2983966771757630 begin_ns=2983966771757660 end_ns=2983973664943087 exit_ns=2983973664943167 role_exit=0 stopped=1
t1     uni           699     298110     181.6    6711.6     185.0       118      506
io_tenure t1/0 busy_ns=181582827 idle_ns=6711596060 entry_ns=2983966771757230 begin_ns=2983966771757260 end_ns=2983973664936147 exit_ns=2983973664936287 role_exit=0 stopped=1
t2     uni           694     164018     104.4    6788.8     107.8       113      502
io_tenure t2/0 busy_ns=104414245 idle_ns=6788759472 entry_ns=2983966771762910 begin_ns=2983966771762930 end_ns=2983973664936647 exit_ns=2983973664936777 role_exit=0 stopped=1
t3     uni           674     156146      98.8    6794.4     102.1       128      504
io_tenure t3/0 busy_ns=98814778 idle_ns=6794361649 entry_ns=2983966771756040 begin_ns=2983966771756070 end_ns=2983973664932497 exit_ns=2983973664932637 role_exit=0 stopped=1
t4     uni           685     124531      80.7    6812.4      83.9       141      522
io_tenure t4/0 busy_ns=80734179 idle_ns=6812443128 entry_ns=2983966771758570 begin_ns=2983966771758600 end_ns=2983973664935907 exit_ns=2983973664936207 role_exit=0 stopped=1
t5     uni          5037     883119     689.4    6203.8     708.5      1897     2187
io_tenure t5/0 busy_ns=689407165 idle_ns=6203769362 entry_ns=2983966771756750 begin_ns=2983966771756780 end_ns=2983973664933307 exit_ns=2983973664933427 role_exit=0 stopped=1
t6     uni           670      73631      55.7    6837.5      59.1       160      528
io_tenure t6/0 busy_ns=55687429 idle_ns=6837488938 entry_ns=2983966771756080 begin_ns=2983966771756110 end_ns=2983973664932477 exit_ns=2983973664932617 role_exit=0 stopped=1
t7     uni           688     127730      86.8    6806.3      90.2       259      640
io_tenure t7/0 busy_ns=86828647 idle_ns=6806347740 entry_ns=2983966771756100 begin_ns=2983966771756130 end_ns=2983973664932517 exit_ns=2983973664932657 role_exit=0 stopped=1
wb: retired=5580 direct=2048 sends=5580/5580 short=0 err=0 peer_aborts=0 bytes=9163943 zc_sends=0 zc_bytes=0 zc_releases=0 serves=9090 empty=3510
tls: accepts=0 handshakes=0/0 failed=0 freed=0 want_read=0 want_write=0 cipher_in=0 plain_in=0 cipher_out=0 plain_out=0 zc_suppressed=0 ktls_active=0 ktls_fallback=0
stuck: live_conns=0 rob_not_quiesced=0 unsent_bytes_pending=0 | slots done=0 issued=0 free=0 flag_set=0
shutdown: unified_work=9830 accepts=482 accept_err=0 rearm=0 sqe_starved=0 notify_drop=0
shutdown_report {"schema":1,"thread_mode":"1s","work":{"kind":"fused","unified":9830},"threads":[{"tid":0,"role":"fused","ops":683,"iterations":231102,"busy_ns":140137398,"idle_ns":6753048029,"cpu_ns":143498942,"wake_tx":129,"wake_rx":501,"io_tenures":[{"entry_ns":2983966771757630,"begin_ns":2983966771757660,"end_ns":2983973664943087,"exit_ns":2983973664943167,"busy_ns":140137398,"idle_ns":6753048029,"role_exit":false,"stopped":true,"did_submit":0,"sweep_submit":0,"park":0}]},{"tid":1,"role":"fused","ops":699,"iterations":298110,"busy_ns":181582827,"idle_ns":6711596060,"cpu_ns":184985238,"wake_tx":118,"wake_rx":506,"io_tenures":[{"entry_ns":2983966771757230,"begin_ns":2983966771757260,"end_ns":2983973664936147,"exit_ns":2983973664936287,"busy_ns":181582827,"idle_ns":6711596060,"role_exit":false,"stopped":true,"did_submit":0,"sweep_submit":0,"park":0}]},{"tid":2,"role":"fused","ops":694,"iterations":164018,"busy_ns":104414245,"idle_ns":6788759472,"cpu_ns":107765547,"wake_tx":113,"wake_rx":502,"io_tenures":[{"entry_ns":2983966771762910,"begin_ns":2983966771762930,"end_ns":2983973664936647,"exit_ns":2983973664936777,"busy_ns":104414245,"idle_ns":6788759472,"role_exit":false,"stopped":true,"did_submit":0,"sweep_submit":0,"park":0}]},{"tid":3,"role":"fused","ops":674,"iterations":156146,"busy_ns":98814778,"idle_ns":6794361649,"cpu_ns":102087085,"wake_tx":128,"wake_rx":504,"io_tenures":[{"entry_ns":2983966771756040,"begin_ns":2983966771756070,"end_ns":2983973664932497,"exit_ns":2983973664932637,"busy_ns":98814778,"idle_ns":6794361649,"role_exit":false,"stopped":true,"did_submit":0,"sweep_submit":0,"park":0}]},{"tid":4,"role":"fused","ops":685,"iterations":124531,"busy_ns":80734179,"idle_ns":6812443128,"cpu_ns":83873876,"wake_tx":141,"wake_rx":522,"io_tenures":[{"entry_ns":2983966771758570,"begin_ns":2983966771758600,"end_ns":2983973664935907,"exit_ns":2983973664936207,"busy_ns":80734179,"idle_ns":6812443128,"role_exit":false,"stopped":true,"did_submit":0,"sweep_submit":0,"park":0}]},{"tid":5,"role":"fused","ops":5037,"iterations":883119,"busy_ns":689407165,"idle_ns":6203769362,"cpu_ns":708535696,"wake_tx":1897,"wake_rx":2187,"io_tenures":[{"entry_ns":2983966771756750,"begin_ns":2983966771756780,"end_ns":2983973664933307,"exit_ns":2983973664933427,"busy_ns":689407165,"idle_ns":6203769362,"role_exit":false,"stopped":true,"did_submit":0,"sweep_submit":0,"park":0}]},{"tid":6,"role":"fused","ops":670,"iterations":73631,"busy_ns":55687429,"idle_ns":6837488938,"cpu_ns":59115686,"wake_tx":160,"wake_rx":528,"io_tenures":[{"entry_ns":2983966771756080,"begin_ns":2983966771756110,"end_ns":2983973664932477,"exit_ns":2983973664932617,"busy_ns":55687429,"idle_ns":6837488938,"role_exit":false,"stopped":true,"did_submit":0,"sweep_submit":0,"park":0}]},{"tid":7,"role":"fused","ops":688,"iterations":127730,"busy_ns":86828647,"idle_ns":6806347740,"cpu_ns":90195937,"wake_tx":259,"wake_rx":640,"io_tenures":[{"entry_ns":2983966771756100,"begin_ns":2983966771756130,"end_ns":2983973664932517,"exit_ns":2983973664932657,"busy_ns":86828647,"idle_ns":6806347740,"role_exit":false,"stopped":true,"did_submit":0,"sweep_submit":0,"park":0}]}],"wb":{"retired":5580,"direct":2048,"sends_completed":5580,"sends_submitted":5580,"short_writes":0,"send_errors":0,"peer_aborts":0,"bytes_sent":9163943,"zc_sends":0,"zc_bytes":0,"zc_releases":0,"serves":9090,"serves_empty":3510},"tls":{"accepts":0,"handshakes_completed":0,"handshakes_started":0,"handshakes_failed":0,"connections_freed":0,"want_read":0,"want_write":0,"ciphertext_input_bytes":0,"plaintext_input_bytes":0,"ciphertext_output_bytes":0,"plaintext_output_bytes":0,"zc_suppressed":0,"ktls_active":0,"ktls_fallback":0},"stuck":{"live_conns":0,"rob_not_quiesced":0,"unsent_bytes_pending":0,"slots_done":0,"slots_issued":0,"slots_free":0,"flag_set":0},"epoll":{"enabled":false,"events":0,"recvs":0},"persistence":{"enabled":false,"recording":false,"failed":false,"drain_gave_up":false,"posted":0,"flushed":0,"durable":0,"refused":0,"pending_chunks":0,"records_written":0,"producers_with_pending":0,"producers_stopped":0,"producers_expected":0,"completions_pending":0},"accept":{"accepts":482,"accept_err":0,"rearm":0,"sqe_starved":0,"notify_drop":0}}
