topology: 1 L3 domain(s)
  domain  0: 8 cpus [112,113,114,115,116,117,118,119]
tomokv-cpp: 8 unified threads, 16 shard(s), thread-mode=1s, overlap=0 (executor prefetch; ordinary IO), io_uring, alloc=jemalloc, reorder=0, read-local=1
  thread t0: role=unified cpu=112 L3=0 shards=2 send=self
  thread t1: role=unified cpu=113 L3=0 shards=2 send=self
  thread t2: role=unified cpu=114 L3=0 shards=2 send=self
  thread t3: role=unified cpu=115 L3=0 shards=2 send=self
  thread t4: role=unified cpu=116 L3=0 shards=2 send=self
  thread t5: role=unified cpu=117 L3=0 shards=2 send=self
  thread t6: role=unified cpu=118 L3=0 shards=2 send=self
  thread t7: role=unified cpu=119 L3=0 shards=2 send=self
listening on 127.0.0.1:18179
persistence: enabled=0 posted=0 flushed=0 durable=0 refused=0 pending_chunks=0 producers_with_pending=0 drain_gave_up=0 failed=0

thread role          ops      iters   busy_ms   idle_ms    cpu_ms   wake_tx  wake_rx
t0     uni             2        184       0.2     115.1       0.8         0        0
io_tenure t0/0 busy_ns=153810 idle_ns=115124450 entry_ns=2984326936598050 begin_ns=2984326936598080 end_ns=2984327051876340 exit_ns=2984327051876490 role_exit=0 stopped=1
t1     uni             3        196       0.2     115.1       0.7         1        2
io_tenure t1/0 busy_ns=165520 idle_ns=115106360 entry_ns=2984326936599180 begin_ns=2984326936599200 end_ns=2984327051871080 exit_ns=2984327051871120 role_exit=0 stopped=1
t2     uni          4100       6255      17.6      97.7      25.1         1        2
io_tenure t2/0 busy_ns=17614622 idle_ns=97660518 entry_ns=2984326936597660 begin_ns=2984326936597680 end_ns=2984327051872820 exit_ns=2984327051873040 role_exit=0 stopped=1
t3     uni             2        181       0.2     115.1       0.7         0        0
io_tenure t3/0 busy_ns=151910 idle_ns=115122110 entry_ns=2984326936598080 begin_ns=2984326936598100 end_ns=2984327051872120 exit_ns=2984327051872270 role_exit=0 stopped=1
t4     uni             2        195       0.1     115.1       0.6         0        0
io_tenure t4/0 busy_ns=149510 idle_ns=115121830 entry_ns=2984326936599470 begin_ns=2984326936599490 end_ns=2984327051870830 exit_ns=2984327051870970 role_exit=0 stopped=1
t5     uni             2        191       0.1     115.1       0.6         0        0
io_tenure t5/0 busy_ns=131020 idle_ns=115126820 entry_ns=2984326936614640 begin_ns=2984326936614670 end_ns=2984327051872510 exit_ns=2984327051872560 role_exit=0 stopped=1
t6     uni             2        137       0.1     115.1       0.7         0        0
io_tenure t6/0 busy_ns=147880 idle_ns=115138380 entry_ns=2984326936596370 begin_ns=2984326936596390 end_ns=2984327051882650 exit_ns=2984327051882750 role_exit=0 stopped=1
t7     uni             2        131       0.1     115.1       0.5         0        0
io_tenure t7/0 busy_ns=144970 idle_ns=115128040 entry_ns=2984326936598000 begin_ns=2984326936598020 end_ns=2984327051871030 exit_ns=2984327051871260 role_exit=0 stopped=1
wb: retired=2060 direct=2048 sends=2060/2060 short=0 err=0 peer_aborts=0 bytes=76868 zc_sends=0 zc_bytes=0 zc_releases=0 serves=2061 empty=1
tls: accepts=0 handshakes=0/0 failed=0 freed=0 want_read=0 want_write=0 cipher_in=0 plain_in=0 cipher_out=0 plain_out=0 zc_suppressed=0 ktls_active=0 ktls_fallback=0
stuck: live_conns=0 rob_not_quiesced=0 unsent_bytes_pending=0 | slots done=0 issued=0 free=0 flag_set=0
shutdown: unified_work=4115 accepts=1 accept_err=0 rearm=0 sqe_starved=0 notify_drop=0
shutdown_report {"schema":1,"thread_mode":"1s","work":{"kind":"fused","unified":4115},"threads":[{"tid":0,"role":"fused","ops":2,"iterations":184,"busy_ns":153810,"idle_ns":115124450,"cpu_ns":830590,"wake_tx":0,"wake_rx":0,"io_tenures":[{"entry_ns":2984326936598050,"begin_ns":2984326936598080,"end_ns":2984327051876340,"exit_ns":2984327051876490,"busy_ns":153810,"idle_ns":115124450,"role_exit":false,"stopped":true,"did_submit":0,"sweep_submit":0,"park":0}]},{"tid":1,"role":"fused","ops":3,"iterations":196,"busy_ns":165520,"idle_ns":115106360,"cpu_ns":661550,"wake_tx":1,"wake_rx":2,"io_tenures":[{"entry_ns":2984326936599180,"begin_ns":2984326936599200,"end_ns":2984327051871080,"exit_ns":2984327051871120,"busy_ns":165520,"idle_ns":115106360,"role_exit":false,"stopped":true,"did_submit":0,"sweep_submit":0,"park":0}]},{"tid":2,"role":"fused","ops":4100,"iterations":6255,"busy_ns":17614622,"idle_ns":97660518,"cpu_ns":25089760,"wake_tx":1,"wake_rx":2,"io_tenures":[{"entry_ns":2984326936597660,"begin_ns":2984326936597680,"end_ns":2984327051872820,"exit_ns":2984327051873040,"busy_ns":17614622,"idle_ns":97660518,"role_exit":false,"stopped":true,"did_submit":0,"sweep_submit":0,"park":0}]},{"tid":3,"role":"fused","ops":2,"iterations":181,"busy_ns":151910,"idle_ns":115122110,"cpu_ns":676870,"wake_tx":0,"wake_rx":0,"io_tenures":[{"entry_ns":2984326936598080,"begin_ns":2984326936598100,"end_ns":2984327051872120,"exit_ns":2984327051872270,"busy_ns":151910,"idle_ns":115122110,"role_exit":false,"stopped":true,"did_submit":0,"sweep_submit":0,"park":0}]},{"tid":4,"role":"fused","ops":2,"iterations":195,"busy_ns":149510,"idle_ns":115121830,"cpu_ns":562800,"wake_tx":0,"wake_rx":0,"io_tenures":[{"entry_ns":2984326936599470,"begin_ns":2984326936599490,"end_ns":2984327051870830,"exit_ns":2984327051870970,"busy_ns":149510,"idle_ns":115121830,"role_exit":false,"stopped":true,"did_submit":0,"sweep_submit":0,"park":0}]},{"tid":5,"role":"fused","ops":2,"iterations":191,"busy_ns":131020,"idle_ns":115126820,"cpu_ns":648370,"wake_tx":0,"wake_rx":0,"io_tenures":[{"entry_ns":2984326936614640,"begin_ns":2984326936614670,"end_ns":2984327051872510,"exit_ns":2984327051872560,"busy_ns":131020,"idle_ns":115126820,"role_exit":false,"stopped":true,"did_submit":0,"sweep_submit":0,"park":0}]},{"tid":6,"role":"fused","ops":2,"iterations":137,"busy_ns":147880,"idle_ns":115138380,"cpu_ns":680630,"wake_tx":0,"wake_rx":0,"io_tenures":[{"entry_ns":2984326936596370,"begin_ns":2984326936596390,"end_ns":2984327051882650,"exit_ns":2984327051882750,"busy_ns":147880,"idle_ns":115138380,"role_exit":false,"stopped":true,"did_submit":0,"sweep_submit":0,"park":0}]},{"tid":7,"role":"fused","ops":2,"iterations":131,"busy_ns":144970,"idle_ns":115128040,"cpu_ns":535150,"wake_tx":0,"wake_rx":0,"io_tenures":[{"entry_ns":2984326936598000,"begin_ns":2984326936598020,"end_ns":2984327051871030,"exit_ns":2984327051871260,"busy_ns":144970,"idle_ns":115128040,"role_exit":false,"stopped":true,"did_submit":0,"sweep_submit":0,"park":0}]}],"wb":{"retired":2060,"direct":2048,"sends_completed":2060,"sends_submitted":2060,"short_writes":0,"send_errors":0,"peer_aborts":0,"bytes_sent":76868,"zc_sends":0,"zc_bytes":0,"zc_releases":0,"serves":2061,"serves_empty":1},"tls":{"accepts":0,"handshakes_completed":0,"handshakes_started":0,"handshakes_failed":0,"connections_freed":0,"want_read":0,"want_write":0,"ciphertext_input_bytes":0,"plaintext_input_bytes":0,"ciphertext_output_bytes":0,"plaintext_output_bytes":0,"zc_suppressed":0,"ktls_active":0,"ktls_fallback":0},"stuck":{"live_conns":0,"rob_not_quiesced":0,"unsent_bytes_pending":0,"slots_done":0,"slots_issued":0,"slots_free":0,"flag_set":0},"epoll":{"enabled":false,"events":0,"recvs":0},"persistence":{"enabled":false,"recording":false,"failed":false,"drain_gave_up":false,"posted":0,"flushed":0,"durable":0,"refused":0,"pending_chunks":0,"records_written":0,"producers_with_pending":0,"producers_stopped":0,"producers_expected":0,"completions_pending":0},"accept":{"accepts":1,"accept_err":0,"rearm":0,"sqe_starved":0,"notify_drop":0}}
