topology: 1 L3 domain(s)
  domain  0: 8 cpus [112,113,114,115,116,117,118,119]
tomokv-cpp: 8 unified threads, 16 shard(s), thread-mode=1s, overlap=0 (executor prefetch; ordinary IO), io_uring, alloc=jemalloc, reorder=0, read-local=1
  thread t0: role=unified cpu=112 L3=0 shards=2 send=self
  thread t1: role=unified cpu=113 L3=0 shards=2 send=self
  thread t2: role=unified cpu=114 L3=0 shards=2 send=self
  thread t3: role=unified cpu=115 L3=0 shards=2 send=self
  thread t4: role=unified cpu=116 L3=0 shards=2 send=self
  thread t5: role=unified cpu=117 L3=0 shards=2 send=self
  thread t6: role=unified cpu=118 L3=0 shards=2 send=self
  thread t7: role=unified cpu=119 L3=0 shards=2 send=self
listening on 127.0.0.1:17899
persistence: enabled=0 posted=0 flushed=0 durable=0 refused=0 pending_chunks=0 producers_with_pending=0 drain_gave_up=0 failed=0

thread role          ops      iters   busy_ms   idle_ms    cpu_ms   wake_tx  wake_rx
t0     uni          1989       5725      25.6    7184.3      34.5       205     1089
io_tenure t0/0 busy_ns=25622210 idle_ns=7184273743 entry_ns=2927658612186164 begin_ns=2927658612186184 end_ns=2927665822082137 exit_ns=2927665822082167 role_exit=0 stopped=1
t1     uni          3327       6431      31.4    7178.3      42.5       282     1541
io_tenure t1/0 busy_ns=31407267 idle_ns=7178287326 entry_ns=2927658612063493 begin_ns=2927658612063523 end_ns=2927665821758116 exit_ns=2927665821758145 role_exit=0 stopped=1
t2     uni          7990     332389     360.0    6850.0     310.4      2571     3685
io_tenure t2/0 busy_ns=360029174 idle_ns=6849982250 entry_ns=2927658612031133 begin_ns=2927658612031273 end_ns=2927665822042697 exit_ns=2927665822042846 role_exit=0 stopped=1
t3     uni          3681       5908      27.9    7181.4      37.0       189     1276
io_tenure t3/0 busy_ns=27872672 idle_ns=7181360068 entry_ns=2927658613009107 begin_ns=2927658613009137 end_ns=2927665822241877 exit_ns=2927665822241907 role_exit=0 stopped=1
t4     uni          6751     346791     333.1    6876.0     331.1      2516     3499
io_tenure t4/0 busy_ns=333132211 idle_ns=6876009419 entry_ns=2927658613013697 begin_ns=2927658613013747 end_ns=2927665822155377 exit_ns=2927665822155407 role_exit=0 stopped=1
t5     uni          3312       6296      35.3    7174.9      40.4       219     1387
io_tenure t5/0 busy_ns=35258926 idle_ns=7174928558 entry_ns=2927658612108113 begin_ns=2927658612108223 end_ns=2927665822295707 exit_ns=2927665822295747 role_exit=0 stopped=1
t6     uni          7432     349138     329.8    6880.0     324.0      2539     3623
io_tenure t6/0 busy_ns=329822654 idle_ns=6880036459 entry_ns=2927658612049063 begin_ns=2927658612049093 end_ns=2927665821908206 exit_ns=2927665821908236 role_exit=0 stopped=1
t7     uni          3069      13971      34.2    7175.8      40.9       203     1348
io_tenure t7/0 busy_ns=34183048 idle_ns=7175797526 entry_ns=2927658612028543 begin_ns=2927658612028563 end_ns=2927665822009137 exit_ns=2927665822009166 role_exit=0 stopped=1
wb: retired=13281 direct=317 sends=2818/2818 short=0 err=0 peer_aborts=0 bytes=407547 zc_sends=0 zc_bytes=0 zc_releases=0 serves=4166 empty=1348
tls: accepts=0 handshakes=0/0 failed=0 freed=0 want_read=0 want_write=0 cipher_in=0 plain_in=0 cipher_out=0 plain_out=0 zc_suppressed=0 ktls_active=0 ktls_fallback=0
stuck: live_conns=0 rob_not_quiesced=0 unsent_bytes_pending=0 | slots done=0 issued=0 free=0 flag_set=0
shutdown: unified_work=37551 accepts=4 accept_err=0 rearm=0 sqe_starved=0 notify_drop=0
shutdown_report {"schema":1,"thread_mode":"1s","work":{"kind":"fused","unified":37551},"threads":[{"tid":0,"role":"fused","ops":1989,"iterations":5725,"busy_ns":25622210,"idle_ns":7184273743,"cpu_ns":34520808,"wake_tx":205,"wake_rx":1089,"io_tenures":[{"entry_ns":2927658612186164,"begin_ns":2927658612186184,"end_ns":2927665822082137,"exit_ns":2927665822082167,"busy_ns":25622210,"idle_ns":7184273743,"role_exit":false,"stopped":true,"did_submit":0,"sweep_submit":0,"park":0}]},{"tid":1,"role":"fused","ops":3327,"iterations":6431,"busy_ns":31407267,"idle_ns":7178287326,"cpu_ns":42477009,"wake_tx":282,"wake_rx":1541,"io_tenures":[{"entry_ns":2927658612063493,"begin_ns":2927658612063523,"end_ns":2927665821758116,"exit_ns":2927665821758145,"busy_ns":31407267,"idle_ns":7178287326,"role_exit":false,"stopped":true,"did_submit":0,"sweep_submit":0,"park":0}]},{"tid":2,"role":"fused","ops":7990,"iterations":332389,"busy_ns":360029174,"idle_ns":6849982250,"cpu_ns":310436636,"wake_tx":2571,"wake_rx":3685,"io_tenures":[{"entry_ns":2927658612031133,"begin_ns":2927658612031273,"end_ns":2927665822042697,"exit_ns":2927665822042846,"busy_ns":360029174,"idle_ns":6849982250,"role_exit":false,"stopped":true,"did_submit":0,"sweep_submit":0,"park":0}]},{"tid":3,"role":"fused","ops":3681,"iterations":5908,"busy_ns":27872672,"idle_ns":7181360068,"cpu_ns":37021888,"wake_tx":189,"wake_rx":1276,"io_tenures":[{"entry_ns":2927658613009107,"begin_ns":2927658613009137,"end_ns":2927665822241877,"exit_ns":2927665822241907,"busy_ns":27872672,"idle_ns":7181360068,"role_exit":false,"stopped":true,"did_submit":0,"sweep_submit":0,"park":0}]},{"tid":4,"role":"fused","ops":6751,"iterations":346791,"busy_ns":333132211,"idle_ns":6876009419,"cpu_ns":331110732,"wake_tx":2516,"wake_rx":3499,"io_tenures":[{"entry_ns":2927658613013697,"begin_ns":2927658613013747,"end_ns":2927665822155377,"exit_ns":2927665822155407,"busy_ns":333132211,"idle_ns":6876009419,"role_exit":false,"stopped":true,"did_submit":0,"sweep_submit":0,"park":0}]},{"tid":5,"role":"fused","ops":3312,"iterations":6296,"busy_ns":35258926,"idle_ns":7174928558,"cpu_ns":40398540,"wake_tx":219,"wake_rx":1387,"io_tenures":[{"entry_ns":2927658612108113,"begin_ns":2927658612108223,"end_ns":2927665822295707,"exit_ns":2927665822295747,"busy_ns":35258926,"idle_ns":7174928558,"role_exit":false,"stopped":true,"did_submit":0,"sweep_submit":0,"park":0}]},{"tid":6,"role":"fused","ops":7432,"iterations":349138,"busy_ns":329822654,"idle_ns":6880036459,"cpu_ns":323977865,"wake_tx":2539,"wake_rx":3623,"io_tenures":[{"entry_ns":2927658612049063,"begin_ns":2927658612049093,"end_ns":2927665821908206,"exit_ns":2927665821908236,"busy_ns":329822654,"idle_ns":6880036459,"role_exit":false,"stopped":true,"did_submit":0,"sweep_submit":0,"park":0}]},{"tid":7,"role":"fused","ops":3069,"iterations":13971,"busy_ns":34183048,"idle_ns":7175797526,"cpu_ns":40946849,"wake_tx":203,"wake_rx":1348,"io_tenures":[{"entry_ns":2927658612028543,"begin_ns":2927658612028563,"end_ns":2927665822009137,"exit_ns":2927665822009166,"busy_ns":34183048,"idle_ns":7175797526,"role_exit":false,"stopped":true,"did_submit":0,"sweep_submit":0,"park":0}]}],"wb":{"retired":13281,"direct":317,"sends_completed":2818,"sends_submitted":2818,"short_writes":0,"send_errors":0,"peer_aborts":0,"bytes_sent":407547,"zc_sends":0,"zc_bytes":0,"zc_releases":0,"serves":4166,"serves_empty":1348},"tls":{"accepts":0,"handshakes_completed":0,"handshakes_started":0,"handshakes_failed":0,"connections_freed":0,"want_read":0,"want_write":0,"ciphertext_input_bytes":0,"plaintext_input_bytes":0,"ciphertext_output_bytes":0,"plaintext_output_bytes":0,"zc_suppressed":0,"ktls_active":0,"ktls_fallback":0},"stuck":{"live_conns":0,"rob_not_quiesced":0,"unsent_bytes_pending":0,"slots_done":0,"slots_issued":0,"slots_free":0,"flag_set":0},"epoll":{"enabled":false,"events":0,"recvs":0},"persistence":{"enabled":false,"recording":false,"failed":false,"drain_gave_up":false,"posted":0,"flushed":0,"durable":0,"refused":0,"pending_chunks":0,"records_written":0,"producers_with_pending":0,"producers_stopped":0,"producers_expected":0,"completions_pending":0},"accept":{"accepts":4,"accept_err":0,"rearm":0,"sqe_starved":0,"notify_drop":0}}
