topology: 1 L3 domain(s)
  domain  0: 8 cpus [112,113,114,115,116,117,118,119]
tomokv-cpp: 8 unified threads, 16 shard(s), thread-mode=1s, overlap=0 (executor prefetch; ordinary IO), io_uring, alloc=jemalloc, reorder=0, read-local=0
  thread t0: role=unified cpu=112 L3=0 shards=2 send=self
  thread t1: role=unified cpu=113 L3=0 shards=2 send=self
  thread t2: role=unified cpu=114 L3=0 shards=2 send=self
  thread t3: role=unified cpu=115 L3=0 shards=2 send=self
  thread t4: role=unified cpu=116 L3=0 shards=2 send=self
  thread t5: role=unified cpu=117 L3=0 shards=2 send=self
  thread t6: role=unified cpu=118 L3=0 shards=2 send=self
  thread t7: role=unified cpu=119 L3=0 shards=2 send=self
listening on 127.0.0.1:19910
persistence: enabled=0 posted=0 flushed=0 durable=0 refused=0 pending_chunks=0 producers_with_pending=0 drain_gave_up=0 failed=0

thread role          ops      iters   busy_ms   idle_ms    cpu_ms   wake_tx  wake_rx
t0     uni        767977    1936516    5251.5   20988.0    6155.8    363543   855996
io_tenure t0/0 busy_ns=5251507980 idle_ns=20988034616 entry_ns=2786875166618256 begin_ns=2786875166618285 end_ns=2786901406160881 exit_ns=2786901406160921 role_exit=0 stopped=1
t1     uni        660667    6168227    4234.1   22005.4    4777.2    249833   583349
io_tenure t1/0 busy_ns=4234094308 idle_ns=22005428038 entry_ns=2786875166617616 begin_ns=2786875166617645 end_ns=2786901406139991 exit_ns=2786901406140321 role_exit=0 stopped=1
t2     uni        109730   20543050   10696.6   15542.9   10245.6     70473   165307
io_tenure t2/0 busy_ns=10696644927 idle_ns=15542877028 entry_ns=2786875166619356 begin_ns=2786875166619376 end_ns=2786901406141331 exit_ns=2786901406141471 role_exit=0 stopped=1
t3     uni         95718   20032494   10693.2   15546.3   10016.6     83880   167719
io_tenure t3/0 busy_ns=10693234026 idle_ns=15546282929 entry_ns=2786875166624505 begin_ns=2786875166624536 end_ns=2786901406141491 exit_ns=2786901406141531 role_exit=0 stopped=1
t4     uni        176577    1134324    1579.6   24659.9    2147.7    245026   403198
io_tenure t4/0 busy_ns=1579619760 idle_ns=24659897435 entry_ns=2786875166618596 begin_ns=2786875166618616 end_ns=2786901406135811 exit_ns=2786901406135971 role_exit=0 stopped=1
t5     uni         74653     813051     805.9   25433.6    1106.2     93879   163456
io_tenure t5/0 busy_ns=805870025 idle_ns=25433647011 entry_ns=2786875166618196 begin_ns=2786875166618225 end_ns=2786901406135261 exit_ns=2786901406135391 role_exit=0 stopped=1
t6     uni        152866    1178466    1806.2   24433.4    2441.9    245380   386311
io_tenure t6/0 busy_ns=1806163308 idle_ns=24433355797 entry_ns=2786875166618085 begin_ns=2786875166618116 end_ns=2786901406137221 exit_ns=2786901406137351 role_exit=0 stopped=1
t7     uni         68887     719694     817.9   25421.6    1119.7     85289   149270
io_tenure t7/0 busy_ns=817889763 idle_ns=25421629932 entry_ns=2786875166617645 begin_ns=2786875166617896 end_ns=2786901406137591 exit_ns=2786901406137621 role_exit=0 stopped=1
wb: retired=654699 direct=126064 sends=652561/653366 short=0 err=0 peer_aborts=805 bytes=39698254 zc_sends=0 zc_bytes=0 zc_releases=0 serves=769441 empty=116098
tls: accepts=0 handshakes=0/0 failed=0 freed=0 want_read=0 want_write=0 cipher_in=0 plain_in=0 cipher_out=0 plain_out=0 zc_suppressed=0 ktls_active=0 ktls_fallback=0
stuck: live_conns=0 rob_not_quiesced=0 unsent_bytes_pending=0 | slots done=0 issued=0 free=0 flag_set=0
shutdown: unified_work=2107075 accepts=516 accept_err=0 rearm=0 sqe_starved=0 notify_drop=0
shutdown_report {"schema":1,"thread_mode":"1s","work":{"kind":"fused","unified":2107075},"threads":[{"tid":0,"role":"fused","ops":767977,"iterations":1936516,"busy_ns":5251507980,"idle_ns":20988034616,"cpu_ns":6155825992,"wake_tx":363543,"wake_rx":855996,"io_tenures":[{"entry_ns":2786875166618256,"begin_ns":2786875166618285,"end_ns":2786901406160881,"exit_ns":2786901406160921,"busy_ns":5251507980,"idle_ns":20988034616,"role_exit":false,"stopped":true,"did_submit":0,"sweep_submit":0,"park":0}]},{"tid":1,"role":"fused","ops":660667,"iterations":6168227,"busy_ns":4234094308,"idle_ns":22005428038,"cpu_ns":4777223162,"wake_tx":249833,"wake_rx":583349,"io_tenures":[{"entry_ns":2786875166617616,"begin_ns":2786875166617645,"end_ns":2786901406139991,"exit_ns":2786901406140321,"busy_ns":4234094308,"idle_ns":22005428038,"role_exit":false,"stopped":true,"did_submit":0,"sweep_submit":0,"park":0}]},{"tid":2,"role":"fused","ops":109730,"iterations":20543050,"busy_ns":10696644927,"idle_ns":15542877028,"cpu_ns":10245647653,"wake_tx":70473,"wake_rx":165307,"io_tenures":[{"entry_ns":2786875166619356,"begin_ns":2786875166619376,"end_ns":2786901406141331,"exit_ns":2786901406141471,"busy_ns":10696644927,"idle_ns":15542877028,"role_exit":false,"stopped":true,"did_submit":0,"sweep_submit":0,"park":0}]},{"tid":3,"role":"fused","ops":95718,"iterations":20032494,"busy_ns":10693234026,"idle_ns":15546282929,"cpu_ns":10016593775,"wake_tx":83880,"wake_rx":167719,"io_tenures":[{"entry_ns":2786875166624505,"begin_ns":2786875166624536,"end_ns":2786901406141491,"exit_ns":2786901406141531,"busy_ns":10693234026,"idle_ns":15546282929,"role_exit":false,"stopped":true,"did_submit":0,"sweep_submit":0,"park":0}]},{"tid":4,"role":"fused","ops":176577,"iterations":1134324,"busy_ns":1579619760,"idle_ns":24659897435,"cpu_ns":2147737696,"wake_tx":245026,"wake_rx":403198,"io_tenures":[{"entry_ns":2786875166618596,"begin_ns":2786875166618616,"end_ns":2786901406135811,"exit_ns":2786901406135971,"busy_ns":1579619760,"idle_ns":24659897435,"role_exit":false,"stopped":true,"did_submit":0,"sweep_submit":0,"park":0}]},{"tid":5,"role":"fused","ops":74653,"iterations":813051,"busy_ns":805870025,"idle_ns":25433647011,"cpu_ns":1106236689,"wake_tx":93879,"wake_rx":163456,"io_tenures":[{"entry_ns":2786875166618196,"begin_ns":2786875166618225,"end_ns":2786901406135261,"exit_ns":2786901406135391,"busy_ns":805870025,"idle_ns":25433647011,"role_exit":false,"stopped":true,"did_submit":0,"sweep_submit":0,"park":0}]},{"tid":6,"role":"fused","ops":152866,"iterations":1178466,"busy_ns":1806163308,"idle_ns":24433355797,"cpu_ns":2441901916,"wake_tx":245380,"wake_rx":386311,"io_tenures":[{"entry_ns":2786875166618085,"begin_ns":2786875166618116,"end_ns":2786901406137221,"exit_ns":2786901406137351,"busy_ns":1806163308,"idle_ns":24433355797,"role_exit":false,"stopped":true,"did_submit":0,"sweep_submit":0,"park":0}]},{"tid":7,"role":"fused","ops":68887,"iterations":719694,"busy_ns":817889763,"idle_ns":25421629932,"cpu_ns":1119650392,"wake_tx":85289,"wake_rx":149270,"io_tenures":[{"entry_ns":2786875166617645,"begin_ns":2786875166617896,"end_ns":2786901406137591,"exit_ns":2786901406137621,"busy_ns":817889763,"idle_ns":25421629932,"role_exit":false,"stopped":true,"did_submit":0,"sweep_submit":0,"park":0}]}],"wb":{"retired":654699,"direct":126064,"sends_completed":652561,"sends_submitted":653366,"short_writes":0,"send_errors":0,"peer_aborts":805,"bytes_sent":39698254,"zc_sends":0,"zc_bytes":0,"zc_releases":0,"serves":769441,"serves_empty":116098},"tls":{"accepts":0,"handshakes_completed":0,"handshakes_started":0,"handshakes_failed":0,"connections_freed":0,"want_read":0,"want_write":0,"ciphertext_input_bytes":0,"plaintext_input_bytes":0,"ciphertext_output_bytes":0,"plaintext_output_bytes":0,"zc_suppressed":0,"ktls_active":0,"ktls_fallback":0},"stuck":{"live_conns":0,"rob_not_quiesced":0,"unsent_bytes_pending":0,"slots_done":0,"slots_issued":0,"slots_free":0,"flag_set":0},"epoll":{"enabled":false,"events":0,"recvs":0},"persistence":{"enabled":false,"recording":false,"failed":false,"drain_gave_up":false,"posted":0,"flushed":0,"durable":0,"refused":0,"pending_chunks":0,"records_written":0,"producers_with_pending":0,"producers_stopped":0,"producers_expected":0,"completions_pending":0},"accept":{"accepts":516,"accept_err":0,"rearm":0,"sqe_starved":0,"notify_drop":0}}
