topology: 1 L3 domain(s)
  domain  0: 8 cpus [112,113,114,115,116,117,118,119]
tomokv-cpp: 8 unified threads, 16 shard(s), thread-mode=1s, overlap=0 (executor prefetch; ordinary IO), io_uring, alloc=jemalloc, reorder=0, read-local=0
  thread t0: role=unified cpu=112 L3=0 shards=2 send=self
  thread t1: role=unified cpu=113 L3=0 shards=2 send=self
  thread t2: role=unified cpu=114 L3=0 shards=2 send=self
  thread t3: role=unified cpu=115 L3=0 shards=2 send=self
  thread t4: role=unified cpu=116 L3=0 shards=2 send=self
  thread t5: role=unified cpu=117 L3=0 shards=2 send=self
  thread t6: role=unified cpu=118 L3=0 shards=2 send=self
  thread t7: role=unified cpu=119 L3=0 shards=2 send=self
listening on 127.0.0.1:19910
persistence: enabled=0 posted=0 flushed=0 durable=0 refused=0 pending_chunks=0 producers_with_pending=0 drain_gave_up=0 failed=0

thread role          ops      iters   busy_ms   idle_ms    cpu_ms   wake_tx  wake_rx
t0     uni        692942   12912128    7351.6   17755.6    8260.5    335136   761221
io_tenure t0/0 busy_ns=7351591933 idle_ns=17755575292 entry_ns=2787679136346886 begin_ns=2787679136346916 end_ns=2787704243514141 exit_ns=2787704243514261 role_exit=0 stopped=1
t1     uni        360254   14183745    9715.7   15391.5   10213.1    190883   378953
io_tenure t1/0 busy_ns=9715696356 idle_ns=15391457039 entry_ns=2787679136358656 begin_ns=2787679136358686 end_ns=2787704243512081 exit_ns=2787704243512311 role_exit=0 stopped=1
t2     uni        492401   19639565   11719.4   13387.8   12619.8    212298   616614
io_tenure t2/0 busy_ns=11719373157 idle_ns=13387796218 entry_ns=2787679136344826 begin_ns=2787679136344866 end_ns=2787704243514241 exit_ns=2787704243514411 role_exit=0 stopped=1
t3     uni        142157   17782868    5867.5   19239.7    6279.8    165184   300846
io_tenure t3/0 busy_ns=5867510667 idle_ns=19239652088 entry_ns=2787679136346736 begin_ns=2787679136346766 end_ns=2787704243509521 exit_ns=2787704243509581 role_exit=0 stopped=1
t4     uni        142350   18223170    6271.1   18836.1    6830.8    185957   317350
io_tenure t4/0 busy_ns=6271051351 idle_ns=18836115574 entry_ns=2787679136345176 begin_ns=2787679136345296 end_ns=2787704243512221 exit_ns=2787704243512351 role_exit=0 stopped=1
t5     uni         88113   17702471    5963.3   19143.8    6330.3    187684   273625
io_tenure t5/0 busy_ns=5963338978 idle_ns=19143826157 entry_ns=2787679136344796 begin_ns=2787679136344836 end_ns=2787704243509971 exit_ns=2787704243510111 role_exit=0 stopped=1
t6     uni        128247   11007501    5928.8   19178.4    6249.6    149562   248848
io_tenure t6/0 busy_ns=5928768816 idle_ns=19178396019 entry_ns=2787679136346616 begin_ns=2787679136346646 end_ns=2787704243511481 exit_ns=2787704243511611 role_exit=0 stopped=1
t7     uni         88927   24448602   10823.3   14283.9   11161.0    125261   206473
io_tenure t7/0 busy_ns=10823261690 idle_ns=14283901315 entry_ns=2787679136348356 begin_ns=2787679136348386 end_ns=2787704243511391 exit_ns=2787704243511521 role_exit=0 stopped=1
wb: retired=634769 direct=106228 sends=632642/633465 short=0 err=0 peer_aborts=823 bytes=34954306 zc_sends=0 zc_bytes=0 zc_releases=0 serves=1022725 empty=389291
tls: accepts=0 handshakes=0/0 failed=0 freed=0 want_read=0 want_write=0 cipher_in=0 plain_in=0 cipher_out=0 plain_out=0 zc_suppressed=0 ktls_active=0 ktls_fallback=0
stuck: live_conns=0 rob_not_quiesced=0 unsent_bytes_pending=0 | slots done=0 issued=0 free=0 flag_set=0
shutdown: unified_work=2135391 accepts=514 accept_err=0 rearm=0 sqe_starved=0 notify_drop=0
shutdown_report {"schema":1,"thread_mode":"1s","work":{"kind":"fused","unified":2135391},"threads":[{"tid":0,"role":"fused","ops":692942,"iterations":12912128,"busy_ns":7351591933,"idle_ns":17755575292,"cpu_ns":8260451338,"wake_tx":335136,"wake_rx":761221,"io_tenures":[{"entry_ns":2787679136346886,"begin_ns":2787679136346916,"end_ns":2787704243514141,"exit_ns":2787704243514261,"busy_ns":7351591933,"idle_ns":17755575292,"role_exit":false,"stopped":true,"did_submit":0,"sweep_submit":0,"park":0}]},{"tid":1,"role":"fused","ops":360254,"iterations":14183745,"busy_ns":9715696356,"idle_ns":15391457039,"cpu_ns":10213132071,"wake_tx":190883,"wake_rx":378953,"io_tenures":[{"entry_ns":2787679136358656,"begin_ns":2787679136358686,"end_ns":2787704243512081,"exit_ns":2787704243512311,"busy_ns":9715696356,"idle_ns":15391457039,"role_exit":false,"stopped":true,"did_submit":0,"sweep_submit":0,"park":0}]},{"tid":2,"role":"fused","ops":492401,"iterations":19639565,"busy_ns":11719373157,"idle_ns":13387796218,"cpu_ns":12619763136,"wake_tx":212298,"wake_rx":616614,"io_tenures":[{"entry_ns":2787679136344826,"begin_ns":2787679136344866,"end_ns":2787704243514241,"exit_ns":2787704243514411,"busy_ns":11719373157,"idle_ns":13387796218,"role_exit":false,"stopped":true,"did_submit":0,"sweep_submit":0,"park":0}]},{"tid":3,"role":"fused","ops":142157,"iterations":17782868,"busy_ns":5867510667,"idle_ns":19239652088,"cpu_ns":6279778605,"wake_tx":165184,"wake_rx":300846,"io_tenures":[{"entry_ns":2787679136346736,"begin_ns":2787679136346766,"end_ns":2787704243509521,"exit_ns":2787704243509581,"busy_ns":5867510667,"idle_ns":19239652088,"role_exit":false,"stopped":true,"did_submit":0,"sweep_submit":0,"park":0}]},{"tid":4,"role":"fused","ops":142350,"iterations":18223170,"busy_ns":6271051351,"idle_ns":18836115574,"cpu_ns":6830750832,"wake_tx":185957,"wake_rx":317350,"io_tenures":[{"entry_ns":2787679136345176,"begin_ns":2787679136345296,"end_ns":2787704243512221,"exit_ns":2787704243512351,"busy_ns":6271051351,"idle_ns":18836115574,"role_exit":false,"stopped":true,"did_submit":0,"sweep_submit":0,"park":0}]},{"tid":5,"role":"fused","ops":88113,"iterations":17702471,"busy_ns":5963338978,"idle_ns":19143826157,"cpu_ns":6330325005,"wake_tx":187684,"wake_rx":273625,"io_tenures":[{"entry_ns":2787679136344796,"begin_ns":2787679136344836,"end_ns":2787704243509971,"exit_ns":2787704243510111,"busy_ns":5963338978,"idle_ns":19143826157,"role_exit":false,"stopped":true,"did_submit":0,"sweep_submit":0,"park":0}]},{"tid":6,"role":"fused","ops":128247,"iterations":11007501,"busy_ns":5928768816,"idle_ns":19178396019,"cpu_ns":6249637701,"wake_tx":149562,"wake_rx":248848,"io_tenures":[{"entry_ns":2787679136346616,"begin_ns":2787679136346646,"end_ns":2787704243511481,"exit_ns":2787704243511611,"busy_ns":5928768816,"idle_ns":19178396019,"role_exit":false,"stopped":true,"did_submit":0,"sweep_submit":0,"park":0}]},{"tid":7,"role":"fused","ops":88927,"iterations":24448602,"busy_ns":10823261690,"idle_ns":14283901315,"cpu_ns":11160965549,"wake_tx":125261,"wake_rx":206473,"io_tenures":[{"entry_ns":2787679136348356,"begin_ns":2787679136348386,"end_ns":2787704243511391,"exit_ns":2787704243511521,"busy_ns":10823261690,"idle_ns":14283901315,"role_exit":false,"stopped":true,"did_submit":0,"sweep_submit":0,"park":0}]}],"wb":{"retired":634769,"direct":106228,"sends_completed":632642,"sends_submitted":633465,"short_writes":0,"send_errors":0,"peer_aborts":823,"bytes_sent":34954306,"zc_sends":0,"zc_bytes":0,"zc_releases":0,"serves":1022725,"serves_empty":389291},"tls":{"accepts":0,"handshakes_completed":0,"handshakes_started":0,"handshakes_failed":0,"connections_freed":0,"want_read":0,"want_write":0,"ciphertext_input_bytes":0,"plaintext_input_bytes":0,"ciphertext_output_bytes":0,"plaintext_output_bytes":0,"zc_suppressed":0,"ktls_active":0,"ktls_fallback":0},"stuck":{"live_conns":0,"rob_not_quiesced":0,"unsent_bytes_pending":0,"slots_done":0,"slots_issued":0,"slots_free":0,"flag_set":0},"epoll":{"enabled":false,"events":0,"recvs":0},"persistence":{"enabled":false,"recording":false,"failed":false,"drain_gave_up":false,"posted":0,"flushed":0,"durable":0,"refused":0,"pending_chunks":0,"records_written":0,"producers_with_pending":0,"producers_stopped":0,"producers_expected":0,"completions_pending":0},"accept":{"accepts":514,"accept_err":0,"rearm":0,"sqe_starved":0,"notify_drop":0}}
