  ok   DEBUG SHARD/LBSIGNALS geometry resolved same_shard=1 source_owner=7 destination_owner=6
  ok   OFF control exposes torn MSET-8 torn=43169 reads=43175 errors=[] threads_still_alive=False
  ok   ON MSET-8/MGET-8 torn-free torn=0 reads=2501 errors=[] threads_still_alive=False
  ok   ON commit-delay window held a read cut delta=2500
  ok   ON exercised predecessor resolution delta=20000
  ok   ON exercised promotion delta=9984
  ok   ON promotion drains within release budget promotion-drain=0.000s holds=2500 predecessors=20000 promotions=9984
  ok   atomic_inflight returns to idle value=0
  ok   same-owner atomic MSET-2 localfast is torn-free keys=('at:geometry:0003', 'at:geometry:0006') torn=0 reads=92080 localfast=45700 errors=[] threads_still_alive=False
  ok   overlapping atomic writers never mix torn=0 reads=94368 errors=[] threads_still_alive=False
  ok   promotion leaves one exact final group final=b'at:overlap:w0:19163' completed=38043 threads_still_alive=False
  ok   OFF control exposes torn RENAME invalid=1 reads=1 errors=[] threads_still_alive=False
  ok   ON RENAME/MGET has exactly one live image invalid=0 reads=140002 final=True errors=[] threads_still_alive=False
  ok   OFF control exposes impossible SINTERSTORE image invalid=16 reads=37035 errors=[] threads_still_alive=False
  ok   ON SINTERSTORE image matches one source cut invalid=0 reads=29687 final=True errors=[] threads_still_alive=False
  ok   OFF LMPOP racers preserve element accounting popped=2048 remaining=0 errors=[] threads_still_alive=False
  ok   ON LMPOP racers pop every element exactly once popped=2048 remaining=0 errors=[] threads_still_alive=False
  SKIP OFF control exposes RENAMENX losing race clean run, losing race never manifested (kernel-timing geometry)
  ok   ON RENAMENX loser is invisible anomalies=0 errors=[] threads_still_alive=False
  ok   OFF control exposes COPY losing race anomalies=2 errors=[] threads_still_alive=False
  ok   ON COPY loser is invisible anomalies=0 errors=[] threads_still_alive=False
  note atomic-window window attempt=1/4 outcome=armed limit=256 groups=640 peak=256 held_stalls=7 stalls=9 carried=0 held_replies=0 arm_s=0.005 held_replies/s=0.0 released=True replies=640/640 resume_s=0.005 resume_replies/s=120223.3
  ok   derived atomic window stalls and resumes window attempt=1/4 outcome=armed limit=256 groups=640 peak=256 held_stalls=7 stalls=9 carried=0 held_replies=0 arm_s=0.005 held_replies/s=0.0 released=True replies=640/640 resume_s=0.005 resume_replies/s=120223.3 credits=256 observed_attempts=1/1
  note atomic-window reconfigure attempt=1/4 outcome=armed limit=256 groups=641 peak=256 held_stalls=13 stalls=13 carried=1 held_replies=332 arm_s=0.006 held_replies/s=57825.4 released=True replies=641/641 resume_s=9.996 resume_replies/s=0.1 lease_pool=255 lease_reclaims=0
  ok   atomic reconfiguration preserves derived bound and reclaims leases reconfigure attempt=1/4 outcome=armed limit=256 groups=641 peak=256 held_stalls=13 stalls=13 carried=1 held_replies=332 arm_s=0.006 held_replies/s=57825.4 released=True replies=641/641 resume_s=9.996 resume_replies/s=0.1 lease_pool=255 lease_reclaims=0 credits=256 observed_attempts=1/1
  ok   CONFIG SET atomic flip under load errors=[] final=b'flip:final'
  ok   atomic connection churn drains retained entries entries=5844 inflight=0 pending=0
ATOMIC_TORN PASS
