  ok   DEBUG SHARD/LBSIGNALS geometry resolved same_shard=1 source_owner=1 destination_owner=0
  ok   OFF control exposes torn MSET-8 torn=43140 reads=43145 errors=[] threads_still_alive=False
  ok   ON MSET-8/MGET-8 torn-free torn=0 reads=2493 errors=[] threads_still_alive=False
  ok   ON commit-delay window held a read cut delta=2492
  ok   ON exercised predecessor resolution delta=19936
  ok   ON exercised promotion delta=9984
  ok   ON promotion drains within release budget promotion-drain=0.000s holds=2492 predecessors=19936 promotions=9984
  ok   atomic_inflight returns to idle value=0
  ok   same-owner atomic MSET-2 localfast is torn-free keys=('at:geometry:0001', 'at:geometry:0003') torn=0 reads=60017 localfast=32392 errors=[] threads_still_alive=False
  ok   overlapping atomic writers never mix torn=0 reads=70342 errors=[] threads_still_alive=False
  ok   promotion leaves one exact final group final=b'at:overlap:w1:13709' completed=26798 threads_still_alive=False
  ok   OFF control exposes torn RENAME invalid=1 reads=1 errors=[] threads_still_alive=False
  ok   ON RENAME/MGET has exactly one live image invalid=0 reads=100399 final=True errors=[] threads_still_alive=False
  ok   OFF control exposes impossible SINTERSTORE image invalid=198 reads=25586 errors=[] threads_still_alive=False
  ok   ON SINTERSTORE image matches one source cut invalid=0 reads=20622 final=True errors=[] threads_still_alive=False
  ok   OFF LMPOP racers preserve element accounting popped=2048 remaining=0 errors=[] threads_still_alive=False
  ok   ON LMPOP racers pop every element exactly once popped=2048 remaining=0 errors=[] threads_still_alive=False
  ok   OFF control exposes RENAMENX losing race anomalies=4 errors=[] threads_still_alive=False
  ok   ON RENAMENX loser is invisible anomalies=0 errors=[] threads_still_alive=False
  ok   OFF control exposes COPY losing race anomalies=6 errors=[] threads_still_alive=False
  ok   ON COPY loser is invisible anomalies=0 errors=[] threads_still_alive=False
  note atomic-window window attempt=1/4 outcome=armed limit=256 groups=640 peak=256 held_stalls=8 stalls=12 carried=0 held_replies=0 arm_s=0.006 held_replies/s=0.0 released=True replies=640/640 resume_s=0.005 resume_replies/s=117942.6
  ok   derived atomic window stalls and resumes window attempt=1/4 outcome=armed limit=256 groups=640 peak=256 held_stalls=8 stalls=12 carried=0 held_replies=0 arm_s=0.006 held_replies/s=0.0 released=True replies=640/640 resume_s=0.005 resume_replies/s=117942.6 credits=256 observed_attempts=1/1
  note atomic-window reconfigure attempt=1/4 outcome=armed limit=256 groups=641 peak=256 held_stalls=10 stalls=12 carried=1 held_replies=323 arm_s=0.006 held_replies/s=52562.2 released=True replies=641/641 resume_s=9.992 resume_replies/s=18.9 lease_pool=255 lease_reclaims=0
  ok   atomic reconfiguration preserves derived bound and reclaims leases reconfigure attempt=1/4 outcome=armed limit=256 groups=641 peak=256 held_stalls=10 stalls=12 carried=1 held_replies=323 arm_s=0.006 held_replies/s=52562.2 released=True replies=641/641 resume_s=9.992 resume_replies/s=18.9 lease_pool=255 lease_reclaims=0 credits=256 observed_attempts=1/1
  ok   CONFIG SET atomic flip under load errors=[] final=b'flip:final'
  ok   atomic connection churn drains retained entries entries=5847 inflight=0 pending=0
ATOMIC_TORN PASS
