  ok   DEBUG SHARD/LBSIGNALS geometry resolved same_shard=0 source_owner=0 destination_owner=3
  ok   OFF control exposes torn MSET-8 torn=31697 reads=31703 errors=[] threads_still_alive=False
  ok   ON MSET-8/MGET-8 torn-free torn=0 reads=2644 errors=[] threads_still_alive=False
  ok   ON commit-delay window held a read cut delta=2417
  ok   ON exercised predecessor resolution delta=20496
  ok   ON exercised promotion delta=10448
  ok   ON promotion drains within release budget promotion-drain=0.000s holds=2417 predecessors=20496 promotions=10448
  ok   atomic_inflight returns to idle value=0
  ok   same-owner atomic MSET-2 localfast is torn-free keys=('at:geometry:0004', 'at:geometry:0009') torn=0 reads=81922 localfast=39573 errors=[] threads_still_alive=False
  ok   overlapping atomic writers never mix torn=0 reads=69892 errors=[] threads_still_alive=False
  ok   promotion leaves one exact final group final=b'at:overlap:w1:14090' completed=28175 threads_still_alive=False
  ok   OFF control exposes torn RENAME invalid=1 reads=1 errors=[] threads_still_alive=False
  ok   ON RENAME/MGET has exactly one live image invalid=0 reads=130062 final=True errors=[] threads_still_alive=False
  ok   OFF control exposes impossible SINTERSTORE image invalid=47 reads=23778 errors=[] threads_still_alive=False
  ok   ON SINTERSTORE image matches one source cut invalid=0 reads=28885 final=True errors=[] threads_still_alive=False
  ok   OFF LMPOP racers preserve element accounting popped=2048 remaining=0 errors=[] threads_still_alive=False
  ok   ON LMPOP racers pop every element exactly once popped=2048 remaining=0 errors=[] threads_still_alive=False
  ok   OFF control exposes RENAMENX losing race anomalies=2 errors=[] threads_still_alive=False
  ok   ON RENAMENX loser is invisible anomalies=0 errors=[] threads_still_alive=False
  ok   OFF control exposes COPY losing race anomalies=9 errors=[] threads_still_alive=False
  ok   ON COPY loser is invisible anomalies=0 errors=[] threads_still_alive=False
  note atomic-window window attempt=1/4 outcome=armed limit=256 groups=640 peak=256 held_stalls=9 stalls=14 carried=0 held_replies=0 arm_s=0.005 held_replies/s=0.0 released=True replies=640/640 resume_s=0.005 resume_replies/s=118214.7
  ok   derived atomic window stalls and resumes window attempt=1/4 outcome=armed limit=256 groups=640 peak=256 held_stalls=9 stalls=14 carried=0 held_replies=0 arm_s=0.005 held_replies/s=0.0 released=True replies=640/640 resume_s=0.005 resume_replies/s=118214.7 credits=256 observed_attempts=1/1
  note atomic-window reconfigure attempt=1/4 outcome=failed limit=256 groups=641 peak=256 held_stalls=8 stalls=8 carried=0 held_replies=640 arm_s=5.007 held_replies/s=127.8 released=True replies=640/641 resume_s=0.000 resume_replies/s=n/a lease_pool=None lease_reclaims=0
  FAIL atomic reconfiguration preserves derived bound and reclaims leases CONFIG exceeded the lease hold's arm budget
  ok   CONFIG SET atomic flip under load errors=[] final=b'flip:final'
  ok   atomic connection churn drains retained entries entries=4963 inflight=0 pending=0
ATOMIC_TORN FAIL 1
