topology: 1 L3 domain(s)
  domain  0: 8 cpus [112,113,114,115,116,117,118,119]
tomokv-cpp: 8 unified threads, 16 shard(s), thread-mode=1s, overlap=0 (executor prefetch; ordinary IO), io_uring, alloc=jemalloc, reorder=0, read-local=0
  thread t0: role=unified cpu=112 L3=0 shards=2 send=self
  thread t1: role=unified cpu=113 L3=0 shards=2 send=self
  thread t2: role=unified cpu=114 L3=0 shards=2 send=self
  thread t3: role=unified cpu=115 L3=0 shards=2 send=self
  thread t4: role=unified cpu=116 L3=0 shards=2 send=self
  thread t5: role=unified cpu=117 L3=0 shards=2 send=self
  thread t6: role=unified cpu=118 L3=0 shards=2 send=self
  thread t7: role=unified cpu=119 L3=0 shards=2 send=self
listening on 127.0.0.1:19910
persistence: enabled=0 posted=0 flushed=0 durable=0 refused=0 pending_chunks=0 producers_with_pending=0 drain_gave_up=0 failed=0

thread role          ops      iters   busy_ms   idle_ms    cpu_ms   wake_tx  wake_rx
t0     uni        403456   15339528   10196.2   16768.7    8677.3    230550   472321
io_tenure t0/0 busy_ns=10196205165 idle_ns=16768711619 entry_ns=2786735391148064 begin_ns=2786735391148094 end_ns=2786762356064878 exit_ns=2786762356064928 role_exit=0 stopped=1
t1     uni        608556   13466280   11696.1   15268.8   10113.5    256732   731449
io_tenure t1/0 busy_ns=11696067651 idle_ns=15268842503 entry_ns=2786735391155744 begin_ns=2786735391155774 end_ns=2786762356065928 exit_ns=2786762356065958 role_exit=0 stopped=1
t2     uni        430871   13274640   12017.6   14947.4   10260.5    298085   597236
io_tenure t2/0 busy_ns=12017573440 idle_ns=14947357564 entry_ns=2786735391141954 begin_ns=2786735391141984 end_ns=2786762356072988 exit_ns=2786762356073018 role_exit=0 stopped=1
t3     uni        454698   24194253   14171.8   12793.4   11964.2    240345   460378
io_tenure t3/0 busy_ns=14171843234 idle_ns=12793449101 entry_ns=2786735391143974 begin_ns=2786735391144004 end_ns=2786762356436339 exit_ns=2786762356436369 role_exit=0 stopped=1
t4     uni         80634   17009425    8800.7   18164.2    7070.3    137235   209634
io_tenure t4/0 busy_ns=8800725780 idle_ns=18164198564 entry_ns=2786735391140404 begin_ns=2786735391140434 end_ns=2786762356064778 exit_ns=2786762356064818 role_exit=0 stopped=1
t5     uni        183318   20159170    9264.7   17700.2    8025.6    206113   320647
io_tenure t5/0 busy_ns=9264706002 idle_ns=17700208222 entry_ns=2786735391152694 begin_ns=2786735391152724 end_ns=2786762356066948 exit_ns=2786762356066978 role_exit=0 stopped=1
t6     uni        110103   15690557   10098.5   16866.4    8086.6    139971   242151
io_tenure t6/0 busy_ns=10098506564 idle_ns=16866424010 entry_ns=2786735391146124 begin_ns=2786735391146154 end_ns=2786762356076728 exit_ns=2786762356076758 role_exit=0 stopped=1
t7     uni         59134   14757314    8563.3   18401.6    6874.6     65612   115470
io_tenure t7/0 busy_ns=8563333752 idle_ns=18401579952 entry_ns=2786735391150594 begin_ns=2786735391150624 end_ns=2786762356064328 exit_ns=2786762356064357 role_exit=0 stopped=1
wb: retired=716766 direct=134592 sends=714765/717657 short=0 err=0 peer_aborts=2892 bytes=30790806 zc_sends=0 zc_bytes=0 zc_releases=0 serves=1891522 empty=1176001
tls: accepts=0 handshakes=0/0 failed=0 freed=0 want_read=0 want_write=0 cipher_in=0 plain_in=0 cipher_out=0 plain_out=0 zc_suppressed=0 ktls_active=0 ktls_fallback=0
stuck: live_conns=0 rob_not_quiesced=0 unsent_bytes_pending=0 | slots done=0 issued=0 free=0 flag_set=0
shutdown: unified_work=2330770 accepts=570 accept_err=0 rearm=0 sqe_starved=0 notify_drop=0
shutdown_report {"schema":1,"thread_mode":"1s","work":{"kind":"fused","unified":2330770},"threads":[{"tid":0,"role":"fused","ops":403456,"iterations":15339528,"busy_ns":10196205165,"idle_ns":16768711619,"cpu_ns":8677321048,"wake_tx":230550,"wake_rx":472321,"io_tenures":[{"entry_ns":2786735391148064,"begin_ns":2786735391148094,"end_ns":2786762356064878,"exit_ns":2786762356064928,"busy_ns":10196205165,"idle_ns":16768711619,"role_exit":false,"stopped":true,"did_submit":0,"sweep_submit":0,"park":0}]},{"tid":1,"role":"fused","ops":608556,"iterations":13466280,"busy_ns":11696067651,"idle_ns":15268842503,"cpu_ns":10113489452,"wake_tx":256732,"wake_rx":731449,"io_tenures":[{"entry_ns":2786735391155744,"begin_ns":2786735391155774,"end_ns":2786762356065928,"exit_ns":2786762356065958,"busy_ns":11696067651,"idle_ns":15268842503,"role_exit":false,"stopped":true,"did_submit":0,"sweep_submit":0,"park":0}]},{"tid":2,"role":"fused","ops":430871,"iterations":13274640,"busy_ns":12017573440,"idle_ns":14947357564,"cpu_ns":10260475243,"wake_tx":298085,"wake_rx":597236,"io_tenures":[{"entry_ns":2786735391141954,"begin_ns":2786735391141984,"end_ns":2786762356072988,"exit_ns":2786762356073018,"busy_ns":12017573440,"idle_ns":14947357564,"role_exit":false,"stopped":true,"did_submit":0,"sweep_submit":0,"park":0}]},{"tid":3,"role":"fused","ops":454698,"iterations":24194253,"busy_ns":14171843234,"idle_ns":12793449101,"cpu_ns":11964178784,"wake_tx":240345,"wake_rx":460378,"io_tenures":[{"entry_ns":2786735391143974,"begin_ns":2786735391144004,"end_ns":2786762356436339,"exit_ns":2786762356436369,"busy_ns":14171843234,"idle_ns":12793449101,"role_exit":false,"stopped":true,"did_submit":0,"sweep_submit":0,"park":0}]},{"tid":4,"role":"fused","ops":80634,"iterations":17009425,"busy_ns":8800725780,"idle_ns":18164198564,"cpu_ns":7070304647,"wake_tx":137235,"wake_rx":209634,"io_tenures":[{"entry_ns":2786735391140404,"begin_ns":2786735391140434,"end_ns":2786762356064778,"exit_ns":2786762356064818,"busy_ns":8800725780,"idle_ns":18164198564,"role_exit":false,"stopped":true,"did_submit":0,"sweep_submit":0,"park":0}]},{"tid":5,"role":"fused","ops":183318,"iterations":20159170,"busy_ns":9264706002,"idle_ns":17700208222,"cpu_ns":8025560021,"wake_tx":206113,"wake_rx":320647,"io_tenures":[{"entry_ns":2786735391152694,"begin_ns":2786735391152724,"end_ns":2786762356066948,"exit_ns":2786762356066978,"busy_ns":9264706002,"idle_ns":17700208222,"role_exit":false,"stopped":true,"did_submit":0,"sweep_submit":0,"park":0}]},{"tid":6,"role":"fused","ops":110103,"iterations":15690557,"busy_ns":10098506564,"idle_ns":16866424010,"cpu_ns":8086603185,"wake_tx":139971,"wake_rx":242151,"io_tenures":[{"entry_ns":2786735391146124,"begin_ns":2786735391146154,"end_ns":2786762356076728,"exit_ns":2786762356076758,"busy_ns":10098506564,"idle_ns":16866424010,"role_exit":false,"stopped":true,"did_submit":0,"sweep_submit":0,"park":0}]},{"tid":7,"role":"fused","ops":59134,"iterations":14757314,"busy_ns":8563333752,"idle_ns":18401579952,"cpu_ns":6874625650,"wake_tx":65612,"wake_rx":115470,"io_tenures":[{"entry_ns":2786735391150594,"begin_ns":2786735391150624,"end_ns":2786762356064328,"exit_ns":2786762356064357,"busy_ns":8563333752,"idle_ns":18401579952,"role_exit":false,"stopped":true,"did_submit":0,"sweep_submit":0,"park":0}]}],"wb":{"retired":716766,"direct":134592,"sends_completed":714765,"sends_submitted":717657,"short_writes":0,"send_errors":0,"peer_aborts":2892,"bytes_sent":30790806,"zc_sends":0,"zc_bytes":0,"zc_releases":0,"serves":1891522,"serves_empty":1176001},"tls":{"accepts":0,"handshakes_completed":0,"handshakes_started":0,"handshakes_failed":0,"connections_freed":0,"want_read":0,"want_write":0,"ciphertext_input_bytes":0,"plaintext_input_bytes":0,"ciphertext_output_bytes":0,"plaintext_output_bytes":0,"zc_suppressed":0,"ktls_active":0,"ktls_fallback":0},"stuck":{"live_conns":0,"rob_not_quiesced":0,"unsent_bytes_pending":0,"slots_done":0,"slots_issued":0,"slots_free":0,"flag_set":0},"epoll":{"enabled":false,"events":0,"recvs":0},"persistence":{"enabled":false,"recording":false,"failed":false,"drain_gave_up":false,"posted":0,"flushed":0,"durable":0,"refused":0,"pending_chunks":0,"records_written":0,"producers_with_pending":0,"producers_stopped":0,"producers_expected":0,"completions_pending":0},"accept":{"accepts":570,"accept_err":0,"rearm":0,"sqe_starved":0,"notify_drop":0}}
