topology: 1 L3 domain(s)
  domain  0: 8 cpus [112,113,114,115,116,117,118,119]
tomokv-cpp: 8 threads (6 io + 2 ex), 16 shard(s), thread-mode=2s, overlap=0, io_uring, alloc=jemalloc, reorder=0, read-local=0
  thread t0: role=ifid cpu=112 L3=0 shards=0
  thread t1: role=ifid cpu=113 L3=0 shards=0
  thread t2: role=ifid cpu=114 L3=0 shards=0
  thread t3: role=ifid cpu=115 L3=0 shards=0
  thread t4: role=ifid cpu=116 L3=0 shards=0
  thread t5: role=ifid cpu=117 L3=0 shards=0
  thread t6: role=ex cpu=118 L3=0 shards=8
  thread t7: role=ex cpu=119 L3=0 shards=8
listening on 127.0.0.1:19910
persistence: enabled=0 posted=0 flushed=0 durable=0 refused=0 pending_chunks=0 producers_with_pending=0 drain_gave_up=0 failed=0

thread role          ops      iters   busy_ms   idle_ms    cpu_ms   wake_tx  wake_rx
t0     io              2         21       0.2     189.7       0.5         2        4
io_tenure t0/0 busy_ns=196501 idle_ns=189734750 entry_ns=2786762370861805 begin_ns=2786762370861835 end_ns=2786762560793086 exit_ns=2786762560793236 role_exit=0 stopped=1
t1     io              0          9       0.2     186.9       0.6         0        0
io_tenure t1/0 busy_ns=244760 idle_ns=186924192 entry_ns=2786762373624024 begin_ns=2786762373624054 end_ns=2786762560793006 exit_ns=2786762560793126 role_exit=0 stopped=1
t2     io              0         72       0.4     189.4       0.8         0        0
io_tenure t2/0 busy_ns=371890 idle_ns=189429960 entry_ns=2786762370990596 begin_ns=2786762370990636 end_ns=2786762560792486 exit_ns=2786762560792616 role_exit=0 stopped=1
t3     io              3         35       0.7     186.5       0.6         3        6
io_tenure t3/0 busy_ns=673922 idle_ns=186477870 entry_ns=2786762373639574 begin_ns=2786762373639614 end_ns=2786762560791406 exit_ns=2786762560791515 role_exit=0 stopped=1
t4     io              0          9       0.1     187.0       0.5         0        0
io_tenure t4/0 busy_ns=112161 idle_ns=186987670 entry_ns=2786762373689054 begin_ns=2786762373689104 end_ns=2786762560788935 exit_ns=2786762560789075 role_exit=0 stopped=1
t5     io              0          4       0.0     187.1       0.4         0        0
io_tenure t5/0 busy_ns=14930 idle_ns=187097291 entry_ns=2786762373713485 begin_ns=2786762373713525 end_ns=2786762560825746 exit_ns=2786762560825776 role_exit=0 stopped=1
t6     ex             13     194826       0.1     132.3      61.4         3        5
t7     ex             12      13214       0.1     187.9       4.6         2        5
wb: retired=32 direct=1 sends=32/32 short=0 err=0 peer_aborts=0 bytes=2429 zc_sends=0 zc_bytes=0 zc_releases=0 serves=32 empty=0
tls: accepts=0 handshakes=0/0 failed=0 freed=0 want_read=0 want_write=0 cipher_in=0 plain_in=0 cipher_out=0 plain_out=0 zc_suppressed=0 ktls_active=0 ktls_fallback=0
stuck: live_conns=0 rob_not_quiesced=0 unsent_bytes_pending=0 | slots done=0 issued=0 free=0 flag_set=0
shutdown: dispatched=5 executed=25 accepts=7 accept_err=0 rearm=0 sqe_starved=0 notify_drop=0
shutdown_report {"schema":1,"thread_mode":"2s","work":{"kind":"split","dispatched":5,"executed":25},"threads":[{"tid":0,"role":"io","ops":2,"iterations":21,"busy_ns":196501,"idle_ns":189734750,"cpu_ns":544990,"wake_tx":2,"wake_rx":4,"io_tenures":[{"entry_ns":2786762370861805,"begin_ns":2786762370861835,"end_ns":2786762560793086,"exit_ns":2786762560793236,"busy_ns":196501,"idle_ns":189734750,"role_exit":false,"stopped":true,"did_submit":0,"sweep_submit":0,"park":0}]},{"tid":1,"role":"io","ops":0,"iterations":9,"busy_ns":244760,"idle_ns":186924192,"cpu_ns":567460,"wake_tx":0,"wake_rx":0,"io_tenures":[{"entry_ns":2786762373624024,"begin_ns":2786762373624054,"end_ns":2786762560793006,"exit_ns":2786762560793126,"busy_ns":244760,"idle_ns":186924192,"role_exit":false,"stopped":true,"did_submit":0,"sweep_submit":0,"park":0}]},{"tid":2,"role":"io","ops":0,"iterations":72,"busy_ns":371890,"idle_ns":189429960,"cpu_ns":778060,"wake_tx":0,"wake_rx":0,"io_tenures":[{"entry_ns":2786762370990596,"begin_ns":2786762370990636,"end_ns":2786762560792486,"exit_ns":2786762560792616,"busy_ns":371890,"idle_ns":189429960,"role_exit":false,"stopped":true,"did_submit":0,"sweep_submit":0,"park":0}]},{"tid":3,"role":"io","ops":3,"iterations":35,"busy_ns":673922,"idle_ns":186477870,"cpu_ns":628780,"wake_tx":3,"wake_rx":6,"io_tenures":[{"entry_ns":2786762373639574,"begin_ns":2786762373639614,"end_ns":2786762560791406,"exit_ns":2786762560791515,"busy_ns":673922,"idle_ns":186477870,"role_exit":false,"stopped":true,"did_submit":0,"sweep_submit":0,"park":0}]},{"tid":4,"role":"io","ops":0,"iterations":9,"busy_ns":112161,"idle_ns":186987670,"cpu_ns":506700,"wake_tx":0,"wake_rx":0,"io_tenures":[{"entry_ns":2786762373689054,"begin_ns":2786762373689104,"end_ns":2786762560788935,"exit_ns":2786762560789075,"busy_ns":112161,"idle_ns":186987670,"role_exit":false,"stopped":true,"did_submit":0,"sweep_submit":0,"park":0}]},{"tid":5,"role":"io","ops":0,"iterations":4,"busy_ns":14930,"idle_ns":187097291,"cpu_ns":381810,"wake_tx":0,"wake_rx":0,"io_tenures":[{"entry_ns":2786762373713485,"begin_ns":2786762373713525,"end_ns":2786762560825746,"exit_ns":2786762560825776,"busy_ns":14930,"idle_ns":187097291,"role_exit":false,"stopped":true,"did_submit":0,"sweep_submit":0,"park":0}]},{"tid":6,"role":"ex","ops":13,"iterations":194826,"busy_ns":138742,"idle_ns":132278580,"cpu_ns":61409420,"wake_tx":3,"wake_rx":5,"io_tenures":[]},{"tid":7,"role":"ex","ops":12,"iterations":13214,"busy_ns":71741,"idle_ns":187905859,"cpu_ns":4564530,"wake_tx":2,"wake_rx":5,"io_tenures":[]}],"wb":{"retired":32,"direct":1,"sends_completed":32,"sends_submitted":32,"short_writes":0,"send_errors":0,"peer_aborts":0,"bytes_sent":2429,"zc_sends":0,"zc_bytes":0,"zc_releases":0,"serves":32,"serves_empty":0},"tls":{"accepts":0,"handshakes_completed":0,"handshakes_started":0,"handshakes_failed":0,"connections_freed":0,"want_read":0,"want_write":0,"ciphertext_input_bytes":0,"plaintext_input_bytes":0,"ciphertext_output_bytes":0,"plaintext_output_bytes":0,"zc_suppressed":0,"ktls_active":0,"ktls_fallback":0},"stuck":{"live_conns":0,"rob_not_quiesced":0,"unsent_bytes_pending":0,"slots_done":0,"slots_issued":0,"slots_free":0,"flag_set":0},"epoll":{"enabled":false,"events":0,"recvs":0},"persistence":{"enabled":false,"recording":false,"failed":false,"drain_gave_up":false,"posted":0,"flushed":0,"durable":0,"refused":0,"pending_chunks":0,"records_written":0,"producers_with_pending":0,"producers_stopped":0,"producers_expected":0,"completions_pending":0},"accept":{"accepts":7,"accept_err":0,"rearm":0,"sqe_starved":0,"notify_drop":0}}
