topology: 1 L3 domain(s)
  domain  0: 8 cpus [112,113,114,115,116,117,118,119]
tomokv-cpp: 8 threads (6 io + 2 ex), 16 shard(s), thread-mode=2s, overlap=0, io_uring, alloc=jemalloc, reorder=0, read-local=0
  thread t0: role=ifid cpu=112 L3=0 shards=0
  thread t1: role=ifid cpu=113 L3=0 shards=0
  thread t2: role=ifid cpu=114 L3=0 shards=0
  thread t3: role=ifid cpu=115 L3=0 shards=0
  thread t4: role=ifid cpu=116 L3=0 shards=0
  thread t5: role=ifid cpu=117 L3=0 shards=0
  thread t6: role=ex cpu=118 L3=0 shards=8
  thread t7: role=ex cpu=119 L3=0 shards=8
listening on 127.0.0.1:18340
persistence: enabled=0 posted=0 flushed=0 durable=0 refused=0 pending_chunks=0 producers_with_pending=0 drain_gave_up=0 failed=0

thread role          ops      iters   busy_ms   idle_ms    cpu_ms   wake_tx  wake_rx
t0     io              0        433       0.1     286.3       0.5         1        2
io_tenure t0/0 busy_ns=130019 idle_ns=286301696 entry_ns=3160529470298453 begin_ns=3160529470298493 end_ns=3160529756730208 exit_ns=3160529756730328 role_exit=0 stopped=1
t1     io              0        417       0.1     286.2       0.5         0        1
io_tenure t1/0 busy_ns=122720 idle_ns=286166254 entry_ns=3160529470440554 begin_ns=3160529470440594 end_ns=3160529756729568 exit_ns=3160529756729698 role_exit=0 stopped=1
t2     io              1        463       0.4     285.8       0.9         1        4
io_tenure t2/0 busy_ns=428519 idle_ns=285761895 entry_ns=3160529470537094 begin_ns=3160529470537164 end_ns=3160529756727578 exit_ns=3160529756727698 role_exit=0 stopped=1
t3     io              0        390       0.1     286.1       0.5         0        1
io_tenure t3/0 busy_ns=118490 idle_ns=286108074 entry_ns=3160529470503364 begin_ns=3160529470503404 end_ns=3160529756729968 exit_ns=3160529756730088 role_exit=0 stopped=1
t4     io              0        395       0.1     286.1       0.5         0        1
io_tenure t4/0 busy_ns=117800 idle_ns=286052054 entry_ns=3160529470558464 begin_ns=3160529470558514 end_ns=3160529756728368 exit_ns=3160529756728498 role_exit=0 stopped=1
t5     io              4        197       0.7     285.5       1.1         6       10
io_tenure t5/0 busy_ns=672880 idle_ns=285474184 entry_ns=3160529470598314 begin_ns=3160529470598344 end_ns=3160529756745408 exit_ns=3160529756745438 role_exit=0 stopped=1
t6     ex              8      14409       0.0     283.4       5.1         0        0
t7     ex             13      14912       0.1     283.2       5.2         4        5
wb: retired=10 direct=2 sends=10/10 short=0 err=0 peer_aborts=0 bytes=10353 zc_sends=0 zc_bytes=0 zc_releases=0 serves=13 empty=3
tls: accepts=0 handshakes=0/0 failed=0 freed=0 want_read=0 want_write=0 cipher_in=0 plain_in=0 cipher_out=0 plain_out=0 zc_suppressed=0 ktls_active=0 ktls_fallback=0
stuck: live_conns=0 rob_not_quiesced=0 unsent_bytes_pending=0 | slots done=0 issued=0 free=0 flag_set=0
shutdown: dispatched=5 executed=21 accepts=3 accept_err=0 rearm=0 sqe_starved=0 notify_drop=0
shutdown_report {"schema":1,"thread_mode":"2s","work":{"kind":"split","dispatched":5,"executed":21},"threads":[{"tid":0,"role":"io","ops":0,"iterations":433,"busy_ns":130019,"idle_ns":286301696,"cpu_ns":482479,"wake_tx":1,"wake_rx":2,"io_tenures":[{"entry_ns":3160529470298453,"begin_ns":3160529470298493,"end_ns":3160529756730208,"exit_ns":3160529756730328,"busy_ns":130019,"idle_ns":286301696,"role_exit":false,"stopped":true,"did_submit":0,"sweep_submit":0,"park":0}]},{"tid":1,"role":"io","ops":0,"iterations":417,"busy_ns":122720,"idle_ns":286166254,"cpu_ns":516760,"wake_tx":0,"wake_rx":1,"io_tenures":[{"entry_ns":3160529470440554,"begin_ns":3160529470440594,"end_ns":3160529756729568,"exit_ns":3160529756729698,"busy_ns":122720,"idle_ns":286166254,"role_exit":false,"stopped":true,"did_submit":0,"sweep_submit":0,"park":0}]},{"tid":2,"role":"io","ops":1,"iterations":463,"busy_ns":428519,"idle_ns":285761895,"cpu_ns":881840,"wake_tx":1,"wake_rx":4,"io_tenures":[{"entry_ns":3160529470537094,"begin_ns":3160529470537164,"end_ns":3160529756727578,"exit_ns":3160529756727698,"busy_ns":428519,"idle_ns":285761895,"role_exit":false,"stopped":true,"did_submit":0,"sweep_submit":0,"park":0}]},{"tid":3,"role":"io","ops":0,"iterations":390,"busy_ns":118490,"idle_ns":286108074,"cpu_ns":524922,"wake_tx":0,"wake_rx":1,"io_tenures":[{"entry_ns":3160529470503364,"begin_ns":3160529470503404,"end_ns":3160529756729968,"exit_ns":3160529756730088,"busy_ns":118490,"idle_ns":286108074,"role_exit":false,"stopped":true,"did_submit":0,"sweep_submit":0,"park":0}]},{"tid":4,"role":"io","ops":0,"iterations":395,"busy_ns":117800,"idle_ns":286052054,"cpu_ns":509000,"wake_tx":0,"wake_rx":1,"io_tenures":[{"entry_ns":3160529470558464,"begin_ns":3160529470558514,"end_ns":3160529756728368,"exit_ns":3160529756728498,"busy_ns":117800,"idle_ns":286052054,"role_exit":false,"stopped":true,"did_submit":0,"sweep_submit":0,"park":0}]},{"tid":5,"role":"io","ops":4,"iterations":197,"busy_ns":672880,"idle_ns":285474184,"cpu_ns":1085787,"wake_tx":6,"wake_rx":10,"io_tenures":[{"entry_ns":3160529470598314,"begin_ns":3160529470598344,"end_ns":3160529756745408,"exit_ns":3160529756745438,"busy_ns":672880,"idle_ns":285474184,"role_exit":false,"stopped":true,"did_submit":0,"sweep_submit":0,"park":0}]},{"tid":6,"role":"ex","ops":8,"iterations":14409,"busy_ns":38730,"idle_ns":283358047,"cpu_ns":5060680,"wake_tx":0,"wake_rx":0,"io_tenures":[]},{"tid":7,"role":"ex","ops":13,"iterations":14912,"busy_ns":89238,"idle_ns":283156978,"cpu_ns":5198380,"wake_tx":4,"wake_rx":5,"io_tenures":[]}],"wb":{"retired":10,"direct":2,"sends_completed":10,"sends_submitted":10,"short_writes":0,"send_errors":0,"peer_aborts":0,"bytes_sent":10353,"zc_sends":0,"zc_bytes":0,"zc_releases":0,"serves":13,"serves_empty":3},"tls":{"accepts":0,"handshakes_completed":0,"handshakes_started":0,"handshakes_failed":0,"connections_freed":0,"want_read":0,"want_write":0,"ciphertext_input_bytes":0,"plaintext_input_bytes":0,"ciphertext_output_bytes":0,"plaintext_output_bytes":0,"zc_suppressed":0,"ktls_active":0,"ktls_fallback":0},"stuck":{"live_conns":0,"rob_not_quiesced":0,"unsent_bytes_pending":0,"slots_done":0,"slots_issued":0,"slots_free":0,"flag_set":0},"epoll":{"enabled":false,"events":0,"recvs":0},"persistence":{"enabled":false,"recording":false,"failed":false,"drain_gave_up":false,"posted":0,"flushed":0,"durable":0,"refused":0,"pending_chunks":0,"records_written":0,"producers_with_pending":0,"producers_stopped":0,"producers_expected":0,"completions_pending":0},"accept":{"accepts":3,"accept_err":0,"rearm":0,"sqe_starved":0,"notify_drop":0}}
