topology: 1 L3 domain(s)
  domain  0: 8 cpus [112,113,114,115,116,117,118,119]
tomokv-cpp: 8 unified threads, 16 shard(s), thread-mode=1s, overlap=0 (executor prefetch; ordinary IO), io_uring, alloc=jemalloc, reorder=0, read-local=1
  thread t0: role=unified cpu=112 L3=0 shards=2 send=self
  thread t1: role=unified cpu=113 L3=0 shards=2 send=self
  thread t2: role=unified cpu=114 L3=0 shards=2 send=self
  thread t3: role=unified cpu=115 L3=0 shards=2 send=self
  thread t4: role=unified cpu=116 L3=0 shards=2 send=self
  thread t5: role=unified cpu=117 L3=0 shards=2 send=self
  thread t6: role=unified cpu=118 L3=0 shards=2 send=self
  thread t7: role=unified cpu=119 L3=0 shards=2 send=self
listening on 127.0.0.1:18179
persistence: enabled=0 posted=0 flushed=0 durable=0 refused=0 pending_chunks=0 producers_with_pending=0 drain_gave_up=0 failed=0

thread role          ops      iters   busy_ms   idle_ms    cpu_ms   wake_tx  wake_rx
t0     uni           339     201862     122.3    3538.5     124.4        67      258
io_tenure t0/0 busy_ns=122303611 idle_ns=3538486333 entry_ns=2983828946872527 begin_ns=2983828946872557 end_ns=2983832607662501 exit_ns=2983832607662631 role_exit=0 stopped=1
t1     uni           347      87383      54.8    3606.0      56.6        50      245
io_tenure t1/0 busy_ns=54811292 idle_ns=3605964612 entry_ns=2983828946886527 begin_ns=2983828946886557 end_ns=2983832607662461 exit_ns=2983832607662591 role_exit=0 stopped=1
t2     uni           362     128013      78.3    3582.5      80.3        87      288
io_tenure t2/0 busy_ns=78283990 idle_ns=3582503894 entry_ns=2983828946874257 begin_ns=2983828946874287 end_ns=2983832607662171 exit_ns=2983832607662311 role_exit=0 stopped=1
t3     uni           353      78514      49.1    3611.7      50.9        61      254
io_tenure t3/0 busy_ns=49111320 idle_ns=3611667794 entry_ns=2983828946884497 begin_ns=2983828946884527 end_ns=2983832607663641 exit_ns=2983832607663771 role_exit=0 stopped=1
t4     uni           334      23999      20.1    3640.6      22.1        69      259
io_tenure t4/0 busy_ns=20148979 idle_ns=3640640165 entry_ns=2983828946882487 begin_ns=2983828946882507 end_ns=2983832607671651 exit_ns=2983832607671681 role_exit=0 stopped=1
t5     uni          4575     463094     402.9    3257.8     417.1       965     1115
io_tenure t5/0 busy_ns=402948380 idle_ns=3257831754 entry_ns=2983828946878837 begin_ns=2983828946878857 end_ns=2983832607658991 exit_ns=2983832607659111 role_exit=0 stopped=1
t6     uni           337      24989      20.6    3640.2      22.5        89      273
io_tenure t6/0 busy_ns=20579032 idle_ns=3640204822 entry_ns=2983828946876227 begin_ns=2983828946876257 end_ns=2983832607660111 exit_ns=2983832607660231 role_exit=0 stopped=1
t7     uni           343      67922      49.6    3611.2      51.4       106      296
io_tenure t7/0 busy_ns=49586400 idle_ns=3611185054 entry_ns=2983828946888247 begin_ns=2983828946888277 end_ns=2983832607659731 exit_ns=2983832607659961 role_exit=0 stopped=1
wb: retired=3941 direct=2048 sends=3941/3941 short=0 err=0 peer_aborts=0 bytes=6180947 zc_sends=0 zc_bytes=0 zc_releases=0 serves=6793 empty=2852
tls: accepts=0 handshakes=0/0 failed=0 freed=0 want_read=0 want_write=0 cipher_in=0 plain_in=0 cipher_out=0 plain_out=0 zc_suppressed=0 ktls_active=0 ktls_fallback=0
stuck: live_conns=0 rob_not_quiesced=0 unsent_bytes_pending=0 | slots done=0 issued=0 free=0 flag_set=0
shutdown: unified_work=6990 accepts=242 accept_err=0 rearm=0 sqe_starved=0 notify_drop=0
shutdown_report {"schema":1,"thread_mode":"1s","work":{"kind":"fused","unified":6990},"threads":[{"tid":0,"role":"fused","ops":339,"iterations":201862,"busy_ns":122303611,"idle_ns":3538486333,"cpu_ns":124354830,"wake_tx":67,"wake_rx":258,"io_tenures":[{"entry_ns":2983828946872527,"begin_ns":2983828946872557,"end_ns":2983832607662501,"exit_ns":2983832607662631,"busy_ns":122303611,"idle_ns":3538486333,"role_exit":false,"stopped":true,"did_submit":0,"sweep_submit":0,"park":0}]},{"tid":1,"role":"fused","ops":347,"iterations":87383,"busy_ns":54811292,"idle_ns":3605964612,"cpu_ns":56621240,"wake_tx":50,"wake_rx":245,"io_tenures":[{"entry_ns":2983828946886527,"begin_ns":2983828946886557,"end_ns":2983832607662461,"exit_ns":2983832607662591,"busy_ns":54811292,"idle_ns":3605964612,"role_exit":false,"stopped":true,"did_submit":0,"sweep_submit":0,"park":0}]},{"tid":2,"role":"fused","ops":362,"iterations":128013,"busy_ns":78283990,"idle_ns":3582503894,"cpu_ns":80283740,"wake_tx":87,"wake_rx":288,"io_tenures":[{"entry_ns":2983828946874257,"begin_ns":2983828946874287,"end_ns":2983832607662171,"exit_ns":2983832607662311,"busy_ns":78283990,"idle_ns":3582503894,"role_exit":false,"stopped":true,"did_submit":0,"sweep_submit":0,"park":0}]},{"tid":3,"role":"fused","ops":353,"iterations":78514,"busy_ns":49111320,"idle_ns":3611667794,"cpu_ns":50923040,"wake_tx":61,"wake_rx":254,"io_tenures":[{"entry_ns":2983828946884497,"begin_ns":2983828946884527,"end_ns":2983832607663641,"exit_ns":2983832607663771,"busy_ns":49111320,"idle_ns":3611667794,"role_exit":false,"stopped":true,"did_submit":0,"sweep_submit":0,"park":0}]},{"tid":4,"role":"fused","ops":334,"iterations":23999,"busy_ns":20148979,"idle_ns":3640640165,"cpu_ns":22117320,"wake_tx":69,"wake_rx":259,"io_tenures":[{"entry_ns":2983828946882487,"begin_ns":2983828946882507,"end_ns":2983832607671651,"exit_ns":2983832607671681,"busy_ns":20148979,"idle_ns":3640640165,"role_exit":false,"stopped":true,"did_submit":0,"sweep_submit":0,"park":0}]},{"tid":5,"role":"fused","ops":4575,"iterations":463094,"busy_ns":402948380,"idle_ns":3257831754,"cpu_ns":417080280,"wake_tx":965,"wake_rx":1115,"io_tenures":[{"entry_ns":2983828946878837,"begin_ns":2983828946878857,"end_ns":2983832607658991,"exit_ns":2983832607659111,"busy_ns":402948380,"idle_ns":3257831754,"role_exit":false,"stopped":true,"did_submit":0,"sweep_submit":0,"park":0}]},{"tid":6,"role":"fused","ops":337,"iterations":24989,"busy_ns":20579032,"idle_ns":3640204822,"cpu_ns":22492790,"wake_tx":89,"wake_rx":273,"io_tenures":[{"entry_ns":2983828946876227,"begin_ns":2983828946876257,"end_ns":2983832607660111,"exit_ns":2983832607660231,"busy_ns":20579032,"idle_ns":3640204822,"role_exit":false,"stopped":true,"did_submit":0,"sweep_submit":0,"park":0}]},{"tid":7,"role":"fused","ops":343,"iterations":67922,"busy_ns":49586400,"idle_ns":3611185054,"cpu_ns":51431020,"wake_tx":106,"wake_rx":296,"io_tenures":[{"entry_ns":2983828946888247,"begin_ns":2983828946888277,"end_ns":2983832607659731,"exit_ns":2983832607659961,"busy_ns":49586400,"idle_ns":3611185054,"role_exit":false,"stopped":true,"did_submit":0,"sweep_submit":0,"park":0}]}],"wb":{"retired":3941,"direct":2048,"sends_completed":3941,"sends_submitted":3941,"short_writes":0,"send_errors":0,"peer_aborts":0,"bytes_sent":6180947,"zc_sends":0,"zc_bytes":0,"zc_releases":0,"serves":6793,"serves_empty":2852},"tls":{"accepts":0,"handshakes_completed":0,"handshakes_started":0,"handshakes_failed":0,"connections_freed":0,"want_read":0,"want_write":0,"ciphertext_input_bytes":0,"plaintext_input_bytes":0,"ciphertext_output_bytes":0,"plaintext_output_bytes":0,"zc_suppressed":0,"ktls_active":0,"ktls_fallback":0},"stuck":{"live_conns":0,"rob_not_quiesced":0,"unsent_bytes_pending":0,"slots_done":0,"slots_issued":0,"slots_free":0,"flag_set":0},"epoll":{"enabled":false,"events":0,"recvs":0},"persistence":{"enabled":false,"recording":false,"failed":false,"drain_gave_up":false,"posted":0,"flushed":0,"durable":0,"refused":0,"pending_chunks":0,"records_written":0,"producers_with_pending":0,"producers_stopped":0,"producers_expected":0,"completions_pending":0},"accept":{"accepts":242,"accept_err":0,"rearm":0,"sqe_starved":0,"notify_drop":0}}
