topology: 1 L3 domain(s)
  domain  0: 8 cpus [112,113,114,115,116,117,118,119]
tomokv-cpp: 8 unified threads, 16 shard(s), thread-mode=1s, overlap=0 (executor prefetch; ordinary IO), io_uring, alloc=jemalloc, reorder=0, read-local=1
  thread t0: role=unified cpu=112 L3=0 shards=2 send=self
  thread t1: role=unified cpu=113 L3=0 shards=2 send=self
  thread t2: role=unified cpu=114 L3=0 shards=2 send=self
  thread t3: role=unified cpu=115 L3=0 shards=2 send=self
  thread t4: role=unified cpu=116 L3=0 shards=2 send=self
  thread t5: role=unified cpu=117 L3=0 shards=2 send=self
  thread t6: role=unified cpu=118 L3=0 shards=2 send=self
  thread t7: role=unified cpu=119 L3=0 shards=2 send=self
listening on 127.0.0.1:18179
persistence: enabled=0 posted=0 flushed=0 durable=0 refused=0 pending_chunks=0 producers_with_pending=0 drain_gave_up=0 failed=0

thread role          ops      iters   busy_ms   idle_ms    cpu_ms   wake_tx  wake_rx
t0     uni            64      22388      13.8     715.3      14.6         8       43
io_tenure t0/0 busy_ns=13803838 idle_ns=715255411 entry_ns=2983792297642600 begin_ns=2983792297642630 end_ns=2983793026701879 exit_ns=2983793026702009 role_exit=0 stopped=1
t1     uni            75       4331       4.0     725.1       4.7        19       60
io_tenure t1/0 busy_ns=3975474 idle_ns=725093355 entry_ns=2983792297630290 begin_ns=2983792297630310 end_ns=2983793026699139 exit_ns=2983793026699269 role_exit=0 stopped=1
t2     uni            70       3480       3.5     725.6       4.2        12       53
io_tenure t2/0 busy_ns=3488074 idle_ns=725576105 entry_ns=2983792297636960 begin_ns=2983792297636990 end_ns=2983793026701169 exit_ns=2983793026701299 role_exit=0 stopped=1
t3     uni            78       2523       3.0     726.1       3.7        10       54
io_tenure t3/0 busy_ns=2969268 idle_ns=726083951 entry_ns=2983792297647830 begin_ns=2983792297647860 end_ns=2983793026701079 exit_ns=2983793026701219 role_exit=0 stopped=1
t4     uni            84      30140      17.9     711.2      18.6        17       62
io_tenure t4/0 busy_ns=17882096 idle_ns=711188923 entry_ns=2983792297634550 begin_ns=2983792297634580 end_ns=2983793026705599 exit_ns=2983793026705629 role_exit=0 stopped=1
t5     uni          4199      93627      90.2     638.8      98.9       206      239
io_tenure t5/0 busy_ns=90240306 idle_ns=638823513 entry_ns=2983792297634700 begin_ns=2983792297634720 end_ns=2983793026698539 exit_ns=2983793026698689 role_exit=0 stopped=1
t6     uni            73      15008       9.8     719.2      10.5        20       60
io_tenure t6/0 busy_ns=9828245 idle_ns=719231404 entry_ns=2983792297639360 begin_ns=2983792297639380 end_ns=2983793026699029 exit_ns=2983793026699179 role_exit=0 stopped=1
t7     uni            75       5204       4.4     724.6       5.1        28       69
io_tenure t7/0 busy_ns=4407559 idle_ns=724648690 entry_ns=2983792297642300 begin_ns=2983792297642330 end_ns=2983793026698579 exit_ns=2983793026698719 role_exit=0 stopped=1
wb: retired=2436 direct=2048 sends=2436/2436 short=0 err=0 peer_aborts=0 bytes=1266746 zc_sends=0 zc_bytes=0 zc_releases=0 serves=2521 empty=85
tls: accepts=0 handshakes=0/0 failed=0 freed=0 want_read=0 want_write=0 cipher_in=0 plain_in=0 cipher_out=0 plain_out=0 zc_suppressed=0 ktls_active=0 ktls_fallback=0
stuck: live_conns=0 rob_not_quiesced=0 unsent_bytes_pending=0 | slots done=0 issued=0 free=0 flag_set=0
shutdown: unified_work=4718 accepts=50 accept_err=0 rearm=0 sqe_starved=0 notify_drop=0
shutdown_report {"schema":1,"thread_mode":"1s","work":{"kind":"fused","unified":4718},"threads":[{"tid":0,"role":"fused","ops":64,"iterations":22388,"busy_ns":13803838,"idle_ns":715255411,"cpu_ns":14571055,"wake_tx":8,"wake_rx":43,"io_tenures":[{"entry_ns":2983792297642600,"begin_ns":2983792297642630,"end_ns":2983793026701879,"exit_ns":2983793026702009,"busy_ns":13803838,"idle_ns":715255411,"role_exit":false,"stopped":true,"did_submit":0,"sweep_submit":0,"park":0}]},{"tid":1,"role":"fused","ops":75,"iterations":4331,"busy_ns":3975474,"idle_ns":725093355,"cpu_ns":4671130,"wake_tx":19,"wake_rx":60,"io_tenures":[{"entry_ns":2983792297630290,"begin_ns":2983792297630310,"end_ns":2983793026699139,"exit_ns":2983793026699269,"busy_ns":3975474,"idle_ns":725093355,"role_exit":false,"stopped":true,"did_submit":0,"sweep_submit":0,"park":0}]},{"tid":2,"role":"fused","ops":70,"iterations":3480,"busy_ns":3488074,"idle_ns":725576105,"cpu_ns":4222485,"wake_tx":12,"wake_rx":53,"io_tenures":[{"entry_ns":2983792297636960,"begin_ns":2983792297636990,"end_ns":2983793026701169,"exit_ns":2983793026701299,"busy_ns":3488074,"idle_ns":725576105,"role_exit":false,"stopped":true,"did_submit":0,"sweep_submit":0,"park":0}]},{"tid":3,"role":"fused","ops":78,"iterations":2523,"busy_ns":2969268,"idle_ns":726083951,"cpu_ns":3696290,"wake_tx":10,"wake_rx":54,"io_tenures":[{"entry_ns":2983792297647830,"begin_ns":2983792297647860,"end_ns":2983793026701079,"exit_ns":2983793026701219,"busy_ns":2969268,"idle_ns":726083951,"role_exit":false,"stopped":true,"did_submit":0,"sweep_submit":0,"park":0}]},{"tid":4,"role":"fused","ops":84,"iterations":30140,"busy_ns":17882096,"idle_ns":711188923,"cpu_ns":18610340,"wake_tx":17,"wake_rx":62,"io_tenures":[{"entry_ns":2983792297634550,"begin_ns":2983792297634580,"end_ns":2983793026705599,"exit_ns":2983793026705629,"busy_ns":17882096,"idle_ns":711188923,"role_exit":false,"stopped":true,"did_submit":0,"sweep_submit":0,"park":0}]},{"tid":5,"role":"fused","ops":4199,"iterations":93627,"busy_ns":90240306,"idle_ns":638823513,"cpu_ns":98892945,"wake_tx":206,"wake_rx":239,"io_tenures":[{"entry_ns":2983792297634700,"begin_ns":2983792297634720,"end_ns":2983793026698539,"exit_ns":2983793026698689,"busy_ns":90240306,"idle_ns":638823513,"role_exit":false,"stopped":true,"did_submit":0,"sweep_submit":0,"park":0}]},{"tid":6,"role":"fused","ops":73,"iterations":15008,"busy_ns":9828245,"idle_ns":719231404,"cpu_ns":10486661,"wake_tx":20,"wake_rx":60,"io_tenures":[{"entry_ns":2983792297639360,"begin_ns":2983792297639380,"end_ns":2983793026699029,"exit_ns":2983793026699179,"busy_ns":9828245,"idle_ns":719231404,"role_exit":false,"stopped":true,"did_submit":0,"sweep_submit":0,"park":0}]},{"tid":7,"role":"fused","ops":75,"iterations":5204,"busy_ns":4407559,"idle_ns":724648690,"cpu_ns":5130875,"wake_tx":28,"wake_rx":69,"io_tenures":[{"entry_ns":2983792297642300,"begin_ns":2983792297642330,"end_ns":2983793026698579,"exit_ns":2983793026698719,"busy_ns":4407559,"idle_ns":724648690,"role_exit":false,"stopped":true,"did_submit":0,"sweep_submit":0,"park":0}]}],"wb":{"retired":2436,"direct":2048,"sends_completed":2436,"sends_submitted":2436,"short_writes":0,"send_errors":0,"peer_aborts":0,"bytes_sent":1266746,"zc_sends":0,"zc_bytes":0,"zc_releases":0,"serves":2521,"serves_empty":85},"tls":{"accepts":0,"handshakes_completed":0,"handshakes_started":0,"handshakes_failed":0,"connections_freed":0,"want_read":0,"want_write":0,"ciphertext_input_bytes":0,"plaintext_input_bytes":0,"ciphertext_output_bytes":0,"plaintext_output_bytes":0,"zc_suppressed":0,"ktls_active":0,"ktls_fallback":0},"stuck":{"live_conns":0,"rob_not_quiesced":0,"unsent_bytes_pending":0,"slots_done":0,"slots_issued":0,"slots_free":0,"flag_set":0},"epoll":{"enabled":false,"events":0,"recvs":0},"persistence":{"enabled":false,"recording":false,"failed":false,"drain_gave_up":false,"posted":0,"flushed":0,"durable":0,"refused":0,"pending_chunks":0,"records_written":0,"producers_with_pending":0,"producers_stopped":0,"producers_expected":0,"completions_pending":0},"accept":{"accepts":50,"accept_err":0,"rearm":0,"sqe_starved":0,"notify_drop":0}}
