topology: 1 L3 domain(s)
  domain  0: 8 cpus [112,113,114,115,116,117,118,119]
tomokv-cpp: 8 unified threads, 16 shard(s), thread-mode=1s, overlap=0 (executor prefetch; ordinary IO), io_uring, alloc=jemalloc, reorder=0, read-local=1
  thread t0: role=unified cpu=112 L3=0 shards=2 send=self
  thread t1: role=unified cpu=113 L3=0 shards=2 send=self
  thread t2: role=unified cpu=114 L3=0 shards=2 send=self
  thread t3: role=unified cpu=115 L3=0 shards=2 send=self
  thread t4: role=unified cpu=116 L3=0 shards=2 send=self
  thread t5: role=unified cpu=117 L3=0 shards=2 send=self
  thread t6: role=unified cpu=118 L3=0 shards=2 send=self
  thread t7: role=unified cpu=119 L3=0 shards=2 send=self
listening on 127.0.0.1:18179
persistence: enabled=0 posted=0 flushed=0 durable=0 refused=0 pending_chunks=0 producers_with_pending=0 drain_gave_up=0 failed=0

thread role          ops      iters   busy_ms   idle_ms    cpu_ms   wake_tx  wake_rx
t0     uni            76      62772      37.3    5812.9      38.8        26       68
io_tenure t0/0 busy_ns=37285652 idle_ns=5812941023 entry_ns=2984456940176368 begin_ns=2984456940176398 end_ns=2984462790403073 exit_ns=2984462790403102 role_exit=0 stopped=1
t1     uni            67      23903      14.7    5835.5      16.1        12       51
io_tenure t1/0 busy_ns=14735950 idle_ns=5835476924 entry_ns=2984456940182108 begin_ns=2984456940182128 end_ns=2984462790395002 exit_ns=2984462790395142 role_exit=0 stopped=1
t2     uni            73      10993       8.1    5842.1       9.5        13       58
io_tenure t2/0 busy_ns=8145790 idle_ns=5842066855 entry_ns=2984456940180178 begin_ns=2984456940180208 end_ns=2984462790392853 exit_ns=2984462790392982 role_exit=0 stopped=1
t3     uni            82      22191      14.3    5835.9      15.9        15       65
io_tenure t3/0 busy_ns=14321329 idle_ns=5835880445 entry_ns=2984456940191858 begin_ns=2984456940191888 end_ns=2984462790393662 exit_ns=2984462790393793 role_exit=0 stopped=1
t4     uni            76      16539      11.0    5839.2      12.4        27       73
io_tenure t4/0 busy_ns=11024047 idle_ns=5839185317 entry_ns=2984456940184828 begin_ns=2984456940184858 end_ns=2984462790394222 exit_ns=2984462790394353 role_exit=0 stopped=1
t5     uni          4199      96239     182.1    5668.1     195.8       215      249
io_tenure t5/0 busy_ns=182063344 idle_ns=5668134560 entry_ns=2984456940193928 begin_ns=2984456940193948 end_ns=2984462790391852 exit_ns=2984462790392002 role_exit=0 stopped=1
t6     uni            84       6846       5.7    5844.4       7.1        17       66
io_tenure t6/0 busy_ns=5746430 idle_ns=5844449024 entry_ns=2984456940195768 begin_ns=2984456940195798 end_ns=2984462790391252 exit_ns=2984462790391382 role_exit=0 stopped=1
t7     uni            72        812       2.5    5847.8       3.8        23       66
io_tenure t7/0 busy_ns=2450192 idle_ns=5847764533 entry_ns=2984456940178228 begin_ns=2984456940178368 end_ns=2984462790393093 exit_ns=2984462790393233 role_exit=0 stopped=1
wb: retired=3369 direct=2048 sends=3370/3370 short=0 err=0 peer_aborts=0 bytes=6374097 zc_sends=0 zc_bytes=0 zc_releases=0 serves=3741 empty=372
tls: accepts=0 handshakes=0/0 failed=0 freed=0 want_read=0 want_write=0 cipher_in=0 plain_in=0 cipher_out=0 plain_out=0 zc_suppressed=0 ktls_active=0 ktls_fallback=0
stuck: live_conns=0 rob_not_quiesced=0 unsent_bytes_pending=0 | slots done=0 issued=0 free=0 flag_set=0
shutdown: unified_work=4729 accepts=50 accept_err=0 rearm=0 sqe_starved=0 notify_drop=0
shutdown_report {"schema":1,"thread_mode":"1s","work":{"kind":"fused","unified":4729},"threads":[{"tid":0,"role":"fused","ops":76,"iterations":62772,"busy_ns":37285652,"idle_ns":5812941023,"cpu_ns":38828699,"wake_tx":26,"wake_rx":68,"io_tenures":[{"entry_ns":2984456940176368,"begin_ns":2984456940176398,"end_ns":2984462790403073,"exit_ns":2984462790403102,"busy_ns":37285652,"idle_ns":5812941023,"role_exit":false,"stopped":true,"did_submit":0,"sweep_submit":0,"park":0}]},{"tid":1,"role":"fused","ops":67,"iterations":23903,"busy_ns":14735950,"idle_ns":5835476924,"cpu_ns":16097689,"wake_tx":12,"wake_rx":51,"io_tenures":[{"entry_ns":2984456940182108,"begin_ns":2984456940182128,"end_ns":2984462790395002,"exit_ns":2984462790395142,"busy_ns":14735950,"idle_ns":5835476924,"role_exit":false,"stopped":true,"did_submit":0,"sweep_submit":0,"park":0}]},{"tid":2,"role":"fused","ops":73,"iterations":10993,"busy_ns":8145790,"idle_ns":5842066855,"cpu_ns":9520241,"wake_tx":13,"wake_rx":58,"io_tenures":[{"entry_ns":2984456940180178,"begin_ns":2984456940180208,"end_ns":2984462790392853,"exit_ns":2984462790392982,"busy_ns":8145790,"idle_ns":5842066855,"role_exit":false,"stopped":true,"did_submit":0,"sweep_submit":0,"park":0}]},{"tid":3,"role":"fused","ops":82,"iterations":22191,"busy_ns":14321329,"idle_ns":5835880445,"cpu_ns":15874997,"wake_tx":15,"wake_rx":65,"io_tenures":[{"entry_ns":2984456940191858,"begin_ns":2984456940191888,"end_ns":2984462790393662,"exit_ns":2984462790393793,"busy_ns":14321329,"idle_ns":5835880445,"role_exit":false,"stopped":true,"did_submit":0,"sweep_submit":0,"park":0}]},{"tid":4,"role":"fused","ops":76,"iterations":16539,"busy_ns":11024047,"idle_ns":5839185317,"cpu_ns":12420014,"wake_tx":27,"wake_rx":73,"io_tenures":[{"entry_ns":2984456940184828,"begin_ns":2984456940184858,"end_ns":2984462790394222,"exit_ns":2984462790394353,"busy_ns":11024047,"idle_ns":5839185317,"role_exit":false,"stopped":true,"did_submit":0,"sweep_submit":0,"park":0}]},{"tid":5,"role":"fused","ops":4199,"iterations":96239,"busy_ns":182063344,"idle_ns":5668134560,"cpu_ns":195812517,"wake_tx":215,"wake_rx":249,"io_tenures":[{"entry_ns":2984456940193928,"begin_ns":2984456940193948,"end_ns":2984462790391852,"exit_ns":2984462790392002,"busy_ns":182063344,"idle_ns":5668134560,"role_exit":false,"stopped":true,"did_submit":0,"sweep_submit":0,"park":0}]},{"tid":6,"role":"fused","ops":84,"iterations":6846,"busy_ns":5746430,"idle_ns":5844449024,"cpu_ns":7131971,"wake_tx":17,"wake_rx":66,"io_tenures":[{"entry_ns":2984456940195768,"begin_ns":2984456940195798,"end_ns":2984462790391252,"exit_ns":2984462790391382,"busy_ns":5746430,"idle_ns":5844449024,"role_exit":false,"stopped":true,"did_submit":0,"sweep_submit":0,"park":0}]},{"tid":7,"role":"fused","ops":72,"iterations":812,"busy_ns":2450192,"idle_ns":5847764533,"cpu_ns":3813556,"wake_tx":23,"wake_rx":66,"io_tenures":[{"entry_ns":2984456940178228,"begin_ns":2984456940178368,"end_ns":2984462790393093,"exit_ns":2984462790393233,"busy_ns":2450192,"idle_ns":5847764533,"role_exit":false,"stopped":true,"did_submit":0,"sweep_submit":0,"park":0}]}],"wb":{"retired":3369,"direct":2048,"sends_completed":3370,"sends_submitted":3370,"short_writes":0,"send_errors":0,"peer_aborts":0,"bytes_sent":6374097,"zc_sends":0,"zc_bytes":0,"zc_releases":0,"serves":3741,"serves_empty":372},"tls":{"accepts":0,"handshakes_completed":0,"handshakes_started":0,"handshakes_failed":0,"connections_freed":0,"want_read":0,"want_write":0,"ciphertext_input_bytes":0,"plaintext_input_bytes":0,"ciphertext_output_bytes":0,"plaintext_output_bytes":0,"zc_suppressed":0,"ktls_active":0,"ktls_fallback":0},"stuck":{"live_conns":0,"rob_not_quiesced":0,"unsent_bytes_pending":0,"slots_done":0,"slots_issued":0,"slots_free":0,"flag_set":0},"epoll":{"enabled":false,"events":0,"recvs":0},"persistence":{"enabled":false,"recording":false,"failed":false,"drain_gave_up":false,"posted":0,"flushed":0,"durable":0,"refused":0,"pending_chunks":0,"records_written":0,"producers_with_pending":0,"producers_stopped":0,"producers_expected":0,"completions_pending":0},"accept":{"accepts":50,"accept_err":0,"rearm":0,"sqe_starved":0,"notify_drop":0}}
