WALK arm=POST image=db0 keys=128 capacity=16384 command=DBSIZE slots=0 objects=0 shards=16
WALK arm=POST image=db0 keys=128 capacity=16384 command=INFO slots=0 objects=0 shards=16
WALK arm=POST image=db0 keys=128 capacity=16384 command=INFO KEYSPACE slots=0 objects=0 shards=16
WALK arm=POST image=db0 keys=128 capacity=16384 command=INFO SERVER slots=0 objects=0 shards=16
WALK arm=POST image=db0 keys=128 capacity=16384 command=DBSIZE NOW slots=16384 objects=128 shards=16
WALK arm=POST image=db0 keys=4096 capacity=16384 command=DBSIZE slots=0 objects=0 shards=16
WALK arm=POST image=db0 keys=4096 capacity=16384 command=INFO slots=0 objects=0 shards=16
WALK arm=POST image=db0 keys=4096 capacity=16384 command=INFO KEYSPACE slots=0 objects=0 shards=16
WALK arm=POST image=db0 keys=4096 capacity=16384 command=INFO SERVER slots=0 objects=0 shards=16
WALK arm=POST image=db0 keys=4096 capacity=16384 command=DBSIZE NOW slots=16384 objects=4096 shards=16
WALK arm=POST image=db0 keys=16384 capacity=32768 command=DBSIZE slots=0 objects=0 shards=16
WALK arm=POST image=db0 keys=16384 capacity=32768 command=INFO slots=0 objects=0 shards=16
WALK arm=POST image=db0 keys=16384 capacity=32768 command=INFO KEYSPACE slots=0 objects=0 shards=16
WALK arm=POST image=db0 keys=16384 capacity=32768 command=INFO SERVER slots=0 objects=0 shards=16
WALK arm=POST image=db0 keys=16384 capacity=32768 command=DBSIZE NOW slots=32768 objects=16384 shards=16
PASS storesize image=db0 arm=POST mode=2s read-local=0
WALK arm=POST image=db0 keys=128 capacity=16384 command=DBSIZE slots=0 objects=0 shards=16
WALK arm=POST image=db0 keys=128 capacity=16384 command=INFO slots=0 objects=0 shards=16
WALK arm=POST image=db0 keys=128 capacity=16384 command=INFO KEYSPACE slots=0 objects=0 shards=16
WALK arm=POST image=db0 keys=128 capacity=16384 command=INFO SERVER slots=0 objects=0 shards=16
WALK arm=POST image=db0 keys=128 capacity=16384 command=DBSIZE NOW slots=16384 objects=128 shards=16
WALK arm=POST image=db0 keys=4096 capacity=16384 command=DBSIZE slots=0 objects=0 shards=16
WALK arm=POST image=db0 keys=4096 capacity=16384 command=INFO slots=0 objects=0 shards=16
WALK arm=POST image=db0 keys=4096 capacity=16384 command=INFO KEYSPACE slots=0 objects=0 shards=16
WALK arm=POST image=db0 keys=4096 capacity=16384 command=INFO SERVER slots=0 objects=0 shards=16
WALK arm=POST image=db0 keys=4096 capacity=16384 command=DBSIZE NOW slots=16384 objects=4096 shards=16
WALK arm=POST image=db0 keys=16384 capacity=32768 command=DBSIZE slots=0 objects=0 shards=16
WALK arm=POST image=db0 keys=16384 capacity=32768 command=INFO slots=0 objects=0 shards=16
WALK arm=POST image=db0 keys=16384 capacity=32768 command=INFO KEYSPACE slots=0 objects=0 shards=16
WALK arm=POST image=db0 keys=16384 capacity=32768 command=INFO SERVER slots=0 objects=0 shards=16
WALK arm=POST image=db0 keys=16384 capacity=32768 command=DBSIZE NOW slots=32768 objects=16384 shards=16
PASS storesize image=db0 arm=POST mode=2s read-local=1
WALK arm=POST image=db0 keys=128 capacity=16384 command=DBSIZE slots=0 objects=0 shards=16
WALK arm=POST image=db0 keys=128 capacity=16384 command=INFO slots=0 objects=0 shards=16
WALK arm=POST image=db0 keys=128 capacity=16384 command=INFO KEYSPACE slots=0 objects=0 shards=16
WALK arm=POST image=db0 keys=128 capacity=16384 command=INFO SERVER slots=0 objects=0 shards=16
WALK arm=POST image=db0 keys=128 capacity=16384 command=DBSIZE NOW slots=16384 objects=128 shards=16
WALK arm=POST image=db0 keys=4096 capacity=16384 command=DBSIZE slots=0 objects=0 shards=16
WALK arm=POST image=db0 keys=4096 capacity=16384 command=INFO slots=0 objects=0 shards=16
WALK arm=POST image=db0 keys=4096 capacity=16384 command=INFO KEYSPACE slots=0 objects=0 shards=16
WALK arm=POST image=db0 keys=4096 capacity=16384 command=INFO SERVER slots=0 objects=0 shards=16
WALK arm=POST image=db0 keys=4096 capacity=16384 command=DBSIZE NOW slots=16384 objects=4096 shards=16
WALK arm=POST image=db0 keys=16384 capacity=32768 command=DBSIZE slots=0 objects=0 shards=16
WALK arm=POST image=db0 keys=16384 capacity=32768 command=INFO slots=0 objects=0 shards=16
WALK arm=POST image=db0 keys=16384 capacity=32768 command=INFO KEYSPACE slots=0 objects=0 shards=16
WALK arm=POST image=db0 keys=16384 capacity=32768 command=INFO SERVER slots=0 objects=0 shards=16
WALK arm=POST image=db0 keys=16384 capacity=32768 command=DBSIZE NOW slots=32768 objects=16384 shards=16
PASS storesize image=db0 arm=POST mode=1s read-local=0
WALK arm=POST image=db0 keys=128 capacity=16384 command=DBSIZE slots=0 objects=0 shards=16
WALK arm=POST image=db0 keys=128 capacity=16384 command=INFO slots=0 objects=0 shards=16
WALK arm=POST image=db0 keys=128 capacity=16384 command=INFO KEYSPACE slots=0 objects=0 shards=16
WALK arm=POST image=db0 keys=128 capacity=16384 command=INFO SERVER slots=0 objects=0 shards=16
WALK arm=POST image=db0 keys=128 capacity=16384 command=DBSIZE NOW slots=16384 objects=128 shards=16
WALK arm=POST image=db0 keys=4096 capacity=16384 command=DBSIZE slots=0 objects=0 shards=16
WALK arm=POST image=db0 keys=4096 capacity=16384 command=INFO slots=0 objects=0 shards=16
WALK arm=POST image=db0 keys=4096 capacity=16384 command=INFO KEYSPACE slots=0 objects=0 shards=16
WALK arm=POST image=db0 keys=4096 capacity=16384 command=INFO SERVER slots=0 objects=0 shards=16
WALK arm=POST image=db0 keys=4096 capacity=16384 command=DBSIZE NOW slots=16384 objects=4096 shards=16
WALK arm=POST image=db0 keys=16384 capacity=32768 command=DBSIZE slots=0 objects=0 shards=16
WALK arm=POST image=db0 keys=16384 capacity=32768 command=INFO slots=0 objects=0 shards=16
WALK arm=POST image=db0 keys=16384 capacity=32768 command=INFO KEYSPACE slots=0 objects=0 shards=16
WALK arm=POST image=db0 keys=16384 capacity=32768 command=INFO SERVER slots=0 objects=0 shards=16
WALK arm=POST image=db0 keys=16384 capacity=32768 command=DBSIZE NOW slots=32768 objects=16384 shards=16
PASS storesize image=db0 arm=POST mode=1s read-local=1
WALK arm=POST image=multi keys=128 capacity=16384 command=DBSIZE slots=0 objects=0 shards=16
WALK arm=POST image=multi keys=128 capacity=16384 command=INFO slots=0 objects=0 shards=16
WALK arm=POST image=multi keys=128 capacity=16384 command=INFO KEYSPACE slots=0 objects=0 shards=16
WALK arm=POST image=multi keys=128 capacity=16384 command=INFO SERVER slots=0 objects=0 shards=16
WALK arm=POST image=multi keys=128 capacity=16384 command=DBSIZE NOW slots=16384 objects=128 shards=16
WALK arm=POST image=multi keys=4096 capacity=16384 command=DBSIZE slots=0 objects=0 shards=16
WALK arm=POST image=multi keys=4096 capacity=16384 command=INFO slots=0 objects=0 shards=16
WALK arm=POST image=multi keys=4096 capacity=16384 command=INFO KEYSPACE slots=0 objects=0 shards=16
WALK arm=POST image=multi keys=4096 capacity=16384 command=INFO SERVER slots=0 objects=0 shards=16
WALK arm=POST image=multi keys=4096 capacity=16384 command=DBSIZE NOW slots=16384 objects=4096 shards=16
WALK arm=POST image=multi keys=16384 capacity=32768 command=DBSIZE slots=0 objects=0 shards=16
WALK arm=POST image=multi keys=16384 capacity=32768 command=INFO slots=0 objects=0 shards=16
WALK arm=POST image=multi keys=16384 capacity=32768 command=INFO KEYSPACE slots=0 objects=0 shards=16
WALK arm=POST image=multi keys=16384 capacity=32768 command=INFO SERVER slots=0 objects=0 shards=16
WALK arm=POST image=multi keys=16384 capacity=32768 command=DBSIZE NOW slots=32768 objects=16384 shards=16
PASS storesize image=multi arm=POST mode=2s read-local=0
WALK arm=POST image=multi keys=128 capacity=16384 command=DBSIZE slots=0 objects=0 shards=16
WALK arm=POST image=multi keys=128 capacity=16384 command=INFO slots=0 objects=0 shards=16
WALK arm=POST image=multi keys=128 capacity=16384 command=INFO KEYSPACE slots=0 objects=0 shards=16
WALK arm=POST image=multi keys=128 capacity=16384 command=INFO SERVER slots=0 objects=0 shards=16
WALK arm=POST image=multi keys=128 capacity=16384 command=DBSIZE NOW slots=16384 objects=128 shards=16
WALK arm=POST image=multi keys=4096 capacity=16384 command=DBSIZE slots=0 objects=0 shards=16
WALK arm=POST image=multi keys=4096 capacity=16384 command=INFO slots=0 objects=0 shards=16
WALK arm=POST image=multi keys=4096 capacity=16384 command=INFO KEYSPACE slots=0 objects=0 shards=16
WALK arm=POST image=multi keys=4096 capacity=16384 command=INFO SERVER slots=0 objects=0 shards=16
WALK arm=POST image=multi keys=4096 capacity=16384 command=DBSIZE NOW slots=16384 objects=4096 shards=16
WALK arm=POST image=multi keys=16384 capacity=32768 command=DBSIZE slots=0 objects=0 shards=16
WALK arm=POST image=multi keys=16384 capacity=32768 command=INFO slots=0 objects=0 shards=16
WALK arm=POST image=multi keys=16384 capacity=32768 command=INFO KEYSPACE slots=0 objects=0 shards=16
WALK arm=POST image=multi keys=16384 capacity=32768 command=INFO SERVER slots=0 objects=0 shards=16
WALK arm=POST image=multi keys=16384 capacity=32768 command=DBSIZE NOW slots=32768 objects=16384 shards=16
PASS storesize image=multi arm=POST mode=2s read-local=1
WALK arm=POST image=multi keys=128 capacity=16384 command=DBSIZE slots=0 objects=0 shards=16
WALK arm=POST image=multi keys=128 capacity=16384 command=INFO slots=0 objects=0 shards=16
WALK arm=POST image=multi keys=128 capacity=16384 command=INFO KEYSPACE slots=0 objects=0 shards=16
WALK arm=POST image=multi keys=128 capacity=16384 command=INFO SERVER slots=0 objects=0 shards=16
WALK arm=POST image=multi keys=128 capacity=16384 command=DBSIZE NOW slots=16384 objects=128 shards=16
WALK arm=POST image=multi keys=4096 capacity=16384 command=DBSIZE slots=0 objects=0 shards=16
WALK arm=POST image=multi keys=4096 capacity=16384 command=INFO slots=0 objects=0 shards=16
WALK arm=POST image=multi keys=4096 capacity=16384 command=INFO KEYSPACE slots=0 objects=0 shards=16
WALK arm=POST image=multi keys=4096 capacity=16384 command=INFO SERVER slots=0 objects=0 shards=16
WALK arm=POST image=multi keys=4096 capacity=16384 command=DBSIZE NOW slots=16384 objects=4096 shards=16
WALK arm=POST image=multi keys=16384 capacity=32768 command=DBSIZE slots=0 objects=0 shards=16
WALK arm=POST image=multi keys=16384 capacity=32768 command=INFO slots=0 objects=0 shards=16
WALK arm=POST image=multi keys=16384 capacity=32768 command=INFO KEYSPACE slots=0 objects=0 shards=16
WALK arm=POST image=multi keys=16384 capacity=32768 command=INFO SERVER slots=0 objects=0 shards=16
WALK arm=POST image=multi keys=16384 capacity=32768 command=DBSIZE NOW slots=32768 objects=16384 shards=16
PASS storesize image=multi arm=POST mode=1s read-local=0
WALK arm=POST image=multi keys=128 capacity=16384 command=DBSIZE slots=0 objects=0 shards=16
WALK arm=POST image=multi keys=128 capacity=16384 command=INFO slots=0 objects=0 shards=16
WALK arm=POST image=multi keys=128 capacity=16384 command=INFO KEYSPACE slots=0 objects=0 shards=16
WALK arm=POST image=multi keys=128 capacity=16384 command=INFO SERVER slots=0 objects=0 shards=16
WALK arm=POST image=multi keys=128 capacity=16384 command=DBSIZE NOW slots=16384 objects=128 shards=16
WALK arm=POST image=multi keys=4096 capacity=16384 command=DBSIZE slots=0 objects=0 shards=16
WALK arm=POST image=multi keys=4096 capacity=16384 command=INFO slots=0 objects=0 shards=16
WALK arm=POST image=multi keys=4096 capacity=16384 command=INFO KEYSPACE slots=0 objects=0 shards=16
WALK arm=POST image=multi keys=4096 capacity=16384 command=INFO SERVER slots=0 objects=0 shards=16
WALK arm=POST image=multi keys=4096 capacity=16384 command=DBSIZE NOW slots=16384 objects=4096 shards=16
WALK arm=POST image=multi keys=16384 capacity=32768 command=DBSIZE slots=0 objects=0 shards=16
WALK arm=POST image=multi keys=16384 capacity=32768 command=INFO slots=0 objects=0 shards=16
WALK arm=POST image=multi keys=16384 capacity=32768 command=INFO KEYSPACE slots=0 objects=0 shards=16
WALK arm=POST image=multi keys=16384 capacity=32768 command=INFO SERVER slots=0 objects=0 shards=16
WALK arm=POST image=multi keys=16384 capacity=32768 command=DBSIZE NOW slots=32768 objects=16384 shards=16
PASS storesize image=multi arm=POST mode=1s read-local=1
{'kind': 'A: behaviour twin', 'behavior': 'PRE monitoring census routes; POST text sizes, symbol addresses and counter-maintenance code', 'changed_bytes': 2, 'source': '/home/user/Projects/cx-storesize/build/storesize-unit', 'output': '/home/user/Projects/cx-storesize/build/storesize-unit-pad', 'source_sha256': 'c409a71ba037137e177b1993130de169ad95172487705ea495dde5ff11962ce0', 'sha256': 'ca7cf1744bcaf61933fe63ddaa6b43023237f0f14bd3449aa1412d8b6a3a2f73'}
WALK arm=PRE image=db0 keys=128 capacity=16384 command=DBSIZE slots=16384 objects=128 shards=16
WALK arm=PRE image=db0 keys=128 capacity=16384 command=INFO slots=16384 objects=128 shards=16
WALK arm=PRE image=db0 keys=128 capacity=16384 command=INFO KEYSPACE slots=16384 objects=128 shards=16
WALK arm=PRE image=db0 keys=128 capacity=16384 command=INFO SERVER slots=0 objects=0 shards=16
WALK arm=PRE image=db0 keys=128 capacity=16384 command=DBSIZE NOW slots=16384 objects=128 shards=16
WALK arm=PRE image=db0 keys=4096 capacity=16384 command=DBSIZE slots=16384 objects=4096 shards=16
WALK arm=PRE image=db0 keys=4096 capacity=16384 command=INFO slots=16384 objects=4096 shards=16
WALK arm=PRE image=db0 keys=4096 capacity=16384 command=INFO KEYSPACE slots=16384 objects=4096 shards=16
WALK arm=PRE image=db0 keys=4096 capacity=16384 command=INFO SERVER slots=0 objects=0 shards=16
WALK arm=PRE image=db0 keys=4096 capacity=16384 command=DBSIZE NOW slots=16384 objects=4096 shards=16
WALK arm=PRE image=db0 keys=16384 capacity=32768 command=DBSIZE slots=32768 objects=16384 shards=16
WALK arm=PRE image=db0 keys=16384 capacity=32768 command=INFO slots=32768 objects=16384 shards=16
WALK arm=PRE image=db0 keys=16384 capacity=32768 command=INFO KEYSPACE slots=32768 objects=16384 shards=16
WALK arm=PRE image=db0 keys=16384 capacity=32768 command=INFO SERVER slots=0 objects=0 shards=16
WALK arm=PRE image=db0 keys=16384 capacity=32768 command=DBSIZE NOW slots=32768 objects=16384 shards=16
PASS storesize image=db0 arm=PRE mode=2s read-local=0
WALK arm=PRE image=db0 keys=128 capacity=16384 command=DBSIZE slots=16384 objects=128 shards=16
WALK arm=PRE image=db0 keys=128 capacity=16384 command=INFO slots=16384 objects=128 shards=16
WALK arm=PRE image=db0 keys=128 capacity=16384 command=INFO KEYSPACE slots=16384 objects=128 shards=16
WALK arm=PRE image=db0 keys=128 capacity=16384 command=INFO SERVER slots=0 objects=0 shards=16
WALK arm=PRE image=db0 keys=128 capacity=16384 command=DBSIZE NOW slots=16384 objects=128 shards=16
WALK arm=PRE image=db0 keys=4096 capacity=16384 command=DBSIZE slots=16384 objects=4096 shards=16
WALK arm=PRE image=db0 keys=4096 capacity=16384 command=INFO slots=16384 objects=4096 shards=16
WALK arm=PRE image=db0 keys=4096 capacity=16384 command=INFO KEYSPACE slots=16384 objects=4096 shards=16
WALK arm=PRE image=db0 keys=4096 capacity=16384 command=INFO SERVER slots=0 objects=0 shards=16
WALK arm=PRE image=db0 keys=4096 capacity=16384 command=DBSIZE NOW slots=16384 objects=4096 shards=16
WALK arm=PRE image=db0 keys=16384 capacity=32768 command=DBSIZE slots=32768 objects=16384 shards=16
WALK arm=PRE image=db0 keys=16384 capacity=32768 command=INFO slots=32768 objects=16384 shards=16
WALK arm=PRE image=db0 keys=16384 capacity=32768 command=INFO KEYSPACE slots=32768 objects=16384 shards=16
WALK arm=PRE image=db0 keys=16384 capacity=32768 command=INFO SERVER slots=0 objects=0 shards=16
WALK arm=PRE image=db0 keys=16384 capacity=32768 command=DBSIZE NOW slots=32768 objects=16384 shards=16
PASS storesize image=db0 arm=PRE mode=2s read-local=1
WALK arm=PRE image=db0 keys=128 capacity=16384 command=DBSIZE slots=16384 objects=128 shards=16
WALK arm=PRE image=db0 keys=128 capacity=16384 command=INFO slots=16384 objects=128 shards=16
WALK arm=PRE image=db0 keys=128 capacity=16384 command=INFO KEYSPACE slots=16384 objects=128 shards=16
WALK arm=PRE image=db0 keys=128 capacity=16384 command=INFO SERVER slots=0 objects=0 shards=16
WALK arm=PRE image=db0 keys=128 capacity=16384 command=DBSIZE NOW slots=16384 objects=128 shards=16
WALK arm=PRE image=db0 keys=4096 capacity=16384 command=DBSIZE slots=16384 objects=4096 shards=16
WALK arm=PRE image=db0 keys=4096 capacity=16384 command=INFO slots=16384 objects=4096 shards=16
WALK arm=PRE image=db0 keys=4096 capacity=16384 command=INFO KEYSPACE slots=16384 objects=4096 shards=16
WALK arm=PRE image=db0 keys=4096 capacity=16384 command=INFO SERVER slots=0 objects=0 shards=16
WALK arm=PRE image=db0 keys=4096 capacity=16384 command=DBSIZE NOW slots=16384 objects=4096 shards=16
WALK arm=PRE image=db0 keys=16384 capacity=32768 command=DBSIZE slots=32768 objects=16384 shards=16
WALK arm=PRE image=db0 keys=16384 capacity=32768 command=INFO slots=32768 objects=16384 shards=16
WALK arm=PRE image=db0 keys=16384 capacity=32768 command=INFO KEYSPACE slots=32768 objects=16384 shards=16
WALK arm=PRE image=db0 keys=16384 capacity=32768 command=INFO SERVER slots=0 objects=0 shards=16
WALK arm=PRE image=db0 keys=16384 capacity=32768 command=DBSIZE NOW slots=32768 objects=16384 shards=16
PASS storesize image=db0 arm=PRE mode=1s read-local=0
WALK arm=PRE image=db0 keys=128 capacity=16384 command=DBSIZE slots=16384 objects=128 shards=16
WALK arm=PRE image=db0 keys=128 capacity=16384 command=INFO slots=16384 objects=128 shards=16
WALK arm=PRE image=db0 keys=128 capacity=16384 command=INFO KEYSPACE slots=16384 objects=128 shards=16
WALK arm=PRE image=db0 keys=128 capacity=16384 command=INFO SERVER slots=0 objects=0 shards=16
WALK arm=PRE image=db0 keys=128 capacity=16384 command=DBSIZE NOW slots=16384 objects=128 shards=16
WALK arm=PRE image=db0 keys=4096 capacity=16384 command=DBSIZE slots=16384 objects=4096 shards=16
WALK arm=PRE image=db0 keys=4096 capacity=16384 command=INFO slots=16384 objects=4096 shards=16
WALK arm=PRE image=db0 keys=4096 capacity=16384 command=INFO KEYSPACE slots=16384 objects=4096 shards=16
WALK arm=PRE image=db0 keys=4096 capacity=16384 command=INFO SERVER slots=0 objects=0 shards=16
WALK arm=PRE image=db0 keys=4096 capacity=16384 command=DBSIZE NOW slots=16384 objects=4096 shards=16
WALK arm=PRE image=db0 keys=16384 capacity=32768 command=DBSIZE slots=32768 objects=16384 shards=16
WALK arm=PRE image=db0 keys=16384 capacity=32768 command=INFO slots=32768 objects=16384 shards=16
WALK arm=PRE image=db0 keys=16384 capacity=32768 command=INFO KEYSPACE slots=32768 objects=16384 shards=16
WALK arm=PRE image=db0 keys=16384 capacity=32768 command=INFO SERVER slots=0 objects=0 shards=16
WALK arm=PRE image=db0 keys=16384 capacity=32768 command=DBSIZE NOW slots=32768 objects=16384 shards=16
PASS storesize image=db0 arm=PRE mode=1s read-local=1
WALK arm=PRE image=multi keys=128 capacity=16384 command=DBSIZE slots=16384 objects=128 shards=16
WALK arm=PRE image=multi keys=128 capacity=16384 command=INFO slots=16384 objects=128 shards=16
WALK arm=PRE image=multi keys=128 capacity=16384 command=INFO KEYSPACE slots=16384 objects=128 shards=16
WALK arm=PRE image=multi keys=128 capacity=16384 command=INFO SERVER slots=0 objects=0 shards=16
WALK arm=PRE image=multi keys=128 capacity=16384 command=DBSIZE NOW slots=16384 objects=128 shards=16
WALK arm=PRE image=multi keys=4096 capacity=16384 command=DBSIZE slots=16384 objects=4096 shards=16
WALK arm=PRE image=multi keys=4096 capacity=16384 command=INFO slots=16384 objects=4096 shards=16
WALK arm=PRE image=multi keys=4096 capacity=16384 command=INFO KEYSPACE slots=16384 objects=4096 shards=16
WALK arm=PRE image=multi keys=4096 capacity=16384 command=INFO SERVER slots=0 objects=0 shards=16
WALK arm=PRE image=multi keys=4096 capacity=16384 command=DBSIZE NOW slots=16384 objects=4096 shards=16
WALK arm=PRE image=multi keys=16384 capacity=32768 command=DBSIZE slots=32768 objects=16384 shards=16
WALK arm=PRE image=multi keys=16384 capacity=32768 command=INFO slots=32768 objects=16384 shards=16
WALK arm=PRE image=multi keys=16384 capacity=32768 command=INFO KEYSPACE slots=32768 objects=16384 shards=16
WALK arm=PRE image=multi keys=16384 capacity=32768 command=INFO SERVER slots=0 objects=0 shards=16
WALK arm=PRE image=multi keys=16384 capacity=32768 command=DBSIZE NOW slots=32768 objects=16384 shards=16
PASS storesize image=multi arm=PRE mode=2s read-local=0
WALK arm=PRE image=multi keys=128 capacity=16384 command=DBSIZE slots=16384 objects=128 shards=16
WALK arm=PRE image=multi keys=128 capacity=16384 command=INFO slots=16384 objects=128 shards=16
WALK arm=PRE image=multi keys=128 capacity=16384 command=INFO KEYSPACE slots=16384 objects=128 shards=16
WALK arm=PRE image=multi keys=128 capacity=16384 command=INFO SERVER slots=0 objects=0 shards=16
WALK arm=PRE image=multi keys=128 capacity=16384 command=DBSIZE NOW slots=16384 objects=128 shards=16
WALK arm=PRE image=multi keys=4096 capacity=16384 command=DBSIZE slots=16384 objects=4096 shards=16
WALK arm=PRE image=multi keys=4096 capacity=16384 command=INFO slots=16384 objects=4096 shards=16
WALK arm=PRE image=multi keys=4096 capacity=16384 command=INFO KEYSPACE slots=16384 objects=4096 shards=16
WALK arm=PRE image=multi keys=4096 capacity=16384 command=INFO SERVER slots=0 objects=0 shards=16
WALK arm=PRE image=multi keys=4096 capacity=16384 command=DBSIZE NOW slots=16384 objects=4096 shards=16
WALK arm=PRE image=multi keys=16384 capacity=32768 command=DBSIZE slots=32768 objects=16384 shards=16
WALK arm=PRE image=multi keys=16384 capacity=32768 command=INFO slots=32768 objects=16384 shards=16
WALK arm=PRE image=multi keys=16384 capacity=32768 command=INFO KEYSPACE slots=32768 objects=16384 shards=16
WALK arm=PRE image=multi keys=16384 capacity=32768 command=INFO SERVER slots=0 objects=0 shards=16
WALK arm=PRE image=multi keys=16384 capacity=32768 command=DBSIZE NOW slots=32768 objects=16384 shards=16
PASS storesize image=multi arm=PRE mode=2s read-local=1
WALK arm=PRE image=multi keys=128 capacity=16384 command=DBSIZE slots=16384 objects=128 shards=16
WALK arm=PRE image=multi keys=128 capacity=16384 command=INFO slots=16384 objects=128 shards=16
WALK arm=PRE image=multi keys=128 capacity=16384 command=INFO KEYSPACE slots=16384 objects=128 shards=16
WALK arm=PRE image=multi keys=128 capacity=16384 command=INFO SERVER slots=0 objects=0 shards=16
WALK arm=PRE image=multi keys=128 capacity=16384 command=DBSIZE NOW slots=16384 objects=128 shards=16
WALK arm=PRE image=multi keys=4096 capacity=16384 command=DBSIZE slots=16384 objects=4096 shards=16
WALK arm=PRE image=multi keys=4096 capacity=16384 command=INFO slots=16384 objects=4096 shards=16
WALK arm=PRE image=multi keys=4096 capacity=16384 command=INFO KEYSPACE slots=16384 objects=4096 shards=16
WALK arm=PRE image=multi keys=4096 capacity=16384 command=INFO SERVER slots=0 objects=0 shards=16
WALK arm=PRE image=multi keys=4096 capacity=16384 command=DBSIZE NOW slots=16384 objects=4096 shards=16
WALK arm=PRE image=multi keys=16384 capacity=32768 command=DBSIZE slots=32768 objects=16384 shards=16
WALK arm=PRE image=multi keys=16384 capacity=32768 command=INFO slots=32768 objects=16384 shards=16
WALK arm=PRE image=multi keys=16384 capacity=32768 command=INFO KEYSPACE slots=32768 objects=16384 shards=16
WALK arm=PRE image=multi keys=16384 capacity=32768 command=INFO SERVER slots=0 objects=0 shards=16
WALK arm=PRE image=multi keys=16384 capacity=32768 command=DBSIZE NOW slots=32768 objects=16384 shards=16
PASS storesize image=multi arm=PRE mode=1s read-local=0
WALK arm=PRE image=multi keys=128 capacity=16384 command=DBSIZE slots=16384 objects=128 shards=16
WALK arm=PRE image=multi keys=128 capacity=16384 command=INFO slots=16384 objects=128 shards=16
WALK arm=PRE image=multi keys=128 capacity=16384 command=INFO KEYSPACE slots=16384 objects=128 shards=16
WALK arm=PRE image=multi keys=128 capacity=16384 command=INFO SERVER slots=0 objects=0 shards=16
WALK arm=PRE image=multi keys=128 capacity=16384 command=DBSIZE NOW slots=16384 objects=128 shards=16
WALK arm=PRE image=multi keys=4096 capacity=16384 command=DBSIZE slots=16384 objects=4096 shards=16
WALK arm=PRE image=multi keys=4096 capacity=16384 command=INFO slots=16384 objects=4096 shards=16
WALK arm=PRE image=multi keys=4096 capacity=16384 command=INFO KEYSPACE slots=16384 objects=4096 shards=16
WALK arm=PRE image=multi keys=4096 capacity=16384 command=INFO SERVER slots=0 objects=0 shards=16
WALK arm=PRE image=multi keys=4096 capacity=16384 command=DBSIZE NOW slots=16384 objects=4096 shards=16
WALK arm=PRE image=multi keys=16384 capacity=32768 command=DBSIZE slots=32768 objects=16384 shards=16
WALK arm=PRE image=multi keys=16384 capacity=32768 command=INFO slots=32768 objects=16384 shards=16
WALK arm=PRE image=multi keys=16384 capacity=32768 command=INFO KEYSPACE slots=32768 objects=16384 shards=16
WALK arm=PRE image=multi keys=16384 capacity=32768 command=INFO SERVER slots=0 objects=0 shards=16
WALK arm=PRE image=multi keys=16384 capacity=32768 command=DBSIZE NOW slots=32768 objects=16384 shards=16
PASS storesize image=multi arm=PRE mode=1s read-local=1
PASS negative control: restored census route fails the exact monitor-route assertion
