Handler/publication bodies: 623 unchanged: 506
DIFF cmd/l4prebuild.o 3192 3064 void tomo::(anonymous namespace)::cmd_set_prebuilt<true>(tomo::Shard&, tomo::Op&)
DIFF cmd/multidb.o 216 232 tomo::Shard::publish_size()
DIFF cmd/scripting.o 16 16 void tomo::notify_handler<&(void tomo::(anonymous namespace)::cmd_eval<true, true, true>(tomo::Shard&, tomo::Op&))>(tomo::Shard&, tomo::Op&)
DIFF cmd/scripting.o 16 16 void tomo::notify_handler<&(void tomo::(anonymous namespace)::cmd_eval<true, false, true>(tomo::Shard&, tomo::Op&))>(tomo::Shard&, tomo::Op&)
DIFF cmd/scripting.o 16 16 void tomo::notify_handler<&(void tomo::(anonymous namespace)::cmd_eval<true, true, false>(tomo::Shard&, tomo::Op&))>(tomo::Shard&, tomo::Op&)
DIFF cmd/scripting.o 16 16 void tomo::notify_handler<&(void tomo::(anonymous namespace)::cmd_eval<true, false, false>(tomo::Shard&, tomo::Op&))>(tomo::Shard&, tomo::Op&)
DIFF cmd/serialize.o 16 16 tomo::cmd_restore_notify(tomo::Shard&, tomo::Op&)
DIFF cmd/t_hash_ttl.o 16 16 void tomo::notify_handler<&(void tomo::(anonymous namespace)::cmd_hpersist<true>(tomo::Shard&, tomo::Op&))>(tomo::Shard&, tomo::Op&)
DIFF cmd/t_hash_ttl.o 16 16 void tomo::notify_handler<&(void tomo::(anonymous namespace)::cmd_hpexpiretime<true>(tomo::Shard&, tomo::Op&))>(tomo::Shard&, tomo::Op&)
DIFF cmd/t_hash_ttl.o 16 16 void tomo::notify_handler<&(void tomo::(anonymous namespace)::cmd_hexpiretime<true>(tomo::Shard&, tomo::Op&))>(tomo::Shard&, tomo::Op&)
DIFF cmd/t_hash_ttl.o 16 16 void tomo::notify_handler<&(void tomo::(anonymous namespace)::cmd_hpttl<true>(tomo::Shard&, tomo::Op&))>(tomo::Shard&, tomo::Op&)
DIFF cmd/t_hash_ttl.o 16 16 void tomo::notify_handler<&(void tomo::(anonymous namespace)::cmd_httl<true>(tomo::Shard&, tomo::Op&))>(tomo::Shard&, tomo::Op&)
DIFF cmd/t_hash_ttl.o 16 16 void tomo::notify_handler<&(void tomo::(anonymous namespace)::cmd_hpexpireat<true>(tomo::Shard&, tomo::Op&))>(tomo::Shard&, tomo::Op&)
DIFF cmd/t_hash_ttl.o 16 16 void tomo::notify_handler<&(void tomo::(anonymous namespace)::cmd_hexpireat<true>(tomo::Shard&, tomo::Op&))>(tomo::Shard&, tomo::Op&)
DIFF cmd/t_hash_ttl.o 16 16 void tomo::notify_handler<&(void tomo::(anonymous namespace)::cmd_hpexpire<true>(tomo::Shard&, tomo::Op&))>(tomo::Shard&, tomo::Op&)
DIFF cmd/t_hash_ttl.o 16 16 void tomo::notify_handler<&(void tomo::(anonymous namespace)::cmd_hexpire<true>(tomo::Shard&, tomo::Op&))>(tomo::Shard&, tomo::Op&)
DIFF cmd/t_server.o 804 822 tomo::(anonymous namespace)::cmd_flush(tomo::Shard&, tomo::Op&)
DIFF cmd/t_server.o 242 290 tomo::(anonymous namespace)::cmd_dbsize(tomo::Shard&, tomo::Op&)
DIFF cmd/t_server.o 6484 6514 tomo::(anonymous namespace)::cmd_debug_impl(tomo::Shard&, tomo::Op&)
DIFF cmd/t_server.o 2492 2462 tomo::(anonymous namespace)::cmd_command(tomo::Shard&, tomo::Op&)
DIFF cmd/t_server.o 68 68 tomo::(anonymous namespace)::cmd_command(tomo::Shard&, tomo::Op&) [clone .cold]
DIFF cmd/t_server.o 16215 16967 tomo::(anonymous namespace)::cmd_info(tomo::Shard&, tomo::Op&)
DIFF cmd/t_server.o 353 379 tomo::(anonymous namespace)::cmd_info(tomo::Shard&, tomo::Op&) [clone .cold]
DIFF cmd/t_server.o 216 232 tomo::Shard::publish_size()
DIFF cmd/t_server.o 668 729 tomo::command_config_routes_all_shards(tomo::Op&)
DIFF cmd/t_set.o 16 16 void tomo::notify_handler<&(void tomo::(anonymous namespace)::cmd_sscan<true>(tomo::Shard&, tomo::Op&))>(tomo::Shard&, tomo::Op&)
DIFF cmd/t_set.o 16 16 void tomo::notify_handler<&(void tomo::(anonymous namespace)::cmd_srandmember<true>(tomo::Shard&, tomo::Op&))>(tomo::Shard&, tomo::Op&)
DIFF cmd/t_set.o 16 16 void tomo::notify_handler<&(void tomo::(anonymous namespace)::cmd_spop<true>(tomo::Shard&, tomo::Op&))>(tomo::Shard&, tomo::Op&)
DIFF cmd/t_set.o 16 16 void tomo::notify_handler<&(void tomo::(anonymous namespace)::cmd_smembers<true>(tomo::Shard&, tomo::Op&))>(tomo::Shard&, tomo::Op&)
DIFF cmd/t_set.o 16 16 void tomo::notify_handler<&(void tomo::(anonymous namespace)::cmd_scard<true>(tomo::Shard&, tomo::Op&))>(tomo::Shard&, tomo::Op&)
DIFF cmd/t_set.o 16 16 void tomo::notify_handler<&(void tomo::(anonymous namespace)::cmd_smismember<true>(tomo::Shard&, tomo::Op&))>(tomo::Shard&, tomo::Op&)
DIFF cmd/t_set.o 16 16 void tomo::notify_handler<&(void tomo::(anonymous namespace)::cmd_sismember<true>(tomo::Shard&, tomo::Op&))>(tomo::Shard&, tomo::Op&)
DIFF cmd/t_set.o 16 16 void tomo::notify_handler<&(void tomo::(anonymous namespace)::cmd_srem<true>(tomo::Shard&, tomo::Op&))>(tomo::Shard&, tomo::Op&)
DIFF cmd/t_set.o 16 16 void tomo::notify_handler<&(void tomo::(anonymous namespace)::cmd_sadd<true>(tomo::Shard&, tomo::Op&))>(tomo::Shard&, tomo::Op&)
DIFF cmd/t_set.o 2885 3057 void tomo::(anonymous namespace)::cmd_sadd<true>(tomo::Shard&, tomo::Op&)
DIFF cmd/t_set.o 45 45 void tomo::(anonymous namespace)::cmd_sadd<true>(tomo::Shard&, tomo::Op&) [clone .cold]
DIFF cmd/t_stream.o 16 16 void tomo::notify_handler<&(void tomo::(anonymous namespace)::cmd_xtrim<true>(tomo::Shard&, tomo::Op&))>(tomo::Shard&, tomo::Op&)
DIFF cmd/t_stream.o 16 16 void tomo::notify_handler<&(void tomo::(anonymous namespace)::cmd_xdel<true>(tomo::Shard&, tomo::Op&))>(tomo::Shard&, tomo::Op&)
DIFF cmd/t_stream.o 16 16 void tomo::notify_handler<&(void tomo::(anonymous namespace)::cmd_xrevrange<true>(tomo::Shard&, tomo::Op&))>(tomo::Shard&, tomo::Op&)
DIFF cmd/t_stream.o 16 16 void tomo::notify_handler<&(void tomo::(anonymous namespace)::cmd_xrange<true>(tomo::Shard&, tomo::Op&))>(tomo::Shard&, tomo::Op&)
DIFF cmd/t_stream.o 16 16 void tomo::notify_handler<&(void tomo::(anonymous namespace)::cmd_xlen<true>(tomo::Shard&, tomo::Op&))>(tomo::Shard&, tomo::Op&)
DIFF cmd/t_stream.o 16 16 void tomo::notify_handler<&(void tomo::(anonymous namespace)::cmd_xadd<true>(tomo::Shard&, tomo::Op&))>(tomo::Shard&, tomo::Op&)
DIFF cmd/t_stream_groups.o 16 16 void tomo::notify_handler<&(void tomo::(anonymous namespace)::cmd_xsetid<true>(tomo::Shard&, tomo::Op&))>(tomo::Shard&, tomo::Op&)
DIFF cmd/t_stream_groups.o 16 16 void tomo::notify_handler<&(void tomo::(anonymous namespace)::cmd_xgroup<true>(tomo::Shard&, tomo::Op&))>(tomo::Shard&, tomo::Op&)
DIFF cmd/t_stream_groups.o 4692 4556 void tomo::(anonymous namespace)::cmd_xgroup<false>(tomo::Shard&, tomo::Op&)
DIFF cmd/t_stream_groups.o 174 174 void tomo::(anonymous namespace)::cmd_xgroup<false>(tomo::Shard&, tomo::Op&) [clone .cold]
DIFF cmd/t_stream_groups.o 2776 2776 void tomo::(anonymous namespace)::cmd_xautoclaim<true>(tomo::Shard&, tomo::Op&)
DIFF cmd/t_stream_groups.o 1160 1064 tomo::(anonymous namespace)::cmd_xautoclaim<true>(tomo::Shard&, tomo::Op&)::{lambda(void*, tomo::StreamID const&, tomo::StreamBorrowedEntry const*)#1}::_FUN(void*, tomo::StreamID const&, tomo::StreamBorrowedEntry const*)
DIFF cmd/t_stream_groups.o 2760 2760 void tomo::(anonymous namespace)::cmd_xautoclaim<false>(tomo::Shard&, tomo::Op&)
DIFF cmd/t_stream_groups.o 1160 1114 tomo::(anonymous namespace)::cmd_xautoclaim<false>(tomo::Shard&, tomo::Op&)::{lambda(void*, tomo::StreamID const&, tomo::StreamBorrowedEntry const*)#1}::_FUN(void*, tomo::StreamID const&, tomo::StreamBorrowedEntry const*)
DIFF cmd/t_stream_groups.o 82 82 tomo::(anonymous namespace)::cmd_xautoclaim<false>(tomo::Shard&, tomo::Op&)::{lambda(void*, tomo::StreamID const&, tomo::StreamBorrowedEntry const*)#1}::_FUN(void*, tomo::StreamID const&, tomo::StreamBorrowedEntry const*) [clone .cold]
DIFF cmd/t_stream_groups.o 82 82 tomo::(anonymous namespace)::cmd_xautoclaim<true>(tomo::Shard&, tomo::Op&)::{lambda(void*, tomo::StreamID const&, tomo::StreamBorrowedEntry const*)#1}::_FUN(void*, tomo::StreamID const&, tomo::StreamBorrowedEntry const*) [clone .cold]
DIFF cmd/t_stream_groups.o 5368 5336 void tomo::(anonymous namespace)::cmd_xclaim<false>(tomo::Shard&, tomo::Op&)
DIFF cmd/t_stream_groups.o 339 339 void tomo::(anonymous namespace)::cmd_xclaim<false>(tomo::Shard&, tomo::Op&) [clone .cold]
DIFF cmd/t_stream_groups.o 5368 5336 void tomo::(anonymous namespace)::cmd_xclaim<true>(tomo::Shard&, tomo::Op&)
DIFF cmd/t_stream_groups.o 339 339 void tomo::(anonymous namespace)::cmd_xclaim<true>(tomo::Shard&, tomo::Op&) [clone .cold]
DIFF cmd/t_string.o 1837 1695 void tomo::(anonymous namespace)::cmd_getex<false>(tomo::Shard&, tomo::Op&)
DIFF cmd/t_string.o 371 419 void tomo::(anonymous namespace)::cmd_persist<false>(tomo::Shard&, tomo::Op&)
DIFF cmd/t_string.o 893 945 void tomo::(anonymous namespace)::cmd_append<false>(tomo::Shard&, tomo::Op&)
DIFF cmd/t_string_notify.o 421 455 void tomo::(anonymous namespace)::cmd_setnx<true>(tomo::Shard&, tomo::Op&)
DIFF cmd/t_string_notify.o 1904 1724 void tomo::(anonymous namespace)::cmd_getex<true>(tomo::Shard&, tomo::Op&)
DIFF cmd/t_string_notify.o 618 618 void tomo::(anonymous namespace)::cmd_getdel<true>(tomo::Shard&, tomo::Op&)
DIFF cmd/t_string_notify.o 438 472 void tomo::(anonymous namespace)::cmd_persist<true>(tomo::Shard&, tomo::Op&)
DIFF cmd/t_string_notify.o 16 16 tomo::cmd_append_notify(tomo::Shard&, tomo::Op&)
DIFF cmd/t_string_notify.o 16 16 tomo::cmd_strlen_notify(tomo::Shard&, tomo::Op&)
DIFF cmd/t_string_notify.o 16 16 tomo::cmd_setrange_notify(tomo::Shard&, tomo::Op&)
DIFF cmd/t_string_notify.o 16 16 tomo::cmd_setbit_notify(tomo::Shard&, tomo::Op&)
DIFF cmd/t_string_notify.o 16 16 tomo::cmd_getbit_notify(tomo::Shard&, tomo::Op&)
DIFF cmd/t_string_notify.o 16 16 tomo::cmd_bitcount_notify(tomo::Shard&, tomo::Op&)
DIFF cmd/t_string_notify.o 16 16 tomo::cmd_bitpos_notify(tomo::Shard&, tomo::Op&)
DIFF cmd/t_string_notify.o 16 16 tomo::cmd_setnx_notify(tomo::Shard&, tomo::Op&)
DIFF cmd/t_string_notify.o 16 16 tomo::cmd_del_notify(tomo::Shard&, tomo::Op&)
DIFF cmd/t_string_notify.o 16 16 tomo::cmd_incr_notify(tomo::Shard&, tomo::Op&)
DIFF cmd/t_string_notify.o 16 16 tomo::cmd_decr_notify(tomo::Shard&, tomo::Op&)
DIFF cmd/t_string_notify.o 16 16 tomo::cmd_incrby_notify(tomo::Shard&, tomo::Op&)
DIFF cmd/t_string_notify.o 16 16 tomo::cmd_decrby_notify(tomo::Shard&, tomo::Op&)
DIFF cmd/t_string_notify.o 16 16 tomo::cmd_incrbyfloat_notify(tomo::Shard&, tomo::Op&)
DIFF cmd/t_string_notify.o 16 16 tomo::cmd_pfadd_notify(tomo::Shard&, tomo::Op&)
DIFF cmd/t_string_notify.o 16 16 tomo::cmd_pfcount_notify(tomo::Shard&, tomo::Op&)
DIFF cmd/t_string_notify.o 16 16 tomo::cmd_expire_notify(tomo::Shard&, tomo::Op&)
DIFF cmd/t_string_notify.o 16 16 tomo::cmd_pexpire_notify(tomo::Shard&, tomo::Op&)
DIFF cmd/t_string_notify.o 16 16 tomo::cmd_expireat_notify(tomo::Shard&, tomo::Op&)
DIFF cmd/t_string_notify.o 16 16 tomo::cmd_pexpireat_notify(tomo::Shard&, tomo::Op&)
DIFF cmd/t_string_notify.o 16 16 tomo::cmd_ttl_notify(tomo::Shard&, tomo::Op&)
DIFF cmd/t_string_notify.o 16 16 tomo::cmd_pttl_notify(tomo::Shard&, tomo::Op&)
DIFF cmd/t_string_notify.o 16 16 tomo::cmd_persist_notify(tomo::Shard&, tomo::Op&)
DIFF cmd/t_string_notify.o 16 16 tomo::cmd_expiretime_notify(tomo::Shard&, tomo::Op&)
DIFF cmd/t_string_notify.o 16 16 tomo::cmd_pexpiretime_notify(tomo::Shard&, tomo::Op&)
DIFF cmd/t_zset.o 16 16 void tomo::notify_handler<&(void tomo::(anonymous namespace)::cmd_zscan<true>(tomo::Shard&, tomo::Op&))>(tomo::Shard&, tomo::Op&)
DIFF cmd/t_zset.o 16 16 void tomo::notify_handler<&(void tomo::(anonymous namespace)::cmd_zrandmember<true>(tomo::Shard&, tomo::Op&))>(tomo::Shard&, tomo::Op&)
DIFF cmd/t_zset.o 16 16 void tomo::notify_handler<&(void tomo::(anonymous namespace)::cmd_zpopmax<true>(tomo::Shard&, tomo::Op&))>(tomo::Shard&, tomo::Op&)
DIFF cmd/t_zset.o 16 16 void tomo::notify_handler<&(void tomo::(anonymous namespace)::cmd_zpopmin<true>(tomo::Shard&, tomo::Op&))>(tomo::Shard&, tomo::Op&)
DIFF cmd/t_zset.o 16 16 void tomo::notify_handler<&(void tomo::(anonymous namespace)::cmd_zlexcount<true>(tomo::Shard&, tomo::Op&))>(tomo::Shard&, tomo::Op&)
DIFF cmd/t_zset.o 16 16 void tomo::notify_handler<&(void tomo::(anonymous namespace)::cmd_zremrangebylex<true>(tomo::Shard&, tomo::Op&))>(tomo::Shard&, tomo::Op&)
DIFF cmd/t_zset.o 16 16 void tomo::notify_handler<&(void tomo::(anonymous namespace)::cmd_zremrangebyscore<true>(tomo::Shard&, tomo::Op&))>(tomo::Shard&, tomo::Op&)
DIFF cmd/t_zset.o 16 16 void tomo::notify_handler<&(void tomo::(anonymous namespace)::cmd_zremrangebyrank<true>(tomo::Shard&, tomo::Op&))>(tomo::Shard&, tomo::Op&)
DIFF cmd/t_zset.o 16 16 void tomo::notify_handler<&(void tomo::(anonymous namespace)::cmd_zrem<true>(tomo::Shard&, tomo::Op&))>(tomo::Shard&, tomo::Op&)
DIFF cmd/t_zset.o 16 16 void tomo::notify_handler<&(void tomo::(anonymous namespace)::cmd_zrevrank<true>(tomo::Shard&, tomo::Op&))>(tomo::Shard&, tomo::Op&)
DIFF cmd/t_zset.o 16 16 void tomo::notify_handler<&(void tomo::(anonymous namespace)::cmd_zrank<true>(tomo::Shard&, tomo::Op&))>(tomo::Shard&, tomo::Op&)
DIFF cmd/t_zset.o 16 16 void tomo::notify_handler<&(void tomo::(anonymous namespace)::cmd_zrevrange<true>(tomo::Shard&, tomo::Op&))>(tomo::Shard&, tomo::Op&)
DIFF cmd/t_zset.o 16 16 void tomo::notify_handler<&(void tomo::(anonymous namespace)::cmd_zrevrangebylex<true>(tomo::Shard&, tomo::Op&))>(tomo::Shard&, tomo::Op&)
DIFF cmd/t_zset.o 16 16 void tomo::notify_handler<&(void tomo::(anonymous namespace)::cmd_zrangebylex<true>(tomo::Shard&, tomo::Op&))>(tomo::Shard&, tomo::Op&)
DIFF cmd/t_zset.o 16 16 void tomo::notify_handler<&(void tomo::(anonymous namespace)::cmd_zrevrangebyscore<true>(tomo::Shard&, tomo::Op&))>(tomo::Shard&, tomo::Op&)
DIFF cmd/t_zset.o 16 16 void tomo::notify_handler<&(void tomo::(anonymous namespace)::cmd_zrangebyscore<true>(tomo::Shard&, tomo::Op&))>(tomo::Shard&, tomo::Op&)
DIFF cmd/t_zset.o 16 16 void tomo::notify_handler<&(void tomo::(anonymous namespace)::cmd_zrange<true>(tomo::Shard&, tomo::Op&))>(tomo::Shard&, tomo::Op&)
DIFF cmd/t_zset.o 16 16 void tomo::notify_handler<&(void tomo::(anonymous namespace)::cmd_zcount<true>(tomo::Shard&, tomo::Op&))>(tomo::Shard&, tomo::Op&)
DIFF cmd/t_zset.o 16 16 void tomo::notify_handler<&(void tomo::(anonymous namespace)::cmd_zcard<true>(tomo::Shard&, tomo::Op&))>(tomo::Shard&, tomo::Op&)
DIFF cmd/t_zset.o 16 16 void tomo::notify_handler<&(void tomo::(anonymous namespace)::cmd_zincrby<true>(tomo::Shard&, tomo::Op&))>(tomo::Shard&, tomo::Op&)
DIFF cmd/t_zset.o 16 16 void tomo::notify_handler<&(void tomo::(anonymous namespace)::cmd_zmscore<true>(tomo::Shard&, tomo::Op&))>(tomo::Shard&, tomo::Op&)
DIFF cmd/t_zset.o 16 16 void tomo::notify_handler<&(void tomo::(anonymous namespace)::cmd_zscore<true>(tomo::Shard&, tomo::Op&))>(tomo::Shard&, tomo::Op&)
DIFF cmd/t_zset.o 16 16 void tomo::notify_handler<&(void tomo::(anonymous namespace)::cmd_zadd<true>(tomo::Shard&, tomo::Op&))>(tomo::Shard&, tomo::Op&)
DIFF core/genthread.o 216 232 tomo::Shard::publish_size()
DIFF core/reorder.o 216 232 tomo::Shard::publish_size()
DIFF core/rl2s.o 216 232 tomo::Shard::publish_size()
DIFF main.o 216 232 tomo::Shard::publish_size()
DIFF persist/aof.o 216 232 tomo::Shard::publish_size()
DIFF snapshot/snapshot.o 216 232 tomo::Shard::publish_size()
