topology: 1 L3 domain(s)
  domain  0: 8 cpus [112,113,114,115,116,117,118,119]
tomokv-cpp: 8 unified threads, 16 shard(s), thread-mode=1s, overlap=0 (executor prefetch; ordinary IO), io_uring, alloc=jemalloc, reorder=0, read-local=1
  thread t0: role=unified cpu=112 L3=0 shards=2 send=self
  thread t1: role=unified cpu=113 L3=0 shards=2 send=self
  thread t2: role=unified cpu=114 L3=0 shards=2 send=self
  thread t3: role=unified cpu=115 L3=0 shards=2 send=self
  thread t4: role=unified cpu=116 L3=0 shards=2 send=self
  thread t5: role=unified cpu=117 L3=0 shards=2 send=self
  thread t6: role=unified cpu=118 L3=0 shards=2 send=self
  thread t7: role=unified cpu=119 L3=0 shards=2 send=self
listening on 127.0.0.1:18340
persistence: enabled=0 posted=0 flushed=0 durable=0 refused=0 pending_chunks=0 producers_with_pending=0 drain_gave_up=0 failed=0

thread role          ops      iters   busy_ms   idle_ms    cpu_ms   wake_tx  wake_rx
t0     uni             6         44       0.8     287.9       1.5         9       13
io_tenure t0/0 busy_ns=798151 idle_ns=287881232 entry_ns=3160530379857930 begin_ns=3160530379857959 end_ns=3160530668537342 exit_ns=3160530668537573 role_exit=0 stopped=1
t1     uni             3        226       0.3     288.4       1.0         2        5
io_tenure t1/0 busy_ns=305715 idle_ns=288374728 entry_ns=3160530379856150 begin_ns=3160530379856179 end_ns=3160530668536622 exit_ns=3160530668536753 role_exit=0 stopped=1
t2     uni             2        150       0.2     288.5       0.8         1        2
io_tenure t2/0 busy_ns=157742 idle_ns=288539631 entry_ns=3160530379837659 begin_ns=3160530379837689 end_ns=3160530668535062 exit_ns=3160530668535182 role_exit=0 stopped=1
t3     uni             2        142       0.1     288.5       0.7         0        1
io_tenure t3/0 busy_ns=138790 idle_ns=288544683 entry_ns=3160530379854179 begin_ns=3160530379854209 end_ns=3160530668537682 exit_ns=3160530668537813 role_exit=0 stopped=1
t4     uni             2        146       0.1     288.6       0.7         0        1
io_tenure t4/0 busy_ns=142023 idle_ns=288550960 entry_ns=3160530379852049 begin_ns=3160530379852079 end_ns=3160530668545062 exit_ns=3160530668545093 role_exit=0 stopped=1
t5     uni             2        139       0.2     288.5       0.7         0        1
io_tenure t5/0 busy_ns=155983 idle_ns=288542530 entry_ns=3160530379839999 begin_ns=3160530379840029 end_ns=3160530668538542 exit_ns=3160530668538673 role_exit=0 stopped=1
t6     uni             7        130       0.5     288.2       1.1         5       10
io_tenure t6/0 busy_ns=452642 idle_ns=288244431 entry_ns=3160530379837619 begin_ns=3160530379837829 end_ns=3160530668534902 exit_ns=3160530668535033 role_exit=0 stopped=1
t7     uni             2        119       0.1     288.6       0.7         0        1
io_tenure t7/0 busy_ns=147784 idle_ns=288550090 entry_ns=3160530379838389 begin_ns=3160530379838419 end_ns=3160530668536293 exit_ns=3160530668536422 role_exit=0 stopped=1
wb: retired=10 direct=1 sends=10/10 short=0 err=0 peer_aborts=0 bytes=10900 zc_sends=0 zc_bytes=0 zc_releases=0 serves=11 empty=1
tls: accepts=0 handshakes=0/0 failed=0 freed=0 want_read=0 want_write=0 cipher_in=0 plain_in=0 cipher_out=0 plain_out=0 zc_suppressed=0 ktls_active=0 ktls_fallback=0
stuck: live_conns=0 rob_not_quiesced=0 unsent_bytes_pending=0 | slots done=0 issued=0 free=0 flag_set=0
shutdown: unified_work=26 accepts=3 accept_err=0 rearm=0 sqe_starved=0 notify_drop=0
shutdown_report {"schema":1,"thread_mode":"1s","work":{"kind":"fused","unified":26},"threads":[{"tid":0,"role":"fused","ops":6,"iterations":44,"busy_ns":798151,"idle_ns":287881232,"cpu_ns":1539638,"wake_tx":9,"wake_rx":13,"io_tenures":[{"entry_ns":3160530379857930,"begin_ns":3160530379857959,"end_ns":3160530668537342,"exit_ns":3160530668537573,"busy_ns":798151,"idle_ns":287881232,"role_exit":false,"stopped":true,"did_submit":0,"sweep_submit":0,"park":0}]},{"tid":1,"role":"fused","ops":3,"iterations":226,"busy_ns":305715,"idle_ns":288374728,"cpu_ns":969191,"wake_tx":2,"wake_rx":5,"io_tenures":[{"entry_ns":3160530379856150,"begin_ns":3160530379856179,"end_ns":3160530668536622,"exit_ns":3160530668536753,"busy_ns":305715,"idle_ns":288374728,"role_exit":false,"stopped":true,"did_submit":0,"sweep_submit":0,"park":0}]},{"tid":2,"role":"fused","ops":2,"iterations":150,"busy_ns":157742,"idle_ns":288539631,"cpu_ns":771196,"wake_tx":1,"wake_rx":2,"io_tenures":[{"entry_ns":3160530379837659,"begin_ns":3160530379837689,"end_ns":3160530668535062,"exit_ns":3160530668535182,"busy_ns":157742,"idle_ns":288539631,"role_exit":false,"stopped":true,"did_submit":0,"sweep_submit":0,"park":0}]},{"tid":3,"role":"fused","ops":2,"iterations":142,"busy_ns":138790,"idle_ns":288544683,"cpu_ns":724862,"wake_tx":0,"wake_rx":1,"io_tenures":[{"entry_ns":3160530379854179,"begin_ns":3160530379854209,"end_ns":3160530668537682,"exit_ns":3160530668537813,"busy_ns":138790,"idle_ns":288544683,"role_exit":false,"stopped":true,"did_submit":0,"sweep_submit":0,"park":0}]},{"tid":4,"role":"fused","ops":2,"iterations":146,"busy_ns":142023,"idle_ns":288550960,"cpu_ns":712742,"wake_tx":0,"wake_rx":1,"io_tenures":[{"entry_ns":3160530379852049,"begin_ns":3160530379852079,"end_ns":3160530668545062,"exit_ns":3160530668545093,"busy_ns":142023,"idle_ns":288550960,"role_exit":false,"stopped":true,"did_submit":0,"sweep_submit":0,"park":0}]},{"tid":5,"role":"fused","ops":2,"iterations":139,"busy_ns":155983,"idle_ns":288542530,"cpu_ns":695420,"wake_tx":0,"wake_rx":1,"io_tenures":[{"entry_ns":3160530379839999,"begin_ns":3160530379840029,"end_ns":3160530668538542,"exit_ns":3160530668538673,"busy_ns":155983,"idle_ns":288542530,"role_exit":false,"stopped":true,"did_submit":0,"sweep_submit":0,"park":0}]},{"tid":6,"role":"fused","ops":7,"iterations":130,"busy_ns":452642,"idle_ns":288244431,"cpu_ns":1073060,"wake_tx":5,"wake_rx":10,"io_tenures":[{"entry_ns":3160530379837619,"begin_ns":3160530379837829,"end_ns":3160530668534902,"exit_ns":3160530668535033,"busy_ns":452642,"idle_ns":288244431,"role_exit":false,"stopped":true,"did_submit":0,"sweep_submit":0,"park":0}]},{"tid":7,"role":"fused","ops":2,"iterations":119,"busy_ns":147784,"idle_ns":288550090,"cpu_ns":717329,"wake_tx":0,"wake_rx":1,"io_tenures":[{"entry_ns":3160530379838389,"begin_ns":3160530379838419,"end_ns":3160530668536293,"exit_ns":3160530668536422,"busy_ns":147784,"idle_ns":288550090,"role_exit":false,"stopped":true,"did_submit":0,"sweep_submit":0,"park":0}]}],"wb":{"retired":10,"direct":1,"sends_completed":10,"sends_submitted":10,"short_writes":0,"send_errors":0,"peer_aborts":0,"bytes_sent":10900,"zc_sends":0,"zc_bytes":0,"zc_releases":0,"serves":11,"serves_empty":1},"tls":{"accepts":0,"handshakes_completed":0,"handshakes_started":0,"handshakes_failed":0,"connections_freed":0,"want_read":0,"want_write":0,"ciphertext_input_bytes":0,"plaintext_input_bytes":0,"ciphertext_output_bytes":0,"plaintext_output_bytes":0,"zc_suppressed":0,"ktls_active":0,"ktls_fallback":0},"stuck":{"live_conns":0,"rob_not_quiesced":0,"unsent_bytes_pending":0,"slots_done":0,"slots_issued":0,"slots_free":0,"flag_set":0},"epoll":{"enabled":false,"events":0,"recvs":0},"persistence":{"enabled":false,"recording":false,"failed":false,"drain_gave_up":false,"posted":0,"flushed":0,"durable":0,"refused":0,"pending_chunks":0,"records_written":0,"producers_with_pending":0,"producers_stopped":0,"producers_expected":0,"completions_pending":0},"accept":{"accepts":3,"accept_err":0,"rearm":0,"sqe_starved":0,"notify_drop":0}}
