topology: 1 L3 domain(s)
  domain  0: 8 cpus [112,113,114,115,116,117,118,119]
tomokv-cpp: 8 unified threads, 16 shard(s), thread-mode=1s, overlap=0 (executor prefetch; ordinary IO), io_uring, alloc=jemalloc, reorder=0, read-local=1
  thread t0: role=unified cpu=112 L3=0 shards=2 send=self
  thread t1: role=unified cpu=113 L3=0 shards=2 send=self
  thread t2: role=unified cpu=114 L3=0 shards=2 send=self
  thread t3: role=unified cpu=115 L3=0 shards=2 send=self
  thread t4: role=unified cpu=116 L3=0 shards=2 send=self
  thread t5: role=unified cpu=117 L3=0 shards=2 send=self
  thread t6: role=unified cpu=118 L3=0 shards=2 send=self
  thread t7: role=unified cpu=119 L3=0 shards=2 send=self
listening on 127.0.0.1:18340
persistence: enabled=0 posted=0 flushed=0 durable=0 refused=0 pending_chunks=0 producers_with_pending=0 drain_gave_up=0 failed=0

thread role          ops      iters   busy_ms   idle_ms    cpu_ms   wake_tx  wake_rx
t0     uni             2        142       0.2     287.6       0.8         0        1
io_tenure t0/0 busy_ns=178880 idle_ns=287624200 entry_ns=3160531594612549 begin_ns=3160531594612579 end_ns=3160531882415659 exit_ns=3160531882415789 role_exit=0 stopped=1
t1     uni             2        139       0.2     287.6       0.7         0        1
io_tenure t1/0 busy_ns=176120 idle_ns=287620610 entry_ns=3160531594619029 begin_ns=3160531594619059 end_ns=3160531882415789 exit_ns=3160531882415929 role_exit=0 stopped=1
t2     uni             2        143       0.2     287.6       0.6         0        1
io_tenure t2/0 busy_ns=177821 idle_ns=287626409 entry_ns=3160531594612609 begin_ns=3160531594612639 end_ns=3160531882416869 exit_ns=3160531882417009 role_exit=0 stopped=1
t3     uni             2        155       0.2     287.6       0.6         1        2
io_tenure t3/0 busy_ns=183291 idle_ns=287619039 entry_ns=3160531594612679 begin_ns=3160531594612709 end_ns=3160531882415039 exit_ns=3160531882415069 role_exit=0 stopped=1
t4     uni             6         83       0.8     286.9       1.4         9       13
io_tenure t4/0 busy_ns=845881 idle_ns=286948949 entry_ns=3160531594616659 begin_ns=3160531594616689 end_ns=3160531882411519 exit_ns=3160531882411649 role_exit=0 stopped=1
t5     uni             3        212       0.4     287.4       0.9         2        5
io_tenure t5/0 busy_ns=354970 idle_ns=287448120 entry_ns=3160531594619999 begin_ns=3160531594620029 end_ns=3160531882423119 exit_ns=3160531882423149 role_exit=0 stopped=1
t6     uni             2        134       0.2     287.6       0.7         0        1
io_tenure t6/0 busy_ns=169851 idle_ns=287625479 entry_ns=3160531594619059 begin_ns=3160531594619089 end_ns=3160531882414419 exit_ns=3160531882414549 role_exit=0 stopped=1
t7     uni             7        138       0.5     287.3       1.1         5       10
io_tenure t7/0 busy_ns=491102 idle_ns=287303048 entry_ns=3160531594616969 begin_ns=3160531594617179 end_ns=3160531882411329 exit_ns=3160531882411459 role_exit=0 stopped=1
wb: retired=10 direct=1 sends=10/10 short=0 err=0 peer_aborts=0 bytes=10900 zc_sends=0 zc_bytes=0 zc_releases=0 serves=11 empty=1
tls: accepts=0 handshakes=0/0 failed=0 freed=0 want_read=0 want_write=0 cipher_in=0 plain_in=0 cipher_out=0 plain_out=0 zc_suppressed=0 ktls_active=0 ktls_fallback=0
stuck: live_conns=0 rob_not_quiesced=0 unsent_bytes_pending=0 | slots done=0 issued=0 free=0 flag_set=0
shutdown: unified_work=26 accepts=3 accept_err=0 rearm=0 sqe_starved=0 notify_drop=0
shutdown_report {"schema":1,"thread_mode":"1s","work":{"kind":"fused","unified":26},"threads":[{"tid":0,"role":"fused","ops":2,"iterations":142,"busy_ns":178880,"idle_ns":287624200,"cpu_ns":812030,"wake_tx":0,"wake_rx":1,"io_tenures":[{"entry_ns":3160531594612549,"begin_ns":3160531594612579,"end_ns":3160531882415659,"exit_ns":3160531882415789,"busy_ns":178880,"idle_ns":287624200,"role_exit":false,"stopped":true,"did_submit":0,"sweep_submit":0,"park":0}]},{"tid":1,"role":"fused","ops":2,"iterations":139,"busy_ns":176120,"idle_ns":287620610,"cpu_ns":708580,"wake_tx":0,"wake_rx":1,"io_tenures":[{"entry_ns":3160531594619029,"begin_ns":3160531594619059,"end_ns":3160531882415789,"exit_ns":3160531882415929,"busy_ns":176120,"idle_ns":287620610,"role_exit":false,"stopped":true,"did_submit":0,"sweep_submit":0,"park":0}]},{"tid":2,"role":"fused","ops":2,"iterations":143,"busy_ns":177821,"idle_ns":287626409,"cpu_ns":631190,"wake_tx":0,"wake_rx":1,"io_tenures":[{"entry_ns":3160531594612609,"begin_ns":3160531594612639,"end_ns":3160531882416869,"exit_ns":3160531882417009,"busy_ns":177821,"idle_ns":287626409,"role_exit":false,"stopped":true,"did_submit":0,"sweep_submit":0,"park":0}]},{"tid":3,"role":"fused","ops":2,"iterations":155,"busy_ns":183291,"idle_ns":287619039,"cpu_ns":629210,"wake_tx":1,"wake_rx":2,"io_tenures":[{"entry_ns":3160531594612679,"begin_ns":3160531594612709,"end_ns":3160531882415039,"exit_ns":3160531882415069,"busy_ns":183291,"idle_ns":287619039,"role_exit":false,"stopped":true,"did_submit":0,"sweep_submit":0,"park":0}]},{"tid":4,"role":"fused","ops":6,"iterations":83,"busy_ns":845881,"idle_ns":286948949,"cpu_ns":1406900,"wake_tx":9,"wake_rx":13,"io_tenures":[{"entry_ns":3160531594616659,"begin_ns":3160531594616689,"end_ns":3160531882411519,"exit_ns":3160531882411649,"busy_ns":845881,"idle_ns":286948949,"role_exit":false,"stopped":true,"did_submit":0,"sweep_submit":0,"park":0}]},{"tid":5,"role":"fused","ops":3,"iterations":212,"busy_ns":354970,"idle_ns":287448120,"cpu_ns":919390,"wake_tx":2,"wake_rx":5,"io_tenures":[{"entry_ns":3160531594619999,"begin_ns":3160531594620029,"end_ns":3160531882423119,"exit_ns":3160531882423149,"busy_ns":354970,"idle_ns":287448120,"role_exit":false,"stopped":true,"did_submit":0,"sweep_submit":0,"park":0}]},{"tid":6,"role":"fused","ops":2,"iterations":134,"busy_ns":169851,"idle_ns":287625479,"cpu_ns":704060,"wake_tx":0,"wake_rx":1,"io_tenures":[{"entry_ns":3160531594619059,"begin_ns":3160531594619089,"end_ns":3160531882414419,"exit_ns":3160531882414549,"busy_ns":169851,"idle_ns":287625479,"role_exit":false,"stopped":true,"did_submit":0,"sweep_submit":0,"park":0}]},{"tid":7,"role":"fused","ops":7,"iterations":138,"busy_ns":491102,"idle_ns":287303048,"cpu_ns":1069350,"wake_tx":5,"wake_rx":10,"io_tenures":[{"entry_ns":3160531594616969,"begin_ns":3160531594617179,"end_ns":3160531882411329,"exit_ns":3160531882411459,"busy_ns":491102,"idle_ns":287303048,"role_exit":false,"stopped":true,"did_submit":0,"sweep_submit":0,"park":0}]}],"wb":{"retired":10,"direct":1,"sends_completed":10,"sends_submitted":10,"short_writes":0,"send_errors":0,"peer_aborts":0,"bytes_sent":10900,"zc_sends":0,"zc_bytes":0,"zc_releases":0,"serves":11,"serves_empty":1},"tls":{"accepts":0,"handshakes_completed":0,"handshakes_started":0,"handshakes_failed":0,"connections_freed":0,"want_read":0,"want_write":0,"ciphertext_input_bytes":0,"plaintext_input_bytes":0,"ciphertext_output_bytes":0,"plaintext_output_bytes":0,"zc_suppressed":0,"ktls_active":0,"ktls_fallback":0},"stuck":{"live_conns":0,"rob_not_quiesced":0,"unsent_bytes_pending":0,"slots_done":0,"slots_issued":0,"slots_free":0,"flag_set":0},"epoll":{"enabled":false,"events":0,"recvs":0},"persistence":{"enabled":false,"recording":false,"failed":false,"drain_gave_up":false,"posted":0,"flushed":0,"durable":0,"refused":0,"pending_chunks":0,"records_written":0,"producers_with_pending":0,"producers_stopped":0,"producers_expected":0,"completions_pending":0},"accept":{"accepts":3,"accept_err":0,"rearm":0,"sqe_starved":0,"notify_drop":0}}
