topology: 1 L3 domain(s)
  domain  0: 8 cpus [112,113,114,115,116,117,118,119]
tomokv-cpp: 8 unified threads, 16 shard(s), thread-mode=1s, overlap=0 (executor prefetch; ordinary IO), io_uring, alloc=jemalloc, reorder=0, read-local=1
  thread t0: role=unified cpu=112 L3=0 shards=2 send=self
  thread t1: role=unified cpu=113 L3=0 shards=2 send=self
  thread t2: role=unified cpu=114 L3=0 shards=2 send=self
  thread t3: role=unified cpu=115 L3=0 shards=2 send=self
  thread t4: role=unified cpu=116 L3=0 shards=2 send=self
  thread t5: role=unified cpu=117 L3=0 shards=2 send=self
  thread t6: role=unified cpu=118 L3=0 shards=2 send=self
  thread t7: role=unified cpu=119 L3=0 shards=2 send=self
listening on 127.0.0.1:17899
persistence: enabled=0 posted=0 flushed=0 durable=0 refused=0 pending_chunks=0 producers_with_pending=0 drain_gave_up=0 failed=0

thread role          ops      iters   busy_ms   idle_ms    cpu_ms   wake_tx  wake_rx
t0     uni         79870     101759     233.2   15289.0     270.4     17345    32815
io_tenure t0/0 busy_ns=233151151 idle_ns=15288998695 entry_ns=2930078103861772 begin_ns=2930078103861802 end_ns=2930093626011648 exit_ns=2930093626011678 role_exit=0 stopped=1
t1     uni         62443      80815     178.5   15343.6     216.1      7718    24156
io_tenure t1/0 busy_ns=178508282 idle_ns=15343620764 entry_ns=2930078103863762 begin_ns=2930078103863792 end_ns=2930093625992838 exit_ns=2930093625992868 role_exit=0 stopped=1
t2     uni         66984     126186     295.8   15226.3     330.1     17566    31539
io_tenure t2/0 busy_ns=295848555 idle_ns=15226291771 entry_ns=2930078103853342 begin_ns=2930078103853372 end_ns=2930093625993698 exit_ns=2930093625993728 role_exit=0 stopped=1
t3     uni         74256     107414     266.6   15255.5     303.3     22268    36816
io_tenure t3/0 busy_ns=266578332 idle_ns=15255543614 entry_ns=2930078103869542 begin_ns=2930078103869572 end_ns=2930093625991518 exit_ns=2930093625991638 role_exit=0 stopped=1
t4     uni         60905      94153     221.6   15300.5     259.7      8091    24879
io_tenure t4/0 busy_ns=221619092 idle_ns=15300512074 entry_ns=2930078103859762 begin_ns=2930078103859792 end_ns=2930093625990958 exit_ns=2930093625991028 role_exit=0 stopped=1
t5     uni         62844      98514     243.6   15278.5     277.3     14407    28149
io_tenure t5/0 busy_ns=243642994 idle_ns=15278491662 entry_ns=2930078103856542 begin_ns=2930078103856562 end_ns=2930093625991218 exit_ns=2930093625991248 role_exit=0 stopped=1
t6     uni         91664     113171     278.3   15243.8     315.1     27075    41138
io_tenure t6/0 busy_ns=278298589 idle_ns=15243826767 entry_ns=2930078103867682 begin_ns=2930078103867712 end_ns=2930093625993068 exit_ns=2930093625993098 role_exit=0 stopped=1
t7     uni         47213      89141     194.4   15327.7     230.2      6265    21978
io_tenure t7/0 busy_ns=194405350 idle_ns=15327720046 entry_ns=2930078103865742 begin_ns=2930078103865762 end_ns=2930093625991158 exit_ns=2930093625991198 role_exit=0 stopped=1
wb: retired=199528 direct=4611 sends=35576/35576 short=0 err=0 peer_aborts=0 bytes=5756741 zc_sends=0 zc_bytes=0 zc_releases=0 serves=39411 empty=3835
tls: accepts=0 handshakes=0/0 failed=0 freed=0 want_read=0 want_write=0 cipher_in=0 plain_in=0 cipher_out=0 plain_out=0 zc_suppressed=0 ktls_active=0 ktls_fallback=0
stuck: live_conns=0 rob_not_quiesced=0 unsent_bytes_pending=0 | slots done=0 issued=0 free=0 flag_set=0
shutdown: unified_work=546179 accepts=47 accept_err=0 rearm=0 sqe_starved=0 notify_drop=0
shutdown_report {"schema":1,"thread_mode":"1s","work":{"kind":"fused","unified":546179},"threads":[{"tid":0,"role":"fused","ops":79870,"iterations":101759,"busy_ns":233151151,"idle_ns":15288998695,"cpu_ns":270431104,"wake_tx":17345,"wake_rx":32815,"io_tenures":[{"entry_ns":2930078103861772,"begin_ns":2930078103861802,"end_ns":2930093626011648,"exit_ns":2930093626011678,"busy_ns":233151151,"idle_ns":15288998695,"role_exit":false,"stopped":true,"did_submit":0,"sweep_submit":0,"park":0}]},{"tid":1,"role":"fused","ops":62443,"iterations":80815,"busy_ns":178508282,"idle_ns":15343620764,"cpu_ns":216076682,"wake_tx":7718,"wake_rx":24156,"io_tenures":[{"entry_ns":2930078103863762,"begin_ns":2930078103863792,"end_ns":2930093625992838,"exit_ns":2930093625992868,"busy_ns":178508282,"idle_ns":15343620764,"role_exit":false,"stopped":true,"did_submit":0,"sweep_submit":0,"park":0}]},{"tid":2,"role":"fused","ops":66984,"iterations":126186,"busy_ns":295848555,"idle_ns":15226291771,"cpu_ns":330124255,"wake_tx":17566,"wake_rx":31539,"io_tenures":[{"entry_ns":2930078103853342,"begin_ns":2930078103853372,"end_ns":2930093625993698,"exit_ns":2930093625993728,"busy_ns":295848555,"idle_ns":15226291771,"role_exit":false,"stopped":true,"did_submit":0,"sweep_submit":0,"park":0}]},{"tid":3,"role":"fused","ops":74256,"iterations":107414,"busy_ns":266578332,"idle_ns":15255543614,"cpu_ns":303261803,"wake_tx":22268,"wake_rx":36816,"io_tenures":[{"entry_ns":2930078103869542,"begin_ns":2930078103869572,"end_ns":2930093625991518,"exit_ns":2930093625991638,"busy_ns":266578332,"idle_ns":15255543614,"role_exit":false,"stopped":true,"did_submit":0,"sweep_submit":0,"park":0}]},{"tid":4,"role":"fused","ops":60905,"iterations":94153,"busy_ns":221619092,"idle_ns":15300512074,"cpu_ns":259661448,"wake_tx":8091,"wake_rx":24879,"io_tenures":[{"entry_ns":2930078103859762,"begin_ns":2930078103859792,"end_ns":2930093625990958,"exit_ns":2930093625991028,"busy_ns":221619092,"idle_ns":15300512074,"role_exit":false,"stopped":true,"did_submit":0,"sweep_submit":0,"park":0}]},{"tid":5,"role":"fused","ops":62844,"iterations":98514,"busy_ns":243642994,"idle_ns":15278491662,"cpu_ns":277324189,"wake_tx":14407,"wake_rx":28149,"io_tenures":[{"entry_ns":2930078103856542,"begin_ns":2930078103856562,"end_ns":2930093625991218,"exit_ns":2930093625991248,"busy_ns":243642994,"idle_ns":15278491662,"role_exit":false,"stopped":true,"did_submit":0,"sweep_submit":0,"park":0}]},{"tid":6,"role":"fused","ops":91664,"iterations":113171,"busy_ns":278298589,"idle_ns":15243826767,"cpu_ns":315113636,"wake_tx":27075,"wake_rx":41138,"io_tenures":[{"entry_ns":2930078103867682,"begin_ns":2930078103867712,"end_ns":2930093625993068,"exit_ns":2930093625993098,"busy_ns":278298589,"idle_ns":15243826767,"role_exit":false,"stopped":true,"did_submit":0,"sweep_submit":0,"park":0}]},{"tid":7,"role":"fused","ops":47213,"iterations":89141,"busy_ns":194405350,"idle_ns":15327720046,"cpu_ns":230175895,"wake_tx":6265,"wake_rx":21978,"io_tenures":[{"entry_ns":2930078103865742,"begin_ns":2930078103865762,"end_ns":2930093625991158,"exit_ns":2930093625991198,"busy_ns":194405350,"idle_ns":15327720046,"role_exit":false,"stopped":true,"did_submit":0,"sweep_submit":0,"park":0}]}],"wb":{"retired":199528,"direct":4611,"sends_completed":35576,"sends_submitted":35576,"short_writes":0,"send_errors":0,"peer_aborts":0,"bytes_sent":5756741,"zc_sends":0,"zc_bytes":0,"zc_releases":0,"serves":39411,"serves_empty":3835},"tls":{"accepts":0,"handshakes_completed":0,"handshakes_started":0,"handshakes_failed":0,"connections_freed":0,"want_read":0,"want_write":0,"ciphertext_input_bytes":0,"plaintext_input_bytes":0,"ciphertext_output_bytes":0,"plaintext_output_bytes":0,"zc_suppressed":0,"ktls_active":0,"ktls_fallback":0},"stuck":{"live_conns":0,"rob_not_quiesced":0,"unsent_bytes_pending":0,"slots_done":0,"slots_issued":0,"slots_free":0,"flag_set":0},"epoll":{"enabled":false,"events":0,"recvs":0},"persistence":{"enabled":false,"recording":false,"failed":false,"drain_gave_up":false,"posted":0,"flushed":0,"durable":0,"refused":0,"pending_chunks":0,"records_written":0,"producers_with_pending":0,"producers_stopped":0,"producers_expected":0,"completions_pending":0},"accept":{"accepts":47,"accept_err":0,"rearm":0,"sqe_starved":0,"notify_drop":0}}
