topology: 1 L3 domain(s)
  domain  0: 8 cpus [112,113,114,115,116,117,118,119]
tomokv-cpp: 8 unified threads, 16 shard(s), thread-mode=1s, overlap=0 (executor prefetch; ordinary IO), io_uring, alloc=jemalloc, reorder=0, read-local=1
  thread t0: role=unified cpu=112 L3=0 shards=2 send=self
  thread t1: role=unified cpu=113 L3=0 shards=2 send=self
  thread t2: role=unified cpu=114 L3=0 shards=2 send=self
  thread t3: role=unified cpu=115 L3=0 shards=2 send=self
  thread t4: role=unified cpu=116 L3=0 shards=2 send=self
  thread t5: role=unified cpu=117 L3=0 shards=2 send=self
  thread t6: role=unified cpu=118 L3=0 shards=2 send=self
  thread t7: role=unified cpu=119 L3=0 shards=2 send=self
listening on 127.0.0.1:17899
persistence: enabled=0 posted=0 flushed=0 durable=0 refused=0 pending_chunks=0 producers_with_pending=0 drain_gave_up=0 failed=0

thread role          ops      iters   busy_ms   idle_ms    cpu_ms   wake_tx  wake_rx
t0     uni          6492       7814      22.1     515.0      24.7      2541     3449
io_tenure t0/0 busy_ns=22111010 idle_ns=515037233 entry_ns=2928230839111882 begin_ns=2928230839111902 end_ns=2928231376260145 exit_ns=2928231376260175 role_exit=0 stopped=1
t1     uni          3210       6123      13.2     523.9      15.6       162     1284
io_tenure t1/0 busy_ns=13221692 idle_ns=523907731 entry_ns=2928230839121732 begin_ns=2928230839121762 end_ns=2928231376251185 exit_ns=2928231376251235 role_exit=0 stopped=1
t2     uni          3321       5417      11.8     525.3      14.2       186     1291
io_tenure t2/0 busy_ns=11791773 idle_ns=525344030 entry_ns=2928230839116782 begin_ns=2928230839116812 end_ns=2928231376252615 exit_ns=2928231376252645 role_exit=0 stopped=1
t3     uni          8130       8043      23.3     513.9      26.2      2504     3693
io_tenure t3/0 busy_ns=23258348 idle_ns=513873655 entry_ns=2928230839121392 begin_ns=2928230839121422 end_ns=2928231376253425 exit_ns=2928231376253465 role_exit=0 stopped=1
t4     uni          2946       5913      12.8     524.3      15.2       196     1275
io_tenure t4/0 busy_ns=12823829 idle_ns=524313294 entry_ns=2928230839111922 begin_ns=2928230839111952 end_ns=2928231376249075 exit_ns=2928231376249225 role_exit=0 stopped=1
t5     uni          2952       5632      12.2     524.9      14.4       162     1187
io_tenure t5/0 busy_ns=12174170 idle_ns=524946013 entry_ns=2928230839128682 begin_ns=2928230839128712 end_ns=2928231376248895 exit_ns=2928231376249045 role_exit=0 stopped=1
t6     uni          6978       9232      23.5     513.7      26.1      2596     3678
io_tenure t6/0 busy_ns=23456070 idle_ns=513678463 entry_ns=2928230839113442 begin_ns=2928230839113462 end_ns=2928231376247995 exit_ns=2928231376248145 role_exit=0 stopped=1
t7     uni          3288       5881      12.3     524.8      14.7       275     1387
io_tenure t7/0 busy_ns=12326314 idle_ns=524805029 entry_ns=2928230839116442 begin_ns=2928230839116472 end_ns=2928231376247815 exit_ns=2928231376248015 role_exit=0 stopped=1
wb: retired=13281 direct=335 sends=2556/2556 short=0 err=0 peer_aborts=0 bytes=407547 zc_sends=0 zc_bytes=0 zc_releases=0 serves=2829 empty=273
tls: accepts=0 handshakes=0/0 failed=0 freed=0 want_read=0 want_write=0 cipher_in=0 plain_in=0 cipher_out=0 plain_out=0 zc_suppressed=0 ktls_active=0 ktls_fallback=0
stuck: live_conns=0 rob_not_quiesced=0 unsent_bytes_pending=0 | slots done=0 issued=0 free=0 flag_set=0
shutdown: unified_work=37317 accepts=4 accept_err=0 rearm=0 sqe_starved=0 notify_drop=0
shutdown_report {"schema":1,"thread_mode":"1s","work":{"kind":"fused","unified":37317},"threads":[{"tid":0,"role":"fused","ops":6492,"iterations":7814,"busy_ns":22111010,"idle_ns":515037233,"cpu_ns":24724972,"wake_tx":2541,"wake_rx":3449,"io_tenures":[{"entry_ns":2928230839111882,"begin_ns":2928230839111902,"end_ns":2928231376260145,"exit_ns":2928231376260175,"busy_ns":22111010,"idle_ns":515037233,"role_exit":false,"stopped":true,"did_submit":0,"sweep_submit":0,"park":0}]},{"tid":1,"role":"fused","ops":3210,"iterations":6123,"busy_ns":13221692,"idle_ns":523907731,"cpu_ns":15613353,"wake_tx":162,"wake_rx":1284,"io_tenures":[{"entry_ns":2928230839121732,"begin_ns":2928230839121762,"end_ns":2928231376251185,"exit_ns":2928231376251235,"busy_ns":13221692,"idle_ns":523907731,"role_exit":false,"stopped":true,"did_submit":0,"sweep_submit":0,"park":0}]},{"tid":2,"role":"fused","ops":3321,"iterations":5417,"busy_ns":11791773,"idle_ns":525344030,"cpu_ns":14194754,"wake_tx":186,"wake_rx":1291,"io_tenures":[{"entry_ns":2928230839116782,"begin_ns":2928230839116812,"end_ns":2928231376252615,"exit_ns":2928231376252645,"busy_ns":11791773,"idle_ns":525344030,"role_exit":false,"stopped":true,"did_submit":0,"sweep_submit":0,"park":0}]},{"tid":3,"role":"fused","ops":8130,"iterations":8043,"busy_ns":23258348,"idle_ns":513873655,"cpu_ns":26195839,"wake_tx":2504,"wake_rx":3693,"io_tenures":[{"entry_ns":2928230839121392,"begin_ns":2928230839121422,"end_ns":2928231376253425,"exit_ns":2928231376253465,"busy_ns":23258348,"idle_ns":513873655,"role_exit":false,"stopped":true,"did_submit":0,"sweep_submit":0,"park":0}]},{"tid":4,"role":"fused","ops":2946,"iterations":5913,"busy_ns":12823829,"idle_ns":524313294,"cpu_ns":15188066,"wake_tx":196,"wake_rx":1275,"io_tenures":[{"entry_ns":2928230839111922,"begin_ns":2928230839111952,"end_ns":2928231376249075,"exit_ns":2928231376249225,"busy_ns":12823829,"idle_ns":524313294,"role_exit":false,"stopped":true,"did_submit":0,"sweep_submit":0,"park":0}]},{"tid":5,"role":"fused","ops":2952,"iterations":5632,"busy_ns":12174170,"idle_ns":524946013,"cpu_ns":14386494,"wake_tx":162,"wake_rx":1187,"io_tenures":[{"entry_ns":2928230839128682,"begin_ns":2928230839128712,"end_ns":2928231376248895,"exit_ns":2928231376249045,"busy_ns":12174170,"idle_ns":524946013,"role_exit":false,"stopped":true,"did_submit":0,"sweep_submit":0,"park":0}]},{"tid":6,"role":"fused","ops":6978,"iterations":9232,"busy_ns":23456070,"idle_ns":513678463,"cpu_ns":26144924,"wake_tx":2596,"wake_rx":3678,"io_tenures":[{"entry_ns":2928230839113442,"begin_ns":2928230839113462,"end_ns":2928231376247995,"exit_ns":2928231376248145,"busy_ns":23456070,"idle_ns":513678463,"role_exit":false,"stopped":true,"did_submit":0,"sweep_submit":0,"park":0}]},{"tid":7,"role":"fused","ops":3288,"iterations":5881,"busy_ns":12326314,"idle_ns":524805029,"cpu_ns":14659117,"wake_tx":275,"wake_rx":1387,"io_tenures":[{"entry_ns":2928230839116442,"begin_ns":2928230839116472,"end_ns":2928231376247815,"exit_ns":2928231376248015,"busy_ns":12326314,"idle_ns":524805029,"role_exit":false,"stopped":true,"did_submit":0,"sweep_submit":0,"park":0}]}],"wb":{"retired":13281,"direct":335,"sends_completed":2556,"sends_submitted":2556,"short_writes":0,"send_errors":0,"peer_aborts":0,"bytes_sent":407547,"zc_sends":0,"zc_bytes":0,"zc_releases":0,"serves":2829,"serves_empty":273},"tls":{"accepts":0,"handshakes_completed":0,"handshakes_started":0,"handshakes_failed":0,"connections_freed":0,"want_read":0,"want_write":0,"ciphertext_input_bytes":0,"plaintext_input_bytes":0,"ciphertext_output_bytes":0,"plaintext_output_bytes":0,"zc_suppressed":0,"ktls_active":0,"ktls_fallback":0},"stuck":{"live_conns":0,"rob_not_quiesced":0,"unsent_bytes_pending":0,"slots_done":0,"slots_issued":0,"slots_free":0,"flag_set":0},"epoll":{"enabled":false,"events":0,"recvs":0},"persistence":{"enabled":false,"recording":false,"failed":false,"drain_gave_up":false,"posted":0,"flushed":0,"durable":0,"refused":0,"pending_chunks":0,"records_written":0,"producers_with_pending":0,"producers_stopped":0,"producers_expected":0,"completions_pending":0},"accept":{"accepts":4,"accept_err":0,"rearm":0,"sqe_starved":0,"notify_drop":0}}
