topology: 1 L3 domain(s)
  domain  0: 8 cpus [112,113,114,115,116,117,118,119]
tomokv-cpp: 8 threads (6 io + 2 ex), 16 shard(s), thread-mode=2s, overlap=0, io_uring, alloc=jemalloc, reorder=0, read-local=0
  thread t0: role=ifid cpu=112 L3=0 shards=0
  thread t1: role=ifid cpu=113 L3=0 shards=0
  thread t2: role=ifid cpu=114 L3=0 shards=0
  thread t3: role=ifid cpu=115 L3=0 shards=0
  thread t4: role=ifid cpu=116 L3=0 shards=0
  thread t5: role=ifid cpu=117 L3=0 shards=0
  thread t6: role=ex cpu=118 L3=0 shards=8
  thread t7: role=ex cpu=119 L3=0 shards=8
listening on 127.0.0.1:18340
persistence: enabled=0 posted=0 flushed=0 durable=0 refused=0 pending_chunks=0 producers_with_pending=0 drain_gave_up=0 failed=0

thread role          ops      iters   busy_ms   idle_ms    cpu_ms   wake_tx  wake_rx
t0     io              0        442       0.1     286.0       0.5         0        1
io_tenure t0/0 busy_ns=126960 idle_ns=285962923 entry_ns=3160527043957120 begin_ns=3160527043957160 end_ns=3160527330047043 exit_ns=3160527330047173 role_exit=0 stopped=1
t1     io              1        421       0.3     285.7       0.6         1        4
io_tenure t1/0 busy_ns=269202 idle_ns=285672101 entry_ns=3160527044105010 begin_ns=3160527044105040 end_ns=3160527330046343 exit_ns=3160527330046473 role_exit=0 stopped=1
t2     io              4        253       0.8     284.8       1.3         5        8
io_tenure t2/0 busy_ns=835222 idle_ns=284795540 entry_ns=3160527044410871 begin_ns=3160527044410911 end_ns=3160527330041673 exit_ns=3160527330041803 role_exit=0 stopped=1
t3     io              0        412       0.1     285.6       0.5         0        1
io_tenure t3/0 busy_ns=110110 idle_ns=285618702 entry_ns=3160527044331121 begin_ns=3160527044331151 end_ns=3160527330059963 exit_ns=3160527330059993 role_exit=0 stopped=1
t4     io              0        407       0.1     285.6       0.5         0        1
io_tenure t4/0 busy_ns=110811 idle_ns=285628391 entry_ns=3160527044306141 begin_ns=3160527044306181 end_ns=3160527330045383 exit_ns=3160527330045503 role_exit=0 stopped=1
t5     io              0        410       0.1     285.5       0.5         0        1
io_tenure t5/0 busy_ns=107251 idle_ns=285538681 entry_ns=3160527044395731 begin_ns=3160527044395941 end_ns=3160527330041873 exit_ns=3160527330041993 role_exit=0 stopped=1
t6     ex             13      14912       0.1     282.6       5.4         4        4
t7     ex              8      14425       0.0     282.9       4.9         0        0
wb: retired=10 direct=2 sends=10/10 short=0 err=0 peer_aborts=0 bytes=10353 zc_sends=0 zc_bytes=0 zc_releases=0 serves=15 empty=5
tls: accepts=0 handshakes=0/0 failed=0 freed=0 want_read=0 want_write=0 cipher_in=0 plain_in=0 cipher_out=0 plain_out=0 zc_suppressed=0 ktls_active=0 ktls_fallback=0
stuck: live_conns=0 rob_not_quiesced=0 unsent_bytes_pending=0 | slots done=0 issued=0 free=0 flag_set=0
shutdown: dispatched=5 executed=21 accepts=3 accept_err=0 rearm=0 sqe_starved=0 notify_drop=0
shutdown_report {"schema":1,"thread_mode":"2s","work":{"kind":"split","dispatched":5,"executed":21},"threads":[{"tid":0,"role":"io","ops":0,"iterations":442,"busy_ns":126960,"idle_ns":285962923,"cpu_ns":463680,"wake_tx":0,"wake_rx":1,"io_tenures":[{"entry_ns":3160527043957120,"begin_ns":3160527043957160,"end_ns":3160527330047043,"exit_ns":3160527330047173,"busy_ns":126960,"idle_ns":285962923,"role_exit":false,"stopped":true,"did_submit":0,"sweep_submit":0,"park":0}]},{"tid":1,"role":"io","ops":1,"iterations":421,"busy_ns":269202,"idle_ns":285672101,"cpu_ns":628990,"wake_tx":1,"wake_rx":4,"io_tenures":[{"entry_ns":3160527044105010,"begin_ns":3160527044105040,"end_ns":3160527330046343,"exit_ns":3160527330046473,"busy_ns":269202,"idle_ns":285672101,"role_exit":false,"stopped":true,"did_submit":0,"sweep_submit":0,"park":0}]},{"tid":2,"role":"io","ops":4,"iterations":253,"busy_ns":835222,"idle_ns":284795540,"cpu_ns":1298220,"wake_tx":5,"wake_rx":8,"io_tenures":[{"entry_ns":3160527044410871,"begin_ns":3160527044410911,"end_ns":3160527330041673,"exit_ns":3160527330041803,"busy_ns":835222,"idle_ns":284795540,"role_exit":false,"stopped":true,"did_submit":0,"sweep_submit":0,"park":0}]},{"tid":3,"role":"io","ops":0,"iterations":412,"busy_ns":110110,"idle_ns":285618702,"cpu_ns":480240,"wake_tx":0,"wake_rx":1,"io_tenures":[{"entry_ns":3160527044331121,"begin_ns":3160527044331151,"end_ns":3160527330059963,"exit_ns":3160527330059993,"busy_ns":110110,"idle_ns":285618702,"role_exit":false,"stopped":true,"did_submit":0,"sweep_submit":0,"park":0}]},{"tid":4,"role":"io","ops":0,"iterations":407,"busy_ns":110811,"idle_ns":285628391,"cpu_ns":476830,"wake_tx":0,"wake_rx":1,"io_tenures":[{"entry_ns":3160527044306141,"begin_ns":3160527044306181,"end_ns":3160527330045383,"exit_ns":3160527330045503,"busy_ns":110811,"idle_ns":285628391,"role_exit":false,"stopped":true,"did_submit":0,"sweep_submit":0,"park":0}]},{"tid":5,"role":"io","ops":0,"iterations":410,"busy_ns":107251,"idle_ns":285538681,"cpu_ns":518040,"wake_tx":0,"wake_rx":1,"io_tenures":[{"entry_ns":3160527044395731,"begin_ns":3160527044395941,"end_ns":3160527330041873,"exit_ns":3160527330041993,"busy_ns":107251,"idle_ns":285538681,"role_exit":false,"stopped":true,"did_submit":0,"sweep_submit":0,"park":0}]},{"tid":6,"role":"ex","ops":13,"iterations":14912,"busy_ns":101771,"idle_ns":282640409,"cpu_ns":5356540,"wake_tx":4,"wake_rx":4,"io_tenures":[]},{"tid":7,"role":"ex","ops":8,"iterations":14425,"busy_ns":38209,"idle_ns":282885308,"cpu_ns":4943090,"wake_tx":0,"wake_rx":0,"io_tenures":[]}],"wb":{"retired":10,"direct":2,"sends_completed":10,"sends_submitted":10,"short_writes":0,"send_errors":0,"peer_aborts":0,"bytes_sent":10353,"zc_sends":0,"zc_bytes":0,"zc_releases":0,"serves":15,"serves_empty":5},"tls":{"accepts":0,"handshakes_completed":0,"handshakes_started":0,"handshakes_failed":0,"connections_freed":0,"want_read":0,"want_write":0,"ciphertext_input_bytes":0,"plaintext_input_bytes":0,"ciphertext_output_bytes":0,"plaintext_output_bytes":0,"zc_suppressed":0,"ktls_active":0,"ktls_fallback":0},"stuck":{"live_conns":0,"rob_not_quiesced":0,"unsent_bytes_pending":0,"slots_done":0,"slots_issued":0,"slots_free":0,"flag_set":0},"epoll":{"enabled":false,"events":0,"recvs":0},"persistence":{"enabled":false,"recording":false,"failed":false,"drain_gave_up":false,"posted":0,"flushed":0,"durable":0,"refused":0,"pending_chunks":0,"records_written":0,"producers_with_pending":0,"producers_stopped":0,"producers_expected":0,"completions_pending":0},"accept":{"accepts":3,"accept_err":0,"rearm":0,"sqe_starved":0,"notify_drop":0}}
