topology: 1 L3 domain(s)
  domain  0: 8 cpus [112,113,114,115,116,117,118,119]
tomokv-cpp: 8 unified threads, 16 shard(s), thread-mode=1s, overlap=0 (executor prefetch; ordinary IO), io_uring, alloc=jemalloc, reorder=0, read-local=1
  thread t0: role=unified cpu=112 L3=0 shards=2 send=self
  thread t1: role=unified cpu=113 L3=0 shards=2 send=self
  thread t2: role=unified cpu=114 L3=0 shards=2 send=self
  thread t3: role=unified cpu=115 L3=0 shards=2 send=self
  thread t4: role=unified cpu=116 L3=0 shards=2 send=self
  thread t5: role=unified cpu=117 L3=0 shards=2 send=self
  thread t6: role=unified cpu=118 L3=0 shards=2 send=self
  thread t7: role=unified cpu=119 L3=0 shards=2 send=self
listening on 127.0.0.1:17899
persistence: enabled=0 posted=0 flushed=0 durable=0 refused=0 pending_chunks=0 producers_with_pending=0 drain_gave_up=0 failed=0

thread role          ops      iters   busy_ms   idle_ms    cpu_ms   wake_tx  wake_rx
t0     uni          5048       7598      16.8    2107.4      20.8       143     1329
io_tenure t0/0 busy_ns=16815049 idle_ns=2107402459 entry_ns=2930093840425648 begin_ns=2930093840425679 end_ns=2930095964643187 exit_ns=2930095964643217 role_exit=0 stopped=1
t1     uni          5397       7565      16.2    2108.0      20.2       214     1708
io_tenure t1/0 busy_ns=16180505 idle_ns=2108032954 entry_ns=2930093840421578 begin_ns=2930093840421608 end_ns=2930095964635067 exit_ns=2930095964635207 role_exit=0 stopped=1
t2     uni         10803       9436      20.5    2103.7      25.4       674     2388
io_tenure t2/0 busy_ns=20460930 idle_ns=2103749359 entry_ns=2930093840423338 begin_ns=2930093840423368 end_ns=2930095964633657 exit_ns=2930095964633787 role_exit=0 stopped=1
t3     uni         14201      21710      43.5    2080.7      48.2      2969     4261
io_tenure t3/0 busy_ns=43516780 idle_ns=2080700579 entry_ns=2930093840423728 begin_ns=2930093840423758 end_ns=2930095964641117 exit_ns=2930095964641157 role_exit=0 stopped=1
t4     uni         13898      44035      33.4    2090.8      38.2       885     2262
io_tenure t4/0 busy_ns=33365958 idle_ns=2090842921 entry_ns=2930093840425359 begin_ns=2930093840425388 end_ns=2930095964634267 exit_ns=2930095964634397 role_exit=0 stopped=1
t5     uni          6410       8668      19.0    2105.2      23.5       277     1783
io_tenure t5/0 busy_ns=19010601 idle_ns=2105202628 entry_ns=2930093840423388 begin_ns=2930093840423418 end_ns=2930095964636647 exit_ns=2930095964636837 role_exit=0 stopped=1
t6     uni         13669      43139      62.4    2061.7      67.2      2904     4246
io_tenure t6/0 busy_ns=62446993 idle_ns=2061740565 entry_ns=2930093840445668 begin_ns=2930093840445859 end_ns=2930095964633417 exit_ns=2930095964633667 role_exit=0 stopped=1
t7     uni         13045      12194      30.8    2093.5      35.1      3056     4267
io_tenure t7/0 busy_ns=30759664 idle_ns=2093450005 entry_ns=2930093840422248 begin_ns=2930093840422268 end_ns=2930095964631937 exit_ns=2930095964632067 role_exit=0 stopped=1
wb: retired=35729 direct=467 sends=3389/3389 short=0 err=0 peer_aborts=0 bytes=730328 zc_sends=0 zc_bytes=0 zc_releases=0 serves=3810 empty=421
tls: accepts=0 handshakes=0/0 failed=0 freed=0 want_read=0 want_write=0 cipher_in=0 plain_in=0 cipher_out=0 plain_out=0 zc_suppressed=0 ktls_active=0 ktls_fallback=0
stuck: live_conns=0 rob_not_quiesced=0 unsent_bytes_pending=0 | slots done=0 issued=0 free=0 flag_set=0
shutdown: unified_work=82471 accepts=10 accept_err=0 rearm=0 sqe_starved=0 notify_drop=0
shutdown_report {"schema":1,"thread_mode":"1s","work":{"kind":"fused","unified":82471},"threads":[{"tid":0,"role":"fused","ops":5048,"iterations":7598,"busy_ns":16815049,"idle_ns":2107402459,"cpu_ns":20812698,"wake_tx":143,"wake_rx":1329,"io_tenures":[{"entry_ns":2930093840425648,"begin_ns":2930093840425679,"end_ns":2930095964643187,"exit_ns":2930095964643217,"busy_ns":16815049,"idle_ns":2107402459,"role_exit":false,"stopped":true,"did_submit":0,"sweep_submit":0,"park":0}]},{"tid":1,"role":"fused","ops":5397,"iterations":7565,"busy_ns":16180505,"idle_ns":2108032954,"cpu_ns":20232172,"wake_tx":214,"wake_rx":1708,"io_tenures":[{"entry_ns":2930093840421578,"begin_ns":2930093840421608,"end_ns":2930095964635067,"exit_ns":2930095964635207,"busy_ns":16180505,"idle_ns":2108032954,"role_exit":false,"stopped":true,"did_submit":0,"sweep_submit":0,"park":0}]},{"tid":2,"role":"fused","ops":10803,"iterations":9436,"busy_ns":20460930,"idle_ns":2103749359,"cpu_ns":25371858,"wake_tx":674,"wake_rx":2388,"io_tenures":[{"entry_ns":2930093840423338,"begin_ns":2930093840423368,"end_ns":2930095964633657,"exit_ns":2930095964633787,"busy_ns":20460930,"idle_ns":2103749359,"role_exit":false,"stopped":true,"did_submit":0,"sweep_submit":0,"park":0}]},{"tid":3,"role":"fused","ops":14201,"iterations":21710,"busy_ns":43516780,"idle_ns":2080700579,"cpu_ns":48230816,"wake_tx":2969,"wake_rx":4261,"io_tenures":[{"entry_ns":2930093840423728,"begin_ns":2930093840423758,"end_ns":2930095964641117,"exit_ns":2930095964641157,"busy_ns":43516780,"idle_ns":2080700579,"role_exit":false,"stopped":true,"did_submit":0,"sweep_submit":0,"park":0}]},{"tid":4,"role":"fused","ops":13898,"iterations":44035,"busy_ns":33365958,"idle_ns":2090842921,"cpu_ns":38160515,"wake_tx":885,"wake_rx":2262,"io_tenures":[{"entry_ns":2930093840425359,"begin_ns":2930093840425388,"end_ns":2930095964634267,"exit_ns":2930095964634397,"busy_ns":33365958,"idle_ns":2090842921,"role_exit":false,"stopped":true,"did_submit":0,"sweep_submit":0,"park":0}]},{"tid":5,"role":"fused","ops":6410,"iterations":8668,"busy_ns":19010601,"idle_ns":2105202628,"cpu_ns":23529697,"wake_tx":277,"wake_rx":1783,"io_tenures":[{"entry_ns":2930093840423388,"begin_ns":2930093840423418,"end_ns":2930095964636647,"exit_ns":2930095964636837,"busy_ns":19010601,"idle_ns":2105202628,"role_exit":false,"stopped":true,"did_submit":0,"sweep_submit":0,"park":0}]},{"tid":6,"role":"fused","ops":13669,"iterations":43139,"busy_ns":62446993,"idle_ns":2061740565,"cpu_ns":67228086,"wake_tx":2904,"wake_rx":4246,"io_tenures":[{"entry_ns":2930093840445668,"begin_ns":2930093840445859,"end_ns":2930095964633417,"exit_ns":2930095964633667,"busy_ns":62446993,"idle_ns":2061740565,"role_exit":false,"stopped":true,"did_submit":0,"sweep_submit":0,"park":0}]},{"tid":7,"role":"fused","ops":13045,"iterations":12194,"busy_ns":30759664,"idle_ns":2093450005,"cpu_ns":35144265,"wake_tx":3056,"wake_rx":4267,"io_tenures":[{"entry_ns":2930093840422248,"begin_ns":2930093840422268,"end_ns":2930095964631937,"exit_ns":2930095964632067,"busy_ns":30759664,"idle_ns":2093450005,"role_exit":false,"stopped":true,"did_submit":0,"sweep_submit":0,"park":0}]}],"wb":{"retired":35729,"direct":467,"sends_completed":3389,"sends_submitted":3389,"short_writes":0,"send_errors":0,"peer_aborts":0,"bytes_sent":730328,"zc_sends":0,"zc_bytes":0,"zc_releases":0,"serves":3810,"serves_empty":421},"tls":{"accepts":0,"handshakes_completed":0,"handshakes_started":0,"handshakes_failed":0,"connections_freed":0,"want_read":0,"want_write":0,"ciphertext_input_bytes":0,"plaintext_input_bytes":0,"ciphertext_output_bytes":0,"plaintext_output_bytes":0,"zc_suppressed":0,"ktls_active":0,"ktls_fallback":0},"stuck":{"live_conns":0,"rob_not_quiesced":0,"unsent_bytes_pending":0,"slots_done":0,"slots_issued":0,"slots_free":0,"flag_set":0},"epoll":{"enabled":false,"events":0,"recvs":0},"persistence":{"enabled":false,"recording":false,"failed":false,"drain_gave_up":false,"posted":0,"flushed":0,"durable":0,"refused":0,"pending_chunks":0,"records_written":0,"producers_with_pending":0,"producers_stopped":0,"producers_expected":0,"completions_pending":0},"accept":{"accepts":10,"accept_err":0,"rearm":0,"sqe_starved":0,"notify_drop":0}}
