topology: 1 L3 domain(s)
  domain  0: 8 cpus [112,113,114,115,116,117,118,119]
tomokv-cpp: 8 unified threads, 16 shard(s), thread-mode=1s, overlap=0 (executor prefetch; ordinary IO), io_uring, alloc=jemalloc, reorder=0, read-local=1
  thread t0: role=unified cpu=112 L3=0 shards=2 send=self
  thread t1: role=unified cpu=113 L3=0 shards=2 send=self
  thread t2: role=unified cpu=114 L3=0 shards=2 send=self
  thread t3: role=unified cpu=115 L3=0 shards=2 send=self
  thread t4: role=unified cpu=116 L3=0 shards=2 send=self
  thread t5: role=unified cpu=117 L3=0 shards=2 send=self
  thread t6: role=unified cpu=118 L3=0 shards=2 send=self
  thread t7: role=unified cpu=119 L3=0 shards=2 send=self
listening on 127.0.0.1:17899
persistence: enabled=0 posted=0 flushed=0 durable=0 refused=0 pending_chunks=0 producers_with_pending=0 drain_gave_up=0 failed=0

thread role          ops      iters   busy_ms   idle_ms    cpu_ms   wake_tx  wake_rx
t0     uni          6239       8409       7.2    1828.7       9.2       414      770
io_tenure t0/0 busy_ns=7218999 idle_ns=1828726094 entry_ns=2928948582709608 begin_ns=2928948582709639 end_ns=2928950418654732 exit_ns=2928950418654762 role_exit=0 stopped=1
t1     uni          2524       2581       3.8    1832.2       5.4        17      381
io_tenure t1/0 busy_ns=3751209 idle_ns=1832195464 entry_ns=2928948582706528 begin_ns=2928948582706559 end_ns=2928950418653232 exit_ns=2928950418653312 role_exit=0 stopped=1
t2     uni          6658       3703       6.0    1829.9       7.5       242      489
io_tenure t2/0 busy_ns=6042374 idle_ns=1829851790 entry_ns=2928948582752928 begin_ns=2928948582753288 end_ns=2928950418647452 exit_ns=2928950418647502 role_exit=0 stopped=1
t3     uni         14150      37821      19.6    1816.4      21.6      1169     1359
io_tenure t3/0 busy_ns=19628349 idle_ns=1816365565 entry_ns=2928948582713859 begin_ns=2928948582713888 end_ns=2928950418707802 exit_ns=2928950418707862 role_exit=0 stopped=1
t4     uni          2709       2420       3.3    1832.6       4.8        11      320
io_tenure t4/0 busy_ns=3314917 idle_ns=1832624117 entry_ns=2928948582715979 begin_ns=2928948582716008 end_ns=2928950418655042 exit_ns=2928950418655072 role_exit=0 stopped=1
t5     uni          6791       4692       6.1    1829.9       7.7       373      622
io_tenure t5/0 busy_ns=6054921 idle_ns=1829891343 entry_ns=2928948582706739 begin_ns=2928948582706768 end_ns=2928950418653032 exit_ns=2928950418653082 role_exit=0 stopped=1
t6     uni          4528       2399       4.0    1831.9       5.4         2      315
io_tenure t6/0 busy_ns=4004458 idle_ns=1831939156 entry_ns=2928948582717659 begin_ns=2928948582717688 end_ns=2928950418661302 exit_ns=2928950418661492 role_exit=0 stopped=1
t7     uni          1392       1753       2.3    1833.6       3.5        33      266
io_tenure t7/0 busy_ns=2303644 idle_ns=1833636280 entry_ns=2928948582707379 begin_ns=2928948582707408 end_ns=2928950418647332 exit_ns=2928950418647362 role_exit=0 stopped=1
wb: retired=22448 direct=135 sends=645/645 short=0 err=0 peer_aborts=0 bytes=322781 zc_sends=0 zc_bytes=0 zc_releases=0 serves=766 empty=121
tls: accepts=0 handshakes=0/0 failed=0 freed=0 want_read=0 want_write=0 cipher_in=0 plain_in=0 cipher_out=0 plain_out=0 zc_suppressed=0 ktls_active=0 ktls_fallback=0
stuck: live_conns=0 rob_not_quiesced=0 unsent_bytes_pending=0 | slots done=0 issued=0 free=0 flag_set=0
shutdown: unified_work=44991 accepts=7 accept_err=0 rearm=0 sqe_starved=0 notify_drop=0
shutdown_report {"schema":1,"thread_mode":"1s","work":{"kind":"fused","unified":44991},"threads":[{"tid":0,"role":"fused","ops":6239,"iterations":8409,"busy_ns":7218999,"idle_ns":1828726094,"cpu_ns":9228920,"wake_tx":414,"wake_rx":770,"io_tenures":[{"entry_ns":2928948582709608,"begin_ns":2928948582709639,"end_ns":2928950418654732,"exit_ns":2928950418654762,"busy_ns":7218999,"idle_ns":1828726094,"role_exit":false,"stopped":true,"did_submit":0,"sweep_submit":0,"park":0}]},{"tid":1,"role":"fused","ops":2524,"iterations":2581,"busy_ns":3751209,"idle_ns":1832195464,"cpu_ns":5404010,"wake_tx":17,"wake_rx":381,"io_tenures":[{"entry_ns":2928948582706528,"begin_ns":2928948582706559,"end_ns":2928950418653232,"exit_ns":2928950418653312,"busy_ns":3751209,"idle_ns":1832195464,"role_exit":false,"stopped":true,"did_submit":0,"sweep_submit":0,"park":0}]},{"tid":2,"role":"fused","ops":6658,"iterations":3703,"busy_ns":6042374,"idle_ns":1829851790,"cpu_ns":7479680,"wake_tx":242,"wake_rx":489,"io_tenures":[{"entry_ns":2928948582752928,"begin_ns":2928948582753288,"end_ns":2928950418647452,"exit_ns":2928950418647502,"busy_ns":6042374,"idle_ns":1829851790,"role_exit":false,"stopped":true,"did_submit":0,"sweep_submit":0,"park":0}]},{"tid":3,"role":"fused","ops":14150,"iterations":37821,"busy_ns":19628349,"idle_ns":1816365565,"cpu_ns":21612620,"wake_tx":1169,"wake_rx":1359,"io_tenures":[{"entry_ns":2928948582713859,"begin_ns":2928948582713888,"end_ns":2928950418707802,"exit_ns":2928950418707862,"busy_ns":19628349,"idle_ns":1816365565,"role_exit":false,"stopped":true,"did_submit":0,"sweep_submit":0,"park":0}]},{"tid":4,"role":"fused","ops":2709,"iterations":2420,"busy_ns":3314917,"idle_ns":1832624117,"cpu_ns":4793770,"wake_tx":11,"wake_rx":320,"io_tenures":[{"entry_ns":2928948582715979,"begin_ns":2928948582716008,"end_ns":2928950418655042,"exit_ns":2928950418655072,"busy_ns":3314917,"idle_ns":1832624117,"role_exit":false,"stopped":true,"did_submit":0,"sweep_submit":0,"park":0}]},{"tid":5,"role":"fused","ops":6791,"iterations":4692,"busy_ns":6054921,"idle_ns":1829891343,"cpu_ns":7746200,"wake_tx":373,"wake_rx":622,"io_tenures":[{"entry_ns":2928948582706739,"begin_ns":2928948582706768,"end_ns":2928950418653032,"exit_ns":2928950418653082,"busy_ns":6054921,"idle_ns":1829891343,"role_exit":false,"stopped":true,"did_submit":0,"sweep_submit":0,"park":0}]},{"tid":6,"role":"fused","ops":4528,"iterations":2399,"busy_ns":4004458,"idle_ns":1831939156,"cpu_ns":5445570,"wake_tx":2,"wake_rx":315,"io_tenures":[{"entry_ns":2928948582717659,"begin_ns":2928948582717688,"end_ns":2928950418661302,"exit_ns":2928950418661492,"busy_ns":4004458,"idle_ns":1831939156,"role_exit":false,"stopped":true,"did_submit":0,"sweep_submit":0,"park":0}]},{"tid":7,"role":"fused","ops":1392,"iterations":1753,"busy_ns":2303644,"idle_ns":1833636280,"cpu_ns":3546640,"wake_tx":33,"wake_rx":266,"io_tenures":[{"entry_ns":2928948582707379,"begin_ns":2928948582707408,"end_ns":2928950418647332,"exit_ns":2928950418647362,"busy_ns":2303644,"idle_ns":1833636280,"role_exit":false,"stopped":true,"did_submit":0,"sweep_submit":0,"park":0}]}],"wb":{"retired":22448,"direct":135,"sends_completed":645,"sends_submitted":645,"short_writes":0,"send_errors":0,"peer_aborts":0,"bytes_sent":322781,"zc_sends":0,"zc_bytes":0,"zc_releases":0,"serves":766,"serves_empty":121},"tls":{"accepts":0,"handshakes_completed":0,"handshakes_started":0,"handshakes_failed":0,"connections_freed":0,"want_read":0,"want_write":0,"ciphertext_input_bytes":0,"plaintext_input_bytes":0,"ciphertext_output_bytes":0,"plaintext_output_bytes":0,"zc_suppressed":0,"ktls_active":0,"ktls_fallback":0},"stuck":{"live_conns":0,"rob_not_quiesced":0,"unsent_bytes_pending":0,"slots_done":0,"slots_issued":0,"slots_free":0,"flag_set":0},"epoll":{"enabled":false,"events":0,"recvs":0},"persistence":{"enabled":false,"recording":false,"failed":false,"drain_gave_up":false,"posted":0,"flushed":0,"durable":0,"refused":0,"pending_chunks":0,"records_written":0,"producers_with_pending":0,"producers_stopped":0,"producers_expected":0,"completions_pending":0},"accept":{"accepts":7,"accept_err":0,"rearm":0,"sqe_starved":0,"notify_drop":0}}
