topology: 1 L3 domain(s)
  domain  0: 8 cpus [112,113,114,115,116,117,118,119]
tomokv-cpp: 8 unified threads, 16 shard(s), thread-mode=1s, overlap=0 (executor prefetch; ordinary IO), io_uring, alloc=jemalloc, reorder=0, read-local=1
  thread t0: role=unified cpu=112 L3=0 shards=2 send=self
  thread t1: role=unified cpu=113 L3=0 shards=2 send=self
  thread t2: role=unified cpu=114 L3=0 shards=2 send=self
  thread t3: role=unified cpu=115 L3=0 shards=2 send=self
  thread t4: role=unified cpu=116 L3=0 shards=2 send=self
  thread t5: role=unified cpu=117 L3=0 shards=2 send=self
  thread t6: role=unified cpu=118 L3=0 shards=2 send=self
  thread t7: role=unified cpu=119 L3=0 shards=2 send=self
listening on 127.0.0.1:18179
persistence: enabled=0 posted=0 flushed=0 durable=0 refused=0 pending_chunks=0 producers_with_pending=0 drain_gave_up=0 failed=0

thread role          ops      iters   busy_ms   idle_ms    cpu_ms   wake_tx  wake_rx
t0     uni             2        188       0.1     113.7       0.9         0        0
io_tenure t0/0 busy_ns=142352 idle_ns=113744992 entry_ns=2984339375359908 begin_ns=2984339375359937 end_ns=2984339489247281 exit_ns=2984339489247421 role_exit=0 stopped=1
t1     uni             2        203       0.1     113.8       0.6         0        0
io_tenure t1/0 busy_ns=126561 idle_ns=113752813 entry_ns=2984339375373248 begin_ns=2984339375373278 end_ns=2984339489252652 exit_ns=2984339489252702 role_exit=0 stopped=1
t2     uni             2        186       0.1     113.7       0.6         0        0
io_tenure t2/0 busy_ns=139560 idle_ns=113745553 entry_ns=2984339375359437 begin_ns=2984339375359868 end_ns=2984339489244981 exit_ns=2984339489245221 role_exit=0 stopped=1
t3     uni             3        178       0.2     113.7       0.6         1        2
io_tenure t3/0 busy_ns=157393 idle_ns=113726991 entry_ns=2984339375357897 begin_ns=2984339375357928 end_ns=2984339489242312 exit_ns=2984339489242552 role_exit=0 stopped=1
t4     uni          4100       6235      17.4      96.4      24.6         1        2
io_tenure t4/0 busy_ns=17444199 idle_ns=96438865 entry_ns=2984339375358097 begin_ns=2984339375358128 end_ns=2984339489241192 exit_ns=2984339489241321 role_exit=0 stopped=1
t5     uni             2        171       0.1     113.7       0.6         0        0
io_tenure t5/0 busy_ns=134660 idle_ns=113749335 entry_ns=2984339375357808 begin_ns=2984339375357837 end_ns=2984339489241832 exit_ns=2984339489241961 role_exit=0 stopped=1
t6     uni             2        160       0.1     113.7       0.6         0        0
io_tenure t6/0 busy_ns=137762 idle_ns=113749773 entry_ns=2984339375355148 begin_ns=2984339375355177 end_ns=2984339489242712 exit_ns=2984339489242841 role_exit=0 stopped=1
t7     uni             2        139       0.1     113.7       0.5         0        0
io_tenure t7/0 busy_ns=136191 idle_ns=113748624 entry_ns=2984339375356368 begin_ns=2984339375356397 end_ns=2984339489241212 exit_ns=2984339489241381 role_exit=0 stopped=1
wb: retired=2060 direct=2048 sends=2060/2060 short=0 err=0 peer_aborts=0 bytes=76868 zc_sends=0 zc_bytes=0 zc_releases=0 serves=2061 empty=1
tls: accepts=0 handshakes=0/0 failed=0 freed=0 want_read=0 want_write=0 cipher_in=0 plain_in=0 cipher_out=0 plain_out=0 zc_suppressed=0 ktls_active=0 ktls_fallback=0
stuck: live_conns=0 rob_not_quiesced=0 unsent_bytes_pending=0 | slots done=0 issued=0 free=0 flag_set=0
shutdown: unified_work=4115 accepts=1 accept_err=0 rearm=0 sqe_starved=0 notify_drop=0
shutdown_report {"schema":1,"thread_mode":"1s","work":{"kind":"fused","unified":4115},"threads":[{"tid":0,"role":"fused","ops":2,"iterations":188,"busy_ns":142352,"idle_ns":113744992,"cpu_ns":901910,"wake_tx":0,"wake_rx":0,"io_tenures":[{"entry_ns":2984339375359908,"begin_ns":2984339375359937,"end_ns":2984339489247281,"exit_ns":2984339489247421,"busy_ns":142352,"idle_ns":113744992,"role_exit":false,"stopped":true,"did_submit":0,"sweep_submit":0,"park":0}]},{"tid":1,"role":"fused","ops":2,"iterations":203,"busy_ns":126561,"idle_ns":113752813,"cpu_ns":590500,"wake_tx":0,"wake_rx":0,"io_tenures":[{"entry_ns":2984339375373248,"begin_ns":2984339375373278,"end_ns":2984339489252652,"exit_ns":2984339489252702,"busy_ns":126561,"idle_ns":113752813,"role_exit":false,"stopped":true,"did_submit":0,"sweep_submit":0,"park":0}]},{"tid":2,"role":"fused","ops":2,"iterations":186,"busy_ns":139560,"idle_ns":113745553,"cpu_ns":558630,"wake_tx":0,"wake_rx":0,"io_tenures":[{"entry_ns":2984339375359437,"begin_ns":2984339375359868,"end_ns":2984339489244981,"exit_ns":2984339489245221,"busy_ns":139560,"idle_ns":113745553,"role_exit":false,"stopped":true,"did_submit":0,"sweep_submit":0,"park":0}]},{"tid":3,"role":"fused","ops":3,"iterations":178,"busy_ns":157393,"idle_ns":113726991,"cpu_ns":599870,"wake_tx":1,"wake_rx":2,"io_tenures":[{"entry_ns":2984339375357897,"begin_ns":2984339375357928,"end_ns":2984339489242312,"exit_ns":2984339489242552,"busy_ns":157393,"idle_ns":113726991,"role_exit":false,"stopped":true,"did_submit":0,"sweep_submit":0,"park":0}]},{"tid":4,"role":"fused","ops":4100,"iterations":6235,"busy_ns":17444199,"idle_ns":96438865,"cpu_ns":24630730,"wake_tx":1,"wake_rx":2,"io_tenures":[{"entry_ns":2984339375358097,"begin_ns":2984339375358128,"end_ns":2984339489241192,"exit_ns":2984339489241321,"busy_ns":17444199,"idle_ns":96438865,"role_exit":false,"stopped":true,"did_submit":0,"sweep_submit":0,"park":0}]},{"tid":5,"role":"fused","ops":2,"iterations":171,"busy_ns":134660,"idle_ns":113749335,"cpu_ns":614650,"wake_tx":0,"wake_rx":0,"io_tenures":[{"entry_ns":2984339375357808,"begin_ns":2984339375357837,"end_ns":2984339489241832,"exit_ns":2984339489241961,"busy_ns":134660,"idle_ns":113749335,"role_exit":false,"stopped":true,"did_submit":0,"sweep_submit":0,"park":0}]},{"tid":6,"role":"fused","ops":2,"iterations":160,"busy_ns":137762,"idle_ns":113749773,"cpu_ns":601400,"wake_tx":0,"wake_rx":0,"io_tenures":[{"entry_ns":2984339375355148,"begin_ns":2984339375355177,"end_ns":2984339489242712,"exit_ns":2984339489242841,"busy_ns":137762,"idle_ns":113749773,"role_exit":false,"stopped":true,"did_submit":0,"sweep_submit":0,"park":0}]},{"tid":7,"role":"fused","ops":2,"iterations":139,"busy_ns":136191,"idle_ns":113748624,"cpu_ns":518100,"wake_tx":0,"wake_rx":0,"io_tenures":[{"entry_ns":2984339375356368,"begin_ns":2984339375356397,"end_ns":2984339489241212,"exit_ns":2984339489241381,"busy_ns":136191,"idle_ns":113748624,"role_exit":false,"stopped":true,"did_submit":0,"sweep_submit":0,"park":0}]}],"wb":{"retired":2060,"direct":2048,"sends_completed":2060,"sends_submitted":2060,"short_writes":0,"send_errors":0,"peer_aborts":0,"bytes_sent":76868,"zc_sends":0,"zc_bytes":0,"zc_releases":0,"serves":2061,"serves_empty":1},"tls":{"accepts":0,"handshakes_completed":0,"handshakes_started":0,"handshakes_failed":0,"connections_freed":0,"want_read":0,"want_write":0,"ciphertext_input_bytes":0,"plaintext_input_bytes":0,"ciphertext_output_bytes":0,"plaintext_output_bytes":0,"zc_suppressed":0,"ktls_active":0,"ktls_fallback":0},"stuck":{"live_conns":0,"rob_not_quiesced":0,"unsent_bytes_pending":0,"slots_done":0,"slots_issued":0,"slots_free":0,"flag_set":0},"epoll":{"enabled":false,"events":0,"recvs":0},"persistence":{"enabled":false,"recording":false,"failed":false,"drain_gave_up":false,"posted":0,"flushed":0,"durable":0,"refused":0,"pending_chunks":0,"records_written":0,"producers_with_pending":0,"producers_stopped":0,"producers_expected":0,"completions_pending":0},"accept":{"accepts":1,"accept_err":0,"rearm":0,"sqe_starved":0,"notify_drop":0}}
