Audit negative controls: opcode and resolved-target changes rejected
Functions: 16947; raw bytes equal: 16687; bytes + resolved targets equal: 16878
CHANGED db0/src/cmd/geo_store.o 0 47 _GLOBAL__sub_I__ZN8tomo_db027geo_store_preserve_metadataERNS_5ShardENS_5SliceEmPNS_5KvObjE
CHANGED db0/src/cmd/geo_store.o 0 342 tomo_db0::geo_store_preserve_metadata(tomo_db0::Shard&, tomo_db0::Slice, unsigned long, tomo_db0::KvObj*)
CHANGED db0/src/cmd/geo_store.o 0 554 tomo_db0::FlatStore::find_in(int, unsigned long, tomo_db0::Slice) const
CHANGED db0/src/cmd/geo_store.o 0 183 std::unique_ptr<tomo_db0::atomic_tripwire_detail::State, std::default_delete<tomo_db0::atomic_tripwire_detail::State> >::~unique_ptr()
CHANGED db0/src/cmd/geo_store.o 0 183 std::unique_ptr<tomo_db0::atomic_tripwire_detail::State, std::default_delete<tomo_db0::atomic_tripwire_detail::State> >::~unique_ptr()
CHANGED db0/src/cmd/geo_store.o 0 16 tomo_db0::geo_store_preserve_metadata(tomo_db0::Shard&, tomo_db0::Slice, unsigned long, tomo_db0::KvObj*)::{lambda(tomo_db0::KvObj*, unsigned char)#1}::operator()(tomo_db0::KvObj*, unsigned char) const [clone .isra.0]
CHANGED db0/src/cmd/server_tail.o 993 837 tomo_db0::(anonymous namespace)::reply_help(tomo_db0::Op&, char const* const*, unsigned long)
CHANGED db0/src/cmd/server_tail.o 1287 1287 tomo_db0::kvobj_external_bytes(tomo_db0::KvObj const*)
CHANGED db0/src/cmd/server_tail.o 11683 12324 tomo_db0::server_tail_config_subcommand(tomo_db0::Op&)
CHANGED db0/src/cmd/server_tail.o 503 525 tomo_db0::server_tail_config_subcommand(tomo_db0::Op&) [clone .cold]
CHANGED db0/src/cmd/server_tail.o 1729 1569 tomo_db0::server_tail_command_subcommand(tomo_db0::Op&)
CHANGED db0/src/cmd/server_tail.o 81 55 tomo_db0::server_tail_command_subcommand(tomo_db0::Op&) [clone .cold]
CHANGED db0/src/cmd/server_tail.o 2379 2399 tomo_db0::FlatStore::atomic_resolve_internal(unsigned long, tomo_db0::Slice, unsigned long, bool)
CHANGED db0/src/cmd/server_tail.o 148 0 std::__cxx11::basic_string<char, std::char_traits<char>, std::allocator<char> >::basic_string<std::allocator<char> >(char const*, std::allocator<char> const&) [clone .isra.0]
CHANGED db0/src/cmd/xshard.o 113 113 tomo_db0::(anonymous namespace)::ObjectImage::operator=(tomo_db0::(anonymous namespace)::ObjectImage&&) [clone .constprop.0] [clone .isra.0]
CHANGED db0/src/cmd/xshard.o 49 56 tomo_db0::(anonymous namespace)::ObjectImage::operator=(tomo_db0::(anonymous namespace)::ObjectImage const&) [clone .isra.0]
CHANGED db0/src/cmd/xshard.o 757 773 tomo_db0::(anonymous namespace)::WorkError tomo_db0::(anonymous namespace)::apply_image<false>(tomo_db0::Shard&, tomo_db0::Slice, unsigned long, tomo_db0::(anonymous namespace)::ObjectImage const&, bool) [clone .isra.0]
CHANGED db0/src/cmd/xshard.o 361 409 tomo_db0::(anonymous namespace)::WorkError tomo_db0::(anonymous namespace)::apply_image<true>(tomo_db0::Shard&, tomo_db0::Slice, unsigned long, tomo_db0::(anonymous namespace)::ObjectImage const&, bool)
CHANGED db0/src/cmd/xshard.o 945 990 tomo_db0::(anonymous namespace)::classify_keys(tomo_db0::Op const&, tomo_db0::(anonymous namespace)::Kind, tomo_db0::(anonymous namespace)::XshardKeyHints const&, tomo_db0::(anonymous namespace)::XshardKeyPlan&)
CHANGED db0/src/cmd/xshard.o 777 777 tomo_db0::(anonymous namespace)::compute_bitop(tomo_db0::(anonymous namespace)::ObjectImage const*, unsigned int, unsigned int, tomo_db0::Slice, tomo_db0::(anonymous namespace)::ObjectImage&, long long&, tomo_db0::(anonymous namespace)::WorkError&) [clone .constprop.0]
CHANGED db0/src/cmd/xshard.o 9235 9251 tomo_db0::(anonymous namespace)::finish_phase1(tomo_db0::ScatterState&, tomo_db0::Op&)
CHANGED db0/src/cmd/xshard.o 1028 1028 tomo_db0::(anonymous namespace)::finish_phase1(tomo_db0::ScatterState&, tomo_db0::Op&) [clone .cold]
CHANGED db0/src/cmd/xshard.o 963 963 tomo_db0::(anonymous namespace)::compute_pfmerge(tomo_db0::ScatterState&)
CHANGED db0/src/cmd/xshard.o 358 358 tomo_db0::(anonymous namespace)::encode_elements(std::vector<std::__cxx11::basic_string<char, std::char_traits<char>, std::allocator<char> >, std::allocator<std::__cxx11::basic_string<char, std::char_traits<char>, std::allocator<char> > > > const&, tomo_db0::(anonymous namespace)::ObjectImage&, tomo_db0::Type, long, bool)
CHANGED db0/src/cmd/xshard.o 736 736 tomo_db0::(anonymous namespace)::serialize_object(tomo_db0::KvObj*, tomo_db0::(anonymous namespace)::ObjectImage&)
CHANGED db0/src/cmd/xshard.o 55 55 tomo_db0::(anonymous namespace)::serialize_object(tomo_db0::KvObj*, tomo_db0::(anonymous namespace)::ObjectImage&) [clone .cold]
CHANGED db0/src/cmd/xshard.o 393 393 tomo_db0::(anonymous namespace)::encode_zset_image(std::vector<tomo_db0::(anonymous namespace)::ZImageItem, std::allocator<tomo_db0::(anonymous namespace)::ZImageItem> > const&, tomo_db0::(anonymous namespace)::ObjectImage&)
CHANGED db0/src/cmd/xshard.o 1940 1940 bool tomo_db0::(anonymous namespace)::publish_pop_retry<false>(tomo_db0::Server&, tomo_db0::ThreadCtx&, tomo_db0::Ring&, tomo_db0::Task const&, tomo_db0::ScatterState&)
CHANGED db0/src/cmd/xshard.o 1924 1924 bool tomo_db0::(anonymous namespace)::publish_pop_retry<true>(tomo_db0::Server&, tomo_db0::ThreadCtx&, tomo_db0::Ring&, tomo_db0::Task const&, tomo_db0::ScatterState&)
CHANGED db0/src/cmd/xshard.o 2984 3084 tomo_db0::(anonymous namespace)::execute_atomic_apply(tomo_db0::Task const&, tomo_db0::Shard&, tomo_db0::Op&, unsigned int) [clone .isra.0]
CHANGED db0/src/cmd/xshard.o 873 873 tomo_db0::(anonymous namespace)::script_clear_attempt(tomo_db0::ScatterState&, tomo_db0::Op&)
CHANGED db0/src/cmd/xshard.o 19176 19176 tomo_db0::xshard_prepare(tomo_db0::Server&, tomo_db0::Op&, tomo_db0::ScatterArenaPool&, unsigned int, unsigned long, tomo_db0::ScatterDispatch&, bool, tomo_db0::Client*)
CHANGED db0/src/cmd/xshard.o 6828 6796 tomo_db0::FlatStore::atomic_collapse_read_local(unsigned long, unsigned long)
CHANGED db0/src/cmd/xshard.o 625 625 std::vector<tomo_db0::(anonymous namespace)::ObjectImage, std::allocator<tomo_db0::(anonymous namespace)::ObjectImage> >::resize(unsigned long)
CHANGED src/cmd/geo_store.o 0 47 _GLOBAL__sub_I__ZN4tomo27geo_store_preserve_metadataERNS_5ShardENS_5SliceEmPNS_5KvObjE
CHANGED src/cmd/geo_store.o 0 341 tomo::geo_store_preserve_metadata(tomo::Shard&, tomo::Slice, unsigned long, tomo::KvObj*)
CHANGED src/cmd/geo_store.o 0 630 tomo::FlatStore::find_in(int, unsigned long, tomo::Slice) const
CHANGED src/cmd/geo_store.o 0 183 std::unique_ptr<tomo::atomic_tripwire_detail::State, std::default_delete<tomo::atomic_tripwire_detail::State> >::~unique_ptr()
CHANGED src/cmd/geo_store.o 0 183 std::unique_ptr<tomo::atomic_tripwire_detail::State, std::default_delete<tomo::atomic_tripwire_detail::State> >::~unique_ptr()
CHANGED src/cmd/geo_store.o 0 16 tomo::geo_store_preserve_metadata(tomo::Shard&, tomo::Slice, unsigned long, tomo::KvObj*)::{lambda(tomo::KvObj*, unsigned char)#1}::operator()(tomo::KvObj*, unsigned char) const [clone .isra.0]
CHANGED src/cmd/server_tail.o 705 478 tomo::(anonymous namespace)::reply_map_pair_int(tomo::Op::Sink&, char const*, unsigned long long)
CHANGED src/cmd/server_tail.o 1606 1303 tomo::kvobj_external_bytes(tomo::KvObj const*)
CHANGED src/cmd/server_tail.o 11815 12621 tomo::server_tail_config_subcommand(tomo::Op&)
CHANGED src/cmd/server_tail.o 507 552 tomo::server_tail_config_subcommand(tomo::Op&) [clone .cold]
CHANGED src/cmd/server_tail.o 1669 1498 tomo::server_tail_command_subcommand(tomo::Op&)
CHANGED src/cmd/server_tail.o 75 48 tomo::server_tail_command_subcommand(tomo::Op&) [clone .cold]
CHANGED src/cmd/server_tail.o 0 200 tomo::Compact::capacity_bytes() const
CHANGED src/cmd/server_tail.o 148 0 std::__cxx11::basic_string<char, std::char_traits<char>, std::allocator<char> >::basic_string<std::allocator<char> >(char const*, std::allocator<char> const&) [clone .isra.0]
CHANGED src/cmd/xshard.o 113 113 tomo::(anonymous namespace)::ObjectImage::operator=(tomo::(anonymous namespace)::ObjectImage&&) [clone .constprop.0] [clone .isra.0]
CHANGED src/cmd/xshard.o 49 56 tomo::(anonymous namespace)::ObjectImage::operator=(tomo::(anonymous namespace)::ObjectImage const&) [clone .isra.0]
CHANGED src/cmd/xshard.o 611 675 tomo::(anonymous namespace)::WorkError tomo::(anonymous namespace)::apply_image<false>(tomo::Shard&, tomo::Slice, unsigned long, tomo::(anonymous namespace)::ObjectImage const&, bool) [clone .isra.0]
CHANGED src/cmd/xshard.o 642 706 tomo::(anonymous namespace)::WorkError tomo::(anonymous namespace)::apply_image<true>(tomo::Shard&, tomo::Slice, unsigned long, tomo::(anonymous namespace)::ObjectImage const&, bool)
CHANGED src/cmd/xshard.o 777 777 tomo::(anonymous namespace)::compute_bitop(tomo::(anonymous namespace)::ObjectImage const*, unsigned int, unsigned int, tomo::Slice, tomo::(anonymous namespace)::ObjectImage&, long long&, tomo::(anonymous namespace)::WorkError&) [clone .constprop.0]
CHANGED src/cmd/xshard.o 9235 9251 tomo::(anonymous namespace)::finish_phase1(tomo::ScatterState&, tomo::Op&)
CHANGED src/cmd/xshard.o 1028 1028 tomo::(anonymous namespace)::finish_phase1(tomo::ScatterState&, tomo::Op&) [clone .cold]
CHANGED src/cmd/xshard.o 963 963 tomo::(anonymous namespace)::compute_pfmerge(tomo::ScatterState&)
CHANGED src/cmd/xshard.o 358 358 tomo::(anonymous namespace)::encode_elements(std::vector<std::__cxx11::basic_string<char, std::char_traits<char>, std::allocator<char> >, std::allocator<std::__cxx11::basic_string<char, std::char_traits<char>, std::allocator<char> > > > const&, tomo::(anonymous namespace)::ObjectImage&, tomo::Type, long, bool)
CHANGED src/cmd/xshard.o 736 736 tomo::(anonymous namespace)::serialize_object(tomo::KvObj*, tomo::(anonymous namespace)::ObjectImage&)
CHANGED src/cmd/xshard.o 55 55 tomo::(anonymous namespace)::serialize_object(tomo::KvObj*, tomo::(anonymous namespace)::ObjectImage&) [clone .cold]
CHANGED src/cmd/xshard.o 393 393 tomo::(anonymous namespace)::encode_zset_image(std::vector<tomo::(anonymous namespace)::ZImageItem, std::allocator<tomo::(anonymous namespace)::ZImageItem> > const&, tomo::(anonymous namespace)::ObjectImage&)
CHANGED src/cmd/xshard.o 1940 1940 bool tomo::(anonymous namespace)::publish_pop_retry<false>(tomo::Server&, tomo::ThreadCtx&, tomo::Ring&, tomo::Task const&, tomo::ScatterState&)
CHANGED src/cmd/xshard.o 1924 1924 bool tomo::(anonymous namespace)::publish_pop_retry<true>(tomo::Server&, tomo::ThreadCtx&, tomo::Ring&, tomo::Task const&, tomo::ScatterState&)
CHANGED src/cmd/xshard.o 2366 2478 tomo::(anonymous namespace)::execute_atomic_apply(tomo::Task const&, tomo::Shard&, tomo::Op&, unsigned int) [clone .isra.0]
CHANGED src/cmd/xshard.o 811 811 tomo::(anonymous namespace)::script_clear_attempt(tomo::ScatterState&, tomo::Op&)
CHANGED src/cmd/xshard.o 3326 3454 tomo::(anonymous namespace)::normalize_multi_blocking_pop(tomo::MultiCommand&)
CHANGED src/cmd/xshard.o 45 45 tomo::(anonymous namespace)::normalize_multi_blocking_pop(tomo::MultiCommand&) [clone .cold]
CHANGED src/cmd/xshard.o 18260 18260 tomo::xshard_prepare(tomo::Server&, tomo::Op&, tomo::ScatterArenaPool&, unsigned int, unsigned long, tomo::ScatterDispatch&, bool, tomo::Client*)
CHANGED src/cmd/xshard.o 1702 1456 tomo::IoLoop::pubsub_home_add_pattern(std::__cxx11::basic_string<char, std::char_traits<char>, std::allocator<char> > const&, tomo::IoLoop::PubSubRef const&)
CHANGED src/cmd/xshard.o 625 625 std::vector<tomo::(anonymous namespace)::ObjectImage, std::allocator<tomo::(anonymous namespace)::ObjectImage> >::resize(unsigned long)
Protected bodies: 1239; equal: 1239; unexpected changes: 0
DISCARDED db0/src/cmd/geo_store.o tomo_db0::FlatStore::find_in(int, unsigned long, tomo_db0::Slice) const retained equal copy: db0/src/main.o
DISCARDED db0/src/cmd/geo_store.o std::unique_ptr<tomo_db0::atomic_tripwire_detail::State, std::default_delete<tomo_db0::atomic_tripwire_detail::State> >::~unique_ptr() retained equal copy: db0/src/main.o
DISCARDED db0/src/cmd/geo_store.o std::unique_ptr<tomo_db0::atomic_tripwire_detail::State, std::default_delete<tomo_db0::atomic_tripwire_detail::State> >::~unique_ptr() retained equal copy: db0/src/main.o
DISCARDED db0/src/cmd/server_tail.o tomo_db0::kvobj_external_bytes(tomo_db0::KvObj const*) retained equal copy: db0/src/main.o
DISCARDED db0/src/cmd/server_tail.o tomo_db0::FlatStore::atomic_resolve_internal(unsigned long, tomo_db0::Slice, unsigned long, bool) retained equal copy: db0/src/cmd/xshard.o
DISCARDED db0/src/cmd/xshard.o tomo_db0::FlatStore::atomic_collapse_read_local(unsigned long, unsigned long) retained equal copy: db0/src/main.o
DISCARDED src/cmd/geo_store.o tomo::FlatStore::find_in(int, unsigned long, tomo::Slice) const retained equal copy: src/main.o
DISCARDED src/cmd/geo_store.o std::unique_ptr<tomo::atomic_tripwire_detail::State, std::default_delete<tomo::atomic_tripwire_detail::State> >::~unique_ptr() retained equal copy: src/main.o
DISCARDED src/cmd/geo_store.o std::unique_ptr<tomo::atomic_tripwire_detail::State, std::default_delete<tomo::atomic_tripwire_detail::State> >::~unique_ptr() retained equal copy: src/main.o
DISCARDED src/cmd/server_tail.o tomo::kvobj_external_bytes(tomo::KvObj const*) retained equal copy: src/main.o
DISCARDED src/cmd/server_tail.o tomo::Compact::capacity_bytes() const retained equal copy: src/cmd/t_string.o
DISCARDED src/cmd/xshard.o tomo::IoLoop::pubsub_home_add_pattern(std::__cxx11::basic_string<char, std::char_traits<char>, std::allocator<char> > const&, tomo::IoLoop::PubSubRef const&) retained equal copy: src/main.o
