DIFFER FOCUSED PROOF: selected suites only; not a full differential matrix
DIFFER suites (4): infofix psfix climon monitor
DIFFER geometry: armed-fused (--thread-mode fused --read-local 1)
DIFFER matrix: atomic={0 1} seeds={7 19 20 23 91} legs=40 logs=/home/user/Projects/cx-infofields/build/infofields2/live-matrix/infofields2-POST-armed-fused
  vanilla Redis oracle boot                                  ok (pid=2960623 port=18900)
  oracle identity                                            ok (vanilla redis_version=7.4.10)
  target atomic=0 boot                                       ok (pid=2960648 port=18899)
  differ infofix (atomic=0 seed=7)                           ok (DIFFER infofix: 4200 ops, 0 diffs, 0 deadline-bounded TTL checks -> PASS)
  differ psfix (atomic=0 seed=7)                             ok (DIFFER psfix: 27 exact/property checks, 0 diffs -> PASS)
  differ climon (atomic=0 seed=7)                            ok (DIFFER climon: 4318 ops, 0 diffs -> PASS)
  differ monitor (atomic=0 seed=7)                           ok (DIFFER monitor: 19 driven commands, 15 visible lines per peer, 0 diffs -> PASS)
  differ infofix (atomic=0 seed=19)                          ok (DIFFER infofix: 4200 ops, 0 diffs, 0 deadline-bounded TTL checks -> PASS)
  differ psfix (atomic=0 seed=19)                            ok (DIFFER psfix: 27 exact/property checks, 0 diffs -> PASS)
  differ climon (atomic=0 seed=19)                           ok (DIFFER climon: 4318 ops, 0 diffs -> PASS)
  differ monitor (atomic=0 seed=19)                          ok (DIFFER monitor: 19 driven commands, 15 visible lines per peer, 0 diffs -> PASS)
  differ infofix (atomic=0 seed=20)                          ok (DIFFER infofix: 4200 ops, 0 diffs, 0 deadline-bounded TTL checks -> PASS)
  differ psfix (atomic=0 seed=20)                            ok (DIFFER psfix: 27 exact/property checks, 0 diffs -> PASS)
  differ climon (atomic=0 seed=20)                           ok (DIFFER climon: 4318 ops, 0 diffs -> PASS)
  differ monitor (atomic=0 seed=20)                          ok (DIFFER monitor: 19 driven commands, 15 visible lines per peer, 0 diffs -> PASS)
  differ infofix (atomic=0 seed=23)                          ok (DIFFER infofix: 4200 ops, 0 diffs, 0 deadline-bounded TTL checks -> PASS)
  differ psfix (atomic=0 seed=23)                            ok (DIFFER psfix: 27 exact/property checks, 0 diffs -> PASS)
  differ climon (atomic=0 seed=23)                           ok (DIFFER climon: 4318 ops, 0 diffs -> PASS)
  differ monitor (atomic=0 seed=23)                          ok (DIFFER monitor: 19 driven commands, 15 visible lines per peer, 0 diffs -> PASS)
  differ infofix (atomic=0 seed=91)                          ok (DIFFER infofix: 4200 ops, 0 diffs, 0 deadline-bounded TTL checks -> PASS)
  differ psfix (atomic=0 seed=91)                            ok (DIFFER psfix: 27 exact/property checks, 0 diffs -> PASS)
  differ climon (atomic=0 seed=91)                           ok (DIFFER climon: 4318 ops, 0 diffs -> PASS)
  differ monitor (atomic=0 seed=91)                          ok (DIFFER monitor: 19 driven commands, 15 visible lines per peer, 0 diffs -> PASS)
  read-local lane fired (atomic=0)                           ok (hits=36 fallbacks=15 at peak; final_hits=34 final_fallbacks=15)
  target atomic=0 stop                                       ok (port 18899 free)
  target atomic=1 boot                                       ok (pid=2992150 port=18899)
  differ infofix (atomic=1 seed=7)                           ok (DIFFER infofix: 4200 ops, 0 diffs, 0 deadline-bounded TTL checks -> PASS)
  differ psfix (atomic=1 seed=7)                             ok (DIFFER psfix: 27 exact/property checks, 0 diffs -> PASS)
  differ climon (atomic=1 seed=7)                            ok (DIFFER climon: 4318 ops, 0 diffs -> PASS)
  differ monitor (atomic=1 seed=7)                           ok (DIFFER monitor: 19 driven commands, 15 visible lines per peer, 0 diffs -> PASS)
  differ infofix (atomic=1 seed=19)                          ok (DIFFER infofix: 4200 ops, 0 diffs, 0 deadline-bounded TTL checks -> PASS)
  differ psfix (atomic=1 seed=19)                            ok (DIFFER psfix: 27 exact/property checks, 0 diffs -> PASS)
  differ climon (atomic=1 seed=19)                           ok (DIFFER climon: 4318 ops, 0 diffs -> PASS)
  differ monitor (atomic=1 seed=19)                          ok (DIFFER monitor: 19 driven commands, 15 visible lines per peer, 0 diffs -> PASS)
  differ infofix (atomic=1 seed=20)                          ok (DIFFER infofix: 4200 ops, 0 diffs, 0 deadline-bounded TTL checks -> PASS)
  differ psfix (atomic=1 seed=20)                            ok (DIFFER psfix: 27 exact/property checks, 0 diffs -> PASS)
  differ climon (atomic=1 seed=20)                           ok (DIFFER climon: 4318 ops, 0 diffs -> PASS)
  differ monitor (atomic=1 seed=20)                          ok (DIFFER monitor: 19 driven commands, 15 visible lines per peer, 0 diffs -> PASS)
  differ infofix (atomic=1 seed=23)                          ok (DIFFER infofix: 4200 ops, 0 diffs, 0 deadline-bounded TTL checks -> PASS)
  differ psfix (atomic=1 seed=23)                            ok (DIFFER psfix: 27 exact/property checks, 0 diffs -> PASS)
  differ climon (atomic=1 seed=23)                           ok (DIFFER climon: 4318 ops, 0 diffs -> PASS)
  differ monitor (atomic=1 seed=23)                          ok (DIFFER monitor: 19 driven commands, 15 visible lines per peer, 0 diffs -> PASS)
  differ infofix (atomic=1 seed=91)                          ok (DIFFER infofix: 4200 ops, 0 diffs, 0 deadline-bounded TTL checks -> PASS)
  differ psfix (atomic=1 seed=91)                            ok (DIFFER psfix: 27 exact/property checks, 0 diffs -> PASS)
  differ climon (atomic=1 seed=91)                           ok (DIFFER climon: 4318 ops, 0 diffs -> PASS)
  differ monitor (atomic=1 seed=91)                          ok (DIFFER monitor: 19 driven commands, 15 visible lines per peer, 0 diffs -> PASS)
  read-local lane fired (atomic=1)                           ok (hits=36 fallbacks=15 at peak; final_hits=34 final_fallbacks=15)
  target atomic=1 stop                                       ok (port 18899 free)
  oracle stop                                                ok (port 18900 free)
DIFFER COMMAND COVERAGE: diffed 21 of 245 registered commands (104680 recorded comparison witnesses, 40 legs)
  not observed in compared replies/properties: ACL, ASKING, BGREWRITEAOF, BITCOUNT, BITFIELD, BITFIELD_RO, BITOP, BITPOS, BLMOVE, BLMPOP, BLPOP, BRPOP, BRPOPLPUSH, BZMPOP, BZPOPMAX, BZPOPMIN, COMMAND, COPY, DBSIZE, DEBUG, DECR, DECRBY, DISCARD, DUMP, ECHO, EXEC, EXPIRE, EXPIREAT, EXPIRETIME, FAILOVER, FLIP, FLUSHALL, FLUSHDB, FUNCTION, GEOADD, GEODIST, GEOHASH, GEOPOS, GEORADIUS, GEORADIUSBYMEMBER, GEORADIUSBYMEMBER_RO, GEORADIUS_RO, GEOSEARCH, GEOSEARCHSTORE, GETBIT, GETDEL, GETEX, GETRANGE, GETSET, HDEL, HELLO, HEXISTS, HEXPIRE, HEXPIREAT, HEXPIRETIME, HGET, HGETALL, HINCRBY, HINCRBYFLOAT, HKEYS, HLEN, HMGET, HMSET, HPERSIST, HPEXPIRE, HPEXPIREAT, HPEXPIRETIME, HPTTL, HRANDFIELD, HSCAN, HSET, HSETNX, HSTRLEN, HTTL, HVALS, INCR, INCRBY, INCRBYFLOAT, KEYS, LASTSAVE, LATENCY, LCS, LINDEX, LINSERT, LLEN, LMOVE, LMPOP, LOLWUT, LPOP, LPOS, LPUSH, LPUSHX, LRANGE, LREM, LSET, LTRIM, MEMORY, MGET, MONITOR, MOVE, MSET, MSETNX, MULTI, OBJECT, PERSIST, PEXPIRE, PEXPIREAT, PEXPIRETIME, PFADD, PFCOUNT, PFDEBUG, PFMERGE, PFSELFTEST, PSETEX, PSUBSCRIBE, PTTL, PUBLISH, PUBSUB, PUNSUBSCRIBE, QUIT, RANDOMKEY, READONLY, READWRITE, RENAME, RENAMENX, REPLICAOF, RESTORE, RESTORE-ASKING, ROLE, RPOP, RPOPLPUSH, RPUSH, RPUSHX, SADD, SCAN, SCARD, SCRIPT, SDIFF, SDIFFSTORE, SELECT, SETBIT, SETEX, SETNX, SETRANGE, SHUTDOWN, SINTER, SINTERCARD, SINTERSTORE, SISMEMBER, SLAVEOF, SLOWLOG, SMEMBERS, SMISMEMBER, SMOVE, SORT, SORT_RO, SPOP, SPUBLISH, SRANDMEMBER, SREM, SSCAN, SSUBSCRIBE, SUBSCRIBE, SUBSTR, SUNION, SUNIONSTORE, SUNSUBSCRIBE, SWAPDB, TIME, TOUCH, TTL, UNLINK, UNSUBSCRIBE, UNWATCH, WAIT, WAITAOF, WATCH, XACK, XADD, XAUTOCLAIM, XCLAIM, XDEL, XGROUP, XINFO, XLEN, XPENDING, XRANGE, XREAD, XREADGROUP, XREVRANGE, XSETID, XTRIM, ZADD, ZCARD, ZCOUNT, ZDIFF, ZDIFFSTORE, ZINCRBY, ZINTER, ZINTERCARD, ZINTERSTORE, ZLEXCOUNT, ZMPOP, ZMSCORE, ZPOPMAX, ZPOPMIN, ZRANDMEMBER, ZRANGE, ZRANGEBYLEX, ZRANGEBYSCORE, ZRANGESTORE, ZRANK, ZREM, ZREMRANGEBYLEX, ZREMRANGEBYRANK, ZREMRANGEBYSCORE, ZREVRANGE, ZREVRANGEBYLEX, ZREVRANGEBYSCORE, ZREVRANK, ZSCAN, ZSCORE, ZUNION, ZUNIONSTORE
DIFFER FOCUSED PROOF: pass=42 fail=0 runtime=13m41s
