DIFFER FOCUSED PROOF: selected suites only; not a full differential matrix
DIFFER suites (4): psfix multi xshard servertail
DIFFER geometry: armed-fused (--thread-mode fused --read-local 1)
DIFFER matrix: atomic={0 1} seeds={7 19 20 23} legs=32 logs=/home/user/Projects/cx-aoffix2/build/aoffix2/differ/armed-fused
  vanilla Redis oracle boot                                  ok (pid=1333299 port=25005)
  oracle identity                                            ok (vanilla redis_version=7.4.10)
  target atomic=0 boot                                       ok (pid=1333548 port=25004)
  differ psfix (atomic=0 seed=7)                             ok (DIFFER psfix: 27 exact/property checks, 0 diffs -> PASS)
  differ multi (atomic=0 seed=7)                             ok (DIFFER multi: 4275 ops, 0 diffs, 0 deadline-bounded TTL checks -> PASS)
  differ xshard (atomic=0 seed=7)                            ok (DIFFER xshard: 4276 ops, 0 diffs, 0 deadline-bounded TTL checks -> PASS)
  differ servertail (atomic=0 seed=7)                        ok (DIFFER servertail: 5339 ops, 0 diffs, 0 deadline-bounded TTL checks -> PASS)
  differ psfix (atomic=0 seed=19)                            ok (DIFFER psfix: 27 exact/property checks, 0 diffs -> PASS)
  differ multi (atomic=0 seed=19)                            ok (DIFFER multi: 4272 ops, 0 diffs, 0 deadline-bounded TTL checks -> PASS)
  differ xshard (atomic=0 seed=19)                           ok (DIFFER xshard: 4276 ops, 0 diffs, 0 deadline-bounded TTL checks -> PASS)
  differ servertail (atomic=0 seed=19)                       ok (DIFFER servertail: 5339 ops, 0 diffs, 0 deadline-bounded TTL checks -> PASS)
  differ psfix (atomic=0 seed=20)                            ok (DIFFER psfix: 27 exact/property checks, 0 diffs -> PASS)
  differ multi (atomic=0 seed=20)                            ok (DIFFER multi: 4204 ops, 0 diffs, 0 deadline-bounded TTL checks -> PASS)
  differ xshard (atomic=0 seed=20)                           ok (DIFFER xshard: 4276 ops, 0 diffs, 0 deadline-bounded TTL checks -> PASS)
  differ servertail (atomic=0 seed=20)                       ok (DIFFER servertail: 5339 ops, 0 diffs, 0 deadline-bounded TTL checks -> PASS)
  differ psfix (atomic=0 seed=23)                            ok (DIFFER psfix: 27 exact/property checks, 0 diffs -> PASS)
  differ multi (atomic=0 seed=23)                            ok (DIFFER multi: 4227 ops, 0 diffs, 0 deadline-bounded TTL checks -> PASS)
  differ xshard (atomic=0 seed=23)                           ok (DIFFER xshard: 4276 ops, 0 diffs, 0 deadline-bounded TTL checks -> PASS)
  differ servertail (atomic=0 seed=23)                       ok (DIFFER servertail: 5339 ops, 0 diffs, 0 deadline-bounded TTL checks -> PASS)
  read-local lane fired (atomic=0)                           ok (hits=118 fallbacks=483 at peak; final_hits=102 final_fallbacks=450)
  target atomic=0 stop                                       ok (port 25004 free)
  target atomic=1 boot                                       ok (pid=1360982 port=25004)
  differ psfix (atomic=1 seed=7)                             ok (DIFFER psfix: 27 exact/property checks, 0 diffs -> PASS)
  differ multi (atomic=1 seed=7)                             ok (DIFFER multi: 4275 ops, 0 diffs, 0 deadline-bounded TTL checks -> PASS)
  differ xshard (atomic=1 seed=7)                            ok (DIFFER xshard: 4276 ops, 0 diffs, 0 deadline-bounded TTL checks -> PASS)
  differ servertail (atomic=1 seed=7)                        ok (DIFFER servertail: 5339 ops, 0 diffs, 0 deadline-bounded TTL checks -> PASS)
  differ psfix (atomic=1 seed=19)                            ok (DIFFER psfix: 27 exact/property checks, 0 diffs -> PASS)
  differ multi (atomic=1 seed=19)                            ok (DIFFER multi: 4272 ops, 0 diffs, 0 deadline-bounded TTL checks -> PASS)
  differ xshard (atomic=1 seed=19)                           ok (DIFFER xshard: 4276 ops, 0 diffs, 0 deadline-bounded TTL checks -> PASS)
  differ servertail (atomic=1 seed=19)                       ok (DIFFER servertail: 5339 ops, 0 diffs, 0 deadline-bounded TTL checks -> PASS)
  differ psfix (atomic=1 seed=20)                            ok (DIFFER psfix: 27 exact/property checks, 0 diffs -> PASS)
  differ multi (atomic=1 seed=20)                            ok (DIFFER multi: 4204 ops, 0 diffs, 0 deadline-bounded TTL checks -> PASS)
  differ xshard (atomic=1 seed=20)                           ok (DIFFER xshard: 4276 ops, 0 diffs, 0 deadline-bounded TTL checks -> PASS)
  differ servertail (atomic=1 seed=20)                       ok (DIFFER servertail: 5339 ops, 0 diffs, 0 deadline-bounded TTL checks -> PASS)
  differ psfix (atomic=1 seed=23)                            ok (DIFFER psfix: 27 exact/property checks, 0 diffs -> PASS)
  differ multi (atomic=1 seed=23)                            ok (DIFFER multi: 4227 ops, 0 diffs, 0 deadline-bounded TTL checks -> PASS)
  differ xshard (atomic=1 seed=23)                           ok (DIFFER xshard: 4276 ops, 0 diffs, 0 deadline-bounded TTL checks -> PASS)
  differ servertail (atomic=1 seed=23)                       ok (DIFFER servertail: 5339 ops, 0 diffs, 0 deadline-bounded TTL checks -> PASS)
  read-local lane fired (atomic=1)                           ok (hits=100 fallbacks=501 at peak; final_hits=83 final_fallbacks=469)
  target atomic=1 stop                                       ok (port 25004 free)
  oracle stop                                                ok (port 25005 free)
DIFFER COMMAND COVERAGE: diffed 62 of 245 registered commands (111100 recorded comparison witnesses, 32 legs)
  not observed in compared replies/properties: ACL, ASKING, AUTH, BGREWRITEAOF, BITCOUNT, BITFIELD, BITFIELD_RO, BITOP, BITPOS, BLMOVE, BLMPOP, BLPOP, BRPOP, BRPOPLPUSH, BZMPOP, BZPOPMAX, BZPOPMIN, CLIENT, DBSIZE, DECR, DECRBY, DUMP, ECHO, EVAL, EVALSHA, EVALSHA_RO, EVAL_RO, EXPIRE, EXPIREAT, EXPIRETIME, FCALL, FCALL_RO, FLIP, FLUSHALL, FLUSHDB, FUNCTION, GEOADD, GEODIST, GEOHASH, GEOPOS, GEORADIUS, GEORADIUSBYMEMBER, GEORADIUSBYMEMBER_RO, GEORADIUS_RO, GEOSEARCH, GEOSEARCHSTORE, GETBIT, GETEX, HDEL, HELLO, HEXISTS, HEXPIRE, HEXPIREAT, HEXPIRETIME, HGET, HGETALL, HINCRBY, HINCRBYFLOAT, HKEYS, HLEN, HMGET, HMSET, HPERSIST, HPEXPIRE, HPEXPIREAT, HPEXPIRETIME, HPTTL, HSCAN, HSETNX, HSTRLEN, HTTL, HVALS, INCR, INCRBYFLOAT, LASTSAVE, LATENCY, LINDEX, LINSERT, LMPOP, LOLWUT, LPOS, LPUSH, LPUSHX, LREM, LSET, LTRIM, MONITOR, MOVE, PERSIST, PEXPIRE, PEXPIREAT, PEXPIRETIME, PFADD, PFCOUNT, PFDEBUG, PFMERGE, PING, PSETEX, PSUBSCRIBE, PTTL, PUBLISH, PUBSUB, PUNSUBSCRIBE, QUIT, RANDOMKEY, READONLY, READWRITE, REPLICAOF, RESET, RESTORE, RESTORE-ASKING, RPOP, RPUSHX, SCAN, SCARD, SCRIPT, SELECT, SETBIT, SETEX, SETRANGE, SHUTDOWN, SISMEMBER, SLAVEOF, SLOWLOG, SMISMEMBER, SORT, SPUBLISH, SREM, SSCAN, SSUBSCRIBE, SUBSCRIBE, SUNSUBSCRIBE, SWAPDB, TIME, TTL, UNSUBSCRIBE, UNWATCH, WAITAOF, WATCH, XACK, XAUTOCLAIM, XCLAIM, XDEL, XGROUP, XINFO, XLEN, XPENDING, XRANGE, XREAD, XREADGROUP, XREVRANGE, XSETID, XTRIM, ZCARD, ZCOUNT, ZDIFF, ZDIFFSTORE, ZINCRBY, ZINTER, ZINTERCARD, ZINTERSTORE, ZLEXCOUNT, ZMPOP, ZMSCORE, ZPOPMAX, ZPOPMIN, ZRANGE, ZRANGEBYLEX, ZRANGEBYSCORE, ZRANGESTORE, ZRANK, ZREM, ZREMRANGEBYLEX, ZREMRANGEBYRANK, ZREMRANGEBYSCORE, ZREVRANGE, ZREVRANGEBYLEX, ZREVRANGEBYSCORE, ZREVRANK, ZSCAN, ZSCORE, ZUNION, ZUNIONSTORE
DIFFER FOCUSED PROOF: pass=34 fail=0 runtime=2m40s
