topology: 1 L3 domain(s)
  domain  0: 8 cpus [0,1,2,3,4,5,6,7]
tomokv-cpp: 8 unified threads, 64 shard(s), thread-mode=1s, overlap=0 (executor prefetch; ordinary IO), io_uring, alloc=jemalloc, reorder=0, read-local=1
  thread t0: role=unified cpu=0 L3=0 shards=8 send=self
  thread t1: role=unified cpu=1 L3=0 shards=8 send=self
  thread t2: role=unified cpu=2 L3=0 shards=8 send=self
  thread t3: role=unified cpu=3 L3=0 shards=8 send=self
  thread t4: role=unified cpu=4 L3=0 shards=8 send=self
  thread t5: role=unified cpu=5 L3=0 shards=8 send=self
  thread t6: role=unified cpu=6 L3=0 shards=8 send=self
  thread t7: role=unified cpu=7 L3=0 shards=8 send=self
listening on 127.0.0.1:7899
persistence: enabled=0 posted=0 flushed=0 durable=0 refused=0 pending_chunks=0 producers_with_pending=0 drain_gave_up=0 failed=0

thread role          ops      iters   busy_ms   idle_ms    cpu_ms   wake_tx  wake_rx
t0     uni       2478683     431707    1550.3   23947.7    1869.1    123262   219638
io_tenure t0/0 busy_ns=1550258716 idle_ns=23947663357 entry_ns=2881325082555679 begin_ns=2881325082555709 end_ns=2881350580477782 exit_ns=2881350580477822 role_exit=0 stopped=1
t1     uni       2393120     405913    1469.2   24028.7    1771.7     95256   195105
io_tenure t1/0 busy_ns=1469220370 idle_ns=24028697694 entry_ns=2881325082549979 begin_ns=2881325082550009 end_ns=2881350580468073 exit_ns=2881350580468313 role_exit=0 stopped=1
t2     uni       2421258     440359    1440.8   24057.2    1754.2    120227   213871
io_tenure t2/0 busy_ns=1440755587 idle_ns=24057161697 entry_ns=2881325082551399 begin_ns=2881325082551429 end_ns=2881350580468713 exit_ns=2881350580468842 role_exit=0 stopped=1
t3     uni       1977575     370431    1210.3   24287.6    1497.4     72494   168969
io_tenure t3/0 busy_ns=1210338003 idle_ns=24287576090 entry_ns=2881325082551259 begin_ns=2881325082551289 end_ns=2881350580465382 exit_ns=2881350580465693 role_exit=0 stopped=1
t4     uni       2777987     411434    1464.4   24033.6    1793.3    108514   194947
io_tenure t4/0 busy_ns=1464351300 idle_ns=24033558964 entry_ns=2881325082559299 begin_ns=2881325082559329 end_ns=2881350580469593 exit_ns=2881350580469713 role_exit=0 stopped=1
t5     uni       2391087     418482    1433.6   24064.3    1740.0     95674   193720
io_tenure t5/0 busy_ns=1433602557 idle_ns=24064307586 entry_ns=2881325082553989 begin_ns=2881325082554139 end_ns=2881350580464282 exit_ns=2881350580464413 role_exit=0 stopped=1
t6     uni       1954268     395757    1297.0   24200.9    1588.1     96058   198253
io_tenure t6/0 busy_ns=1297022227 idle_ns=24200894936 entry_ns=2881325082550349 begin_ns=2881325082550499 end_ns=2881350580467662 exit_ns=2881350580467793 role_exit=0 stopped=1
t7     uni       1720813     348156    1137.5   24360.4    1409.6     61628   161723
io_tenure t7/0 busy_ns=1137472294 idle_ns=24360434510 entry_ns=2881325082557549 begin_ns=2881325082557569 end_ns=2881350580464373 exit_ns=2881350580464673 role_exit=0 stopped=1
wb: retired=8946206 direct=132258 sends=388517/388517 short=0 err=0 peer_aborts=0 bytes=202626644 zc_sends=0 zc_bytes=0 zc_releases=0 serves=410653 empty=22136
tls: accepts=0 handshakes=0/0 failed=0 freed=0 want_read=0 want_write=0 cipher_in=0 plain_in=0 cipher_out=0 plain_out=0 zc_suppressed=0 ktls_active=0 ktls_fallback=0
stuck: live_conns=0 rob_not_quiesced=0 unsent_bytes_pending=0 | slots done=0 issued=0 free=0 flag_set=0
shutdown: unified_work=18114791 accepts=50 accept_err=0 rearm=0 sqe_starved=0 notify_drop=0
shutdown_report {"schema":1,"thread_mode":"1s","work":{"kind":"fused","unified":18114791},"threads":[{"tid":0,"role":"fused","ops":2478683,"iterations":431707,"busy_ns":1550258716,"idle_ns":23947663357,"cpu_ns":1869137727,"wake_tx":123262,"wake_rx":219638,"io_tenures":[{"entry_ns":2881325082555679,"begin_ns":2881325082555709,"end_ns":2881350580477782,"exit_ns":2881350580477822,"busy_ns":1550258716,"idle_ns":23947663357,"role_exit":false,"stopped":true,"did_submit":0,"sweep_submit":0,"park":0}]},{"tid":1,"role":"fused","ops":2393120,"iterations":405913,"busy_ns":1469220370,"idle_ns":24028697694,"cpu_ns":1771709351,"wake_tx":95256,"wake_rx":195105,"io_tenures":[{"entry_ns":2881325082549979,"begin_ns":2881325082550009,"end_ns":2881350580468073,"exit_ns":2881350580468313,"busy_ns":1469220370,"idle_ns":24028697694,"role_exit":false,"stopped":true,"did_submit":0,"sweep_submit":0,"park":0}]},{"tid":2,"role":"fused","ops":2421258,"iterations":440359,"busy_ns":1440755587,"idle_ns":24057161697,"cpu_ns":1754170529,"wake_tx":120227,"wake_rx":213871,"io_tenures":[{"entry_ns":2881325082551399,"begin_ns":2881325082551429,"end_ns":2881350580468713,"exit_ns":2881350580468842,"busy_ns":1440755587,"idle_ns":24057161697,"role_exit":false,"stopped":true,"did_submit":0,"sweep_submit":0,"park":0}]},{"tid":3,"role":"fused","ops":1977575,"iterations":370431,"busy_ns":1210338003,"idle_ns":24287576090,"cpu_ns":1497369228,"wake_tx":72494,"wake_rx":168969,"io_tenures":[{"entry_ns":2881325082551259,"begin_ns":2881325082551289,"end_ns":2881350580465382,"exit_ns":2881350580465693,"busy_ns":1210338003,"idle_ns":24287576090,"role_exit":false,"stopped":true,"did_submit":0,"sweep_submit":0,"park":0}]},{"tid":4,"role":"fused","ops":2777987,"iterations":411434,"busy_ns":1464351300,"idle_ns":24033558964,"cpu_ns":1793306120,"wake_tx":108514,"wake_rx":194947,"io_tenures":[{"entry_ns":2881325082559299,"begin_ns":2881325082559329,"end_ns":2881350580469593,"exit_ns":2881350580469713,"busy_ns":1464351300,"idle_ns":24033558964,"role_exit":false,"stopped":true,"did_submit":0,"sweep_submit":0,"park":0}]},{"tid":5,"role":"fused","ops":2391087,"iterations":418482,"busy_ns":1433602557,"idle_ns":24064307586,"cpu_ns":1740006410,"wake_tx":95674,"wake_rx":193720,"io_tenures":[{"entry_ns":2881325082553989,"begin_ns":2881325082554139,"end_ns":2881350580464282,"exit_ns":2881350580464413,"busy_ns":1433602557,"idle_ns":24064307586,"role_exit":false,"stopped":true,"did_submit":0,"sweep_submit":0,"park":0}]},{"tid":6,"role":"fused","ops":1954268,"iterations":395757,"busy_ns":1297022227,"idle_ns":24200894936,"cpu_ns":1588083204,"wake_tx":96058,"wake_rx":198253,"io_tenures":[{"entry_ns":2881325082550349,"begin_ns":2881325082550499,"end_ns":2881350580467662,"exit_ns":2881350580467793,"busy_ns":1297022227,"idle_ns":24200894936,"role_exit":false,"stopped":true,"did_submit":0,"sweep_submit":0,"park":0}]},{"tid":7,"role":"fused","ops":1720813,"iterations":348156,"busy_ns":1137472294,"idle_ns":24360434510,"cpu_ns":1409577890,"wake_tx":61628,"wake_rx":161723,"io_tenures":[{"entry_ns":2881325082557549,"begin_ns":2881325082557569,"end_ns":2881350580464373,"exit_ns":2881350580464673,"busy_ns":1137472294,"idle_ns":24360434510,"role_exit":false,"stopped":true,"did_submit":0,"sweep_submit":0,"park":0}]}],"wb":{"retired":8946206,"direct":132258,"sends_completed":388517,"sends_submitted":388517,"short_writes":0,"send_errors":0,"peer_aborts":0,"bytes_sent":202626644,"zc_sends":0,"zc_bytes":0,"zc_releases":0,"serves":410653,"serves_empty":22136},"tls":{"accepts":0,"handshakes_completed":0,"handshakes_started":0,"handshakes_failed":0,"connections_freed":0,"want_read":0,"want_write":0,"ciphertext_input_bytes":0,"plaintext_input_bytes":0,"ciphertext_output_bytes":0,"plaintext_output_bytes":0,"zc_suppressed":0,"ktls_active":0,"ktls_fallback":0},"stuck":{"live_conns":0,"rob_not_quiesced":0,"unsent_bytes_pending":0,"slots_done":0,"slots_issued":0,"slots_free":0,"flag_set":0},"epoll":{"enabled":false,"events":0,"recvs":0},"persistence":{"enabled":false,"recording":false,"failed":false,"drain_gave_up":false,"posted":0,"flushed":0,"durable":0,"refused":0,"pending_chunks":0,"records_written":0,"producers_with_pending":0,"producers_stopped":0,"producers_expected":0,"completions_pending":0},"accept":{"accepts":50,"accept_err":0,"rearm":0,"sqe_starved":0,"notify_drop":0}}
