Traceback (most recent call last):
  File "/home/user/Projects/cx-gt13split/tests/read_local_lane.py", line 597, in <module>
    self_test(sys.argv[2] if len(sys.argv) > 2 else "transient")
  File "/home/user/Projects/cx-gt13split/tests/read_local_lane.py", line 496, in self_test
    return mget_fence_self_test(trace)
           ^^^^^^^^^^^^^^^^^^^^^^^^^^^
  File "/home/user/Projects/cx-gt13split/tests/read_local_lane.py", line 302, in mget_fence_self_test
    mget_fence()
  File "/home/user/Projects/cx-gt13split/tests/read_local_lane.py", line 167, in mget_fence
    c.sock.sendall(payload)
  File "/home/user/Projects/cx-gt13split/tests/read_local_lane.py", line 266, in sendall
    commands.append(wire.read())
                    ^^^^^^^^^^^
  File "/home/user/Projects/cx-gt13split/tests/read_local_lane.py", line 263, in <lambda>
    wire.read = lambda: read_resp(wire)
                        ^^^^^^^^^^^^^^^
  File "/home/user/Projects/cx-gt13split/tests/_lib.py", line 158, in read
    head = self._read(1)
           ^^^^^^^^^^
AttributeError: 'types.SimpleNamespace' object has no attribute '_read'. Did you mean: 'read'?
