          tomokv 1859275/1859279 [115] 2928232.297471249: PERF_RECORD_SWITCH_CPU_WIDE IN           prev pid/tid:     0/0
          tomokv 1859275/1859276 [112] 2928232.297486479: PERF_RECORD_SWITCH_CPU_WIDE IN           prev pid/tid:     0/0
          tomokv 1859275/1859281 [117] 2928232.297486839: PERF_RECORD_SWITCH_CPU_WIDE IN           prev pid/tid:     0/0
          tomokv 1859275/1859283 [119] 2928232.297486959: PERF_RECORD_SWITCH_CPU_WIDE IN           prev pid/tid:     0/0
          tomokv 1859275/1859280 [116] 2928232.297486969: PERF_RECORD_SWITCH_CPU_WIDE IN           prev pid/tid:     0/0
          tomokv 1859275/1859282 [118] 2928232.297487689: PERF_RECORD_SWITCH_CPU_WIDE IN           prev pid/tid:     0/0
          tomokv 1859275/1859277 [113] 2928232.297488049: PERF_RECORD_SWITCH_CPU_WIDE IN           prev pid/tid:     0/0
          tomokv 1859275/1859276 [112] 2928232.297490439: PERF_RECORD_SWITCH_CPU_WIDE OUT          next pid/tid:     0/0
          tomokv 1859275/1859281 [117] 2928232.297491169: PERF_RECORD_SWITCH_CPU_WIDE OUT          next pid/tid:     0/0
          tomokv 1859275/1859282 [118] 2928232.297491529: PERF_RECORD_SWITCH_CPU_WIDE OUT          next pid/tid:     0/0
          tomokv 1859275/1859277 [113] 2928232.297492659: PERF_RECORD_SWITCH_CPU_WIDE OUT          next pid/tid:     0/0
          tomokv 1859275/1859280 [116] 2928232.297495279: PERF_RECORD_SWITCH_CPU_WIDE OUT          next pid/tid:     0/0
          tomokv 1859275/1859283 [119] 2928232.297498799: PERF_RECORD_SWITCH_CPU_WIDE OUT          next pid/tid:     0/0
          tomokv 1859275/1859277 [113] 2928232.297500689: PERF_RECORD_SWITCH_CPU_WIDE IN           prev pid/tid:     0/0
          tomokv 1859275/1859280 [116] 2928232.297500889: PERF_RECORD_SWITCH_CPU_WIDE IN           prev pid/tid:     0/0
          tomokv 1859275/1859281 [117] 2928232.297501259: PERF_RECORD_SWITCH_CPU_WIDE IN           prev pid/tid:     0/0
          tomokv 1859275/1859276 [112] 2928232.297501519: PERF_RECORD_SWITCH_CPU_WIDE IN           prev pid/tid:     0/0
          tomokv 1859275/1859282 [118] 2928232.297501839: PERF_RECORD_SWITCH_CPU_WIDE IN           prev pid/tid:     0/0
          tomokv 1859275/1859278 [114] 2928232.297502139: PERF_RECORD_SWITCH_CPU_WIDE IN           prev pid/tid:     0/0
          tomokv 1859275/1859280 [116] 2928232.297504909: PERF_RECORD_SWITCH_CPU_WIDE OUT          next pid/tid:     0/0
          tomokv 1859275/1859282 [118] 2928232.297505179: PERF_RECORD_SWITCH_CPU_WIDE OUT          next pid/tid:     0/0
          tomokv 1859275/1859277 [113] 2928232.297505269: PERF_RECORD_SWITCH_CPU_WIDE OUT          next pid/tid:     0/0
          tomokv 1859275/1859276 [112] 2928232.297505609: PERF_RECORD_SWITCH_CPU_WIDE OUT          next pid/tid:     0/0
          tomokv 1859275/1859281 [117] 2928232.297505609: PERF_RECORD_SWITCH_CPU_WIDE OUT          next pid/tid:     0/0
          tomokv 1859275/1859278 [114] 2928232.297505689: PERF_RECORD_SWITCH_CPU_WIDE OUT          next pid/tid:     0/0
          tomokv 1859275/1859276 [112] 2928232.297519559: PERF_RECORD_SWITCH_CPU_WIDE IN           prev pid/tid:     0/0
          tomokv 1859275/1859279 [115] 2928232.297520149: PERF_RECORD_SWITCH_CPU_WIDE OUT          next pid/tid:     0/0
          tomokv 1859275/1859279 [115] 2928232.297523619: PERF_RECORD_SWITCH_CPU_WIDE IN           prev pid/tid:     0/0
          tomokv 1859275/1859276 [112] 2928232.297523879: PERF_RECORD_SWITCH_CPU_WIDE OUT          next pid/tid:     0/0
          tomokv 1859275/1859276 [112] 2928232.297532969: PERF_RECORD_SWITCH_CPU_WIDE IN           prev pid/tid:     0/0
          tomokv 1859275/1859277 [113] 2928232.297533089: PERF_RECORD_SWITCH_CPU_WIDE IN           prev pid/tid:     0/0
          tomokv 1859275/1859278 [114] 2928232.297533309: PERF_RECORD_SWITCH_CPU_WIDE IN           prev pid/tid:     0/0
          tomokv 1859275/1859282 [118] 2928232.297533739: PERF_RECORD_SWITCH_CPU_WIDE IN           prev pid/tid:     0/0
          tomokv 1859275/1859280 [116] 2928232.297533909: PERF_RECORD_SWITCH_CPU_WIDE IN           prev pid/tid:     0/0
          tomokv 1859275/1859277 [113] 2928232.297535979: PERF_RECORD_SWITCH_CPU_WIDE OUT          next pid/tid:     0/0
          tomokv 1859275/1859276 [112] 2928232.297535989: PERF_RECORD_SWITCH_CPU_WIDE OUT          next pid/tid:     0/0
          tomokv 1859275/1859278 [114] 2928232.297536159: PERF_RECORD_SWITCH_CPU_WIDE OUT          next pid/tid:     0/0
          tomokv 1859275/1859280 [116] 2928232.297538309: PERF_RECORD_SWITCH_CPU_WIDE OUT          next pid/tid:     0/0
          tomokv 1859275/1859282 [118] 2928232.297538359: PERF_RECORD_SWITCH_CPU_WIDE OUT          next pid/tid:     0/0
          tomokv 1859275/1859276 [112] 2928232.297542909: PERF_RECORD_SWITCH_CPU_WIDE IN           prev pid/tid:     0/0
          tomokv 1859275/1859278 [114] 2928232.297543239: PERF_RECORD_SWITCH_CPU_WIDE IN           prev pid/tid:     0/0
          tomokv 1859275/1859280 [116] 2928232.297543539: PERF_RECORD_SWITCH_CPU_WIDE IN           prev pid/tid:     0/0
          tomokv 1859275/1859279 [115] 2928232.297544149: PERF_RECORD_SWITCH_CPU_WIDE OUT          next pid/tid:     0/0
          tomokv 1859275/1859278 [114] 2928232.297546419: PERF_RECORD_SWITCH_CPU_WIDE OUT          next pid/tid:     0/0
          tomokv 1859275/1859276 [112] 2928232.297546899: PERF_RECORD_SWITCH_CPU_WIDE OUT          next pid/tid:     0/0
          tomokv 1859275/1859283 [119] 2928232.297550419: PERF_RECORD_SWITCH_CPU_WIDE IN           prev pid/tid:     0/0
          tomokv 1859275/1859280 [116] 2928232.297550839: PERF_RECORD_SWITCH_CPU_WIDE OUT          next pid/tid:     0/0
          tomokv 1859275/1859279 [115] 2928232.297554459: PERF_RECORD_SWITCH_CPU_WIDE IN           prev pid/tid:     0/0
          tomokv 1859275/1859283 [119] 2928232.297555179: PERF_RECORD_SWITCH_CPU_WIDE OUT          next pid/tid:     0/0
          tomokv 1859275/1859277 [113] 2928232.297570589: PERF_RECORD_SWITCH_CPU_WIDE IN           prev pid/tid:     0/0
          tomokv 1859275/1859283 [119] 2928232.297570709: PERF_RECORD_SWITCH_CPU_WIDE IN           prev pid/tid:     0/0
          tomokv 1859275/1859280 [116] 2928232.297571019: PERF_RECORD_SWITCH_CPU_WIDE IN           prev pid/tid:     0/0
          tomokv 1859275/1859282 [118] 2928232.297571259: PERF_RECORD_SWITCH_CPU_WIDE IN           prev pid/tid:     0/0
          tomokv 1859275/1859276 [112] 2928232.297571659: PERF_RECORD_SWITCH_CPU_WIDE IN           prev pid/tid:     0/0
          tomokv 1859275/1859278 [114] 2928232.297571779: PERF_RECORD_SWITCH_CPU_WIDE IN           prev pid/tid:     0/0
          tomokv 1859275/1859281 [117] 2928232.297572099: PERF_RECORD_SWITCH_CPU_WIDE IN           prev pid/tid:     0/0
tomokv 1859275/1859281 [117] 2928232.297574379:     390027 cycles:u:

tomokv 1859275/1859282 [118] 2928232.297577289:     463975 cycles:u:

tomokv 1859275/1859278 [114] 2928232.297600759:     476285 cycles:u:

          tomokv 1859275/1859280 [116] 2928232.297600859: PERF_RECORD_SWITCH_CPU_WIDE OUT          next pid/tid:     0/0
          tomokv 1859275/1859277 [113] 2928232.297603119: PERF_RECORD_SWITCH_CPU_WIDE OUT          next pid/tid:     0/0
          tomokv 1859275/1859283 [119] 2928232.297603719: PERF_RECORD_SWITCH_CPU_WIDE OUT          next pid/tid:     0/0
          tomokv 1859275/1859282 [118] 2928232.297605429: PERF_RECORD_SWITCH_CPU_WIDE OUT          next pid/tid:     0/0
          tomokv 1859275/1859276 [112] 2928232.297607149: PERF_RECORD_SWITCH_CPU_WIDE OUT          next pid/tid:     0/0
          tomokv 1859275/1859278 [114] 2928232.297609179: PERF_RECORD_SWITCH_CPU_WIDE OUT          next pid/tid:     0/0
          tomokv 1859275/1859281 [117] 2928232.297610109: PERF_RECORD_SWITCH_CPU_WIDE OUT          next pid/tid:     0/0
          tomokv 1859275/1859278 [114] 2928232.297623519: PERF_RECORD_SWITCH_CPU_WIDE IN           prev pid/tid:     0/0
          tomokv 1859275/1859276 [112] 2928232.297624019: PERF_RECORD_SWITCH_CPU_WIDE IN           prev pid/tid:     0/0
          tomokv 1859275/1859279 [115] 2928232.297624319: PERF_RECORD_SWITCH_CPU_WIDE OUT          next pid/tid:     0/0
          tomokv 1859275/1859278 [114] 2928232.297626459: PERF_RECORD_SWITCH_CPU_WIDE OUT          next pid/tid:     0/0
          tomokv 1859275/1859279 [115] 2928232.297627619: PERF_RECORD_SWITCH_CPU_WIDE IN           prev pid/tid:     0/0
          tomokv 1859275/1859276 [112] 2928232.297627919: PERF_RECORD_SWITCH_CPU_WIDE OUT          next pid/tid:     0/0
          tomokv 1859275/1859278 [114] 2928232.297636059: PERF_RECORD_SWITCH_CPU_WIDE IN           prev pid/tid:     0/0
          tomokv 1859275/1859282 [118] 2928232.297636279: PERF_RECORD_SWITCH_CPU_WIDE IN           prev pid/tid:     0/0
          tomokv 1859275/1859283 [119] 2928232.297636449: PERF_RECORD_SWITCH_CPU_WIDE IN           prev pid/tid:     0/0
          tomokv 1859275/1859278 [114] 2928232.297638979: PERF_RECORD_SWITCH_CPU_WIDE OUT          next pid/tid:     0/0
          tomokv 1859275/1859282 [118] 2928232.297639169: PERF_RECORD_SWITCH_CPU_WIDE OUT          next pid/tid:     0/0
          tomokv 1859275/1859283 [119] 2928232.297639409: PERF_RECORD_SWITCH_CPU_WIDE OUT          next pid/tid:     0/0
          tomokv 1859275/1859277 [113] 2928232.297643809: PERF_RECORD_SWITCH_CPU_WIDE IN           prev pid/tid:     0/0
          tomokv 1859275/1859283 [119] 2928232.297644089: PERF_RECORD_SWITCH_CPU_WIDE IN           prev pid/tid:     0/0
          tomokv 1859275/1859279 [115] 2928232.297644739: PERF_RECORD_SWITCH_CPU_WIDE OUT          next pid/tid:     0/0
tomokv 1859275/1859277 [113] 2928232.297645529:     450320 cycles:u:

          tomokv 1859275/1859283 [119] 2928232.297646819: PERF_RECORD_SWITCH_CPU_WIDE OUT          next pid/tid:     0/0
          tomokv 1859275/1859283 [119] 2928232.297651109: PERF_RECORD_SWITCH_CPU_WIDE IN           prev pid/tid:     0/0
          tomokv 1859275/1859277 [113] 2928232.297651679: PERF_RECORD_SWITCH_CPU_WIDE OUT          next pid/tid:     0/0
          tomokv 1859275/1859279 [115] 2928232.297654969: PERF_RECORD_SWITCH_CPU_WIDE IN           prev pid/tid:     0/0
          tomokv 1859275/1859283 [119] 2928232.297655649: PERF_RECORD_SWITCH_CPU_WIDE OUT          next pid/tid:     0/0
          tomokv 1859275/1859278 [114] 2928232.297665669: PERF_RECORD_SWITCH_CPU_WIDE IN           prev pid/tid:     0/0
          tomokv 1859275/1859276 [112] 2928232.297665939: PERF_RECORD_SWITCH_CPU_WIDE IN           prev pid/tid:     0/0
          tomokv 1859275/1859281 [117] 2928232.297666189: PERF_RECORD_SWITCH_CPU_WIDE IN           prev pid/tid:     0/0
          tomokv 1859275/1859279 [115] 2928232.297666639: PERF_RECORD_SWITCH_CPU_WIDE OUT          next pid/tid:     0/0
          tomokv 1859275/1859281 [117] 2928232.297669289: PERF_RECORD_SWITCH_CPU_WIDE OUT          next pid/tid:     0/0
          tomokv 1859275/1859279 [115] 2928232.297669329: PERF_RECORD_SWITCH_CPU_WIDE IN           prev pid/tid:     0/0
          tomokv 1859275/1859278 [114] 2928232.297669689: PERF_RECORD_SWITCH_CPU_WIDE OUT          next pid/tid:     0/0
          tomokv 1859275/1859276 [112] 2928232.297669869: PERF_RECORD_SWITCH_CPU_WIDE OUT          next pid/tid:     0/0
          tomokv 1859275/1859279 [115] 2928232.297675240: PERF_RECORD_SWITCH_CPU_WIDE OUT          next pid/tid:     0/0

# Explicit per-window DWARF callchains
tomokv 1859275/1859281 [117] 2928232.297574379:     390027 cycles:u:
	    566d6545fd65 prefetch_overlap_batch+0x45 (inlined)
	    566d65466667 exec_batch<false, 32>+0x267 (inlined)
	    566d65466667 exec_batch<false, 32>+0x267 (inlined)
	    566d65466667 drain_tasks<>+0x267 (inlined)
	    566d6546e55d fused_pass_impl<32, true, false, true>+0x113d (inlined)
	    566d654840f9 fused_baseline_pass+0x489 (inlined)
	    566d654840f9 fused_baseline_pass+0x489 (inlined)
	    566d654840f9 flush_ready<false, false, true, false, false, false>+0x489 (inlined)
	    566d65487345 run_loop<false, false, false, true, 0>+0x4e5 (inlined)
	    566d65453955 operator()+0xea5 (inlined)
	    566d65453955 __invoke_impl<void, tomo::run_fused_server(Server&, const SnapshotLoadPlan*, const std::vector<std::unique_ptr<AofReplayPlan> >&, const SnapshotLoadPlan*, TlsContext*, LateUnixListener&, ShutdownReportFinalLine&)::<lambda()> >+0xea5 (inlined)
	    566d65453955 __invoke<tomo::run_fused_server(Server&, const SnapshotLoadPlan*, const std::vector<std::unique_ptr<AofReplayPlan> >&, const SnapshotLoadPlan*, TlsContext*, LateUnixListener&, ShutdownReportFinalLine&)::<lambda()> >+0xea5 (inlined)
	    566d65453955 _M_invoke<0>+0xea5 (inlined)
	    566d65453955 operator()+0xea5 (inlined)
	    566d65453955 _M_run+0xea5 (inlined)
	    778013aecdb3 [unknown] (/usr/lib/x86_64-linux-gnu/libstdc++.so.6.0.33)
	    77801369cb83 start_thread+0x383 (/usr/lib/x86_64-linux-gnu/libc.so.6)
	    778013729ecb __clone3+0x2b (inlined)

tomokv 1859275/1859282 [118] 2928232.297577289:     463975 cycles:u:

tomokv 1859275/1859278 [114] 2928232.297600759:     476285 cycles:u:

tomokv 1859275/1859277 [113] 2928232.297645529:     450320 cycles:u:
