topology: 1 L3 domain(s)
  domain  0: 8 cpus [112,113,114,115,116,117,118,119]
tomokv-cpp: 8 threads (6 io + 2 ex), 16 shard(s), thread-mode=2s, overlap=0, io_uring, alloc=jemalloc, reorder=0, read-local=0
  thread t0: role=ifid cpu=112 L3=0 shards=0
  thread t1: role=ifid cpu=113 L3=0 shards=0
  thread t2: role=ifid cpu=114 L3=0 shards=0
  thread t3: role=ifid cpu=115 L3=0 shards=0
  thread t4: role=ifid cpu=116 L3=0 shards=0
  thread t5: role=ifid cpu=117 L3=0 shards=0
  thread t6: role=ex cpu=118 L3=0 shards=8
  thread t7: role=ex cpu=119 L3=0 shards=8
listening on 127.0.0.1:18079
persistence: enabled=0 posted=0 flushed=0 durable=0 refused=0 pending_chunks=0 producers_with_pending=0 drain_gave_up=0 failed=0

thread role          ops      iters   busy_ms   idle_ms    cpu_ms   wake_tx  wake_rx
t0     io              0         37       0.3     324.7       0.8         1        5
io_tenure t0/0 busy_ns=332049 idle_ns=324728390 entry_ns=2964153496971870 begin_ns=2964153496971910 end_ns=2964153822032349 exit_ns=2964153822032569 role_exit=0 stopped=1
t1     io              0         29       0.2     324.6       0.6         0        4
io_tenure t1/0 busy_ns=191521 idle_ns=324580237 entry_ns=2964153497272501 begin_ns=2964153497272531 end_ns=2964153822044289 exit_ns=2964153822044319 role_exit=0 stopped=1
t2     io              0         15       0.0     324.9       0.4         1        5
io_tenure t2/0 busy_ns=43330 idle_ns=324891119 entry_ns=2964153497099240 begin_ns=2964153497099300 end_ns=2964153822033749 exit_ns=2964153822033939 role_exit=0 stopped=1
t3     io              1        258       0.6     324.2       1.2         6       89
io_tenure t3/0 busy_ns=624004 idle_ns=324200524 entry_ns=2964153497207661 begin_ns=2964153497207711 end_ns=2964153822032239 exit_ns=2964153822032369 role_exit=0 stopped=1
t4     io            129       1274       5.2     319.7       6.9        92      246
io_tenure t4/0 busy_ns=5204980 idle_ns=319696479 entry_ns=2964153497130041 begin_ns=2964153497130090 end_ns=2964153822031549 exit_ns=2964153822031749 role_exit=0 stopped=1
t5     io            130       1347       5.7     319.1       7.5       172      332
io_tenure t5/0 busy_ns=5709223 idle_ns=319094385 entry_ns=2964153497225831 begin_ns=2964153497225891 end_ns=2964153822029499 exit_ns=2964153822029649 role_exit=0 stopped=1
t6     ex            494     356762       1.2     236.9     114.3        97      103
t7     ex            432     329873       0.9     244.8     105.5        58       70
wb: retired=604 direct=72 sends=784/784 short=0 err=0 peer_aborts=0 bytes=1107156 zc_sends=0 zc_bytes=0 zc_releases=0 serves=812 empty=208
tls: accepts=0 handshakes=0/0 failed=0 freed=0 want_read=0 want_write=0 cipher_in=0 plain_in=0 cipher_out=0 plain_out=0 zc_suppressed=0 ktls_active=0 ktls_fallback=0
stuck: live_conns=1 rob_not_quiesced=0 unsent_bytes_pending=0 | slots done=0 issued=0 free=0 flag_set=0
shutdown: dispatched=260 executed=926 accepts=10 accept_err=0 rearm=0 sqe_starved=0 notify_drop=0
shutdown_report {"schema":1,"thread_mode":"2s","work":{"kind":"split","dispatched":260,"executed":926},"threads":[{"tid":0,"role":"io","ops":0,"iterations":37,"busy_ns":332049,"idle_ns":324728390,"cpu_ns":766380,"wake_tx":1,"wake_rx":5,"io_tenures":[{"entry_ns":2964153496971870,"begin_ns":2964153496971910,"end_ns":2964153822032349,"exit_ns":2964153822032569,"busy_ns":332049,"idle_ns":324728390,"role_exit":false,"stopped":true,"did_submit":0,"sweep_submit":0,"park":0}]},{"tid":1,"role":"io","ops":0,"iterations":29,"busy_ns":191521,"idle_ns":324580237,"cpu_ns":588560,"wake_tx":0,"wake_rx":4,"io_tenures":[{"entry_ns":2964153497272501,"begin_ns":2964153497272531,"end_ns":2964153822044289,"exit_ns":2964153822044319,"busy_ns":191521,"idle_ns":324580237,"role_exit":false,"stopped":true,"did_submit":0,"sweep_submit":0,"park":0}]},{"tid":2,"role":"io","ops":0,"iterations":15,"busy_ns":43330,"idle_ns":324891119,"cpu_ns":441900,"wake_tx":1,"wake_rx":5,"io_tenures":[{"entry_ns":2964153497099240,"begin_ns":2964153497099300,"end_ns":2964153822033749,"exit_ns":2964153822033939,"busy_ns":43330,"idle_ns":324891119,"role_exit":false,"stopped":true,"did_submit":0,"sweep_submit":0,"park":0}]},{"tid":3,"role":"io","ops":1,"iterations":258,"busy_ns":624004,"idle_ns":324200524,"cpu_ns":1222930,"wake_tx":6,"wake_rx":89,"io_tenures":[{"entry_ns":2964153497207661,"begin_ns":2964153497207711,"end_ns":2964153822032239,"exit_ns":2964153822032369,"busy_ns":624004,"idle_ns":324200524,"role_exit":false,"stopped":true,"did_submit":0,"sweep_submit":0,"park":0}]},{"tid":4,"role":"io","ops":129,"iterations":1274,"busy_ns":5204980,"idle_ns":319696479,"cpu_ns":6866200,"wake_tx":92,"wake_rx":246,"io_tenures":[{"entry_ns":2964153497130041,"begin_ns":2964153497130090,"end_ns":2964153822031549,"exit_ns":2964153822031749,"busy_ns":5204980,"idle_ns":319696479,"role_exit":false,"stopped":true,"did_submit":0,"sweep_submit":0,"park":0}]},{"tid":5,"role":"io","ops":130,"iterations":1347,"busy_ns":5709223,"idle_ns":319094385,"cpu_ns":7459180,"wake_tx":172,"wake_rx":332,"io_tenures":[{"entry_ns":2964153497225831,"begin_ns":2964153497225891,"end_ns":2964153822029499,"exit_ns":2964153822029649,"busy_ns":5709223,"idle_ns":319094385,"role_exit":false,"stopped":true,"did_submit":0,"sweep_submit":0,"park":0}]},{"tid":6,"role":"ex","ops":494,"iterations":356762,"busy_ns":1191398,"idle_ns":236896316,"cpu_ns":114333460,"wake_tx":97,"wake_rx":103,"io_tenures":[]},{"tid":7,"role":"ex","ops":432,"iterations":329873,"busy_ns":924924,"idle_ns":244840041,"cpu_ns":105496770,"wake_tx":58,"wake_rx":70,"io_tenures":[]}],"wb":{"retired":604,"direct":72,"sends_completed":784,"sends_submitted":784,"short_writes":0,"send_errors":0,"peer_aborts":0,"bytes_sent":1107156,"zc_sends":0,"zc_bytes":0,"zc_releases":0,"serves":812,"serves_empty":208},"tls":{"accepts":0,"handshakes_completed":0,"handshakes_started":0,"handshakes_failed":0,"connections_freed":0,"want_read":0,"want_write":0,"ciphertext_input_bytes":0,"plaintext_input_bytes":0,"ciphertext_output_bytes":0,"plaintext_output_bytes":0,"zc_suppressed":0,"ktls_active":0,"ktls_fallback":0},"stuck":{"live_conns":1,"rob_not_quiesced":0,"unsent_bytes_pending":0,"slots_done":0,"slots_issued":0,"slots_free":0,"flag_set":0},"epoll":{"enabled":false,"events":0,"recvs":0},"persistence":{"enabled":false,"recording":false,"failed":false,"drain_gave_up":false,"posted":0,"flushed":0,"durable":0,"refused":0,"pending_chunks":0,"records_written":0,"producers_with_pending":0,"producers_stopped":0,"producers_expected":0,"completions_pending":0},"accept":{"accepts":10,"accept_err":0,"rearm":0,"sqe_starved":0,"notify_drop":0}}
