topology: 1 L3 domain(s)
  domain  0: 8 cpus [112,113,114,115,116,117,118,119]
tomokv-cpp: 8 threads (6 io + 2 ex), 16 shard(s), thread-mode=2s, overlap=0, io_uring, alloc=jemalloc, reorder=0, read-local=0
  thread t0: role=ifid cpu=112 L3=0 shards=0
  thread t1: role=ifid cpu=113 L3=0 shards=0
  thread t2: role=ifid cpu=114 L3=0 shards=0
  thread t3: role=ifid cpu=115 L3=0 shards=0
  thread t4: role=ifid cpu=116 L3=0 shards=0
  thread t5: role=ifid cpu=117 L3=0 shards=0
  thread t6: role=ex cpu=118 L3=0 shards=8
  thread t7: role=ex cpu=119 L3=0 shards=8
listening on 127.0.0.1:18079
persistence: enabled=0 posted=0 flushed=0 durable=0 refused=0 pending_chunks=0 producers_with_pending=0 drain_gave_up=0 failed=0

thread role          ops      iters   busy_ms   idle_ms    cpu_ms   wake_tx  wake_rx
t0     io            138       1450       6.0     389.3       7.8       131      268
io_tenure t0/0 busy_ns=6048837 idle_ns=389338849 entry_ns=2964154041439003 begin_ns=2964154041439033 end_ns=2964154436826719 exit_ns=2964154436826749 role_exit=0 stopped=1
t1     io              4        616       0.9     394.8       1.6       222      433
io_tenure t1/0 busy_ns=854189 idle_ns=394811638 entry_ns=2964154041151162 begin_ns=2964154041151222 end_ns=2964154436817049 exit_ns=2964154436817239 role_exit=0 stopped=1
t2     io            137       1473       5.7     389.8       7.5       123      291
io_tenure t2/0 busy_ns=5700346 idle_ns=389811861 entry_ns=2964154041301562 begin_ns=2964154041301612 end_ns=2964154436813819 exit_ns=2964154436813849 role_exit=0 stopped=1
t3     io              1         40       0.3     395.0       0.8         1        6
io_tenure t3/0 busy_ns=274221 idle_ns=395027355 entry_ns=2964154041510033 begin_ns=2964154041510083 end_ns=2964154436811659 exit_ns=2964154436811789 role_exit=0 stopped=1
t4     io              1        126       1.2     394.1       1.8         3        7
io_tenure t4/0 busy_ns=1227924 idle_ns=394110332 entry_ns=2964154041473123 begin_ns=2964154041473163 end_ns=2964154436811419 exit_ns=2964154436811449 role_exit=0 stopped=1
t5     io              3        387       1.7     393.9       2.4         8       95
io_tenure t5/0 busy_ns=1713313 idle_ns=393888424 entry_ns=2964154041213902 begin_ns=2964154041213962 end_ns=2964154436815699 exit_ns=2964154436815829 role_exit=0 stopped=1
t6     ex            545     329184       1.2     314.1     105.8       103      122
t7     ex            505     239901       1.1     336.8      76.7        68       96
wb: retired=756 direct=72 sends=958/958 short=0 err=0 peer_aborts=0 bytes=1334161 zc_sends=0 zc_bytes=0 zc_releases=0 serves=990 empty=234
tls: accepts=0 handshakes=0/0 failed=0 freed=0 want_read=0 want_write=0 cipher_in=0 plain_in=0 cipher_out=0 plain_out=0 zc_suppressed=0 ktls_active=0 ktls_fallback=0
stuck: live_conns=1 rob_not_quiesced=0 unsent_bytes_pending=0 | slots done=0 issued=0 free=0 flag_set=0
shutdown: dispatched=284 executed=1050 accepts=22 accept_err=0 rearm=0 sqe_starved=0 notify_drop=0
shutdown_report {"schema":1,"thread_mode":"2s","work":{"kind":"split","dispatched":284,"executed":1050},"threads":[{"tid":0,"role":"io","ops":138,"iterations":1450,"busy_ns":6048837,"idle_ns":389338849,"cpu_ns":7840974,"wake_tx":131,"wake_rx":268,"io_tenures":[{"entry_ns":2964154041439003,"begin_ns":2964154041439033,"end_ns":2964154436826719,"exit_ns":2964154436826749,"busy_ns":6048837,"idle_ns":389338849,"role_exit":false,"stopped":true,"did_submit":0,"sweep_submit":0,"park":0}]},{"tid":1,"role":"io","ops":4,"iterations":616,"busy_ns":854189,"idle_ns":394811638,"cpu_ns":1636731,"wake_tx":222,"wake_rx":433,"io_tenures":[{"entry_ns":2964154041151162,"begin_ns":2964154041151222,"end_ns":2964154436817049,"exit_ns":2964154436817239,"busy_ns":854189,"idle_ns":394811638,"role_exit":false,"stopped":true,"did_submit":0,"sweep_submit":0,"park":0}]},{"tid":2,"role":"io","ops":137,"iterations":1473,"busy_ns":5700346,"idle_ns":389811861,"cpu_ns":7526510,"wake_tx":123,"wake_rx":291,"io_tenures":[{"entry_ns":2964154041301562,"begin_ns":2964154041301612,"end_ns":2964154436813819,"exit_ns":2964154436813849,"busy_ns":5700346,"idle_ns":389811861,"role_exit":false,"stopped":true,"did_submit":0,"sweep_submit":0,"park":0}]},{"tid":3,"role":"io","ops":1,"iterations":40,"busy_ns":274221,"idle_ns":395027355,"cpu_ns":754859,"wake_tx":1,"wake_rx":6,"io_tenures":[{"entry_ns":2964154041510033,"begin_ns":2964154041510083,"end_ns":2964154436811659,"exit_ns":2964154436811789,"busy_ns":274221,"idle_ns":395027355,"role_exit":false,"stopped":true,"did_submit":0,"sweep_submit":0,"park":0}]},{"tid":4,"role":"io","ops":1,"iterations":126,"busy_ns":1227924,"idle_ns":394110332,"cpu_ns":1829876,"wake_tx":3,"wake_rx":7,"io_tenures":[{"entry_ns":2964154041473123,"begin_ns":2964154041473163,"end_ns":2964154436811419,"exit_ns":2964154436811449,"busy_ns":1227924,"idle_ns":394110332,"role_exit":false,"stopped":true,"did_submit":0,"sweep_submit":0,"park":0}]},{"tid":5,"role":"io","ops":3,"iterations":387,"busy_ns":1713313,"idle_ns":393888424,"cpu_ns":2400423,"wake_tx":8,"wake_rx":95,"io_tenures":[{"entry_ns":2964154041213902,"begin_ns":2964154041213962,"end_ns":2964154436815699,"exit_ns":2964154436815829,"busy_ns":1713313,"idle_ns":393888424,"role_exit":false,"stopped":true,"did_submit":0,"sweep_submit":0,"park":0}]},{"tid":6,"role":"ex","ops":545,"iterations":329184,"busy_ns":1233122,"idle_ns":314112512,"cpu_ns":105769020,"wake_tx":103,"wake_rx":122,"io_tenures":[]},{"tid":7,"role":"ex","ops":505,"iterations":239901,"busy_ns":1105850,"idle_ns":336789669,"cpu_ns":76717421,"wake_tx":68,"wake_rx":96,"io_tenures":[]}],"wb":{"retired":756,"direct":72,"sends_completed":958,"sends_submitted":958,"short_writes":0,"send_errors":0,"peer_aborts":0,"bytes_sent":1334161,"zc_sends":0,"zc_bytes":0,"zc_releases":0,"serves":990,"serves_empty":234},"tls":{"accepts":0,"handshakes_completed":0,"handshakes_started":0,"handshakes_failed":0,"connections_freed":0,"want_read":0,"want_write":0,"ciphertext_input_bytes":0,"plaintext_input_bytes":0,"ciphertext_output_bytes":0,"plaintext_output_bytes":0,"zc_suppressed":0,"ktls_active":0,"ktls_fallback":0},"stuck":{"live_conns":1,"rob_not_quiesced":0,"unsent_bytes_pending":0,"slots_done":0,"slots_issued":0,"slots_free":0,"flag_set":0},"epoll":{"enabled":false,"events":0,"recvs":0},"persistence":{"enabled":false,"recording":false,"failed":false,"drain_gave_up":false,"posted":0,"flushed":0,"durable":0,"refused":0,"pending_chunks":0,"records_written":0,"producers_with_pending":0,"producers_stopped":0,"producers_expected":0,"completions_pending":0},"accept":{"accepts":22,"accept_err":0,"rearm":0,"sqe_starved":0,"notify_drop":0}}
