topology: 1 L3 domain(s)
  domain  0: 8 cpus [112,113,114,115,116,117,118,119]
tomokv-cpp: 8 threads (6 io + 2 ex), 16 shard(s), thread-mode=2s, overlap=0, io_uring, alloc=jemalloc, reorder=0, read-local=0
  thread t0: role=ifid cpu=112 L3=0 shards=0
  thread t1: role=ifid cpu=113 L3=0 shards=0
  thread t2: role=ifid cpu=114 L3=0 shards=0
  thread t3: role=ifid cpu=115 L3=0 shards=0
  thread t4: role=ifid cpu=116 L3=0 shards=0
  thread t5: role=ifid cpu=117 L3=0 shards=0
  thread t6: role=ex cpu=118 L3=0 shards=8
  thread t7: role=ex cpu=119 L3=0 shards=8
listening on 127.0.0.1:18340
persistence: enabled=0 posted=0 flushed=0 durable=0 refused=0 pending_chunks=0 producers_with_pending=0 drain_gave_up=0 failed=0

thread role          ops      iters   busy_ms   idle_ms    cpu_ms   wake_tx  wake_rx
t0     io              4       1804       1.0     285.8       1.5         6       10
io_tenure t0/0 busy_ns=1047932 idle_ns=285777854 entry_ns=3160526741098936 begin_ns=3160526741098976 end_ns=3160527027924762 exit_ns=3160527027924902 role_exit=0 stopped=1
t1     io              0       2473       0.5     286.3       0.9         1        2
io_tenure t1/0 busy_ns=458531 idle_ns=286342055 entry_ns=3160526741123226 begin_ns=3160526741123256 end_ns=3160527027923842 exit_ns=3160527027924071 role_exit=0 stopped=1
t2     io              0       2479       0.5     288.0       0.9         0        1
io_tenure t2/0 busy_ns=481863 idle_ns=288041118 entry_ns=3160526739404800 begin_ns=3160526739405110 end_ns=3160527027928091 exit_ns=3160527027928222 role_exit=0 stopped=1
t3     io              0       2286       0.6     286.2       1.1         1        2
io_tenure t3/0 busy_ns=644373 idle_ns=286216353 entry_ns=3160526741064586 begin_ns=3160526741064656 end_ns=3160527027925382 exit_ns=3160527027925511 role_exit=0 stopped=1
t4     io              1       2515       0.6     287.8       1.1         0        3
io_tenure t4/0 busy_ns=645662 idle_ns=287833449 entry_ns=3160526739459440 begin_ns=3160526739459540 end_ns=3160527027938651 exit_ns=3160527027938682 role_exit=0 stopped=1
t5     io              0       2468       0.5     286.4       0.9         0        1
io_tenure t5/0 busy_ns=450114 idle_ns=286360791 entry_ns=3160526741113246 begin_ns=3160526741113286 end_ns=3160527027924191 exit_ns=3160527027924331 role_exit=0 stopped=1
t6     ex             13      15781       0.2     285.0       5.6         4        5
t7     ex              8      14392       0.0     285.6       5.0         0        0
wb: retired=10 direct=2 sends=10/10 short=0 err=0 peer_aborts=0 bytes=10353 zc_sends=0 zc_bytes=0 zc_releases=0 serves=39 empty=29
tls: accepts=0 handshakes=0/0 failed=0 freed=0 want_read=0 want_write=0 cipher_in=0 plain_in=0 cipher_out=0 plain_out=0 zc_suppressed=0 ktls_active=0 ktls_fallback=0
stuck: live_conns=0 rob_not_quiesced=0 unsent_bytes_pending=0 | slots done=0 issued=0 free=0 flag_set=0
shutdown: dispatched=5 executed=21 accepts=3 accept_err=0 rearm=0 sqe_starved=0 notify_drop=0
shutdown_report {"schema":1,"thread_mode":"2s","work":{"kind":"split","dispatched":5,"executed":21},"threads":[{"tid":0,"role":"io","ops":4,"iterations":1804,"busy_ns":1047932,"idle_ns":285777854,"cpu_ns":1479080,"wake_tx":6,"wake_rx":10,"io_tenures":[{"entry_ns":3160526741098936,"begin_ns":3160526741098976,"end_ns":3160527027924762,"exit_ns":3160527027924902,"busy_ns":1047932,"idle_ns":285777854,"role_exit":false,"stopped":true,"did_submit":0,"sweep_submit":0,"park":0}]},{"tid":1,"role":"io","ops":0,"iterations":2473,"busy_ns":458531,"idle_ns":286342055,"cpu_ns":867570,"wake_tx":1,"wake_rx":2,"io_tenures":[{"entry_ns":3160526741123226,"begin_ns":3160526741123256,"end_ns":3160527027923842,"exit_ns":3160527027924071,"busy_ns":458531,"idle_ns":286342055,"role_exit":false,"stopped":true,"did_submit":0,"sweep_submit":0,"park":0}]},{"tid":2,"role":"io","ops":0,"iterations":2479,"busy_ns":481863,"idle_ns":288041118,"cpu_ns":875030,"wake_tx":0,"wake_rx":1,"io_tenures":[{"entry_ns":3160526739404800,"begin_ns":3160526739405110,"end_ns":3160527027928091,"exit_ns":3160527027928222,"busy_ns":481863,"idle_ns":288041118,"role_exit":false,"stopped":true,"did_submit":0,"sweep_submit":0,"park":0}]},{"tid":3,"role":"io","ops":0,"iterations":2286,"busy_ns":644373,"idle_ns":286216353,"cpu_ns":1124540,"wake_tx":1,"wake_rx":2,"io_tenures":[{"entry_ns":3160526741064586,"begin_ns":3160526741064656,"end_ns":3160527027925382,"exit_ns":3160527027925511,"busy_ns":644373,"idle_ns":286216353,"role_exit":false,"stopped":true,"did_submit":0,"sweep_submit":0,"park":0}]},{"tid":4,"role":"io","ops":1,"iterations":2515,"busy_ns":645662,"idle_ns":287833449,"cpu_ns":1088290,"wake_tx":0,"wake_rx":3,"io_tenures":[{"entry_ns":3160526739459440,"begin_ns":3160526739459540,"end_ns":3160527027938651,"exit_ns":3160527027938682,"busy_ns":645662,"idle_ns":287833449,"role_exit":false,"stopped":true,"did_submit":0,"sweep_submit":0,"park":0}]},{"tid":5,"role":"io","ops":0,"iterations":2468,"busy_ns":450114,"idle_ns":286360791,"cpu_ns":912590,"wake_tx":0,"wake_rx":1,"io_tenures":[{"entry_ns":3160526741113246,"begin_ns":3160526741113286,"end_ns":3160527027924191,"exit_ns":3160527027924331,"busy_ns":450114,"idle_ns":286360791,"role_exit":false,"stopped":true,"did_submit":0,"sweep_submit":0,"park":0}]},{"tid":6,"role":"ex","ops":13,"iterations":15781,"busy_ns":176209,"idle_ns":285047085,"cpu_ns":5632940,"wake_tx":4,"wake_rx":5,"io_tenures":[]},{"tid":7,"role":"ex","ops":8,"iterations":14392,"busy_ns":37465,"idle_ns":285568486,"cpu_ns":5026480,"wake_tx":0,"wake_rx":0,"io_tenures":[]}],"wb":{"retired":10,"direct":2,"sends_completed":10,"sends_submitted":10,"short_writes":0,"send_errors":0,"peer_aborts":0,"bytes_sent":10353,"zc_sends":0,"zc_bytes":0,"zc_releases":0,"serves":39,"serves_empty":29},"tls":{"accepts":0,"handshakes_completed":0,"handshakes_started":0,"handshakes_failed":0,"connections_freed":0,"want_read":0,"want_write":0,"ciphertext_input_bytes":0,"plaintext_input_bytes":0,"ciphertext_output_bytes":0,"plaintext_output_bytes":0,"zc_suppressed":0,"ktls_active":0,"ktls_fallback":0},"stuck":{"live_conns":0,"rob_not_quiesced":0,"unsent_bytes_pending":0,"slots_done":0,"slots_issued":0,"slots_free":0,"flag_set":0},"epoll":{"enabled":false,"events":0,"recvs":0},"persistence":{"enabled":false,"recording":false,"failed":false,"drain_gave_up":false,"posted":0,"flushed":0,"durable":0,"refused":0,"pending_chunks":0,"records_written":0,"producers_with_pending":0,"producers_stopped":0,"producers_expected":0,"completions_pending":0},"accept":{"accepts":3,"accept_err":0,"rearm":0,"sqe_starved":0,"notify_drop":0}}
