WALK arm=POST image=db0 keys=128 capacity=16384 command=DBSIZE slots=0 objects=0 shards=16
WALK arm=POST image=db0 keys=128 capacity=16384 command=INFO slots=0 objects=0 shards=16
WALK arm=POST image=db0 keys=128 capacity=16384 command=INFO KEYSPACE slots=0 objects=0 shards=16
WALK arm=POST image=db0 keys=128 capacity=16384 command=INFO SERVER slots=0 objects=0 shards=16
WALK arm=POST image=db0 keys=128 capacity=16384 command=DBSIZE NOW slots=16384 objects=128 shards=16
WALK arm=POST image=db0 keys=4096 capacity=16384 command=DBSIZE slots=0 objects=0 shards=16
WALK arm=POST image=db0 keys=4096 capacity=16384 command=INFO slots=0 objects=0 shards=16
WALK arm=POST image=db0 keys=4096 capacity=16384 command=INFO KEYSPACE slots=0 objects=0 shards=16
WALK arm=POST image=db0 keys=4096 capacity=16384 command=INFO SERVER slots=0 objects=0 shards=16
WALK arm=POST image=db0 keys=4096 capacity=16384 command=DBSIZE NOW slots=16384 objects=4096 shards=16
WALK arm=POST image=db0 keys=16384 capacity=32768 command=DBSIZE slots=0 objects=0 shards=16
WALK arm=POST image=db0 keys=16384 capacity=32768 command=INFO slots=0 objects=0 shards=16
WALK arm=POST image=db0 keys=16384 capacity=32768 command=INFO KEYSPACE slots=0 objects=0 shards=16
WALK arm=POST image=db0 keys=16384 capacity=32768 command=INFO SERVER slots=0 objects=0 shards=16
WALK arm=POST image=db0 keys=16384 capacity=32768 command=DBSIZE NOW slots=32768 objects=16384 shards=16
PASS subexpiry census fallback, zero-field route and namespace mapping
PASS storesize image=db0 arm=POST mode=2s read-local=0
WALK arm=POST image=db0 keys=128 capacity=16384 command=DBSIZE slots=0 objects=0 shards=16
WALK arm=POST image=db0 keys=128 capacity=16384 command=INFO slots=0 objects=0 shards=16
WALK arm=POST image=db0 keys=128 capacity=16384 command=INFO KEYSPACE slots=0 objects=0 shards=16
WALK arm=POST image=db0 keys=128 capacity=16384 command=INFO SERVER slots=0 objects=0 shards=16
WALK arm=POST image=db0 keys=128 capacity=16384 command=DBSIZE NOW slots=16384 objects=128 shards=16
WALK arm=POST image=db0 keys=4096 capacity=16384 command=DBSIZE slots=0 objects=0 shards=16
WALK arm=POST image=db0 keys=4096 capacity=16384 command=INFO slots=0 objects=0 shards=16
WALK arm=POST image=db0 keys=4096 capacity=16384 command=INFO KEYSPACE slots=0 objects=0 shards=16
WALK arm=POST image=db0 keys=4096 capacity=16384 command=INFO SERVER slots=0 objects=0 shards=16
WALK arm=POST image=db0 keys=4096 capacity=16384 command=DBSIZE NOW slots=16384 objects=4096 shards=16
WALK arm=POST image=db0 keys=16384 capacity=32768 command=DBSIZE slots=0 objects=0 shards=16
WALK arm=POST image=db0 keys=16384 capacity=32768 command=INFO slots=0 objects=0 shards=16
WALK arm=POST image=db0 keys=16384 capacity=32768 command=INFO KEYSPACE slots=0 objects=0 shards=16
WALK arm=POST image=db0 keys=16384 capacity=32768 command=INFO SERVER slots=0 objects=0 shards=16
WALK arm=POST image=db0 keys=16384 capacity=32768 command=DBSIZE NOW slots=32768 objects=16384 shards=16
PASS subexpiry census fallback, zero-field route and namespace mapping
PASS storesize image=db0 arm=POST mode=2s read-local=1
WALK arm=POST image=db0 keys=128 capacity=16384 command=DBSIZE slots=0 objects=0 shards=16
WALK arm=POST image=db0 keys=128 capacity=16384 command=INFO slots=0 objects=0 shards=16
WALK arm=POST image=db0 keys=128 capacity=16384 command=INFO KEYSPACE slots=0 objects=0 shards=16
WALK arm=POST image=db0 keys=128 capacity=16384 command=INFO SERVER slots=0 objects=0 shards=16
WALK arm=POST image=db0 keys=128 capacity=16384 command=DBSIZE NOW slots=16384 objects=128 shards=16
WALK arm=POST image=db0 keys=4096 capacity=16384 command=DBSIZE slots=0 objects=0 shards=16
WALK arm=POST image=db0 keys=4096 capacity=16384 command=INFO slots=0 objects=0 shards=16
WALK arm=POST image=db0 keys=4096 capacity=16384 command=INFO KEYSPACE slots=0 objects=0 shards=16
WALK arm=POST image=db0 keys=4096 capacity=16384 command=INFO SERVER slots=0 objects=0 shards=16
WALK arm=POST image=db0 keys=4096 capacity=16384 command=DBSIZE NOW slots=16384 objects=4096 shards=16
WALK arm=POST image=db0 keys=16384 capacity=32768 command=DBSIZE slots=0 objects=0 shards=16
WALK arm=POST image=db0 keys=16384 capacity=32768 command=INFO slots=0 objects=0 shards=16
WALK arm=POST image=db0 keys=16384 capacity=32768 command=INFO KEYSPACE slots=0 objects=0 shards=16
WALK arm=POST image=db0 keys=16384 capacity=32768 command=INFO SERVER slots=0 objects=0 shards=16
WALK arm=POST image=db0 keys=16384 capacity=32768 command=DBSIZE NOW slots=32768 objects=16384 shards=16
PASS subexpiry census fallback, zero-field route and namespace mapping
PASS storesize image=db0 arm=POST mode=1s read-local=0
WALK arm=POST image=db0 keys=128 capacity=16384 command=DBSIZE slots=0 objects=0 shards=16
WALK arm=POST image=db0 keys=128 capacity=16384 command=INFO slots=0 objects=0 shards=16
WALK arm=POST image=db0 keys=128 capacity=16384 command=INFO KEYSPACE slots=0 objects=0 shards=16
WALK arm=POST image=db0 keys=128 capacity=16384 command=INFO SERVER slots=0 objects=0 shards=16
WALK arm=POST image=db0 keys=128 capacity=16384 command=DBSIZE NOW slots=16384 objects=128 shards=16
WALK arm=POST image=db0 keys=4096 capacity=16384 command=DBSIZE slots=0 objects=0 shards=16
WALK arm=POST image=db0 keys=4096 capacity=16384 command=INFO slots=0 objects=0 shards=16
WALK arm=POST image=db0 keys=4096 capacity=16384 command=INFO KEYSPACE slots=0 objects=0 shards=16
WALK arm=POST image=db0 keys=4096 capacity=16384 command=INFO SERVER slots=0 objects=0 shards=16
WALK arm=POST image=db0 keys=4096 capacity=16384 command=DBSIZE NOW slots=16384 objects=4096 shards=16
WALK arm=POST image=db0 keys=16384 capacity=32768 command=DBSIZE slots=0 objects=0 shards=16
WALK arm=POST image=db0 keys=16384 capacity=32768 command=INFO slots=0 objects=0 shards=16
WALK arm=POST image=db0 keys=16384 capacity=32768 command=INFO KEYSPACE slots=0 objects=0 shards=16
WALK arm=POST image=db0 keys=16384 capacity=32768 command=INFO SERVER slots=0 objects=0 shards=16
WALK arm=POST image=db0 keys=16384 capacity=32768 command=DBSIZE NOW slots=32768 objects=16384 shards=16
PASS subexpiry census fallback, zero-field route and namespace mapping
PASS storesize image=db0 arm=POST mode=1s read-local=1
WALK arm=POST image=multi keys=128 capacity=16384 command=DBSIZE slots=0 objects=0 shards=16
WALK arm=POST image=multi keys=128 capacity=16384 command=INFO slots=0 objects=0 shards=16
WALK arm=POST image=multi keys=128 capacity=16384 command=INFO KEYSPACE slots=0 objects=0 shards=16
WALK arm=POST image=multi keys=128 capacity=16384 command=INFO SERVER slots=0 objects=0 shards=16
WALK arm=POST image=multi keys=128 capacity=16384 command=DBSIZE NOW slots=16384 objects=128 shards=16
WALK arm=POST image=multi keys=4096 capacity=16384 command=DBSIZE slots=0 objects=0 shards=16
WALK arm=POST image=multi keys=4096 capacity=16384 command=INFO slots=0 objects=0 shards=16
WALK arm=POST image=multi keys=4096 capacity=16384 command=INFO KEYSPACE slots=0 objects=0 shards=16
WALK arm=POST image=multi keys=4096 capacity=16384 command=INFO SERVER slots=0 objects=0 shards=16
WALK arm=POST image=multi keys=4096 capacity=16384 command=DBSIZE NOW slots=16384 objects=4096 shards=16
WALK arm=POST image=multi keys=16384 capacity=32768 command=DBSIZE slots=0 objects=0 shards=16
WALK arm=POST image=multi keys=16384 capacity=32768 command=INFO slots=0 objects=0 shards=16
WALK arm=POST image=multi keys=16384 capacity=32768 command=INFO KEYSPACE slots=0 objects=0 shards=16
WALK arm=POST image=multi keys=16384 capacity=32768 command=INFO SERVER slots=0 objects=0 shards=16
WALK arm=POST image=multi keys=16384 capacity=32768 command=DBSIZE NOW slots=32768 objects=16384 shards=16
PASS subexpiry census fallback, zero-field route and namespace mapping
PASS storesize image=multi arm=POST mode=2s read-local=0
WALK arm=POST image=multi keys=128 capacity=16384 command=DBSIZE slots=0 objects=0 shards=16
WALK arm=POST image=multi keys=128 capacity=16384 command=INFO slots=0 objects=0 shards=16
WALK arm=POST image=multi keys=128 capacity=16384 command=INFO KEYSPACE slots=0 objects=0 shards=16
WALK arm=POST image=multi keys=128 capacity=16384 command=INFO SERVER slots=0 objects=0 shards=16
WALK arm=POST image=multi keys=128 capacity=16384 command=DBSIZE NOW slots=16384 objects=128 shards=16
WALK arm=POST image=multi keys=4096 capacity=16384 command=DBSIZE slots=0 objects=0 shards=16
WALK arm=POST image=multi keys=4096 capacity=16384 command=INFO slots=0 objects=0 shards=16
WALK arm=POST image=multi keys=4096 capacity=16384 command=INFO KEYSPACE slots=0 objects=0 shards=16
WALK arm=POST image=multi keys=4096 capacity=16384 command=INFO SERVER slots=0 objects=0 shards=16
WALK arm=POST image=multi keys=4096 capacity=16384 command=DBSIZE NOW slots=16384 objects=4096 shards=16
WALK arm=POST image=multi keys=16384 capacity=32768 command=DBSIZE slots=0 objects=0 shards=16
WALK arm=POST image=multi keys=16384 capacity=32768 command=INFO slots=0 objects=0 shards=16
WALK arm=POST image=multi keys=16384 capacity=32768 command=INFO KEYSPACE slots=0 objects=0 shards=16
WALK arm=POST image=multi keys=16384 capacity=32768 command=INFO SERVER slots=0 objects=0 shards=16
WALK arm=POST image=multi keys=16384 capacity=32768 command=DBSIZE NOW slots=32768 objects=16384 shards=16
PASS subexpiry census fallback, zero-field route and namespace mapping
PASS storesize image=multi arm=POST mode=2s read-local=1
WALK arm=POST image=multi keys=128 capacity=16384 command=DBSIZE slots=0 objects=0 shards=16
WALK arm=POST image=multi keys=128 capacity=16384 command=INFO slots=0 objects=0 shards=16
WALK arm=POST image=multi keys=128 capacity=16384 command=INFO KEYSPACE slots=0 objects=0 shards=16
WALK arm=POST image=multi keys=128 capacity=16384 command=INFO SERVER slots=0 objects=0 shards=16
WALK arm=POST image=multi keys=128 capacity=16384 command=DBSIZE NOW slots=16384 objects=128 shards=16
WALK arm=POST image=multi keys=4096 capacity=16384 command=DBSIZE slots=0 objects=0 shards=16
WALK arm=POST image=multi keys=4096 capacity=16384 command=INFO slots=0 objects=0 shards=16
WALK arm=POST image=multi keys=4096 capacity=16384 command=INFO KEYSPACE slots=0 objects=0 shards=16
WALK arm=POST image=multi keys=4096 capacity=16384 command=INFO SERVER slots=0 objects=0 shards=16
WALK arm=POST image=multi keys=4096 capacity=16384 command=DBSIZE NOW slots=16384 objects=4096 shards=16
WALK arm=POST image=multi keys=16384 capacity=32768 command=DBSIZE slots=0 objects=0 shards=16
WALK arm=POST image=multi keys=16384 capacity=32768 command=INFO slots=0 objects=0 shards=16
WALK arm=POST image=multi keys=16384 capacity=32768 command=INFO KEYSPACE slots=0 objects=0 shards=16
WALK arm=POST image=multi keys=16384 capacity=32768 command=INFO SERVER slots=0 objects=0 shards=16
WALK arm=POST image=multi keys=16384 capacity=32768 command=DBSIZE NOW slots=32768 objects=16384 shards=16
PASS subexpiry census fallback, zero-field route and namespace mapping
PASS storesize image=multi arm=POST mode=1s read-local=0
WALK arm=POST image=multi keys=128 capacity=16384 command=DBSIZE slots=0 objects=0 shards=16
WALK arm=POST image=multi keys=128 capacity=16384 command=INFO slots=0 objects=0 shards=16
WALK arm=POST image=multi keys=128 capacity=16384 command=INFO KEYSPACE slots=0 objects=0 shards=16
WALK arm=POST image=multi keys=128 capacity=16384 command=INFO SERVER slots=0 objects=0 shards=16
WALK arm=POST image=multi keys=128 capacity=16384 command=DBSIZE NOW slots=16384 objects=128 shards=16
WALK arm=POST image=multi keys=4096 capacity=16384 command=DBSIZE slots=0 objects=0 shards=16
WALK arm=POST image=multi keys=4096 capacity=16384 command=INFO slots=0 objects=0 shards=16
WALK arm=POST image=multi keys=4096 capacity=16384 command=INFO KEYSPACE slots=0 objects=0 shards=16
WALK arm=POST image=multi keys=4096 capacity=16384 command=INFO SERVER slots=0 objects=0 shards=16
WALK arm=POST image=multi keys=4096 capacity=16384 command=DBSIZE NOW slots=16384 objects=4096 shards=16
WALK arm=POST image=multi keys=16384 capacity=32768 command=DBSIZE slots=0 objects=0 shards=16
WALK arm=POST image=multi keys=16384 capacity=32768 command=INFO slots=0 objects=0 shards=16
WALK arm=POST image=multi keys=16384 capacity=32768 command=INFO KEYSPACE slots=0 objects=0 shards=16
WALK arm=POST image=multi keys=16384 capacity=32768 command=INFO SERVER slots=0 objects=0 shards=16
WALK arm=POST image=multi keys=16384 capacity=32768 command=DBSIZE NOW slots=32768 objects=16384 shards=16
PASS subexpiry census fallback, zero-field route and namespace mapping
PASS storesize image=multi arm=POST mode=1s read-local=1
{'kind': 'A: behaviour twin', 'behavior': 'PRE monitoring census routes; POST text sizes, symbol addresses and counter-maintenance code', 'changed_bytes': 2, 'source': '/home/user/Projects/cx-storesize/build/storesize-unit', 'output': '/home/user/Projects/cx-storesize/build/storesize-unit-pad', 'source_sha256': 'ff43a3c9f51e8a70048b0c6c2947f57a89c52e44eef01854ada159907eb849f0', 'sha256': 'cc991901de7a7987a9a2bbf98b2a4cf808345530957633a9deb9299222181b7e'}
WALK arm=PRE image=db0 keys=128 capacity=16384 command=DBSIZE slots=16384 objects=128 shards=16
WALK arm=PRE image=db0 keys=128 capacity=16384 command=INFO slots=16384 objects=128 shards=16
WALK arm=PRE image=db0 keys=128 capacity=16384 command=INFO KEYSPACE slots=16384 objects=128 shards=16
WALK arm=PRE image=db0 keys=128 capacity=16384 command=INFO SERVER slots=0 objects=0 shards=16
WALK arm=PRE image=db0 keys=128 capacity=16384 command=DBSIZE NOW slots=16384 objects=128 shards=16
WALK arm=PRE image=db0 keys=4096 capacity=16384 command=DBSIZE slots=16384 objects=4096 shards=16
WALK arm=PRE image=db0 keys=4096 capacity=16384 command=INFO slots=16384 objects=4096 shards=16
WALK arm=PRE image=db0 keys=4096 capacity=16384 command=INFO KEYSPACE slots=16384 objects=4096 shards=16
WALK arm=PRE image=db0 keys=4096 capacity=16384 command=INFO SERVER slots=0 objects=0 shards=16
WALK arm=PRE image=db0 keys=4096 capacity=16384 command=DBSIZE NOW slots=16384 objects=4096 shards=16
WALK arm=PRE image=db0 keys=16384 capacity=32768 command=DBSIZE slots=32768 objects=16384 shards=16
WALK arm=PRE image=db0 keys=16384 capacity=32768 command=INFO slots=32768 objects=16384 shards=16
WALK arm=PRE image=db0 keys=16384 capacity=32768 command=INFO KEYSPACE slots=32768 objects=16384 shards=16
WALK arm=PRE image=db0 keys=16384 capacity=32768 command=INFO SERVER slots=0 objects=0 shards=16
WALK arm=PRE image=db0 keys=16384 capacity=32768 command=DBSIZE NOW slots=32768 objects=16384 shards=16
PASS subexpiry census fallback, zero-field route and namespace mapping
PASS storesize image=db0 arm=PRE mode=2s read-local=0
WALK arm=PRE image=db0 keys=128 capacity=16384 command=DBSIZE slots=16384 objects=128 shards=16
WALK arm=PRE image=db0 keys=128 capacity=16384 command=INFO slots=16384 objects=128 shards=16
WALK arm=PRE image=db0 keys=128 capacity=16384 command=INFO KEYSPACE slots=16384 objects=128 shards=16
WALK arm=PRE image=db0 keys=128 capacity=16384 command=INFO SERVER slots=0 objects=0 shards=16
WALK arm=PRE image=db0 keys=128 capacity=16384 command=DBSIZE NOW slots=16384 objects=128 shards=16
WALK arm=PRE image=db0 keys=4096 capacity=16384 command=DBSIZE slots=16384 objects=4096 shards=16
WALK arm=PRE image=db0 keys=4096 capacity=16384 command=INFO slots=16384 objects=4096 shards=16
WALK arm=PRE image=db0 keys=4096 capacity=16384 command=INFO KEYSPACE slots=16384 objects=4096 shards=16
WALK arm=PRE image=db0 keys=4096 capacity=16384 command=INFO SERVER slots=0 objects=0 shards=16
WALK arm=PRE image=db0 keys=4096 capacity=16384 command=DBSIZE NOW slots=16384 objects=4096 shards=16
WALK arm=PRE image=db0 keys=16384 capacity=32768 command=DBSIZE slots=32768 objects=16384 shards=16
WALK arm=PRE image=db0 keys=16384 capacity=32768 command=INFO slots=32768 objects=16384 shards=16
WALK arm=PRE image=db0 keys=16384 capacity=32768 command=INFO KEYSPACE slots=32768 objects=16384 shards=16
WALK arm=PRE image=db0 keys=16384 capacity=32768 command=INFO SERVER slots=0 objects=0 shards=16
WALK arm=PRE image=db0 keys=16384 capacity=32768 command=DBSIZE NOW slots=32768 objects=16384 shards=16
PASS subexpiry census fallback, zero-field route and namespace mapping
PASS storesize image=db0 arm=PRE mode=2s read-local=1
WALK arm=PRE image=db0 keys=128 capacity=16384 command=DBSIZE slots=16384 objects=128 shards=16
WALK arm=PRE image=db0 keys=128 capacity=16384 command=INFO slots=16384 objects=128 shards=16
WALK arm=PRE image=db0 keys=128 capacity=16384 command=INFO KEYSPACE slots=16384 objects=128 shards=16
WALK arm=PRE image=db0 keys=128 capacity=16384 command=INFO SERVER slots=0 objects=0 shards=16
WALK arm=PRE image=db0 keys=128 capacity=16384 command=DBSIZE NOW slots=16384 objects=128 shards=16
WALK arm=PRE image=db0 keys=4096 capacity=16384 command=DBSIZE slots=16384 objects=4096 shards=16
WALK arm=PRE image=db0 keys=4096 capacity=16384 command=INFO slots=16384 objects=4096 shards=16
WALK arm=PRE image=db0 keys=4096 capacity=16384 command=INFO KEYSPACE slots=16384 objects=4096 shards=16
WALK arm=PRE image=db0 keys=4096 capacity=16384 command=INFO SERVER slots=0 objects=0 shards=16
WALK arm=PRE image=db0 keys=4096 capacity=16384 command=DBSIZE NOW slots=16384 objects=4096 shards=16
WALK arm=PRE image=db0 keys=16384 capacity=32768 command=DBSIZE slots=32768 objects=16384 shards=16
WALK arm=PRE image=db0 keys=16384 capacity=32768 command=INFO slots=32768 objects=16384 shards=16
WALK arm=PRE image=db0 keys=16384 capacity=32768 command=INFO KEYSPACE slots=32768 objects=16384 shards=16
WALK arm=PRE image=db0 keys=16384 capacity=32768 command=INFO SERVER slots=0 objects=0 shards=16
WALK arm=PRE image=db0 keys=16384 capacity=32768 command=DBSIZE NOW slots=32768 objects=16384 shards=16
PASS subexpiry census fallback, zero-field route and namespace mapping
PASS storesize image=db0 arm=PRE mode=1s read-local=0
WALK arm=PRE image=db0 keys=128 capacity=16384 command=DBSIZE slots=16384 objects=128 shards=16
WALK arm=PRE image=db0 keys=128 capacity=16384 command=INFO slots=16384 objects=128 shards=16
WALK arm=PRE image=db0 keys=128 capacity=16384 command=INFO KEYSPACE slots=16384 objects=128 shards=16
WALK arm=PRE image=db0 keys=128 capacity=16384 command=INFO SERVER slots=0 objects=0 shards=16
WALK arm=PRE image=db0 keys=128 capacity=16384 command=DBSIZE NOW slots=16384 objects=128 shards=16
WALK arm=PRE image=db0 keys=4096 capacity=16384 command=DBSIZE slots=16384 objects=4096 shards=16
WALK arm=PRE image=db0 keys=4096 capacity=16384 command=INFO slots=16384 objects=4096 shards=16
WALK arm=PRE image=db0 keys=4096 capacity=16384 command=INFO KEYSPACE slots=16384 objects=4096 shards=16
WALK arm=PRE image=db0 keys=4096 capacity=16384 command=INFO SERVER slots=0 objects=0 shards=16
WALK arm=PRE image=db0 keys=4096 capacity=16384 command=DBSIZE NOW slots=16384 objects=4096 shards=16
WALK arm=PRE image=db0 keys=16384 capacity=32768 command=DBSIZE slots=32768 objects=16384 shards=16
WALK arm=PRE image=db0 keys=16384 capacity=32768 command=INFO slots=32768 objects=16384 shards=16
WALK arm=PRE image=db0 keys=16384 capacity=32768 command=INFO KEYSPACE slots=32768 objects=16384 shards=16
WALK arm=PRE image=db0 keys=16384 capacity=32768 command=INFO SERVER slots=0 objects=0 shards=16
WALK arm=PRE image=db0 keys=16384 capacity=32768 command=DBSIZE NOW slots=32768 objects=16384 shards=16
PASS subexpiry census fallback, zero-field route and namespace mapping
PASS storesize image=db0 arm=PRE mode=1s read-local=1
WALK arm=PRE image=multi keys=128 capacity=16384 command=DBSIZE slots=16384 objects=128 shards=16
WALK arm=PRE image=multi keys=128 capacity=16384 command=INFO slots=16384 objects=128 shards=16
WALK arm=PRE image=multi keys=128 capacity=16384 command=INFO KEYSPACE slots=16384 objects=128 shards=16
WALK arm=PRE image=multi keys=128 capacity=16384 command=INFO SERVER slots=0 objects=0 shards=16
WALK arm=PRE image=multi keys=128 capacity=16384 command=DBSIZE NOW slots=16384 objects=128 shards=16
WALK arm=PRE image=multi keys=4096 capacity=16384 command=DBSIZE slots=16384 objects=4096 shards=16
WALK arm=PRE image=multi keys=4096 capacity=16384 command=INFO slots=16384 objects=4096 shards=16
WALK arm=PRE image=multi keys=4096 capacity=16384 command=INFO KEYSPACE slots=16384 objects=4096 shards=16
WALK arm=PRE image=multi keys=4096 capacity=16384 command=INFO SERVER slots=0 objects=0 shards=16
WALK arm=PRE image=multi keys=4096 capacity=16384 command=DBSIZE NOW slots=16384 objects=4096 shards=16
WALK arm=PRE image=multi keys=16384 capacity=32768 command=DBSIZE slots=32768 objects=16384 shards=16
WALK arm=PRE image=multi keys=16384 capacity=32768 command=INFO slots=32768 objects=16384 shards=16
WALK arm=PRE image=multi keys=16384 capacity=32768 command=INFO KEYSPACE slots=32768 objects=16384 shards=16
WALK arm=PRE image=multi keys=16384 capacity=32768 command=INFO SERVER slots=0 objects=0 shards=16
WALK arm=PRE image=multi keys=16384 capacity=32768 command=DBSIZE NOW slots=32768 objects=16384 shards=16
PASS subexpiry census fallback, zero-field route and namespace mapping
PASS storesize image=multi arm=PRE mode=2s read-local=0
WALK arm=PRE image=multi keys=128 capacity=16384 command=DBSIZE slots=16384 objects=128 shards=16
WALK arm=PRE image=multi keys=128 capacity=16384 command=INFO slots=16384 objects=128 shards=16
WALK arm=PRE image=multi keys=128 capacity=16384 command=INFO KEYSPACE slots=16384 objects=128 shards=16
WALK arm=PRE image=multi keys=128 capacity=16384 command=INFO SERVER slots=0 objects=0 shards=16
WALK arm=PRE image=multi keys=128 capacity=16384 command=DBSIZE NOW slots=16384 objects=128 shards=16
WALK arm=PRE image=multi keys=4096 capacity=16384 command=DBSIZE slots=16384 objects=4096 shards=16
WALK arm=PRE image=multi keys=4096 capacity=16384 command=INFO slots=16384 objects=4096 shards=16
WALK arm=PRE image=multi keys=4096 capacity=16384 command=INFO KEYSPACE slots=16384 objects=4096 shards=16
WALK arm=PRE image=multi keys=4096 capacity=16384 command=INFO SERVER slots=0 objects=0 shards=16
WALK arm=PRE image=multi keys=4096 capacity=16384 command=DBSIZE NOW slots=16384 objects=4096 shards=16
WALK arm=PRE image=multi keys=16384 capacity=32768 command=DBSIZE slots=32768 objects=16384 shards=16
WALK arm=PRE image=multi keys=16384 capacity=32768 command=INFO slots=32768 objects=16384 shards=16
WALK arm=PRE image=multi keys=16384 capacity=32768 command=INFO KEYSPACE slots=32768 objects=16384 shards=16
WALK arm=PRE image=multi keys=16384 capacity=32768 command=INFO SERVER slots=0 objects=0 shards=16
WALK arm=PRE image=multi keys=16384 capacity=32768 command=DBSIZE NOW slots=32768 objects=16384 shards=16
PASS subexpiry census fallback, zero-field route and namespace mapping
PASS storesize image=multi arm=PRE mode=2s read-local=1
WALK arm=PRE image=multi keys=128 capacity=16384 command=DBSIZE slots=16384 objects=128 shards=16
WALK arm=PRE image=multi keys=128 capacity=16384 command=INFO slots=16384 objects=128 shards=16
WALK arm=PRE image=multi keys=128 capacity=16384 command=INFO KEYSPACE slots=16384 objects=128 shards=16
WALK arm=PRE image=multi keys=128 capacity=16384 command=INFO SERVER slots=0 objects=0 shards=16
WALK arm=PRE image=multi keys=128 capacity=16384 command=DBSIZE NOW slots=16384 objects=128 shards=16
WALK arm=PRE image=multi keys=4096 capacity=16384 command=DBSIZE slots=16384 objects=4096 shards=16
WALK arm=PRE image=multi keys=4096 capacity=16384 command=INFO slots=16384 objects=4096 shards=16
WALK arm=PRE image=multi keys=4096 capacity=16384 command=INFO KEYSPACE slots=16384 objects=4096 shards=16
WALK arm=PRE image=multi keys=4096 capacity=16384 command=INFO SERVER slots=0 objects=0 shards=16
WALK arm=PRE image=multi keys=4096 capacity=16384 command=DBSIZE NOW slots=16384 objects=4096 shards=16
WALK arm=PRE image=multi keys=16384 capacity=32768 command=DBSIZE slots=32768 objects=16384 shards=16
WALK arm=PRE image=multi keys=16384 capacity=32768 command=INFO slots=32768 objects=16384 shards=16
WALK arm=PRE image=multi keys=16384 capacity=32768 command=INFO KEYSPACE slots=32768 objects=16384 shards=16
WALK arm=PRE image=multi keys=16384 capacity=32768 command=INFO SERVER slots=0 objects=0 shards=16
WALK arm=PRE image=multi keys=16384 capacity=32768 command=DBSIZE NOW slots=32768 objects=16384 shards=16
PASS subexpiry census fallback, zero-field route and namespace mapping
PASS storesize image=multi arm=PRE mode=1s read-local=0
WALK arm=PRE image=multi keys=128 capacity=16384 command=DBSIZE slots=16384 objects=128 shards=16
WALK arm=PRE image=multi keys=128 capacity=16384 command=INFO slots=16384 objects=128 shards=16
WALK arm=PRE image=multi keys=128 capacity=16384 command=INFO KEYSPACE slots=16384 objects=128 shards=16
WALK arm=PRE image=multi keys=128 capacity=16384 command=INFO SERVER slots=0 objects=0 shards=16
WALK arm=PRE image=multi keys=128 capacity=16384 command=DBSIZE NOW slots=16384 objects=128 shards=16
WALK arm=PRE image=multi keys=4096 capacity=16384 command=DBSIZE slots=16384 objects=4096 shards=16
WALK arm=PRE image=multi keys=4096 capacity=16384 command=INFO slots=16384 objects=4096 shards=16
WALK arm=PRE image=multi keys=4096 capacity=16384 command=INFO KEYSPACE slots=16384 objects=4096 shards=16
WALK arm=PRE image=multi keys=4096 capacity=16384 command=INFO SERVER slots=0 objects=0 shards=16
WALK arm=PRE image=multi keys=4096 capacity=16384 command=DBSIZE NOW slots=16384 objects=4096 shards=16
WALK arm=PRE image=multi keys=16384 capacity=32768 command=DBSIZE slots=32768 objects=16384 shards=16
WALK arm=PRE image=multi keys=16384 capacity=32768 command=INFO slots=32768 objects=16384 shards=16
WALK arm=PRE image=multi keys=16384 capacity=32768 command=INFO KEYSPACE slots=32768 objects=16384 shards=16
WALK arm=PRE image=multi keys=16384 capacity=32768 command=INFO SERVER slots=0 objects=0 shards=16
WALK arm=PRE image=multi keys=16384 capacity=32768 command=DBSIZE NOW slots=32768 objects=16384 shards=16
PASS subexpiry census fallback, zero-field route and namespace mapping
PASS storesize image=multi arm=PRE mode=1s read-local=1
PASS negative control: restored census route fails the exact monitor-route assertion
