GATE(iteration): 16 physical cores; 1 correctness slots = min(8/8 server, 8/2 load), 8 server threads at ratio 6:2 and 3 ports per slot; correctness load is modest protocol traffic (at least 2 physical cores per slot), server SMT reserved; isolated ABBA smoke: 8 server + 8 load physical cores, 0 load SMT threads (explicit selection), 0 explicit server SMT threads
  artifacts: /home/user/Projects/cx-storesize/build/gate-run.evgHZg
PARTIAL jobs (including prerequisites): release production_units atomic_units
PARTIAL jobs (including prerequisites): release production_units atomic_units
  row budget: 900s; median=0.03s; correctness-plan-fallback; mechanism-floor=900s (cold cache state not distinguished); release build (+footprint locks)
  release build (+footprint locks)                     ok
  row budget: 900s; median=2.3s; correctness-plan-fallback; flushfix flush witnesses
  flushfix flush witnesses                             ok
  row budget: 900s; median=0.05s; correctness-plan-fallback; flushfix headers witnesses
  flushfix headers witnesses                           ok
  row budget: 900s; median=4.26s; correctness-plan-fallback; multidb serverless owners
  multidb serverless owners                            ok
  row budget: 900s; median=0.05s; correctness-plan-fallback; multidb global namespace boundary
  multidb global namespace boundary                    ok
  row budget: 900s; median=10.17s; correctness-plan-fallback; storesize published monitoring
  storesize published monitoring                       ok
  row budget: 900s; median=0.08s; correctness-plan-fallback; EXECABORT releases WATCH reservation
  EXECABORT releases WATCH reservation                 ok
  row budget: 900s; median=0s; correctness-plan-fallback; mechanism-floor=900s (cold cache state not distinguished); atomic survivors unit build
  atomic survivors unit build                          ok
  row budget: 900s; median=0.01s; correctness-plan-fallback; atomic survivor: admission
  atomic survivor: admission                           ok
  row budget: 900s; median=0.01s; correctness-plan-fallback; atomic survivor: closure
  atomic survivor: closure                             ok
  row budget: 900s; median=0s; correctness-plan-fallback; atomic survivor: script_keys
  atomic survivor: script_keys                         ok
  row budget: 900s; median=0.01s; correctness-plan-fallback; atomic survivor: rename_overlay
  atomic survivor: rename_overlay                      ok
  row budget: 900s; median=0s; correctness-plan-fallback; atomic survivor: write_latest
  atomic survivor: write_latest                        ok
  row budget: 900s; median=0.01s; correctness-plan-fallback; atomic survivor: script_apply
  atomic survivor: script_apply                        ok
  row budget: 900s; median=0.01s; correctness-plan-fallback; atomic survivor: post_apply_probe
  atomic survivor: post_apply_probe                    ok
  row budget: 900s; median=0s; correctness-plan-fallback; atomic survivor: lua_conversion
  atomic survivor: lua_conversion                      ok
  row budget: 900s; median=0.01s; correctness-plan-fallback; atomic survivor: watch_parent
  atomic survivor: watch_parent                        ok
  row budget: 900s; median=0.01s; correctness-plan-fallback; atomic survivor: watch_cycle
  atomic survivor: watch_cycle                         ok
  row budget: 900s; median=0s; correctness-plan-fallback; atomic survivor: mset_arity
  atomic survivor: mset_arity                          ok
  row budget: 900s; median=0.01s; correctness-plan-fallback; atomic survivor: watch_oom
  atomic survivor: watch_oom                           ok
  row budget: 900s; median=0.01s; correctness-plan-fallback; atomic survivor: lua_lines
  atomic survivor: lua_lines                           ok
  row budget: 900s; median=0.01s; correctness-plan-fallback; atomic survivor: library_limit
  atomic survivor: library_limit                       ok
  row budget: 900s; median=0.02s; correctness-plan-fallback; atomic survivor: stage_flag
  atomic survivor: stage_flag                          ok
  row budget: 900s; median=0s; correctness-plan-fallback; atomic survivor: instruction_limit
  atomic survivor: instruction_limit                   ok
GATE(PARTIAL): 24 ok, 0 FAIL; no EXPECT tally, ABBA, NIC or receipt; ledger: /home/user/Projects/cx-storesize/build/storesize4-proof/atomic-ledger.partial
