topology: 1 L3 domain(s)
  domain  0: 8 cpus [112,113,114,115,116,117,118,119]
tomokv-cpp: 8 unified threads, 16 shard(s), thread-mode=1s, overlap=0 (executor prefetch; ordinary IO), io_uring, alloc=jemalloc, reorder=0, read-local=1
  thread t0: role=unified cpu=112 L3=0 shards=2 send=self
  thread t1: role=unified cpu=113 L3=0 shards=2 send=self
  thread t2: role=unified cpu=114 L3=0 shards=2 send=self
  thread t3: role=unified cpu=115 L3=0 shards=2 send=self
  thread t4: role=unified cpu=116 L3=0 shards=2 send=self
  thread t5: role=unified cpu=117 L3=0 shards=2 send=self
  thread t6: role=unified cpu=118 L3=0 shards=2 send=self
  thread t7: role=unified cpu=119 L3=0 shards=2 send=self
listening on 127.0.0.1:18179
persistence: enabled=0 posted=0 flushed=0 durable=0 refused=0 pending_chunks=0 producers_with_pending=0 drain_gave_up=0 failed=0

thread role          ops      iters   busy_ms   idle_ms    cpu_ms   wake_tx  wake_rx
t0     uni          4136      36306      42.6     126.6      50.5        81       94
io_tenure t0/0 busy_ns=42577229 idle_ns=126570400 entry_ns=2982809215314660 begin_ns=2982809215314691 end_ns=2982809384462320 exit_ns=2982809384462451 role_exit=0 stopped=1
t1     uni            26      10926       6.4     162.8       7.0         3       16
io_tenure t1/0 busy_ns=6386357 idle_ns=162751042 entry_ns=2982809215324871 begin_ns=2982809215324901 end_ns=2982809384462300 exit_ns=2982809384462431 role_exit=0 stopped=1
t2     uni            30      12988       7.6     161.6       8.1         8       25
io_tenure t2/0 busy_ns=7593307 idle_ns=161550513 entry_ns=2982809215317220 begin_ns=2982809215317251 end_ns=2982809384461071 exit_ns=2982809384461200 role_exit=0 stopped=1
t3     uni            33       1043       1.1     168.0       1.7         9       28
io_tenure t3/0 busy_ns=1142746 idle_ns=168005625 entry_ns=2982809215314491 begin_ns=2982809215314520 end_ns=2982809384462891 exit_ns=2982809384463020 role_exit=0 stopped=1
t4     uni            28         36       0.3     168.8       0.9         1       17
io_tenure t4/0 busy_ns=334142 idle_ns=168812348 entry_ns=2982809215322701 begin_ns=2982809215322731 end_ns=2982809384469221 exit_ns=2982809384469341 role_exit=0 stopped=1
t5     uni            27       1987       1.5     167.6       2.1         5       19
io_tenure t5/0 busy_ns=1539840 idle_ns=167607111 entry_ns=2982809215313360 begin_ns=2982809215313380 end_ns=2982809384460331 exit_ns=2982809384460691 role_exit=0 stopped=1
t6     uni            27         58       0.5     168.6       1.1         7       20
io_tenure t6/0 busy_ns=517525 idle_ns=168616265 entry_ns=2982809215326611 begin_ns=2982809215326641 end_ns=2982809384460431 exit_ns=2982809384460551 role_exit=0 stopped=1
t7     uni            31       2075       1.6     167.6       2.2         9       27
io_tenure t7/0 busy_ns=1588812 idle_ns=167558499 entry_ns=2982809215312991 begin_ns=2982809215313020 end_ns=2982809384460331 exit_ns=2982809384460460 role_exit=0 stopped=1
wb: retired=2208 direct=2048 sends=2208/2208 short=0 err=0 peer_aborts=0 bytes=552755 zc_sends=0 zc_bytes=0 zc_releases=0 serves=2210 empty=2
tls: accepts=0 handshakes=0/0 failed=0 freed=0 want_read=0 want_write=0 cipher_in=0 plain_in=0 cipher_out=0 plain_out=0 zc_suppressed=0 ktls_active=0 ktls_fallback=0
stuck: live_conns=0 rob_not_quiesced=0 unsent_bytes_pending=0 | slots done=0 issued=0 free=0 flag_set=0
shutdown: unified_work=4338 accepts=13 accept_err=0 rearm=0 sqe_starved=0 notify_drop=0
shutdown_report {"schema":1,"thread_mode":"1s","work":{"kind":"fused","unified":4338},"threads":[{"tid":0,"role":"fused","ops":4136,"iterations":36306,"busy_ns":42577229,"idle_ns":126570400,"cpu_ns":50493860,"wake_tx":81,"wake_rx":94,"io_tenures":[{"entry_ns":2982809215314660,"begin_ns":2982809215314691,"end_ns":2982809384462320,"exit_ns":2982809384462451,"busy_ns":42577229,"idle_ns":126570400,"role_exit":false,"stopped":true,"did_submit":0,"sweep_submit":0,"park":0}]},{"tid":1,"role":"fused","ops":26,"iterations":10926,"busy_ns":6386357,"idle_ns":162751042,"cpu_ns":6996250,"wake_tx":3,"wake_rx":16,"io_tenures":[{"entry_ns":2982809215324871,"begin_ns":2982809215324901,"end_ns":2982809384462300,"exit_ns":2982809384462431,"busy_ns":6386357,"idle_ns":162751042,"role_exit":false,"stopped":true,"did_submit":0,"sweep_submit":0,"park":0}]},{"tid":2,"role":"fused","ops":30,"iterations":12988,"busy_ns":7593307,"idle_ns":161550513,"cpu_ns":8119110,"wake_tx":8,"wake_rx":25,"io_tenures":[{"entry_ns":2982809215317220,"begin_ns":2982809215317251,"end_ns":2982809384461071,"exit_ns":2982809384461200,"busy_ns":7593307,"idle_ns":161550513,"role_exit":false,"stopped":true,"did_submit":0,"sweep_submit":0,"park":0}]},{"tid":3,"role":"fused","ops":33,"iterations":1043,"busy_ns":1142746,"idle_ns":168005625,"cpu_ns":1666330,"wake_tx":9,"wake_rx":28,"io_tenures":[{"entry_ns":2982809215314491,"begin_ns":2982809215314520,"end_ns":2982809384462891,"exit_ns":2982809384463020,"busy_ns":1142746,"idle_ns":168005625,"role_exit":false,"stopped":true,"did_submit":0,"sweep_submit":0,"park":0}]},{"tid":4,"role":"fused","ops":28,"iterations":36,"busy_ns":334142,"idle_ns":168812348,"cpu_ns":866800,"wake_tx":1,"wake_rx":17,"io_tenures":[{"entry_ns":2982809215322701,"begin_ns":2982809215322731,"end_ns":2982809384469221,"exit_ns":2982809384469341,"busy_ns":334142,"idle_ns":168812348,"role_exit":false,"stopped":true,"did_submit":0,"sweep_submit":0,"park":0}]},{"tid":5,"role":"fused","ops":27,"iterations":1987,"busy_ns":1539840,"idle_ns":167607111,"cpu_ns":2109690,"wake_tx":5,"wake_rx":19,"io_tenures":[{"entry_ns":2982809215313360,"begin_ns":2982809215313380,"end_ns":2982809384460331,"exit_ns":2982809384460691,"busy_ns":1539840,"idle_ns":167607111,"role_exit":false,"stopped":true,"did_submit":0,"sweep_submit":0,"park":0}]},{"tid":6,"role":"fused","ops":27,"iterations":58,"busy_ns":517525,"idle_ns":168616265,"cpu_ns":1078540,"wake_tx":7,"wake_rx":20,"io_tenures":[{"entry_ns":2982809215326611,"begin_ns":2982809215326641,"end_ns":2982809384460431,"exit_ns":2982809384460551,"busy_ns":517525,"idle_ns":168616265,"role_exit":false,"stopped":true,"did_submit":0,"sweep_submit":0,"park":0}]},{"tid":7,"role":"fused","ops":31,"iterations":2075,"busy_ns":1588812,"idle_ns":167558499,"cpu_ns":2178210,"wake_tx":9,"wake_rx":27,"io_tenures":[{"entry_ns":2982809215312991,"begin_ns":2982809215313020,"end_ns":2982809384460331,"exit_ns":2982809384460460,"busy_ns":1588812,"idle_ns":167558499,"role_exit":false,"stopped":true,"did_submit":0,"sweep_submit":0,"park":0}]}],"wb":{"retired":2208,"direct":2048,"sends_completed":2208,"sends_submitted":2208,"short_writes":0,"send_errors":0,"peer_aborts":0,"bytes_sent":552755,"zc_sends":0,"zc_bytes":0,"zc_releases":0,"serves":2210,"serves_empty":2},"tls":{"accepts":0,"handshakes_completed":0,"handshakes_started":0,"handshakes_failed":0,"connections_freed":0,"want_read":0,"want_write":0,"ciphertext_input_bytes":0,"plaintext_input_bytes":0,"ciphertext_output_bytes":0,"plaintext_output_bytes":0,"zc_suppressed":0,"ktls_active":0,"ktls_fallback":0},"stuck":{"live_conns":0,"rob_not_quiesced":0,"unsent_bytes_pending":0,"slots_done":0,"slots_issued":0,"slots_free":0,"flag_set":0},"epoll":{"enabled":false,"events":0,"recvs":0},"persistence":{"enabled":false,"recording":false,"failed":false,"drain_gave_up":false,"posted":0,"flushed":0,"durable":0,"refused":0,"pending_chunks":0,"records_written":0,"producers_with_pending":0,"producers_stopped":0,"producers_expected":0,"completions_pending":0},"accept":{"accepts":13,"accept_err":0,"rearm":0,"sqe_starved":0,"notify_drop":0}}
