topology: 1 L3 domain(s)
  domain  0: 8 cpus [112,113,114,115,116,117,118,119]
tomokv-cpp: 8 unified threads, 16 shard(s), thread-mode=1s, overlap=0 (executor prefetch; ordinary IO), io_uring, alloc=jemalloc, reorder=0, read-local=1
  thread t0: role=unified cpu=112 L3=0 shards=2 send=self
  thread t1: role=unified cpu=113 L3=0 shards=2 send=self
  thread t2: role=unified cpu=114 L3=0 shards=2 send=self
  thread t3: role=unified cpu=115 L3=0 shards=2 send=self
  thread t4: role=unified cpu=116 L3=0 shards=2 send=self
  thread t5: role=unified cpu=117 L3=0 shards=2 send=self
  thread t6: role=unified cpu=118 L3=0 shards=2 send=self
  thread t7: role=unified cpu=119 L3=0 shards=2 send=self
listening on 127.0.0.1:18179
persistence: enabled=0 posted=0 flushed=0 durable=0 refused=0 pending_chunks=0 producers_with_pending=0 drain_gave_up=0 failed=0

thread role          ops      iters   busy_ms   idle_ms    cpu_ms   wake_tx  wake_rx
t0     uni             2        219       0.1     114.5       0.7         0        0
io_tenure t0/0 busy_ns=142410 idle_ns=114481682 entry_ns=2984677133922076 begin_ns=2984677133922106 end_ns=2984677248546198 exit_ns=2984677248546448 role_exit=0 stopped=1
t1     uni             3        185       0.2     114.5       0.6         1        2
io_tenure t1/0 busy_ns=156790 idle_ns=114470502 entry_ns=2984677133918676 begin_ns=2984677133918706 end_ns=2984677248545998 exit_ns=2984677248546148 role_exit=0 stopped=1
t2     uni             2        146       0.1     114.5       0.6         0        0
io_tenure t2/0 busy_ns=147600 idle_ns=114485472 entry_ns=2984677133915416 begin_ns=2984677133915446 end_ns=2984677248548518 exit_ns=2984677248548548 role_exit=0 stopped=1
t3     uni             2        155       0.1     114.5       0.5         0        0
io_tenure t3/0 busy_ns=129080 idle_ns=114493292 entry_ns=2984677133926716 begin_ns=2984677133926746 end_ns=2984677248549118 exit_ns=2984677248549248 role_exit=0 stopped=1
t4     uni             2        168       0.1     114.5       0.5         0        0
io_tenure t4/0 busy_ns=133790 idle_ns=114483292 entry_ns=2984677133926866 begin_ns=2984677133926896 end_ns=2984677248543978 exit_ns=2984677248544138 role_exit=0 stopped=1
t5     uni             2        147       0.1     114.5       0.5         0        0
io_tenure t5/0 busy_ns=140920 idle_ns=114494192 entry_ns=2984677133919656 begin_ns=2984677133919686 end_ns=2984677248554798 exit_ns=2984677248554948 role_exit=0 stopped=1
t6     uni             2        167       0.1     114.5       0.5         0        0
io_tenure t6/0 busy_ns=136240 idle_ns=114488332 entry_ns=2984677133919416 begin_ns=2984677133919656 end_ns=2984677248544228 exit_ns=2984677248544368 role_exit=0 stopped=1
t7     uni          4100       6279      17.9      96.7      24.8         1        2
io_tenure t7/0 busy_ns=17869619 idle_ns=96740383 entry_ns=2984677133931826 begin_ns=2984677133931976 end_ns=2984677248541978 exit_ns=2984677248542098 role_exit=0 stopped=1
wb: retired=2060 direct=2048 sends=2060/2060 short=0 err=0 peer_aborts=0 bytes=77004 zc_sends=0 zc_bytes=0 zc_releases=0 serves=2061 empty=1
tls: accepts=0 handshakes=0/0 failed=0 freed=0 want_read=0 want_write=0 cipher_in=0 plain_in=0 cipher_out=0 plain_out=0 zc_suppressed=0 ktls_active=0 ktls_fallback=0
stuck: live_conns=0 rob_not_quiesced=0 unsent_bytes_pending=0 | slots done=0 issued=0 free=0 flag_set=0
shutdown: unified_work=4115 accepts=1 accept_err=0 rearm=0 sqe_starved=0 notify_drop=0
shutdown_report {"schema":1,"thread_mode":"1s","work":{"kind":"fused","unified":4115},"threads":[{"tid":0,"role":"fused","ops":2,"iterations":219,"busy_ns":142410,"idle_ns":114481682,"cpu_ns":657965,"wake_tx":0,"wake_rx":0,"io_tenures":[{"entry_ns":2984677133922076,"begin_ns":2984677133922106,"end_ns":2984677248546198,"exit_ns":2984677248546448,"busy_ns":142410,"idle_ns":114481682,"role_exit":false,"stopped":true,"did_submit":0,"sweep_submit":0,"park":0}]},{"tid":1,"role":"fused","ops":3,"iterations":185,"busy_ns":156790,"idle_ns":114470502,"cpu_ns":644580,"wake_tx":1,"wake_rx":2,"io_tenures":[{"entry_ns":2984677133918676,"begin_ns":2984677133918706,"end_ns":2984677248545998,"exit_ns":2984677248546148,"busy_ns":156790,"idle_ns":114470502,"role_exit":false,"stopped":true,"did_submit":0,"sweep_submit":0,"park":0}]},{"tid":2,"role":"fused","ops":2,"iterations":146,"busy_ns":147600,"idle_ns":114485472,"cpu_ns":566706,"wake_tx":0,"wake_rx":0,"io_tenures":[{"entry_ns":2984677133915416,"begin_ns":2984677133915446,"end_ns":2984677248548518,"exit_ns":2984677248548548,"busy_ns":147600,"idle_ns":114485472,"role_exit":false,"stopped":true,"did_submit":0,"sweep_submit":0,"park":0}]},{"tid":3,"role":"fused","ops":2,"iterations":155,"busy_ns":129080,"idle_ns":114493292,"cpu_ns":491840,"wake_tx":0,"wake_rx":0,"io_tenures":[{"entry_ns":2984677133926716,"begin_ns":2984677133926746,"end_ns":2984677248549118,"exit_ns":2984677248549248,"busy_ns":129080,"idle_ns":114493292,"role_exit":false,"stopped":true,"did_submit":0,"sweep_submit":0,"park":0}]},{"tid":4,"role":"fused","ops":2,"iterations":168,"busy_ns":133790,"idle_ns":114483292,"cpu_ns":491551,"wake_tx":0,"wake_rx":0,"io_tenures":[{"entry_ns":2984677133926866,"begin_ns":2984677133926896,"end_ns":2984677248543978,"exit_ns":2984677248544138,"busy_ns":133790,"idle_ns":114483292,"role_exit":false,"stopped":true,"did_submit":0,"sweep_submit":0,"park":0}]},{"tid":5,"role":"fused","ops":2,"iterations":147,"busy_ns":140920,"idle_ns":114494192,"cpu_ns":532322,"wake_tx":0,"wake_rx":0,"io_tenures":[{"entry_ns":2984677133919656,"begin_ns":2984677133919686,"end_ns":2984677248554798,"exit_ns":2984677248554948,"busy_ns":140920,"idle_ns":114494192,"role_exit":false,"stopped":true,"did_submit":0,"sweep_submit":0,"park":0}]},{"tid":6,"role":"fused","ops":2,"iterations":167,"busy_ns":136240,"idle_ns":114488332,"cpu_ns":516895,"wake_tx":0,"wake_rx":0,"io_tenures":[{"entry_ns":2984677133919416,"begin_ns":2984677133919656,"end_ns":2984677248544228,"exit_ns":2984677248544368,"busy_ns":136240,"idle_ns":114488332,"role_exit":false,"stopped":true,"did_submit":0,"sweep_submit":0,"park":0}]},{"tid":7,"role":"fused","ops":4100,"iterations":6279,"busy_ns":17869619,"idle_ns":96740383,"cpu_ns":24768266,"wake_tx":1,"wake_rx":2,"io_tenures":[{"entry_ns":2984677133931826,"begin_ns":2984677133931976,"end_ns":2984677248541978,"exit_ns":2984677248542098,"busy_ns":17869619,"idle_ns":96740383,"role_exit":false,"stopped":true,"did_submit":0,"sweep_submit":0,"park":0}]}],"wb":{"retired":2060,"direct":2048,"sends_completed":2060,"sends_submitted":2060,"short_writes":0,"send_errors":0,"peer_aborts":0,"bytes_sent":77004,"zc_sends":0,"zc_bytes":0,"zc_releases":0,"serves":2061,"serves_empty":1},"tls":{"accepts":0,"handshakes_completed":0,"handshakes_started":0,"handshakes_failed":0,"connections_freed":0,"want_read":0,"want_write":0,"ciphertext_input_bytes":0,"plaintext_input_bytes":0,"ciphertext_output_bytes":0,"plaintext_output_bytes":0,"zc_suppressed":0,"ktls_active":0,"ktls_fallback":0},"stuck":{"live_conns":0,"rob_not_quiesced":0,"unsent_bytes_pending":0,"slots_done":0,"slots_issued":0,"slots_free":0,"flag_set":0},"epoll":{"enabled":false,"events":0,"recvs":0},"persistence":{"enabled":false,"recording":false,"failed":false,"drain_gave_up":false,"posted":0,"flushed":0,"durable":0,"refused":0,"pending_chunks":0,"records_written":0,"producers_with_pending":0,"producers_stopped":0,"producers_expected":0,"completions_pending":0},"accept":{"accepts":1,"accept_err":0,"rearm":0,"sqe_starved":0,"notify_drop":0}}
