topology: 1 L3 domain(s)
  domain  0: 8 cpus [112,113,114,115,116,117,118,119]
tomokv-cpp: 8 unified threads, 16 shard(s), thread-mode=1s, overlap=0 (executor prefetch; ordinary IO), io_uring, alloc=jemalloc, reorder=0, read-local=1
  thread t0: role=unified cpu=112 L3=0 shards=2 send=self
  thread t1: role=unified cpu=113 L3=0 shards=2 send=self
  thread t2: role=unified cpu=114 L3=0 shards=2 send=self
  thread t3: role=unified cpu=115 L3=0 shards=2 send=self
  thread t4: role=unified cpu=116 L3=0 shards=2 send=self
  thread t5: role=unified cpu=117 L3=0 shards=2 send=self
  thread t6: role=unified cpu=118 L3=0 shards=2 send=self
  thread t7: role=unified cpu=119 L3=0 shards=2 send=self
listening on 127.0.0.1:18340
persistence: enabled=0 posted=0 flushed=0 durable=0 refused=0 pending_chunks=0 producers_with_pending=0 drain_gave_up=0 failed=0

thread role          ops      iters   busy_ms   idle_ms    cpu_ms   wake_tx  wake_rx
t0     uni             2        144       0.2     289.1       0.8         0        1
io_tenure t0/0 busy_ns=155851 idle_ns=289057745 entry_ns=3160532831648011 begin_ns=3160532831648040 end_ns=3160533120861636 exit_ns=3160533120861666 role_exit=0 stopped=1
t1     uni             2        157       0.2     289.1       0.7         0        1
io_tenure t1/0 busy_ns=153538 idle_ns=289050987 entry_ns=3160532831650840 begin_ns=3160532831650871 end_ns=3160533120855396 exit_ns=3160533120855526 role_exit=0 stopped=1
t2     uni             2        135       0.2     289.1       0.7         0        1
io_tenure t2/0 busy_ns=155621 idle_ns=289057215 entry_ns=3160532831648271 begin_ns=3160532831648300 end_ns=3160533120861136 exit_ns=3160533120861276 role_exit=0 stopped=1
t3     uni             6         83       0.8     288.4       1.4         9       13
io_tenure t3/0 busy_ns=812663 idle_ns=288389183 entry_ns=3160532831657151 begin_ns=3160532831657180 end_ns=3160533120859026 exit_ns=3160533120859146 role_exit=0 stopped=1
t4     uni             2        142       0.2     289.1       0.7         0        1
io_tenure t4/0 busy_ns=154951 idle_ns=289062514 entry_ns=3160532831642980 begin_ns=3160532831643011 end_ns=3160533120860476 exit_ns=3160533120860606 role_exit=0 stopped=1
t5     uni             2        124       0.1     289.1       0.7         1        2
io_tenure t5/0 busy_ns=127809 idle_ns=289062666 entry_ns=3160532831665660 begin_ns=3160532831665791 end_ns=3160533120856266 exit_ns=3160533120856396 role_exit=0 stopped=1
t6     uni             7        156       0.2     289.0       0.8         5       10
io_tenure t6/0 busy_ns=195039 idle_ns=289007406 entry_ns=3160532831657080 begin_ns=3160532831657111 end_ns=3160533120859556 exit_ns=3160533120859686 role_exit=0 stopped=1
t7     uni             3        203       0.6     288.7       1.2         2        5
io_tenure t7/0 busy_ns=554495 idle_ns=288664621 entry_ns=3160532831652500 begin_ns=3160532831652520 end_ns=3160533120871636 exit_ns=3160533120871666 role_exit=0 stopped=1
wb: retired=10 direct=1 sends=10/10 short=0 err=0 peer_aborts=0 bytes=10900 zc_sends=0 zc_bytes=0 zc_releases=0 serves=11 empty=1
tls: accepts=0 handshakes=0/0 failed=0 freed=0 want_read=0 want_write=0 cipher_in=0 plain_in=0 cipher_out=0 plain_out=0 zc_suppressed=0 ktls_active=0 ktls_fallback=0
stuck: live_conns=0 rob_not_quiesced=0 unsent_bytes_pending=0 | slots done=0 issued=0 free=0 flag_set=0
shutdown: unified_work=26 accepts=3 accept_err=0 rearm=0 sqe_starved=0 notify_drop=0
shutdown_report {"schema":1,"thread_mode":"1s","work":{"kind":"fused","unified":26},"threads":[{"tid":0,"role":"fused","ops":2,"iterations":144,"busy_ns":155851,"idle_ns":289057745,"cpu_ns":780300,"wake_tx":0,"wake_rx":1,"io_tenures":[{"entry_ns":3160532831648011,"begin_ns":3160532831648040,"end_ns":3160533120861636,"exit_ns":3160533120861666,"busy_ns":155851,"idle_ns":289057745,"role_exit":false,"stopped":true,"did_submit":0,"sweep_submit":0,"park":0}]},{"tid":1,"role":"fused","ops":2,"iterations":157,"busy_ns":153538,"idle_ns":289050987,"cpu_ns":739060,"wake_tx":0,"wake_rx":1,"io_tenures":[{"entry_ns":3160532831650840,"begin_ns":3160532831650871,"end_ns":3160533120855396,"exit_ns":3160533120855526,"busy_ns":153538,"idle_ns":289050987,"role_exit":false,"stopped":true,"did_submit":0,"sweep_submit":0,"park":0}]},{"tid":2,"role":"fused","ops":2,"iterations":135,"busy_ns":155621,"idle_ns":289057215,"cpu_ns":717790,"wake_tx":0,"wake_rx":1,"io_tenures":[{"entry_ns":3160532831648271,"begin_ns":3160532831648300,"end_ns":3160533120861136,"exit_ns":3160533120861276,"busy_ns":155621,"idle_ns":289057215,"role_exit":false,"stopped":true,"did_submit":0,"sweep_submit":0,"park":0}]},{"tid":3,"role":"fused","ops":6,"iterations":83,"busy_ns":812663,"idle_ns":288389183,"cpu_ns":1426580,"wake_tx":9,"wake_rx":13,"io_tenures":[{"entry_ns":3160532831657151,"begin_ns":3160532831657180,"end_ns":3160533120859026,"exit_ns":3160533120859146,"busy_ns":812663,"idle_ns":288389183,"role_exit":false,"stopped":true,"did_submit":0,"sweep_submit":0,"park":0}]},{"tid":4,"role":"fused","ops":2,"iterations":142,"busy_ns":154951,"idle_ns":289062514,"cpu_ns":681330,"wake_tx":0,"wake_rx":1,"io_tenures":[{"entry_ns":3160532831642980,"begin_ns":3160532831643011,"end_ns":3160533120860476,"exit_ns":3160533120860606,"busy_ns":154951,"idle_ns":289062514,"role_exit":false,"stopped":true,"did_submit":0,"sweep_submit":0,"park":0}]},{"tid":5,"role":"fused","ops":2,"iterations":124,"busy_ns":127809,"idle_ns":289062666,"cpu_ns":727670,"wake_tx":1,"wake_rx":2,"io_tenures":[{"entry_ns":3160532831665660,"begin_ns":3160532831665791,"end_ns":3160533120856266,"exit_ns":3160533120856396,"busy_ns":127809,"idle_ns":289062666,"role_exit":false,"stopped":true,"did_submit":0,"sweep_submit":0,"park":0}]},{"tid":6,"role":"fused","ops":7,"iterations":156,"busy_ns":195039,"idle_ns":289007406,"cpu_ns":777910,"wake_tx":5,"wake_rx":10,"io_tenures":[{"entry_ns":3160532831657080,"begin_ns":3160532831657111,"end_ns":3160533120859556,"exit_ns":3160533120859686,"busy_ns":195039,"idle_ns":289007406,"role_exit":false,"stopped":true,"did_submit":0,"sweep_submit":0,"park":0}]},{"tid":7,"role":"fused","ops":3,"iterations":203,"busy_ns":554495,"idle_ns":288664621,"cpu_ns":1199010,"wake_tx":2,"wake_rx":5,"io_tenures":[{"entry_ns":3160532831652500,"begin_ns":3160532831652520,"end_ns":3160533120871636,"exit_ns":3160533120871666,"busy_ns":554495,"idle_ns":288664621,"role_exit":false,"stopped":true,"did_submit":0,"sweep_submit":0,"park":0}]}],"wb":{"retired":10,"direct":1,"sends_completed":10,"sends_submitted":10,"short_writes":0,"send_errors":0,"peer_aborts":0,"bytes_sent":10900,"zc_sends":0,"zc_bytes":0,"zc_releases":0,"serves":11,"serves_empty":1},"tls":{"accepts":0,"handshakes_completed":0,"handshakes_started":0,"handshakes_failed":0,"connections_freed":0,"want_read":0,"want_write":0,"ciphertext_input_bytes":0,"plaintext_input_bytes":0,"ciphertext_output_bytes":0,"plaintext_output_bytes":0,"zc_suppressed":0,"ktls_active":0,"ktls_fallback":0},"stuck":{"live_conns":0,"rob_not_quiesced":0,"unsent_bytes_pending":0,"slots_done":0,"slots_issued":0,"slots_free":0,"flag_set":0},"epoll":{"enabled":false,"events":0,"recvs":0},"persistence":{"enabled":false,"recording":false,"failed":false,"drain_gave_up":false,"posted":0,"flushed":0,"durable":0,"refused":0,"pending_chunks":0,"records_written":0,"producers_with_pending":0,"producers_stopped":0,"producers_expected":0,"completions_pending":0},"accept":{"accepts":3,"accept_err":0,"rearm":0,"sqe_starved":0,"notify_drop":0}}
