topology: 1 L3 domain(s)
  domain  0: 8 cpus [112,113,114,115,116,117,118,119]
tomokv-cpp: 8 unified threads, 16 shard(s), thread-mode=1s, overlap=0 (executor prefetch; ordinary IO), io_uring, alloc=jemalloc, reorder=0, read-local=1
  thread t0: role=unified cpu=112 L3=0 shards=2 send=self
  thread t1: role=unified cpu=113 L3=0 shards=2 send=self
  thread t2: role=unified cpu=114 L3=0 shards=2 send=self
  thread t3: role=unified cpu=115 L3=0 shards=2 send=self
  thread t4: role=unified cpu=116 L3=0 shards=2 send=self
  thread t5: role=unified cpu=117 L3=0 shards=2 send=self
  thread t6: role=unified cpu=118 L3=0 shards=2 send=self
  thread t7: role=unified cpu=119 L3=0 shards=2 send=self
listening on 127.0.0.1:18179
persistence: enabled=0 posted=0 flushed=0 durable=0 refused=0 pending_chunks=0 producers_with_pending=0 drain_gave_up=0 failed=0

thread role          ops      iters   busy_ms   idle_ms    cpu_ms   wake_tx  wake_rx
t0     uni             0          3       0.0     113.4       0.7         0        0
io_tenure t0/0 busy_ns=41152 idle_ns=113434472 entry_ns=2983958629624943 begin_ns=2983958629624972 end_ns=2983958743100596 exit_ns=2983958743100725 role_exit=0 stopped=1
t1     uni             0          3       0.0     113.4       0.6         0        0
io_tenure t1/0 busy_ns=27509 idle_ns=113442583 entry_ns=2983958629636523 begin_ns=2983958629636553 end_ns=2983958743106645 exit_ns=2983958743106785 role_exit=0 stopped=1
t2     uni             0          3       0.0     113.4       0.7         0        0
io_tenure t2/0 busy_ns=40000 idle_ns=113435073 entry_ns=2983958629626092 begin_ns=2983958629626123 end_ns=2983958743101196 exit_ns=2983958743101325 role_exit=0 stopped=1
t3     uni          4098       6182      17.0      96.5      24.2         0        0
io_tenure t3/0 busy_ns=16979464 idle_ns=96491489 entry_ns=2983958629623563 begin_ns=2983958629623583 end_ns=2983958743094536 exit_ns=2983958743094656 role_exit=0 stopped=1
t4     uni             0          3       0.0     113.4       0.6         0        0
io_tenure t4/0 busy_ns=40611 idle_ns=113437462 entry_ns=2983958629624203 begin_ns=2983958629624223 end_ns=2983958743102296 exit_ns=2983958743102425 role_exit=0 stopped=1
t5     uni             0          3       0.0     113.4       0.6         0        0
io_tenure t5/0 busy_ns=39810 idle_ns=113431823 entry_ns=2983958629624523 begin_ns=2983958629624552 end_ns=2983958743096185 exit_ns=2983958743096316 role_exit=0 stopped=1
t6     uni             0          3       0.0     113.4       0.6         0        0
io_tenure t6/0 busy_ns=41291 idle_ns=113430322 entry_ns=2983958629624972 begin_ns=2983958629625003 end_ns=2983958743096616 exit_ns=2983958743096756 role_exit=0 stopped=1
t7     uni             0          3       0.0     113.4       0.6         0        0
io_tenure t7/0 busy_ns=39810 idle_ns=113431812 entry_ns=2983958629624992 begin_ns=2983958629625023 end_ns=2983958743096645 exit_ns=2983958743096765 role_exit=0 stopped=1
wb: retired=2059 direct=2048 sends=2059/2059 short=0 err=0 peer_aborts=0 bytes=76958 zc_sends=0 zc_bytes=0 zc_releases=0 serves=2059 empty=0
tls: accepts=0 handshakes=0/0 failed=0 freed=0 want_read=0 want_write=0 cipher_in=0 plain_in=0 cipher_out=0 plain_out=0 zc_suppressed=0 ktls_active=0 ktls_fallback=0
stuck: live_conns=0 rob_not_quiesced=0 unsent_bytes_pending=0 | slots done=0 issued=0 free=0 flag_set=0
shutdown: unified_work=4098 accepts=1 accept_err=0 rearm=0 sqe_starved=0 notify_drop=0
shutdown_report {"schema":1,"thread_mode":"1s","work":{"kind":"fused","unified":4098},"threads":[{"tid":0,"role":"fused","ops":0,"iterations":3,"busy_ns":41152,"idle_ns":113434472,"cpu_ns":748620,"wake_tx":0,"wake_rx":0,"io_tenures":[{"entry_ns":2983958629624943,"begin_ns":2983958629624972,"end_ns":2983958743100596,"exit_ns":2983958743100725,"busy_ns":41152,"idle_ns":113434472,"role_exit":false,"stopped":true,"did_submit":0,"sweep_submit":0,"park":0}]},{"tid":1,"role":"fused","ops":0,"iterations":3,"busy_ns":27509,"idle_ns":113442583,"cpu_ns":582850,"wake_tx":0,"wake_rx":0,"io_tenures":[{"entry_ns":2983958629636523,"begin_ns":2983958629636553,"end_ns":2983958743106645,"exit_ns":2983958743106785,"busy_ns":27509,"idle_ns":113442583,"role_exit":false,"stopped":true,"did_submit":0,"sweep_submit":0,"park":0}]},{"tid":2,"role":"fused","ops":0,"iterations":3,"busy_ns":40000,"idle_ns":113435073,"cpu_ns":662410,"wake_tx":0,"wake_rx":0,"io_tenures":[{"entry_ns":2983958629626092,"begin_ns":2983958629626123,"end_ns":2983958743101196,"exit_ns":2983958743101325,"busy_ns":40000,"idle_ns":113435073,"role_exit":false,"stopped":true,"did_submit":0,"sweep_submit":0,"park":0}]},{"tid":3,"role":"fused","ops":4098,"iterations":6182,"busy_ns":16979464,"idle_ns":96491489,"cpu_ns":24220400,"wake_tx":0,"wake_rx":0,"io_tenures":[{"entry_ns":2983958629623563,"begin_ns":2983958629623583,"end_ns":2983958743094536,"exit_ns":2983958743094656,"busy_ns":16979464,"idle_ns":96491489,"role_exit":false,"stopped":true,"did_submit":0,"sweep_submit":0,"park":0}]},{"tid":4,"role":"fused","ops":0,"iterations":3,"busy_ns":40611,"idle_ns":113437462,"cpu_ns":590080,"wake_tx":0,"wake_rx":0,"io_tenures":[{"entry_ns":2983958629624203,"begin_ns":2983958629624223,"end_ns":2983958743102296,"exit_ns":2983958743102425,"busy_ns":40611,"idle_ns":113437462,"role_exit":false,"stopped":true,"did_submit":0,"sweep_submit":0,"park":0}]},{"tid":5,"role":"fused","ops":0,"iterations":3,"busy_ns":39810,"idle_ns":113431823,"cpu_ns":553150,"wake_tx":0,"wake_rx":0,"io_tenures":[{"entry_ns":2983958629624523,"begin_ns":2983958629624552,"end_ns":2983958743096185,"exit_ns":2983958743096316,"busy_ns":39810,"idle_ns":113431823,"role_exit":false,"stopped":true,"did_submit":0,"sweep_submit":0,"park":0}]},{"tid":6,"role":"fused","ops":0,"iterations":3,"busy_ns":41291,"idle_ns":113430322,"cpu_ns":587060,"wake_tx":0,"wake_rx":0,"io_tenures":[{"entry_ns":2983958629624972,"begin_ns":2983958629625003,"end_ns":2983958743096616,"exit_ns":2983958743096756,"busy_ns":41291,"idle_ns":113430322,"role_exit":false,"stopped":true,"did_submit":0,"sweep_submit":0,"park":0}]},{"tid":7,"role":"fused","ops":0,"iterations":3,"busy_ns":39810,"idle_ns":113431812,"cpu_ns":563060,"wake_tx":0,"wake_rx":0,"io_tenures":[{"entry_ns":2983958629624992,"begin_ns":2983958629625023,"end_ns":2983958743096645,"exit_ns":2983958743096765,"busy_ns":39810,"idle_ns":113431812,"role_exit":false,"stopped":true,"did_submit":0,"sweep_submit":0,"park":0}]}],"wb":{"retired":2059,"direct":2048,"sends_completed":2059,"sends_submitted":2059,"short_writes":0,"send_errors":0,"peer_aborts":0,"bytes_sent":76958,"zc_sends":0,"zc_bytes":0,"zc_releases":0,"serves":2059,"serves_empty":0},"tls":{"accepts":0,"handshakes_completed":0,"handshakes_started":0,"handshakes_failed":0,"connections_freed":0,"want_read":0,"want_write":0,"ciphertext_input_bytes":0,"plaintext_input_bytes":0,"ciphertext_output_bytes":0,"plaintext_output_bytes":0,"zc_suppressed":0,"ktls_active":0,"ktls_fallback":0},"stuck":{"live_conns":0,"rob_not_quiesced":0,"unsent_bytes_pending":0,"slots_done":0,"slots_issued":0,"slots_free":0,"flag_set":0},"epoll":{"enabled":false,"events":0,"recvs":0},"persistence":{"enabled":false,"recording":false,"failed":false,"drain_gave_up":false,"posted":0,"flushed":0,"durable":0,"refused":0,"pending_chunks":0,"records_written":0,"producers_with_pending":0,"producers_stopped":0,"producers_expected":0,"completions_pending":0},"accept":{"accepts":1,"accept_err":0,"rearm":0,"sqe_starved":0,"notify_drop":0}}
