topology: 1 L3 domain(s)
  domain  0: 8 cpus [112,113,114,115,116,117,118,119]
tomokv-cpp: 8 unified threads, 16 shard(s), thread-mode=1s, overlap=0 (executor prefetch; ordinary IO), io_uring, alloc=jemalloc, reorder=0, read-local=1
  thread t0: role=unified cpu=112 L3=0 shards=2 send=self
  thread t1: role=unified cpu=113 L3=0 shards=2 send=self
  thread t2: role=unified cpu=114 L3=0 shards=2 send=self
  thread t3: role=unified cpu=115 L3=0 shards=2 send=self
  thread t4: role=unified cpu=116 L3=0 shards=2 send=self
  thread t5: role=unified cpu=117 L3=0 shards=2 send=self
  thread t6: role=unified cpu=118 L3=0 shards=2 send=self
  thread t7: role=unified cpu=119 L3=0 shards=2 send=self
listening on 127.0.0.1:18179
persistence: enabled=0 posted=0 flushed=0 durable=0 refused=0 pending_chunks=0 producers_with_pending=0 drain_gave_up=0 failed=0

thread role          ops      iters   busy_ms   idle_ms    cpu_ms   wake_tx  wake_rx
t0     uni            73      62545      37.7     859.6      38.6        12       51
io_tenure t0/0 busy_ns=37679187 idle_ns=859550861 entry_ns=2983799218495652 begin_ns=2983799218495683 end_ns=2983800115725731 exit_ns=2983800115725861 role_exit=0 stopped=1
t1     uni          4196      94931      92.5     804.8     100.9       202      234
io_tenure t1/0 busy_ns=92469126 idle_ns=804768753 entry_ns=2983799218488583 begin_ns=2983799218488612 end_ns=2983800115726491 exit_ns=2983800115726631 role_exit=0 stopped=1
t2     uni            76       9455       7.2     890.1       7.9        15       62
io_tenure t2/0 busy_ns=7174572 idle_ns=890061656 entry_ns=2983799218488112 begin_ns=2983799218488143 end_ns=2983800115724371 exit_ns=2983800115724511 role_exit=0 stopped=1
t3     uni            73      14256       9.8     887.5      10.6        12       52
io_tenure t3/0 busy_ns=9774683 idle_ns=887461866 entry_ns=2983799218487383 begin_ns=2983799218487412 end_ns=2983800115723961 exit_ns=2983800115724101 role_exit=0 stopped=1
t4     uni            76       5805       4.9     892.4       5.7        21       63
io_tenure t4/0 busy_ns=4874341 idle_ns=892364438 entry_ns=2983799218487823 begin_ns=2983799218487852 end_ns=2983800115726631 exit_ns=2983800115726771 role_exit=0 stopped=1
t5     uni            80      29801      18.9     878.3      19.6        13       60
io_tenure t5/0 busy_ns=18884426 idle_ns=878345373 entry_ns=2983799218493623 begin_ns=2983799218493652 end_ns=2983800115723451 exit_ns=2983800115723581 role_exit=0 stopped=1
t6     uni            73       6923       5.8     891.5       6.5        29       72
io_tenure t6/0 busy_ns=5769156 idle_ns=891460302 entry_ns=2983799218497463 begin_ns=2983799218497483 end_ns=2983800115726941 exit_ns=2983800115727071 role_exit=0 stopped=1
t7     uni            71       6888       5.6     891.7       6.2        24       62
io_tenure t7/0 busy_ns=5556850 idle_ns=891686238 entry_ns=2983799218491592 begin_ns=2983799218491623 end_ns=2983800115734711 exit_ns=2983800115734741 role_exit=0 stopped=1
wb: retired=2441 direct=2048 sends=2441/2441 short=0 err=0 peer_aborts=0 bytes=1302008 zc_sends=0 zc_bytes=0 zc_releases=0 serves=2770 empty=329
tls: accepts=0 handshakes=0/0 failed=0 freed=0 want_read=0 want_write=0 cipher_in=0 plain_in=0 cipher_out=0 plain_out=0 zc_suppressed=0 ktls_active=0 ktls_fallback=0
stuck: live_conns=0 rob_not_quiesced=0 unsent_bytes_pending=0 | slots done=0 issued=0 free=0 flag_set=0
shutdown: unified_work=4718 accepts=50 accept_err=0 rearm=0 sqe_starved=0 notify_drop=0
shutdown_report {"schema":1,"thread_mode":"1s","work":{"kind":"fused","unified":4718},"threads":[{"tid":0,"role":"fused","ops":73,"iterations":62545,"busy_ns":37679187,"idle_ns":859550861,"cpu_ns":38588898,"wake_tx":12,"wake_rx":51,"io_tenures":[{"entry_ns":2983799218495652,"begin_ns":2983799218495683,"end_ns":2983800115725731,"exit_ns":2983800115725861,"busy_ns":37679187,"idle_ns":859550861,"role_exit":false,"stopped":true,"did_submit":0,"sweep_submit":0,"park":0}]},{"tid":1,"role":"fused","ops":4196,"iterations":94931,"busy_ns":92469126,"idle_ns":804768753,"cpu_ns":100897819,"wake_tx":202,"wake_rx":234,"io_tenures":[{"entry_ns":2983799218488583,"begin_ns":2983799218488612,"end_ns":2983800115726491,"exit_ns":2983800115726631,"busy_ns":92469126,"idle_ns":804768753,"role_exit":false,"stopped":true,"did_submit":0,"sweep_submit":0,"park":0}]},{"tid":2,"role":"fused","ops":76,"iterations":9455,"busy_ns":7174572,"idle_ns":890061656,"cpu_ns":7938439,"wake_tx":15,"wake_rx":62,"io_tenures":[{"entry_ns":2983799218488112,"begin_ns":2983799218488143,"end_ns":2983800115724371,"exit_ns":2983800115724511,"busy_ns":7174572,"idle_ns":890061656,"role_exit":false,"stopped":true,"did_submit":0,"sweep_submit":0,"park":0}]},{"tid":3,"role":"fused","ops":73,"iterations":14256,"busy_ns":9774683,"idle_ns":887461866,"cpu_ns":10597000,"wake_tx":12,"wake_rx":52,"io_tenures":[{"entry_ns":2983799218487383,"begin_ns":2983799218487412,"end_ns":2983800115723961,"exit_ns":2983800115724101,"busy_ns":9774683,"idle_ns":887461866,"role_exit":false,"stopped":true,"did_submit":0,"sweep_submit":0,"park":0}]},{"tid":4,"role":"fused","ops":76,"iterations":5805,"busy_ns":4874341,"idle_ns":892364438,"cpu_ns":5683642,"wake_tx":21,"wake_rx":63,"io_tenures":[{"entry_ns":2983799218487823,"begin_ns":2983799218487852,"end_ns":2983800115726631,"exit_ns":2983800115726771,"busy_ns":4874341,"idle_ns":892364438,"role_exit":false,"stopped":true,"did_submit":0,"sweep_submit":0,"park":0}]},{"tid":5,"role":"fused","ops":80,"iterations":29801,"busy_ns":18884426,"idle_ns":878345373,"cpu_ns":19619820,"wake_tx":13,"wake_rx":60,"io_tenures":[{"entry_ns":2983799218493623,"begin_ns":2983799218493652,"end_ns":2983800115723451,"exit_ns":2983800115723581,"busy_ns":18884426,"idle_ns":878345373,"role_exit":false,"stopped":true,"did_submit":0,"sweep_submit":0,"park":0}]},{"tid":6,"role":"fused","ops":73,"iterations":6923,"busy_ns":5769156,"idle_ns":891460302,"cpu_ns":6538664,"wake_tx":29,"wake_rx":72,"io_tenures":[{"entry_ns":2983799218497463,"begin_ns":2983799218497483,"end_ns":2983800115726941,"exit_ns":2983800115727071,"busy_ns":5769156,"idle_ns":891460302,"role_exit":false,"stopped":true,"did_submit":0,"sweep_submit":0,"park":0}]},{"tid":7,"role":"fused","ops":71,"iterations":6888,"busy_ns":5556850,"idle_ns":891686238,"cpu_ns":6228643,"wake_tx":24,"wake_rx":62,"io_tenures":[{"entry_ns":2983799218491592,"begin_ns":2983799218491623,"end_ns":2983800115734711,"exit_ns":2983800115734741,"busy_ns":5556850,"idle_ns":891686238,"role_exit":false,"stopped":true,"did_submit":0,"sweep_submit":0,"park":0}]}],"wb":{"retired":2441,"direct":2048,"sends_completed":2441,"sends_submitted":2441,"short_writes":0,"send_errors":0,"peer_aborts":0,"bytes_sent":1302008,"zc_sends":0,"zc_bytes":0,"zc_releases":0,"serves":2770,"serves_empty":329},"tls":{"accepts":0,"handshakes_completed":0,"handshakes_started":0,"handshakes_failed":0,"connections_freed":0,"want_read":0,"want_write":0,"ciphertext_input_bytes":0,"plaintext_input_bytes":0,"ciphertext_output_bytes":0,"plaintext_output_bytes":0,"zc_suppressed":0,"ktls_active":0,"ktls_fallback":0},"stuck":{"live_conns":0,"rob_not_quiesced":0,"unsent_bytes_pending":0,"slots_done":0,"slots_issued":0,"slots_free":0,"flag_set":0},"epoll":{"enabled":false,"events":0,"recvs":0},"persistence":{"enabled":false,"recording":false,"failed":false,"drain_gave_up":false,"posted":0,"flushed":0,"durable":0,"refused":0,"pending_chunks":0,"records_written":0,"producers_with_pending":0,"producers_stopped":0,"producers_expected":0,"completions_pending":0},"accept":{"accepts":50,"accept_err":0,"rearm":0,"sqe_starved":0,"notify_drop":0}}
