topology: 1 L3 domain(s)
  domain  0: 8 cpus [112,113,114,115,116,117,118,119]
tomokv-cpp: 8 unified threads, 16 shard(s), thread-mode=1s, overlap=0 (executor prefetch; ordinary IO), io_uring, alloc=jemalloc, reorder=0, read-local=1
  thread t0: role=unified cpu=112 L3=0 shards=2 send=self
  thread t1: role=unified cpu=113 L3=0 shards=2 send=self
  thread t2: role=unified cpu=114 L3=0 shards=2 send=self
  thread t3: role=unified cpu=115 L3=0 shards=2 send=self
  thread t4: role=unified cpu=116 L3=0 shards=2 send=self
  thread t5: role=unified cpu=117 L3=0 shards=2 send=self
  thread t6: role=unified cpu=118 L3=0 shards=2 send=self
  thread t7: role=unified cpu=119 L3=0 shards=2 send=self
listening on 127.0.0.1:18340
persistence: enabled=0 posted=0 flushed=0 durable=0 refused=0 pending_chunks=0 producers_with_pending=0 drain_gave_up=0 failed=0

thread role          ops      iters   busy_ms   idle_ms    cpu_ms   wake_tx  wake_rx
t0     uni             2        183       0.2     286.9       0.9         1        2
io_tenure t0/0 busy_ns=172303 idle_ns=286919794 entry_ns=3160529773519429 begin_ns=3160529773519459 end_ns=3160530060611556 exit_ns=3160530060611586 role_exit=0 stopped=1
t1     uni             2        202       0.2     286.9       0.7         0        1
io_tenure t1/0 busy_ns=151039 idle_ns=286932198 entry_ns=3160529773529659 begin_ns=3160529773529689 end_ns=3160530060612926 exit_ns=3160530060612956 role_exit=0 stopped=1
t2     uni             7        195       0.2     286.9       0.8         3        8
io_tenure t2/0 busy_ns=217553 idle_ns=286883624 entry_ns=3160529773512919 begin_ns=3160529773512949 end_ns=3160530060614126 exit_ns=3160530060614156 role_exit=0 stopped=1
t3     uni             2        195       0.4     286.7       1.0         0        1
io_tenure t3/0 busy_ns=445310 idle_ns=286658997 entry_ns=3160529773515559 begin_ns=3160529773515669 end_ns=3160530060619976 exit_ns=3160530060620006 role_exit=0 stopped=1
t4     uni             2        160       0.2     286.9       0.7         0        1
io_tenure t4/0 busy_ns=151462 idle_ns=286935605 entry_ns=3160529773525379 begin_ns=3160529773525399 end_ns=3160530060612466 exit_ns=3160530060612496 role_exit=0 stopped=1
t5     uni             2        175       0.2     286.9       0.7         0        1
io_tenure t5/0 busy_ns=170712 idle_ns=286933225 entry_ns=3160529773508408 begin_ns=3160529773508439 end_ns=3160530060612376 exit_ns=3160530060612406 role_exit=0 stopped=1
t6     uni             7         90       0.9     286.2       1.5        11       15
io_tenure t6/0 busy_ns=928974 idle_ns=286167733 entry_ns=3160529773512519 begin_ns=3160529773512549 end_ns=3160530060609256 exit_ns=3160530060609286 role_exit=0 stopped=1
t7     uni             2        167       0.2     286.9       0.7         0        1
io_tenure t7/0 busy_ns=157029 idle_ns=286934648 entry_ns=3160529773517459 begin_ns=3160529773517589 end_ns=3160530060609266 exit_ns=3160530060609296 role_exit=0 stopped=1
wb: retired=10 direct=1 sends=10/10 short=0 err=0 peer_aborts=0 bytes=10900 zc_sends=0 zc_bytes=0 zc_releases=0 serves=12 empty=2
tls: accepts=0 handshakes=0/0 failed=0 freed=0 want_read=0 want_write=0 cipher_in=0 plain_in=0 cipher_out=0 plain_out=0 zc_suppressed=0 ktls_active=0 ktls_fallback=0
stuck: live_conns=0 rob_not_quiesced=0 unsent_bytes_pending=0 | slots done=0 issued=0 free=0 flag_set=0
shutdown: unified_work=26 accepts=3 accept_err=0 rearm=0 sqe_starved=0 notify_drop=0
shutdown_report {"schema":1,"thread_mode":"1s","work":{"kind":"fused","unified":26},"threads":[{"tid":0,"role":"fused","ops":2,"iterations":183,"busy_ns":172303,"idle_ns":286919794,"cpu_ns":854354,"wake_tx":1,"wake_rx":2,"io_tenures":[{"entry_ns":3160529773519429,"begin_ns":3160529773519459,"end_ns":3160530060611556,"exit_ns":3160530060611586,"busy_ns":172303,"idle_ns":286919794,"role_exit":false,"stopped":true,"did_submit":0,"sweep_submit":0,"park":0}]},{"tid":1,"role":"fused","ops":2,"iterations":202,"busy_ns":151039,"idle_ns":286932198,"cpu_ns":709945,"wake_tx":0,"wake_rx":1,"io_tenures":[{"entry_ns":3160529773529659,"begin_ns":3160529773529689,"end_ns":3160530060612926,"exit_ns":3160530060612956,"busy_ns":151039,"idle_ns":286932198,"role_exit":false,"stopped":true,"did_submit":0,"sweep_submit":0,"park":0}]},{"tid":2,"role":"fused","ops":7,"iterations":195,"busy_ns":217553,"idle_ns":286883624,"cpu_ns":793151,"wake_tx":3,"wake_rx":8,"io_tenures":[{"entry_ns":3160529773512919,"begin_ns":3160529773512949,"end_ns":3160530060614126,"exit_ns":3160530060614156,"busy_ns":217553,"idle_ns":286883624,"role_exit":false,"stopped":true,"did_submit":0,"sweep_submit":0,"park":0}]},{"tid":3,"role":"fused","ops":2,"iterations":195,"busy_ns":445310,"idle_ns":286658997,"cpu_ns":988747,"wake_tx":0,"wake_rx":1,"io_tenures":[{"entry_ns":3160529773515559,"begin_ns":3160529773515669,"end_ns":3160530060619976,"exit_ns":3160530060620006,"busy_ns":445310,"idle_ns":286658997,"role_exit":false,"stopped":true,"did_submit":0,"sweep_submit":0,"park":0}]},{"tid":4,"role":"fused","ops":2,"iterations":160,"busy_ns":151462,"idle_ns":286935605,"cpu_ns":715906,"wake_tx":0,"wake_rx":1,"io_tenures":[{"entry_ns":3160529773525379,"begin_ns":3160529773525399,"end_ns":3160530060612466,"exit_ns":3160530060612496,"busy_ns":151462,"idle_ns":286935605,"role_exit":false,"stopped":true,"did_submit":0,"sweep_submit":0,"park":0}]},{"tid":5,"role":"fused","ops":2,"iterations":175,"busy_ns":170712,"idle_ns":286933225,"cpu_ns":692482,"wake_tx":0,"wake_rx":1,"io_tenures":[{"entry_ns":3160529773508408,"begin_ns":3160529773508439,"end_ns":3160530060612376,"exit_ns":3160530060612406,"busy_ns":170712,"idle_ns":286933225,"role_exit":false,"stopped":true,"did_submit":0,"sweep_submit":0,"park":0}]},{"tid":6,"role":"fused","ops":7,"iterations":90,"busy_ns":928974,"idle_ns":286167733,"cpu_ns":1516595,"wake_tx":11,"wake_rx":15,"io_tenures":[{"entry_ns":3160529773512519,"begin_ns":3160529773512549,"end_ns":3160530060609256,"exit_ns":3160530060609286,"busy_ns":928974,"idle_ns":286167733,"role_exit":false,"stopped":true,"did_submit":0,"sweep_submit":0,"park":0}]},{"tid":7,"role":"fused","ops":2,"iterations":167,"busy_ns":157029,"idle_ns":286934648,"cpu_ns":723569,"wake_tx":0,"wake_rx":1,"io_tenures":[{"entry_ns":3160529773517459,"begin_ns":3160529773517589,"end_ns":3160530060609266,"exit_ns":3160530060609296,"busy_ns":157029,"idle_ns":286934648,"role_exit":false,"stopped":true,"did_submit":0,"sweep_submit":0,"park":0}]}],"wb":{"retired":10,"direct":1,"sends_completed":10,"sends_submitted":10,"short_writes":0,"send_errors":0,"peer_aborts":0,"bytes_sent":10900,"zc_sends":0,"zc_bytes":0,"zc_releases":0,"serves":12,"serves_empty":2},"tls":{"accepts":0,"handshakes_completed":0,"handshakes_started":0,"handshakes_failed":0,"connections_freed":0,"want_read":0,"want_write":0,"ciphertext_input_bytes":0,"plaintext_input_bytes":0,"ciphertext_output_bytes":0,"plaintext_output_bytes":0,"zc_suppressed":0,"ktls_active":0,"ktls_fallback":0},"stuck":{"live_conns":0,"rob_not_quiesced":0,"unsent_bytes_pending":0,"slots_done":0,"slots_issued":0,"slots_free":0,"flag_set":0},"epoll":{"enabled":false,"events":0,"recvs":0},"persistence":{"enabled":false,"recording":false,"failed":false,"drain_gave_up":false,"posted":0,"flushed":0,"durable":0,"refused":0,"pending_chunks":0,"records_written":0,"producers_with_pending":0,"producers_stopped":0,"producers_expected":0,"completions_pending":0},"accept":{"accepts":3,"accept_err":0,"rearm":0,"sqe_starved":0,"notify_drop":0}}
