topology: 1 L3 domain(s)
  domain  0: 8 cpus [112,113,114,115,116,117,118,119]
tomokv-cpp: 8 unified threads, 16 shard(s), thread-mode=1s, overlap=0 (executor prefetch; ordinary IO), io_uring, alloc=jemalloc, reorder=0, read-local=1
  thread t0: role=unified cpu=112 L3=0 shards=2 send=self
  thread t1: role=unified cpu=113 L3=0 shards=2 send=self
  thread t2: role=unified cpu=114 L3=0 shards=2 send=self
  thread t3: role=unified cpu=115 L3=0 shards=2 send=self
  thread t4: role=unified cpu=116 L3=0 shards=2 send=self
  thread t5: role=unified cpu=117 L3=0 shards=2 send=self
  thread t6: role=unified cpu=118 L3=0 shards=2 send=self
  thread t7: role=unified cpu=119 L3=0 shards=2 send=self
listening on 127.0.0.1:17899
persistence: enabled=0 posted=0 flushed=0 durable=0 refused=0 pending_chunks=0 producers_with_pending=0 drain_gave_up=0 failed=0

thread role          ops      iters   busy_ms   idle_ms    cpu_ms   wake_tx  wake_rx
t0     uni         15979      22101      35.0    2502.5      42.2       895     2468
io_tenure t0/0 busy_ns=35014548 idle_ns=2502459882 entry_ns=2930675974552033 begin_ns=2930675974552064 end_ns=2930678512026494 exit_ns=2930678512026524 role_exit=0 stopped=1
t1     uni          5974       7343      22.6    2514.9      28.7       291     1654
io_tenure t1/0 busy_ns=22606186 idle_ns=2514880585 entry_ns=2930675974544884 begin_ns=2930675974544913 end_ns=2930678512031684 exit_ns=2930678512031714 role_exit=0 stopped=1
t2     uni          5230       7369      21.8    2515.7      27.7       208     1531
io_tenure t2/0 busy_ns=21811364 idle_ns=2515672797 entry_ns=2930675974543544 begin_ns=2930675974543573 end_ns=2930678512027734 exit_ns=2930678512027764 role_exit=0 stopped=1
t3     uni         10843     132459      60.3    2477.1      65.1       711     1492
io_tenure t3/0 busy_ns=60334757 idle_ns=2477146924 entry_ns=2930675974544664 begin_ns=2930675974544693 end_ns=2930678512026374 exit_ns=2930678512026414 role_exit=0 stopped=1
t4     uni         10154      55571      76.8    2460.6      82.8      2396     3681
io_tenure t4/0 busy_ns=76829811 idle_ns=2460618659 entry_ns=2930675974603144 begin_ns=2930675974603164 end_ns=2930678512051634 exit_ns=2930678512051704 role_exit=0 stopped=1
t5     uni         11471       9252      23.4    2513.1      28.2       863     1660
io_tenure t5/0 busy_ns=23395603 idle_ns=2513113094 entry_ns=2930675974544353 begin_ns=2930675974544384 end_ns=2930678511053081 exit_ns=2930678511053151 role_exit=0 stopped=1
t6     uni         10675      58992      77.4    2460.1      84.2      2431     4009
io_tenure t6/0 busy_ns=77371781 idle_ns=2460110779 entry_ns=2930675974543913 begin_ns=2930675974543944 end_ns=2930678512026504 exit_ns=2930678512026534 role_exit=0 stopped=1
t7     uni         11748      39455      63.5    2474.0      70.1      2358     3811
io_tenure t7/0 busy_ns=63499551 idle_ns=2473983350 entry_ns=2930675974545444 begin_ns=2930675974545473 end_ns=2930678512028374 exit_ns=2930678512028404 role_exit=0 stopped=1
wb: retired=35729 direct=458 sends=3369/3369 short=0 err=0 peer_aborts=0 bytes=730328 zc_sends=0 zc_bytes=0 zc_releases=0 serves=3973 empty=604
tls: accepts=0 handshakes=0/0 failed=0 freed=0 want_read=0 want_write=0 cipher_in=0 plain_in=0 cipher_out=0 plain_out=0 zc_suppressed=0 ktls_active=0 ktls_fallback=0
stuck: live_conns=0 rob_not_quiesced=0 unsent_bytes_pending=0 | slots done=0 issued=0 free=0 flag_set=0
shutdown: unified_work=82074 accepts=10 accept_err=0 rearm=0 sqe_starved=0 notify_drop=0
shutdown_report {"schema":1,"thread_mode":"1s","work":{"kind":"fused","unified":82074},"threads":[{"tid":0,"role":"fused","ops":15979,"iterations":22101,"busy_ns":35014548,"idle_ns":2502459882,"cpu_ns":42211080,"wake_tx":895,"wake_rx":2468,"io_tenures":[{"entry_ns":2930675974552033,"begin_ns":2930675974552064,"end_ns":2930678512026494,"exit_ns":2930678512026524,"busy_ns":35014548,"idle_ns":2502459882,"role_exit":false,"stopped":true,"did_submit":0,"sweep_submit":0,"park":0}]},{"tid":1,"role":"fused","ops":5974,"iterations":7343,"busy_ns":22606186,"idle_ns":2514880585,"cpu_ns":28705120,"wake_tx":291,"wake_rx":1654,"io_tenures":[{"entry_ns":2930675974544884,"begin_ns":2930675974544913,"end_ns":2930678512031684,"exit_ns":2930678512031714,"busy_ns":22606186,"idle_ns":2514880585,"role_exit":false,"stopped":true,"did_submit":0,"sweep_submit":0,"park":0}]},{"tid":2,"role":"fused","ops":5230,"iterations":7369,"busy_ns":21811364,"idle_ns":2515672797,"cpu_ns":27711960,"wake_tx":208,"wake_rx":1531,"io_tenures":[{"entry_ns":2930675974543544,"begin_ns":2930675974543573,"end_ns":2930678512027734,"exit_ns":2930678512027764,"busy_ns":21811364,"idle_ns":2515672797,"role_exit":false,"stopped":true,"did_submit":0,"sweep_submit":0,"park":0}]},{"tid":3,"role":"fused","ops":10843,"iterations":132459,"busy_ns":60334757,"idle_ns":2477146924,"cpu_ns":65096530,"wake_tx":711,"wake_rx":1492,"io_tenures":[{"entry_ns":2930675974544664,"begin_ns":2930675974544693,"end_ns":2930678512026374,"exit_ns":2930678512026414,"busy_ns":60334757,"idle_ns":2477146924,"role_exit":false,"stopped":true,"did_submit":0,"sweep_submit":0,"park":0}]},{"tid":4,"role":"fused","ops":10154,"iterations":55571,"busy_ns":76829811,"idle_ns":2460618659,"cpu_ns":82762490,"wake_tx":2396,"wake_rx":3681,"io_tenures":[{"entry_ns":2930675974603144,"begin_ns":2930675974603164,"end_ns":2930678512051634,"exit_ns":2930678512051704,"busy_ns":76829811,"idle_ns":2460618659,"role_exit":false,"stopped":true,"did_submit":0,"sweep_submit":0,"park":0}]},{"tid":5,"role":"fused","ops":11471,"iterations":9252,"busy_ns":23395603,"idle_ns":2513113094,"cpu_ns":28245900,"wake_tx":863,"wake_rx":1660,"io_tenures":[{"entry_ns":2930675974544353,"begin_ns":2930675974544384,"end_ns":2930678511053081,"exit_ns":2930678511053151,"busy_ns":23395603,"idle_ns":2513113094,"role_exit":false,"stopped":true,"did_submit":0,"sweep_submit":0,"park":0}]},{"tid":6,"role":"fused","ops":10675,"iterations":58992,"busy_ns":77371781,"idle_ns":2460110779,"cpu_ns":84244900,"wake_tx":2431,"wake_rx":4009,"io_tenures":[{"entry_ns":2930675974543913,"begin_ns":2930675974543944,"end_ns":2930678512026504,"exit_ns":2930678512026534,"busy_ns":77371781,"idle_ns":2460110779,"role_exit":false,"stopped":true,"did_submit":0,"sweep_submit":0,"park":0}]},{"tid":7,"role":"fused","ops":11748,"iterations":39455,"busy_ns":63499551,"idle_ns":2473983350,"cpu_ns":70065040,"wake_tx":2358,"wake_rx":3811,"io_tenures":[{"entry_ns":2930675974545444,"begin_ns":2930675974545473,"end_ns":2930678512028374,"exit_ns":2930678512028404,"busy_ns":63499551,"idle_ns":2473983350,"role_exit":false,"stopped":true,"did_submit":0,"sweep_submit":0,"park":0}]}],"wb":{"retired":35729,"direct":458,"sends_completed":3369,"sends_submitted":3369,"short_writes":0,"send_errors":0,"peer_aborts":0,"bytes_sent":730328,"zc_sends":0,"zc_bytes":0,"zc_releases":0,"serves":3973,"serves_empty":604},"tls":{"accepts":0,"handshakes_completed":0,"handshakes_started":0,"handshakes_failed":0,"connections_freed":0,"want_read":0,"want_write":0,"ciphertext_input_bytes":0,"plaintext_input_bytes":0,"ciphertext_output_bytes":0,"plaintext_output_bytes":0,"zc_suppressed":0,"ktls_active":0,"ktls_fallback":0},"stuck":{"live_conns":0,"rob_not_quiesced":0,"unsent_bytes_pending":0,"slots_done":0,"slots_issued":0,"slots_free":0,"flag_set":0},"epoll":{"enabled":false,"events":0,"recvs":0},"persistence":{"enabled":false,"recording":false,"failed":false,"drain_gave_up":false,"posted":0,"flushed":0,"durable":0,"refused":0,"pending_chunks":0,"records_written":0,"producers_with_pending":0,"producers_stopped":0,"producers_expected":0,"completions_pending":0},"accept":{"accepts":10,"accept_err":0,"rearm":0,"sqe_starved":0,"notify_drop":0}}
