topology: 1 L3 domain(s)
  domain  0: 8 cpus [120,121,122,123,124,125,126,127]
tomokv-cpp: 8 unified threads, 16 shard(s), thread-mode=1s, overlap=0 (executor prefetch; ordinary IO), io_uring, alloc=jemalloc, reorder=0, read-local=1
  thread t0: role=unified cpu=120 L3=0 shards=2 send=self
  thread t1: role=unified cpu=121 L3=0 shards=2 send=self
  thread t2: role=unified cpu=122 L3=0 shards=2 send=self
  thread t3: role=unified cpu=123 L3=0 shards=2 send=self
  thread t4: role=unified cpu=124 L3=0 shards=2 send=self
  thread t5: role=unified cpu=125 L3=0 shards=2 send=self
  thread t6: role=unified cpu=126 L3=0 shards=2 send=self
  thread t7: role=unified cpu=127 L3=0 shards=2 send=self
listening on 127.0.0.1:18179
persistence: enabled=0 posted=0 flushed=0 durable=0 refused=0 pending_chunks=0 producers_with_pending=0 drain_gave_up=0 failed=0

thread role          ops      iters   busy_ms   idle_ms    cpu_ms   wake_tx  wake_rx
t0     uni          4204     110609     310.1   10455.3     329.2       233      271
io_tenure t0/0 busy_ns=310117981 idle_ns=10455305327 entry_ns=2986558517893895 begin_ns=2986558517893925 end_ns=2986569283317233 exit_ns=2986569283317373 role_exit=0 stopped=1
t1     uni            70       3231       4.1   10761.3       6.3        18       61
io_tenure t1/0 busy_ns=4114391 idle_ns=10761317078 entry_ns=2986558517883385 begin_ns=2986558517883415 end_ns=2986569283314884 exit_ns=2986569283315024 role_exit=0 stopped=1
t2     uni            73       2307       3.6   10761.8       5.7        11       56
io_tenure t2/0 busy_ns=3613545 idle_ns=10761827024 entry_ns=2986558517884385 begin_ns=2986558517884415 end_ns=2986569283324984 exit_ns=2986569283325073 role_exit=0 stopped=1
t3     uni            78       4539       5.4   10760.0       7.5        19       62
io_tenure t3/0 busy_ns=5351584 idle_ns=10760012405 entry_ns=2986558517950705 begin_ns=2986558517950735 end_ns=2986569283314724 exit_ns=2986569283314864 role_exit=0 stopped=1
t4     uni            73      15803      11.3   10754.1      13.4        13       56
io_tenure t4/0 busy_ns=11295294 idle_ns=10754132155 entry_ns=2986558517891025 begin_ns=2986558517891055 end_ns=2986569283318504 exit_ns=2986569283318644 role_exit=0 stopped=1
t5     uni            79      18506      12.7   10752.7      14.9        16       59
io_tenure t5/0 busy_ns=12749127 idle_ns=10752679622 entry_ns=2986558517888925 begin_ns=2986558517888955 end_ns=2986569283317704 exit_ns=2986569283317833 role_exit=0 stopped=1
t6     uni            72       2942       4.0   10761.4       6.2        19       63
io_tenure t6/0 busy_ns=3995825 idle_ns=10761430434 entry_ns=2986558517888455 begin_ns=2986558517888485 end_ns=2986569283314744 exit_ns=2986569283314884 role_exit=0 stopped=1
t7     uni            75      21532      14.8   10750.7      16.8        15       60
io_tenure t7/0 busy_ns=14767952 idle_ns=10750659426 entry_ns=2986558517887395 begin_ns=2986558517887415 end_ns=2986569283314793 exit_ns=2986569283314933 role_exit=0 stopped=1
wb: retired=4310 direct=2048 sends=4310/4310 short=0 err=0 peer_aborts=0 bytes=11718227 zc_sends=0 zc_bytes=0 zc_releases=0 serves=4754 empty=444
tls: accepts=0 handshakes=0/0 failed=0 freed=0 want_read=0 want_write=0 cipher_in=0 plain_in=0 cipher_out=0 plain_out=0 zc_suppressed=0 ktls_active=0 ktls_fallback=0
stuck: live_conns=0 rob_not_quiesced=0 unsent_bytes_pending=0 | slots done=0 issued=0 free=0 flag_set=0
shutdown: unified_work=4724 accepts=50 accept_err=0 rearm=0 sqe_starved=0 notify_drop=0
shutdown_report {"schema":1,"thread_mode":"1s","work":{"kind":"fused","unified":4724},"threads":[{"tid":0,"role":"fused","ops":4204,"iterations":110609,"busy_ns":310117981,"idle_ns":10455305327,"cpu_ns":329189380,"wake_tx":233,"wake_rx":271,"io_tenures":[{"entry_ns":2986558517893895,"begin_ns":2986558517893925,"end_ns":2986569283317233,"exit_ns":2986569283317373,"busy_ns":310117981,"idle_ns":10455305327,"role_exit":false,"stopped":true,"did_submit":0,"sweep_submit":0,"park":0}]},{"tid":1,"role":"fused","ops":70,"iterations":3231,"busy_ns":4114391,"idle_ns":10761317078,"cpu_ns":6290993,"wake_tx":18,"wake_rx":61,"io_tenures":[{"entry_ns":2986558517883385,"begin_ns":2986558517883415,"end_ns":2986569283314884,"exit_ns":2986569283315024,"busy_ns":4114391,"idle_ns":10761317078,"role_exit":false,"stopped":true,"did_submit":0,"sweep_submit":0,"park":0}]},{"tid":2,"role":"fused","ops":73,"iterations":2307,"busy_ns":3613545,"idle_ns":10761827024,"cpu_ns":5738098,"wake_tx":11,"wake_rx":56,"io_tenures":[{"entry_ns":2986558517884385,"begin_ns":2986558517884415,"end_ns":2986569283324984,"exit_ns":2986569283325073,"busy_ns":3613545,"idle_ns":10761827024,"role_exit":false,"stopped":true,"did_submit":0,"sweep_submit":0,"park":0}]},{"tid":3,"role":"fused","ops":78,"iterations":4539,"busy_ns":5351584,"idle_ns":10760012405,"cpu_ns":7475302,"wake_tx":19,"wake_rx":62,"io_tenures":[{"entry_ns":2986558517950705,"begin_ns":2986558517950735,"end_ns":2986569283314724,"exit_ns":2986569283314864,"busy_ns":5351584,"idle_ns":10760012405,"role_exit":false,"stopped":true,"did_submit":0,"sweep_submit":0,"park":0}]},{"tid":4,"role":"fused","ops":73,"iterations":15803,"busy_ns":11295294,"idle_ns":10754132155,"cpu_ns":13380079,"wake_tx":13,"wake_rx":56,"io_tenures":[{"entry_ns":2986558517891025,"begin_ns":2986558517891055,"end_ns":2986569283318504,"exit_ns":2986569283318644,"busy_ns":11295294,"idle_ns":10754132155,"role_exit":false,"stopped":true,"did_submit":0,"sweep_submit":0,"park":0}]},{"tid":5,"role":"fused","ops":79,"iterations":18506,"busy_ns":12749127,"idle_ns":10752679622,"cpu_ns":14856542,"wake_tx":16,"wake_rx":59,"io_tenures":[{"entry_ns":2986558517888925,"begin_ns":2986558517888955,"end_ns":2986569283317704,"exit_ns":2986569283317833,"busy_ns":12749127,"idle_ns":10752679622,"role_exit":false,"stopped":true,"did_submit":0,"sweep_submit":0,"park":0}]},{"tid":6,"role":"fused","ops":72,"iterations":2942,"busy_ns":3995825,"idle_ns":10761430434,"cpu_ns":6151908,"wake_tx":19,"wake_rx":63,"io_tenures":[{"entry_ns":2986558517888455,"begin_ns":2986558517888485,"end_ns":2986569283314744,"exit_ns":2986569283314884,"busy_ns":3995825,"idle_ns":10761430434,"role_exit":false,"stopped":true,"did_submit":0,"sweep_submit":0,"park":0}]},{"tid":7,"role":"fused","ops":75,"iterations":21532,"busy_ns":14767952,"idle_ns":10750659426,"cpu_ns":16783986,"wake_tx":15,"wake_rx":60,"io_tenures":[{"entry_ns":2986558517887395,"begin_ns":2986558517887415,"end_ns":2986569283314793,"exit_ns":2986569283314933,"busy_ns":14767952,"idle_ns":10750659426,"role_exit":false,"stopped":true,"did_submit":0,"sweep_submit":0,"park":0}]}],"wb":{"retired":4310,"direct":2048,"sends_completed":4310,"sends_submitted":4310,"short_writes":0,"send_errors":0,"peer_aborts":0,"bytes_sent":11718227,"zc_sends":0,"zc_bytes":0,"zc_releases":0,"serves":4754,"serves_empty":444},"tls":{"accepts":0,"handshakes_completed":0,"handshakes_started":0,"handshakes_failed":0,"connections_freed":0,"want_read":0,"want_write":0,"ciphertext_input_bytes":0,"plaintext_input_bytes":0,"ciphertext_output_bytes":0,"plaintext_output_bytes":0,"zc_suppressed":0,"ktls_active":0,"ktls_fallback":0},"stuck":{"live_conns":0,"rob_not_quiesced":0,"unsent_bytes_pending":0,"slots_done":0,"slots_issued":0,"slots_free":0,"flag_set":0},"epoll":{"enabled":false,"events":0,"recvs":0},"persistence":{"enabled":false,"recording":false,"failed":false,"drain_gave_up":false,"posted":0,"flushed":0,"durable":0,"refused":0,"pending_chunks":0,"records_written":0,"producers_with_pending":0,"producers_stopped":0,"producers_expected":0,"completions_pending":0},"accept":{"accepts":50,"accept_err":0,"rearm":0,"sqe_starved":0,"notify_drop":0}}
