
unit-final.log
PASS RO1 count=8 PRE=28 POST=7 slot visits/commit
PASS RO1 count=32 PRE=496 POST=31 slot visits/commit
PASS RO1 count=64 PRE=2016 POST=63 slot visits/commit
PASS RO1 1000 mixed commits: exact tasks/order/shadows, Done and ROB wrap
PASS RO2 no Long: POST 0 constructions, 0 slot visits across 52 passes
PASS RO2 Done, older Long, refused publish/reparse, scatter and recycled ROB

unit-asan.log
PASS RO1 count=8 PRE=28 POST=7 slot visits/commit
PASS RO1 count=32 PRE=496 POST=31 slot visits/commit
PASS RO1 count=64 PRE=2016 POST=63 slot visits/commit
PASS RO1 1000 mixed commits: exact tasks/order/shadows, Done and ROB wrap
PASS RO2 no Long: POST 0 constructions, 0 slot visits across 52 passes
PASS RO2 Done, older Long, refused publish/reparse, scatter and recycled ROB

ro1-negative.log
FAIL reorderscan: POST must visit the prefix only once per commit

pre-paths-pre.log
PASS iotemplates membership 1s rl=0 ov=0 ro=1
PASS iotemplates membership 1s rl=1 ov=0 ro=1
PASS iotemplates membership 1s rl=0 ov=1 ro=1
PASS iotemplates membership 1s rl=1 ov=1 ro=1
PASS RO2 production: 8 no-Long passes, 8 constructions, 0 visits
PASS production shadow across parser passes and executor owners; shadow=1
PASS RO2 production Long control: 3 constructions, 3 visits
PASS production read-local demotion 1s: older blocker stamp, late owner order, shadow=1
PASS RO1 production demotion fixture: 1 slot visits (including parser)

pre-paths-post.log
FAIL R7 engagement: RO2 no-Long production construction count

post-paths.log
PASS iotemplates membership 1s rl=0 ov=0 ro=1
PASS iotemplates membership 1s rl=1 ov=0 ro=1
PASS iotemplates membership 1s rl=0 ov=1 ro=1
PASS iotemplates membership 1s rl=1 ov=1 ro=1
PASS RO2 production: 8 no-Long passes, 0 constructions, 0 visits
PASS production shadow across parser passes and executor owners; shadow=1
PASS RO2 production Long control: 1 constructions, 2 visits
PASS production read-local demotion 1s: older blocker stamp, late owner order, shadow=1
PASS RO1 production demotion fixture: 2 slot visits (including parser)

reorder-sync.log
R7 shadow production envelopes: current
PASS stale R7 envelope rejected; updated accounting regenerates and checks

engagement-multi.log
PASS build/reorder-engagement-unit: production shadow, FIFO control, disabled capability rejected

engagement-db0.log
PASS build/reorder-engagement-unit-db0: production shadow, FIFO control, disabled capability rejected

reorder-identity.log
normalizer self-checks PASS
strict_noop=True: 396/396 identical bodies
PASS missing policy symbol, missing split-local parser and changed opcode fail strict identity

off-path.log
normalizer self-checks PASS
strict_noop=True: 396/396 identical bodies

reorder-noop.log
normalizer self-checks PASS
scheduler 68 identical 68 different/missing 0
envelope 184 identical 184 different/missing 0
dispatch 108 identical 108 different/missing 0
retire 16 identical 16 different/missing 0
commands 16 identical 16 different/missing 0
multi-key commands 32 identical 32 different/missing 0
strict_noop True
