db0/src/cmd/acl.o 259 bodies
db0/src/cmd/climon.o 222 bodies
db0/src/cmd/cmdgap.o 5 bodies
db0/src/cmd/cmdmeta.o 34 bodies
db0/src/cmd/commands.o 30 bodies
db0/src/cmd/functions.o 79 bodies
db0/src/cmd/geo.o 96 bodies
db0/src/cmd/glob.o 2 bodies
db0/src/cmd/hll.o 24 bodies
db0/src/cmd/info_stats.o 3 bodies
db0/src/cmd/l4prebuild.o 64 bodies
db0/src/cmd/lbsignals.o 15 bodies
db0/src/cmd/lcs.o 16 bodies
db0/src/cmd/multidb.o 84 bodies
db0/src/cmd/pfdebug.o 36 bodies
db0/src/cmd/scripting.o 139 bodies
db0/src/cmd/serialize.o 107 bodies
db0/src/cmd/server_tail.o 95 bodies
db0/src/cmd/slowlog.o 73 bodies
db0/src/cmd/t_hash.o 235 bodies
db0/src/cmd/t_hash_ttl.o 98 bodies
db0/src/cmd/t_list.o 197 bodies
db0/src/cmd/t_server.o 238 bodies
db0/src/cmd/t_set.o 205 bodies
db0/src/cmd/t_sort.o 22 bodies
db0/src/cmd/t_stream.o 251 bodies
db0/src/cmd/t_stream_groups.o 161 bodies
db0/src/cmd/t_string.o 147 bodies
db0/src/cmd/t_string_notify.o 173 bodies
db0/src/cmd/t_zset.o 295 bodies
db0/src/cmd/t_zset_ops.o 1 bodies
db0/src/cmd/tracking.o 69 bodies
db0/src/cmd/xshard.o 863 bodies
db0/src/core/flipctl.o 73 bodies
db0/src/core/genthread.o 760 bodies
db0/src/core/lbplanner.o 64 bodies
db0/src/core/lbstall.o 12 bodies
db0/src/core/reorder.o 823 bodies
db0/src/core/rl2s.o 916 bodies
db0/src/main.o 828 bodies
db0/src/net/tls.o 38 bodies
db0/src/persist/aof.o 298 bodies
db0/src/snapshot/snapshot.o 125 bodies
src/cmd/acl.o 259 bodies
src/cmd/climon.o 222 bodies
src/cmd/cmdgap.o 5 bodies
src/cmd/cmdmeta.o 34 bodies
src/cmd/commands.o 30 bodies
src/cmd/functions.o 79 bodies
src/cmd/geo.o 97 bodies
src/cmd/glob.o 2 bodies
src/cmd/hll.o 24 bodies
src/cmd/info_stats.o 3 bodies
src/cmd/l4prebuild.o 68 bodies
src/cmd/lbsignals.o 15 bodies
src/cmd/lcs.o 16 bodies
src/cmd/multidb.o 99 bodies
src/cmd/pfdebug.o 36 bodies
src/cmd/scripting.o 573 bodies
src/cmd/serialize.o 106 bodies
src/cmd/server_tail.o 95 bodies
src/cmd/slowlog.o 73 bodies
src/cmd/t_hash.o 235 bodies
src/cmd/t_hash_ttl.o 96 bodies
src/cmd/t_list.o 195 bodies
src/cmd/t_server.o 232 bodies
src/cmd/t_set.o 206 bodies
src/cmd/t_sort.o 22 bodies
src/cmd/t_stream.o 253 bodies
src/cmd/t_stream_groups.o 162 bodies
src/cmd/t_string.o 145 bodies
src/cmd/t_string_notify.o 174 bodies
src/cmd/t_zset.o 296 bodies
src/cmd/t_zset_ops.o 1 bodies
src/cmd/tracking.o 70 bodies
src/cmd/xshard.o 871 bodies
src/core/flipctl.o 73 bodies
src/core/genthread.o 769 bodies
src/core/lbplanner.o 64 bodies
src/core/lbstall.o 12 bodies
src/core/reorder.o 834 bodies
src/core/rl2s.o 932 bodies
src/main.o 835 bodies
src/net/tls.o 38 bodies
src/persist/aof.o 298 bodies
src/snapshot/snapshot.o 122 bodies
{"total": 17046, "equal": 16034, "changed": 1012, "handlers": 1213, "handlers_equal": 937, "hot": 1491, "hot_equal": 1424, "hot_nonerror_equal": 1434, "handlers_nonerror_equal": 1151}
Traceback (most recent call last):
  File "/home/user/Projects/cx-ccfix/tools/ccfix_audit.py", line 155, in <module>
    main()
  File "/home/user/Projects/cx-ccfix/tools/ccfix_audit.py", line 149, in main
    assert not report['other_hot'], 'ordinary hot-path bytes changed'
           ^^^^^^^^^^^^^^^^^^^^^^^
AssertionError: ordinary hot-path bytes changed
