make BUILD_ROOT=build/mdbqsbr2-park CXXFLAGS='-std=c++20 -O2 -g -Wall -Wextra -march=native -pthread -DTOMO_MDBQSBR_LIVE_PARK' all
make[1]: Entering directory '/home/user/Projects/cx-aoffix2'
g++ -std=c++20 -O2 -g -Wall -Wextra -march=native -pthread -DTOMO_MDBQSBR_LIVE_PARK -DTOMO_DUAL_DATABASE --param inline-unit-growth=0 --param large-unit-insns=146503 -DTOMO_JEMALLOC -I. -c src/main.cc -o build/mdbqsbr2-park/src/main.o
g++ -std=c++20 -O2 -g -Wall -Wextra -march=native -pthread -DTOMO_MDBQSBR_LIVE_PARK -DTOMO_JEMALLOC -I. -c src/net/tls.cc -o build/mdbqsbr2-park/src/net/tls.o
g++ -std=c++20 -O2 -g -Wall -Wextra -march=native -pthread -DTOMO_MDBQSBR_LIVE_PARK -DTOMO_JEMALLOC -I. -c src/cmd/commands.cc -o build/mdbqsbr2-park/src/cmd/commands.o
g++ -std=c++20 -O2 -g -Wall -Wextra -march=native -pthread -DTOMO_MDBQSBR_LIVE_PARK -DTOMO_JEMALLOC -I. -c src/cmd/glob.cc -o build/mdbqsbr2-park/src/cmd/glob.o
g++ -std=c++20 -O2 -g -Wall -Wextra -march=native -pthread -DTOMO_MDBQSBR_LIVE_PARK --param inline-unit-growth=0 --param large-unit-insns=127791 -DTOMO_JEMALLOC -I. -c src/cmd/xshard.cc -o build/mdbqsbr2-park/src/cmd/xshard.o
g++ -std=c++20 -O2 -g -Wall -Wextra -march=native -pthread -DTOMO_MDBQSBR_LIVE_PARK --param inline-unit-growth=0 --param large-unit-insns=34630 -DTOMO_JEMALLOC -I. -c src/cmd/acl.cc -o build/mdbqsbr2-park/src/cmd/acl.o
g++ -std=c++20 -O2 -g -Wall -Wextra -march=native -pthread -DTOMO_MDBQSBR_LIVE_PARK -DTOMO_JEMALLOC -I. -c src/cmd/hll.cc -o build/mdbqsbr2-park/src/cmd/hll.o
g++ -std=c++20 -O2 -g -Wall -Wextra -march=native -pthread -DTOMO_MDBQSBR_LIVE_PARK --param inline-unit-growth=0 --param large-unit-insns=31297 -DTOMO_JEMALLOC -I. -c src/cmd/t_server.cc -o build/mdbqsbr2-park/src/cmd/t_server.o
g++ -std=c++20 -O2 -g -Wall -Wextra -march=native -pthread -DTOMO_MDBQSBR_LIVE_PARK --param large-unit-insns=10600 -DTOMO_JEMALLOC -I. -c src/cmd/t_string.cc -o build/mdbqsbr2-park/src/cmd/t_string.o
g++ -std=c++20 -O2 -g -Wall -Wextra -march=native -pthread -DTOMO_MDBQSBR_LIVE_PARK -DTOMO_JEMALLOC -I. -c src/cmd/t_string_notify.cc -o build/mdbqsbr2-park/src/cmd/t_string_notify.o
g++ -std=c++20 -O2 -g -Wall -Wextra -march=native -pthread -DTOMO_MDBQSBR_LIVE_PARK -DTOMO_JEMALLOC -I. -c src/cmd/t_hash.cc -o build/mdbqsbr2-park/src/cmd/t_hash.o
g++ -std=c++20 -O2 -g -Wall -Wextra -march=native -pthread -DTOMO_MDBQSBR_LIVE_PARK -DTOMO_JEMALLOC -I. -c src/cmd/t_hash_ttl.cc -o build/mdbqsbr2-park/src/cmd/t_hash_ttl.o
g++ -std=c++20 -O2 -g -Wall -Wextra -march=native -pthread -DTOMO_MDBQSBR_LIVE_PARK --param inline-unit-growth=0 --param large-unit-insns=25338 -DTOMO_JEMALLOC -I. -c src/cmd/t_list.cc -o build/mdbqsbr2-park/src/cmd/t_list.o
g++ -std=c++20 -O2 -g -Wall -Wextra -march=native -pthread -DTOMO_MDBQSBR_LIVE_PARK --param inline-unit-growth=0 --param large-unit-insns=23568 -DTOMO_JEMALLOC -I. -c src/cmd/t_set.cc -o build/mdbqsbr2-park/src/cmd/t_set.o
g++ -std=c++20 -O2 -g -Wall -Wextra -march=native -pthread -DTOMO_MDBQSBR_LIVE_PARK --param inline-unit-growth=0 --param large-unit-insns=33395 -DTOMO_JEMALLOC -I. -c src/cmd/t_zset.cc -o build/mdbqsbr2-park/src/cmd/t_zset.o
g++ -std=c++20 -O2 -g -Wall -Wextra -march=native -pthread -DTOMO_MDBQSBR_LIVE_PARK -DTOMO_JEMALLOC -I. -c src/cmd/t_zset_ops.cc -o build/mdbqsbr2-park/src/cmd/t_zset_ops.o
g++ -std=c++20 -O2 -g -Wall -Wextra -march=native -pthread -DTOMO_MDBQSBR_LIVE_PARK --param inline-unit-growth=0 --param large-unit-insns=14410 -DTOMO_JEMALLOC -I. -c src/cmd/geo.cc -o build/mdbqsbr2-park/src/cmd/geo.o
g++ -std=c++20 -O2 -g -Wall -Wextra -march=native -pthread -DTOMO_MDBQSBR_LIVE_PARK -DTOMO_JEMALLOC -I. -c src/cmd/t_stream.cc -o build/mdbqsbr2-park/src/cmd/t_stream.o
g++ -std=c++20 -O2 -g -Wall -Wextra -march=native -pthread -DTOMO_MDBQSBR_LIVE_PARK -DTOMO_JEMALLOC -I. -c src/cmd/t_stream_groups.cc -o build/mdbqsbr2-park/src/cmd/t_stream_groups.o
g++ -std=c++20 -O2 -g -Wall -Wextra -march=native -pthread -DTOMO_MDBQSBR_LIVE_PARK -DTOMO_JEMALLOC -I. -c src/cmd/scripting.cc -o build/mdbqsbr2-park/src/cmd/scripting.o
g++ -std=c++20 -O2 -g -Wall -Wextra -march=native -pthread -DTOMO_MDBQSBR_LIVE_PARK -DTOMO_JEMALLOC -I. -c src/cmd/functions.cc -o build/mdbqsbr2-park/src/cmd/functions.o
g++ -std=c++20 -O2 -g -Wall -Wextra -march=native -pthread -DTOMO_MDBQSBR_LIVE_PARK -DTOMO_JEMALLOC -I. -c src/cmd/serialize.cc -o build/mdbqsbr2-park/src/cmd/serialize.o
g++ -std=c++20 -O2 -g -Wall -Wextra -march=native -pthread -DTOMO_MDBQSBR_LIVE_PARK --param inline-unit-growth=0 --param large-unit-insns=14584 -DTOMO_JEMALLOC -I. -c src/snapshot/snapshot.cc -o build/mdbqsbr2-park/src/snapshot/snapshot.o
g++ -std=c++20 -O2 -g -Wall -Wextra -march=native -pthread -DTOMO_MDBQSBR_LIVE_PARK --param inline-unit-growth=0 --param large-unit-insns=34400 -DTOMO_JEMALLOC -I. -c src/persist/aof.cc -o build/mdbqsbr2-park/src/persist/aof.o
g++ -std=c++20 -O2 -g -Wall -Wextra -march=native -pthread -DTOMO_MDBQSBR_LIVE_PARK --param inline-unit-growth=0 --param large-unit-insns=25735 -DTOMO_JEMALLOC -I. -c src/cmd/climon.cc -o build/mdbqsbr2-park/src/cmd/climon.o
g++ -std=c++20 -O2 -g -Wall -Wextra -march=native -pthread -DTOMO_MDBQSBR_LIVE_PARK -DTOMO_JEMALLOC -I. -c src/cmd/tracking.cc -o build/mdbqsbr2-park/src/cmd/tracking.o
g++ -std=c++20 -O2 -g -Wall -Wextra -march=native -pthread -DTOMO_MDBQSBR_LIVE_PARK -DTOMO_JEMALLOC -I. -c src/cmd/server_tail.cc -o build/mdbqsbr2-park/src/cmd/server_tail.o
g++ -std=c++20 -O2 -g -Wall -Wextra -march=native -pthread -DTOMO_MDBQSBR_LIVE_PARK -DTOMO_JEMALLOC -I. -c src/cmd/slowlog.cc -o build/mdbqsbr2-park/src/cmd/slowlog.o
g++ -std=c++20 -O2 -g -Wall -Wextra -march=native -pthread -DTOMO_MDBQSBR_LIVE_PARK -DTOMO_JEMALLOC -I. -c src/cmd/lcs.cc -o build/mdbqsbr2-park/src/cmd/lcs.o
g++ -std=c++20 -O2 -g -Wall -Wextra -march=native -pthread -DTOMO_MDBQSBR_LIVE_PARK -DTOMO_JEMALLOC -I. -c src/cmd/info_stats.cc -o build/mdbqsbr2-park/src/cmd/info_stats.o
g++ -std=c++20 -O2 -g -Wall -Wextra -march=native -pthread -DTOMO_MDBQSBR_LIVE_PARK -DTOMO_JEMALLOC -I. -c src/cmd/lbsignals.cc -o build/mdbqsbr2-park/src/cmd/lbsignals.o
g++ -std=c++20 -O2 -g -Wall -Wextra -march=native -pthread -DTOMO_MDBQSBR_LIVE_PARK -DTOMO_JEMALLOC -I. -c src/core/flipctl.cc -o build/mdbqsbr2-park/src/core/flipctl.o
g++ -std=c++20 -O2 -g -Wall -Wextra -march=native -pthread -DTOMO_MDBQSBR_LIVE_PARK --param inline-unit-growth=0 --param large-unit-insns=128865 -DTOMO_JEMALLOC -I. -c src/core/genthread.cc -o build/mdbqsbr2-park/src/core/genthread.o
g++ -std=c++20 -O2 -g -Wall -Wextra -march=native -pthread -DTOMO_MDBQSBR_LIVE_PARK --param inline-unit-growth=0 --param large-unit-insns=161715 -DTOMO_JEMALLOC -I. -c src/core/rl2s.cc -o build/mdbqsbr2-park/src/core/rl2s.o
g++ -std=c++20 -O2 -g -Wall -Wextra -march=native -pthread -DTOMO_MDBQSBR_LIVE_PARK -DTOMO_JEMALLOC -I. -c src/core/lbstall.cc -o build/mdbqsbr2-park/src/core/lbstall.o
g++ -std=c++20 -O2 -g -Wall -Wextra -march=native -pthread -DTOMO_MDBQSBR_LIVE_PARK -DTOMO_JEMALLOC -I. -c src/core/lbplanner.cc -o build/mdbqsbr2-park/src/core/lbplanner.o
g++ -std=c++20 -O2 -g -Wall -Wextra -march=native -pthread -DTOMO_MDBQSBR_LIVE_PARK -DTOMO_JEMALLOC -I. -c src/cmd/l4prebuild.cc -o build/mdbqsbr2-park/src/cmd/l4prebuild.o
g++ -std=c++20 -O2 -g -Wall -Wextra -march=native -pthread -DTOMO_MDBQSBR_LIVE_PARK -DTOMO_JEMALLOC -I. -c src/cmd/cmdgap.cc -o build/mdbqsbr2-park/src/cmd/cmdgap.o
g++ -std=c++20 -O2 -g -Wall -Wextra -march=native -pthread -DTOMO_MDBQSBR_LIVE_PARK -DTOMO_JEMALLOC -I. -c src/cmd/pfdebug.cc -o build/mdbqsbr2-park/src/cmd/pfdebug.o
g++ -std=c++20 -O2 -g -Wall -Wextra -march=native -pthread -DTOMO_MDBQSBR_LIVE_PARK -DTOMO_JEMALLOC -I. -c src/cmd/cmdmeta.cc -o build/mdbqsbr2-park/src/cmd/cmdmeta.o
g++ -std=c++20 -O2 -g -Wall -Wextra -march=native -pthread -DTOMO_MDBQSBR_LIVE_PARK -DTOMO_JEMALLOC -I. -c src/cmd/t_sort.cc -o build/mdbqsbr2-park/src/cmd/t_sort.o
g++ -std=c++20 -O2 -g -Wall -Wextra -march=native -pthread -DTOMO_MDBQSBR_LIVE_PARK -DTOMO_JEMALLOC -I. -c src/cmd/multidb.cc -o build/mdbqsbr2-park/src/cmd/multidb.o
g++ -std=c++20 -O2 -g -Wall -Wextra -march=native -pthread -DTOMO_MDBQSBR_LIVE_PARK -DTOMO_JEMALLOC -I. -c src/cmd/storesize.cc -o build/mdbqsbr2-park/src/cmd/storesize.o
g++ -std=c++20 -O2 -g -Wall -Wextra -march=native -pthread -DTOMO_MDBQSBR_LIVE_PARK -DTOMO_JEMALLOC -I. -c src/cmd/multi_admin.cc -o build/mdbqsbr2-park/src/cmd/multi_admin.o
g++ -std=c++20 -O2 -g -Wall -Wextra -march=native -pthread -DTOMO_MDBQSBR_LIVE_PARK -DTOMO_JEMALLOC -I. -c src/core/reorder.cc -o build/mdbqsbr2-park/src/core/reorder.o
g++ -std=c++20 -O2 -g -Wall -Wextra -march=native -pthread -DTOMO_MDBQSBR_LIVE_PARK -DTOMO_JEMALLOC -I. -c src/cmd/geo_store.cc -o build/mdbqsbr2-park/src/cmd/geo_store.o
g++ -std=c++20 -O2 -g -Wall -Wextra -march=native -pthread -DTOMO_MDBQSBR_LIVE_PARK -DTOMO_JEMALLOC -I. -c src/persist/aof_frame_debug.cc -o build/mdbqsbr2-park/src/persist/aof_frame_debug.o
g++ -std=c++20 -O2 -g -Wall -Wextra -march=native -pthread -DTOMO_MDBQSBR_LIVE_PARK -DTOMO_JEMALLOC -I. -c src/cmd/aclkeys.cc -o build/mdbqsbr2-park/src/cmd/aclkeys.o
g++ -std=c++20 -O2 -g -Wall -Wextra -march=native -pthread -DTOMO_MDBQSBR_LIVE_PARK -DTOMO_JEMALLOC -I. -c src/cmd/blocking_debug.cc -o build/mdbqsbr2-park/src/cmd/blocking_debug.o
g++ -std=c++20 -O2 -g -Wall -Wextra -march=native -pthread -DTOMO_MDBQSBR_LIVE_PARK -DTOMO_JEMALLOC -I. -c src/core/version.cc -o build/mdbqsbr2-park/src/core/version.o
g++ -std=c++20 -O2 -g -Wall -Wextra -march=native -pthread -DTOMO_MDBQSBR_LIVE_PARK --param inline-unit-growth=0 --param large-unit-insns=146540 --param max-inline-insns-auto=18 -DTOMO_JEMALLOC -DTOMO_SINGLE_DATABASE=1 -Dtomo=tomo_db0 -I. -c src/main.cc -o build/mdbqsbr2-park/db0/src/main.o
g++ -std=c++20 -O2 -g -Wall -Wextra -march=native -pthread -DTOMO_MDBQSBR_LIVE_PARK -DTOMO_JEMALLOC -DTOMO_SINGLE_DATABASE=1 -Dtomo=tomo_db0 -I. -c src/net/tls.cc -o build/mdbqsbr2-park/db0/src/net/tls.o
g++ -std=c++20 -O2 -g -Wall -Wextra -march=native -pthread -DTOMO_MDBQSBR_LIVE_PARK -DTOMO_JEMALLOC -DTOMO_SINGLE_DATABASE=1 -Dtomo=tomo_db0 -I. -c src/cmd/commands.cc -o build/mdbqsbr2-park/db0/src/cmd/commands.o
g++ -std=c++20 -O2 -g -Wall -Wextra -march=native -pthread -DTOMO_MDBQSBR_LIVE_PARK -DTOMO_JEMALLOC -DTOMO_SINGLE_DATABASE=1 -Dtomo=tomo_db0 -I. -c src/cmd/glob.cc -o build/mdbqsbr2-park/db0/src/cmd/glob.o
g++ -std=c++20 -O2 -g -Wall -Wextra -march=native -pthread -DTOMO_MDBQSBR_LIVE_PARK --param inline-unit-growth=0 --param large-unit-insns=126391 -DTOMO_JEMALLOC -DTOMO_SINGLE_DATABASE=1 -Dtomo=tomo_db0 -I. -c src/cmd/xshard.cc -o build/mdbqsbr2-park/db0/src/cmd/xshard.o
g++ -std=c++20 -O2 -g -Wall -Wextra -march=native -pthread -DTOMO_MDBQSBR_LIVE_PARK --param inline-unit-growth=0 --param large-unit-insns=34550 -DTOMO_JEMALLOC -DTOMO_SINGLE_DATABASE=1 -Dtomo=tomo_db0 -I. -c src/cmd/acl.cc -o build/mdbqsbr2-park/db0/src/cmd/acl.o
g++ -std=c++20 -O2 -g -Wall -Wextra -march=native -pthread -DTOMO_MDBQSBR_LIVE_PARK -DTOMO_JEMALLOC -DTOMO_SINGLE_DATABASE=1 -Dtomo=tomo_db0 -I. -c src/cmd/hll.cc -o build/mdbqsbr2-park/db0/src/cmd/hll.o
g++ -std=c++20 -O2 -g -Wall -Wextra -march=native -pthread -DTOMO_MDBQSBR_LIVE_PARK --param inline-unit-growth=0 --param large-unit-insns=31629 --param max-inline-insns-auto=16 -DTOMO_JEMALLOC -DTOMO_SINGLE_DATABASE=1 -Dtomo=tomo_db0 -I. -c src/cmd/t_server.cc -o build/mdbqsbr2-park/db0/src/cmd/t_server.o
g++ -std=c++20 -O2 -g -Wall -Wextra -march=native -pthread -DTOMO_MDBQSBR_LIVE_PARK --param large-unit-insns=10600 -DTOMO_JEMALLOC -DTOMO_SINGLE_DATABASE=1 -Dtomo=tomo_db0 -I. -c src/cmd/t_string.cc -o build/mdbqsbr2-park/db0/src/cmd/t_string.o
g++ -std=c++20 -O2 -g -Wall -Wextra -march=native -pthread -DTOMO_MDBQSBR_LIVE_PARK -DTOMO_JEMALLOC -DTOMO_SINGLE_DATABASE=1 -Dtomo=tomo_db0 -I. -c src/cmd/t_string_notify.cc -o build/mdbqsbr2-park/db0/src/cmd/t_string_notify.o
g++ -std=c++20 -O2 -g -Wall -Wextra -march=native -pthread -DTOMO_MDBQSBR_LIVE_PARK -DTOMO_JEMALLOC -DTOMO_SINGLE_DATABASE=1 -Dtomo=tomo_db0 -I. -c src/cmd/t_hash.cc -o build/mdbqsbr2-park/db0/src/cmd/t_hash.o
g++ -std=c++20 -O2 -g -Wall -Wextra -march=native -pthread -DTOMO_MDBQSBR_LIVE_PARK -DTOMO_JEMALLOC -DTOMO_SINGLE_DATABASE=1 -Dtomo=tomo_db0 -I. -c src/cmd/t_hash_ttl.cc -o build/mdbqsbr2-park/db0/src/cmd/t_hash_ttl.o
g++ -std=c++20 -O2 -g -Wall -Wextra -march=native -pthread -DTOMO_MDBQSBR_LIVE_PARK -DTOMO_JEMALLOC -DTOMO_SINGLE_DATABASE=1 -Dtomo=tomo_db0 -I. -c src/cmd/t_list.cc -o build/mdbqsbr2-park/db0/src/cmd/t_list.o
g++ -std=c++20 -O2 -g -Wall -Wextra -march=native -pthread -DTOMO_MDBQSBR_LIVE_PARK --param inline-unit-growth=0 --param large-unit-insns=23428 -DTOMO_JEMALLOC -DTOMO_SINGLE_DATABASE=1 -Dtomo=tomo_db0 -I. -c src/cmd/t_set.cc -o build/mdbqsbr2-park/db0/src/cmd/t_set.o
g++ -std=c++20 -O2 -g -Wall -Wextra -march=native -pthread -DTOMO_MDBQSBR_LIVE_PARK --param inline-unit-growth=0 --param large-unit-insns=32970 -DTOMO_JEMALLOC -DTOMO_SINGLE_DATABASE=1 -Dtomo=tomo_db0 -I. -c src/cmd/t_zset.cc -o build/mdbqsbr2-park/db0/src/cmd/t_zset.o
g++ -std=c++20 -O2 -g -Wall -Wextra -march=native -pthread -DTOMO_MDBQSBR_LIVE_PARK -DTOMO_JEMALLOC -DTOMO_SINGLE_DATABASE=1 -Dtomo=tomo_db0 -I. -c src/cmd/t_zset_ops.cc -o build/mdbqsbr2-park/db0/src/cmd/t_zset_ops.o
g++ -std=c++20 -O2 -g -Wall -Wextra -march=native -pthread -DTOMO_MDBQSBR_LIVE_PARK --param inline-unit-growth=0 --param large-unit-insns=14440 -DTOMO_JEMALLOC -DTOMO_SINGLE_DATABASE=1 -Dtomo=tomo_db0 -I. -c src/cmd/geo.cc -o build/mdbqsbr2-park/db0/src/cmd/geo.o
g++ -std=c++20 -O2 -g -Wall -Wextra -march=native -pthread -DTOMO_MDBQSBR_LIVE_PARK -DTOMO_JEMALLOC -DTOMO_SINGLE_DATABASE=1 -Dtomo=tomo_db0 -I. -c src/cmd/t_stream.cc -o build/mdbqsbr2-park/db0/src/cmd/t_stream.o
g++ -std=c++20 -O2 -g -Wall -Wextra -march=native -pthread -DTOMO_MDBQSBR_LIVE_PARK -DTOMO_JEMALLOC -DTOMO_SINGLE_DATABASE=1 -Dtomo=tomo_db0 -I. -c src/cmd/t_stream_groups.cc -o build/mdbqsbr2-park/db0/src/cmd/t_stream_groups.o
g++ -std=c++20 -O2 -g -Wall -Wextra -march=native -pthread -DTOMO_MDBQSBR_LIVE_PARK -DTOMO_JEMALLOC -DTOMO_SINGLE_DATABASE=1 -Dtomo=tomo_db0 -I. -c src/cmd/scripting.cc -o build/mdbqsbr2-park/db0/src/cmd/scripting.o
g++ -std=c++20 -O2 -g -Wall -Wextra -march=native -pthread -DTOMO_MDBQSBR_LIVE_PARK -DTOMO_JEMALLOC -DTOMO_SINGLE_DATABASE=1 -Dtomo=tomo_db0 -I. -c src/cmd/functions.cc -o build/mdbqsbr2-park/db0/src/cmd/functions.o
g++ -std=c++20 -O2 -g -Wall -Wextra -march=native -pthread -DTOMO_MDBQSBR_LIVE_PARK -DTOMO_JEMALLOC -DTOMO_SINGLE_DATABASE=1 -Dtomo=tomo_db0 -I. -c src/cmd/serialize.cc -o build/mdbqsbr2-park/db0/src/cmd/serialize.o
g++ -std=c++20 -O2 -g -Wall -Wextra -march=native -pthread -DTOMO_MDBQSBR_LIVE_PARK --param inline-unit-growth=0 --param large-unit-insns=14457 -DTOMO_JEMALLOC -DTOMO_SINGLE_DATABASE=1 -Dtomo=tomo_db0 -I. -c src/snapshot/snapshot.cc -o build/mdbqsbr2-park/db0/src/snapshot/snapshot.o
g++ -std=c++20 -O2 -g -Wall -Wextra -march=native -pthread -DTOMO_MDBQSBR_LIVE_PARK --param inline-unit-growth=0 --param large-unit-insns=34800 -DTOMO_JEMALLOC -DTOMO_SINGLE_DATABASE=1 -Dtomo=tomo_db0 -I. -c src/persist/aof.cc -o build/mdbqsbr2-park/db0/src/persist/aof.o
g++ -std=c++20 -O2 -g -Wall -Wextra -march=native -pthread -DTOMO_MDBQSBR_LIVE_PARK --param inline-unit-growth=0 --param large-unit-insns=25670 -DTOMO_JEMALLOC -DTOMO_SINGLE_DATABASE=1 -Dtomo=tomo_db0 -I. -c src/cmd/climon.cc -o build/mdbqsbr2-park/db0/src/cmd/climon.o
g++ -std=c++20 -O2 -g -Wall -Wextra -march=native -pthread -DTOMO_MDBQSBR_LIVE_PARK -DTOMO_JEMALLOC -DTOMO_SINGLE_DATABASE=1 -Dtomo=tomo_db0 -I. -c src/cmd/tracking.cc -o build/mdbqsbr2-park/db0/src/cmd/tracking.o
g++ -std=c++20 -O2 -g -Wall -Wextra -march=native -pthread -DTOMO_MDBQSBR_LIVE_PARK -DTOMO_JEMALLOC -DTOMO_SINGLE_DATABASE=1 -Dtomo=tomo_db0 -I. -c src/cmd/server_tail.cc -o build/mdbqsbr2-park/db0/src/cmd/server_tail.o
g++ -std=c++20 -O2 -g -Wall -Wextra -march=native -pthread -DTOMO_MDBQSBR_LIVE_PARK -DTOMO_JEMALLOC -DTOMO_SINGLE_DATABASE=1 -Dtomo=tomo_db0 -I. -c src/cmd/slowlog.cc -o build/mdbqsbr2-park/db0/src/cmd/slowlog.o
g++ -std=c++20 -O2 -g -Wall -Wextra -march=native -pthread -DTOMO_MDBQSBR_LIVE_PARK -DTOMO_JEMALLOC -DTOMO_SINGLE_DATABASE=1 -Dtomo=tomo_db0 -I. -c src/cmd/lcs.cc -o build/mdbqsbr2-park/db0/src/cmd/lcs.o
g++ -std=c++20 -O2 -g -Wall -Wextra -march=native -pthread -DTOMO_MDBQSBR_LIVE_PARK -DTOMO_JEMALLOC -DTOMO_SINGLE_DATABASE=1 -Dtomo=tomo_db0 -I. -c src/cmd/info_stats.cc -o build/mdbqsbr2-park/db0/src/cmd/info_stats.o
g++ -std=c++20 -O2 -g -Wall -Wextra -march=native -pthread -DTOMO_MDBQSBR_LIVE_PARK -DTOMO_JEMALLOC -DTOMO_SINGLE_DATABASE=1 -Dtomo=tomo_db0 -I. -c src/cmd/lbsignals.cc -o build/mdbqsbr2-park/db0/src/cmd/lbsignals.o
g++ -std=c++20 -O2 -g -Wall -Wextra -march=native -pthread -DTOMO_MDBQSBR_LIVE_PARK -DTOMO_JEMALLOC -DTOMO_SINGLE_DATABASE=1 -Dtomo=tomo_db0 -I. -c src/core/flipctl.cc -o build/mdbqsbr2-park/db0/src/core/flipctl.o
g++ -std=c++20 -O2 -g -Wall -Wextra -march=native -pthread -DTOMO_MDBQSBR_LIVE_PARK --param inline-unit-growth=0 --param large-unit-insns=128910 -Wa,--defsym,tomo_rlfence_text_pad=16 -DTOMO_JEMALLOC -DTOMO_SINGLE_DATABASE=1 -Dtomo=tomo_db0 -I. -c src/core/genthread.cc -o build/mdbqsbr2-park/db0/src/core/genthread.o
g++ -std=c++20 -O2 -g -Wall -Wextra -march=native -pthread -DTOMO_MDBQSBR_LIVE_PARK --param inline-unit-growth=0 --param large-unit-insns=161680 -DTOMO_JEMALLOC -DTOMO_SINGLE_DATABASE=1 -Dtomo=tomo_db0 -I. -c src/core/rl2s.cc -o build/mdbqsbr2-park/db0/src/core/rl2s.o
g++ -std=c++20 -O2 -g -Wall -Wextra -march=native -pthread -DTOMO_MDBQSBR_LIVE_PARK -DTOMO_JEMALLOC -DTOMO_SINGLE_DATABASE=1 -Dtomo=tomo_db0 -I. -c src/core/lbstall.cc -o build/mdbqsbr2-park/db0/src/core/lbstall.o
g++ -std=c++20 -O2 -g -Wall -Wextra -march=native -pthread -DTOMO_MDBQSBR_LIVE_PARK -DTOMO_JEMALLOC -DTOMO_SINGLE_DATABASE=1 -Dtomo=tomo_db0 -I. -c src/core/lbplanner.cc -o build/mdbqsbr2-park/db0/src/core/lbplanner.o
g++ -std=c++20 -O2 -g -Wall -Wextra -march=native -pthread -DTOMO_MDBQSBR_LIVE_PARK -DTOMO_JEMALLOC -DTOMO_SINGLE_DATABASE=1 -Dtomo=tomo_db0 -I. -c src/cmd/l4prebuild.cc -o build/mdbqsbr2-park/db0/src/cmd/l4prebuild.o
g++ -std=c++20 -O2 -g -Wall -Wextra -march=native -pthread -DTOMO_MDBQSBR_LIVE_PARK -DTOMO_JEMALLOC -DTOMO_SINGLE_DATABASE=1 -Dtomo=tomo_db0 -I. -c src/cmd/cmdgap.cc -o build/mdbqsbr2-park/db0/src/cmd/cmdgap.o
g++ -std=c++20 -O2 -g -Wall -Wextra -march=native -pthread -DTOMO_MDBQSBR_LIVE_PARK -DTOMO_JEMALLOC -DTOMO_SINGLE_DATABASE=1 -Dtomo=tomo_db0 -I. -c src/cmd/pfdebug.cc -o build/mdbqsbr2-park/db0/src/cmd/pfdebug.o
g++ -std=c++20 -O2 -g -Wall -Wextra -march=native -pthread -DTOMO_MDBQSBR_LIVE_PARK -DTOMO_JEMALLOC -DTOMO_SINGLE_DATABASE=1 -Dtomo=tomo_db0 -I. -c src/cmd/cmdmeta.cc -o build/mdbqsbr2-park/db0/src/cmd/cmdmeta.o
g++ -std=c++20 -O2 -g -Wall -Wextra -march=native -pthread -DTOMO_MDBQSBR_LIVE_PARK -DTOMO_JEMALLOC -DTOMO_SINGLE_DATABASE=1 -Dtomo=tomo_db0 -I. -c src/cmd/t_sort.cc -o build/mdbqsbr2-park/db0/src/cmd/t_sort.o
g++ -std=c++20 -O2 -g -Wall -Wextra -march=native -pthread -DTOMO_MDBQSBR_LIVE_PARK -DTOMO_JEMALLOC -DTOMO_SINGLE_DATABASE=1 -Dtomo=tomo_db0 -I. -c src/cmd/multidb.cc -o build/mdbqsbr2-park/db0/src/cmd/multidb.o
g++ -std=c++20 -O2 -g -Wall -Wextra -march=native -pthread -DTOMO_MDBQSBR_LIVE_PARK -DTOMO_JEMALLOC -DTOMO_SINGLE_DATABASE=1 -Dtomo=tomo_db0 -I. -c src/cmd/storesize.cc -o build/mdbqsbr2-park/db0/src/cmd/storesize.o
g++ -std=c++20 -O2 -g -Wall -Wextra -march=native -pthread -DTOMO_MDBQSBR_LIVE_PARK -DTOMO_JEMALLOC -DTOMO_SINGLE_DATABASE=1 -Dtomo=tomo_db0 -I. -c src/cmd/multi_admin.cc -o build/mdbqsbr2-park/db0/src/cmd/multi_admin.o
g++ -std=c++20 -O2 -g -Wall -Wextra -march=native -pthread -DTOMO_MDBQSBR_LIVE_PARK --param inline-unit-growth=0 --param large-unit-insns=147304 -DTOMO_JEMALLOC -DTOMO_SINGLE_DATABASE=1 -Dtomo=tomo_db0 -I. -c src/core/reorder.cc -o build/mdbqsbr2-park/db0/src/core/reorder.o
g++ -std=c++20 -O2 -g -Wall -Wextra -march=native -pthread -DTOMO_MDBQSBR_LIVE_PARK -DTOMO_JEMALLOC -DTOMO_SINGLE_DATABASE=1 -Dtomo=tomo_db0 -I. -c src/cmd/geo_store.cc -o build/mdbqsbr2-park/db0/src/cmd/geo_store.o
g++ -std=c++20 -O2 -g -Wall -Wextra -march=native -pthread -DTOMO_MDBQSBR_LIVE_PARK -DTOMO_JEMALLOC -DTOMO_SINGLE_DATABASE=1 -Dtomo=tomo_db0 -I. -c src/persist/aof_frame_debug.cc -o build/mdbqsbr2-park/db0/src/persist/aof_frame_debug.o
g++ -std=c++20 -O2 -g -Wall -Wextra -march=native -pthread -DTOMO_MDBQSBR_LIVE_PARK -DTOMO_JEMALLOC -DTOMO_SINGLE_DATABASE=1 -Dtomo=tomo_db0 -I. -c src/cmd/aclkeys.cc -o build/mdbqsbr2-park/db0/src/cmd/aclkeys.o
g++ -std=c++20 -O2 -g -Wall -Wextra -march=native -pthread -DTOMO_MDBQSBR_LIVE_PARK -DTOMO_JEMALLOC -DTOMO_SINGLE_DATABASE=1 -Dtomo=tomo_db0 -I. -c src/cmd/blocking_debug.cc -o build/mdbqsbr2-park/db0/src/cmd/blocking_debug.o
g++ -std=c++20 -O2 -g -Wall -Wextra -march=native -pthread -DTOMO_MDBQSBR_LIVE_PARK -DTOMO_JEMALLOC -DTOMO_SINGLE_DATABASE=1 -Dtomo=tomo_db0 -I. -c src/core/version.cc -o build/mdbqsbr2-park/db0/src/core/version.o
g++ -std=c++20 -O2 -g -Wall -Wextra -march=native -pthread -DTOMO_MDBQSBR_LIVE_PARK build/mdbqsbr2-park/db0/src/main.o build/mdbqsbr2-park/db0/src/net/tls.o build/mdbqsbr2-park/db0/src/cmd/commands.o build/mdbqsbr2-park/db0/src/cmd/glob.o build/mdbqsbr2-park/db0/src/cmd/xshard.o build/mdbqsbr2-park/db0/src/cmd/acl.o build/mdbqsbr2-park/db0/src/cmd/hll.o build/mdbqsbr2-park/db0/src/cmd/t_server.o build/mdbqsbr2-park/db0/src/cmd/t_string.o build/mdbqsbr2-park/db0/src/cmd/t_string_notify.o build/mdbqsbr2-park/db0/src/cmd/t_hash.o build/mdbqsbr2-park/db0/src/cmd/t_hash_ttl.o build/mdbqsbr2-park/db0/src/cmd/t_list.o build/mdbqsbr2-park/db0/src/cmd/t_set.o build/mdbqsbr2-park/db0/src/cmd/t_zset.o build/mdbqsbr2-park/db0/src/cmd/t_zset_ops.o build/mdbqsbr2-park/db0/src/cmd/geo.o build/mdbqsbr2-park/db0/src/cmd/t_stream.o build/mdbqsbr2-park/db0/src/cmd/t_stream_groups.o build/mdbqsbr2-park/db0/src/cmd/scripting.o build/mdbqsbr2-park/db0/src/cmd/functions.o build/mdbqsbr2-park/db0/src/cmd/serialize.o build/mdbqsbr2-park/db0/src/snapshot/snapshot.o build/mdbqsbr2-park/db0/src/persist/aof.o build/mdbqsbr2-park/db0/src/cmd/climon.o build/mdbqsbr2-park/db0/src/cmd/tracking.o build/mdbqsbr2-park/db0/src/cmd/server_tail.o build/mdbqsbr2-park/db0/src/cmd/slowlog.o build/mdbqsbr2-park/db0/src/cmd/lcs.o build/mdbqsbr2-park/db0/src/cmd/info_stats.o build/mdbqsbr2-park/db0/src/cmd/lbsignals.o build/mdbqsbr2-park/db0/src/core/flipctl.o build/mdbqsbr2-park/db0/src/core/genthread.o build/mdbqsbr2-park/db0/src/core/rl2s.o build/mdbqsbr2-park/db0/src/core/lbstall.o build/mdbqsbr2-park/db0/src/core/lbplanner.o build/mdbqsbr2-park/db0/src/cmd/l4prebuild.o build/mdbqsbr2-park/db0/src/cmd/cmdgap.o build/mdbqsbr2-park/db0/src/cmd/pfdebug.o build/mdbqsbr2-park/db0/src/cmd/cmdmeta.o build/mdbqsbr2-park/db0/src/cmd/t_sort.o build/mdbqsbr2-park/db0/src/cmd/multidb.o build/mdbqsbr2-park/db0/src/cmd/storesize.o build/mdbqsbr2-park/db0/src/cmd/multi_admin.o build/mdbqsbr2-park/db0/src/core/reorder.o build/mdbqsbr2-park/db0/src/cmd/geo_store.o build/mdbqsbr2-park/db0/src/persist/aof_frame_debug.o build/mdbqsbr2-park/db0/src/cmd/aclkeys.o build/mdbqsbr2-park/db0/src/cmd/blocking_debug.o build/mdbqsbr2-park/db0/src/core/version.o build/mdbqsbr2-park/src/main.o build/mdbqsbr2-park/src/net/tls.o build/mdbqsbr2-park/src/cmd/commands.o build/mdbqsbr2-park/src/cmd/glob.o build/mdbqsbr2-park/src/cmd/xshard.o build/mdbqsbr2-park/src/cmd/acl.o build/mdbqsbr2-park/src/cmd/hll.o build/mdbqsbr2-park/src/cmd/t_server.o build/mdbqsbr2-park/src/cmd/t_string.o build/mdbqsbr2-park/src/cmd/t_string_notify.o build/mdbqsbr2-park/src/cmd/t_hash.o build/mdbqsbr2-park/src/cmd/t_hash_ttl.o build/mdbqsbr2-park/src/cmd/t_list.o build/mdbqsbr2-park/src/cmd/t_set.o build/mdbqsbr2-park/src/cmd/t_zset.o build/mdbqsbr2-park/src/cmd/t_zset_ops.o build/mdbqsbr2-park/src/cmd/geo.o build/mdbqsbr2-park/src/cmd/t_stream.o build/mdbqsbr2-park/src/cmd/t_stream_groups.o build/mdbqsbr2-park/src/cmd/scripting.o build/mdbqsbr2-park/src/cmd/functions.o build/mdbqsbr2-park/src/cmd/serialize.o build/mdbqsbr2-park/src/snapshot/snapshot.o build/mdbqsbr2-park/src/persist/aof.o build/mdbqsbr2-park/src/cmd/climon.o build/mdbqsbr2-park/src/cmd/tracking.o build/mdbqsbr2-park/src/cmd/server_tail.o build/mdbqsbr2-park/src/cmd/slowlog.o build/mdbqsbr2-park/src/cmd/lcs.o build/mdbqsbr2-park/src/cmd/info_stats.o build/mdbqsbr2-park/src/cmd/lbsignals.o build/mdbqsbr2-park/src/core/flipctl.o build/mdbqsbr2-park/src/core/genthread.o build/mdbqsbr2-park/src/core/rl2s.o build/mdbqsbr2-park/src/core/lbstall.o build/mdbqsbr2-park/src/core/lbplanner.o build/mdbqsbr2-park/src/cmd/l4prebuild.o build/mdbqsbr2-park/src/cmd/cmdgap.o build/mdbqsbr2-park/src/cmd/pfdebug.o build/mdbqsbr2-park/src/cmd/cmdmeta.o build/mdbqsbr2-park/src/cmd/t_sort.o build/mdbqsbr2-park/src/cmd/multidb.o build/mdbqsbr2-park/src/cmd/storesize.o build/mdbqsbr2-park/src/cmd/multi_admin.o build/mdbqsbr2-park/src/core/reorder.o build/mdbqsbr2-park/src/cmd/geo_store.o build/mdbqsbr2-park/src/persist/aof_frame_debug.o build/mdbqsbr2-park/src/cmd/aclkeys.o build/mdbqsbr2-park/src/cmd/blocking_debug.o build/mdbqsbr2-park/src/core/version.o -o build/mdbqsbr2-park/tomokv -Wl,--wrap=main -ljemalloc -luring -pthread -lssl -lcrypto -lm
make[1]: Leaving directory '/home/user/Projects/cx-aoffix2'
make BUILD_ROOT=build/mdbqsbr2-no-wake CXXFLAGS='-std=c++20 -O2 -g -Wall -Wextra -march=native -pthread -DTOMO_MDBQSBR_LIVE_PARK -DTOMO_MDBQSBR_NO_WAKE' all
make[1]: Entering directory '/home/user/Projects/cx-aoffix2'
g++ -std=c++20 -O2 -g -Wall -Wextra -march=native -pthread -DTOMO_MDBQSBR_LIVE_PARK -DTOMO_MDBQSBR_NO_WAKE -DTOMO_DUAL_DATABASE --param inline-unit-growth=0 --param large-unit-insns=146503 -DTOMO_JEMALLOC -I. -c src/main.cc -o build/mdbqsbr2-no-wake/src/main.o
g++ -std=c++20 -O2 -g -Wall -Wextra -march=native -pthread -DTOMO_MDBQSBR_LIVE_PARK -DTOMO_MDBQSBR_NO_WAKE -DTOMO_JEMALLOC -I. -c src/net/tls.cc -o build/mdbqsbr2-no-wake/src/net/tls.o
g++ -std=c++20 -O2 -g -Wall -Wextra -march=native -pthread -DTOMO_MDBQSBR_LIVE_PARK -DTOMO_MDBQSBR_NO_WAKE -DTOMO_JEMALLOC -I. -c src/cmd/commands.cc -o build/mdbqsbr2-no-wake/src/cmd/commands.o
g++ -std=c++20 -O2 -g -Wall -Wextra -march=native -pthread -DTOMO_MDBQSBR_LIVE_PARK -DTOMO_MDBQSBR_NO_WAKE -DTOMO_JEMALLOC -I. -c src/cmd/glob.cc -o build/mdbqsbr2-no-wake/src/cmd/glob.o
g++ -std=c++20 -O2 -g -Wall -Wextra -march=native -pthread -DTOMO_MDBQSBR_LIVE_PARK -DTOMO_MDBQSBR_NO_WAKE --param inline-unit-growth=0 --param large-unit-insns=127791 -DTOMO_JEMALLOC -I. -c src/cmd/xshard.cc -o build/mdbqsbr2-no-wake/src/cmd/xshard.o
g++ -std=c++20 -O2 -g -Wall -Wextra -march=native -pthread -DTOMO_MDBQSBR_LIVE_PARK -DTOMO_MDBQSBR_NO_WAKE -DTOMO_JEMALLOC -I. -c src/cmd/hll.cc -o build/mdbqsbr2-no-wake/src/cmd/hll.o
g++ -std=c++20 -O2 -g -Wall -Wextra -march=native -pthread -DTOMO_MDBQSBR_LIVE_PARK -DTOMO_MDBQSBR_NO_WAKE --param inline-unit-growth=0 --param large-unit-insns=34630 -DTOMO_JEMALLOC -I. -c src/cmd/acl.cc -o build/mdbqsbr2-no-wake/src/cmd/acl.o
g++ -std=c++20 -O2 -g -Wall -Wextra -march=native -pthread -DTOMO_MDBQSBR_LIVE_PARK -DTOMO_MDBQSBR_NO_WAKE --param inline-unit-growth=0 --param large-unit-insns=31297 -DTOMO_JEMALLOC -I. -c src/cmd/t_server.cc -o build/mdbqsbr2-no-wake/src/cmd/t_server.o
g++ -std=c++20 -O2 -g -Wall -Wextra -march=native -pthread -DTOMO_MDBQSBR_LIVE_PARK -DTOMO_MDBQSBR_NO_WAKE --param large-unit-insns=10600 -DTOMO_JEMALLOC -I. -c src/cmd/t_string.cc -o build/mdbqsbr2-no-wake/src/cmd/t_string.o
g++ -std=c++20 -O2 -g -Wall -Wextra -march=native -pthread -DTOMO_MDBQSBR_LIVE_PARK -DTOMO_MDBQSBR_NO_WAKE -DTOMO_JEMALLOC -I. -c src/cmd/t_string_notify.cc -o build/mdbqsbr2-no-wake/src/cmd/t_string_notify.o
g++ -std=c++20 -O2 -g -Wall -Wextra -march=native -pthread -DTOMO_MDBQSBR_LIVE_PARK -DTOMO_MDBQSBR_NO_WAKE -DTOMO_JEMALLOC -I. -c src/cmd/t_hash_ttl.cc -o build/mdbqsbr2-no-wake/src/cmd/t_hash_ttl.o
g++ -std=c++20 -O2 -g -Wall -Wextra -march=native -pthread -DTOMO_MDBQSBR_LIVE_PARK -DTOMO_MDBQSBR_NO_WAKE -DTOMO_JEMALLOC -I. -c src/cmd/t_hash.cc -o build/mdbqsbr2-no-wake/src/cmd/t_hash.o
g++ -std=c++20 -O2 -g -Wall -Wextra -march=native -pthread -DTOMO_MDBQSBR_LIVE_PARK -DTOMO_MDBQSBR_NO_WAKE --param inline-unit-growth=0 --param large-unit-insns=25338 -DTOMO_JEMALLOC -I. -c src/cmd/t_list.cc -o build/mdbqsbr2-no-wake/src/cmd/t_list.o
g++ -std=c++20 -O2 -g -Wall -Wextra -march=native -pthread -DTOMO_MDBQSBR_LIVE_PARK -DTOMO_MDBQSBR_NO_WAKE --param inline-unit-growth=0 --param large-unit-insns=23568 -DTOMO_JEMALLOC -I. -c src/cmd/t_set.cc -o build/mdbqsbr2-no-wake/src/cmd/t_set.o
g++ -std=c++20 -O2 -g -Wall -Wextra -march=native -pthread -DTOMO_MDBQSBR_LIVE_PARK -DTOMO_MDBQSBR_NO_WAKE --param inline-unit-growth=0 --param large-unit-insns=33395 -DTOMO_JEMALLOC -I. -c src/cmd/t_zset.cc -o build/mdbqsbr2-no-wake/src/cmd/t_zset.o
g++ -std=c++20 -O2 -g -Wall -Wextra -march=native -pthread -DTOMO_MDBQSBR_LIVE_PARK -DTOMO_MDBQSBR_NO_WAKE -DTOMO_JEMALLOC -I. -c src/cmd/t_zset_ops.cc -o build/mdbqsbr2-no-wake/src/cmd/t_zset_ops.o
g++ -std=c++20 -O2 -g -Wall -Wextra -march=native -pthread -DTOMO_MDBQSBR_LIVE_PARK -DTOMO_MDBQSBR_NO_WAKE --param inline-unit-growth=0 --param large-unit-insns=14410 -DTOMO_JEMALLOC -I. -c src/cmd/geo.cc -o build/mdbqsbr2-no-wake/src/cmd/geo.o
g++ -std=c++20 -O2 -g -Wall -Wextra -march=native -pthread -DTOMO_MDBQSBR_LIVE_PARK -DTOMO_MDBQSBR_NO_WAKE -DTOMO_JEMALLOC -I. -c src/cmd/t_stream.cc -o build/mdbqsbr2-no-wake/src/cmd/t_stream.o
g++ -std=c++20 -O2 -g -Wall -Wextra -march=native -pthread -DTOMO_MDBQSBR_LIVE_PARK -DTOMO_MDBQSBR_NO_WAKE -DTOMO_JEMALLOC -I. -c src/cmd/t_stream_groups.cc -o build/mdbqsbr2-no-wake/src/cmd/t_stream_groups.o
g++ -std=c++20 -O2 -g -Wall -Wextra -march=native -pthread -DTOMO_MDBQSBR_LIVE_PARK -DTOMO_MDBQSBR_NO_WAKE -DTOMO_JEMALLOC -I. -c src/cmd/scripting.cc -o build/mdbqsbr2-no-wake/src/cmd/scripting.o
g++ -std=c++20 -O2 -g -Wall -Wextra -march=native -pthread -DTOMO_MDBQSBR_LIVE_PARK -DTOMO_MDBQSBR_NO_WAKE -DTOMO_JEMALLOC -I. -c src/cmd/functions.cc -o build/mdbqsbr2-no-wake/src/cmd/functions.o
g++ -std=c++20 -O2 -g -Wall -Wextra -march=native -pthread -DTOMO_MDBQSBR_LIVE_PARK -DTOMO_MDBQSBR_NO_WAKE -DTOMO_JEMALLOC -I. -c src/cmd/serialize.cc -o build/mdbqsbr2-no-wake/src/cmd/serialize.o
g++ -std=c++20 -O2 -g -Wall -Wextra -march=native -pthread -DTOMO_MDBQSBR_LIVE_PARK -DTOMO_MDBQSBR_NO_WAKE --param inline-unit-growth=0 --param large-unit-insns=14584 -DTOMO_JEMALLOC -I. -c src/snapshot/snapshot.cc -o build/mdbqsbr2-no-wake/src/snapshot/snapshot.o
g++ -std=c++20 -O2 -g -Wall -Wextra -march=native -pthread -DTOMO_MDBQSBR_LIVE_PARK -DTOMO_MDBQSBR_NO_WAKE --param inline-unit-growth=0 --param large-unit-insns=34400 -DTOMO_JEMALLOC -I. -c src/persist/aof.cc -o build/mdbqsbr2-no-wake/src/persist/aof.o
g++ -std=c++20 -O2 -g -Wall -Wextra -march=native -pthread -DTOMO_MDBQSBR_LIVE_PARK -DTOMO_MDBQSBR_NO_WAKE --param inline-unit-growth=0 --param large-unit-insns=25735 -DTOMO_JEMALLOC -I. -c src/cmd/climon.cc -o build/mdbqsbr2-no-wake/src/cmd/climon.o
g++ -std=c++20 -O2 -g -Wall -Wextra -march=native -pthread -DTOMO_MDBQSBR_LIVE_PARK -DTOMO_MDBQSBR_NO_WAKE -DTOMO_JEMALLOC -I. -c src/cmd/tracking.cc -o build/mdbqsbr2-no-wake/src/cmd/tracking.o
g++ -std=c++20 -O2 -g -Wall -Wextra -march=native -pthread -DTOMO_MDBQSBR_LIVE_PARK -DTOMO_MDBQSBR_NO_WAKE -DTOMO_JEMALLOC -I. -c src/cmd/server_tail.cc -o build/mdbqsbr2-no-wake/src/cmd/server_tail.o
g++ -std=c++20 -O2 -g -Wall -Wextra -march=native -pthread -DTOMO_MDBQSBR_LIVE_PARK -DTOMO_MDBQSBR_NO_WAKE -DTOMO_JEMALLOC -I. -c src/cmd/slowlog.cc -o build/mdbqsbr2-no-wake/src/cmd/slowlog.o
g++ -std=c++20 -O2 -g -Wall -Wextra -march=native -pthread -DTOMO_MDBQSBR_LIVE_PARK -DTOMO_MDBQSBR_NO_WAKE -DTOMO_JEMALLOC -I. -c src/cmd/lcs.cc -o build/mdbqsbr2-no-wake/src/cmd/lcs.o
g++ -std=c++20 -O2 -g -Wall -Wextra -march=native -pthread -DTOMO_MDBQSBR_LIVE_PARK -DTOMO_MDBQSBR_NO_WAKE -DTOMO_JEMALLOC -I. -c src/cmd/info_stats.cc -o build/mdbqsbr2-no-wake/src/cmd/info_stats.o
g++ -std=c++20 -O2 -g -Wall -Wextra -march=native -pthread -DTOMO_MDBQSBR_LIVE_PARK -DTOMO_MDBQSBR_NO_WAKE -DTOMO_JEMALLOC -I. -c src/cmd/lbsignals.cc -o build/mdbqsbr2-no-wake/src/cmd/lbsignals.o
g++ -std=c++20 -O2 -g -Wall -Wextra -march=native -pthread -DTOMO_MDBQSBR_LIVE_PARK -DTOMO_MDBQSBR_NO_WAKE -DTOMO_JEMALLOC -I. -c src/core/flipctl.cc -o build/mdbqsbr2-no-wake/src/core/flipctl.o
g++ -std=c++20 -O2 -g -Wall -Wextra -march=native -pthread -DTOMO_MDBQSBR_LIVE_PARK -DTOMO_MDBQSBR_NO_WAKE --param inline-unit-growth=0 --param large-unit-insns=128865 -DTOMO_JEMALLOC -I. -c src/core/genthread.cc -o build/mdbqsbr2-no-wake/src/core/genthread.o
g++ -std=c++20 -O2 -g -Wall -Wextra -march=native -pthread -DTOMO_MDBQSBR_LIVE_PARK -DTOMO_MDBQSBR_NO_WAKE --param inline-unit-growth=0 --param large-unit-insns=161715 -DTOMO_JEMALLOC -I. -c src/core/rl2s.cc -o build/mdbqsbr2-no-wake/src/core/rl2s.o
g++ -std=c++20 -O2 -g -Wall -Wextra -march=native -pthread -DTOMO_MDBQSBR_LIVE_PARK -DTOMO_MDBQSBR_NO_WAKE -DTOMO_JEMALLOC -I. -c src/core/lbstall.cc -o build/mdbqsbr2-no-wake/src/core/lbstall.o
g++ -std=c++20 -O2 -g -Wall -Wextra -march=native -pthread -DTOMO_MDBQSBR_LIVE_PARK -DTOMO_MDBQSBR_NO_WAKE -DTOMO_JEMALLOC -I. -c src/core/lbplanner.cc -o build/mdbqsbr2-no-wake/src/core/lbplanner.o
g++ -std=c++20 -O2 -g -Wall -Wextra -march=native -pthread -DTOMO_MDBQSBR_LIVE_PARK -DTOMO_MDBQSBR_NO_WAKE -DTOMO_JEMALLOC -I. -c src/cmd/l4prebuild.cc -o build/mdbqsbr2-no-wake/src/cmd/l4prebuild.o
g++ -std=c++20 -O2 -g -Wall -Wextra -march=native -pthread -DTOMO_MDBQSBR_LIVE_PARK -DTOMO_MDBQSBR_NO_WAKE -DTOMO_JEMALLOC -I. -c src/cmd/cmdgap.cc -o build/mdbqsbr2-no-wake/src/cmd/cmdgap.o
g++ -std=c++20 -O2 -g -Wall -Wextra -march=native -pthread -DTOMO_MDBQSBR_LIVE_PARK -DTOMO_MDBQSBR_NO_WAKE -DTOMO_JEMALLOC -I. -c src/cmd/pfdebug.cc -o build/mdbqsbr2-no-wake/src/cmd/pfdebug.o
g++ -std=c++20 -O2 -g -Wall -Wextra -march=native -pthread -DTOMO_MDBQSBR_LIVE_PARK -DTOMO_MDBQSBR_NO_WAKE -DTOMO_JEMALLOC -I. -c src/cmd/cmdmeta.cc -o build/mdbqsbr2-no-wake/src/cmd/cmdmeta.o
g++ -std=c++20 -O2 -g -Wall -Wextra -march=native -pthread -DTOMO_MDBQSBR_LIVE_PARK -DTOMO_MDBQSBR_NO_WAKE -DTOMO_JEMALLOC -I. -c src/cmd/t_sort.cc -o build/mdbqsbr2-no-wake/src/cmd/t_sort.o
g++ -std=c++20 -O2 -g -Wall -Wextra -march=native -pthread -DTOMO_MDBQSBR_LIVE_PARK -DTOMO_MDBQSBR_NO_WAKE -DTOMO_JEMALLOC -I. -c src/cmd/multidb.cc -o build/mdbqsbr2-no-wake/src/cmd/multidb.o
g++ -std=c++20 -O2 -g -Wall -Wextra -march=native -pthread -DTOMO_MDBQSBR_LIVE_PARK -DTOMO_MDBQSBR_NO_WAKE -DTOMO_JEMALLOC -I. -c src/cmd/storesize.cc -o build/mdbqsbr2-no-wake/src/cmd/storesize.o
g++ -std=c++20 -O2 -g -Wall -Wextra -march=native -pthread -DTOMO_MDBQSBR_LIVE_PARK -DTOMO_MDBQSBR_NO_WAKE -DTOMO_JEMALLOC -I. -c src/cmd/multi_admin.cc -o build/mdbqsbr2-no-wake/src/cmd/multi_admin.o
g++ -std=c++20 -O2 -g -Wall -Wextra -march=native -pthread -DTOMO_MDBQSBR_LIVE_PARK -DTOMO_MDBQSBR_NO_WAKE -DTOMO_JEMALLOC -I. -c src/core/reorder.cc -o build/mdbqsbr2-no-wake/src/core/reorder.o
g++ -std=c++20 -O2 -g -Wall -Wextra -march=native -pthread -DTOMO_MDBQSBR_LIVE_PARK -DTOMO_MDBQSBR_NO_WAKE -DTOMO_JEMALLOC -I. -c src/cmd/geo_store.cc -o build/mdbqsbr2-no-wake/src/cmd/geo_store.o
g++ -std=c++20 -O2 -g -Wall -Wextra -march=native -pthread -DTOMO_MDBQSBR_LIVE_PARK -DTOMO_MDBQSBR_NO_WAKE -DTOMO_JEMALLOC -I. -c src/persist/aof_frame_debug.cc -o build/mdbqsbr2-no-wake/src/persist/aof_frame_debug.o
g++ -std=c++20 -O2 -g -Wall -Wextra -march=native -pthread -DTOMO_MDBQSBR_LIVE_PARK -DTOMO_MDBQSBR_NO_WAKE -DTOMO_JEMALLOC -I. -c src/cmd/aclkeys.cc -o build/mdbqsbr2-no-wake/src/cmd/aclkeys.o
g++ -std=c++20 -O2 -g -Wall -Wextra -march=native -pthread -DTOMO_MDBQSBR_LIVE_PARK -DTOMO_MDBQSBR_NO_WAKE -DTOMO_JEMALLOC -I. -c src/cmd/blocking_debug.cc -o build/mdbqsbr2-no-wake/src/cmd/blocking_debug.o
g++ -std=c++20 -O2 -g -Wall -Wextra -march=native -pthread -DTOMO_MDBQSBR_LIVE_PARK -DTOMO_MDBQSBR_NO_WAKE -DTOMO_JEMALLOC -I. -c src/core/version.cc -o build/mdbqsbr2-no-wake/src/core/version.o
g++ -std=c++20 -O2 -g -Wall -Wextra -march=native -pthread -DTOMO_MDBQSBR_LIVE_PARK -DTOMO_MDBQSBR_NO_WAKE --param inline-unit-growth=0 --param large-unit-insns=146540 --param max-inline-insns-auto=18 -DTOMO_JEMALLOC -DTOMO_SINGLE_DATABASE=1 -Dtomo=tomo_db0 -I. -c src/main.cc -o build/mdbqsbr2-no-wake/db0/src/main.o
g++ -std=c++20 -O2 -g -Wall -Wextra -march=native -pthread -DTOMO_MDBQSBR_LIVE_PARK -DTOMO_MDBQSBR_NO_WAKE -DTOMO_JEMALLOC -DTOMO_SINGLE_DATABASE=1 -Dtomo=tomo_db0 -I. -c src/net/tls.cc -o build/mdbqsbr2-no-wake/db0/src/net/tls.o
g++ -std=c++20 -O2 -g -Wall -Wextra -march=native -pthread -DTOMO_MDBQSBR_LIVE_PARK -DTOMO_MDBQSBR_NO_WAKE -DTOMO_JEMALLOC -DTOMO_SINGLE_DATABASE=1 -Dtomo=tomo_db0 -I. -c src/cmd/commands.cc -o build/mdbqsbr2-no-wake/db0/src/cmd/commands.o
g++ -std=c++20 -O2 -g -Wall -Wextra -march=native -pthread -DTOMO_MDBQSBR_LIVE_PARK -DTOMO_MDBQSBR_NO_WAKE -DTOMO_JEMALLOC -DTOMO_SINGLE_DATABASE=1 -Dtomo=tomo_db0 -I. -c src/cmd/glob.cc -o build/mdbqsbr2-no-wake/db0/src/cmd/glob.o
g++ -std=c++20 -O2 -g -Wall -Wextra -march=native -pthread -DTOMO_MDBQSBR_LIVE_PARK -DTOMO_MDBQSBR_NO_WAKE --param inline-unit-growth=0 --param large-unit-insns=126391 -DTOMO_JEMALLOC -DTOMO_SINGLE_DATABASE=1 -Dtomo=tomo_db0 -I. -c src/cmd/xshard.cc -o build/mdbqsbr2-no-wake/db0/src/cmd/xshard.o
g++ -std=c++20 -O2 -g -Wall -Wextra -march=native -pthread -DTOMO_MDBQSBR_LIVE_PARK -DTOMO_MDBQSBR_NO_WAKE --param inline-unit-growth=0 --param large-unit-insns=34550 -DTOMO_JEMALLOC -DTOMO_SINGLE_DATABASE=1 -Dtomo=tomo_db0 -I. -c src/cmd/acl.cc -o build/mdbqsbr2-no-wake/db0/src/cmd/acl.o
g++ -std=c++20 -O2 -g -Wall -Wextra -march=native -pthread -DTOMO_MDBQSBR_LIVE_PARK -DTOMO_MDBQSBR_NO_WAKE -DTOMO_JEMALLOC -DTOMO_SINGLE_DATABASE=1 -Dtomo=tomo_db0 -I. -c src/cmd/hll.cc -o build/mdbqsbr2-no-wake/db0/src/cmd/hll.o
g++ -std=c++20 -O2 -g -Wall -Wextra -march=native -pthread -DTOMO_MDBQSBR_LIVE_PARK -DTOMO_MDBQSBR_NO_WAKE --param inline-unit-growth=0 --param large-unit-insns=31629 --param max-inline-insns-auto=16 -DTOMO_JEMALLOC -DTOMO_SINGLE_DATABASE=1 -Dtomo=tomo_db0 -I. -c src/cmd/t_server.cc -o build/mdbqsbr2-no-wake/db0/src/cmd/t_server.o
g++ -std=c++20 -O2 -g -Wall -Wextra -march=native -pthread -DTOMO_MDBQSBR_LIVE_PARK -DTOMO_MDBQSBR_NO_WAKE --param large-unit-insns=10600 -DTOMO_JEMALLOC -DTOMO_SINGLE_DATABASE=1 -Dtomo=tomo_db0 -I. -c src/cmd/t_string.cc -o build/mdbqsbr2-no-wake/db0/src/cmd/t_string.o
g++ -std=c++20 -O2 -g -Wall -Wextra -march=native -pthread -DTOMO_MDBQSBR_LIVE_PARK -DTOMO_MDBQSBR_NO_WAKE -DTOMO_JEMALLOC -DTOMO_SINGLE_DATABASE=1 -Dtomo=tomo_db0 -I. -c src/cmd/t_string_notify.cc -o build/mdbqsbr2-no-wake/db0/src/cmd/t_string_notify.o
g++ -std=c++20 -O2 -g -Wall -Wextra -march=native -pthread -DTOMO_MDBQSBR_LIVE_PARK -DTOMO_MDBQSBR_NO_WAKE -DTOMO_JEMALLOC -DTOMO_SINGLE_DATABASE=1 -Dtomo=tomo_db0 -I. -c src/cmd/t_hash.cc -o build/mdbqsbr2-no-wake/db0/src/cmd/t_hash.o
g++ -std=c++20 -O2 -g -Wall -Wextra -march=native -pthread -DTOMO_MDBQSBR_LIVE_PARK -DTOMO_MDBQSBR_NO_WAKE -DTOMO_JEMALLOC -DTOMO_SINGLE_DATABASE=1 -Dtomo=tomo_db0 -I. -c src/cmd/t_hash_ttl.cc -o build/mdbqsbr2-no-wake/db0/src/cmd/t_hash_ttl.o
g++ -std=c++20 -O2 -g -Wall -Wextra -march=native -pthread -DTOMO_MDBQSBR_LIVE_PARK -DTOMO_MDBQSBR_NO_WAKE -DTOMO_JEMALLOC -DTOMO_SINGLE_DATABASE=1 -Dtomo=tomo_db0 -I. -c src/cmd/t_list.cc -o build/mdbqsbr2-no-wake/db0/src/cmd/t_list.o
g++ -std=c++20 -O2 -g -Wall -Wextra -march=native -pthread -DTOMO_MDBQSBR_LIVE_PARK -DTOMO_MDBQSBR_NO_WAKE --param inline-unit-growth=0 --param large-unit-insns=23428 -DTOMO_JEMALLOC -DTOMO_SINGLE_DATABASE=1 -Dtomo=tomo_db0 -I. -c src/cmd/t_set.cc -o build/mdbqsbr2-no-wake/db0/src/cmd/t_set.o
g++ -std=c++20 -O2 -g -Wall -Wextra -march=native -pthread -DTOMO_MDBQSBR_LIVE_PARK -DTOMO_MDBQSBR_NO_WAKE --param inline-unit-growth=0 --param large-unit-insns=32970 -DTOMO_JEMALLOC -DTOMO_SINGLE_DATABASE=1 -Dtomo=tomo_db0 -I. -c src/cmd/t_zset.cc -o build/mdbqsbr2-no-wake/db0/src/cmd/t_zset.o
g++ -std=c++20 -O2 -g -Wall -Wextra -march=native -pthread -DTOMO_MDBQSBR_LIVE_PARK -DTOMO_MDBQSBR_NO_WAKE -DTOMO_JEMALLOC -DTOMO_SINGLE_DATABASE=1 -Dtomo=tomo_db0 -I. -c src/cmd/t_zset_ops.cc -o build/mdbqsbr2-no-wake/db0/src/cmd/t_zset_ops.o
g++ -std=c++20 -O2 -g -Wall -Wextra -march=native -pthread -DTOMO_MDBQSBR_LIVE_PARK -DTOMO_MDBQSBR_NO_WAKE --param inline-unit-growth=0 --param large-unit-insns=14440 -DTOMO_JEMALLOC -DTOMO_SINGLE_DATABASE=1 -Dtomo=tomo_db0 -I. -c src/cmd/geo.cc -o build/mdbqsbr2-no-wake/db0/src/cmd/geo.o
g++ -std=c++20 -O2 -g -Wall -Wextra -march=native -pthread -DTOMO_MDBQSBR_LIVE_PARK -DTOMO_MDBQSBR_NO_WAKE -DTOMO_JEMALLOC -DTOMO_SINGLE_DATABASE=1 -Dtomo=tomo_db0 -I. -c src/cmd/t_stream.cc -o build/mdbqsbr2-no-wake/db0/src/cmd/t_stream.o
g++ -std=c++20 -O2 -g -Wall -Wextra -march=native -pthread -DTOMO_MDBQSBR_LIVE_PARK -DTOMO_MDBQSBR_NO_WAKE -DTOMO_JEMALLOC -DTOMO_SINGLE_DATABASE=1 -Dtomo=tomo_db0 -I. -c src/cmd/t_stream_groups.cc -o build/mdbqsbr2-no-wake/db0/src/cmd/t_stream_groups.o
g++ -std=c++20 -O2 -g -Wall -Wextra -march=native -pthread -DTOMO_MDBQSBR_LIVE_PARK -DTOMO_MDBQSBR_NO_WAKE -DTOMO_JEMALLOC -DTOMO_SINGLE_DATABASE=1 -Dtomo=tomo_db0 -I. -c src/cmd/scripting.cc -o build/mdbqsbr2-no-wake/db0/src/cmd/scripting.o
g++ -std=c++20 -O2 -g -Wall -Wextra -march=native -pthread -DTOMO_MDBQSBR_LIVE_PARK -DTOMO_MDBQSBR_NO_WAKE -DTOMO_JEMALLOC -DTOMO_SINGLE_DATABASE=1 -Dtomo=tomo_db0 -I. -c src/cmd/functions.cc -o build/mdbqsbr2-no-wake/db0/src/cmd/functions.o
g++ -std=c++20 -O2 -g -Wall -Wextra -march=native -pthread -DTOMO_MDBQSBR_LIVE_PARK -DTOMO_MDBQSBR_NO_WAKE -DTOMO_JEMALLOC -DTOMO_SINGLE_DATABASE=1 -Dtomo=tomo_db0 -I. -c src/cmd/serialize.cc -o build/mdbqsbr2-no-wake/db0/src/cmd/serialize.o
g++ -std=c++20 -O2 -g -Wall -Wextra -march=native -pthread -DTOMO_MDBQSBR_LIVE_PARK -DTOMO_MDBQSBR_NO_WAKE --param inline-unit-growth=0 --param large-unit-insns=14457 -DTOMO_JEMALLOC -DTOMO_SINGLE_DATABASE=1 -Dtomo=tomo_db0 -I. -c src/snapshot/snapshot.cc -o build/mdbqsbr2-no-wake/db0/src/snapshot/snapshot.o
g++ -std=c++20 -O2 -g -Wall -Wextra -march=native -pthread -DTOMO_MDBQSBR_LIVE_PARK -DTOMO_MDBQSBR_NO_WAKE --param inline-unit-growth=0 --param large-unit-insns=34800 -DTOMO_JEMALLOC -DTOMO_SINGLE_DATABASE=1 -Dtomo=tomo_db0 -I. -c src/persist/aof.cc -o build/mdbqsbr2-no-wake/db0/src/persist/aof.o
g++ -std=c++20 -O2 -g -Wall -Wextra -march=native -pthread -DTOMO_MDBQSBR_LIVE_PARK -DTOMO_MDBQSBR_NO_WAKE --param inline-unit-growth=0 --param large-unit-insns=25670 -DTOMO_JEMALLOC -DTOMO_SINGLE_DATABASE=1 -Dtomo=tomo_db0 -I. -c src/cmd/climon.cc -o build/mdbqsbr2-no-wake/db0/src/cmd/climon.o
g++ -std=c++20 -O2 -g -Wall -Wextra -march=native -pthread -DTOMO_MDBQSBR_LIVE_PARK -DTOMO_MDBQSBR_NO_WAKE -DTOMO_JEMALLOC -DTOMO_SINGLE_DATABASE=1 -Dtomo=tomo_db0 -I. -c src/cmd/tracking.cc -o build/mdbqsbr2-no-wake/db0/src/cmd/tracking.o
g++ -std=c++20 -O2 -g -Wall -Wextra -march=native -pthread -DTOMO_MDBQSBR_LIVE_PARK -DTOMO_MDBQSBR_NO_WAKE -DTOMO_JEMALLOC -DTOMO_SINGLE_DATABASE=1 -Dtomo=tomo_db0 -I. -c src/cmd/server_tail.cc -o build/mdbqsbr2-no-wake/db0/src/cmd/server_tail.o
g++ -std=c++20 -O2 -g -Wall -Wextra -march=native -pthread -DTOMO_MDBQSBR_LIVE_PARK -DTOMO_MDBQSBR_NO_WAKE -DTOMO_JEMALLOC -DTOMO_SINGLE_DATABASE=1 -Dtomo=tomo_db0 -I. -c src/cmd/slowlog.cc -o build/mdbqsbr2-no-wake/db0/src/cmd/slowlog.o
g++ -std=c++20 -O2 -g -Wall -Wextra -march=native -pthread -DTOMO_MDBQSBR_LIVE_PARK -DTOMO_MDBQSBR_NO_WAKE -DTOMO_JEMALLOC -DTOMO_SINGLE_DATABASE=1 -Dtomo=tomo_db0 -I. -c src/cmd/lcs.cc -o build/mdbqsbr2-no-wake/db0/src/cmd/lcs.o
g++ -std=c++20 -O2 -g -Wall -Wextra -march=native -pthread -DTOMO_MDBQSBR_LIVE_PARK -DTOMO_MDBQSBR_NO_WAKE -DTOMO_JEMALLOC -DTOMO_SINGLE_DATABASE=1 -Dtomo=tomo_db0 -I. -c src/cmd/info_stats.cc -o build/mdbqsbr2-no-wake/db0/src/cmd/info_stats.o
g++ -std=c++20 -O2 -g -Wall -Wextra -march=native -pthread -DTOMO_MDBQSBR_LIVE_PARK -DTOMO_MDBQSBR_NO_WAKE -DTOMO_JEMALLOC -DTOMO_SINGLE_DATABASE=1 -Dtomo=tomo_db0 -I. -c src/cmd/lbsignals.cc -o build/mdbqsbr2-no-wake/db0/src/cmd/lbsignals.o
g++ -std=c++20 -O2 -g -Wall -Wextra -march=native -pthread -DTOMO_MDBQSBR_LIVE_PARK -DTOMO_MDBQSBR_NO_WAKE -DTOMO_JEMALLOC -DTOMO_SINGLE_DATABASE=1 -Dtomo=tomo_db0 -I. -c src/core/flipctl.cc -o build/mdbqsbr2-no-wake/db0/src/core/flipctl.o
g++ -std=c++20 -O2 -g -Wall -Wextra -march=native -pthread -DTOMO_MDBQSBR_LIVE_PARK -DTOMO_MDBQSBR_NO_WAKE --param inline-unit-growth=0 --param large-unit-insns=128910 -Wa,--defsym,tomo_rlfence_text_pad=16 -DTOMO_JEMALLOC -DTOMO_SINGLE_DATABASE=1 -Dtomo=tomo_db0 -I. -c src/core/genthread.cc -o build/mdbqsbr2-no-wake/db0/src/core/genthread.o
g++ -std=c++20 -O2 -g -Wall -Wextra -march=native -pthread -DTOMO_MDBQSBR_LIVE_PARK -DTOMO_MDBQSBR_NO_WAKE --param inline-unit-growth=0 --param large-unit-insns=161680 -DTOMO_JEMALLOC -DTOMO_SINGLE_DATABASE=1 -Dtomo=tomo_db0 -I. -c src/core/rl2s.cc -o build/mdbqsbr2-no-wake/db0/src/core/rl2s.o
g++ -std=c++20 -O2 -g -Wall -Wextra -march=native -pthread -DTOMO_MDBQSBR_LIVE_PARK -DTOMO_MDBQSBR_NO_WAKE -DTOMO_JEMALLOC -DTOMO_SINGLE_DATABASE=1 -Dtomo=tomo_db0 -I. -c src/core/lbstall.cc -o build/mdbqsbr2-no-wake/db0/src/core/lbstall.o
g++ -std=c++20 -O2 -g -Wall -Wextra -march=native -pthread -DTOMO_MDBQSBR_LIVE_PARK -DTOMO_MDBQSBR_NO_WAKE -DTOMO_JEMALLOC -DTOMO_SINGLE_DATABASE=1 -Dtomo=tomo_db0 -I. -c src/core/lbplanner.cc -o build/mdbqsbr2-no-wake/db0/src/core/lbplanner.o
g++ -std=c++20 -O2 -g -Wall -Wextra -march=native -pthread -DTOMO_MDBQSBR_LIVE_PARK -DTOMO_MDBQSBR_NO_WAKE -DTOMO_JEMALLOC -DTOMO_SINGLE_DATABASE=1 -Dtomo=tomo_db0 -I. -c src/cmd/l4prebuild.cc -o build/mdbqsbr2-no-wake/db0/src/cmd/l4prebuild.o
g++ -std=c++20 -O2 -g -Wall -Wextra -march=native -pthread -DTOMO_MDBQSBR_LIVE_PARK -DTOMO_MDBQSBR_NO_WAKE -DTOMO_JEMALLOC -DTOMO_SINGLE_DATABASE=1 -Dtomo=tomo_db0 -I. -c src/cmd/cmdgap.cc -o build/mdbqsbr2-no-wake/db0/src/cmd/cmdgap.o
g++ -std=c++20 -O2 -g -Wall -Wextra -march=native -pthread -DTOMO_MDBQSBR_LIVE_PARK -DTOMO_MDBQSBR_NO_WAKE -DTOMO_JEMALLOC -DTOMO_SINGLE_DATABASE=1 -Dtomo=tomo_db0 -I. -c src/cmd/pfdebug.cc -o build/mdbqsbr2-no-wake/db0/src/cmd/pfdebug.o
g++ -std=c++20 -O2 -g -Wall -Wextra -march=native -pthread -DTOMO_MDBQSBR_LIVE_PARK -DTOMO_MDBQSBR_NO_WAKE -DTOMO_JEMALLOC -DTOMO_SINGLE_DATABASE=1 -Dtomo=tomo_db0 -I. -c src/cmd/cmdmeta.cc -o build/mdbqsbr2-no-wake/db0/src/cmd/cmdmeta.o
g++ -std=c++20 -O2 -g -Wall -Wextra -march=native -pthread -DTOMO_MDBQSBR_LIVE_PARK -DTOMO_MDBQSBR_NO_WAKE -DTOMO_JEMALLOC -DTOMO_SINGLE_DATABASE=1 -Dtomo=tomo_db0 -I. -c src/cmd/t_sort.cc -o build/mdbqsbr2-no-wake/db0/src/cmd/t_sort.o
g++ -std=c++20 -O2 -g -Wall -Wextra -march=native -pthread -DTOMO_MDBQSBR_LIVE_PARK -DTOMO_MDBQSBR_NO_WAKE -DTOMO_JEMALLOC -DTOMO_SINGLE_DATABASE=1 -Dtomo=tomo_db0 -I. -c src/cmd/multidb.cc -o build/mdbqsbr2-no-wake/db0/src/cmd/multidb.o
g++ -std=c++20 -O2 -g -Wall -Wextra -march=native -pthread -DTOMO_MDBQSBR_LIVE_PARK -DTOMO_MDBQSBR_NO_WAKE -DTOMO_JEMALLOC -DTOMO_SINGLE_DATABASE=1 -Dtomo=tomo_db0 -I. -c src/cmd/storesize.cc -o build/mdbqsbr2-no-wake/db0/src/cmd/storesize.o
g++ -std=c++20 -O2 -g -Wall -Wextra -march=native -pthread -DTOMO_MDBQSBR_LIVE_PARK -DTOMO_MDBQSBR_NO_WAKE -DTOMO_JEMALLOC -DTOMO_SINGLE_DATABASE=1 -Dtomo=tomo_db0 -I. -c src/cmd/multi_admin.cc -o build/mdbqsbr2-no-wake/db0/src/cmd/multi_admin.o
g++ -std=c++20 -O2 -g -Wall -Wextra -march=native -pthread -DTOMO_MDBQSBR_LIVE_PARK -DTOMO_MDBQSBR_NO_WAKE --param inline-unit-growth=0 --param large-unit-insns=147304 -DTOMO_JEMALLOC -DTOMO_SINGLE_DATABASE=1 -Dtomo=tomo_db0 -I. -c src/core/reorder.cc -o build/mdbqsbr2-no-wake/db0/src/core/reorder.o
g++ -std=c++20 -O2 -g -Wall -Wextra -march=native -pthread -DTOMO_MDBQSBR_LIVE_PARK -DTOMO_MDBQSBR_NO_WAKE -DTOMO_JEMALLOC -DTOMO_SINGLE_DATABASE=1 -Dtomo=tomo_db0 -I. -c src/cmd/geo_store.cc -o build/mdbqsbr2-no-wake/db0/src/cmd/geo_store.o
g++ -std=c++20 -O2 -g -Wall -Wextra -march=native -pthread -DTOMO_MDBQSBR_LIVE_PARK -DTOMO_MDBQSBR_NO_WAKE -DTOMO_JEMALLOC -DTOMO_SINGLE_DATABASE=1 -Dtomo=tomo_db0 -I. -c src/persist/aof_frame_debug.cc -o build/mdbqsbr2-no-wake/db0/src/persist/aof_frame_debug.o
g++ -std=c++20 -O2 -g -Wall -Wextra -march=native -pthread -DTOMO_MDBQSBR_LIVE_PARK -DTOMO_MDBQSBR_NO_WAKE -DTOMO_JEMALLOC -DTOMO_SINGLE_DATABASE=1 -Dtomo=tomo_db0 -I. -c src/cmd/aclkeys.cc -o build/mdbqsbr2-no-wake/db0/src/cmd/aclkeys.o
g++ -std=c++20 -O2 -g -Wall -Wextra -march=native -pthread -DTOMO_MDBQSBR_LIVE_PARK -DTOMO_MDBQSBR_NO_WAKE -DTOMO_JEMALLOC -DTOMO_SINGLE_DATABASE=1 -Dtomo=tomo_db0 -I. -c src/cmd/blocking_debug.cc -o build/mdbqsbr2-no-wake/db0/src/cmd/blocking_debug.o
g++ -std=c++20 -O2 -g -Wall -Wextra -march=native -pthread -DTOMO_MDBQSBR_LIVE_PARK -DTOMO_MDBQSBR_NO_WAKE -DTOMO_JEMALLOC -DTOMO_SINGLE_DATABASE=1 -Dtomo=tomo_db0 -I. -c src/core/version.cc -o build/mdbqsbr2-no-wake/db0/src/core/version.o
g++ -std=c++20 -O2 -g -Wall -Wextra -march=native -pthread -DTOMO_MDBQSBR_LIVE_PARK -DTOMO_MDBQSBR_NO_WAKE build/mdbqsbr2-no-wake/db0/src/main.o build/mdbqsbr2-no-wake/db0/src/net/tls.o build/mdbqsbr2-no-wake/db0/src/cmd/commands.o build/mdbqsbr2-no-wake/db0/src/cmd/glob.o build/mdbqsbr2-no-wake/db0/src/cmd/xshard.o build/mdbqsbr2-no-wake/db0/src/cmd/acl.o build/mdbqsbr2-no-wake/db0/src/cmd/hll.o build/mdbqsbr2-no-wake/db0/src/cmd/t_server.o build/mdbqsbr2-no-wake/db0/src/cmd/t_string.o build/mdbqsbr2-no-wake/db0/src/cmd/t_string_notify.o build/mdbqsbr2-no-wake/db0/src/cmd/t_hash.o build/mdbqsbr2-no-wake/db0/src/cmd/t_hash_ttl.o build/mdbqsbr2-no-wake/db0/src/cmd/t_list.o build/mdbqsbr2-no-wake/db0/src/cmd/t_set.o build/mdbqsbr2-no-wake/db0/src/cmd/t_zset.o build/mdbqsbr2-no-wake/db0/src/cmd/t_zset_ops.o build/mdbqsbr2-no-wake/db0/src/cmd/geo.o build/mdbqsbr2-no-wake/db0/src/cmd/t_stream.o build/mdbqsbr2-no-wake/db0/src/cmd/t_stream_groups.o build/mdbqsbr2-no-wake/db0/src/cmd/scripting.o build/mdbqsbr2-no-wake/db0/src/cmd/functions.o build/mdbqsbr2-no-wake/db0/src/cmd/serialize.o build/mdbqsbr2-no-wake/db0/src/snapshot/snapshot.o build/mdbqsbr2-no-wake/db0/src/persist/aof.o build/mdbqsbr2-no-wake/db0/src/cmd/climon.o build/mdbqsbr2-no-wake/db0/src/cmd/tracking.o build/mdbqsbr2-no-wake/db0/src/cmd/server_tail.o build/mdbqsbr2-no-wake/db0/src/cmd/slowlog.o build/mdbqsbr2-no-wake/db0/src/cmd/lcs.o build/mdbqsbr2-no-wake/db0/src/cmd/info_stats.o build/mdbqsbr2-no-wake/db0/src/cmd/lbsignals.o build/mdbqsbr2-no-wake/db0/src/core/flipctl.o build/mdbqsbr2-no-wake/db0/src/core/genthread.o build/mdbqsbr2-no-wake/db0/src/core/rl2s.o build/mdbqsbr2-no-wake/db0/src/core/lbstall.o build/mdbqsbr2-no-wake/db0/src/core/lbplanner.o build/mdbqsbr2-no-wake/db0/src/cmd/l4prebuild.o build/mdbqsbr2-no-wake/db0/src/cmd/cmdgap.o build/mdbqsbr2-no-wake/db0/src/cmd/pfdebug.o build/mdbqsbr2-no-wake/db0/src/cmd/cmdmeta.o build/mdbqsbr2-no-wake/db0/src/cmd/t_sort.o build/mdbqsbr2-no-wake/db0/src/cmd/multidb.o build/mdbqsbr2-no-wake/db0/src/cmd/storesize.o build/mdbqsbr2-no-wake/db0/src/cmd/multi_admin.o build/mdbqsbr2-no-wake/db0/src/core/reorder.o build/mdbqsbr2-no-wake/db0/src/cmd/geo_store.o build/mdbqsbr2-no-wake/db0/src/persist/aof_frame_debug.o build/mdbqsbr2-no-wake/db0/src/cmd/aclkeys.o build/mdbqsbr2-no-wake/db0/src/cmd/blocking_debug.o build/mdbqsbr2-no-wake/db0/src/core/version.o build/mdbqsbr2-no-wake/src/main.o build/mdbqsbr2-no-wake/src/net/tls.o build/mdbqsbr2-no-wake/src/cmd/commands.o build/mdbqsbr2-no-wake/src/cmd/glob.o build/mdbqsbr2-no-wake/src/cmd/xshard.o build/mdbqsbr2-no-wake/src/cmd/acl.o build/mdbqsbr2-no-wake/src/cmd/hll.o build/mdbqsbr2-no-wake/src/cmd/t_server.o build/mdbqsbr2-no-wake/src/cmd/t_string.o build/mdbqsbr2-no-wake/src/cmd/t_string_notify.o build/mdbqsbr2-no-wake/src/cmd/t_hash.o build/mdbqsbr2-no-wake/src/cmd/t_hash_ttl.o build/mdbqsbr2-no-wake/src/cmd/t_list.o build/mdbqsbr2-no-wake/src/cmd/t_set.o build/mdbqsbr2-no-wake/src/cmd/t_zset.o build/mdbqsbr2-no-wake/src/cmd/t_zset_ops.o build/mdbqsbr2-no-wake/src/cmd/geo.o build/mdbqsbr2-no-wake/src/cmd/t_stream.o build/mdbqsbr2-no-wake/src/cmd/t_stream_groups.o build/mdbqsbr2-no-wake/src/cmd/scripting.o build/mdbqsbr2-no-wake/src/cmd/functions.o build/mdbqsbr2-no-wake/src/cmd/serialize.o build/mdbqsbr2-no-wake/src/snapshot/snapshot.o build/mdbqsbr2-no-wake/src/persist/aof.o build/mdbqsbr2-no-wake/src/cmd/climon.o build/mdbqsbr2-no-wake/src/cmd/tracking.o build/mdbqsbr2-no-wake/src/cmd/server_tail.o build/mdbqsbr2-no-wake/src/cmd/slowlog.o build/mdbqsbr2-no-wake/src/cmd/lcs.o build/mdbqsbr2-no-wake/src/cmd/info_stats.o build/mdbqsbr2-no-wake/src/cmd/lbsignals.o build/mdbqsbr2-no-wake/src/core/flipctl.o build/mdbqsbr2-no-wake/src/core/genthread.o build/mdbqsbr2-no-wake/src/core/rl2s.o build/mdbqsbr2-no-wake/src/core/lbstall.o build/mdbqsbr2-no-wake/src/core/lbplanner.o build/mdbqsbr2-no-wake/src/cmd/l4prebuild.o build/mdbqsbr2-no-wake/src/cmd/cmdgap.o build/mdbqsbr2-no-wake/src/cmd/pfdebug.o build/mdbqsbr2-no-wake/src/cmd/cmdmeta.o build/mdbqsbr2-no-wake/src/cmd/t_sort.o build/mdbqsbr2-no-wake/src/cmd/multidb.o build/mdbqsbr2-no-wake/src/cmd/storesize.o build/mdbqsbr2-no-wake/src/cmd/multi_admin.o build/mdbqsbr2-no-wake/src/core/reorder.o build/mdbqsbr2-no-wake/src/cmd/geo_store.o build/mdbqsbr2-no-wake/src/persist/aof_frame_debug.o build/mdbqsbr2-no-wake/src/cmd/aclkeys.o build/mdbqsbr2-no-wake/src/cmd/blocking_debug.o build/mdbqsbr2-no-wake/src/core/version.o -o build/mdbqsbr2-no-wake/tomokv -Wl,--wrap=main -ljemalloc -luring -pthread -lssl -lcrypto -lm
make[1]: Leaving directory '/home/user/Projects/cx-aoffix2'
