g++ -std=c++20 -O2 -g -Wall -Wextra -march=native -pthread -DTOMO_JEMALLOC -Wno-mismatched-new-delete -I. -c tests/at15_unit.cc -o build/tests/at15_unit.o
g++ -std=c++20 -O2 -g -Wall -Wextra -march=native -pthread -DTOMO_JEMALLOC -Wno-mismatched-new-delete -DTOMO_SINGLE_DATABASE=1 -Dtomo=tomo_db0 -I. -c tests/at15_unit.cc -o build/db0/tests/at15_unit.o
g++ -std=c++20 -O2 -g -Wall -Wextra -march=native -pthread -DTOMO_JEMALLOC -Wno-mismatched-new-delete -I. -c tests/execabort_watch_unit.cc -o build/tests/execabort_watch_unit.o
g++ -std=c++20 -O2 -g -Wall -Wextra -march=native -pthread -DTOMO_JEMALLOC -Wno-mismatched-new-delete -DTOMO_SINGLE_DATABASE=1 -Dtomo=tomo_db0 -I. -c tests/execabort_watch_unit.cc -o build/db0/tests/execabort_watch_unit.o
g++ -std=c++20 -O1 -g -Wall -Wextra -march=native -pthread -fno-omit-frame-pointer -no-pie -DTOMO_MDBQSBR_TEST -DTOMO_CORE_CONCURRENCY_TEST -I. -fsanitize=address,undefined -c tests/core_concurrency_unit.cc -o build/mdbqsbr-asan/tests/core_concurrency_unit.o
g++ -std=c++20 -O1 -g -Wall -Wextra -march=native -pthread -fno-omit-frame-pointer -no-pie -DTOMO_MDBQSBR_TEST -DTOMO_CORE_CONCURRENCY_TEST -I. -fsanitize=address,undefined -c src/net/tls.cc -o build/mdbqsbr-asan/src/net/tls.o
g++ -std=c++20 -O1 -g -Wall -Wextra -march=native -pthread -fno-omit-frame-pointer -no-pie -DTOMO_MDBQSBR_TEST -DTOMO_CORE_CONCURRENCY_TEST -I. -fsanitize=address,undefined -c src/cmd/commands.cc -o build/mdbqsbr-asan/src/cmd/commands.o
g++ -std=c++20 -O1 -g -Wall -Wextra -march=native -pthread -fno-omit-frame-pointer -no-pie -DTOMO_MDBQSBR_TEST -DTOMO_CORE_CONCURRENCY_TEST -I. -fsanitize=address,undefined -c src/cmd/glob.cc -o build/mdbqsbr-asan/src/cmd/glob.o
g++ -std=c++20 -O1 -g -Wall -Wextra -march=native -pthread -fno-omit-frame-pointer -no-pie -DTOMO_MDBQSBR_TEST -DTOMO_CORE_CONCURRENCY_TEST -I. -fsanitize=address,undefined -c src/cmd/xshard.cc -o build/mdbqsbr-asan/src/cmd/xshard.o
g++ -std=c++20 -O1 -g -Wall -Wextra -march=native -pthread -fno-omit-frame-pointer -no-pie -DTOMO_MDBQSBR_TEST -DTOMO_CORE_CONCURRENCY_TEST -I. -fsanitize=address,undefined -c src/cmd/acl.cc -o build/mdbqsbr-asan/src/cmd/acl.o
g++ -std=c++20 -O1 -g -Wall -Wextra -march=native -pthread -fno-omit-frame-pointer -no-pie -DTOMO_MDBQSBR_TEST -DTOMO_CORE_CONCURRENCY_TEST -I. -fsanitize=address,undefined -c src/cmd/hll.cc -o build/mdbqsbr-asan/src/cmd/hll.o
g++ -std=c++20 -O1 -g -Wall -Wextra -march=native -pthread -fno-omit-frame-pointer -no-pie -DTOMO_MDBQSBR_TEST -DTOMO_CORE_CONCURRENCY_TEST -I. -fsanitize=address,undefined -c src/cmd/t_string.cc -o build/mdbqsbr-asan/src/cmd/t_string.o
g++ -std=c++20 -O1 -g -Wall -Wextra -march=native -pthread -fno-omit-frame-pointer -no-pie -DTOMO_MDBQSBR_TEST -DTOMO_CORE_CONCURRENCY_TEST -I. -fsanitize=address,undefined -c src/cmd/t_string_notify.cc -o build/mdbqsbr-asan/src/cmd/t_string_notify.o
g++ -std=c++20 -O1 -g -Wall -Wextra -march=native -pthread -fno-omit-frame-pointer -no-pie -DTOMO_MDBQSBR_TEST -DTOMO_CORE_CONCURRENCY_TEST -I. -fsanitize=address,undefined -c src/cmd/t_server.cc -o build/mdbqsbr-asan/src/cmd/t_server.o
g++ -std=c++20 -O1 -g -Wall -Wextra -march=native -pthread -fno-omit-frame-pointer -no-pie -DTOMO_MDBQSBR_TEST -DTOMO_CORE_CONCURRENCY_TEST -I. -fsanitize=address,undefined -c src/cmd/t_hash.cc -o build/mdbqsbr-asan/src/cmd/t_hash.o
g++ -std=c++20 -O1 -g -Wall -Wextra -march=native -pthread -fno-omit-frame-pointer -no-pie -DTOMO_MDBQSBR_TEST -DTOMO_CORE_CONCURRENCY_TEST -I. -fsanitize=address,undefined -c src/cmd/t_hash_ttl.cc -o build/mdbqsbr-asan/src/cmd/t_hash_ttl.o
g++ -std=c++20 -O1 -g -Wall -Wextra -march=native -pthread -fno-omit-frame-pointer -no-pie -DTOMO_MDBQSBR_TEST -DTOMO_CORE_CONCURRENCY_TEST -I. -fsanitize=address,undefined -c src/cmd/t_list.cc -o build/mdbqsbr-asan/src/cmd/t_list.o
g++ -std=c++20 -O1 -g -Wall -Wextra -march=native -pthread -fno-omit-frame-pointer -no-pie -DTOMO_MDBQSBR_TEST -DTOMO_CORE_CONCURRENCY_TEST -I. -fsanitize=address,undefined -c src/cmd/t_set.cc -o build/mdbqsbr-asan/src/cmd/t_set.o
g++ -std=c++20 -O1 -g -Wall -Wextra -march=native -pthread -fno-omit-frame-pointer -no-pie -DTOMO_MDBQSBR_TEST -DTOMO_CORE_CONCURRENCY_TEST -I. -fsanitize=address,undefined -c src/cmd/t_zset.cc -o build/mdbqsbr-asan/src/cmd/t_zset.o
g++ -std=c++20 -O1 -g -Wall -Wextra -march=native -pthread -fno-omit-frame-pointer -no-pie -DTOMO_MDBQSBR_TEST -DTOMO_CORE_CONCURRENCY_TEST -I. -fsanitize=address,undefined -c src/cmd/t_zset_ops.cc -o build/mdbqsbr-asan/src/cmd/t_zset_ops.o
g++ -std=c++20 -O1 -g -Wall -Wextra -march=native -pthread -fno-omit-frame-pointer -no-pie -DTOMO_MDBQSBR_TEST -DTOMO_CORE_CONCURRENCY_TEST -I. -fsanitize=address,undefined -c src/cmd/geo.cc -o build/mdbqsbr-asan/src/cmd/geo.o
g++ -std=c++20 -O1 -g -Wall -Wextra -march=native -pthread -fno-omit-frame-pointer -no-pie -DTOMO_MDBQSBR_TEST -DTOMO_CORE_CONCURRENCY_TEST -I. -fsanitize=address,undefined -c src/cmd/t_stream.cc -o build/mdbqsbr-asan/src/cmd/t_stream.o
g++ -std=c++20 -O1 -g -Wall -Wextra -march=native -pthread -fno-omit-frame-pointer -no-pie -DTOMO_MDBQSBR_TEST -DTOMO_CORE_CONCURRENCY_TEST -I. -fsanitize=address,undefined -c src/cmd/t_stream_groups.cc -o build/mdbqsbr-asan/src/cmd/t_stream_groups.o
g++ -std=c++20 -O1 -g -Wall -Wextra -march=native -pthread -fno-omit-frame-pointer -no-pie -DTOMO_MDBQSBR_TEST -DTOMO_CORE_CONCURRENCY_TEST -I. -fsanitize=address,undefined -c src/cmd/scripting.cc -o build/mdbqsbr-asan/src/cmd/scripting.o
g++ -std=c++20 -O1 -g -Wall -Wextra -march=native -pthread -fno-omit-frame-pointer -no-pie -DTOMO_MDBQSBR_TEST -DTOMO_CORE_CONCURRENCY_TEST -I. -fsanitize=address,undefined -c src/cmd/functions.cc -o build/mdbqsbr-asan/src/cmd/functions.o
g++ -std=c++20 -O1 -g -Wall -Wextra -march=native -pthread -fno-omit-frame-pointer -no-pie -DTOMO_MDBQSBR_TEST -DTOMO_CORE_CONCURRENCY_TEST -I. -fsanitize=address,undefined -c src/cmd/serialize.cc -o build/mdbqsbr-asan/src/cmd/serialize.o
g++ -std=c++20 -O1 -g -Wall -Wextra -march=native -pthread -fno-omit-frame-pointer -no-pie -DTOMO_MDBQSBR_TEST -DTOMO_CORE_CONCURRENCY_TEST -I. -fsanitize=address,undefined -c src/snapshot/snapshot.cc -o build/mdbqsbr-asan/src/snapshot/snapshot.o
g++ -std=c++20 -O1 -g -Wall -Wextra -march=native -pthread -fno-omit-frame-pointer -no-pie -DTOMO_MDBQSBR_TEST -DTOMO_CORE_CONCURRENCY_TEST -I. -fsanitize=address,undefined -c src/persist/aof.cc -o build/mdbqsbr-asan/src/persist/aof.o
g++ -std=c++20 -O1 -g -Wall -Wextra -march=native -pthread -fno-omit-frame-pointer -no-pie -DTOMO_MDBQSBR_TEST -DTOMO_CORE_CONCURRENCY_TEST -I. -fsanitize=address,undefined -c src/cmd/climon.cc -o build/mdbqsbr-asan/src/cmd/climon.o
g++ -std=c++20 -O1 -g -Wall -Wextra -march=native -pthread -fno-omit-frame-pointer -no-pie -DTOMO_MDBQSBR_TEST -DTOMO_CORE_CONCURRENCY_TEST -I. -fsanitize=address,undefined -c src/cmd/tracking.cc -o build/mdbqsbr-asan/src/cmd/tracking.o
g++ -std=c++20 -O1 -g -Wall -Wextra -march=native -pthread -fno-omit-frame-pointer -no-pie -DTOMO_MDBQSBR_TEST -DTOMO_CORE_CONCURRENCY_TEST -I. -fsanitize=address,undefined -c src/cmd/server_tail.cc -o build/mdbqsbr-asan/src/cmd/server_tail.o
g++ -std=c++20 -O1 -g -Wall -Wextra -march=native -pthread -fno-omit-frame-pointer -no-pie -DTOMO_MDBQSBR_TEST -DTOMO_CORE_CONCURRENCY_TEST -I. -fsanitize=address,undefined -c src/cmd/slowlog.cc -o build/mdbqsbr-asan/src/cmd/slowlog.o
g++ -std=c++20 -O1 -g -Wall -Wextra -march=native -pthread -fno-omit-frame-pointer -no-pie -DTOMO_MDBQSBR_TEST -DTOMO_CORE_CONCURRENCY_TEST -I. -fsanitize=address,undefined -c src/cmd/lcs.cc -o build/mdbqsbr-asan/src/cmd/lcs.o
g++ -std=c++20 -O1 -g -Wall -Wextra -march=native -pthread -fno-omit-frame-pointer -no-pie -DTOMO_MDBQSBR_TEST -DTOMO_CORE_CONCURRENCY_TEST -I. -fsanitize=address,undefined -c src/cmd/info_stats.cc -o build/mdbqsbr-asan/src/cmd/info_stats.o
g++ -std=c++20 -O1 -g -Wall -Wextra -march=native -pthread -fno-omit-frame-pointer -no-pie -DTOMO_MDBQSBR_TEST -DTOMO_CORE_CONCURRENCY_TEST -I. -fsanitize=address,undefined -c src/cmd/lbsignals.cc -o build/mdbqsbr-asan/src/cmd/lbsignals.o
g++ -std=c++20 -O1 -g -Wall -Wextra -march=native -pthread -fno-omit-frame-pointer -no-pie -DTOMO_MDBQSBR_TEST -DTOMO_CORE_CONCURRENCY_TEST -I. -fsanitize=address,undefined -c src/core/flipctl.cc -o build/mdbqsbr-asan/src/core/flipctl.o
g++ -std=c++20 -O1 -g -Wall -Wextra -march=native -pthread -fno-omit-frame-pointer -no-pie -DTOMO_MDBQSBR_TEST -DTOMO_CORE_CONCURRENCY_TEST -I. -fsanitize=address,undefined -c src/core/genthread.cc -o build/mdbqsbr-asan/src/core/genthread.o
g++ -std=c++20 -O1 -g -Wall -Wextra -march=native -pthread -fno-omit-frame-pointer -no-pie -DTOMO_MDBQSBR_TEST -DTOMO_CORE_CONCURRENCY_TEST -I. -fsanitize=address,undefined -c src/core/rl2s.cc -o build/mdbqsbr-asan/src/core/rl2s.o
g++ -std=c++20 -O1 -g -Wall -Wextra -march=native -pthread -fno-omit-frame-pointer -no-pie -DTOMO_MDBQSBR_TEST -DTOMO_CORE_CONCURRENCY_TEST -I. -fsanitize=address,undefined -c src/core/lbstall.cc -o build/mdbqsbr-asan/src/core/lbstall.o
g++ -std=c++20 -O1 -g -Wall -Wextra -march=native -pthread -fno-omit-frame-pointer -no-pie -DTOMO_MDBQSBR_TEST -DTOMO_CORE_CONCURRENCY_TEST -I. -fsanitize=address,undefined -c src/core/lbplanner.cc -o build/mdbqsbr-asan/src/core/lbplanner.o
g++ -std=c++20 -O1 -g -Wall -Wextra -march=native -pthread -fno-omit-frame-pointer -no-pie -DTOMO_MDBQSBR_TEST -DTOMO_CORE_CONCURRENCY_TEST -I. -fsanitize=address,undefined -c src/cmd/l4prebuild.cc -o build/mdbqsbr-asan/src/cmd/l4prebuild.o
g++ -std=c++20 -O1 -g -Wall -Wextra -march=native -pthread -fno-omit-frame-pointer -no-pie -DTOMO_MDBQSBR_TEST -DTOMO_CORE_CONCURRENCY_TEST -I. -fsanitize=address,undefined -c src/cmd/cmdgap.cc -o build/mdbqsbr-asan/src/cmd/cmdgap.o
g++ -std=c++20 -O1 -g -Wall -Wextra -march=native -pthread -fno-omit-frame-pointer -no-pie -DTOMO_MDBQSBR_TEST -DTOMO_CORE_CONCURRENCY_TEST -I. -fsanitize=address,undefined -c src/cmd/pfdebug.cc -o build/mdbqsbr-asan/src/cmd/pfdebug.o
g++ -std=c++20 -O1 -g -Wall -Wextra -march=native -pthread -fno-omit-frame-pointer -no-pie -DTOMO_MDBQSBR_TEST -DTOMO_CORE_CONCURRENCY_TEST -I. -fsanitize=address,undefined -c src/cmd/cmdmeta.cc -o build/mdbqsbr-asan/src/cmd/cmdmeta.o
g++ -std=c++20 -O1 -g -Wall -Wextra -march=native -pthread -fno-omit-frame-pointer -no-pie -DTOMO_MDBQSBR_TEST -DTOMO_CORE_CONCURRENCY_TEST -I. -fsanitize=address,undefined -c src/cmd/t_sort.cc -o build/mdbqsbr-asan/src/cmd/t_sort.o
g++ -std=c++20 -O1 -g -Wall -Wextra -march=native -pthread -fno-omit-frame-pointer -no-pie -DTOMO_MDBQSBR_TEST -DTOMO_CORE_CONCURRENCY_TEST -I. -fsanitize=address,undefined -c src/cmd/multidb.cc -o build/mdbqsbr-asan/src/cmd/multidb.o
g++ -std=c++20 -O1 -g -Wall -Wextra -march=native -pthread -fno-omit-frame-pointer -no-pie -DTOMO_MDBQSBR_TEST -DTOMO_CORE_CONCURRENCY_TEST -I. -fsanitize=address,undefined -c src/cmd/storesize.cc -o build/mdbqsbr-asan/src/cmd/storesize.o
g++ -std=c++20 -O1 -g -Wall -Wextra -march=native -pthread -fno-omit-frame-pointer -no-pie -DTOMO_MDBQSBR_TEST -DTOMO_CORE_CONCURRENCY_TEST -I. -fsanitize=address,undefined -c src/cmd/multi_admin.cc -o build/mdbqsbr-asan/src/cmd/multi_admin.o
g++ -std=c++20 -O1 -g -Wall -Wextra -march=native -pthread -fno-omit-frame-pointer -no-pie -DTOMO_MDBQSBR_TEST -DTOMO_CORE_CONCURRENCY_TEST -I. -fsanitize=address,undefined -c src/core/reorder.cc -o build/mdbqsbr-asan/src/core/reorder.o
g++ -std=c++20 -O1 -g -Wall -Wextra -march=native -pthread -fno-omit-frame-pointer -no-pie -DTOMO_MDBQSBR_TEST -DTOMO_CORE_CONCURRENCY_TEST -I. -fsanitize=address,undefined -c src/cmd/geo_store.cc -o build/mdbqsbr-asan/src/cmd/geo_store.o
g++ -std=c++20 -O1 -g -Wall -Wextra -march=native -pthread -fno-omit-frame-pointer -no-pie -DTOMO_MDBQSBR_TEST -DTOMO_CORE_CONCURRENCY_TEST -I. -fsanitize=address,undefined -c src/persist/aof_frame_debug.cc -o build/mdbqsbr-asan/src/persist/aof_frame_debug.o
g++ -std=c++20 -O1 -g -Wall -Wextra -march=native -pthread -fno-omit-frame-pointer -no-pie -DTOMO_MDBQSBR_TEST -DTOMO_CORE_CONCURRENCY_TEST -I. -fsanitize=address,undefined -c src/cmd/aclkeys.cc -o build/mdbqsbr-asan/src/cmd/aclkeys.o
g++ -std=c++20 -O1 -g -Wall -Wextra -march=native -pthread -fno-omit-frame-pointer -no-pie -DTOMO_MDBQSBR_TEST -DTOMO_CORE_CONCURRENCY_TEST -I. -fsanitize=address,undefined -c src/cmd/blocking_debug.cc -o build/mdbqsbr-asan/src/cmd/blocking_debug.o
g++ -std=c++20 -O2 -g -Wall -Wextra -march=native -pthread -DTOMO_JEMALLOC -I. tests/atomic_survivors_unit.cc \
  build/src/net/tls.o build/src/cmd/commands.o build/src/cmd/glob.o build/src/cmd/acl.o build/src/cmd/hll.o build/src/cmd/t_server.o build/src/cmd/t_string.o build/src/cmd/t_string_notify.o build/src/cmd/t_hash.o build/src/cmd/t_hash_ttl.o build/src/cmd/t_list.o build/src/cmd/t_set.o build/src/cmd/t_zset.o build/src/cmd/t_zset_ops.o build/src/cmd/geo.o build/src/cmd/t_stream.o build/src/cmd/t_stream_groups.o build/src/cmd/scripting.o build/src/cmd/functions.o build/src/cmd/serialize.o build/src/snapshot/snapshot.o build/src/persist/aof.o build/src/cmd/climon.o build/src/cmd/tracking.o build/src/cmd/server_tail.o build/src/cmd/slowlog.o build/src/cmd/lcs.o build/src/cmd/info_stats.o build/src/cmd/lbsignals.o build/src/core/flipctl.o build/src/core/genthread.o build/src/core/rl2s.o build/src/core/lbstall.o build/src/core/lbplanner.o build/src/cmd/l4prebuild.o build/src/cmd/cmdgap.o build/src/cmd/pfdebug.o build/src/cmd/cmdmeta.o build/src/cmd/t_sort.o build/src/cmd/multidb.o build/src/cmd/storesize.o build/src/cmd/multi_admin.o build/src/core/reorder.o build/src/cmd/geo_store.o build/src/persist/aof_frame_debug.o build/src/cmd/aclkeys.o build/src/cmd/blocking_debug.o -o build/atomic-survivors-unit -ljemalloc -luring -pthread -lssl -lcrypto -lm
g++ -std=c++20 -O2 -g -Wall -Wextra -march=native -pthread -DTOMO_JEMALLOC -Wno-mismatched-new-delete -I. -c tests/netcmd_unit.cc -o build/tests/netcmd_unit.o
g++ -std=c++20 -O2 -g -Wall -Wextra -march=native -pthread -DTOMO_JEMALLOC -Wno-mismatched-new-delete -I. -c tests/netcmd_stream_unit.cc -o build/tests/netcmd_stream_unit.o
g++ -std=c++20 -O2 -g -Wall -Wextra -march=native -pthread -DTOMO_JEMALLOC -Wno-mismatched-new-delete -I. -c tests/netcmd_zset_unit.cc -o build/tests/netcmd_zset_unit.o
g++ -std=c++20 -O2 -g -Wall -Wextra -march=native -pthread -DTOMO_JEMALLOC -Wno-mismatched-new-delete -I. -c tests/netcmd_config_unit.cc -o build/tests/netcmd_config_unit.o
g++ -std=c++20 -O2 -g -Wall -Wextra -march=native -pthread -DTOMO_JEMALLOC -Wno-mismatched-new-delete -I. -c tests/encodingfix_unit.cc -o build/tests/encodingfix_unit.o
g++ -std=c++20 -O2 -g -Wall -Wextra -march=native -pthread -DTOMO_JEMALLOC -Wno-mismatched-new-delete -I. -c tests/netcap_unit.cc -o build/tests/netcap_unit.o
g++ -std=c++20 -O2 -g -Wall -Wextra -march=native -pthread -I. tests/waits_unit.cc -o build/waits-unit
g++ -std=c++20 -O2 -g -Wall -Wextra -march=native -pthread -DTOMO_JEMALLOC -I. tests/rehash_waits_unit.cc build/src/net/tls.o build/src/cmd/commands.o build/src/cmd/glob.o build/src/cmd/xshard.o build/src/cmd/acl.o build/src/cmd/hll.o build/src/cmd/t_server.o build/src/cmd/t_string.o build/src/cmd/t_string_notify.o build/src/cmd/t_hash.o build/src/cmd/t_hash_ttl.o build/src/cmd/t_list.o build/src/cmd/t_set.o build/src/cmd/t_zset.o build/src/cmd/t_zset_ops.o build/src/cmd/geo.o build/src/cmd/t_stream.o build/src/cmd/t_stream_groups.o build/src/cmd/scripting.o build/src/cmd/functions.o build/src/cmd/serialize.o build/src/snapshot/snapshot.o build/src/persist/aof.o build/src/cmd/climon.o build/src/cmd/tracking.o build/src/cmd/server_tail.o build/src/cmd/slowlog.o build/src/cmd/lcs.o build/src/cmd/info_stats.o build/src/cmd/lbsignals.o build/src/core/flipctl.o build/src/core/genthread.o build/src/core/rl2s.o build/src/core/lbstall.o build/src/core/lbplanner.o build/src/cmd/l4prebuild.o build/src/cmd/cmdgap.o build/src/cmd/pfdebug.o build/src/cmd/cmdmeta.o build/src/cmd/t_sort.o build/src/cmd/multidb.o build/src/cmd/storesize.o build/src/cmd/multi_admin.o build/src/core/reorder.o build/src/cmd/geo_store.o build/src/persist/aof_frame_debug.o build/src/cmd/aclkeys.o build/src/cmd/blocking_debug.o -o build/rehash-waits-unit -ljemalloc -luring -pthread -lssl -lcrypto -lm
g++ -std=c++20 -O2 -g -Wall -Wextra -march=native -pthread -DTOMO_JEMALLOC -Wno-mismatched-new-delete -I. -c tests/multidb_unit.cc -o build/tests/multidb_unit.o
g++ -std=c++20 -O2 -g -Wall -Wextra -march=native -pthread -DTOMO_JEMALLOC -Wno-mismatched-new-delete -I. -c tests/mdbstamp_checks.cc -o build/tests/mdbstamp_checks.o
g++ -std=c++20 -O2 -g -Wall -Wextra -march=native -pthread -DTOMO_JEMALLOC -Wno-mismatched-new-delete -DTOMO_SINGLE_DATABASE=1 -Dtomo=tomo_db0 -I. -c tests/multidb_db0_unit.cc -o build/db0/tests/multidb_db0_unit.o
g++ -std=c++20 -O1 -g -Wall -Wextra -march=native -pthread -fno-omit-frame-pointer -no-pie -DTOMO_MDBQSBR_TEST -DTOMO_CORE_CONCURRENCY_TEST -I. -fsanitize=address,undefined -c tests/mdbqsbr_unit.cc -o build/mdbqsbr-asan/tests/mdbqsbr_unit.o
g++ -std=c++20 -O2 -g -Wall -Wextra -march=native -pthread -DTOMO_JEMALLOC -I. tests/multidb_boundary_unit.cc build/src/net/tls.o build/src/cmd/commands.o build/src/cmd/glob.o build/src/cmd/xshard.o build/src/cmd/acl.o build/src/cmd/hll.o build/src/cmd/t_server.o build/src/cmd/t_string.o build/src/cmd/t_string_notify.o build/src/cmd/t_hash.o build/src/cmd/t_hash_ttl.o build/src/cmd/t_list.o build/src/cmd/t_set.o build/src/cmd/t_zset.o build/src/cmd/t_zset_ops.o build/src/cmd/geo.o build/src/cmd/t_stream.o build/src/cmd/t_stream_groups.o build/src/cmd/scripting.o build/src/cmd/functions.o build/src/cmd/serialize.o build/src/snapshot/snapshot.o build/src/persist/aof.o build/src/cmd/climon.o build/src/cmd/tracking.o build/src/cmd/server_tail.o build/src/cmd/slowlog.o build/src/cmd/lcs.o build/src/cmd/info_stats.o build/src/cmd/lbsignals.o build/src/core/flipctl.o build/src/core/genthread.o build/src/core/rl2s.o build/src/core/lbstall.o build/src/core/lbplanner.o build/src/cmd/l4prebuild.o build/src/cmd/cmdgap.o build/src/cmd/pfdebug.o build/src/cmd/cmdmeta.o build/src/cmd/t_sort.o build/src/cmd/multidb.o build/src/cmd/storesize.o build/src/cmd/multi_admin.o build/src/core/reorder.o build/src/cmd/geo_store.o build/src/persist/aof_frame_debug.o build/src/cmd/aclkeys.o build/src/cmd/blocking_debug.o -o build/multidb-boundary-unit -ljemalloc -luring -pthread -lssl -lcrypto -lm
g++ -std=c++20 -O2 -g -Wall -Wextra -march=native -pthread -DTOMO_JEMALLOC -Wno-mismatched-new-delete -I. -c tests/storesize_unit.cc -o build/tests/storesize_unit.o
g++ -std=c++20 -O2 -g -Wall -Wextra -march=native -pthread -DTOMO_JEMALLOC -Wno-mismatched-new-delete -DTOMO_SINGLE_DATABASE=1 -Dtomo=tomo_db0 -I. -c tests/storesize_unit.cc -o build/db0/tests/storesize_unit.o
python3 tests/storesize_checks.py src/cmd/multidb.cc build/storesize/multidb.cc
g++ -std=c++20 -O2 -g -Wall -Wextra -march=native -pthread -DTOMO_JEMALLOC -I. tests/wb_rule_unit.cc -o build/wb-rule-unit -ljemalloc
g++ -std=c++20 -O2 -g -Wall -Wextra -march=native -pthread -DTOMO_JEMALLOC -DTOMO_SINGLE_DATABASE=1 -Dtomo=tomo_db0 -I. tests/wb_rule_unit.cc -o build/wb-rule-db0-unit -ljemalloc
g++ -std=c++20 -O2 -g -Wall -Wextra -march=native -pthread -DTOMO_JEMALLOC -Wno-mismatched-new-delete -I. -c tests/wb_rule_phase_unit.cc -o build/tests/wb_rule_phase_unit.o
g++ -std=c++20 -O2 -g -Wall -Wextra -march=native -pthread -DTOMO_JEMALLOC -Wno-mismatched-new-delete -DTOMO_SINGLE_DATABASE=1 -Dtomo=tomo_db0 -I. -c tests/wb_rule_phase_unit.cc -o build/db0/tests/wb_rule_phase_unit.o
python3 tests/wb_rule_checks.py emit scatter-exit build/wb-rule-controls/scatter-exit/source
g++ -std=c++20 -O2 -g -Wall -Wextra -march=native -pthread -DTOMO_JEMALLOC -Ibuild/wb-rule-controls/scatter-exit/source -I. tests/wb_rule_unit.cc -o build/wb-rule-controls/scatter-exit/unit -ljemalloc
python3 tests/wb_rule_checks.py emit fastpath build/wb-rule-controls/fastpath/source
g++ -std=c++20 -O2 -g -Wall -Wextra -march=native -pthread -DTOMO_JEMALLOC -Ibuild/wb-rule-controls/fastpath/source -I. tests/wb_rule_unit.cc -o build/wb-rule-controls/fastpath/unit -ljemalloc
python3 tests/wb_rule_checks.py emit staged-clause build/wb-rule-controls/staged-clause/source
g++ -std=c++20 -O2 -g -Wall -Wextra -march=native -pthread -DTOMO_JEMALLOC -Ibuild/wb-rule-controls/staged-clause/source -I. tests/wb_rule_unit.cc -o build/wb-rule-controls/staged-clause/unit -ljemalloc
python3 tests/wb_rule_checks.py emit staged-source build/wb-rule-controls/staged-source/source
g++ -std=c++20 -O2 -g -Wall -Wextra -march=native -pthread -DTOMO_JEMALLOC -Ibuild/wb-rule-controls/staged-source/source -I. tests/wb_rule_unit.cc -o build/wb-rule-controls/staged-source/unit -ljemalloc
python3 tests/wb_rule_checks.py emit submitted build/wb-rule-controls/submitted/source
g++ -std=c++20 -O2 -g -Wall -Wextra -march=native -pthread -DTOMO_JEMALLOC -Ibuild/wb-rule-controls/submitted/source -I. tests/wb_rule_unit.cc -o build/wb-rule-controls/submitted/unit -ljemalloc
In function ‘void operator delete(void*, const std::nothrow_t&)’,
    inlined from ‘bool tomo::notify_record_keyless_slow(Shard&, uint32_t, uint32_t, NotifyEventId, Slice)’ at ./src/cmd/notify.inc:392:39:
tests/atomic_survivors_unit.cc:38:74: warning: ‘void free(void*)’ called on pointer returned from a mismatched allocation function [-Wmismatched-new-delete]
   38 | void operator delete(void* p, const std::nothrow_t&) noexcept { std::free(p); }
      |                                                                 ~~~~~~~~~^~~
In file included from ./src/cmd/xshard.cc:61,
                 from tests/atomic_survivors_unit.cc:6:
./src/cmd/notify.inc: In function ‘bool tomo::notify_record_keyless_slow(Shard&, uint32_t, uint32_t, NotifyEventId, Slice)’:
./src/cmd/notify.inc:392:39: note: returned from ‘void* operator new(std::size_t, const std::nothrow_t&)’
  392 |         slot.reset(new (std::nothrow) NotifyShardState);
      |                                       ^~~~~~~~~~~~~~~~
python3 tests/wb_rule_checks.py emit done-bytes build/wb-rule-controls/done-bytes/source
g++ -std=c++20 -O2 -g -Wall -Wextra -march=native -pthread -DTOMO_JEMALLOC -Ibuild/wb-rule-controls/done-bytes/source -I. tests/wb_rule_unit.cc -o build/wb-rule-controls/done-bytes/unit -ljemalloc
python3 tests/wb_rule_checks.py emit spill build/wb-rule-controls/spill/source
g++ -std=c++20 -O2 -g -Wall -Wextra -march=native -pthread -DTOMO_JEMALLOC -Ibuild/wb-rule-controls/spill/source -I. tests/wb_rule_unit.cc -o build/wb-rule-controls/spill/unit -ljemalloc
python3 tests/wb_rule_checks.py emit direct build/wb-rule-controls/direct/source
g++ -std=c++20 -O2 -g -Wall -Wextra -march=native -pthread -DTOMO_JEMALLOC -Ibuild/wb-rule-controls/direct/source -I. tests/wb_rule_unit.cc -o build/wb-rule-controls/direct/unit -ljemalloc
python3 tests/wb_rule_checks.py emit borrow build/wb-rule-controls/borrow/source
g++ -std=c++20 -O2 -g -Wall -Wextra -march=native -pthread -DTOMO_JEMALLOC -Ibuild/wb-rule-controls/borrow/source -I. tests/wb_rule_unit.cc -o build/wb-rule-controls/borrow/unit -ljemalloc
In function ‘void operator delete(void*, const std::nothrow_t&)’,
    inlined from ‘tomo::NotifyBatch* tomo::{anonymous}::notify_get_or_create_batch(tomo::Op&)’ at ./src/cmd/notify.inc:250:44,
    inlined from ‘bool tomo::notify_record_slow(Shard&, Op&, uint32_t, uint32_t, NotifyEventId, Slice)’ at ./src/cmd/notify.inc:334:52:
tests/atomic_survivors_unit.cc:38:74: warning: ‘void free(void*)’ called on pointer returned from a mismatched allocation function [-Wmismatched-new-delete]
   38 | void operator delete(void* p, const std::nothrow_t&) noexcept { std::free(p); }
      |                                                                 ~~~~~~~~~^~~
In function ‘tomo::NotifyBatch* tomo::{anonymous}::notify_get_or_create_batch(tomo::Op&)’,
    inlined from ‘bool tomo::notify_record_slow(Shard&, Op&, uint32_t, uint32_t, NotifyEventId, Slice)’ at ./src/cmd/notify.inc:334:52:
./src/cmd/notify.inc:250:44: note: returned from ‘void* operator new(std::size_t, const std::nothrow_t&)’
  250 |         auto* created = new (std::nothrow) NotifyBatch;
      |                                            ^~~~~~~~~~~
In function ‘void operator delete(void*, const std::nothrow_t&)’,
    inlined from ‘tomo::NotifyBatch* tomo::{anonymous}::notify_get_or_create_batch(tomo::Op&)’ at ./src/cmd/notify.inc:261:38,
    inlined from ‘bool tomo::notify_record_slow(Shard&, Op&, uint32_t, uint32_t, NotifyEventId, Slice)’ at ./src/cmd/notify.inc:334:52:
tests/atomic_survivors_unit.cc:38:74: warning: ‘void free(void*)’ called on pointer returned from a mismatched allocation function [-Wmismatched-new-delete]
   38 | void operator delete(void* p, const std::nothrow_t&) noexcept { std::free(p); }
      |                                                                 ~~~~~~~~~^~~
In function ‘tomo::NotifyBatch* tomo::{anonymous}::notify_get_or_create_batch(tomo::Op&)’,
    inlined from ‘bool tomo::notify_record_slow(Shard&, Op&, uint32_t, uint32_t, NotifyEventId, Slice)’ at ./src/cmd/notify.inc:334:52:
./src/cmd/notify.inc:261:38: note: returned from ‘void* operator new(std::size_t, const std::nothrow_t&)’
  261 |     auto* batch = new (std::nothrow) NotifyBatch;
      |                                      ^~~~~~~~~~~
python3 tests/wb_rule_checks.py emit crlf build/wb-rule-controls/crlf/source
g++ -std=c++20 -O2 -g -Wall -Wextra -march=native -pthread -DTOMO_JEMALLOC -Ibuild/wb-rule-controls/crlf/source -I. tests/wb_rule_unit.cc -o build/wb-rule-controls/crlf/unit -ljemalloc
python3 tests/wb_rule_checks.py emit no-sum build/wb-rule-controls/no-sum/source
g++ -std=c++20 -O2 -g -Wall -Wextra -march=native -pthread -DTOMO_JEMALLOC -Ibuild/wb-rule-controls/no-sum/source -I. tests/wb_rule_unit.cc -o build/wb-rule-controls/no-sum/unit -ljemalloc
python3 tests/wb_rule_checks.py emit floor build/wb-rule-controls/floor/source
g++ -std=c++20 -O2 -g -Wall -Wextra -march=native -pthread -DTOMO_JEMALLOC -Ibuild/wb-rule-controls/floor/source -I. tests/wb_rule_unit.cc -o build/wb-rule-controls/floor/unit -ljemalloc
python3 tests/wb_rule_checks.py emit whole build/wb-rule-controls/whole/source
g++ -std=c++20 -O2 -g -Wall -Wextra -march=native -pthread -DTOMO_JEMALLOC -Ibuild/wb-rule-controls/whole/source -I. tests/wb_rule_unit.cc -o build/wb-rule-controls/whole/unit -ljemalloc
python3 tests/wb_rule_checks.py emit hole build/wb-rule-controls/hole/source
g++ -std=c++20 -O2 -g -Wall -Wextra -march=native -pthread -DTOMO_JEMALLOC -Ibuild/wb-rule-controls/hole/source -I. tests/wb_rule_unit.cc -o build/wb-rule-controls/hole/unit -ljemalloc
python3 tests/wb_rule_checks.py emit marker build/wb-rule-controls/marker/source
g++ -std=c++20 -O2 -g -Wall -Wextra -march=native -pthread -DTOMO_JEMALLOC -Ibuild/wb-rule-controls/marker/source -I. tests/wb_rule_unit.cc -o build/wb-rule-controls/marker/unit -ljemalloc
python3 tests/wb_rule_checks.py emit code build/wb-rule-controls/code/source
g++ -std=c++20 -O2 -g -Wall -Wextra -march=native -pthread -DTOMO_JEMALLOC -Ibuild/wb-rule-controls/code/source -I. tests/wb_rule_unit.cc -o build/wb-rule-controls/code/unit -ljemalloc
python3 tests/wb_rule_checks.py emit relaxed build/wb-rule-controls/relaxed/source
g++ -std=c++20 -O2 -g -Wall -Wextra -march=native -pthread -DTOMO_JEMALLOC -Ibuild/wb-rule-controls/relaxed/source -I. tests/wb_rule_unit.cc -o build/wb-rule-controls/relaxed/unit -ljemalloc
python3 tests/wb_rule_checks.py emit pre-read build/wb-rule-controls/pre-read/source
g++ -std=c++20 -O2 -g -Wall -Wextra -march=native -pthread -DTOMO_JEMALLOC -Ibuild/wb-rule-controls/pre-read/source -I. tests/wb_rule_unit.cc -o build/wb-rule-controls/pre-read/unit -ljemalloc
python3 tests/wb_rule_checks.py emit walk-tail build/wb-rule-controls/walk-tail/source
g++ -std=c++20 -O2 -g -Wall -Wextra -march=native -pthread -DTOMO_JEMALLOC -Ibuild/wb-rule-controls/walk-tail/source -I. tests/wb_rule_unit.cc -o build/wb-rule-controls/walk-tail/unit -ljemalloc
python3 tests/wb_rule_checks.py emit budget build/wb-rule-controls/budget/source
g++ -std=c++20 -O2 -g -Wall -Wextra -march=native -pthread -O0 -g0 -DTOMO_JEMALLOC -Ibuild/wb-rule-controls/budget/source -I. tests/wb_rule_phase_unit.cc build/src/net/tls.o build/src/cmd/commands.o build/src/cmd/glob.o build/src/cmd/xshard.o build/src/cmd/acl.o build/src/cmd/hll.o build/src/cmd/t_server.o build/src/cmd/t_string.o build/src/cmd/t_string_notify.o build/src/cmd/t_hash.o build/src/cmd/t_hash_ttl.o build/src/cmd/t_list.o build/src/cmd/t_set.o build/src/cmd/t_zset.o build/src/cmd/t_zset_ops.o build/src/cmd/geo.o build/src/cmd/t_stream.o build/src/cmd/t_stream_groups.o build/src/cmd/scripting.o build/src/cmd/functions.o build/src/cmd/serialize.o build/src/snapshot/snapshot.o build/src/persist/aof.o build/src/cmd/climon.o build/src/cmd/tracking.o build/src/cmd/server_tail.o build/src/cmd/slowlog.o build/src/cmd/lcs.o build/src/cmd/info_stats.o build/src/cmd/lbsignals.o build/src/core/flipctl.o build/src/core/genthread.o build/src/core/rl2s.o build/src/core/lbstall.o build/src/core/lbplanner.o build/src/cmd/l4prebuild.o build/src/cmd/cmdgap.o build/src/cmd/pfdebug.o build/src/cmd/cmdmeta.o build/src/cmd/t_sort.o build/src/cmd/multidb.o build/src/cmd/storesize.o build/src/cmd/multi_admin.o build/src/core/reorder.o build/src/cmd/geo_store.o build/src/persist/aof_frame_debug.o build/src/cmd/aclkeys.o build/src/cmd/blocking_debug.o -o build/wb-rule-controls/budget/unit -ljemalloc -luring -pthread -lssl -lcrypto -lm -Wl,--wrap=io_uring_submit -Wl,--wrap=io_uring_submit_and_get_events
python3 tests/wb_rule_checks.py emit rotation build/wb-rule-controls/rotation/source
g++ -std=c++20 -O2 -g -Wall -Wextra -march=native -pthread -O0 -g0 -DTOMO_JEMALLOC -Ibuild/wb-rule-controls/rotation/source -I. tests/wb_rule_phase_unit.cc build/src/net/tls.o build/src/cmd/commands.o build/src/cmd/glob.o build/src/cmd/xshard.o build/src/cmd/acl.o build/src/cmd/hll.o build/src/cmd/t_server.o build/src/cmd/t_string.o build/src/cmd/t_string_notify.o build/src/cmd/t_hash.o build/src/cmd/t_hash_ttl.o build/src/cmd/t_list.o build/src/cmd/t_set.o build/src/cmd/t_zset.o build/src/cmd/t_zset_ops.o build/src/cmd/geo.o build/src/cmd/t_stream.o build/src/cmd/t_stream_groups.o build/src/cmd/scripting.o build/src/cmd/functions.o build/src/cmd/serialize.o build/src/snapshot/snapshot.o build/src/persist/aof.o build/src/cmd/climon.o build/src/cmd/tracking.o build/src/cmd/server_tail.o build/src/cmd/slowlog.o build/src/cmd/lcs.o build/src/cmd/info_stats.o build/src/cmd/lbsignals.o build/src/core/flipctl.o build/src/core/genthread.o build/src/core/rl2s.o build/src/core/lbstall.o build/src/core/lbplanner.o build/src/cmd/l4prebuild.o build/src/cmd/cmdgap.o build/src/cmd/pfdebug.o build/src/cmd/cmdmeta.o build/src/cmd/t_sort.o build/src/cmd/multidb.o build/src/cmd/storesize.o build/src/cmd/multi_admin.o build/src/core/reorder.o build/src/cmd/geo_store.o build/src/persist/aof_frame_debug.o build/src/cmd/aclkeys.o build/src/cmd/blocking_debug.o -o build/wb-rule-controls/rotation/unit -ljemalloc -luring -pthread -lssl -lcrypto -lm -Wl,--wrap=io_uring_submit -Wl,--wrap=io_uring_submit_and_get_events
python3 tests/wb_rule_checks.py emit head build/wb-rule-controls/head/source
g++ -std=c++20 -O2 -g -Wall -Wextra -march=native -pthread -O0 -g0 -DTOMO_JEMALLOC -Ibuild/wb-rule-controls/head/source -I. tests/wb_rule_phase_unit.cc build/src/net/tls.o build/src/cmd/commands.o build/src/cmd/glob.o build/src/cmd/xshard.o build/src/cmd/acl.o build/src/cmd/hll.o build/src/cmd/t_server.o build/src/cmd/t_string.o build/src/cmd/t_string_notify.o build/src/cmd/t_hash.o build/src/cmd/t_hash_ttl.o build/src/cmd/t_list.o build/src/cmd/t_set.o build/src/cmd/t_zset.o build/src/cmd/t_zset_ops.o build/src/cmd/geo.o build/src/cmd/t_stream.o build/src/cmd/t_stream_groups.o build/src/cmd/scripting.o build/src/cmd/functions.o build/src/cmd/serialize.o build/src/snapshot/snapshot.o build/src/persist/aof.o build/src/cmd/climon.o build/src/cmd/tracking.o build/src/cmd/server_tail.o build/src/cmd/slowlog.o build/src/cmd/lcs.o build/src/cmd/info_stats.o build/src/cmd/lbsignals.o build/src/core/flipctl.o build/src/core/genthread.o build/src/core/rl2s.o build/src/core/lbstall.o build/src/core/lbplanner.o build/src/cmd/l4prebuild.o build/src/cmd/cmdgap.o build/src/cmd/pfdebug.o build/src/cmd/cmdmeta.o build/src/cmd/t_sort.o build/src/cmd/multidb.o build/src/cmd/storesize.o build/src/cmd/multi_admin.o build/src/core/reorder.o build/src/cmd/geo_store.o build/src/persist/aof_frame_debug.o build/src/cmd/aclkeys.o build/src/cmd/blocking_debug.o -o build/wb-rule-controls/head/unit -ljemalloc -luring -pthread -lssl -lcrypto -lm -Wl,--wrap=io_uring_submit -Wl,--wrap=io_uring_submit_and_get_events
python3 tests/wb_rule_checks.py emit pin build/wb-rule-controls/pin/source
g++ -std=c++20 -O2 -g -Wall -Wextra -march=native -pthread -O0 -g0 -DTOMO_JEMALLOC -Ibuild/wb-rule-controls/pin/source -I. tests/wb_rule_phase_unit.cc build/src/net/tls.o build/src/cmd/commands.o build/src/cmd/glob.o build/src/cmd/xshard.o build/src/cmd/acl.o build/src/cmd/hll.o build/src/cmd/t_server.o build/src/cmd/t_string.o build/src/cmd/t_string_notify.o build/src/cmd/t_hash.o build/src/cmd/t_hash_ttl.o build/src/cmd/t_list.o build/src/cmd/t_set.o build/src/cmd/t_zset.o build/src/cmd/t_zset_ops.o build/src/cmd/geo.o build/src/cmd/t_stream.o build/src/cmd/t_stream_groups.o build/src/cmd/scripting.o build/src/cmd/functions.o build/src/cmd/serialize.o build/src/snapshot/snapshot.o build/src/persist/aof.o build/src/cmd/climon.o build/src/cmd/tracking.o build/src/cmd/server_tail.o build/src/cmd/slowlog.o build/src/cmd/lcs.o build/src/cmd/info_stats.o build/src/cmd/lbsignals.o build/src/core/flipctl.o build/src/core/genthread.o build/src/core/rl2s.o build/src/core/lbstall.o build/src/core/lbplanner.o build/src/cmd/l4prebuild.o build/src/cmd/cmdgap.o build/src/cmd/pfdebug.o build/src/cmd/cmdmeta.o build/src/cmd/t_sort.o build/src/cmd/multidb.o build/src/cmd/storesize.o build/src/cmd/multi_admin.o build/src/core/reorder.o build/src/cmd/geo_store.o build/src/persist/aof_frame_debug.o build/src/cmd/aclkeys.o build/src/cmd/blocking_debug.o -o build/wb-rule-controls/pin/unit -ljemalloc -luring -pthread -lssl -lcrypto -lm -Wl,--wrap=io_uring_submit -Wl,--wrap=io_uring_submit_and_get_events
python3 tests/wb_rule_checks.py emit capture build/wb-rule-controls/capture/source
g++ -std=c++20 -O2 -g -Wall -Wextra -march=native -pthread -O0 -g0 -DTOMO_JEMALLOC -Ibuild/wb-rule-controls/capture/source -I. tests/wb_rule_phase_unit.cc build/src/net/tls.o build/src/cmd/commands.o build/src/cmd/glob.o build/src/cmd/xshard.o build/src/cmd/acl.o build/src/cmd/hll.o build/src/cmd/t_server.o build/src/cmd/t_string.o build/src/cmd/t_string_notify.o build/src/cmd/t_hash.o build/src/cmd/t_hash_ttl.o build/src/cmd/t_list.o build/src/cmd/t_set.o build/src/cmd/t_zset.o build/src/cmd/t_zset_ops.o build/src/cmd/geo.o build/src/cmd/t_stream.o build/src/cmd/t_stream_groups.o build/src/cmd/scripting.o build/src/cmd/functions.o build/src/cmd/serialize.o build/src/snapshot/snapshot.o build/src/persist/aof.o build/src/cmd/climon.o build/src/cmd/tracking.o build/src/cmd/server_tail.o build/src/cmd/slowlog.o build/src/cmd/lcs.o build/src/cmd/info_stats.o build/src/cmd/lbsignals.o build/src/core/flipctl.o build/src/core/genthread.o build/src/core/rl2s.o build/src/core/lbstall.o build/src/core/lbplanner.o build/src/cmd/l4prebuild.o build/src/cmd/cmdgap.o build/src/cmd/pfdebug.o build/src/cmd/cmdmeta.o build/src/cmd/t_sort.o build/src/cmd/multidb.o build/src/cmd/storesize.o build/src/cmd/multi_admin.o build/src/core/reorder.o build/src/cmd/geo_store.o build/src/persist/aof_frame_debug.o build/src/cmd/aclkeys.o build/src/cmd/blocking_debug.o -o build/wb-rule-controls/capture/unit -ljemalloc -luring -pthread -lssl -lcrypto -lm -Wl,--wrap=io_uring_submit -Wl,--wrap=io_uring_submit_and_get_events
python3 tests/wb_rule_checks.py emit visit build/wb-rule-controls/visit/source
g++ -std=c++20 -O2 -g -Wall -Wextra -march=native -pthread -O0 -g0 -DTOMO_JEMALLOC -Ibuild/wb-rule-controls/visit/source -I. tests/wb_rule_phase_unit.cc build/src/net/tls.o build/src/cmd/commands.o build/src/cmd/glob.o build/src/cmd/xshard.o build/src/cmd/acl.o build/src/cmd/hll.o build/src/cmd/t_server.o build/src/cmd/t_string.o build/src/cmd/t_string_notify.o build/src/cmd/t_hash.o build/src/cmd/t_hash_ttl.o build/src/cmd/t_list.o build/src/cmd/t_set.o build/src/cmd/t_zset.o build/src/cmd/t_zset_ops.o build/src/cmd/geo.o build/src/cmd/t_stream.o build/src/cmd/t_stream_groups.o build/src/cmd/scripting.o build/src/cmd/functions.o build/src/cmd/serialize.o build/src/snapshot/snapshot.o build/src/persist/aof.o build/src/cmd/climon.o build/src/cmd/tracking.o build/src/cmd/server_tail.o build/src/cmd/slowlog.o build/src/cmd/lcs.o build/src/cmd/info_stats.o build/src/cmd/lbsignals.o build/src/core/flipctl.o build/src/core/genthread.o build/src/core/rl2s.o build/src/core/lbstall.o build/src/core/lbplanner.o build/src/cmd/l4prebuild.o build/src/cmd/cmdgap.o build/src/cmd/pfdebug.o build/src/cmd/cmdmeta.o build/src/cmd/t_sort.o build/src/cmd/multidb.o build/src/cmd/storesize.o build/src/cmd/multi_admin.o build/src/core/reorder.o build/src/cmd/geo_store.o build/src/persist/aof_frame_debug.o build/src/cmd/aclkeys.o build/src/cmd/blocking_debug.o -o build/wb-rule-controls/visit/unit -ljemalloc -luring -pthread -lssl -lcrypto -lm -Wl,--wrap=io_uring_submit -Wl,--wrap=io_uring_submit_and_get_events
python3 tests/wb_rule_checks.py emit dead build/wb-rule-controls/dead/source
g++ -std=c++20 -O2 -g -Wall -Wextra -march=native -pthread -O0 -g0 -DTOMO_JEMALLOC -Ibuild/wb-rule-controls/dead/source -I. tests/wb_rule_phase_unit.cc build/src/net/tls.o build/src/cmd/commands.o build/src/cmd/glob.o build/src/cmd/xshard.o build/src/cmd/acl.o build/src/cmd/hll.o build/src/cmd/t_server.o build/src/cmd/t_string.o build/src/cmd/t_string_notify.o build/src/cmd/t_hash.o build/src/cmd/t_hash_ttl.o build/src/cmd/t_list.o build/src/cmd/t_set.o build/src/cmd/t_zset.o build/src/cmd/t_zset_ops.o build/src/cmd/geo.o build/src/cmd/t_stream.o build/src/cmd/t_stream_groups.o build/src/cmd/scripting.o build/src/cmd/functions.o build/src/cmd/serialize.o build/src/snapshot/snapshot.o build/src/persist/aof.o build/src/cmd/climon.o build/src/cmd/tracking.o build/src/cmd/server_tail.o build/src/cmd/slowlog.o build/src/cmd/lcs.o build/src/cmd/info_stats.o build/src/cmd/lbsignals.o build/src/core/flipctl.o build/src/core/genthread.o build/src/core/rl2s.o build/src/core/lbstall.o build/src/core/lbplanner.o build/src/cmd/l4prebuild.o build/src/cmd/cmdgap.o build/src/cmd/pfdebug.o build/src/cmd/cmdmeta.o build/src/cmd/t_sort.o build/src/cmd/multidb.o build/src/cmd/storesize.o build/src/cmd/multi_admin.o build/src/core/reorder.o build/src/cmd/geo_store.o build/src/persist/aof_frame_debug.o build/src/cmd/aclkeys.o build/src/cmd/blocking_debug.o -o build/wb-rule-controls/dead/unit -ljemalloc -luring -pthread -lssl -lcrypto -lm -Wl,--wrap=io_uring_submit -Wl,--wrap=io_uring_submit_and_get_events
python3 tests/wb_rule_checks.py emit work build/wb-rule-controls/work/source
g++ -std=c++20 -O2 -g -Wall -Wextra -march=native -pthread -O0 -g0 -DTOMO_JEMALLOC -Ibuild/wb-rule-controls/work/source -I. tests/wb_rule_phase_unit.cc build/src/net/tls.o build/src/cmd/commands.o build/src/cmd/glob.o build/src/cmd/xshard.o build/src/cmd/acl.o build/src/cmd/hll.o build/src/cmd/t_server.o build/src/cmd/t_string.o build/src/cmd/t_string_notify.o build/src/cmd/t_hash.o build/src/cmd/t_hash_ttl.o build/src/cmd/t_list.o build/src/cmd/t_set.o build/src/cmd/t_zset.o build/src/cmd/t_zset_ops.o build/src/cmd/geo.o build/src/cmd/t_stream.o build/src/cmd/t_stream_groups.o build/src/cmd/scripting.o build/src/cmd/functions.o build/src/cmd/serialize.o build/src/snapshot/snapshot.o build/src/persist/aof.o build/src/cmd/climon.o build/src/cmd/tracking.o build/src/cmd/server_tail.o build/src/cmd/slowlog.o build/src/cmd/lcs.o build/src/cmd/info_stats.o build/src/cmd/lbsignals.o build/src/core/flipctl.o build/src/core/genthread.o build/src/core/rl2s.o build/src/core/lbstall.o build/src/core/lbplanner.o build/src/cmd/l4prebuild.o build/src/cmd/cmdgap.o build/src/cmd/pfdebug.o build/src/cmd/cmdmeta.o build/src/cmd/t_sort.o build/src/cmd/multidb.o build/src/cmd/storesize.o build/src/cmd/multi_admin.o build/src/core/reorder.o build/src/cmd/geo_store.o build/src/persist/aof_frame_debug.o build/src/cmd/aclkeys.o build/src/cmd/blocking_debug.o -o build/wb-rule-controls/work/unit -ljemalloc -luring -pthread -lssl -lcrypto -lm -Wl,--wrap=io_uring_submit -Wl,--wrap=io_uring_submit_and_get_events
python3 tests/wb_rule_checks.py emit split-policy build/wb-rule-controls/split-policy/source
g++ -std=c++20 -O2 -g -Wall -Wextra -march=native -pthread -O0 -g0 -DTOMO_JEMALLOC -Ibuild/wb-rule-controls/split-policy/source -I. tests/wb_rule_phase_unit.cc build/src/net/tls.o build/src/cmd/commands.o build/src/cmd/glob.o build/src/cmd/xshard.o build/src/cmd/acl.o build/src/cmd/hll.o build/src/cmd/t_server.o build/src/cmd/t_string.o build/src/cmd/t_string_notify.o build/src/cmd/t_hash.o build/src/cmd/t_hash_ttl.o build/src/cmd/t_list.o build/src/cmd/t_set.o build/src/cmd/t_zset.o build/src/cmd/t_zset_ops.o build/src/cmd/geo.o build/src/cmd/t_stream.o build/src/cmd/t_stream_groups.o build/src/cmd/scripting.o build/src/cmd/functions.o build/src/cmd/serialize.o build/src/snapshot/snapshot.o build/src/persist/aof.o build/src/cmd/climon.o build/src/cmd/tracking.o build/src/cmd/server_tail.o build/src/cmd/slowlog.o build/src/cmd/lcs.o build/src/cmd/info_stats.o build/src/cmd/lbsignals.o build/src/core/flipctl.o build/src/core/genthread.o build/src/core/rl2s.o build/src/core/lbstall.o build/src/core/lbplanner.o build/src/cmd/l4prebuild.o build/src/cmd/cmdgap.o build/src/cmd/pfdebug.o build/src/cmd/cmdmeta.o build/src/cmd/t_sort.o build/src/cmd/multidb.o build/src/cmd/storesize.o build/src/cmd/multi_admin.o build/src/core/reorder.o build/src/cmd/geo_store.o build/src/persist/aof_frame_debug.o build/src/cmd/aclkeys.o build/src/cmd/blocking_debug.o -o build/wb-rule-controls/split-policy/unit -ljemalloc -luring -pthread -lssl -lcrypto -lm -Wl,--wrap=io_uring_submit -Wl,--wrap=io_uring_submit_and_get_events
python3 tests/wb_rule_checks.py emit split-local build/wb-rule-controls/split-local/source
g++ -std=c++20 -O2 -g -Wall -Wextra -march=native -pthread -O0 -g0 -DTOMO_JEMALLOC -Ibuild/wb-rule-controls/split-local/source -I. tests/wb_rule_phase_unit.cc build/src/net/tls.o build/src/cmd/commands.o build/src/cmd/glob.o build/src/cmd/xshard.o build/src/cmd/acl.o build/src/cmd/hll.o build/src/cmd/t_server.o build/src/cmd/t_string.o build/src/cmd/t_string_notify.o build/src/cmd/t_hash.o build/src/cmd/t_hash_ttl.o build/src/cmd/t_list.o build/src/cmd/t_set.o build/src/cmd/t_zset.o build/src/cmd/t_zset_ops.o build/src/cmd/geo.o build/src/cmd/t_stream.o build/src/cmd/t_stream_groups.o build/src/cmd/scripting.o build/src/cmd/functions.o build/src/cmd/serialize.o build/src/snapshot/snapshot.o build/src/persist/aof.o build/src/cmd/climon.o build/src/cmd/tracking.o build/src/cmd/server_tail.o build/src/cmd/slowlog.o build/src/cmd/lcs.o build/src/cmd/info_stats.o build/src/cmd/lbsignals.o build/src/core/flipctl.o build/src/core/genthread.o build/src/core/rl2s.o build/src/core/lbstall.o build/src/core/lbplanner.o build/src/cmd/l4prebuild.o build/src/cmd/cmdgap.o build/src/cmd/pfdebug.o build/src/cmd/cmdmeta.o build/src/cmd/t_sort.o build/src/cmd/multidb.o build/src/cmd/storesize.o build/src/cmd/multi_admin.o build/src/core/reorder.o build/src/cmd/geo_store.o build/src/persist/aof_frame_debug.o build/src/cmd/aclkeys.o build/src/cmd/blocking_debug.o -o build/wb-rule-controls/split-local/unit -ljemalloc -luring -pthread -lssl -lcrypto -lm -Wl,--wrap=io_uring_submit -Wl,--wrap=io_uring_submit_and_get_events
python3 tests/wb_rule_checks.py emit split-budget build/wb-rule-controls/split-budget/source
g++ -std=c++20 -O2 -g -Wall -Wextra -march=native -pthread -O0 -g0 -DTOMO_JEMALLOC -Ibuild/wb-rule-controls/split-budget/source -I. tests/wb_rule_phase_unit.cc build/src/net/tls.o build/src/cmd/commands.o build/src/cmd/glob.o build/src/cmd/xshard.o build/src/cmd/acl.o build/src/cmd/hll.o build/src/cmd/t_server.o build/src/cmd/t_string.o build/src/cmd/t_string_notify.o build/src/cmd/t_hash.o build/src/cmd/t_hash_ttl.o build/src/cmd/t_list.o build/src/cmd/t_set.o build/src/cmd/t_zset.o build/src/cmd/t_zset_ops.o build/src/cmd/geo.o build/src/cmd/t_stream.o build/src/cmd/t_stream_groups.o build/src/cmd/scripting.o build/src/cmd/functions.o build/src/cmd/serialize.o build/src/snapshot/snapshot.o build/src/persist/aof.o build/src/cmd/climon.o build/src/cmd/tracking.o build/src/cmd/server_tail.o build/src/cmd/slowlog.o build/src/cmd/lcs.o build/src/cmd/info_stats.o build/src/cmd/lbsignals.o build/src/core/flipctl.o build/src/core/genthread.o build/src/core/rl2s.o build/src/core/lbstall.o build/src/core/lbplanner.o build/src/cmd/l4prebuild.o build/src/cmd/cmdgap.o build/src/cmd/pfdebug.o build/src/cmd/cmdmeta.o build/src/cmd/t_sort.o build/src/cmd/multidb.o build/src/cmd/storesize.o build/src/cmd/multi_admin.o build/src/core/reorder.o build/src/cmd/geo_store.o build/src/persist/aof_frame_debug.o build/src/cmd/aclkeys.o build/src/cmd/blocking_debug.o -o build/wb-rule-controls/split-budget/unit -ljemalloc -luring -pthread -lssl -lcrypto -lm -Wl,--wrap=io_uring_submit -Wl,--wrap=io_uring_submit_and_get_events
python3 tests/wb_rule_checks.py emit split-ex build/wb-rule-controls/split-ex/source
g++ -std=c++20 -O2 -g -Wall -Wextra -march=native -pthread -O0 -g0 -DTOMO_JEMALLOC -Ibuild/wb-rule-controls/split-ex/source -I. tests/wb_rule_phase_unit.cc build/src/net/tls.o build/src/cmd/commands.o build/src/cmd/glob.o build/src/cmd/xshard.o build/src/cmd/acl.o build/src/cmd/hll.o build/src/cmd/t_server.o build/src/cmd/t_string.o build/src/cmd/t_string_notify.o build/src/cmd/t_hash.o build/src/cmd/t_hash_ttl.o build/src/cmd/t_list.o build/src/cmd/t_set.o build/src/cmd/t_zset.o build/src/cmd/t_zset_ops.o build/src/cmd/geo.o build/src/cmd/t_stream.o build/src/cmd/t_stream_groups.o build/src/cmd/scripting.o build/src/cmd/functions.o build/src/cmd/serialize.o build/src/snapshot/snapshot.o build/src/persist/aof.o build/src/cmd/climon.o build/src/cmd/tracking.o build/src/cmd/server_tail.o build/src/cmd/slowlog.o build/src/cmd/lcs.o build/src/cmd/info_stats.o build/src/cmd/lbsignals.o build/src/core/flipctl.o build/src/core/genthread.o build/src/core/rl2s.o build/src/core/lbstall.o build/src/core/lbplanner.o build/src/cmd/l4prebuild.o build/src/cmd/cmdgap.o build/src/cmd/pfdebug.o build/src/cmd/cmdmeta.o build/src/cmd/t_sort.o build/src/cmd/multidb.o build/src/cmd/storesize.o build/src/cmd/multi_admin.o build/src/core/reorder.o build/src/cmd/geo_store.o build/src/persist/aof_frame_debug.o build/src/cmd/aclkeys.o build/src/cmd/blocking_debug.o -o build/wb-rule-controls/split-ex/unit -ljemalloc -luring -pthread -lssl -lcrypto -lm -Wl,--wrap=io_uring_submit -Wl,--wrap=io_uring_submit_and_get_events
python3 tests/wb_rule_checks.py emit parse build/wb-rule-controls/parse/source
g++ -std=c++20 -O2 -g -Wall -Wextra -march=native -pthread -O0 -g0 -DTOMO_JEMALLOC -Ibuild/wb-rule-controls/parse/source -I. tests/wb_rule_phase_unit.cc build/src/net/tls.o build/src/cmd/commands.o build/src/cmd/glob.o build/src/cmd/xshard.o build/src/cmd/acl.o build/src/cmd/hll.o build/src/cmd/t_server.o build/src/cmd/t_string.o build/src/cmd/t_string_notify.o build/src/cmd/t_hash.o build/src/cmd/t_hash_ttl.o build/src/cmd/t_list.o build/src/cmd/t_set.o build/src/cmd/t_zset.o build/src/cmd/t_zset_ops.o build/src/cmd/geo.o build/src/cmd/t_stream.o build/src/cmd/t_stream_groups.o build/src/cmd/scripting.o build/src/cmd/functions.o build/src/cmd/serialize.o build/src/snapshot/snapshot.o build/src/persist/aof.o build/src/cmd/climon.o build/src/cmd/tracking.o build/src/cmd/server_tail.o build/src/cmd/slowlog.o build/src/cmd/lcs.o build/src/cmd/info_stats.o build/src/cmd/lbsignals.o build/src/core/flipctl.o build/src/core/genthread.o build/src/core/rl2s.o build/src/core/lbstall.o build/src/core/lbplanner.o build/src/cmd/l4prebuild.o build/src/cmd/cmdgap.o build/src/cmd/pfdebug.o build/src/cmd/cmdmeta.o build/src/cmd/t_sort.o build/src/cmd/multidb.o build/src/cmd/storesize.o build/src/cmd/multi_admin.o build/src/core/reorder.o build/src/cmd/geo_store.o build/src/persist/aof_frame_debug.o build/src/cmd/aclkeys.o build/src/cmd/blocking_debug.o -o build/wb-rule-controls/parse/unit -ljemalloc -luring -pthread -lssl -lcrypto -lm -Wl,--wrap=io_uring_submit -Wl,--wrap=io_uring_submit_and_get_events
python3 tests/wb_rule_checks.py emit split-aof build/wb-rule-controls/split-aof/source
g++ -std=c++20 -O2 -g -Wall -Wextra -march=native -pthread -O0 -g0 -DTOMO_JEMALLOC -Ibuild/wb-rule-controls/split-aof/source -I. tests/wb_rule_phase_unit.cc build/src/net/tls.o build/src/cmd/commands.o build/src/cmd/glob.o build/src/cmd/xshard.o build/src/cmd/acl.o build/src/cmd/hll.o build/src/cmd/t_server.o build/src/cmd/t_string.o build/src/cmd/t_string_notify.o build/src/cmd/t_hash.o build/src/cmd/t_hash_ttl.o build/src/cmd/t_list.o build/src/cmd/t_set.o build/src/cmd/t_zset.o build/src/cmd/t_zset_ops.o build/src/cmd/geo.o build/src/cmd/t_stream.o build/src/cmd/t_stream_groups.o build/src/cmd/scripting.o build/src/cmd/functions.o build/src/cmd/serialize.o build/src/snapshot/snapshot.o build/src/persist/aof.o build/src/cmd/climon.o build/src/cmd/tracking.o build/src/cmd/server_tail.o build/src/cmd/slowlog.o build/src/cmd/lcs.o build/src/cmd/info_stats.o build/src/cmd/lbsignals.o build/src/core/flipctl.o build/src/core/genthread.o build/src/core/rl2s.o build/src/core/lbstall.o build/src/core/lbplanner.o build/src/cmd/l4prebuild.o build/src/cmd/cmdgap.o build/src/cmd/pfdebug.o build/src/cmd/cmdmeta.o build/src/cmd/t_sort.o build/src/cmd/multidb.o build/src/cmd/storesize.o build/src/cmd/multi_admin.o build/src/core/reorder.o build/src/cmd/geo_store.o build/src/persist/aof_frame_debug.o build/src/cmd/aclkeys.o build/src/cmd/blocking_debug.o -o build/wb-rule-controls/split-aof/unit -ljemalloc -luring -pthread -lssl -lcrypto -lm -Wl,--wrap=io_uring_submit -Wl,--wrap=io_uring_submit_and_get_events
g++ -std=c++20 -O2 -g -Wall -Wextra -march=native -pthread -DTOMO_JEMALLOC -I. tests/wb_rule_completion_unit.cc -o build/wb-rule-completion-unit -ljemalloc
g++ -std=c++20 -O2 -g -Wall -Wextra -march=native -pthread -DTOMO_JEMALLOC -DTOMO_SINGLE_DATABASE=1 -Dtomo=tomo_db0 -I. tests/wb_rule_completion_unit.cc -o build/wb-rule-db0-completion-unit -ljemalloc
python3 tests/wb_rule_checks.py emit small-early build/wb-rule-completion-controls/small-early/source
python3 tests/wb_rule_checks.py emit small-late build/wb-rule-completion-controls/small-late/source
python3 tests/wb_rule_checks.py emit visits-early build/wb-rule-completion-controls/visits-early/source
python3 tests/wb_rule_checks.py emit visits-late build/wb-rule-completion-controls/visits-late/source
python3 tests/wb_rule_checks.py emit serve-reset build/wb-rule-completion-controls/serve-reset/source
python3 tests/wb_rule_checks.py emit knob-small-ignored build/wb-rule-completion-controls/knob-small-ignored/source
python3 tests/wb_rule_checks.py emit knob-unbounded-ignored build/wb-rule-completion-controls/knob-unbounded-ignored/source
python3 tests/wb_rule_checks.py emit knob-unbounded-wrap build/wb-rule-completion-controls/knob-unbounded-wrap/source
g++ -std=c++20 -O2 -g -Wall -Wextra -march=native -pthread -DTOMO_JEMALLOC -I. tests/wbland_unit.cc -o build/wbland-unit -ljemalloc
g++ -std=c++20 -O2 -g -Wall -Wextra -march=native -pthread -DTOMO_JEMALLOC -DTOMO_SINGLE_DATABASE=1 -Dtomo=tomo_db0 -I. tests/wbland_unit.cc -o build/wbland-db0-unit -ljemalloc
g++ -std=c++20 -O2 -g -Wall -Wextra -march=native -pthread -DTOMO_JEMALLOC -I. tests/wbland_clause_unit.cc -o build/wbland-clause-unit -ljemalloc
g++ -std=c++20 -O2 -g -Wall -Wextra -march=native -pthread -DTOMO_JEMALLOC -DTOMO_SINGLE_DATABASE=1 -Dtomo=tomo_db0 -I. tests/wbland_clause_unit.cc -o build/wbland-db0-clause-unit -ljemalloc
python3 tests/wbland_checks.py emit flushall build/wbland-controls/flushall/source
g++ -std=c++20 -O2 -g -Wall -Wextra -march=native -pthread -DTOMO_JEMALLOC -Ibuild/wbland-controls/flushall/source -I. tests/wbland_unit.cc -o build/wbland-controls/flushall/unit -ljemalloc
python3 tests/wbland_checks.py emit half build/wbland-controls/half/source
g++ -std=c++20 -O2 -g -Wall -Wextra -march=native -pthread -DTOMO_JEMALLOC -Ibuild/wbland-controls/half/source -I. tests/wbland_unit.cc -o build/wbland-controls/half/unit -ljemalloc
python3 tests/wbland_checks.py emit empty build/wbland-controls/empty/source
g++ -std=c++20 -O2 -g -Wall -Wextra -march=native -pthread -DTOMO_JEMALLOC -Ibuild/wbland-controls/empty/source -I. tests/wbland_unit.cc -o build/wbland-controls/empty/unit -ljemalloc
python3 tests/wbland_checks.py emit byte-limit build/wbland-controls/byte-limit/source
g++ -std=c++20 -O2 -g -Wall -Wextra -march=native -pthread -DTOMO_JEMALLOC -Ibuild/wbland-controls/byte-limit/source -I. tests/wbland_unit.cc -o build/wbland-controls/byte-limit/unit -ljemalloc
In file included from build/wbland-controls/empty/source/src/core/config.h:34,
                 from tests/wbland_unit.cc:5:
build/wbland-controls/empty/source/src/core/wb_rule.h: In function ‘bool tomo::wb_rule::defer(Connection&, const Settings&)’:
build/wbland-controls/empty/source/src/core/wb_rule.h:88:5: warning: this ‘if’ clause does not guard... [-Wmisleading-indentation]
   88 |     if (n == 0) return true; if (n == 1) return false; // staged-only, pubsub, and p1 use ordinary serve
      |     ^~
build/wbland-controls/empty/source/src/core/wb_rule.h:88:30: note: ...this statement, but the latter is misleadingly indented as if it were guarded by the ‘if’
   88 |     if (n == 0) return true; if (n == 1) return false; // staged-only, pubsub, and p1 use ordinary serve
      |                              ^~
python3 tests/wb_rule_checks.py emit scatter-exit build/wbland-clause-controls/scatter-exit/source
g++ -std=c++20 -O2 -g -Wall -Wextra -march=native -pthread -DTOMO_JEMALLOC -Ibuild/wbland-clause-controls/scatter-exit/source -I. tests/wbland_clause_unit.cc -o build/wbland-clause-controls/scatter-exit/unit -ljemalloc
python3 tests/wb_rule_checks.py emit fastpath build/wbland-clause-controls/fastpath/source
g++ -std=c++20 -O2 -g -Wall -Wextra -march=native -pthread -DTOMO_JEMALLOC -Ibuild/wbland-clause-controls/fastpath/source -I. tests/wbland_clause_unit.cc -o build/wbland-clause-controls/fastpath/unit -ljemalloc
python3 tests/wb_rule_checks.py emit staged-clause build/wbland-clause-controls/staged-clause/source
g++ -std=c++20 -O2 -g -Wall -Wextra -march=native -pthread -DTOMO_JEMALLOC -Ibuild/wbland-clause-controls/staged-clause/source -I. tests/wbland_clause_unit.cc -o build/wbland-clause-controls/staged-clause/unit -ljemalloc
python3 tests/wb_rule_checks.py emit staged-source build/wbland-clause-controls/staged-source/source
g++ -std=c++20 -O2 -g -Wall -Wextra -march=native -pthread -DTOMO_JEMALLOC -Ibuild/wbland-clause-controls/staged-source/source -I. tests/wbland_clause_unit.cc -o build/wbland-clause-controls/staged-source/unit -ljemalloc
python3 tests/wb_rule_checks.py emit submitted build/wbland-clause-controls/submitted/source
g++ -std=c++20 -O2 -g -Wall -Wextra -march=native -pthread -DTOMO_JEMALLOC -Ibuild/wbland-clause-controls/submitted/source -I. tests/wbland_clause_unit.cc -o build/wbland-clause-controls/submitted/unit -ljemalloc
python3 tests/wb_rule_checks.py emit done-bytes build/wbland-clause-controls/done-bytes/source
g++ -std=c++20 -O2 -g -Wall -Wextra -march=native -pthread -DTOMO_JEMALLOC -Ibuild/wbland-clause-controls/done-bytes/source -I. tests/wbland_clause_unit.cc -o build/wbland-clause-controls/done-bytes/unit -ljemalloc
python3 tests/wb_rule_checks.py emit spill build/wbland-clause-controls/spill/source
g++ -std=c++20 -O2 -g -Wall -Wextra -march=native -pthread -DTOMO_JEMALLOC -Ibuild/wbland-clause-controls/spill/source -I. tests/wbland_clause_unit.cc -o build/wbland-clause-controls/spill/unit -ljemalloc
python3 tests/wb_rule_checks.py emit direct build/wbland-clause-controls/direct/source
g++ -std=c++20 -O2 -g -Wall -Wextra -march=native -pthread -DTOMO_JEMALLOC -Ibuild/wbland-clause-controls/direct/source -I. tests/wbland_clause_unit.cc -o build/wbland-clause-controls/direct/unit -ljemalloc
python3 tests/wb_rule_checks.py emit borrow build/wbland-clause-controls/borrow/source
g++ -std=c++20 -O2 -g -Wall -Wextra -march=native -pthread -DTOMO_JEMALLOC -Ibuild/wbland-clause-controls/borrow/source -I. tests/wbland_clause_unit.cc -o build/wbland-clause-controls/borrow/unit -ljemalloc
python3 tests/wb_rule_checks.py emit crlf build/wbland-clause-controls/crlf/source
python3 tests/wb_rule_checks.py emit no-sum build/wbland-clause-controls/no-sum/source
g++ -std=c++20 -O2 -g -Wall -Wextra -march=native -pthread -DTOMO_JEMALLOC -Ibuild/wbland-clause-controls/crlf/source -I. tests/wbland_clause_unit.cc -o build/wbland-clause-controls/crlf/unit -ljemalloc
g++ -std=c++20 -O2 -g -Wall -Wextra -march=native -pthread -DTOMO_JEMALLOC -Ibuild/wbland-clause-controls/no-sum/source -I. tests/wbland_clause_unit.cc -o build/wbland-clause-controls/no-sum/unit -ljemalloc
python3 tests/wb_rule_checks.py emit floor build/wbland-clause-controls/floor/source
g++ -std=c++20 -O2 -g -Wall -Wextra -march=native -pthread -DTOMO_JEMALLOC -Ibuild/wbland-clause-controls/floor/source -I. tests/wbland_clause_unit.cc -o build/wbland-clause-controls/floor/unit -ljemalloc
python3 tests/wb_rule_checks.py emit whole build/wbland-clause-controls/whole/source
g++ -std=c++20 -O2 -g -Wall -Wextra -march=native -pthread -DTOMO_JEMALLOC -Ibuild/wbland-clause-controls/whole/source -I. tests/wbland_clause_unit.cc -o build/wbland-clause-controls/whole/unit -ljemalloc
python3 tests/wb_rule_checks.py emit hole build/wbland-clause-controls/hole/source
python3 tests/wb_rule_checks.py emit marker build/wbland-clause-controls/marker/source
g++ -std=c++20 -O2 -g -Wall -Wextra -march=native -pthread -DTOMO_JEMALLOC -Ibuild/wbland-clause-controls/hole/source -I. tests/wbland_clause_unit.cc -o build/wbland-clause-controls/hole/unit -ljemalloc
g++ -std=c++20 -O2 -g -Wall -Wextra -march=native -pthread -DTOMO_JEMALLOC -Ibuild/wbland-clause-controls/marker/source -I. tests/wbland_clause_unit.cc -o build/wbland-clause-controls/marker/unit -ljemalloc
python3 tests/wb_rule_checks.py emit code build/wbland-clause-controls/code/source
python3 tests/wb_rule_checks.py emit relaxed build/wbland-clause-controls/relaxed/source
g++ -std=c++20 -O2 -g -Wall -Wextra -march=native -pthread -DTOMO_JEMALLOC -Ibuild/wbland-clause-controls/code/source -I. tests/wbland_clause_unit.cc -o build/wbland-clause-controls/code/unit -ljemalloc
g++ -std=c++20 -O2 -g -Wall -Wextra -march=native -pthread -DTOMO_JEMALLOC -Ibuild/wbland-clause-controls/relaxed/source -I. tests/wbland_clause_unit.cc -o build/wbland-clause-controls/relaxed/unit -ljemalloc
python3 tests/wb_rule_checks.py emit pre-read build/wbland-clause-controls/pre-read/source
python3 tests/wb_rule_checks.py emit walk-tail build/wbland-clause-controls/walk-tail/source
g++ -std=c++20 -O1 -g -Wall -Wextra -march=native -pthread -fno-omit-frame-pointer -no-pie -DTOMO_MDBQSBR_TEST -DTOMO_CORE_CONCURRENCY_TEST -I. -fsanitize=address,undefined -c tests/rltopo_unit.cc -o build/mdbqsbr-asan/tests/rltopo_unit.o
g++ -std=c++20 -O2 -g -Wall -Wextra -march=native -pthread -DTOMO_JEMALLOC -Ibuild/wbland-clause-controls/pre-read/source -I. tests/wbland_clause_unit.cc -o build/wbland-clause-controls/pre-read/unit -ljemalloc
g++ -std=c++20 -O2 -g -Wall -Wextra -march=native -pthread -DTOMO_JEMALLOC -Ibuild/wbland-clause-controls/walk-tail/source -I. tests/wbland_clause_unit.cc -o build/wbland-clause-controls/walk-tail/unit -ljemalloc
g++ -std=c++20 -O2 -g -Wall -Wextra -march=native -pthread -DTOMO_JEMALLOC -DTOMO_CORE_CONCURRENCY_TEST -I. tests/lbplanner_unit.cc build/src/net/tls.o build/src/cmd/commands.o build/src/cmd/glob.o build/src/cmd/xshard.o build/src/cmd/acl.o build/src/cmd/hll.o build/src/cmd/t_server.o build/src/cmd/t_string.o build/src/cmd/t_string_notify.o build/src/cmd/t_hash.o build/src/cmd/t_hash_ttl.o build/src/cmd/t_list.o build/src/cmd/t_set.o build/src/cmd/t_zset.o build/src/cmd/t_zset_ops.o build/src/cmd/geo.o build/src/cmd/t_stream.o build/src/cmd/t_stream_groups.o build/src/cmd/scripting.o build/src/cmd/functions.o build/src/cmd/serialize.o build/src/snapshot/snapshot.o build/src/persist/aof.o build/src/cmd/climon.o build/src/cmd/tracking.o build/src/cmd/server_tail.o build/src/cmd/slowlog.o build/src/cmd/lcs.o build/src/cmd/info_stats.o build/src/cmd/lbsignals.o build/src/core/flipctl.o build/src/core/genthread.o build/src/core/rl2s.o build/src/core/lbstall.o build/src/core/lbplanner.o build/src/cmd/l4prebuild.o build/src/cmd/cmdgap.o build/src/cmd/pfdebug.o build/src/cmd/cmdmeta.o build/src/cmd/t_sort.o build/src/cmd/multidb.o build/src/cmd/storesize.o build/src/cmd/multi_admin.o build/src/core/reorder.o build/src/cmd/geo_store.o build/src/persist/aof_frame_debug.o build/src/cmd/aclkeys.o build/src/cmd/blocking_debug.o -o build/lbplanner-unit -ljemalloc -luring -pthread -lssl -lcrypto -lm -Wl,--wrap=pthread_mutex_trylock -Wl,--wrap=pthread_mutex_lock
python3 tools/lbplanner_controls.py no-publish build/lbplanner-controls/no-publish/lbplanner.cc
python3 tools/lbplanner_controls.py stale-flip build/lbplanner-controls/stale-flip/lbplanner.cc
python3 tools/lbplanner_controls.py stale-lb build/lbplanner-controls/stale-lb/lbplanner.cc
python3 tools/lbplanner_controls.py duplicate build/lbplanner-controls/duplicate/lbplanner.cc
python3 tools/lbplanner_controls.py copy-on-io build/lbplanner-controls/copy-on-io/lbplanner.cc
python3 tools/lbplanner_controls.py record-reuse build/lbplanner-controls/record-reuse/lbplanner.cc
python3 tools/lbplanner_controls.py timing-lock build/lbplanner-controls/timing-lock/source/src/core/io_loop.h
python3 tools/lbplanner_controls.py timing-late-pause build/lbplanner-controls/timing-late-pause/source/src/core/io_loop.h
python3 tools/lbplanner_controls.py timing-budget build/lbplanner-controls/timing-budget/source/src/core/io_loop.h
g++ -std=c++20 -O2 -g -Wall -Wextra -march=native -pthread -DTOMO_JEMALLOC -Wno-mismatched-new-delete -I. -c tests/shutdown_unit.cc -o build/tests/shutdown_unit.o
g++ -std=c++20 -O2 -g -Wall -Wextra -march=native -pthread -DTOMO_JEMALLOC -DTOMO_PERSISTFIX_TEST -I. -c tests/persistfix_unit.cc -o build/persistfix/unit.o
g++ -std=c++20 -O2 -g -Wall -Wextra -march=native -pthread -DTOMO_JEMALLOC -DTOMO_PERSISTFIX_TEST -I. -c src/persist/aof.cc -o build/persistfix/aof-test.o
python3 tools/persistfix_controls.py old-ack build/persistfix-controls/old-ack/aof.cc
python3 tools/persistfix_controls.py old-close build/persistfix-controls/old-close/aof.cc
python3 tools/persistfix_controls.py no-refusal build/persistfix-controls/no-refusal/aof.cc
g++ -std=c++20 -O2 -g -Wall -Wextra -march=native -pthread -DTOMO_JEMALLOC -Wno-mismatched-new-delete -I. -c tests/exbatch_unit.cc -o build/tests/exbatch_unit.o
g++ -std=c++20 -O2 -g -Wall -Wextra -march=native -pthread -DTOMO_JEMALLOC -Wno-mismatched-new-delete -DTOMO_SINGLE_DATABASE=1 -Dtomo=tomo_db0 -I. -c tests/exbatch_unit.cc -o build/db0/tests/exbatch_unit.o
g++ -std=c++20 -O2 -g -Wall -Wextra -march=native -pthread -I. tests/ktls_keyupdate.cc -o build/ktls-keyupdate -lssl -lcrypto
g++ -std=c++20 -O2 -g -Wall -Wextra -march=native -pthread -I. tests/ktls_keyupdate_unit.cc src/net/tls.cc -o build/ktls-keyupdate-unit \
  -Wl,--wrap=BIO_ctrl -Wl,--wrap=setsockopt -lssl -lcrypto
g++ -std=c++20 -O2 -g -Wall -Wextra -march=native -pthread -DTOMO_JEMALLOC -Wno-mismatched-new-delete -I. -c tests/flushfix_unit.cc -o build/tests/flushfix_unit.o
g++ -std=c++20 -O2 -g -Wall -Wextra -march=native -pthread -DTOMO_JEMALLOC -Wno-mismatched-new-delete -DTOMO_SINGLE_DATABASE=1 -Dtomo=tomo_db0 -I. -c tests/flushfix_unit.cc -o build/db0/tests/flushfix_unit.o
