  row budget: 900s; median=0.26s; correctness-plan-fallback; fused+armed boot line (atomic 1)
  fused+armed boot line (atomic 1)                     ok
  row budget: 900s; median=1.175s; correctness-plan-fallback; fused+armed s6 battery (atomic 1)
  fused+armed s6 battery (atomic 1)                    ok
  row budget: 900s; median=2.075s; correctness-plan-fallback; fused+armed multi_exec battery (atomic 1)
  fused+armed multi_exec battery (atomic 1)            ok
  row budget: 900s; median=1.425s; correctness-plan-fallback; fused+armed blocking battery (atomic 1)
  fused+armed blocking battery (atomic 1)              ok
  row budget: 900s; median=0.48s; correctness-plan-fallback; fused+armed blockmulti battery (atomic 1)
  fused+armed blockmulti battery (atomic 1)            ok
  row budget: 900s; median=0.505s; correctness-plan-fallback; fused+armed stream battery (atomic 1)
  fused+armed stream battery (atomic 1)                ok
  row budget: 900s; median=0.03s; correctness-plan-fallback; fused+armed streamgroups battery (atomic 1)
  fused+armed streamgroups battery (atomic 1)          ok
  row budget: 900s; median=0.885s; correctness-plan-fallback; fused+armed pubsub battery (atomic 1)
  fused+armed pubsub battery (atomic 1)                ok
  row budget: 900s; median=0.03s; correctness-plan-fallback; fused+armed lua_scripting battery (atomic 1)
  fused+armed lua_scripting battery (atomic 1)         ok
  row budget: 900s; median=0.04s; correctness-plan-fallback; fused+armed scriptsurf battery (atomic 1)
  fused+armed scriptsurf battery (atomic 1)            ok
  row budget: 900s; median=15.08s; correctness-plan-fallback; fused+armed limits battery (atomic 1)
  fused+armed limits battery (atomic 1)                ok
  row budget: 900s; median=0.03s; correctness-plan-fallback; fused+armed resp3 battery (atomic 1)
  fused+armed resp3 battery (atomic 1)                 ok
  row budget: 900s; median=0.03s; correctness-plan-fallback; fused+armed bitfield battery (atomic 1)
  fused+armed bitfield battery (atomic 1)              ok
  row budget: 900s; median=0.06s; correctness-plan-fallback; fused+armed dumprestore battery (atomic 1)
  fused+armed dumprestore battery (atomic 1)           ok
  row budget: 900s; median=0.05s; correctness-plan-fallback; fused+armed zsetops battery (atomic 1)
  fused+armed zsetops battery (atomic 1)               ok
  row budget: 900s; median=0.02s; correctness-plan-fallback; fused+armed geo battery (atomic 1)
  fused+armed geo battery (atomic 1)                   ok
  row budget: 900s; median=1.12s; correctness-plan-fallback; fused+armed climon battery (atomic 1)
  fused+armed climon battery (atomic 1)                ok
  row budget: 900s; median=3.335s; correctness-plan-fallback; fused+armed climon2 battery (atomic 1)
  fused+armed climon2 battery (atomic 1)               ok
  row budget: 900s; median=13.71s; correctness-plan-fallback; fused+armed tracking battery (atomic 1)
  fused+armed tracking battery (atomic 1)              ok
  row budget: 900s; median=3.445s; correctness-plan-fallback; fused+armed hexpire battery (atomic 1)
  fused+armed hexpire battery (atomic 1)               ok
  row budget: 900s; median=2.555s; correctness-plan-fallback; fused+armed servertail battery (atomic 1)
  fused+armed servertail battery (atomic 1)            ok
  row budget: 900s; median=0.16s; correctness-plan-fallback; fused+armed lcs battery (atomic 1)
  fused+armed lcs battery (atomic 1)                   ok
  row budget: 900s; median=1.8s; correctness-plan-fallback; fused+armed concur battery (atomic 1)
  fused+armed concur battery (atomic 1)                ok
  row budget: 900s; median=0.735s; correctness-plan-fallback; fused+armed edgeproto battery (atomic 1)
  fused+armed edgeproto battery (atomic 1)             ok
  row budget: 900s; median=0.365s; correctness-plan-fallback; fused+armed edgeenc battery (atomic 1)
  fused+armed edgeenc battery (atomic 1)               ok
  row budget: 900s; median=4.065s; correctness-plan-fallback; fused+armed edgetime battery (atomic 1)
  fused+armed edgetime battery (atomic 1)              ok
  row budget: 900s; median=0.025s; correctness-plan-fallback; fused+armed arity battery (atomic 1)
  fused+armed arity battery (atomic 1)                 ok
  row budget: 900s; median=0.025s; correctness-plan-fallback; fused+armed contarity battery (atomic 1)
  fused+armed contarity battery (atomic 1)             ok
  row budget: 900s; median=0.025s; correctness-plan-fallback; fused+armed cmdgap battery (atomic 1)
  fused+armed cmdgap battery (atomic 1)                ok
  row budget: 900s; median=0.03s; correctness-plan-fallback; fused+armed aclsel battery (atomic 1)
  fused+armed aclsel battery (atomic 1)                ok
  row budget: 900s; median=56.27s; correctness-plan-fallback; fused+armed expwide battery (atomic 1)
  fused+armed expwide battery (atomic 1)               ok
  row budget: 900s; median=0.15s; correctness-plan-fallback; fused+armed infofix battery (atomic 1)
  fused+armed infofix battery (atomic 1)               ok
  row budget: 900s; median=2.92s; correctness-plan-fallback; fused+armed pushtear battery (atomic 1)
  fused+armed pushtear battery (atomic 1)              ok
  row budget: 900s; median=0.03s; correctness-plan-fallback; fused+armed netcmd battery (atomic 1)
  fused+armed netcmd battery (atomic 1)                ok
  row budget: 900s; median=1.165s; correctness-plan-fallback; fused+armed shutdown report + lane fired (hits=N, atomic 1)
  fused+armed shutdown report + lane fired (hits=557, atomic 1) ok
