topology: 1 L3 domain(s)
  domain  0: 8 cpus [112,113,114,115,116,117,118,119]
tomokv-cpp: 8 unified threads, 16 shard(s), thread-mode=1s, overlap=0 (executor prefetch; ordinary IO), io_uring, alloc=jemalloc, reorder=0, read-local=1
  thread t0: role=unified cpu=112 L3=0 shards=2 send=self
  thread t1: role=unified cpu=113 L3=0 shards=2 send=self
  thread t2: role=unified cpu=114 L3=0 shards=2 send=self
  thread t3: role=unified cpu=115 L3=0 shards=2 send=self
  thread t4: role=unified cpu=116 L3=0 shards=2 send=self
  thread t5: role=unified cpu=117 L3=0 shards=2 send=self
  thread t6: role=unified cpu=118 L3=0 shards=2 send=self
  thread t7: role=unified cpu=119 L3=0 shards=2 send=self
listening on 127.0.0.1:18179
persistence: enabled=0 posted=0 flushed=0 durable=0 refused=0 pending_chunks=0 producers_with_pending=0 drain_gave_up=0 failed=0

thread role          ops      iters   busy_ms   idle_ms    cpu_ms   wake_tx  wake_rx
t0     uni            29      21296      12.5     152.3      13.2         7       23
io_tenure t0/0 busy_ns=12522590 idle_ns=152268342 entry_ns=2982836033488808 begin_ns=2982836033488838 end_ns=2982836198279770 exit_ns=2982836198279899 role_exit=0 stopped=1
t1     uni            28      10686       6.5     158.3       7.2         4       19
io_tenure t1/0 busy_ns=6503935 idle_ns=158282906 entry_ns=2982836033494988 begin_ns=2982836033495018 end_ns=2982836198281859 exit_ns=2982836198281999 role_exit=0 stopped=1
t2     uni            28       1037       0.9     163.9       1.5         1       17
io_tenure t2/0 busy_ns=932235 idle_ns=163865836 entry_ns=2982836033484358 begin_ns=2982836033484388 end_ns=2982836198282459 exit_ns=2982836198282599 role_exit=0 stopped=1
t3     uni            28       1057       0.9     163.9       1.4         2       18
io_tenure t3/0 busy_ns=913833 idle_ns=163872258 entry_ns=2982836033496828 begin_ns=2982836033496848 end_ns=2982836198282939 exit_ns=2982836198283070 role_exit=0 stopped=1
t4     uni            28       2041       1.6     163.2       2.1         5       20
io_tenure t4/0 busy_ns=1572091 idle_ns=163219161 entry_ns=2982836033488458 begin_ns=2982836033488478 end_ns=2982836198279730 exit_ns=2982836198279859 role_exit=0 stopped=1
t5     uni            28       1014       1.2     163.6       1.7         8       22
io_tenure t5/0 busy_ns=1151094 idle_ns=163637467 entry_ns=2982836033491408 begin_ns=2982836033491438 end_ns=2982836198279999 exit_ns=2982836198280159 role_exit=0 stopped=1
t6     uni            29       3075       2.2     162.6       2.7         8       24
io_tenure t6/0 busy_ns=2154980 idle_ns=162641001 entry_ns=2982836033493988 begin_ns=2982836033494018 end_ns=2982836198289999 exit_ns=2982836198290030 role_exit=0 stopped=1
t7     uni          4140      16754      32.2     132.6      40.3        86       99
io_tenure t7/0 busy_ns=32150808 idle_ns=132632624 entry_ns=2982836033499248 begin_ns=2982836033499278 end_ns=2982836198282710 exit_ns=2982836198282870 role_exit=0 stopped=1
wb: retired=2207 direct=2048 sends=2207/2207 short=0 err=0 peer_aborts=0 bytes=539475 zc_sends=0 zc_bytes=0 zc_releases=0 serves=2211 empty=4
tls: accepts=0 handshakes=0/0 failed=0 freed=0 want_read=0 want_write=0 cipher_in=0 plain_in=0 cipher_out=0 plain_out=0 zc_suppressed=0 ktls_active=0 ktls_fallback=0
stuck: live_conns=0 rob_not_quiesced=0 unsent_bytes_pending=0 | slots done=0 issued=0 free=0 flag_set=0
shutdown: unified_work=4338 accepts=13 accept_err=0 rearm=0 sqe_starved=0 notify_drop=0
shutdown_report {"schema":1,"thread_mode":"1s","work":{"kind":"fused","unified":4338},"threads":[{"tid":0,"role":"fused","ops":29,"iterations":21296,"busy_ns":12522590,"idle_ns":152268342,"cpu_ns":13231680,"wake_tx":7,"wake_rx":23,"io_tenures":[{"entry_ns":2982836033488808,"begin_ns":2982836033488838,"end_ns":2982836198279770,"exit_ns":2982836198279899,"busy_ns":12522590,"idle_ns":152268342,"role_exit":false,"stopped":true,"did_submit":0,"sweep_submit":0,"park":0}]},{"tid":1,"role":"fused","ops":28,"iterations":10686,"busy_ns":6503935,"idle_ns":158282906,"cpu_ns":7166420,"wake_tx":4,"wake_rx":19,"io_tenures":[{"entry_ns":2982836033494988,"begin_ns":2982836033495018,"end_ns":2982836198281859,"exit_ns":2982836198281999,"busy_ns":6503935,"idle_ns":158282906,"role_exit":false,"stopped":true,"did_submit":0,"sweep_submit":0,"park":0}]},{"tid":2,"role":"fused","ops":28,"iterations":1037,"busy_ns":932235,"idle_ns":163865836,"cpu_ns":1493110,"wake_tx":1,"wake_rx":17,"io_tenures":[{"entry_ns":2982836033484358,"begin_ns":2982836033484388,"end_ns":2982836198282459,"exit_ns":2982836198282599,"busy_ns":932235,"idle_ns":163865836,"role_exit":false,"stopped":true,"did_submit":0,"sweep_submit":0,"park":0}]},{"tid":3,"role":"fused","ops":28,"iterations":1057,"busy_ns":913833,"idle_ns":163872258,"cpu_ns":1442920,"wake_tx":2,"wake_rx":18,"io_tenures":[{"entry_ns":2982836033496828,"begin_ns":2982836033496848,"end_ns":2982836198282939,"exit_ns":2982836198283070,"busy_ns":913833,"idle_ns":163872258,"role_exit":false,"stopped":true,"did_submit":0,"sweep_submit":0,"park":0}]},{"tid":4,"role":"fused","ops":28,"iterations":2041,"busy_ns":1572091,"idle_ns":163219161,"cpu_ns":2094270,"wake_tx":5,"wake_rx":20,"io_tenures":[{"entry_ns":2982836033488458,"begin_ns":2982836033488478,"end_ns":2982836198279730,"exit_ns":2982836198279859,"busy_ns":1572091,"idle_ns":163219161,"role_exit":false,"stopped":true,"did_submit":0,"sweep_submit":0,"park":0}]},{"tid":5,"role":"fused","ops":28,"iterations":1014,"busy_ns":1151094,"idle_ns":163637467,"cpu_ns":1712770,"wake_tx":8,"wake_rx":22,"io_tenures":[{"entry_ns":2982836033491408,"begin_ns":2982836033491438,"end_ns":2982836198279999,"exit_ns":2982836198280159,"busy_ns":1151094,"idle_ns":163637467,"role_exit":false,"stopped":true,"did_submit":0,"sweep_submit":0,"park":0}]},{"tid":6,"role":"fused","ops":29,"iterations":3075,"busy_ns":2154980,"idle_ns":162641001,"cpu_ns":2679400,"wake_tx":8,"wake_rx":24,"io_tenures":[{"entry_ns":2982836033493988,"begin_ns":2982836033494018,"end_ns":2982836198289999,"exit_ns":2982836198290030,"busy_ns":2154980,"idle_ns":162641001,"role_exit":false,"stopped":true,"did_submit":0,"sweep_submit":0,"park":0}]},{"tid":7,"role":"fused","ops":4140,"iterations":16754,"busy_ns":32150808,"idle_ns":132632624,"cpu_ns":40263360,"wake_tx":86,"wake_rx":99,"io_tenures":[{"entry_ns":2982836033499248,"begin_ns":2982836033499278,"end_ns":2982836198282710,"exit_ns":2982836198282870,"busy_ns":32150808,"idle_ns":132632624,"role_exit":false,"stopped":true,"did_submit":0,"sweep_submit":0,"park":0}]}],"wb":{"retired":2207,"direct":2048,"sends_completed":2207,"sends_submitted":2207,"short_writes":0,"send_errors":0,"peer_aborts":0,"bytes_sent":539475,"zc_sends":0,"zc_bytes":0,"zc_releases":0,"serves":2211,"serves_empty":4},"tls":{"accepts":0,"handshakes_completed":0,"handshakes_started":0,"handshakes_failed":0,"connections_freed":0,"want_read":0,"want_write":0,"ciphertext_input_bytes":0,"plaintext_input_bytes":0,"ciphertext_output_bytes":0,"plaintext_output_bytes":0,"zc_suppressed":0,"ktls_active":0,"ktls_fallback":0},"stuck":{"live_conns":0,"rob_not_quiesced":0,"unsent_bytes_pending":0,"slots_done":0,"slots_issued":0,"slots_free":0,"flag_set":0},"epoll":{"enabled":false,"events":0,"recvs":0},"persistence":{"enabled":false,"recording":false,"failed":false,"drain_gave_up":false,"posted":0,"flushed":0,"durable":0,"refused":0,"pending_chunks":0,"records_written":0,"producers_with_pending":0,"producers_stopped":0,"producers_expected":0,"completions_pending":0},"accept":{"accepts":13,"accept_err":0,"rearm":0,"sqe_starved":0,"notify_drop":0}}
