topology: 1 L3 domain(s)
  domain  0: 8 cpus [120,121,122,123,124,125,126,127]
tomokv-cpp: 8 unified threads, 16 shard(s), thread-mode=1s, overlap=0 (executor prefetch; ordinary IO), io_uring, alloc=jemalloc, reorder=0, read-local=1
  thread t0: role=unified cpu=120 L3=0 shards=2 send=self
  thread t1: role=unified cpu=121 L3=0 shards=2 send=self
  thread t2: role=unified cpu=122 L3=0 shards=2 send=self
  thread t3: role=unified cpu=123 L3=0 shards=2 send=self
  thread t4: role=unified cpu=124 L3=0 shards=2 send=self
  thread t5: role=unified cpu=125 L3=0 shards=2 send=self
  thread t6: role=unified cpu=126 L3=0 shards=2 send=self
  thread t7: role=unified cpu=127 L3=0 shards=2 send=self
listening on 127.0.0.1:18179
persistence: enabled=0 posted=0 flushed=0 durable=0 refused=0 pending_chunks=0 producers_with_pending=0 drain_gave_up=0 failed=0

thread role          ops      iters   busy_ms   idle_ms    cpu_ms   wake_tx  wake_rx
t0     uni             2        179       0.1     114.3       0.7         0        0
io_tenure t0/0 busy_ns=138911 idle_ns=114326944 entry_ns=2986569380638520 begin_ns=2986569380638550 end_ns=2986569495104405 exit_ns=2986569495104535 role_exit=0 stopped=1
t1     uni          4100       6254      17.3      97.1      24.6         1        2
io_tenure t1/0 busy_ns=17331706 idle_ns=97132929 entry_ns=2986569380638370 begin_ns=2986569380638400 end_ns=2986569495103035 exit_ns=2986569495103195 role_exit=0 stopped=1
t2     uni             2        162       0.1     114.3       0.5         0        0
io_tenure t2/0 busy_ns=134621 idle_ns=114329094 entry_ns=2986569380643420 begin_ns=2986569380643450 end_ns=2986569495107165 exit_ns=2986569495107295 role_exit=0 stopped=1
t3     uni             2        168       0.1     114.3       0.6         0        0
io_tenure t3/0 busy_ns=137111 idle_ns=114327054 entry_ns=2986569380640520 begin_ns=2986569380640550 end_ns=2986569495104715 exit_ns=2986569495104995 role_exit=0 stopped=1
t4     uni             2        148       0.1     114.3       0.6         0        0
io_tenure t4/0 busy_ns=140021 idle_ns=114327004 entry_ns=2986569380637610 begin_ns=2986569380637640 end_ns=2986569495104665 exit_ns=2986569495104795 role_exit=0 stopped=1
t5     uni             2        164       0.1     114.3       0.5         0        0
io_tenure t5/0 busy_ns=122101 idle_ns=114342264 entry_ns=2986569380649420 begin_ns=2986569380649440 end_ns=2986569495113805 exit_ns=2986569495113835 role_exit=0 stopped=1
t6     uni             2        119       0.1     114.3       0.5         0        0
io_tenure t6/0 busy_ns=135431 idle_ns=114328204 entry_ns=2986569380638020 begin_ns=2986569380638040 end_ns=2986569495101675 exit_ns=2986569495102135 role_exit=0 stopped=1
t7     uni             3        128       0.1     114.3       0.6         1        2
io_tenure t7/0 busy_ns=134531 idle_ns=114315514 entry_ns=2986569380651250 begin_ns=2986569380651280 end_ns=2986569495101325 exit_ns=2986569495101465 role_exit=0 stopped=1
wb: retired=2060 direct=2048 sends=2060/2060 short=0 err=0 peer_aborts=0 bytes=76868 zc_sends=0 zc_bytes=0 zc_releases=0 serves=2061 empty=1
tls: accepts=0 handshakes=0/0 failed=0 freed=0 want_read=0 want_write=0 cipher_in=0 plain_in=0 cipher_out=0 plain_out=0 zc_suppressed=0 ktls_active=0 ktls_fallback=0
stuck: live_conns=0 rob_not_quiesced=0 unsent_bytes_pending=0 | slots done=0 issued=0 free=0 flag_set=0
shutdown: unified_work=4115 accepts=1 accept_err=0 rearm=0 sqe_starved=0 notify_drop=0
shutdown_report {"schema":1,"thread_mode":"1s","work":{"kind":"fused","unified":4115},"threads":[{"tid":0,"role":"fused","ops":2,"iterations":179,"busy_ns":138911,"idle_ns":114326944,"cpu_ns":714960,"wake_tx":0,"wake_rx":0,"io_tenures":[{"entry_ns":2986569380638520,"begin_ns":2986569380638550,"end_ns":2986569495104405,"exit_ns":2986569495104535,"busy_ns":138911,"idle_ns":114326944,"role_exit":false,"stopped":true,"did_submit":0,"sweep_submit":0,"park":0}]},{"tid":1,"role":"fused","ops":4100,"iterations":6254,"busy_ns":17331706,"idle_ns":97132929,"cpu_ns":24613670,"wake_tx":1,"wake_rx":2,"io_tenures":[{"entry_ns":2986569380638370,"begin_ns":2986569380638400,"end_ns":2986569495103035,"exit_ns":2986569495103195,"busy_ns":17331706,"idle_ns":97132929,"role_exit":false,"stopped":true,"did_submit":0,"sweep_submit":0,"park":0}]},{"tid":2,"role":"fused","ops":2,"iterations":162,"busy_ns":134621,"idle_ns":114329094,"cpu_ns":503150,"wake_tx":0,"wake_rx":0,"io_tenures":[{"entry_ns":2986569380643420,"begin_ns":2986569380643450,"end_ns":2986569495107165,"exit_ns":2986569495107295,"busy_ns":134621,"idle_ns":114329094,"role_exit":false,"stopped":true,"did_submit":0,"sweep_submit":0,"park":0}]},{"tid":3,"role":"fused","ops":2,"iterations":168,"busy_ns":137111,"idle_ns":114327054,"cpu_ns":562660,"wake_tx":0,"wake_rx":0,"io_tenures":[{"entry_ns":2986569380640520,"begin_ns":2986569380640550,"end_ns":2986569495104715,"exit_ns":2986569495104995,"busy_ns":137111,"idle_ns":114327054,"role_exit":false,"stopped":true,"did_submit":0,"sweep_submit":0,"park":0}]},{"tid":4,"role":"fused","ops":2,"iterations":148,"busy_ns":140021,"idle_ns":114327004,"cpu_ns":559770,"wake_tx":0,"wake_rx":0,"io_tenures":[{"entry_ns":2986569380637610,"begin_ns":2986569380637640,"end_ns":2986569495104665,"exit_ns":2986569495104795,"busy_ns":140021,"idle_ns":114327004,"role_exit":false,"stopped":true,"did_submit":0,"sweep_submit":0,"park":0}]},{"tid":5,"role":"fused","ops":2,"iterations":164,"busy_ns":122101,"idle_ns":114342264,"cpu_ns":533870,"wake_tx":0,"wake_rx":0,"io_tenures":[{"entry_ns":2986569380649420,"begin_ns":2986569380649440,"end_ns":2986569495113805,"exit_ns":2986569495113835,"busy_ns":122101,"idle_ns":114342264,"role_exit":false,"stopped":true,"did_submit":0,"sweep_submit":0,"park":0}]},{"tid":6,"role":"fused","ops":2,"iterations":119,"busy_ns":135431,"idle_ns":114328204,"cpu_ns":538000,"wake_tx":0,"wake_rx":0,"io_tenures":[{"entry_ns":2986569380638020,"begin_ns":2986569380638040,"end_ns":2986569495101675,"exit_ns":2986569495102135,"busy_ns":135431,"idle_ns":114328204,"role_exit":false,"stopped":true,"did_submit":0,"sweep_submit":0,"park":0}]},{"tid":7,"role":"fused","ops":3,"iterations":128,"busy_ns":134531,"idle_ns":114315514,"cpu_ns":624800,"wake_tx":1,"wake_rx":2,"io_tenures":[{"entry_ns":2986569380651250,"begin_ns":2986569380651280,"end_ns":2986569495101325,"exit_ns":2986569495101465,"busy_ns":134531,"idle_ns":114315514,"role_exit":false,"stopped":true,"did_submit":0,"sweep_submit":0,"park":0}]}],"wb":{"retired":2060,"direct":2048,"sends_completed":2060,"sends_submitted":2060,"short_writes":0,"send_errors":0,"peer_aborts":0,"bytes_sent":76868,"zc_sends":0,"zc_bytes":0,"zc_releases":0,"serves":2061,"serves_empty":1},"tls":{"accepts":0,"handshakes_completed":0,"handshakes_started":0,"handshakes_failed":0,"connections_freed":0,"want_read":0,"want_write":0,"ciphertext_input_bytes":0,"plaintext_input_bytes":0,"ciphertext_output_bytes":0,"plaintext_output_bytes":0,"zc_suppressed":0,"ktls_active":0,"ktls_fallback":0},"stuck":{"live_conns":0,"rob_not_quiesced":0,"unsent_bytes_pending":0,"slots_done":0,"slots_issued":0,"slots_free":0,"flag_set":0},"epoll":{"enabled":false,"events":0,"recvs":0},"persistence":{"enabled":false,"recording":false,"failed":false,"drain_gave_up":false,"posted":0,"flushed":0,"durable":0,"refused":0,"pending_chunks":0,"records_written":0,"producers_with_pending":0,"producers_stopped":0,"producers_expected":0,"completions_pending":0},"accept":{"accepts":1,"accept_err":0,"rearm":0,"sqe_starved":0,"notify_drop":0}}
