topology: 1 L3 domain(s)
  domain  0: 8 cpus [112,113,114,115,116,117,118,119]
tomokv-cpp: 8 unified threads, 16 shard(s), thread-mode=1s, overlap=0 (executor prefetch; ordinary IO), io_uring, alloc=jemalloc, reorder=0, read-local=1
  thread t0: role=unified cpu=112 L3=0 shards=2 send=self
  thread t1: role=unified cpu=113 L3=0 shards=2 send=self
  thread t2: role=unified cpu=114 L3=0 shards=2 send=self
  thread t3: role=unified cpu=115 L3=0 shards=2 send=self
  thread t4: role=unified cpu=116 L3=0 shards=2 send=self
  thread t5: role=unified cpu=117 L3=0 shards=2 send=self
  thread t6: role=unified cpu=118 L3=0 shards=2 send=self
  thread t7: role=unified cpu=119 L3=0 shards=2 send=self
listening on 127.0.0.1:18340
persistence: enabled=0 posted=0 flushed=0 durable=0 refused=0 pending_chunks=0 producers_with_pending=0 drain_gave_up=0 failed=0

thread role          ops      iters   busy_ms   idle_ms    cpu_ms   wake_tx  wake_rx
t0     uni             8        137       0.4     288.4       1.0         3        6
io_tenure t0/0 busy_ns=355399 idle_ns=288432015 entry_ns=3160533137710377 begin_ns=3160533137710397 end_ns=3160533426497811 exit_ns=3160533426497951 role_exit=0 stopped=1
t1     uni             2        146       0.2     288.6       0.7         1        2
io_tenure t1/0 busy_ns=160181 idle_ns=288629783 entry_ns=3160533137707317 begin_ns=3160533137707347 end_ns=3160533426497311 exit_ns=3160533426497441 role_exit=0 stopped=1
t2     uni             2        116       0.2     288.6       0.6         0        1
io_tenure t2/0 busy_ns=152529 idle_ns=288635995 entry_ns=3160533137716937 begin_ns=3160533137716967 end_ns=3160533426505491 exit_ns=3160533426505531 role_exit=0 stopped=1
t3     uni             2        106       0.2     288.6       0.7         0        1
io_tenure t3/0 busy_ns=155711 idle_ns=288633783 entry_ns=3160533137708737 begin_ns=3160533137708757 end_ns=3160533426498251 exit_ns=3160533426498381 role_exit=0 stopped=1
t4     uni             2        112       0.2     288.6       0.7         0        1
io_tenure t4/0 busy_ns=156930 idle_ns=288631434 entry_ns=3160533137708027 begin_ns=3160533137708057 end_ns=3160533426496421 exit_ns=3160533426496651 role_exit=0 stopped=1
t5     uni             2         91       0.2     288.6       0.7         0        1
io_tenure t5/0 busy_ns=158419 idle_ns=288628635 entry_ns=3160533137709847 begin_ns=3160533137709877 end_ns=3160533426496931 exit_ns=3160533426497081 role_exit=0 stopped=1
t6     uni             6         80       1.0     287.7       1.6         9       13
io_tenure t6/0 busy_ns=1049665 idle_ns=287738749 entry_ns=3160533137707887 begin_ns=3160533137707917 end_ns=3160533426496331 exit_ns=3160533426496601 role_exit=0 stopped=1
t7     uni             2        101       0.2     288.6       0.6         0        1
io_tenure t7/0 busy_ns=156410 idle_ns=288630824 entry_ns=3160533137708937 begin_ns=3160533137709127 end_ns=3160533426496361 exit_ns=3160533426496621 role_exit=0 stopped=1
wb: retired=10 direct=1 sends=10/10 short=0 err=0 peer_aborts=0 bytes=10900 zc_sends=0 zc_bytes=0 zc_releases=0 serves=12 empty=2
tls: accepts=0 handshakes=0/0 failed=0 freed=0 want_read=0 want_write=0 cipher_in=0 plain_in=0 cipher_out=0 plain_out=0 zc_suppressed=0 ktls_active=0 ktls_fallback=0
stuck: live_conns=0 rob_not_quiesced=0 unsent_bytes_pending=0 | slots done=0 issued=0 free=0 flag_set=0
shutdown: unified_work=26 accepts=3 accept_err=0 rearm=0 sqe_starved=0 notify_drop=0
shutdown_report {"schema":1,"thread_mode":"1s","work":{"kind":"fused","unified":26},"threads":[{"tid":0,"role":"fused","ops":8,"iterations":137,"busy_ns":355399,"idle_ns":288432015,"cpu_ns":1005600,"wake_tx":3,"wake_rx":6,"io_tenures":[{"entry_ns":3160533137710377,"begin_ns":3160533137710397,"end_ns":3160533426497811,"exit_ns":3160533426497951,"busy_ns":355399,"idle_ns":288432015,"role_exit":false,"stopped":true,"did_submit":0,"sweep_submit":0,"park":0}]},{"tid":1,"role":"fused","ops":2,"iterations":146,"busy_ns":160181,"idle_ns":288629783,"cpu_ns":721520,"wake_tx":1,"wake_rx":2,"io_tenures":[{"entry_ns":3160533137707317,"begin_ns":3160533137707347,"end_ns":3160533426497311,"exit_ns":3160533426497441,"busy_ns":160181,"idle_ns":288629783,"role_exit":false,"stopped":true,"did_submit":0,"sweep_submit":0,"park":0}]},{"tid":2,"role":"fused","ops":2,"iterations":116,"busy_ns":152529,"idle_ns":288635995,"cpu_ns":622510,"wake_tx":0,"wake_rx":1,"io_tenures":[{"entry_ns":3160533137716937,"begin_ns":3160533137716967,"end_ns":3160533426505491,"exit_ns":3160533426505531,"busy_ns":152529,"idle_ns":288635995,"role_exit":false,"stopped":true,"did_submit":0,"sweep_submit":0,"park":0}]},{"tid":3,"role":"fused","ops":2,"iterations":106,"busy_ns":155711,"idle_ns":288633783,"cpu_ns":667250,"wake_tx":0,"wake_rx":1,"io_tenures":[{"entry_ns":3160533137708737,"begin_ns":3160533137708757,"end_ns":3160533426498251,"exit_ns":3160533426498381,"busy_ns":155711,"idle_ns":288633783,"role_exit":false,"stopped":true,"did_submit":0,"sweep_submit":0,"park":0}]},{"tid":4,"role":"fused","ops":2,"iterations":112,"busy_ns":156930,"idle_ns":288631434,"cpu_ns":722390,"wake_tx":0,"wake_rx":1,"io_tenures":[{"entry_ns":3160533137708027,"begin_ns":3160533137708057,"end_ns":3160533426496421,"exit_ns":3160533426496651,"busy_ns":156930,"idle_ns":288631434,"role_exit":false,"stopped":true,"did_submit":0,"sweep_submit":0,"park":0}]},{"tid":5,"role":"fused","ops":2,"iterations":91,"busy_ns":158419,"idle_ns":288628635,"cpu_ns":654360,"wake_tx":0,"wake_rx":1,"io_tenures":[{"entry_ns":3160533137709847,"begin_ns":3160533137709877,"end_ns":3160533426496931,"exit_ns":3160533426497081,"busy_ns":158419,"idle_ns":288628635,"role_exit":false,"stopped":true,"did_submit":0,"sweep_submit":0,"park":0}]},{"tid":6,"role":"fused","ops":6,"iterations":80,"busy_ns":1049665,"idle_ns":287738749,"cpu_ns":1605070,"wake_tx":9,"wake_rx":13,"io_tenures":[{"entry_ns":3160533137707887,"begin_ns":3160533137707917,"end_ns":3160533426496331,"exit_ns":3160533426496601,"busy_ns":1049665,"idle_ns":287738749,"role_exit":false,"stopped":true,"did_submit":0,"sweep_submit":0,"park":0}]},{"tid":7,"role":"fused","ops":2,"iterations":101,"busy_ns":156410,"idle_ns":288630824,"cpu_ns":633750,"wake_tx":0,"wake_rx":1,"io_tenures":[{"entry_ns":3160533137708937,"begin_ns":3160533137709127,"end_ns":3160533426496361,"exit_ns":3160533426496621,"busy_ns":156410,"idle_ns":288630824,"role_exit":false,"stopped":true,"did_submit":0,"sweep_submit":0,"park":0}]}],"wb":{"retired":10,"direct":1,"sends_completed":10,"sends_submitted":10,"short_writes":0,"send_errors":0,"peer_aborts":0,"bytes_sent":10900,"zc_sends":0,"zc_bytes":0,"zc_releases":0,"serves":12,"serves_empty":2},"tls":{"accepts":0,"handshakes_completed":0,"handshakes_started":0,"handshakes_failed":0,"connections_freed":0,"want_read":0,"want_write":0,"ciphertext_input_bytes":0,"plaintext_input_bytes":0,"ciphertext_output_bytes":0,"plaintext_output_bytes":0,"zc_suppressed":0,"ktls_active":0,"ktls_fallback":0},"stuck":{"live_conns":0,"rob_not_quiesced":0,"unsent_bytes_pending":0,"slots_done":0,"slots_issued":0,"slots_free":0,"flag_set":0},"epoll":{"enabled":false,"events":0,"recvs":0},"persistence":{"enabled":false,"recording":false,"failed":false,"drain_gave_up":false,"posted":0,"flushed":0,"durable":0,"refused":0,"pending_chunks":0,"records_written":0,"producers_with_pending":0,"producers_stopped":0,"producers_expected":0,"completions_pending":0},"accept":{"accepts":3,"accept_err":0,"rearm":0,"sqe_starved":0,"notify_drop":0}}
