topology: 1 L3 domain(s)
  domain  0: 8 cpus [112,113,114,115,116,117,118,119]
tomokv-cpp: 8 unified threads, 16 shard(s), thread-mode=1s, overlap=0 (executor prefetch; ordinary IO), io_uring, alloc=jemalloc, reorder=0, read-local=1
  thread t0: role=unified cpu=112 L3=0 shards=2 send=self
  thread t1: role=unified cpu=113 L3=0 shards=2 send=self
  thread t2: role=unified cpu=114 L3=0 shards=2 send=self
  thread t3: role=unified cpu=115 L3=0 shards=2 send=self
  thread t4: role=unified cpu=116 L3=0 shards=2 send=self
  thread t5: role=unified cpu=117 L3=0 shards=2 send=self
  thread t6: role=unified cpu=118 L3=0 shards=2 send=self
  thread t7: role=unified cpu=119 L3=0 shards=2 send=self
listening on 127.0.0.1:18179
persistence: enabled=0 posted=0 flushed=0 durable=0 refused=0 pending_chunks=0 producers_with_pending=0 drain_gave_up=0 failed=0

thread role          ops      iters   busy_ms   idle_ms    cpu_ms   wake_tx  wake_rx
t0     uni           365     169727     103.1    3889.0     105.2        68      274
io_tenure t0/0 busy_ns=103130526 idle_ns=3888953318 entry_ns=2983833039165881 begin_ns=2983833039165912 end_ns=2983837031249756 exit_ns=2983837031249886 role_exit=0 stopped=1
t1     uni           338     155680      94.7    3897.4      96.7        62      249
io_tenure t1/0 busy_ns=94703098 idle_ns=3897375367 entry_ns=2983833039167032 begin_ns=2983833039167061 end_ns=2983837031245526 exit_ns=2983837031245655 role_exit=0 stopped=1
t2     uni           348     105438      65.1    3927.0      67.0        63      256
io_tenure t2/0 busy_ns=65099295 idle_ns=3926979209 entry_ns=2983833039167361 begin_ns=2983833039167392 end_ns=2983837031245896 exit_ns=2983837031246026 role_exit=0 stopped=1
t3     uni          4563     490425     408.3    3583.7     422.3       946     1094
io_tenure t3/0 busy_ns=408329409 idle_ns=3583747734 entry_ns=2983833039166601 begin_ns=2983833039166632 end_ns=2983837031243775 exit_ns=2983837031243895 role_exit=0 stopped=1
t4     uni           361      43592      31.4    3960.6      33.5        80      282
io_tenure t4/0 busy_ns=31445200 idle_ns=3960627895 entry_ns=2983833039182961 begin_ns=2983833039182981 end_ns=2983837031256076 exit_ns=2983837031256106 role_exit=0 stopped=1
t5     uni           328      88177      55.8    3936.3      57.7        67      245
io_tenure t5/0 busy_ns=55763758 idle_ns=3936311847 entry_ns=2983833039169781 begin_ns=2983833039169801 end_ns=2983837031245406 exit_ns=2983837031245575 role_exit=0 stopped=1
t6     uni           343      53937      37.4    3954.6      39.5        83      274
io_tenure t6/0 busy_ns=37430457 idle_ns=3954646968 entry_ns=2983833039165912 begin_ns=2983833039165941 end_ns=2983837031243366 exit_ns=2983837031243495 role_exit=0 stopped=1
t7     uni           344      86161      55.8    3936.3      57.7       135      334
io_tenure t7/0 busy_ns=55761340 idle_ns=3936315263 entry_ns=2983833039167781 begin_ns=2983833039167892 end_ns=2983837031244495 exit_ns=2983837031244646 role_exit=0 stopped=1
wb: retired=3949 direct=2048 sends=3949/3949 short=0 err=0 peer_aborts=0 bytes=6265313 zc_sends=0 zc_bytes=0 zc_releases=0 serves=6214 empty=2265
tls: accepts=0 handshakes=0/0 failed=0 freed=0 want_read=0 want_write=0 cipher_in=0 plain_in=0 cipher_out=0 plain_out=0 zc_suppressed=0 ktls_active=0 ktls_fallback=0
stuck: live_conns=0 rob_not_quiesced=0 unsent_bytes_pending=0 | slots done=0 issued=0 free=0 flag_set=0
shutdown: unified_work=6990 accepts=242 accept_err=0 rearm=0 sqe_starved=0 notify_drop=0
shutdown_report {"schema":1,"thread_mode":"1s","work":{"kind":"fused","unified":6990},"threads":[{"tid":0,"role":"fused","ops":365,"iterations":169727,"busy_ns":103130526,"idle_ns":3888953318,"cpu_ns":105240478,"wake_tx":68,"wake_rx":274,"io_tenures":[{"entry_ns":2983833039165881,"begin_ns":2983833039165912,"end_ns":2983837031249756,"exit_ns":2983837031249886,"busy_ns":103130526,"idle_ns":3888953318,"role_exit":false,"stopped":true,"did_submit":0,"sweep_submit":0,"park":0}]},{"tid":1,"role":"fused","ops":338,"iterations":155680,"busy_ns":94703098,"idle_ns":3897375367,"cpu_ns":96742567,"wake_tx":62,"wake_rx":249,"io_tenures":[{"entry_ns":2983833039167032,"begin_ns":2983833039167061,"end_ns":2983837031245526,"exit_ns":2983837031245655,"busy_ns":94703098,"idle_ns":3897375367,"role_exit":false,"stopped":true,"did_submit":0,"sweep_submit":0,"park":0}]},{"tid":2,"role":"fused","ops":348,"iterations":105438,"busy_ns":65099295,"idle_ns":3926979209,"cpu_ns":67002215,"wake_tx":63,"wake_rx":256,"io_tenures":[{"entry_ns":2983833039167361,"begin_ns":2983833039167392,"end_ns":2983837031245896,"exit_ns":2983837031246026,"busy_ns":65099295,"idle_ns":3926979209,"role_exit":false,"stopped":true,"did_submit":0,"sweep_submit":0,"park":0}]},{"tid":3,"role":"fused","ops":4563,"iterations":490425,"busy_ns":408329409,"idle_ns":3583747734,"cpu_ns":422327315,"wake_tx":946,"wake_rx":1094,"io_tenures":[{"entry_ns":2983833039166601,"begin_ns":2983833039166632,"end_ns":2983837031243775,"exit_ns":2983837031243895,"busy_ns":408329409,"idle_ns":3583747734,"role_exit":false,"stopped":true,"did_submit":0,"sweep_submit":0,"park":0}]},{"tid":4,"role":"fused","ops":361,"iterations":43592,"busy_ns":31445200,"idle_ns":3960627895,"cpu_ns":33515742,"wake_tx":80,"wake_rx":282,"io_tenures":[{"entry_ns":2983833039182961,"begin_ns":2983833039182981,"end_ns":2983837031256076,"exit_ns":2983837031256106,"busy_ns":31445200,"idle_ns":3960627895,"role_exit":false,"stopped":true,"did_submit":0,"sweep_submit":0,"park":0}]},{"tid":5,"role":"fused","ops":328,"iterations":88177,"busy_ns":55763758,"idle_ns":3936311847,"cpu_ns":57666484,"wake_tx":67,"wake_rx":245,"io_tenures":[{"entry_ns":2983833039169781,"begin_ns":2983833039169801,"end_ns":2983837031245406,"exit_ns":2983837031245575,"busy_ns":55763758,"idle_ns":3936311847,"role_exit":false,"stopped":true,"did_submit":0,"sweep_submit":0,"park":0}]},{"tid":6,"role":"fused","ops":343,"iterations":53937,"busy_ns":37430457,"idle_ns":3954646968,"cpu_ns":39463747,"wake_tx":83,"wake_rx":274,"io_tenures":[{"entry_ns":2983833039165912,"begin_ns":2983833039165941,"end_ns":2983837031243366,"exit_ns":2983837031243495,"busy_ns":37430457,"idle_ns":3954646968,"role_exit":false,"stopped":true,"did_submit":0,"sweep_submit":0,"park":0}]},{"tid":7,"role":"fused","ops":344,"iterations":86161,"busy_ns":55761340,"idle_ns":3936315263,"cpu_ns":57735414,"wake_tx":135,"wake_rx":334,"io_tenures":[{"entry_ns":2983833039167781,"begin_ns":2983833039167892,"end_ns":2983837031244495,"exit_ns":2983837031244646,"busy_ns":55761340,"idle_ns":3936315263,"role_exit":false,"stopped":true,"did_submit":0,"sweep_submit":0,"park":0}]}],"wb":{"retired":3949,"direct":2048,"sends_completed":3949,"sends_submitted":3949,"short_writes":0,"send_errors":0,"peer_aborts":0,"bytes_sent":6265313,"zc_sends":0,"zc_bytes":0,"zc_releases":0,"serves":6214,"serves_empty":2265},"tls":{"accepts":0,"handshakes_completed":0,"handshakes_started":0,"handshakes_failed":0,"connections_freed":0,"want_read":0,"want_write":0,"ciphertext_input_bytes":0,"plaintext_input_bytes":0,"ciphertext_output_bytes":0,"plaintext_output_bytes":0,"zc_suppressed":0,"ktls_active":0,"ktls_fallback":0},"stuck":{"live_conns":0,"rob_not_quiesced":0,"unsent_bytes_pending":0,"slots_done":0,"slots_issued":0,"slots_free":0,"flag_set":0},"epoll":{"enabled":false,"events":0,"recvs":0},"persistence":{"enabled":false,"recording":false,"failed":false,"drain_gave_up":false,"posted":0,"flushed":0,"durable":0,"refused":0,"pending_chunks":0,"records_written":0,"producers_with_pending":0,"producers_stopped":0,"producers_expected":0,"completions_pending":0},"accept":{"accepts":242,"accept_err":0,"rearm":0,"sqe_starved":0,"notify_drop":0}}
