topology: 1 L3 domain(s)
  domain  0: 8 cpus [112,113,114,115,116,117,118,119]
tomokv-cpp: 8 unified threads, 16 shard(s), thread-mode=1s, overlap=0 (executor prefetch; ordinary IO), io_uring, alloc=jemalloc, reorder=0, read-local=1
  thread t0: role=unified cpu=112 L3=0 shards=2 send=self
  thread t1: role=unified cpu=113 L3=0 shards=2 send=self
  thread t2: role=unified cpu=114 L3=0 shards=2 send=self
  thread t3: role=unified cpu=115 L3=0 shards=2 send=self
  thread t4: role=unified cpu=116 L3=0 shards=2 send=self
  thread t5: role=unified cpu=117 L3=0 shards=2 send=self
  thread t6: role=unified cpu=118 L3=0 shards=2 send=self
  thread t7: role=unified cpu=119 L3=0 shards=2 send=self
listening on 127.0.0.1:18179
persistence: enabled=0 posted=0 flushed=0 durable=0 refused=0 pending_chunks=0 producers_with_pending=0 drain_gave_up=0 failed=0

thread role          ops      iters   busy_ms   idle_ms    cpu_ms   wake_tx  wake_rx
t0     uni            74      50716      30.0     900.2      30.8        13       54
io_tenure t0/0 busy_ns=30039785 idle_ns=900230869 entry_ns=2984455579482566 begin_ns=2984455579482597 end_ns=2984456509753251 exit_ns=2984456509753531 role_exit=0 stopped=1
t1     uni            76      65512      37.4     892.8      38.4        16       57
io_tenure t1/0 busy_ns=37438810 idle_ns=892834074 entry_ns=2984455579469266 begin_ns=2984455579469297 end_ns=2984456509742181 exit_ns=2984456509742311 role_exit=0 stopped=1
t2     uni            86      22336      14.3     915.9      15.4        19       70
io_tenure t2/0 busy_ns=14342347 idle_ns=915930717 entry_ns=2984455579470706 begin_ns=2984455579470737 end_ns=2984456509743801 exit_ns=2984456509743931 role_exit=0 stopped=1
t3     uni            74      15151      10.1     920.2      11.0        27       69
io_tenure t3/0 busy_ns=10115064 idle_ns=920154590 entry_ns=2984455579476586 begin_ns=2984455579476617 end_ns=2984456509746271 exit_ns=2984456509746411 role_exit=0 stopped=1
t4     uni            71      12388       8.4     921.9       9.2        15       55
io_tenure t4/0 busy_ns=8358267 idle_ns=921914137 entry_ns=2984455579474617 begin_ns=2984455579474637 end_ns=2984456509747041 exit_ns=2984456509747191 role_exit=0 stopped=1
t5     uni            71      10340       7.9     922.4       8.6        21       61
io_tenure t5/0 busy_ns=7870844 idle_ns=922391890 entry_ns=2984455579479377 begin_ns=2984455579479397 end_ns=2984456509742131 exit_ns=2984456509742271 role_exit=0 stopped=1
t6     uni            78      34629      20.4     909.9      21.2        16       65
io_tenure t6/0 busy_ns=20359395 idle_ns=909897899 entry_ns=2984455579484627 begin_ns=2984455579484657 end_ns=2984456509741951 exit_ns=2984456509742081 role_exit=0 stopped=1
t7     uni          4205      95417      86.6     843.6      95.6       211      245
io_tenure t7/0 busy_ns=86626587 idle_ns=843644308 entry_ns=2984455579472637 begin_ns=2984455579472666 end_ns=2984456509743561 exit_ns=2984456509743691 role_exit=0 stopped=1
wb: retired=2424 direct=2048 sends=2424/2424 short=0 err=0 peer_aborts=0 bytes=1027401 zc_sends=0 zc_bytes=0 zc_releases=0 serves=2714 empty=290
tls: accepts=0 handshakes=0/0 failed=0 freed=0 want_read=0 want_write=0 cipher_in=0 plain_in=0 cipher_out=0 plain_out=0 zc_suppressed=0 ktls_active=0 ktls_fallback=0
stuck: live_conns=0 rob_not_quiesced=0 unsent_bytes_pending=0 | slots done=0 issued=0 free=0 flag_set=0
shutdown: unified_work=4735 accepts=50 accept_err=0 rearm=0 sqe_starved=0 notify_drop=0
shutdown_report {"schema":1,"thread_mode":"1s","work":{"kind":"fused","unified":4735},"threads":[{"tid":0,"role":"fused","ops":74,"iterations":50716,"busy_ns":30039785,"idle_ns":900230869,"cpu_ns":30786770,"wake_tx":13,"wake_rx":54,"io_tenures":[{"entry_ns":2984455579482566,"begin_ns":2984455579482597,"end_ns":2984456509753251,"exit_ns":2984456509753531,"busy_ns":30039785,"idle_ns":900230869,"role_exit":false,"stopped":true,"did_submit":0,"sweep_submit":0,"park":0}]},{"tid":1,"role":"fused","ops":76,"iterations":65512,"busy_ns":37438810,"idle_ns":892834074,"cpu_ns":38364990,"wake_tx":16,"wake_rx":57,"io_tenures":[{"entry_ns":2984455579469266,"begin_ns":2984455579469297,"end_ns":2984456509742181,"exit_ns":2984456509742311,"busy_ns":37438810,"idle_ns":892834074,"role_exit":false,"stopped":true,"did_submit":0,"sweep_submit":0,"park":0}]},{"tid":2,"role":"fused","ops":86,"iterations":22336,"busy_ns":14342347,"idle_ns":915930717,"cpu_ns":15376720,"wake_tx":19,"wake_rx":70,"io_tenures":[{"entry_ns":2984455579470706,"begin_ns":2984455579470737,"end_ns":2984456509743801,"exit_ns":2984456509743931,"busy_ns":14342347,"idle_ns":915930717,"role_exit":false,"stopped":true,"did_submit":0,"sweep_submit":0,"park":0}]},{"tid":3,"role":"fused","ops":74,"iterations":15151,"busy_ns":10115064,"idle_ns":920154590,"cpu_ns":11043580,"wake_tx":27,"wake_rx":69,"io_tenures":[{"entry_ns":2984455579476586,"begin_ns":2984455579476617,"end_ns":2984456509746271,"exit_ns":2984456509746411,"busy_ns":10115064,"idle_ns":920154590,"role_exit":false,"stopped":true,"did_submit":0,"sweep_submit":0,"park":0}]},{"tid":4,"role":"fused","ops":71,"iterations":12388,"busy_ns":8358267,"idle_ns":921914137,"cpu_ns":9228340,"wake_tx":15,"wake_rx":55,"io_tenures":[{"entry_ns":2984455579474617,"begin_ns":2984455579474637,"end_ns":2984456509747041,"exit_ns":2984456509747191,"busy_ns":8358267,"idle_ns":921914137,"role_exit":false,"stopped":true,"did_submit":0,"sweep_submit":0,"park":0}]},{"tid":5,"role":"fused","ops":71,"iterations":10340,"busy_ns":7870844,"idle_ns":922391890,"cpu_ns":8582940,"wake_tx":21,"wake_rx":61,"io_tenures":[{"entry_ns":2984455579479377,"begin_ns":2984455579479397,"end_ns":2984456509742131,"exit_ns":2984456509742271,"busy_ns":7870844,"idle_ns":922391890,"role_exit":false,"stopped":true,"did_submit":0,"sweep_submit":0,"park":0}]},{"tid":6,"role":"fused","ops":78,"iterations":34629,"busy_ns":20359395,"idle_ns":909897899,"cpu_ns":21238070,"wake_tx":16,"wake_rx":65,"io_tenures":[{"entry_ns":2984455579484627,"begin_ns":2984455579484657,"end_ns":2984456509741951,"exit_ns":2984456509742081,"busy_ns":20359395,"idle_ns":909897899,"role_exit":false,"stopped":true,"did_submit":0,"sweep_submit":0,"park":0}]},{"tid":7,"role":"fused","ops":4205,"iterations":95417,"busy_ns":86626587,"idle_ns":843644308,"cpu_ns":95616920,"wake_tx":211,"wake_rx":245,"io_tenures":[{"entry_ns":2984455579472637,"begin_ns":2984455579472666,"end_ns":2984456509743561,"exit_ns":2984456509743691,"busy_ns":86626587,"idle_ns":843644308,"role_exit":false,"stopped":true,"did_submit":0,"sweep_submit":0,"park":0}]}],"wb":{"retired":2424,"direct":2048,"sends_completed":2424,"sends_submitted":2424,"short_writes":0,"send_errors":0,"peer_aborts":0,"bytes_sent":1027401,"zc_sends":0,"zc_bytes":0,"zc_releases":0,"serves":2714,"serves_empty":290},"tls":{"accepts":0,"handshakes_completed":0,"handshakes_started":0,"handshakes_failed":0,"connections_freed":0,"want_read":0,"want_write":0,"ciphertext_input_bytes":0,"plaintext_input_bytes":0,"ciphertext_output_bytes":0,"plaintext_output_bytes":0,"zc_suppressed":0,"ktls_active":0,"ktls_fallback":0},"stuck":{"live_conns":0,"rob_not_quiesced":0,"unsent_bytes_pending":0,"slots_done":0,"slots_issued":0,"slots_free":0,"flag_set":0},"epoll":{"enabled":false,"events":0,"recvs":0},"persistence":{"enabled":false,"recording":false,"failed":false,"drain_gave_up":false,"posted":0,"flushed":0,"durable":0,"refused":0,"pending_chunks":0,"records_written":0,"producers_with_pending":0,"producers_stopped":0,"producers_expected":0,"completions_pending":0},"accept":{"accepts":50,"accept_err":0,"rearm":0,"sqe_starved":0,"notify_drop":0}}
