topology: 1 L3 domain(s)
  domain  0: 8 cpus [112,113,114,115,116,117,118,119]
tomokv-cpp: 8 threads (6 io + 2 ex), 16 shard(s), thread-mode=2s, overlap=0, io_uring, alloc=jemalloc, reorder=0, read-local=0
  thread t0: role=ifid cpu=112 L3=0 shards=0
  thread t1: role=ifid cpu=113 L3=0 shards=0
  thread t2: role=ifid cpu=114 L3=0 shards=0
  thread t3: role=ifid cpu=115 L3=0 shards=0
  thread t4: role=ifid cpu=116 L3=0 shards=0
  thread t5: role=ifid cpu=117 L3=0 shards=0
  thread t6: role=ex cpu=118 L3=0 shards=8
  thread t7: role=ex cpu=119 L3=0 shards=8
listening on 127.0.0.1:18340
persistence: enabled=0 posted=0 flushed=0 durable=0 refused=0 pending_chunks=0 producers_with_pending=0 drain_gave_up=0 failed=0

thread role          ops      iters   busy_ms   idle_ms    cpu_ms   wake_tx  wake_rx
t0     io              4        205       0.8     293.5       1.2         6       11
io_tenure t0/0 busy_ns=788362 idle_ns=293548261 entry_ns=3160526428759988 begin_ns=3160526428760028 end_ns=3160526723096651 exit_ns=3160526723096681 role_exit=0 stopped=1
t1     io              0        359       0.3     293.5       0.7         1        2
io_tenure t1/0 busy_ns=324611 idle_ns=293490400 entry_ns=3160526429265010 begin_ns=3160526429265050 end_ns=3160526723080061 exit_ns=3160526723080091 role_exit=0 stopped=1
t2     io              1        440       0.3     293.8       0.7         0        3
io_tenure t2/0 busy_ns=285069 idle_ns=293772383 entry_ns=3160526429023089 begin_ns=3160526429023129 end_ns=3160526723080581 exit_ns=3160526723080711 role_exit=0 stopped=1
t3     io              0        381       0.1     294.0       0.5         1        2
io_tenure t3/0 busy_ns=120312 idle_ns=294048950 entry_ns=3160526428913929 begin_ns=3160526428913969 end_ns=3160526723083231 exit_ns=3160526723083361 role_exit=0 stopped=1
t4     io              0        294       0.1     294.0       0.5         0        1
io_tenure t4/0 busy_ns=101658 idle_ns=294038664 entry_ns=3160526428941459 begin_ns=3160526428941489 end_ns=3160526723081811 exit_ns=3160526723081941 role_exit=0 stopped=1
t5     io              0        365       0.1     294.0       0.5         1        2
io_tenure t5/0 busy_ns=116001 idle_ns=294000171 entry_ns=3160526428978329 begin_ns=3160526428978389 end_ns=3160526723094561 exit_ns=3160526723094611 role_exit=0 stopped=1
t6     ex              8      16442       0.0     290.6       5.8         0        0
t7     ex             13      17047       0.1     290.4       5.9         4        5
wb: retired=10 direct=2 sends=10/10 short=0 err=0 peer_aborts=0 bytes=10353 zc_sends=0 zc_bytes=0 zc_releases=0 serves=14 empty=4
tls: accepts=0 handshakes=0/0 failed=0 freed=0 want_read=0 want_write=0 cipher_in=0 plain_in=0 cipher_out=0 plain_out=0 zc_suppressed=0 ktls_active=0 ktls_fallback=0
stuck: live_conns=0 rob_not_quiesced=0 unsent_bytes_pending=0 | slots done=0 issued=0 free=0 flag_set=0
shutdown: dispatched=5 executed=21 accepts=3 accept_err=0 rearm=0 sqe_starved=0 notify_drop=0
shutdown_report {"schema":1,"thread_mode":"2s","work":{"kind":"split","dispatched":5,"executed":21},"threads":[{"tid":0,"role":"io","ops":4,"iterations":205,"busy_ns":788362,"idle_ns":293548261,"cpu_ns":1206370,"wake_tx":6,"wake_rx":11,"io_tenures":[{"entry_ns":3160526428759988,"begin_ns":3160526428760028,"end_ns":3160526723096651,"exit_ns":3160526723096681,"busy_ns":788362,"idle_ns":293548261,"role_exit":false,"stopped":true,"did_submit":0,"sweep_submit":0,"park":0}]},{"tid":1,"role":"io","ops":0,"iterations":359,"busy_ns":324611,"idle_ns":293490400,"cpu_ns":691160,"wake_tx":1,"wake_rx":2,"io_tenures":[{"entry_ns":3160526429265010,"begin_ns":3160526429265050,"end_ns":3160526723080061,"exit_ns":3160526723080091,"busy_ns":324611,"idle_ns":293490400,"role_exit":false,"stopped":true,"did_submit":0,"sweep_submit":0,"park":0}]},{"tid":2,"role":"io","ops":1,"iterations":440,"busy_ns":285069,"idle_ns":293772383,"cpu_ns":730750,"wake_tx":0,"wake_rx":3,"io_tenures":[{"entry_ns":3160526429023089,"begin_ns":3160526429023129,"end_ns":3160526723080581,"exit_ns":3160526723080711,"busy_ns":285069,"idle_ns":293772383,"role_exit":false,"stopped":true,"did_submit":0,"sweep_submit":0,"park":0}]},{"tid":3,"role":"io","ops":0,"iterations":381,"busy_ns":120312,"idle_ns":294048950,"cpu_ns":498390,"wake_tx":1,"wake_rx":2,"io_tenures":[{"entry_ns":3160526428913929,"begin_ns":3160526428913969,"end_ns":3160526723083231,"exit_ns":3160526723083361,"busy_ns":120312,"idle_ns":294048950,"role_exit":false,"stopped":true,"did_submit":0,"sweep_submit":0,"park":0}]},{"tid":4,"role":"io","ops":0,"iterations":294,"busy_ns":101658,"idle_ns":294038664,"cpu_ns":477750,"wake_tx":0,"wake_rx":1,"io_tenures":[{"entry_ns":3160526428941459,"begin_ns":3160526428941489,"end_ns":3160526723081811,"exit_ns":3160526723081941,"busy_ns":101658,"idle_ns":294038664,"role_exit":false,"stopped":true,"did_submit":0,"sweep_submit":0,"park":0}]},{"tid":5,"role":"io","ops":0,"iterations":365,"busy_ns":116001,"idle_ns":294000171,"cpu_ns":503470,"wake_tx":1,"wake_rx":2,"io_tenures":[{"entry_ns":3160526428978329,"begin_ns":3160526428978389,"end_ns":3160526723094561,"exit_ns":3160526723094611,"busy_ns":116001,"idle_ns":294000171,"role_exit":false,"stopped":true,"did_submit":0,"sweep_submit":0,"park":0}]},{"tid":6,"role":"ex","ops":8,"iterations":16442,"busy_ns":44818,"idle_ns":290631218,"cpu_ns":5756460,"wake_tx":0,"wake_rx":0,"io_tenures":[]},{"tid":7,"role":"ex","ops":13,"iterations":17047,"busy_ns":97400,"idle_ns":290433889,"cpu_ns":5927370,"wake_tx":4,"wake_rx":5,"io_tenures":[]}],"wb":{"retired":10,"direct":2,"sends_completed":10,"sends_submitted":10,"short_writes":0,"send_errors":0,"peer_aborts":0,"bytes_sent":10353,"zc_sends":0,"zc_bytes":0,"zc_releases":0,"serves":14,"serves_empty":4},"tls":{"accepts":0,"handshakes_completed":0,"handshakes_started":0,"handshakes_failed":0,"connections_freed":0,"want_read":0,"want_write":0,"ciphertext_input_bytes":0,"plaintext_input_bytes":0,"ciphertext_output_bytes":0,"plaintext_output_bytes":0,"zc_suppressed":0,"ktls_active":0,"ktls_fallback":0},"stuck":{"live_conns":0,"rob_not_quiesced":0,"unsent_bytes_pending":0,"slots_done":0,"slots_issued":0,"slots_free":0,"flag_set":0},"epoll":{"enabled":false,"events":0,"recvs":0},"persistence":{"enabled":false,"recording":false,"failed":false,"drain_gave_up":false,"posted":0,"flushed":0,"durable":0,"refused":0,"pending_chunks":0,"records_written":0,"producers_with_pending":0,"producers_stopped":0,"producers_expected":0,"completions_pending":0},"accept":{"accepts":3,"accept_err":0,"rearm":0,"sqe_starved":0,"notify_drop":0}}
