topology: 1 L3 domain(s)
  domain  0: 8 cpus [112,113,114,115,116,117,118,119]
tomokv-cpp: 8 unified threads, 16 shard(s), thread-mode=1s, overlap=0 (executor prefetch; ordinary IO), io_uring, alloc=jemalloc, reorder=0, read-local=1
  thread t0: role=unified cpu=112 L3=0 shards=2 send=self
  thread t1: role=unified cpu=113 L3=0 shards=2 send=self
  thread t2: role=unified cpu=114 L3=0 shards=2 send=self
  thread t3: role=unified cpu=115 L3=0 shards=2 send=self
  thread t4: role=unified cpu=116 L3=0 shards=2 send=self
  thread t5: role=unified cpu=117 L3=0 shards=2 send=self
  thread t6: role=unified cpu=118 L3=0 shards=2 send=self
  thread t7: role=unified cpu=119 L3=0 shards=2 send=self
listening on 127.0.0.1:17899
persistence: enabled=0 posted=0 flushed=0 durable=0 refused=0 pending_chunks=0 producers_with_pending=0 drain_gave_up=0 failed=0

thread role          ops      iters   busy_ms   idle_ms    cpu_ms   wake_tx  wake_rx
t0     uni         12421      10171      32.5    1005.0      35.8      4855     5948
io_tenure t0/0 busy_ns=32516135 idle_ns=1005048823 entry_ns=2928239164196182 begin_ns=2928239164196212 end_ns=2928240201761170 exit_ns=2928240201761230 role_exit=0 stopped=1
t1     uni          2757       5644      12.4    1025.1      14.8       149     1161
io_tenure t1/0 busy_ns=12435828 idle_ns=1025129330 entry_ns=2928239164197752 begin_ns=2928239164197782 end_ns=2928240201762940 exit_ns=2928240201763080 role_exit=0 stopped=1
t2     uni          3666       6492      13.7    1023.9      16.3       248     1532
io_tenure t2/0 busy_ns=13653342 idle_ns=1023890346 entry_ns=2928239164215412 begin_ns=2928239164215442 end_ns=2928240201759130 exit_ns=2928240201759290 role_exit=0 stopped=1
t3     uni          1656       4447      11.0    1026.6      12.8       135      867
io_tenure t3/0 busy_ns=10977128 idle_ns=1026589820 entry_ns=2928239164195512 begin_ns=2928239164195542 end_ns=2928240201762490 exit_ns=2928240201762620 role_exit=0 stopped=1
t4     uni          3300       6205      13.0    1024.6      15.6       297     1569
io_tenure t4/0 busy_ns=13020692 idle_ns=1024550366 entry_ns=2928239164199302 begin_ns=2928239164199332 end_ns=2928240201770390 exit_ns=2928240201770421 role_exit=0 stopped=1
t5     uni          1671       4333      10.8    1026.7      12.6        36      717
io_tenure t5/0 busy_ns=10820887 idle_ns=1026739871 entry_ns=2928239164197422 begin_ns=2928239164197452 end_ns=2928240201758210 exit_ns=2928240201758340 role_exit=0 stopped=1
t6     uni          7820       8100      22.9    1014.6      25.7      2540     3660
io_tenure t6/0 busy_ns=22947350 idle_ns=1014615598 entry_ns=2928239164196222 begin_ns=2928239164196252 end_ns=2928240201759200 exit_ns=2928240201759470 role_exit=0 stopped=1
t7     uni          4200       6359      12.8    1024.7      15.7       366     1798
io_tenure t7/0 busy_ns=12844643 idle_ns=1024715255 entry_ns=2928239164198002 begin_ns=2928239164198032 end_ns=2928240201757930 exit_ns=2928240201758270 role_exit=0 stopped=1
wb: retired=13281 direct=338 sends=2584/2584 short=0 err=0 peer_aborts=0 bytes=407565 zc_sends=0 zc_bytes=0 zc_releases=0 serves=2877 empty=293
tls: accepts=0 handshakes=0/0 failed=0 freed=0 want_read=0 want_write=0 cipher_in=0 plain_in=0 cipher_out=0 plain_out=0 zc_suppressed=0 ktls_active=0 ktls_fallback=0
stuck: live_conns=0 rob_not_quiesced=0 unsent_bytes_pending=0 | slots done=0 issued=0 free=0 flag_set=0
shutdown: unified_work=37491 accepts=4 accept_err=0 rearm=0 sqe_starved=0 notify_drop=0
shutdown_report {"schema":1,"thread_mode":"1s","work":{"kind":"fused","unified":37491},"threads":[{"tid":0,"role":"fused","ops":12421,"iterations":10171,"busy_ns":32516135,"idle_ns":1005048823,"cpu_ns":35750963,"wake_tx":4855,"wake_rx":5948,"io_tenures":[{"entry_ns":2928239164196182,"begin_ns":2928239164196212,"end_ns":2928240201761170,"exit_ns":2928240201761230,"busy_ns":32516135,"idle_ns":1005048823,"role_exit":false,"stopped":true,"did_submit":0,"sweep_submit":0,"park":0}]},{"tid":1,"role":"fused","ops":2757,"iterations":5644,"busy_ns":12435828,"idle_ns":1025129330,"cpu_ns":14777301,"wake_tx":149,"wake_rx":1161,"io_tenures":[{"entry_ns":2928239164197752,"begin_ns":2928239164197782,"end_ns":2928240201762940,"exit_ns":2928240201763080,"busy_ns":12435828,"idle_ns":1025129330,"role_exit":false,"stopped":true,"did_submit":0,"sweep_submit":0,"park":0}]},{"tid":2,"role":"fused","ops":3666,"iterations":6492,"busy_ns":13653342,"idle_ns":1023890346,"cpu_ns":16320759,"wake_tx":248,"wake_rx":1532,"io_tenures":[{"entry_ns":2928239164215412,"begin_ns":2928239164215442,"end_ns":2928240201759130,"exit_ns":2928240201759290,"busy_ns":13653342,"idle_ns":1023890346,"role_exit":false,"stopped":true,"did_submit":0,"sweep_submit":0,"park":0}]},{"tid":3,"role":"fused","ops":1656,"iterations":4447,"busy_ns":10977128,"idle_ns":1026589820,"cpu_ns":12834045,"wake_tx":135,"wake_rx":867,"io_tenures":[{"entry_ns":2928239164195512,"begin_ns":2928239164195542,"end_ns":2928240201762490,"exit_ns":2928240201762620,"busy_ns":10977128,"idle_ns":1026589820,"role_exit":false,"stopped":true,"did_submit":0,"sweep_submit":0,"park":0}]},{"tid":4,"role":"fused","ops":3300,"iterations":6205,"busy_ns":13020692,"idle_ns":1024550366,"cpu_ns":15637487,"wake_tx":297,"wake_rx":1569,"io_tenures":[{"entry_ns":2928239164199302,"begin_ns":2928239164199332,"end_ns":2928240201770390,"exit_ns":2928240201770421,"busy_ns":13020692,"idle_ns":1024550366,"role_exit":false,"stopped":true,"did_submit":0,"sweep_submit":0,"park":0}]},{"tid":5,"role":"fused","ops":1671,"iterations":4333,"busy_ns":10820887,"idle_ns":1026739871,"cpu_ns":12594489,"wake_tx":36,"wake_rx":717,"io_tenures":[{"entry_ns":2928239164197422,"begin_ns":2928239164197452,"end_ns":2928240201758210,"exit_ns":2928240201758340,"busy_ns":10820887,"idle_ns":1026739871,"role_exit":false,"stopped":true,"did_submit":0,"sweep_submit":0,"park":0}]},{"tid":6,"role":"fused","ops":7820,"iterations":8100,"busy_ns":22947350,"idle_ns":1014615598,"cpu_ns":25746231,"wake_tx":2540,"wake_rx":3660,"io_tenures":[{"entry_ns":2928239164196222,"begin_ns":2928239164196252,"end_ns":2928240201759200,"exit_ns":2928240201759470,"busy_ns":22947350,"idle_ns":1014615598,"role_exit":false,"stopped":true,"did_submit":0,"sweep_submit":0,"park":0}]},{"tid":7,"role":"fused","ops":4200,"iterations":6359,"busy_ns":12844643,"idle_ns":1024715255,"cpu_ns":15667658,"wake_tx":366,"wake_rx":1798,"io_tenures":[{"entry_ns":2928239164198002,"begin_ns":2928239164198032,"end_ns":2928240201757930,"exit_ns":2928240201758270,"busy_ns":12844643,"idle_ns":1024715255,"role_exit":false,"stopped":true,"did_submit":0,"sweep_submit":0,"park":0}]}],"wb":{"retired":13281,"direct":338,"sends_completed":2584,"sends_submitted":2584,"short_writes":0,"send_errors":0,"peer_aborts":0,"bytes_sent":407565,"zc_sends":0,"zc_bytes":0,"zc_releases":0,"serves":2877,"serves_empty":293},"tls":{"accepts":0,"handshakes_completed":0,"handshakes_started":0,"handshakes_failed":0,"connections_freed":0,"want_read":0,"want_write":0,"ciphertext_input_bytes":0,"plaintext_input_bytes":0,"ciphertext_output_bytes":0,"plaintext_output_bytes":0,"zc_suppressed":0,"ktls_active":0,"ktls_fallback":0},"stuck":{"live_conns":0,"rob_not_quiesced":0,"unsent_bytes_pending":0,"slots_done":0,"slots_issued":0,"slots_free":0,"flag_set":0},"epoll":{"enabled":false,"events":0,"recvs":0},"persistence":{"enabled":false,"recording":false,"failed":false,"drain_gave_up":false,"posted":0,"flushed":0,"durable":0,"refused":0,"pending_chunks":0,"records_written":0,"producers_with_pending":0,"producers_stopped":0,"producers_expected":0,"completions_pending":0},"accept":{"accepts":4,"accept_err":0,"rearm":0,"sqe_starved":0,"notify_drop":0}}
