topology: 1 L3 domain(s)
  domain  0: 8 cpus [112,113,114,115,116,117,118,119]
tomokv-cpp: 8 unified threads, 16 shard(s), thread-mode=1s, overlap=0 (executor prefetch; ordinary IO), io_uring, alloc=jemalloc, reorder=0, read-local=1
  thread t0: role=unified cpu=112 L3=0 shards=2 send=self
  thread t1: role=unified cpu=113 L3=0 shards=2 send=self
  thread t2: role=unified cpu=114 L3=0 shards=2 send=self
  thread t3: role=unified cpu=115 L3=0 shards=2 send=self
  thread t4: role=unified cpu=116 L3=0 shards=2 send=self
  thread t5: role=unified cpu=117 L3=0 shards=2 send=self
  thread t6: role=unified cpu=118 L3=0 shards=2 send=self
  thread t7: role=unified cpu=119 L3=0 shards=2 send=self
listening on 127.0.0.1:18179
persistence: enabled=0 posted=0 flushed=0 durable=0 refused=0 pending_chunks=0 producers_with_pending=0 drain_gave_up=0 failed=0

thread role          ops      iters   busy_ms   idle_ms    cpu_ms   wake_tx  wake_rx
t0     uni            28      21498      12.4     162.6      13.1         6       21
io_tenure t0/0 busy_ns=12420340 idle_ns=162611754 entry_ns=2982808609554381 begin_ns=2982808609554411 end_ns=2982808784586505 exit_ns=2982808784586685 role_exit=0 stopped=1
t1     uni            27      11868       7.0     168.0       7.5         4       18
io_tenure t1/0 busy_ns=6991971 idle_ns=168039563 entry_ns=2982808609556501 begin_ns=2982808609556531 end_ns=2982808784588065 exit_ns=2982808784588105 role_exit=0 stopped=1
t2     uni            32       1034       1.0     174.0       1.6         4       21
io_tenure t2/0 busy_ns=1044557 idle_ns=173984757 entry_ns=2982808609558181 begin_ns=2982808609558211 end_ns=2982808784587525 exit_ns=2982808784587655 role_exit=0 stopped=1
t3     uni            31       1078       0.9     174.1       1.5         3       22
io_tenure t3/0 busy_ns=934726 idle_ns=174094818 entry_ns=2982808609558401 begin_ns=2982808609558421 end_ns=2982808784587965 exit_ns=2982808784587995 role_exit=0 stopped=1
t4     uni          4135      26698      37.4     137.6      45.3        79       92
io_tenure t4/0 busy_ns=37395215 idle_ns=137635819 entry_ns=2982808609556691 begin_ns=2982808609556721 end_ns=2982808784587755 exit_ns=2982808784587795 role_exit=0 stopped=1
t5     uni            28      10789       6.5     168.5       7.1         8       23
io_tenure t5/0 busy_ns=6531513 idle_ns=168500931 entry_ns=2982808609554601 begin_ns=2982808609554631 end_ns=2982808784587075 exit_ns=2982808784587135 role_exit=0 stopped=1
t6     uni            29       1052       1.1     173.9       1.7         8       22
io_tenure t6/0 busy_ns=1127407 idle_ns=173906777 entry_ns=2982808609553941 begin_ns=2982808609554071 end_ns=2982808784588255 exit_ns=2982808784588285 role_exit=0 stopped=1
t7     uni            28       2056       1.6     173.4       2.2        10       25
io_tenure t7/0 busy_ns=1645810 idle_ns=173392924 entry_ns=2982808609549491 begin_ns=2982808609549521 end_ns=2982808784588255 exit_ns=2982808784588365 role_exit=0 stopped=1
wb: retired=2209 direct=2048 sends=2209/2209 short=0 err=0 peer_aborts=0 bytes=563713 zc_sends=0 zc_bytes=0 zc_releases=0 serves=2212 empty=3
tls: accepts=0 handshakes=0/0 failed=0 freed=0 want_read=0 want_write=0 cipher_in=0 plain_in=0 cipher_out=0 plain_out=0 zc_suppressed=0 ktls_active=0 ktls_fallback=0
stuck: live_conns=0 rob_not_quiesced=0 unsent_bytes_pending=0 | slots done=0 issued=0 free=0 flag_set=0
shutdown: unified_work=4338 accepts=13 accept_err=0 rearm=0 sqe_starved=0 notify_drop=0
shutdown_report {"schema":1,"thread_mode":"1s","work":{"kind":"fused","unified":4338},"threads":[{"tid":0,"role":"fused","ops":28,"iterations":21498,"busy_ns":12420340,"idle_ns":162611754,"cpu_ns":13090750,"wake_tx":6,"wake_rx":21,"io_tenures":[{"entry_ns":2982808609554381,"begin_ns":2982808609554411,"end_ns":2982808784586505,"exit_ns":2982808784586685,"busy_ns":12420340,"idle_ns":162611754,"role_exit":false,"stopped":true,"did_submit":0,"sweep_submit":0,"park":0}]},{"tid":1,"role":"fused","ops":27,"iterations":11868,"busy_ns":6991971,"idle_ns":168039563,"cpu_ns":7494120,"wake_tx":4,"wake_rx":18,"io_tenures":[{"entry_ns":2982808609556501,"begin_ns":2982808609556531,"end_ns":2982808784588065,"exit_ns":2982808784588105,"busy_ns":6991971,"idle_ns":168039563,"role_exit":false,"stopped":true,"did_submit":0,"sweep_submit":0,"park":0}]},{"tid":2,"role":"fused","ops":32,"iterations":1034,"busy_ns":1044557,"idle_ns":173984757,"cpu_ns":1569520,"wake_tx":4,"wake_rx":21,"io_tenures":[{"entry_ns":2982808609558181,"begin_ns":2982808609558211,"end_ns":2982808784587525,"exit_ns":2982808784587655,"busy_ns":1044557,"idle_ns":173984757,"role_exit":false,"stopped":true,"did_submit":0,"sweep_submit":0,"park":0}]},{"tid":3,"role":"fused","ops":31,"iterations":1078,"busy_ns":934726,"idle_ns":174094818,"cpu_ns":1529640,"wake_tx":3,"wake_rx":22,"io_tenures":[{"entry_ns":2982808609558401,"begin_ns":2982808609558421,"end_ns":2982808784587965,"exit_ns":2982808784587995,"busy_ns":934726,"idle_ns":174094818,"role_exit":false,"stopped":true,"did_submit":0,"sweep_submit":0,"park":0}]},{"tid":4,"role":"fused","ops":4135,"iterations":26698,"busy_ns":37395215,"idle_ns":137635819,"cpu_ns":45312250,"wake_tx":79,"wake_rx":92,"io_tenures":[{"entry_ns":2982808609556691,"begin_ns":2982808609556721,"end_ns":2982808784587755,"exit_ns":2982808784587795,"busy_ns":37395215,"idle_ns":137635819,"role_exit":false,"stopped":true,"did_submit":0,"sweep_submit":0,"park":0}]},{"tid":5,"role":"fused","ops":28,"iterations":10789,"busy_ns":6531513,"idle_ns":168500931,"cpu_ns":7063550,"wake_tx":8,"wake_rx":23,"io_tenures":[{"entry_ns":2982808609554601,"begin_ns":2982808609554631,"end_ns":2982808784587075,"exit_ns":2982808784587135,"busy_ns":6531513,"idle_ns":168500931,"role_exit":false,"stopped":true,"did_submit":0,"sweep_submit":0,"park":0}]},{"tid":6,"role":"fused","ops":29,"iterations":1052,"busy_ns":1127407,"idle_ns":173906777,"cpu_ns":1704560,"wake_tx":8,"wake_rx":22,"io_tenures":[{"entry_ns":2982808609553941,"begin_ns":2982808609554071,"end_ns":2982808784588255,"exit_ns":2982808784588285,"busy_ns":1127407,"idle_ns":173906777,"role_exit":false,"stopped":true,"did_submit":0,"sweep_submit":0,"park":0}]},{"tid":7,"role":"fused","ops":28,"iterations":2056,"busy_ns":1645810,"idle_ns":173392924,"cpu_ns":2197710,"wake_tx":10,"wake_rx":25,"io_tenures":[{"entry_ns":2982808609549491,"begin_ns":2982808609549521,"end_ns":2982808784588255,"exit_ns":2982808784588365,"busy_ns":1645810,"idle_ns":173392924,"role_exit":false,"stopped":true,"did_submit":0,"sweep_submit":0,"park":0}]}],"wb":{"retired":2209,"direct":2048,"sends_completed":2209,"sends_submitted":2209,"short_writes":0,"send_errors":0,"peer_aborts":0,"bytes_sent":563713,"zc_sends":0,"zc_bytes":0,"zc_releases":0,"serves":2212,"serves_empty":3},"tls":{"accepts":0,"handshakes_completed":0,"handshakes_started":0,"handshakes_failed":0,"connections_freed":0,"want_read":0,"want_write":0,"ciphertext_input_bytes":0,"plaintext_input_bytes":0,"ciphertext_output_bytes":0,"plaintext_output_bytes":0,"zc_suppressed":0,"ktls_active":0,"ktls_fallback":0},"stuck":{"live_conns":0,"rob_not_quiesced":0,"unsent_bytes_pending":0,"slots_done":0,"slots_issued":0,"slots_free":0,"flag_set":0},"epoll":{"enabled":false,"events":0,"recvs":0},"persistence":{"enabled":false,"recording":false,"failed":false,"drain_gave_up":false,"posted":0,"flushed":0,"durable":0,"refused":0,"pending_chunks":0,"records_written":0,"producers_with_pending":0,"producers_stopped":0,"producers_expected":0,"completions_pending":0},"accept":{"accepts":13,"accept_err":0,"rearm":0,"sqe_starved":0,"notify_drop":0}}
