{"event": "spawn", "pid": 3532646, "argv": ["taskset", "-c", "120", "/home/user/Projects/redis/src/redis-server", "--bind", "127.0.0.1", "--port", "25010", "--save", "", "--appendonly", "no", "--dir", "/home/user/Projects/cx-aoffix2/build/aoffix2/oracle-filename/filename-0", "--protected-mode", "no", "--appendonly", "yes", "--appendfsync", "always", "--auto-aof-rewrite-percentage", "0", "--appendfilename", "has space.aof"], "fsize": null, "load": {"loadavg": "97.04 96.17 60.06 83/5165 3532674", "cpu_stat": ["cpu120 9789426 926 2471189 316768804 507841 0 938959 0 0 0"], "processes": ["    PID PSR %CPU COMMAND", "3532679 126 1200 ps", "3529361 125 36.3 cc1plus", "3528586 112 31.4 cc1plus", "3514003 112 30.3 cc1plus", "3454495 117 29.5 cc1plus", "3441206 119 29.5 cc1plus", "3511547 113 28.6 as", "3483018 113 28.2 cc1plus", "3515281 122 24.4 cc1plus", "3198257 117 19.7 cc1plus", "3188805 118 18.9 cc1plus", "3186877 112 18.9 cc1plus", "3378864 127 18.8 cc1plus", "3379989 125 18.7 cc1plus", "3185903 114 18.2 cc1plus", "3356166 120 18.1 cc1plus", "3184316 113 17.9 cc1plus", "3220725 112 16.8 cc1plus", "3168269 116 15.6 cc1plus", "3531907 121 15.6 python3", "3217348 121 15.0 cc1plus", "3207552 126 14.9 cc1plus", "3209072 125 14.9 cc1plus", "3186005 114 14.6 cc1plus"]}}
{"event": "boot", "ready": true, "exit": null, "log": "/home/user/Projects/cx-aoffix2/build/aoffix2/oracle-filename/server-1.log"}
{"event": "manifest", "name": "has space.aof", "text": "file \"has space.aof.2.base.rdb\" seq 2 type b\nfile \"has space.aof.2.incr.aof\" seq 2 type i\n"}
{"event": "stop", "exit": 0, "escalated": false}
{"event": "spawn", "pid": 3535199, "argv": ["taskset", "-c", "120", "/home/user/Projects/redis/src/redis-server", "--bind", "127.0.0.1", "--port", "25010", "--save", "", "--appendonly", "no", "--dir", "/home/user/Projects/cx-aoffix2/build/aoffix2/oracle-filename/filename-0", "--protected-mode", "no", "--appendonly", "yes", "--appendfsync", "always", "--auto-aof-rewrite-percentage", "0", "--appendfilename", "has space.aof"], "fsize": null, "load": {"loadavg": "97.04 96.17 60.06 71/5163 3535202", "cpu_stat": ["cpu120 9789512 926 2471205 316768804 507841 0 938959 0 0 0"], "processes": ["    PID PSR %CPU COMMAND", "3529361 121 30.0 cc1plus", "3454495 119 29.9 cc1plus", "3514003 114 29.7 cc1plus", "3441206 118 29.4 cc1plus", "3528586 114 28.5 cc1plus", "3483018 112 28.1 cc1plus", "3511547 117 28.1 as", "3515281 126 24.0 cc1plus", "3198257 117 19.7 cc1plus", "3188805 117 19.0 cc1plus", "3186877 117 18.9 cc1plus", "3378864 124 18.9 cc1plus", "3379989 120 18.8 cc1plus", "3356166 126 18.2 cc1plus", "3185903 114 18.2 cc1plus", "3184316 112 18.0 cc1plus", "3220725 114 16.8 cc1plus", "3168269 112 15.6 cc1plus", "3217348 127 15.0 cc1plus", "3209072 126 14.9 cc1plus", "3207552 121 14.9 cc1plus", "3186005 119 14.7 cc1plus", "3206122 124 14.7 cc1plus", "3199259 125 14.4 cc1plus"]}}
{"event": "boot", "ready": true, "exit": null, "log": "/home/user/Projects/cx-aoffix2/build/aoffix2/oracle-filename/server-2.log"}
{"event": "stop", "exit": 0, "escalated": false}
{"event": "spawn", "pid": 3537752, "argv": ["taskset", "-c", "120", "/home/user/Projects/redis/src/redis-server", "--bind", "127.0.0.1", "--port", "25010", "--save", "", "--appendonly", "no", "--dir", "/home/user/Projects/cx-aoffix2/build/aoffix2/oracle-filename/filename-1", "--protected-mode", "no", "--appendonly", "yes", "--appendfsync", "always", "--auto-aof-rewrite-percentage", "0", "--appendfilename", "quote\"slash\\.aof"], "fsize": null, "load": {"loadavg": "97.04 96.17 60.06 88/5156 3537781", "cpu_stat": ["cpu120 9789596 926 2471223 316768804 507841 0 938959 0 0 0"], "processes": ["    PID PSR %CPU COMMAND", "3536309 118 51.6 as", "3454495 115 29.8 cc1plus", "3514003 119 29.6 cc1plus", "3483018 118 28.1 cc1plus", "3529361 125 27.1 cc1plus", "3528586 113 26.5 cc1plus", "3515281 122 23.6 cc1plus", "3198257 115 19.8 cc1plus", "3188805 118 19.0 cc1plus", "3378864 122 19.0 cc1plus", "3186877 118 19.0 cc1plus", "3379989 121 18.8 cc1plus", "3356166 120 18.3 cc1plus", "3185903 119 18.2 cc1plus", "3184316 113 18.0 cc1plus", "3220725 114 17.0 cc1plus", "3168269 112 15.7 cc1plus", "3217348 124 15.1 cc1plus", "3207552 121 15.0 cc1plus", "3209072 127 15.0 cc1plus", "3186005 117 14.7 cc1plus", "3206122 126 14.7 cc1plus", "3199259 120 14.4 cc1plus", "3197200 122 14.4 cc1plus"]}}
{"event": "boot", "ready": false, "exit": 1, "log": "/home/user/Projects/cx-aoffix2/build/aoffix2/oracle-filename/server-3.log"}
{"event": "stop", "exit": 1, "escalated": false}
{"event": "FAIL", "case": "filename", "error": "AssertionError('\\n*** FATAL CONFIG FILE ERROR (Redis 7.4.10) ***\\nReading the configuration file, at line 11\\n>>> \\'appendfilename \"quote\\\\\"slash\\\\\\\\.aof\"\\'\\nappendfilename can\\'t be a path, just a filename\\n')"}
Traceback (most recent call last):
  File "/home/user/Projects/cx-aoffix2/tests/aoffix2.py", line 550, in <module>
    CASES[ARGS.case]()
  File "/home/user/Projects/cx-aoffix2/tests/aoffix2.py", line 250, in filename
    c = s.client()
        ^^^^^^^^^^
  File "/home/user/Projects/cx-aoffix2/tests/aoffix2.py", line 172, in client
    assert self.ready, self.logpath.read_text(errors='replace')[-2000:]
           ^^^^^^^^^^
AssertionError: 
*** FATAL CONFIG FILE ERROR (Redis 7.4.10) ***
Reading the configuration file, at line 11
>>> 'appendfilename "quote\"slash\\.aof"'
appendfilename can't be a path, just a filename

