topology: 1 L3 domain(s)
  domain  0: 8 cpus [112,113,114,115,116,117,118,119]
tomokv-cpp: 8 unified threads, 16 shard(s), thread-mode=1s, overlap=0 (executor prefetch; ordinary IO), io_uring, alloc=jemalloc, reorder=0, read-local=1
  thread t0: role=unified cpu=112 L3=0 shards=2 send=self
  thread t1: role=unified cpu=113 L3=0 shards=2 send=self
  thread t2: role=unified cpu=114 L3=0 shards=2 send=self
  thread t3: role=unified cpu=115 L3=0 shards=2 send=self
  thread t4: role=unified cpu=116 L3=0 shards=2 send=self
  thread t5: role=unified cpu=117 L3=0 shards=2 send=self
  thread t6: role=unified cpu=118 L3=0 shards=2 send=self
  thread t7: role=unified cpu=119 L3=0 shards=2 send=self
listening on 127.0.0.1:18179
persistence: enabled=0 posted=0 flushed=0 durable=0 refused=0 pending_chunks=0 producers_with_pending=0 drain_gave_up=0 failed=0

thread role          ops      iters   busy_ms   idle_ms    cpu_ms   wake_tx  wake_rx
t0     uni          4098       6182      17.2      97.4      24.7         0        0
io_tenure t0/0 busy_ns=17219885 idle_ns=97435500 entry_ns=2983798884773670 begin_ns=2983798884773700 end_ns=2983798999429085 exit_ns=2983798999429235 role_exit=0 stopped=1
t1     uni             0          3       0.0     114.6       0.5         0        0
io_tenure t1/0 busy_ns=45199 idle_ns=114611666 entry_ns=2983798884770599 begin_ns=2983798884770630 end_ns=2983798999427495 exit_ns=2983798999427635 role_exit=0 stopped=1
t2     uni             0          3       0.0     114.6       0.6         0        0
io_tenure t2/0 busy_ns=48780 idle_ns=114611706 entry_ns=2983798884769770 begin_ns=2983798884769799 end_ns=2983798999430285 exit_ns=2983798999430425 role_exit=0 stopped=1
t3     uni             0          3       0.1     114.6       0.6         0        0
io_tenure t3/0 busy_ns=50079 idle_ns=114609026 entry_ns=2983798884771450 begin_ns=2983798884771480 end_ns=2983798999430585 exit_ns=2983798999430715 role_exit=0 stopped=1
t4     uni             0          3       0.0     114.6       0.6         0        0
io_tenure t4/0 busy_ns=44819 idle_ns=114610336 entry_ns=2983798884771520 begin_ns=2983798884771550 end_ns=2983798999426705 exit_ns=2983798999426845 role_exit=0 stopped=1
t5     uni             0          3       0.0     114.6       0.6         0        0
io_tenure t5/0 busy_ns=30780 idle_ns=114621585 entry_ns=2983798884783720 begin_ns=2983798884783750 end_ns=2983798999436115 exit_ns=2983798999436155 role_exit=0 stopped=1
t6     uni             0          3       0.0     114.6       0.6         0        0
io_tenure t6/0 busy_ns=48259 idle_ns=114610136 entry_ns=2983798884768119 begin_ns=2983798884768150 end_ns=2983798999426545 exit_ns=2983798999426675 role_exit=0 stopped=1
t7     uni             0          3       0.0     114.6       0.6         0        0
io_tenure t7/0 busy_ns=42139 idle_ns=114610706 entry_ns=2983798884775530 begin_ns=2983798884775560 end_ns=2983798999428405 exit_ns=2983798999428585 role_exit=0 stopped=1
wb: retired=2059 direct=2048 sends=2059/2059 short=0 err=0 peer_aborts=0 bytes=76839 zc_sends=0 zc_bytes=0 zc_releases=0 serves=2059 empty=0
tls: accepts=0 handshakes=0/0 failed=0 freed=0 want_read=0 want_write=0 cipher_in=0 plain_in=0 cipher_out=0 plain_out=0 zc_suppressed=0 ktls_active=0 ktls_fallback=0
stuck: live_conns=0 rob_not_quiesced=0 unsent_bytes_pending=0 | slots done=0 issued=0 free=0 flag_set=0
shutdown: unified_work=4098 accepts=1 accept_err=0 rearm=0 sqe_starved=0 notify_drop=0
shutdown_report {"schema":1,"thread_mode":"1s","work":{"kind":"fused","unified":4098},"threads":[{"tid":0,"role":"fused","ops":4098,"iterations":6182,"busy_ns":17219885,"idle_ns":97435500,"cpu_ns":24652360,"wake_tx":0,"wake_rx":0,"io_tenures":[{"entry_ns":2983798884773670,"begin_ns":2983798884773700,"end_ns":2983798999429085,"exit_ns":2983798999429235,"busy_ns":17219885,"idle_ns":97435500,"role_exit":false,"stopped":true,"did_submit":0,"sweep_submit":0,"park":0}]},{"tid":1,"role":"fused","ops":0,"iterations":3,"busy_ns":45199,"idle_ns":114611666,"cpu_ns":543200,"wake_tx":0,"wake_rx":0,"io_tenures":[{"entry_ns":2983798884770599,"begin_ns":2983798884770630,"end_ns":2983798999427495,"exit_ns":2983798999427635,"busy_ns":45199,"idle_ns":114611666,"role_exit":false,"stopped":true,"did_submit":0,"sweep_submit":0,"park":0}]},{"tid":2,"role":"fused","ops":0,"iterations":3,"busy_ns":48780,"idle_ns":114611706,"cpu_ns":589370,"wake_tx":0,"wake_rx":0,"io_tenures":[{"entry_ns":2983798884769770,"begin_ns":2983798884769799,"end_ns":2983798999430285,"exit_ns":2983798999430425,"busy_ns":48780,"idle_ns":114611706,"role_exit":false,"stopped":true,"did_submit":0,"sweep_submit":0,"park":0}]},{"tid":3,"role":"fused","ops":0,"iterations":3,"busy_ns":50079,"idle_ns":114609026,"cpu_ns":586070,"wake_tx":0,"wake_rx":0,"io_tenures":[{"entry_ns":2983798884771450,"begin_ns":2983798884771480,"end_ns":2983798999430585,"exit_ns":2983798999430715,"busy_ns":50079,"idle_ns":114609026,"role_exit":false,"stopped":true,"did_submit":0,"sweep_submit":0,"park":0}]},{"tid":4,"role":"fused","ops":0,"iterations":3,"busy_ns":44819,"idle_ns":114610336,"cpu_ns":572920,"wake_tx":0,"wake_rx":0,"io_tenures":[{"entry_ns":2983798884771520,"begin_ns":2983798884771550,"end_ns":2983798999426705,"exit_ns":2983798999426845,"busy_ns":44819,"idle_ns":114610336,"role_exit":false,"stopped":true,"did_submit":0,"sweep_submit":0,"park":0}]},{"tid":5,"role":"fused","ops":0,"iterations":3,"busy_ns":30780,"idle_ns":114621585,"cpu_ns":600560,"wake_tx":0,"wake_rx":0,"io_tenures":[{"entry_ns":2983798884783720,"begin_ns":2983798884783750,"end_ns":2983798999436115,"exit_ns":2983798999436155,"busy_ns":30780,"idle_ns":114621585,"role_exit":false,"stopped":true,"did_submit":0,"sweep_submit":0,"park":0}]},{"tid":6,"role":"fused","ops":0,"iterations":3,"busy_ns":48259,"idle_ns":114610136,"cpu_ns":580460,"wake_tx":0,"wake_rx":0,"io_tenures":[{"entry_ns":2983798884768119,"begin_ns":2983798884768150,"end_ns":2983798999426545,"exit_ns":2983798999426675,"busy_ns":48259,"idle_ns":114610136,"role_exit":false,"stopped":true,"did_submit":0,"sweep_submit":0,"park":0}]},{"tid":7,"role":"fused","ops":0,"iterations":3,"busy_ns":42139,"idle_ns":114610706,"cpu_ns":560830,"wake_tx":0,"wake_rx":0,"io_tenures":[{"entry_ns":2983798884775530,"begin_ns":2983798884775560,"end_ns":2983798999428405,"exit_ns":2983798999428585,"busy_ns":42139,"idle_ns":114610706,"role_exit":false,"stopped":true,"did_submit":0,"sweep_submit":0,"park":0}]}],"wb":{"retired":2059,"direct":2048,"sends_completed":2059,"sends_submitted":2059,"short_writes":0,"send_errors":0,"peer_aborts":0,"bytes_sent":76839,"zc_sends":0,"zc_bytes":0,"zc_releases":0,"serves":2059,"serves_empty":0},"tls":{"accepts":0,"handshakes_completed":0,"handshakes_started":0,"handshakes_failed":0,"connections_freed":0,"want_read":0,"want_write":0,"ciphertext_input_bytes":0,"plaintext_input_bytes":0,"ciphertext_output_bytes":0,"plaintext_output_bytes":0,"zc_suppressed":0,"ktls_active":0,"ktls_fallback":0},"stuck":{"live_conns":0,"rob_not_quiesced":0,"unsent_bytes_pending":0,"slots_done":0,"slots_issued":0,"slots_free":0,"flag_set":0},"epoll":{"enabled":false,"events":0,"recvs":0},"persistence":{"enabled":false,"recording":false,"failed":false,"drain_gave_up":false,"posted":0,"flushed":0,"durable":0,"refused":0,"pending_chunks":0,"records_written":0,"producers_with_pending":0,"producers_stopped":0,"producers_expected":0,"completions_pending":0},"accept":{"accepts":1,"accept_err":0,"rearm":0,"sqe_starved":0,"notify_drop":0}}
